=====Setting up data=====
Dataset name:mnist28
train_option:synthetic
augment_option:tvae_pca_gmm
mix_ratio:-1
n_sample:-1
Training dataset size: 100096 samples
Validation dataset size: 6144 samples

=====Setting up parameters for training=====
num_epochs: 100
learning_rate: 0.001
patience: 30
early_stop_criterion: loss
=====Setting up trainer=====
input_size: 784
model: DNN_MNIST28
----------------------------------------------------------------
        Layer (type)               Output Shape         Param #
================================================================
           Dropout-1                  [-1, 784]               0
            Linear-2                  [-1, 512]         401,920
         LeakyReLU-3                  [-1, 512]               0
       BatchNorm1d-4                  [-1, 512]           1,024
           Dropout-5                  [-1, 512]               0
            Linear-6                 [-1, 1024]         525,312
         LeakyReLU-7                 [-1, 1024]               0
       BatchNorm1d-8                 [-1, 1024]           2,048
           Dropout-9                 [-1, 1024]               0
           Linear-10                  [-1, 256]         262,400
        LeakyReLU-11                  [-1, 256]               0
      BatchNorm1d-12                  [-1, 256]             512
          Dropout-13                  [-1, 256]               0
           Linear-14                  [-1, 128]          32,896
        LeakyReLU-15                  [-1, 128]               0
      BatchNorm1d-16                  [-1, 128]             256
          Dropout-17                  [-1, 128]               0
================================================================
Total params: 1,226,368
Trainable params: 1,226,368
Non-trainable params: 0
----------------------------------------------------------------
Input size (MB): 0.00
Forward/backward pass size (MB): 0.06
Params size (MB): 4.68
Estimated Total Size (MB): 4.75
----------------------------------------------------------------
=====Setting up output files=====
weight_dir, weight_file: /home/thuy/Research/minh_data_synth/TabularDA/output/corrected_v2_seed42_mnist28_news/mnist28/weight/, mnist28_seed42_tvae_xonly_pca_gmm_synthetic.weights.pth
acc_dir, acc_file: /home/thuy/Research/minh_data_synth/TabularDA/output/corrected_v2_seed42_mnist28_news/mnist28/acc/, mnist28_seed42_tvae_xonly_pca_gmm_synthetic.epochs.csv
report_file: mnist28_seed42_tvae_xonly_pca_gmm_synthetic.report.txt
==========================================================================================
Start training...
-----------------------
Epoch 1/100
/home/thuy/miniconda3/envs/env/lib/python3.10/site-packages/sklearn/metrics/_classification.py:2480: UserWarning: y_pred contains classes not in y_true
  warnings.warn("y_pred contains classes not in y_true")
/home/thuy/miniconda3/envs/env/lib/python3.10/site-packages/sklearn/metrics/_classification.py:2480: UserWarning: y_pred contains classes not in y_true
  warnings.warn("y_pred contains classes not in y_true")
Training statistic: Loss: 1.3660, train_score: {'accuracy': 0.90605, 'balanced_accuracy': 0.9065318663216182, 'f1_macro': 0.6043681307897021, 'f1_micro': 0.90605, 'f1_weighted': 0.9062413503697345, 'precision_macro': 0.6052548289674132, 'precision_micro': 0.90605, 'precision_weighted': 0.9076999549517354, 'recall_macro': 0.6043545775477455, 'recall_micro': 0.90605, 'recall_weighted': 0.90605}
Validation statistic: Loss: 1.2122, dev_score: {'accuracy': 0.8208188297696005, 'balanced_accuracy': 0.8161759528180443, 'f1_macro': 0.7431731925167725, 'f1_micro': 0.8208188297696005, 'f1_weighted': 0.8207335587996337, 'precision_macro': 0.7475158787148545, 'precision_micro': 0.8208188297696005, 'precision_weighted': 0.8240748663915024, 'recall_macro': 0.7419781389254948, 'recall_micro': 0.8208188297696005, 'recall_weighted': 0.8208188297696005}
Saving model...
Model saved!
-------------------------------------------
-----------------------
Epoch 2/100
/home/thuy/miniconda3/envs/env/lib/python3.10/site-packages/sklearn/metrics/_classification.py:2480: UserWarning: y_pred contains classes not in y_true
  warnings.warn("y_pred contains classes not in y_true")
/home/thuy/miniconda3/envs/env/lib/python3.10/site-packages/sklearn/metrics/_classification.py:2480: UserWarning: y_pred contains classes not in y_true
  warnings.warn("y_pred contains classes not in y_true")
Training statistic: Loss: 1.0753, train_score: {'accuracy': 0.92351, 'balanced_accuracy': 0.9240222480796387, 'f1_macro': 0.659893266791978, 'f1_micro': 0.92351, 'f1_weighted': 0.9236181989379293, 'precision_macro': 0.660330756229736, 'precision_micro': 0.92351, 'precision_weighted': 0.924522661530691, 'recall_macro': 0.6600158914854563, 'recall_micro': 0.92351, 'recall_weighted': 0.92351}
Validation statistic: Loss: 1.0382, dev_score: {'accuracy': 0.8252942151500083, 'balanced_accuracy': 0.8210686928978024, 'f1_macro': 0.7478062399629707, 'f1_micro': 0.8252942151500083, 'f1_weighted': 0.8258698498656631, 'precision_macro': 0.7521825507893186, 'precision_micro': 0.8252942151500083, 'precision_weighted': 0.8297010820221163, 'recall_macro': 0.7464260844525477, 'recall_micro': 0.8252942151500083, 'recall_weighted': 0.8252942151500083}
Saving model...
Model saved!
-------------------------------------------
-----------------------
Epoch 3/100
/home/thuy/miniconda3/envs/env/lib/python3.10/site-packages/sklearn/metrics/_classification.py:2480: UserWarning: y_pred contains classes not in y_true
  warnings.warn("y_pred contains classes not in y_true")
/home/thuy/miniconda3/envs/env/lib/python3.10/site-packages/sklearn/metrics/_classification.py:2480: UserWarning: y_pred contains classes not in y_true
  warnings.warn("y_pred contains classes not in y_true")
Training statistic: Loss: 0.9000, train_score: {'accuracy': 0.93367, 'balanced_accuracy': 0.9339115968954527, 'f1_macro': 0.7183284883610648, 'f1_micro': 0.93367, 'f1_weighted': 0.9336262183665208, 'precision_macro': 0.7186312143654692, 'precision_micro': 0.93367, 'precision_weighted': 0.9340441512279598, 'recall_macro': 0.7183935360734252, 'recall_micro': 0.93367, 'recall_weighted': 0.93367}
Validation statistic: Loss: 0.9379, dev_score: {'accuracy': 0.8274490303331675, 'balanced_accuracy': 0.8229927887643671, 'f1_macro': 0.7492895848732695, 'f1_micro': 0.8274490303331675, 'f1_weighted': 0.8269178904126563, 'precision_macro': 0.7529485907149677, 'precision_micro': 0.8274490303331675, 'precision_weighted': 0.8291834860340482, 'recall_macro': 0.748175262513061, 'recall_micro': 0.8274490303331675, 'recall_weighted': 0.8274490303331675}
Saving model...
Model saved!
-------------------------------------------
-----------------------
Epoch 4/100
/home/thuy/miniconda3/envs/env/lib/python3.10/site-packages/sklearn/metrics/_classification.py:2480: UserWarning: y_pred contains classes not in y_true
  warnings.warn("y_pred contains classes not in y_true")
Training statistic: Loss: 0.7719, train_score: {'accuracy': 0.93844, 'balanced_accuracy': 0.9395141853094463, 'f1_macro': 0.7821463288615126, 'f1_micro': 0.93844, 'f1_weighted': 0.938343190179116, 'precision_macro': 0.7817811901293471, 'precision_micro': 0.93844, 'precision_weighted': 0.9387512673968716, 'recall_macro': 0.7829284877578719, 'recall_micro': 0.93844, 'recall_weighted': 0.93844}
Validation statistic: Loss: 0.8698, dev_score: {'accuracy': 0.829769600530416, 'balanced_accuracy': 0.8253054120800684, 'f1_macro': 0.82590099692222, 'f1_micro': 0.829769600530416, 'f1_weighted': 0.8288938764892751, 'precision_macro': 0.8293754168897793, 'precision_micro': 0.829769600530416, 'precision_weighted': 0.8308257597029153, 'recall_macro': 0.8253054120800684, 'recall_micro': 0.829769600530416, 'recall_weighted': 0.829769600530416}
Saving model...
Model saved!
-------------------------------------------
-----------------------
Epoch 5/100
/home/thuy/miniconda3/envs/env/lib/python3.10/site-packages/sklearn/metrics/_classification.py:2480: UserWarning: y_pred contains classes not in y_true
  warnings.warn("y_pred contains classes not in y_true")
Training statistic: Loss: 0.6957, train_score: {'accuracy': 0.94333, 'balanced_accuracy': 0.9441120177704324, 'f1_macro': 0.8578597973075588, 'f1_micro': 0.94333, 'f1_weighted': 0.9433710232725089, 'precision_macro': 0.8580008912665726, 'precision_micro': 0.94333, 'precision_weighted': 0.9440325904542007, 'recall_macro': 0.8582836525185749, 'recall_micro': 0.94333, 'recall_weighted': 0.94333}
Validation statistic: Loss: 0.8210, dev_score: {'accuracy': 0.8319244157135753, 'balanced_accuracy': 0.8277469036482252, 'f1_macro': 0.828476962299139, 'f1_micro': 0.8319244157135753, 'f1_weighted': 0.8317233482902291, 'precision_macro': 0.8318678710949919, 'precision_micro': 0.8319244157135753, 'precision_weighted': 0.8341732915101693, 'recall_macro': 0.8277469036482252, 'recall_micro': 0.8319244157135753, 'recall_weighted': 0.8319244157135753}
Saving model...
Model saved!
-------------------------------------------
-----------------------
Epoch 6/100
Training statistic: Loss: 0.6251, train_score: {'accuracy': 0.94274, 'balanced_accuracy': 0.9439640030439005, 'f1_macro': 0.9427862950536052, 'f1_micro': 0.94274, 'f1_weighted': 0.9425890932601705, 'precision_macro': 0.942473711231606, 'precision_micro': 0.94274, 'precision_weighted': 0.9433207267423452, 'recall_macro': 0.9439640030439005, 'recall_micro': 0.94274, 'recall_weighted': 0.94274}
Validation statistic: Loss: 0.7947, dev_score: {'accuracy': 0.8302668655726836, 'balanced_accuracy': 0.8260495592275223, 'f1_macro': 0.8266049706328624, 'f1_micro': 0.8302668655726836, 'f1_weighted': 0.8294285117751751, 'precision_macro': 0.8311614843085392, 'precision_micro': 0.8302668655726836, 'precision_weighted': 0.8324727903716124, 'recall_macro': 0.8260495592275223, 'recall_micro': 0.8302668655726836, 'recall_weighted': 0.8302668655726836}
Saving model...
Model saved!
-------------------------------------------
-----------------------
Epoch 7/100
Training statistic: Loss: 0.5809, train_score: {'accuracy': 0.94568, 'balanced_accuracy': 0.9461907464383051, 'f1_macro': 0.9461068755208091, 'f1_micro': 0.94568, 'f1_weighted': 0.9457618935657044, 'precision_macro': 0.9463473691037165, 'precision_micro': 0.94568, 'precision_weighted': 0.9461738790228151, 'recall_macro': 0.9461907464383051, 'recall_micro': 0.94568, 'recall_weighted': 0.94568}
Validation statistic: Loss: 0.7649, dev_score: {'accuracy': 0.8301011105585944, 'balanced_accuracy': 0.8260948045862694, 'f1_macro': 0.8267947065985123, 'f1_micro': 0.8301011105585944, 'f1_weighted': 0.8296756403506655, 'precision_macro': 0.8294943782283613, 'precision_micro': 0.8301011105585944, 'precision_weighted': 0.8312359124001834, 'recall_macro': 0.8260948045862694, 'recall_micro': 0.8301011105585944, 'recall_weighted': 0.8301011105585944}
Saving model...
Model saved!
-------------------------------------------
-----------------------
Epoch 8/100
Training statistic: Loss: 0.5414, train_score: {'accuracy': 0.94583, 'balanced_accuracy': 0.9463122817279143, 'f1_macro': 0.9460486503293122, 'f1_micro': 0.94583, 'f1_weighted': 0.9458982150704588, 'precision_macro': 0.9466719206345571, 'precision_micro': 0.94583, 'precision_weighted': 0.9468511000650442, 'recall_macro': 0.9463122817279143, 'recall_micro': 0.94583, 'recall_weighted': 0.94583}
Validation statistic: Loss: 0.7381, dev_score: {'accuracy': 0.8322559257417537, 'balanced_accuracy': 0.8278378739616548, 'f1_macro': 0.8286790564885443, 'f1_micro': 0.8322559257417537, 'f1_weighted': 0.8320048584881036, 'precision_macro': 0.832707465970759, 'precision_micro': 0.8322559257417537, 'precision_weighted': 0.8349348029977085, 'recall_macro': 0.8278378739616548, 'recall_micro': 0.8322559257417537, 'recall_weighted': 0.8322559257417537}
Saving model...
Model saved!
-------------------------------------------
-----------------------
Epoch 9/100
Training statistic: Loss: 0.4892, train_score: {'accuracy': 0.95106, 'balanced_accuracy': 0.9517633232985204, 'f1_macro': 0.9512211786766664, 'f1_micro': 0.95106, 'f1_weighted': 0.9510458694034221, 'precision_macro': 0.9510696266584885, 'precision_micro': 0.95106, 'precision_weighted': 0.9514174021769918, 'recall_macro': 0.9517633232985204, 'recall_micro': 0.95106, 'recall_weighted': 0.95106}
Validation statistic: Loss: 0.7246, dev_score: {'accuracy': 0.8329189457981104, 'balanced_accuracy': 0.8288471082574324, 'f1_macro': 0.8298187950624776, 'f1_micro': 0.8329189457981104, 'f1_weighted': 0.8326389392970341, 'precision_macro': 0.833917249279412, 'precision_micro': 0.8329189457981104, 'precision_weighted': 0.8354358481356499, 'recall_macro': 0.8288471082574324, 'recall_micro': 0.8329189457981104, 'recall_weighted': 0.8329189457981104}
Saving model...
Model saved!
-------------------------------------------
-----------------------
Epoch 10/100
Training statistic: Loss: 0.4612, train_score: {'accuracy': 0.94868, 'balanced_accuracy': 0.9491018193771341, 'f1_macro': 0.9486965600021637, 'f1_micro': 0.94868, 'f1_weighted': 0.9486540428745623, 'precision_macro': 0.9490872883745018, 'precision_micro': 0.94868, 'precision_weighted': 0.9494094057892566, 'recall_macro': 0.9491018193771341, 'recall_micro': 0.94868, 'recall_weighted': 0.94868}
Validation statistic: Loss: 0.7174, dev_score: {'accuracy': 0.8296038455163268, 'balanced_accuracy': 0.8256215047272535, 'f1_macro': 0.8263428755669964, 'f1_micro': 0.8296038455163268, 'f1_weighted': 0.8293060758191956, 'precision_macro': 0.8302908725964231, 'precision_micro': 0.8296038455163268, 'precision_weighted': 0.832220209005482, 'recall_macro': 0.8256215047272535, 'recall_micro': 0.8296038455163268, 'recall_weighted': 0.8296038455163268}
Saving model...
Model saved!
-------------------------------------------
-----------------------
Epoch 11/100
Training statistic: Loss: 0.4232, train_score: {'accuracy': 0.95327, 'balanced_accuracy': 0.9539694820621142, 'f1_macro': 0.9533849680324806, 'f1_micro': 0.95327, 'f1_weighted': 0.9532972777701358, 'precision_macro': 0.9531992761338384, 'precision_micro': 0.95327, 'precision_weighted': 0.9537050973790742, 'recall_macro': 0.9539694820621142, 'recall_micro': 0.95327, 'recall_weighted': 0.95327}
Validation statistic: Loss: 0.6801, dev_score: {'accuracy': 0.8330847008121995, 'balanced_accuracy': 0.8292002450377225, 'f1_macro': 0.8296447416519783, 'f1_micro': 0.8330847008121995, 'f1_weighted': 0.8325304632278961, 'precision_macro': 0.8319341016224889, 'precision_micro': 0.8330847008121995, 'precision_weighted': 0.8338027884674564, 'recall_macro': 0.8292002450377225, 'recall_micro': 0.8330847008121995, 'recall_weighted': 0.8330847008121995}
Saving model...
Model saved!
-------------------------------------------
-----------------------
Epoch 12/100
Training statistic: Loss: 0.3935, train_score: {'accuracy': 0.95102, 'balanced_accuracy': 0.9518561816367266, 'f1_macro': 0.9514151032785847, 'f1_micro': 0.95102, 'f1_weighted': 0.9510144873778963, 'precision_macro': 0.9515809349421522, 'precision_micro': 0.95102, 'precision_weighted': 0.9516302848790074, 'recall_macro': 0.9518561816367266, 'recall_micro': 0.95102, 'recall_weighted': 0.95102}
Validation statistic: Loss: 0.6775, dev_score: {'accuracy': 0.8334162108403779, 'balanced_accuracy': 0.8293494149796586, 'f1_macro': 0.829795548397405, 'f1_micro': 0.8334162108403779, 'f1_weighted': 0.8328049192358755, 'precision_macro': 0.8329229412695719, 'precision_micro': 0.8334162108403779, 'precision_weighted': 0.8348029061975418, 'recall_macro': 0.8293494149796586, 'recall_micro': 0.8334162108403779, 'recall_weighted': 0.8334162108403779}
Saving model...
Model saved!
-------------------------------------------
-----------------------
Epoch 13/100
Training statistic: Loss: 0.3731, train_score: {'accuracy': 0.95218, 'balanced_accuracy': 0.952738808446566, 'f1_macro': 0.9523220898927722, 'f1_micro': 0.95218, 'f1_weighted': 0.9521356103031128, 'precision_macro': 0.952663096159642, 'precision_micro': 0.95218, 'precision_weighted': 0.9528538697458241, 'recall_macro': 0.952738808446566, 'recall_micro': 0.95218, 'recall_weighted': 0.95218}
Validation statistic: Loss: 0.6807, dev_score: {'accuracy': 0.8312613956572187, 'balanced_accuracy': 0.8268383913148387, 'f1_macro': 0.8275414900628268, 'f1_micro': 0.8312613956572187, 'f1_weighted': 0.8306871577598242, 'precision_macro': 0.8323137675406171, 'precision_micro': 0.8312613956572187, 'precision_weighted': 0.8341324247086144, 'recall_macro': 0.8268383913148387, 'recall_micro': 0.8312613956572187, 'recall_weighted': 0.8312613956572187}
-----------------------
Epoch 14/100
Training statistic: Loss: 0.3552, train_score: {'accuracy': 0.95556, 'balanced_accuracy': 0.9563488859967505, 'f1_macro': 0.9555278425534668, 'f1_micro': 0.95556, 'f1_weighted': 0.9554524817493957, 'precision_macro': 0.9553628105963063, 'precision_micro': 0.95556, 'precision_weighted': 0.9560308012887632, 'recall_macro': 0.9563488859967505, 'recall_micro': 0.95556, 'recall_weighted': 0.95556}
Validation statistic: Loss: 0.6689, dev_score: {'accuracy': 0.8320901707276646, 'balanced_accuracy': 0.8279607464578878, 'f1_macro': 0.8283847104108538, 'f1_micro': 0.8320901707276646, 'f1_weighted': 0.8314772879051577, 'precision_macro': 0.8325597141419872, 'precision_micro': 0.8320901707276646, 'precision_weighted': 0.8345276401125638, 'recall_macro': 0.8279607464578878, 'recall_micro': 0.8320901707276646, 'recall_weighted': 0.8320901707276646}
Saving model...
Model saved!
-------------------------------------------
-----------------------
Epoch 15/100
Training statistic: Loss: 0.3348, train_score: {'accuracy': 0.95871, 'balanced_accuracy': 0.9589781850419566, 'f1_macro': 0.9589170669145617, 'f1_micro': 0.95871, 'f1_weighted': 0.9586869987981824, 'precision_macro': 0.9589529668377439, 'precision_micro': 0.95871, 'precision_weighted': 0.958760239339363, 'recall_macro': 0.9589781850419566, 'recall_micro': 0.95871, 'recall_weighted': 0.95871}
Validation statistic: Loss: 0.6558, dev_score: {'accuracy': 0.8337477208685563, 'balanced_accuracy': 0.8294623260332346, 'f1_macro': 0.8300058763185856, 'f1_micro': 0.8337477208685563, 'f1_weighted': 0.8330296249664858, 'precision_macro': 0.8329040874969953, 'precision_micro': 0.8337477208685563, 'precision_weighted': 0.8346266848809908, 'recall_macro': 0.8294623260332346, 'recall_micro': 0.8337477208685563, 'recall_weighted': 0.8337477208685563}
Saving model...
Model saved!
-------------------------------------------
-----------------------
Epoch 16/100
Training statistic: Loss: 0.3192, train_score: {'accuracy': 0.95562, 'balanced_accuracy': 0.956191070975264, 'f1_macro': 0.9556542882225305, 'f1_micro': 0.95562, 'f1_weighted': 0.9555830764040185, 'precision_macro': 0.9558103024883305, 'precision_micro': 0.95562, 'precision_weighted': 0.956210958397036, 'recall_macro': 0.956191070975264, 'recall_micro': 0.95562, 'recall_weighted': 0.95562}
Validation statistic: Loss: 0.6543, dev_score: {'accuracy': 0.832587435769932, 'balanced_accuracy': 0.8283414444261421, 'f1_macro': 0.8291292730173115, 'f1_micro': 0.832587435769932, 'f1_weighted': 0.8321398167230954, 'precision_macro': 0.8330744287366938, 'precision_micro': 0.832587435769932, 'precision_weighted': 0.8348592905799669, 'recall_macro': 0.8283414444261421, 'recall_micro': 0.832587435769932, 'recall_weighted': 0.832587435769932}
Saving model...
Model saved!
-------------------------------------------
-----------------------
Epoch 17/100
Training statistic: Loss: 0.3051, train_score: {'accuracy': 0.96074, 'balanced_accuracy': 0.9613978907613582, 'f1_macro': 0.9608546633721078, 'f1_micro': 0.96074, 'f1_weighted': 0.9606827107002209, 'precision_macro': 0.9606043386185714, 'precision_micro': 0.96074, 'precision_weighted': 0.9609322607578658, 'recall_macro': 0.9613978907613582, 'recall_micro': 0.96074, 'recall_weighted': 0.96074}
Validation statistic: Loss: 0.6482, dev_score: {'accuracy': 0.8339134758826454, 'balanced_accuracy': 0.8295375037206666, 'f1_macro': 0.8302141075219627, 'f1_micro': 0.8339134758826454, 'f1_weighted': 0.8332202480694539, 'precision_macro': 0.8335079463010702, 'precision_micro': 0.8339134758826454, 'precision_weighted': 0.8350807498969379, 'recall_macro': 0.8295375037206666, 'recall_micro': 0.8339134758826454, 'recall_weighted': 0.8339134758826454}
Saving model...
Model saved!
-------------------------------------------
-----------------------
Epoch 18/100
Training statistic: Loss: 0.2973, train_score: {'accuracy': 0.95917, 'balanced_accuracy': 0.9598246562943735, 'f1_macro': 0.9591772603466928, 'f1_micro': 0.95917, 'f1_weighted': 0.9591173618067668, 'precision_macro': 0.9590936376626485, 'precision_micro': 0.95917, 'precision_weighted': 0.9596095711446163, 'recall_macro': 0.9598246562943735, 'recall_micro': 0.95917, 'recall_weighted': 0.95917}
Validation statistic: Loss: 0.6432, dev_score: {'accuracy': 0.8319244157135753, 'balanced_accuracy': 0.8272408482260009, 'f1_macro': 0.8279069098334109, 'f1_micro': 0.8319244157135753, 'f1_weighted': 0.8311666695556383, 'precision_macro': 0.8317472419301852, 'precision_micro': 0.8319244157135753, 'precision_weighted': 0.8334942259612497, 'recall_macro': 0.8272408482260009, 'recall_micro': 0.8319244157135753, 'recall_weighted': 0.8319244157135753}
Saving model...
Model saved!
-------------------------------------------
-----------------------
Epoch 19/100
Training statistic: Loss: 0.2925, train_score: {'accuracy': 0.95669, 'balanced_accuracy': 0.957846168292428, 'f1_macro': 0.9566817710880194, 'f1_micro': 0.95669, 'f1_weighted': 0.9566524128535493, 'precision_macro': 0.9563846727308085, 'precision_micro': 0.95669, 'precision_weighted': 0.9574686182162455, 'recall_macro': 0.957846168292428, 'recall_micro': 0.95669, 'recall_weighted': 0.95669}
Validation statistic: Loss: 0.6430, dev_score: {'accuracy': 0.8324216807558429, 'balanced_accuracy': 0.8282046254234009, 'f1_macro': 0.8286983918698709, 'f1_micro': 0.8324216807558429, 'f1_weighted': 0.8318201318669578, 'precision_macro': 0.8323760188969918, 'precision_micro': 0.8324216807558429, 'precision_weighted': 0.8343583549299051, 'recall_macro': 0.8282046254234009, 'recall_micro': 0.8324216807558429, 'recall_weighted': 0.8324216807558429}
Saving model...
Model saved!
-------------------------------------------
-----------------------
Epoch 20/100
Training statistic: Loss: 0.2791, train_score: {'accuracy': 0.96204, 'balanced_accuracy': 0.9624221096740133, 'f1_macro': 0.9621023532231069, 'f1_micro': 0.96204, 'f1_weighted': 0.9620072106252312, 'precision_macro': 0.9619478352914979, 'precision_micro': 0.96204, 'precision_weighted': 0.9621289298248723, 'recall_macro': 0.9624221096740133, 'recall_micro': 0.96204, 'recall_weighted': 0.96204}
Validation statistic: Loss: 0.6350, dev_score: {'accuracy': 0.8327531907840212, 'balanced_accuracy': 0.8286179497051563, 'f1_macro': 0.8292623350356314, 'f1_micro': 0.8327531907840212, 'f1_weighted': 0.8320910160529433, 'precision_macro': 0.8326069439214123, 'precision_micro': 0.8327531907840212, 'precision_weighted': 0.8341029756399454, 'recall_macro': 0.8286179497051563, 'recall_micro': 0.8327531907840212, 'recall_weighted': 0.8327531907840212}
Saving model...
Model saved!
-------------------------------------------
-----------------------
Epoch 21/100
Training statistic: Loss: 0.2647, train_score: {'accuracy': 0.96447, 'balanced_accuracy': 0.9648057381747577, 'f1_macro': 0.964504766579228, 'f1_micro': 0.96447, 'f1_weighted': 0.9644650568909631, 'precision_macro': 0.9644455931605936, 'precision_micro': 0.96447, 'precision_weighted': 0.9646969189481392, 'recall_macro': 0.9648057381747577, 'recall_micro': 0.96447, 'recall_weighted': 0.96447}
Validation statistic: Loss: 0.6397, dev_score: {'accuracy': 0.8329189457981104, 'balanced_accuracy': 0.8286699047941279, 'f1_macro': 0.829394663624632, 'f1_micro': 0.8329189457981104, 'f1_weighted': 0.8324525769843784, 'precision_macro': 0.8328647841653, 'precision_micro': 0.8329189457981104, 'precision_weighted': 0.8347091889939017, 'recall_macro': 0.8286699047941279, 'recall_micro': 0.8329189457981104, 'recall_weighted': 0.8329189457981104}
-----------------------
Epoch 22/100
Training statistic: Loss: 0.2615, train_score: {'accuracy': 0.9608, 'balanced_accuracy': 0.9611578189069612, 'f1_macro': 0.9607975728651386, 'f1_micro': 0.9608, 'f1_weighted': 0.9607387707857312, 'precision_macro': 0.9607809926458867, 'precision_micro': 0.9608, 'precision_weighted': 0.9610117216547023, 'recall_macro': 0.9611578189069612, 'recall_micro': 0.9608, 'recall_weighted': 0.9608}
Validation statistic: Loss: 0.6421, dev_score: {'accuracy': 0.8322559257417537, 'balanced_accuracy': 0.828107657737321, 'f1_macro': 0.8285379123325297, 'f1_micro': 0.8322559257417537, 'f1_weighted': 0.8316509448405189, 'precision_macro': 0.8320312729308833, 'precision_micro': 0.8322559257417537, 'precision_weighted': 0.8340669424858136, 'recall_macro': 0.828107657737321, 'recall_micro': 0.8322559257417537, 'recall_weighted': 0.8322559257417537}
-----------------------
Epoch 23/100
Training statistic: Loss: 0.2589, train_score: {'accuracy': 0.96336, 'balanced_accuracy': 0.9637705806780377, 'f1_macro': 0.9634483091991456, 'f1_micro': 0.96336, 'f1_weighted': 0.9633409860206962, 'precision_macro': 0.9633365145675612, 'precision_micro': 0.96336, 'precision_weighted': 0.9635168534505311, 'recall_macro': 0.9637705806780377, 'recall_micro': 0.96336, 'recall_weighted': 0.96336}
Validation statistic: Loss: 0.6309, dev_score: {'accuracy': 0.832587435769932, 'balanced_accuracy': 0.8281364436610916, 'f1_macro': 0.8287262312711883, 'f1_micro': 0.832587435769932, 'f1_weighted': 0.8318522021619967, 'precision_macro': 0.8317233968962897, 'precision_micro': 0.832587435769932, 'precision_weighted': 0.8334875333898125, 'recall_macro': 0.8281364436610916, 'recall_micro': 0.832587435769932, 'recall_weighted': 0.832587435769932}
Saving model...
Model saved!
-------------------------------------------
-----------------------
Epoch 24/100
Training statistic: Loss: 0.2514, train_score: {'accuracy': 0.96062, 'balanced_accuracy': 0.9618136528494485, 'f1_macro': 0.9606734213656564, 'f1_micro': 0.96062, 'f1_weighted': 0.9605388003855683, 'precision_macro': 0.960151813198239, 'precision_micro': 0.96062, 'precision_weighted': 0.961078133875432, 'recall_macro': 0.9618136528494485, 'recall_micro': 0.96062, 'recall_weighted': 0.96062}
Validation statistic: Loss: 0.6429, dev_score: {'accuracy': 0.8324216807558429, 'balanced_accuracy': 0.8282676785430617, 'f1_macro': 0.8286103398217721, 'f1_micro': 0.8324216807558429, 'f1_weighted': 0.831640317958768, 'precision_macro': 0.8324841908499826, 'precision_micro': 0.8324216807558429, 'precision_weighted': 0.8343141608535111, 'recall_macro': 0.8282676785430617, 'recall_micro': 0.8324216807558429, 'recall_weighted': 0.8324216807558429}
-----------------------
Epoch 25/100
Training statistic: Loss: 0.2465, train_score: {'accuracy': 0.96357, 'balanced_accuracy': 0.9637649811485727, 'f1_macro': 0.9635863003801965, 'f1_micro': 0.96357, 'f1_weighted': 0.9635322406495808, 'precision_macro': 0.9637688975368208, 'precision_micro': 0.96357, 'precision_weighted': 0.963852797653498, 'recall_macro': 0.9637649811485727, 'recall_micro': 0.96357, 'recall_weighted': 0.96357}
Validation statistic: Loss: 0.6397, dev_score: {'accuracy': 0.8309298856290402, 'balanced_accuracy': 0.8268715926994423, 'f1_macro': 0.8275182017160512, 'f1_micro': 0.8309298856290402, 'f1_weighted': 0.8305409643843168, 'precision_macro': 0.8311801791806964, 'precision_micro': 0.8309298856290402, 'precision_weighted': 0.8332032331461366, 'recall_macro': 0.8268715926994423, 'recall_micro': 0.8309298856290402, 'recall_weighted': 0.8309298856290402}
-----------------------
Epoch 26/100
Training statistic: Loss: 0.2427, train_score: {'accuracy': 0.96574, 'balanced_accuracy': 0.96585260039006, 'f1_macro': 0.9659885990158411, 'f1_micro': 0.96574, 'f1_weighted': 0.9657327229868168, 'precision_macro': 0.9662065312981094, 'precision_micro': 0.96574, 'precision_weighted': 0.9658069927761304, 'recall_macro': 0.96585260039006, 'recall_micro': 0.96574, 'recall_weighted': 0.96574}
Validation statistic: Loss: 0.6233, dev_score: {'accuracy': 0.8347422509530913, 'balanced_accuracy': 0.8306341660556826, 'f1_macro': 0.8312414081030474, 'f1_micro': 0.8347422509530913, 'f1_weighted': 0.8342779123409583, 'precision_macro': 0.8341170257021057, 'precision_micro': 0.8347422509530913, 'precision_weighted': 0.8360850832568176, 'recall_macro': 0.8306341660556826, 'recall_micro': 0.8347422509530913, 'recall_weighted': 0.8347422509530913}
Saving model...
Model saved!
-------------------------------------------
-----------------------
Epoch 27/100
Training statistic: Loss: 0.2373, train_score: {'accuracy': 0.96576, 'balanced_accuracy': 0.9663097278260299, 'f1_macro': 0.9657713656951422, 'f1_micro': 0.96576, 'f1_weighted': 0.9656682278410355, 'precision_macro': 0.9655439958584328, 'precision_micro': 0.96576, 'precision_weighted': 0.9658994481904213, 'recall_macro': 0.9663097278260299, 'recall_micro': 0.96576, 'recall_weighted': 0.96576}
Validation statistic: Loss: 0.6419, dev_score: {'accuracy': 0.8332504558262888, 'balanced_accuracy': 0.8289454814931432, 'f1_macro': 0.8295024251451061, 'f1_micro': 0.8332504558262888, 'f1_weighted': 0.8324918667465095, 'precision_macro': 0.8329346129183351, 'precision_micro': 0.8332504558262888, 'precision_weighted': 0.8345711672010178, 'recall_macro': 0.8289454814931432, 'recall_micro': 0.8332504558262888, 'recall_weighted': 0.8332504558262888}
-----------------------
Epoch 28/100
Training statistic: Loss: 0.2349, train_score: {'accuracy': 0.96595, 'balanced_accuracy': 0.9663558534696539, 'f1_macro': 0.9660820174751876, 'f1_micro': 0.96595, 'f1_weighted': 0.9659311861966134, 'precision_macro': 0.9661598478047739, 'precision_micro': 0.96595, 'precision_weighted': 0.9662735309922715, 'recall_macro': 0.9663558534696539, 'recall_micro': 0.96595, 'recall_weighted': 0.96595}
Validation statistic: Loss: 0.6407, dev_score: {'accuracy': 0.8330847008121995, 'balanced_accuracy': 0.8291877071349439, 'f1_macro': 0.8296623183765546, 'f1_micro': 0.8330847008121995, 'f1_weighted': 0.832585035257093, 'precision_macro': 0.8329063917649411, 'precision_micro': 0.8330847008121995, 'precision_weighted': 0.8348181623865683, 'recall_macro': 0.8291877071349439, 'recall_micro': 0.8330847008121995, 'recall_weighted': 0.8330847008121995}
-----------------------
Epoch 29/100
Training statistic: Loss: 0.2326, train_score: {'accuracy': 0.96856, 'balanced_accuracy': 0.9688262626733334, 'f1_macro': 0.968642508994875, 'f1_micro': 0.96856, 'f1_weighted': 0.968547519484898, 'precision_macro': 0.9685152388588827, 'precision_micro': 0.96856, 'precision_weighted': 0.9685933644907827, 'recall_macro': 0.9688262626733334, 'recall_micro': 0.96856, 'recall_weighted': 0.96856}
Validation statistic: Loss: 0.6397, dev_score: {'accuracy': 0.8317586606994861, 'balanced_accuracy': 0.8277548597606381, 'f1_macro': 0.8283832190232798, 'f1_micro': 0.8317586606994861, 'f1_weighted': 0.8313916183094048, 'precision_macro': 0.8313521842752462, 'precision_micro': 0.8317586606994861, 'precision_weighted': 0.8333566730448982, 'recall_macro': 0.8277548597606381, 'recall_micro': 0.8317586606994861, 'recall_weighted': 0.8317586606994861}
-----------------------
Epoch 30/100
Training statistic: Loss: 0.2309, train_score: {'accuracy': 0.96668, 'balanced_accuracy': 0.9671021151652995, 'f1_macro': 0.9667949937659823, 'f1_micro': 0.96668, 'f1_weighted': 0.9666768404807747, 'precision_macro': 0.9669569110995709, 'precision_micro': 0.96668, 'precision_weighted': 0.9671515301394887, 'recall_macro': 0.9671021151652995, 'recall_micro': 0.96668, 'recall_weighted': 0.96668}
Validation statistic: Loss: 0.6424, dev_score: {'accuracy': 0.8329189457981104, 'balanced_accuracy': 0.8285842310444496, 'f1_macro': 0.8292283294744408, 'f1_micro': 0.8329189457981104, 'f1_weighted': 0.8325040611611996, 'precision_macro': 0.8330906419151238, 'precision_micro': 0.8329189457981104, 'precision_weighted': 0.8352750645659691, 'recall_macro': 0.8285842310444496, 'recall_micro': 0.8329189457981104, 'recall_weighted': 0.8329189457981104}
-----------------------
Epoch 31/100
Training statistic: Loss: 0.2319, train_score: {'accuracy': 0.96689, 'balanced_accuracy': 0.9675421552956154, 'f1_macro': 0.9670953170220689, 'f1_micro': 0.96689, 'f1_weighted': 0.9668539626126063, 'precision_macro': 0.9670031624826173, 'precision_micro': 0.96689, 'precision_weighted': 0.9671731986617716, 'recall_macro': 0.9675421552956154, 'recall_micro': 0.96689, 'recall_weighted': 0.96689}
Validation statistic: Loss: 0.6323, dev_score: {'accuracy': 0.8304326205867727, 'balanced_accuracy': 0.8264006862680974, 'f1_macro': 0.8268512917701007, 'f1_micro': 0.8304326205867727, 'f1_weighted': 0.8297853874957182, 'precision_macro': 0.8303158626551339, 'precision_micro': 0.8304326205867727, 'precision_weighted': 0.832141359387617, 'recall_macro': 0.8264006862680974, 'recall_micro': 0.8304326205867727, 'recall_weighted': 0.8304326205867727}
-----------------------
Epoch 32/100
Training statistic: Loss: 0.2295, train_score: {'accuracy': 0.96738, 'balanced_accuracy': 0.9678862323459171, 'f1_macro': 0.9673797335619587, 'f1_micro': 0.96738, 'f1_weighted': 0.9673657345682105, 'precision_macro': 0.9671261589827695, 'precision_micro': 0.96738, 'precision_weighted': 0.9675976964796142, 'recall_macro': 0.9678862323459171, 'recall_micro': 0.96738, 'recall_weighted': 0.96738}
Validation statistic: Loss: 0.6391, dev_score: {'accuracy': 0.8317586606994861, 'balanced_accuracy': 0.8274612177944466, 'f1_macro': 0.8282309997574231, 'f1_micro': 0.8317586606994861, 'f1_weighted': 0.831249024443669, 'precision_macro': 0.8324343252934219, 'precision_micro': 0.8317586606994861, 'precision_weighted': 0.8341285588079715, 'recall_macro': 0.8274612177944466, 'recall_micro': 0.8317586606994861, 'recall_weighted': 0.8317586606994861}
-----------------------
Epoch 33/100
Training statistic: Loss: 0.2288, train_score: {'accuracy': 0.96567, 'balanced_accuracy': 0.9661774795499559, 'f1_macro': 0.9658354342161779, 'f1_micro': 0.96567, 'f1_weighted': 0.9656433982419439, 'precision_macro': 0.9659733816956004, 'precision_micro': 0.96567, 'precision_weighted': 0.9661096677287478, 'recall_macro': 0.9661774795499559, 'recall_micro': 0.96567, 'recall_weighted': 0.96567}
Validation statistic: Loss: 0.6468, dev_score: {'accuracy': 0.8301011105585944, 'balanced_accuracy': 0.8256419353978289, 'f1_macro': 0.8264987142428524, 'f1_micro': 0.8301011105585944, 'f1_weighted': 0.8295167766320362, 'precision_macro': 0.830952870715213, 'precision_micro': 0.8301011105585944, 'precision_weighted': 0.8325059351467183, 'recall_macro': 0.8256419353978289, 'recall_micro': 0.8301011105585944, 'recall_weighted': 0.8301011105585944}
-----------------------
Epoch 34/100
Training statistic: Loss: 0.2176, train_score: {'accuracy': 0.96903, 'balanced_accuracy': 0.969446034782103, 'f1_macro': 0.9690774157521054, 'f1_micro': 0.96903, 'f1_weighted': 0.9690018851111138, 'precision_macro': 0.96890507316988, 'precision_micro': 0.96903, 'precision_weighted': 0.9691617320885305, 'recall_macro': 0.969446034782103, 'recall_micro': 0.96903, 'recall_weighted': 0.96903}
Validation statistic: Loss: 0.6460, dev_score: {'accuracy': 0.8312613956572187, 'balanced_accuracy': 0.8267138533077014, 'f1_macro': 0.8273176513860854, 'f1_micro': 0.8312613956572187, 'f1_weighted': 0.8305576524934656, 'precision_macro': 0.8306270327557277, 'precision_micro': 0.8312613956572187, 'precision_weighted': 0.8325121713093182, 'recall_macro': 0.8267138533077014, 'recall_micro': 0.8312613956572187, 'recall_weighted': 0.8312613956572187}
-----------------------
Epoch 35/100
Training statistic: Loss: 0.2184, train_score: {'accuracy': 0.96995, 'balanced_accuracy': 0.970568434983458, 'f1_macro': 0.9700914242957952, 'f1_micro': 0.96995, 'f1_weighted': 0.969938842185982, 'precision_macro': 0.9699621033617761, 'precision_micro': 0.96995, 'precision_weighted': 0.970290184431589, 'recall_macro': 0.970568434983458, 'recall_micro': 0.96995, 'recall_weighted': 0.96995}
Validation statistic: Loss: 0.6410, dev_score: {'accuracy': 0.8317586606994861, 'balanced_accuracy': 0.8276738618735996, 'f1_macro': 0.8283138548481117, 'f1_micro': 0.8317586606994861, 'f1_weighted': 0.8313228148415546, 'precision_macro': 0.8318381508372186, 'precision_micro': 0.8317586606994861, 'precision_weighted': 0.8337182341991555, 'recall_macro': 0.8276738618735996, 'recall_micro': 0.8317586606994861, 'recall_weighted': 0.8317586606994861}
-----------------------
Epoch 36/100
Training statistic: Loss: 0.2147, train_score: {'accuracy': 0.9688, 'balanced_accuracy': 0.9693301747847647, 'f1_macro': 0.9688395604387967, 'f1_micro': 0.9688, 'f1_weighted': 0.9687663405830464, 'precision_macro': 0.9687709222022687, 'precision_micro': 0.9688, 'precision_weighted': 0.969154346223726, 'recall_macro': 0.9693301747847647, 'recall_micro': 0.9688, 'recall_weighted': 0.9688}
Validation statistic: Loss: 0.6500, dev_score: {'accuracy': 0.8314271506713078, 'balanced_accuracy': 0.8271203423439785, 'f1_macro': 0.8277926555100616, 'f1_micro': 0.8314271506713078, 'f1_weighted': 0.8308153217939843, 'precision_macro': 0.8319464664254941, 'precision_micro': 0.8314271506713078, 'precision_weighted': 0.8336380007377782, 'recall_macro': 0.8271203423439785, 'recall_micro': 0.8314271506713078, 'recall_weighted': 0.8314271506713078}
-----------------------
Epoch 37/100
Training statistic: Loss: 0.2128, train_score: {'accuracy': 0.96873, 'balanced_accuracy': 0.9691082611089143, 'f1_macro': 0.9688205243811794, 'f1_micro': 0.96873, 'f1_weighted': 0.9687014136349004, 'precision_macro': 0.9689728464560148, 'precision_micro': 0.96873, 'precision_weighted': 0.9691271480919479, 'recall_macro': 0.9691082611089143, 'recall_micro': 0.96873, 'recall_weighted': 0.96873}
Validation statistic: Loss: 0.6499, dev_score: {'accuracy': 0.831592905685397, 'balanced_accuracy': 0.8271025926493742, 'f1_macro': 0.8278649938853014, 'f1_micro': 0.831592905685397, 'f1_weighted': 0.8310289496535139, 'precision_macro': 0.8320498126208076, 'precision_micro': 0.831592905685397, 'precision_weighted': 0.8338293458960001, 'recall_macro': 0.8271025926493742, 'recall_micro': 0.831592905685397, 'recall_weighted': 0.831592905685397}
-----------------------
Epoch 38/100
Training statistic: Loss: 0.2116, train_score: {'accuracy': 0.97049, 'balanced_accuracy': 0.9708387213036614, 'f1_macro': 0.9704657882460935, 'f1_micro': 0.97049, 'f1_weighted': 0.9704638529266906, 'precision_macro': 0.9704252719930928, 'precision_micro': 0.97049, 'precision_weighted': 0.9707676818341654, 'recall_macro': 0.9708387213036614, 'recall_micro': 0.97049, 'recall_weighted': 0.97049}
Validation statistic: Loss: 0.6487, dev_score: {'accuracy': 0.8320901707276646, 'balanced_accuracy': 0.8278112775664521, 'f1_macro': 0.8285214083736495, 'f1_micro': 0.8320901707276646, 'f1_weighted': 0.8314887144844446, 'precision_macro': 0.832296273581339, 'precision_micro': 0.8320901707276646, 'precision_weighted': 0.8339247744059827, 'recall_macro': 0.8278112775664521, 'recall_micro': 0.8320901707276646, 'recall_weighted': 0.8320901707276646}
-----------------------
Epoch 39/100
Training statistic: Loss: 0.2116, train_score: {'accuracy': 0.96895, 'balanced_accuracy': 0.9695871334765671, 'f1_macro': 0.9691509467789985, 'f1_micro': 0.96895, 'f1_weighted': 0.9689479162894665, 'precision_macro': 0.9689422343226312, 'precision_micro': 0.96895, 'precision_weighted': 0.9691723300280259, 'recall_macro': 0.9695871334765671, 'recall_micro': 0.96895, 'recall_weighted': 0.96895}
Validation statistic: Loss: 0.6379, dev_score: {'accuracy': 0.8342449859108239, 'balanced_accuracy': 0.8303085573314488, 'f1_macro': 0.8306690957525603, 'f1_micro': 0.8342449859108239, 'f1_weighted': 0.8336666736394168, 'precision_macro': 0.8340577798265001, 'precision_micro': 0.8342449859108239, 'precision_weighted': 0.8361026867088189, 'recall_macro': 0.8303085573314488, 'recall_micro': 0.8342449859108239, 'recall_weighted': 0.8342449859108239}
-----------------------
Epoch 40/100
Training statistic: Loss: 0.2089, train_score: {'accuracy': 0.97149, 'balanced_accuracy': 0.9719611022362296, 'f1_macro': 0.9715124664267222, 'f1_micro': 0.97149, 'f1_weighted': 0.9714711512131741, 'precision_macro': 0.9713136434336886, 'precision_micro': 0.97149, 'precision_weighted': 0.971688884210461, 'recall_macro': 0.9719611022362296, 'recall_micro': 0.97149, 'recall_weighted': 0.97149}
Validation statistic: Loss: 0.6480, dev_score: {'accuracy': 0.8309298856290402, 'balanced_accuracy': 0.8266154870181304, 'f1_macro': 0.8271521231920517, 'f1_micro': 0.8309298856290402, 'f1_weighted': 0.8302611376262855, 'precision_macro': 0.8303512412973726, 'precision_micro': 0.8309298856290402, 'precision_weighted': 0.8322166041508454, 'recall_macro': 0.8266154870181304, 'recall_micro': 0.8309298856290402, 'recall_weighted': 0.8309298856290402}
-----------------------
Epoch 41/100
Training statistic: Loss: 0.2040, train_score: {'accuracy': 0.972, 'balanced_accuracy': 0.9720511655985794, 'f1_macro': 0.9720964123014542, 'f1_micro': 0.972, 'f1_weighted': 0.9719993661755177, 'precision_macro': 0.9723735097770282, 'precision_micro': 0.972, 'precision_weighted': 0.9722263279819069, 'recall_macro': 0.9720511655985794, 'recall_micro': 0.972, 'recall_weighted': 0.972}
Validation statistic: Loss: 0.6509, dev_score: {'accuracy': 0.832587435769932, 'balanced_accuracy': 0.8285786066382153, 'f1_macro': 0.8291504526308071, 'f1_micro': 0.832587435769932, 'f1_weighted': 0.8320247062025794, 'precision_macro': 0.8322551880232751, 'precision_micro': 0.832587435769932, 'precision_weighted': 0.8339746117066524, 'recall_macro': 0.8285786066382153, 'recall_micro': 0.832587435769932, 'recall_weighted': 0.832587435769932}
-----------------------
Epoch 42/100
Training statistic: Loss: 0.2012, train_score: {'accuracy': 0.97323, 'balanced_accuracy': 0.9736471054952158, 'f1_macro': 0.9733201226661613, 'f1_micro': 0.97323, 'f1_weighted': 0.9732272704959809, 'precision_macro': 0.9730881801915514, 'precision_micro': 0.97323, 'precision_weighted': 0.9733149622989893, 'recall_macro': 0.9736471054952158, 'recall_micro': 0.97323, 'recall_weighted': 0.97323}
Validation statistic: Loss: 0.6463, dev_score: {'accuracy': 0.832587435769932, 'balanced_accuracy': 0.8283112600754423, 'f1_macro': 0.8288405229610722, 'f1_micro': 0.832587435769932, 'f1_weighted': 0.8319839006699664, 'precision_macro': 0.8321263137547501, 'precision_micro': 0.832587435769932, 'precision_weighted': 0.8341025488131735, 'recall_macro': 0.8283112600754423, 'recall_micro': 0.832587435769932, 'recall_weighted': 0.832587435769932}
-----------------------
Epoch 43/100
Training statistic: Loss: 0.2070, train_score: {'accuracy': 0.96962, 'balanced_accuracy': 0.970026891668858, 'f1_macro': 0.9697760690327065, 'f1_micro': 0.96962, 'f1_weighted': 0.9696239435335468, 'precision_macro': 0.9698658050150281, 'precision_micro': 0.96962, 'precision_weighted': 0.9699665639954448, 'recall_macro': 0.970026891668858, 'recall_micro': 0.96962, 'recall_weighted': 0.96962}
Validation statistic: Loss: 0.6450, dev_score: {'accuracy': 0.8340792308967346, 'balanced_accuracy': 0.8300451522753546, 'f1_macro': 0.8305605530987119, 'f1_micro': 0.8340792308967346, 'f1_weighted': 0.8335724037062947, 'precision_macro': 0.8342468220605124, 'precision_micro': 0.8340792308967346, 'precision_weighted': 0.8362233014810224, 'recall_macro': 0.8300451522753546, 'recall_micro': 0.8340792308967346, 'recall_weighted': 0.8340792308967346}
-----------------------
Epoch 44/100
Training statistic: Loss: 0.2017, train_score: {'accuracy': 0.97095, 'balanced_accuracy': 0.9713046010222696, 'f1_macro': 0.9710230157253879, 'f1_micro': 0.97095, 'f1_weighted': 0.9709324496059902, 'precision_macro': 0.9710208726319427, 'precision_micro': 0.97095, 'precision_weighted': 0.9711954818887822, 'recall_macro': 0.9713046010222696, 'recall_micro': 0.97095, 'recall_weighted': 0.97095}
Validation statistic: Loss: 0.6549, dev_score: {'accuracy': 0.831592905685397, 'balanced_accuracy': 0.8273428543566765, 'f1_macro': 0.8280418690086483, 'f1_micro': 0.831592905685397, 'f1_weighted': 0.8311226233595538, 'precision_macro': 0.8323474944381803, 'precision_micro': 0.831592905685397, 'precision_weighted': 0.8342363114224407, 'recall_macro': 0.8273428543566765, 'recall_micro': 0.831592905685397, 'recall_weighted': 0.831592905685397}
-----------------------
Epoch 45/100
Training statistic: Loss: 0.1974, train_score: {'accuracy': 0.97418, 'balanced_accuracy': 0.9742003665406098, 'f1_macro': 0.9743508742012139, 'f1_micro': 0.97418, 'f1_weighted': 0.974194075224647, 'precision_macro': 0.9746293420710019, 'precision_micro': 0.97418, 'precision_weighted': 0.9743327201018132, 'recall_macro': 0.9742003665406098, 'recall_micro': 0.97418, 'recall_weighted': 0.97418}
Validation statistic: Loss: 0.6433, dev_score: {'accuracy': 0.8334162108403779, 'balanced_accuracy': 0.8294497522114815, 'f1_macro': 0.8299479603352218, 'f1_micro': 0.8334162108403779, 'f1_weighted': 0.8329990240443907, 'precision_macro': 0.8326569731251681, 'precision_micro': 0.8334162108403779, 'precision_weighted': 0.8347680504118088, 'recall_macro': 0.8294497522114815, 'recall_micro': 0.8334162108403779, 'recall_weighted': 0.8334162108403779}
-----------------------
Epoch 46/100
Training statistic: Loss: 0.1952, train_score: {'accuracy': 0.97438, 'balanced_accuracy': 0.9746202134993839, 'f1_macro': 0.9744587169508856, 'f1_micro': 0.97438, 'f1_weighted': 0.9743730834338364, 'precision_macro': 0.9743900920027546, 'precision_micro': 0.97438, 'precision_weighted': 0.9744583295483072, 'recall_macro': 0.9746202134993839, 'recall_micro': 0.97438, 'recall_weighted': 0.97438}
Validation statistic: Loss: 0.6544, dev_score: {'accuracy': 0.8335819658544671, 'balanced_accuracy': 0.8294796686517605, 'f1_macro': 0.8301184447409972, 'f1_micro': 0.8335819658544671, 'f1_weighted': 0.833114448342081, 'precision_macro': 0.8335641164412776, 'precision_micro': 0.8335819658544671, 'precision_weighted': 0.8354131024408705, 'recall_macro': 0.8294796686517605, 'recall_micro': 0.8335819658544671, 'recall_weighted': 0.8335819658544671}
-----------------------
Epoch 47/100
Training statistic: Loss: 0.2007, train_score: {'accuracy': 0.97012, 'balanced_accuracy': 0.9702638173736302, 'f1_macro': 0.9700647370641239, 'f1_micro': 0.97012, 'f1_weighted': 0.9700795629261069, 'precision_macro': 0.9704550565337275, 'precision_micro': 0.97012, 'precision_weighted': 0.9706237029678216, 'recall_macro': 0.9702638173736302, 'recall_micro': 0.97012, 'recall_weighted': 0.97012}
Validation statistic: Loss: 0.6649, dev_score: {'accuracy': 0.831592905685397, 'balanced_accuracy': 0.827212184988124, 'f1_macro': 0.8280682008591219, 'f1_micro': 0.831592905685397, 'f1_weighted': 0.831093616988032, 'precision_macro': 0.8324531094767392, 'precision_micro': 0.831592905685397, 'precision_weighted': 0.8340768763777997, 'recall_macro': 0.827212184988124, 'recall_micro': 0.831592905685397, 'recall_weighted': 0.831592905685397}
-----------------------
Epoch 48/100
Training statistic: Loss: 0.1934, train_score: {'accuracy': 0.97474, 'balanced_accuracy': 0.9749684126521414, 'f1_macro': 0.974679209649223, 'f1_micro': 0.97474, 'f1_weighted': 0.9747130838699719, 'precision_macro': 0.9745568806888129, 'precision_micro': 0.97474, 'precision_weighted': 0.9748453014225923, 'recall_macro': 0.9749684126521414, 'recall_micro': 0.97474, 'recall_weighted': 0.97474}
Validation statistic: Loss: 0.6604, dev_score: {'accuracy': 0.8307641306149511, 'balanced_accuracy': 0.8264340976767034, 'f1_macro': 0.8270412617487558, 'f1_micro': 0.8307641306149511, 'f1_weighted': 0.8300804773512533, 'precision_macro': 0.8307791002056988, 'precision_micro': 0.8307641306149511, 'precision_weighted': 0.8324741340196773, 'recall_macro': 0.8264340976767034, 'recall_micro': 0.8307641306149511, 'recall_weighted': 0.8307641306149511}
-----------------------
Epoch 49/100
Training statistic: Loss: 0.1985, train_score: {'accuracy': 0.97406, 'balanced_accuracy': 0.9744662327321743, 'f1_macro': 0.9741383117939598, 'f1_micro': 0.97406, 'f1_weighted': 0.9740365738810561, 'precision_macro': 0.9740693070333597, 'precision_micro': 0.97406, 'precision_weighted': 0.9742775103951068, 'recall_macro': 0.9744662327321743, 'recall_micro': 0.97406, 'recall_weighted': 0.97406}
Validation statistic: Loss: 0.6515, dev_score: {'accuracy': 0.8320901707276646, 'balanced_accuracy': 0.8277450393259527, 'f1_macro': 0.8282712356599846, 'f1_micro': 0.8320901707276646, 'f1_weighted': 0.8315179791525069, 'precision_macro': 0.8320332895844016, 'precision_micro': 0.8320901707276646, 'precision_weighted': 0.8341060314721144, 'recall_macro': 0.8277450393259527, 'recall_micro': 0.8320901707276646, 'recall_weighted': 0.8320901707276646}
-----------------------
Epoch 50/100
Training statistic: Loss: 0.1962, train_score: {'accuracy': 0.97342, 'balanced_accuracy': 0.9739324567056592, 'f1_macro': 0.9734387060700914, 'f1_micro': 0.97342, 'f1_weighted': 0.9734151030216108, 'precision_macro': 0.9732406944931251, 'precision_micro': 0.97342, 'precision_weighted': 0.9737047869325766, 'recall_macro': 0.9739324567056592, 'recall_micro': 0.97342, 'recall_weighted': 0.97342}
Validation statistic: Loss: 0.6533, dev_score: {'accuracy': 0.8320901707276646, 'balanced_accuracy': 0.8278121305473792, 'f1_macro': 0.8282843647145022, 'f1_micro': 0.8320901707276646, 'f1_weighted': 0.831465652699066, 'precision_macro': 0.8320949223678907, 'precision_micro': 0.8320901707276646, 'precision_weighted': 0.8341269934782957, 'recall_macro': 0.8278121305473792, 'recall_micro': 0.8320901707276646, 'recall_weighted': 0.8320901707276646}
-----------------------
Epoch 51/100
Training statistic: Loss: 0.1920, train_score: {'accuracy': 0.97423, 'balanced_accuracy': 0.9746835567704594, 'f1_macro': 0.9743808008858075, 'f1_micro': 0.97423, 'f1_weighted': 0.9742026270059825, 'precision_macro': 0.9743305152083515, 'precision_micro': 0.97423, 'precision_weighted': 0.9744399482184292, 'recall_macro': 0.9746835567704594, 'recall_micro': 0.97423, 'recall_weighted': 0.97423}
Validation statistic: Loss: 0.6616, dev_score: {'accuracy': 0.8314271506713078, 'balanced_accuracy': 0.8274117651576411, 'f1_macro': 0.8279582391289171, 'f1_micro': 0.8314271506713078, 'f1_weighted': 0.8309285495155957, 'precision_macro': 0.8318803340285937, 'precision_micro': 0.8314271506713078, 'precision_weighted': 0.8337336047689831, 'recall_macro': 0.8274117651576411, 'recall_micro': 0.8314271506713078, 'recall_weighted': 0.8314271506713078}
-----------------------
Epoch 52/100
Training statistic: Loss: 0.1943, train_score: {'accuracy': 0.97202, 'balanced_accuracy': 0.9722163360958384, 'f1_macro': 0.9721962537121825, 'f1_micro': 0.97202, 'f1_weighted': 0.9720409138708247, 'precision_macro': 0.972528434823403, 'precision_micro': 0.97202, 'precision_weighted': 0.9724111303607089, 'recall_macro': 0.9722163360958384, 'recall_micro': 0.97202, 'recall_weighted': 0.97202}
Validation statistic: Loss: 0.6565, dev_score: {'accuracy': 0.8327531907840212, 'balanced_accuracy': 0.8284217702254312, 'f1_macro': 0.8292183722567554, 'f1_micro': 0.8327531907840212, 'f1_weighted': 0.8323802152926805, 'precision_macro': 0.8334423987766126, 'precision_micro': 0.8327531907840212, 'precision_weighted': 0.8353888388562658, 'recall_macro': 0.8284217702254312, 'recall_micro': 0.8327531907840212, 'recall_weighted': 0.8327531907840212}
-----------------------
Epoch 53/100
Training statistic: Loss: 0.1867, train_score: {'accuracy': 0.97636, 'balanced_accuracy': 0.9767349808697308, 'f1_macro': 0.976435753649681, 'f1_micro': 0.97636, 'f1_weighted': 0.9763475051397514, 'precision_macro': 0.9763225606177443, 'precision_micro': 0.97636, 'precision_weighted': 0.9765247116625603, 'recall_macro': 0.9767349808697308, 'recall_micro': 0.97636, 'recall_weighted': 0.97636}
Validation statistic: Loss: 0.6545, dev_score: {'accuracy': 0.8329189457981104, 'balanced_accuracy': 0.8287919160281358, 'f1_macro': 0.8293213779480911, 'f1_micro': 0.8329189457981104, 'f1_weighted': 0.8323446968667826, 'precision_macro': 0.833083988153595, 'precision_micro': 0.8329189457981104, 'precision_weighted': 0.8349603534803044, 'recall_macro': 0.8287919160281358, 'recall_micro': 0.8329189457981104, 'recall_weighted': 0.8329189457981104}
-----------------------
Epoch 54/100
Training statistic: Loss: 0.1886, train_score: {'accuracy': 0.97624, 'balanced_accuracy': 0.9766336934848988, 'f1_macro': 0.9763071145006098, 'f1_micro': 0.97624, 'f1_weighted': 0.9762327885951589, 'precision_macro': 0.9760836115199092, 'precision_micro': 0.97624, 'precision_weighted': 0.9763327777045471, 'recall_macro': 0.9766336934848988, 'recall_micro': 0.97624, 'recall_weighted': 0.97624}
Validation statistic: Loss: 0.6540, dev_score: {'accuracy': 0.834410740924913, 'balanced_accuracy': 0.8302973720168954, 'f1_macro': 0.8308466431050509, 'f1_micro': 0.834410740924913, 'f1_weighted': 0.8338812552920352, 'precision_macro': 0.8339838420427338, 'precision_micro': 0.834410740924913, 'precision_weighted': 0.8358978286856098, 'recall_macro': 0.8302973720168954, 'recall_micro': 0.834410740924913, 'recall_weighted': 0.834410740924913}
-----------------------
Epoch 55/100
Training statistic: Loss: 0.1877, train_score: {'accuracy': 0.97726, 'balanced_accuracy': 0.9777022833676586, 'f1_macro': 0.9773737148306729, 'f1_micro': 0.97726, 'f1_weighted': 0.9772444717630275, 'precision_macro': 0.9771534614168825, 'precision_micro': 0.97726, 'precision_weighted': 0.9773430087390922, 'recall_macro': 0.9777022833676586, 'recall_micro': 0.97726, 'recall_weighted': 0.97726}
Validation statistic: Loss: 0.6595, dev_score: {'accuracy': 0.8335819658544671, 'balanced_accuracy': 0.8295414869109813, 'f1_macro': 0.8299667833802692, 'f1_micro': 0.8335819658544671, 'f1_weighted': 0.8329754420835376, 'precision_macro': 0.833350911895687, 'precision_micro': 0.8335819658544671, 'precision_weighted': 0.8352810043872995, 'recall_macro': 0.8295414869109813, 'recall_micro': 0.8335819658544671, 'recall_weighted': 0.8335819658544671}
-----------------------
Epoch 56/100
Training statistic: Loss: 0.1878, train_score: {'accuracy': 0.9764, 'balanced_accuracy': 0.9770077753480079, 'f1_macro': 0.9765063842317317, 'f1_micro': 0.9764, 'f1_weighted': 0.9763807613784801, 'precision_macro': 0.9762133428635084, 'precision_micro': 0.9764, 'precision_weighted': 0.976571834904694, 'recall_macro': 0.9770077753480079, 'recall_micro': 0.9764, 'recall_weighted': 0.9764}
Validation statistic: Loss: 0.6576, dev_score: {'accuracy': 0.8324216807558429, 'balanced_accuracy': 0.8282008014039786, 'f1_macro': 0.828916248595489, 'f1_micro': 0.8324216807558429, 'f1_weighted': 0.8320057226082456, 'precision_macro': 0.8327105894064616, 'precision_micro': 0.8324216807558429, 'precision_weighted': 0.8346406012188462, 'recall_macro': 0.8282008014039786, 'recall_micro': 0.8324216807558429, 'recall_weighted': 0.8324216807558429}
-----------------------
Epoch 57/100
Training statistic: Loss: 0.1885, train_score: {'accuracy': 0.97631, 'balanced_accuracy': 0.976488501698763, 'f1_macro': 0.9763520109631413, 'f1_micro': 0.97631, 'f1_weighted': 0.9762979833241683, 'precision_macro': 0.9764262238622046, 'precision_micro': 0.97631, 'precision_weighted': 0.9764908609684779, 'recall_macro': 0.976488501698763, 'recall_micro': 0.97631, 'recall_weighted': 0.97631}
Validation statistic: Loss: 0.6612, dev_score: {'accuracy': 0.8327531907840212, 'balanced_accuracy': 0.828460709791217, 'f1_macro': 0.8293227949590575, 'f1_micro': 0.8327531907840212, 'f1_weighted': 0.8323565686330479, 'precision_macro': 0.8333040493804139, 'precision_micro': 0.8327531907840212, 'precision_weighted': 0.8350425346525182, 'recall_macro': 0.828460709791217, 'recall_micro': 0.8327531907840212, 'recall_weighted': 0.8327531907840212}
Early stopping by loss triggered!
Testing statistic: loss: 0.6697282081049747, scores: {'accuracy': 0.8233566291907222, 'balanced_accuracy': 0.8223514465837344, 'f1_macro': 0.8225321514354521, 'f1_micro': 0.8233566291907222, 'f1_weighted': 0.823208243291198, 'precision_macro': 0.8248363940522653, 'precision_micro': 0.8233566291907222, 'precision_weighted': 0.8251484966760309, 'recall_macro': 0.8223514465837344, 'recall_micro': 0.8233566291907222, 'recall_weighted': 0.8233566291907222}
Finish training!
