=====Setting up data=====
Dataset name:covertype
train_option:mix
augment_option:compare_gaussian
mix_ratio:-1
n_sample:-1
Training dataset size: 614016 samples
Validation dataset size: 57216 samples

=====Setting up parameters for training=====
num_epochs: 100
learning_rate: 0.001
patience: 30
early_stop_criterion: loss
=====Setting up trainer=====
input_size: 98
model: DNN_Covertype
----------------------------------------------------------------
        Layer (type)               Output Shape         Param #
================================================================
            Linear-1                  [-1, 150]          14,850
              ReLU-2                  [-1, 150]               0
           Dropout-3                  [-1, 150]               0
            Linear-4                  [-1, 250]          37,750
              ReLU-5                  [-1, 250]               0
           Dropout-6                  [-1, 250]               0
            Linear-7                  [-1, 300]          75,300
              ReLU-8                  [-1, 300]               0
           Dropout-9                  [-1, 300]               0
           Linear-10                  [-1, 250]          75,250
             ReLU-11                  [-1, 250]               0
          Dropout-12                  [-1, 250]               0
           Linear-13                  [-1, 150]          37,650
             ReLU-14                  [-1, 150]               0
          Dropout-15                  [-1, 150]               0
           Linear-16                    [-1, 7]           1,057
================================================================
Total params: 241,857
Trainable params: 241,857
Non-trainable params: 0
----------------------------------------------------------------
Input size (MB): 0.00
Forward/backward pass size (MB): 0.03
Params size (MB): 0.92
Estimated Total Size (MB): 0.95
----------------------------------------------------------------
=====Setting up output files=====
weight_dir, weight_file: /home/thuy/Research/minh_data_synth/TabularDA/output/corrected_v2/covertype/weight/, covertype_seed42_ctgan_full_gaussian_mix.weights.pth
acc_dir, acc_file: /home/thuy/Research/minh_data_synth/TabularDA/output/corrected_v2/covertype/acc/, covertype_seed42_ctgan_full_gaussian_mix.epochs.csv
report_file: covertype_seed42_ctgan_full_gaussian_mix.report.txt
==========================================================================================
Start training...
-----------------------
Epoch 1/100
Training statistic: Loss: 4.9156, train_score: {'accuracy': 0.5168322444132781, 'balanced_accuracy': 0.6450830630980728, 'f1_macro': 0.46265497259476535, 'f1_micro': 0.5168322444132781, 'f1_weighted': 0.4617689300637838, 'precision_macro': 0.5006204072480424, 'precision_micro': 0.5168322444132781, 'precision_weighted': 0.6815612979618824, 'recall_macro': 0.6450830630980728, 'recall_micro': 0.5168322444132781, 'recall_weighted': 0.5168322444132781}
Validation statistic: Loss: 5.8378, dev_score: {'accuracy': 0.4321115216896377, 'balanced_accuracy': 0.5644438544680824, 'f1_macro': 0.3348979433809891, 'f1_micro': 0.4321115216896377, 'f1_weighted': 0.3808018021531423, 'precision_macro': 0.374821564745639, 'precision_micro': 0.4321115216896377, 'precision_weighted': 0.6637692766309155, 'recall_macro': 0.5644438544680824, 'recall_micro': 0.4321115216896377, 'recall_weighted': 0.4321115216896377}
Saving model...
Model saved!
-------------------------------------------
-----------------------
Epoch 2/100
Training statistic: Loss: 4.6978, train_score: {'accuracy': 0.5195199304133661, 'balanced_accuracy': 0.6453337280216633, 'f1_macro': 0.46477797329321796, 'f1_micro': 0.5195199304133661, 'f1_weighted': 0.4627078333926909, 'precision_macro': 0.5097788714383206, 'precision_micro': 0.5195199304133661, 'precision_weighted': 0.6865320466944643, 'recall_macro': 0.6453337280216633, 'recall_micro': 0.5195199304133661, 'recall_weighted': 0.5195199304133661}
Validation statistic: Loss: 5.5842, dev_score: {'accuracy': 0.43465088177089717, 'balanced_accuracy': 0.5639316039477712, 'f1_macro': 0.33564407827790915, 'f1_micro': 0.43465088177089717, 'f1_weighted': 0.38113521291992325, 'precision_macro': 0.3786600200383086, 'precision_micro': 0.43465088177089717, 'precision_weighted': 0.667219359065474, 'recall_macro': 0.5639316039477712, 'recall_micro': 0.43465088177089717, 'recall_weighted': 0.43465088177089717}
Saving model...
Model saved!
-------------------------------------------
-----------------------
Epoch 3/100
Training statistic: Loss: 5.3617, train_score: {'accuracy': 0.5188292765563738, 'balanced_accuracy': 0.6456122252731665, 'f1_macro': 0.46521722278851113, 'f1_micro': 0.5188292765563738, 'f1_weighted': 0.4626687252838673, 'precision_macro': 0.51133097686716, 'precision_micro': 0.5188292765563738, 'precision_weighted': 0.6863672220364718, 'recall_macro': 0.6456122252731665, 'recall_micro': 0.5188292765563738, 'recall_weighted': 0.5188292765563738}
Validation statistic: Loss: 6.3873, dev_score: {'accuracy': 0.4338628045042994, 'balanced_accuracy': 0.564642175162349, 'f1_macro': 0.3367111033087223, 'f1_micro': 0.4338628045042994, 'f1_weighted': 0.3812166340262576, 'precision_macro': 0.3795135497748223, 'precision_micro': 0.4338628045042994, 'precision_weighted': 0.6661134264739167, 'recall_macro': 0.564642175162349, 'recall_micro': 0.4338628045042994, 'recall_weighted': 0.4338628045042994}
-----------------------
Epoch 4/100
Training statistic: Loss: 4.7607, train_score: {'accuracy': 0.5198929486521662, 'balanced_accuracy': 0.6482096213128268, 'f1_macro': 0.46975181702895774, 'f1_micro': 0.5198929486521662, 'f1_weighted': 0.4636217223745643, 'precision_macro': 0.5109120842987148, 'precision_micro': 0.5198929486521662, 'precision_weighted': 0.6860081240841286, 'recall_macro': 0.6482096213128268, 'recall_micro': 0.5198929486521662, 'recall_weighted': 0.5198929486521662}
Validation statistic: Loss: 5.6404, dev_score: {'accuracy': 0.43549149752193483, 'balanced_accuracy': 0.5666244191619312, 'f1_macro': 0.34140949266523507, 'f1_micro': 0.43549149752193483, 'f1_weighted': 0.38249099170092593, 'precision_macro': 0.3894067486872363, 'precision_micro': 0.43549149752193483, 'precision_weighted': 0.6694303238693718, 'recall_macro': 0.5666244191619312, 'recall_micro': 0.43549149752193483, 'recall_weighted': 0.43549149752193483}
-----------------------
Epoch 5/100
Training statistic: Loss: 4.8863, train_score: {'accuracy': 0.5203132050085436, 'balanced_accuracy': 0.6490155702937557, 'f1_macro': 0.4698905175455345, 'f1_micro': 0.5203132050085436, 'f1_weighted': 0.4637848416806413, 'precision_macro': 0.5152455555928018, 'precision_micro': 0.5203132050085436, 'precision_weighted': 0.6867671380925501, 'recall_macro': 0.6490155702937557, 'recall_micro': 0.5203132050085436, 'recall_weighted': 0.5203132050085436}
Validation statistic: Loss: 5.8103, dev_score: {'accuracy': 0.43580672842857393, 'balanced_accuracy': 0.5675757641875451, 'f1_macro': 0.34012565473177986, 'f1_micro': 0.43580672842857393, 'f1_weighted': 0.3823130934152388, 'precision_macro': 0.3915726010090595, 'precision_micro': 0.43580672842857393, 'precision_weighted': 0.6686721634042265, 'recall_macro': 0.5675757641875451, 'recall_micro': 0.43580672842857393, 'recall_weighted': 0.43580672842857393}
-----------------------
Epoch 6/100
Training statistic: Loss: 5.3453, train_score: {'accuracy': 0.5206210672230991, 'balanced_accuracy': 0.6492525870854834, 'f1_macro': 0.4692210805165698, 'f1_micro': 0.5206210672230991, 'f1_weighted': 0.4641030329132231, 'precision_macro': 0.511112989136383, 'precision_micro': 0.5206210672230991, 'precision_weighted': 0.6862267025551844, 'recall_macro': 0.6492525870854834, 'recall_micro': 0.5206210672230991, 'recall_weighted': 0.5206210672230991}
Validation statistic: Loss: 6.3713, dev_score: {'accuracy': 0.43634962610111905, 'balanced_accuracy': 0.5670946689169608, 'f1_macro': 0.340293412048576, 'f1_micro': 0.43634962610111905, 'f1_weighted': 0.38329173057208615, 'precision_macro': 0.3872243059117947, 'precision_micro': 0.43634962610111905, 'precision_weighted': 0.6684042449564342, 'recall_macro': 0.5670946689169608, 'recall_micro': 0.43634962610111905, 'recall_weighted': 0.43634962610111905}
-----------------------
Epoch 7/100
Training statistic: Loss: 5.3173, train_score: {'accuracy': 0.5222157609164846, 'balanced_accuracy': 0.6506641200191139, 'f1_macro': 0.4743555575828206, 'f1_micro': 0.5222157609164846, 'f1_weighted': 0.46654895971281357, 'precision_macro': 0.5157902543402354, 'precision_micro': 0.5222157609164846, 'precision_weighted': 0.6866608356744008, 'recall_macro': 0.6506641200191139, 'recall_micro': 0.5222157609164846, 'recall_weighted': 0.5222157609164846}
Validation statistic: Loss: 6.3326, dev_score: {'accuracy': 0.43794329346246125, 'balanced_accuracy': 0.5703735280374831, 'f1_macro': 0.3465757216828867, 'f1_micro': 0.43794329346246125, 'f1_weighted': 0.3857005922187907, 'precision_macro': 0.39630044092156985, 'precision_micro': 0.43794329346246125, 'precision_weighted': 0.6698795522692297, 'recall_macro': 0.5703735280374831, 'recall_micro': 0.43794329346246125, 'recall_weighted': 0.43794329346246125}
-----------------------
Epoch 8/100
Training statistic: Loss: 5.3325, train_score: {'accuracy': 0.5196567580642797, 'balanced_accuracy': 0.650038823926603, 'f1_macro': 0.47078756224257867, 'f1_micro': 0.5196567580642797, 'f1_weighted': 0.4634722771454444, 'precision_macro': 0.5118955359460966, 'precision_micro': 0.5196567580642797, 'precision_weighted': 0.6854139076434861, 'recall_macro': 0.650038823926603, 'recall_micro': 0.5196567580642797, 'recall_weighted': 0.5196567580642797}
Validation statistic: Loss: 6.3488, dev_score: {'accuracy': 0.4344582406612844, 'balanced_accuracy': 0.566469688923981, 'f1_macro': 0.3408104162982564, 'f1_micro': 0.4344582406612844, 'f1_weighted': 0.38179502598895315, 'precision_macro': 0.38850655225948455, 'precision_micro': 0.4344582406612844, 'precision_weighted': 0.6655210144939544, 'recall_macro': 0.566469688923981, 'recall_micro': 0.4344582406612844, 'recall_weighted': 0.4344582406612844}
-----------------------
Epoch 9/100
Training statistic: Loss: 5.8345, train_score: {'accuracy': 0.5220691598619344, 'balanced_accuracy': 0.6527133068341321, 'f1_macro': 0.47434617502647125, 'f1_micro': 0.5220691598619344, 'f1_weighted': 0.4667567742648531, 'precision_macro': 0.5107906877369032, 'precision_micro': 0.5220691598619344, 'precision_weighted': 0.686950430183602, 'recall_macro': 0.6527133068341321, 'recall_micro': 0.5220691598619344, 'recall_weighted': 0.5220691598619344}
Validation statistic: Loss: 6.9631, dev_score: {'accuracy': 0.43761054972767555, 'balanced_accuracy': 0.5705582339500243, 'f1_macro': 0.3469799930350486, 'f1_micro': 0.43761054972767555, 'f1_weighted': 0.3862464143412549, 'precision_macro': 0.39349736065581065, 'precision_micro': 0.43761054972767555, 'precision_weighted': 0.669106000161966, 'recall_macro': 0.5705582339500243, 'recall_micro': 0.43761054972767555, 'recall_weighted': 0.43761054972767555}
-----------------------
Epoch 10/100
Training statistic: Loss: 5.6540, train_score: {'accuracy': 0.5214078262158521, 'balanced_accuracy': 0.6512566771506016, 'f1_macro': 0.4714127022510906, 'f1_micro': 0.5214078262158521, 'f1_weighted': 0.46543440072981523, 'precision_macro': 0.516141806798613, 'precision_micro': 0.5214078262158521, 'precision_weighted': 0.686597899643251, 'recall_macro': 0.6512566771506016, 'recall_micro': 0.5214078262158521, 'recall_weighted': 0.5214078262158521}
Validation statistic: Loss: 6.7425, dev_score: {'accuracy': 0.43654226721073186, 'balanced_accuracy': 0.5733455764233991, 'f1_macro': 0.3434461927796796, 'f1_micro': 0.43654226721073186, 'f1_weighted': 0.38389400822316017, 'precision_macro': 0.39184334197942366, 'precision_micro': 0.43654226721073186, 'precision_weighted': 0.668878767359622, 'recall_macro': 0.5733455764233991, 'recall_micro': 0.43654226721073186, 'recall_weighted': 0.43654226721073186}
-----------------------
Epoch 11/100
Training statistic: Loss: 5.6334, train_score: {'accuracy': 0.520577086906734, 'balanced_accuracy': 0.6498214062468713, 'f1_macro': 0.4716798887423142, 'f1_micro': 0.520577086906734, 'f1_weighted': 0.4636288030884111, 'precision_macro': 0.508131332150015, 'precision_micro': 0.520577086906734, 'precision_weighted': 0.6864677956022089, 'recall_macro': 0.6498214062468713, 'recall_micro': 0.520577086906734, 'recall_weighted': 0.520577086906734}
Validation statistic: Loss: 6.7061, dev_score: {'accuracy': 0.43652475438258526, 'balanced_accuracy': 0.5686098029049534, 'f1_macro': 0.34338829368247187, 'f1_micro': 0.43652475438258526, 'f1_weighted': 0.38286814756642285, 'precision_macro': 0.3867617546143723, 'precision_micro': 0.43652475438258526, 'precision_weighted': 0.6681514774055416, 'recall_macro': 0.5686098029049534, 'recall_micro': 0.43652475438258526, 'recall_weighted': 0.43652475438258526}
-----------------------
Epoch 12/100
Training statistic: Loss: 4.7984, train_score: {'accuracy': 0.5219078987019291, 'balanced_accuracy': 0.6501623056040479, 'f1_macro': 0.4719435313495938, 'f1_micro': 0.5219078987019291, 'f1_weighted': 0.46654275824879604, 'precision_macro': 0.5086560029991726, 'precision_micro': 0.5219078987019291, 'precision_weighted': 0.6848669221222794, 'recall_macro': 0.6501623056040479, 'recall_micro': 0.5219078987019291, 'recall_weighted': 0.5219078987019291}
Validation statistic: Loss: 5.6808, dev_score: {'accuracy': 0.4382935500253936, 'balanced_accuracy': 0.5707858963467523, 'f1_macro': 0.3453687158928246, 'f1_micro': 0.4382935500253936, 'f1_weighted': 0.38689024917697395, 'precision_macro': 0.3886506850163542, 'precision_micro': 0.4382935500253936, 'precision_weighted': 0.6655487777004778, 'recall_macro': 0.5707858963467523, 'recall_micro': 0.4382935500253936, 'recall_weighted': 0.4382935500253936}
-----------------------
Epoch 13/100
Training statistic: Loss: 5.8589, train_score: {'accuracy': 0.5206226961237053, 'balanced_accuracy': 0.6525768484086567, 'f1_macro': 0.4721658494261706, 'f1_micro': 0.5206226961237053, 'f1_weighted': 0.4661372299097828, 'precision_macro': 0.5132155873593328, 'precision_micro': 0.5206226961237053, 'precision_weighted': 0.6876995311373822, 'recall_macro': 0.6525768484086567, 'recall_micro': 0.5206226961237053, 'recall_weighted': 0.5206226961237053}
Validation statistic: Loss: 6.9761, dev_score: {'accuracy': 0.4355965744908145, 'balanced_accuracy': 0.5717431380806757, 'f1_macro': 0.34451805264726243, 'f1_micro': 0.4355965744908145, 'f1_weighted': 0.3852715313861829, 'precision_macro': 0.3931982720552573, 'precision_micro': 0.4355965744908145, 'precision_weighted': 0.6690037664837829, 'recall_macro': 0.5717431380806757, 'recall_micro': 0.4355965744908145, 'recall_weighted': 0.4355965744908145}
-----------------------
Epoch 14/100
Training statistic: Loss: 5.2981, train_score: {'accuracy': 0.5231621521686368, 'balanced_accuracy': 0.651920312329432, 'f1_macro': 0.473180032876397, 'f1_micro': 0.5231621521686368, 'f1_weighted': 0.46832403014397966, 'precision_macro': 0.5159577047970755, 'precision_micro': 0.5231621521686368, 'precision_weighted': 0.6860565169473245, 'recall_macro': 0.651920312329432, 'recall_micro': 0.5231621521686368, 'recall_weighted': 0.5231621521686368}
Validation statistic: Loss: 6.3276, dev_score: {'accuracy': 0.4391867042608711, 'balanced_accuracy': 0.5738391757079395, 'f1_macro': 0.3458141095753969, 'f1_micro': 0.4391867042608711, 'f1_weighted': 0.3881595226830831, 'precision_macro': 0.39633664078987385, 'precision_micro': 0.4391867042608711, 'precision_weighted': 0.6692799626809047, 'recall_macro': 0.5738391757079395, 'recall_micro': 0.4391867042608711, 'recall_weighted': 0.4391867042608711}
-----------------------
Epoch 15/100
Training statistic: Loss: 4.9063, train_score: {'accuracy': 0.5230921094425739, 'balanced_accuracy': 0.6537103279040649, 'f1_macro': 0.4727876887934747, 'f1_micro': 0.5230921094425739, 'f1_weighted': 0.46792557365402737, 'precision_macro': 0.5161240506445673, 'precision_micro': 0.5230921094425739, 'precision_weighted': 0.6883462243827267, 'recall_macro': 0.6537103279040649, 'recall_micro': 0.5230921094425739, 'recall_weighted': 0.5230921094425739}
Validation statistic: Loss: 5.8328, dev_score: {'accuracy': 0.43873137072905904, 'balanced_accuracy': 0.5777796553486109, 'f1_macro': 0.34562767587704385, 'f1_micro': 0.43873137072905904, 'f1_weighted': 0.3871753494478347, 'precision_macro': 0.3953595080962135, 'precision_micro': 0.43873137072905904, 'precision_weighted': 0.6718039826723866, 'recall_macro': 0.5777796553486109, 'recall_micro': 0.43873137072905904, 'recall_weighted': 0.43873137072905904}
-----------------------
Epoch 16/100
Training statistic: Loss: 5.7625, train_score: {'accuracy': 0.5224568382061895, 'balanced_accuracy': 0.651499010263552, 'f1_macro': 0.4756239780513421, 'f1_micro': 0.5224568382061895, 'f1_weighted': 0.4681981765559691, 'precision_macro': 0.5127535721839336, 'precision_micro': 0.5224568382061895, 'precision_weighted': 0.6807347215918567, 'recall_macro': 0.651499010263552, 'recall_micro': 0.5224568382061895, 'recall_weighted': 0.5224568382061895}
Validation statistic: Loss: 6.8693, dev_score: {'accuracy': 0.4391516786045779, 'balanced_accuracy': 0.5744642027691265, 'f1_macro': 0.3486812738678644, 'f1_micro': 0.4391516786045779, 'f1_weighted': 0.3885953895087476, 'precision_macro': 0.39491107891974303, 'precision_micro': 0.4391516786045779, 'precision_weighted': 0.6689225355622631, 'recall_macro': 0.5744642027691265, 'recall_micro': 0.4391516786045779, 'recall_weighted': 0.4391516786045779}
-----------------------
Epoch 17/100
Training statistic: Loss: 5.3377, train_score: {'accuracy': 0.5237127205735034, 'balanced_accuracy': 0.6557890818605953, 'f1_macro': 0.4778097822732038, 'f1_micro': 0.5237127205735034, 'f1_weighted': 0.4689434876235209, 'precision_macro': 0.5199487343666572, 'precision_micro': 0.5237127205735034, 'precision_weighted': 0.6884973442200029, 'recall_macro': 0.6557890818605953, 'recall_micro': 0.5237127205735034, 'recall_weighted': 0.5237127205735034}
Validation statistic: Loss: 6.3317, dev_score: {'accuracy': 0.43901157597940493, 'balanced_accuracy': 0.577984761991172, 'f1_macro': 0.3496683832560527, 'f1_micro': 0.43901157597940493, 'f1_weighted': 0.3879136874917098, 'precision_macro': 0.4006000517016823, 'precision_micro': 0.43901157597940493, 'precision_weighted': 0.6718409915801694, 'recall_macro': 0.577984761991172, 'recall_micro': 0.43901157597940493, 'recall_weighted': 0.43901157597940493}
-----------------------
Epoch 18/100
Training statistic: Loss: 4.8511, train_score: {'accuracy': 0.5229308482825686, 'balanced_accuracy': 0.6559355834335919, 'f1_macro': 0.47737791795594736, 'f1_micro': 0.5229308482825686, 'f1_weighted': 0.46734488235501576, 'precision_macro': 0.524281076072801, 'precision_micro': 0.5229308482825686, 'precision_weighted': 0.6901937323215059, 'recall_macro': 0.6559355834335919, 'recall_micro': 0.5229308482825686, 'recall_weighted': 0.5229308482825686}
Validation statistic: Loss: 5.7369, dev_score: {'accuracy': 0.4376981138684086, 'balanced_accuracy': 0.5760654144879929, 'f1_macro': 0.34921973781519217, 'f1_micro': 0.4376981138684086, 'f1_weighted': 0.38570456337253367, 'precision_macro': 0.40500718031062777, 'precision_micro': 0.4376981138684086, 'precision_weighted': 0.6723767611398939, 'recall_macro': 0.5760654144879929, 'recall_micro': 0.4376981138684086, 'recall_weighted': 0.4376981138684086}
-----------------------
Epoch 19/100
Training statistic: Loss: 4.7513, train_score: {'accuracy': 0.5249164781214215, 'balanced_accuracy': 0.6583684452363017, 'f1_macro': 0.48042933159092643, 'f1_micro': 0.5249164781214215, 'f1_weighted': 0.4716167256848724, 'precision_macro': 0.5244985274856467, 'precision_micro': 0.5249164781214215, 'precision_weighted': 0.6891822275673759, 'recall_macro': 0.6583684452363017, 'recall_micro': 0.5249164781214215, 'recall_weighted': 0.5249164781214215}
Validation statistic: Loss: 5.6543, dev_score: {'accuracy': 0.440290012434108, 'balanced_accuracy': 0.5796592801317131, 'f1_macro': 0.3524509839881567, 'f1_micro': 0.440290012434108, 'f1_weighted': 0.39105532208379956, 'precision_macro': 0.4059979496908341, 'precision_micro': 0.440290012434108, 'precision_weighted': 0.6719295687848593, 'recall_macro': 0.5796592801317131, 'recall_micro': 0.440290012434108, 'recall_weighted': 0.440290012434108}
-----------------------
Epoch 20/100
Training statistic: Loss: 4.4164, train_score: {'accuracy': 0.5258644982741798, 'balanced_accuracy': 0.6565056456426733, 'f1_macro': 0.4797291657615907, 'f1_micro': 0.5258644982741798, 'f1_weighted': 0.47057424631053, 'precision_macro': 0.5271499403746321, 'precision_micro': 0.5258644982741798, 'precision_weighted': 0.6870449740017507, 'recall_macro': 0.6565056456426733, 'recall_micro': 0.5258644982741798, 'recall_weighted': 0.5258644982741798}
Validation statistic: Loss: 5.2395, dev_score: {'accuracy': 0.44176108999842384, 'balanced_accuracy': 0.5782752896689388, 'f1_macro': 0.3506444988935285, 'f1_micro': 0.44176108999842384, 'f1_weighted': 0.38995150258166955, 'precision_macro': 0.4062622273204323, 'precision_micro': 0.44176108999842384, 'precision_weighted': 0.6702068984505469, 'recall_macro': 0.5782752896689388, 'recall_micro': 0.44176108999842384, 'recall_weighted': 0.44176108999842384}
Saving model...
Model saved!
-------------------------------------------
-----------------------
Epoch 21/100
Training statistic: Loss: 4.9562, train_score: {'accuracy': 0.5240727076074545, 'balanced_accuracy': 0.6549043264217079, 'f1_macro': 0.47862807704990606, 'f1_micro': 0.5240727076074545, 'f1_weighted': 0.468817709802442, 'precision_macro': 0.5227512524289779, 'precision_micro': 0.5240727076074545, 'precision_weighted': 0.689035472201978, 'recall_macro': 0.6549043264217079, 'recall_micro': 0.5240727076074545, 'recall_weighted': 0.5240727076074545}
Validation statistic: Loss: 5.8635, dev_score: {'accuracy': 0.43951944799565684, 'balanced_accuracy': 0.5767564670976622, 'f1_macro': 0.3504705082902291, 'f1_micro': 0.43951944799565684, 'f1_weighted': 0.38757219708370044, 'precision_macro': 0.4031409606362069, 'precision_micro': 0.43951944799565684, 'precision_weighted': 0.6720104617203138, 'recall_macro': 0.5767564670976622, 'recall_micro': 0.43951944799565684, 'recall_weighted': 0.43951944799565684}
-----------------------
Epoch 22/100
Training statistic: Loss: 4.8748, train_score: {'accuracy': 0.5237127205735034, 'balanced_accuracy': 0.6538828061940326, 'f1_macro': 0.4719252142097079, 'f1_micro': 0.5237127205735034, 'f1_weighted': 0.4683029173855463, 'precision_macro': 0.5197720039359359, 'precision_micro': 0.5237127205735034, 'precision_weighted': 0.6902261622879926, 'recall_macro': 0.6538828061940326, 'recall_micro': 0.5237127205735034, 'recall_weighted': 0.5237127205735034}
Validation statistic: Loss: 5.7598, dev_score: {'accuracy': 0.439466909511217, 'balanced_accuracy': 0.5745575314783409, 'f1_macro': 0.34475325481745445, 'f1_micro': 0.439466909511217, 'f1_weighted': 0.388035705947278, 'precision_macro': 0.3978413497594094, 'precision_micro': 0.439466909511217, 'precision_weighted': 0.6725441398322487, 'recall_macro': 0.5745575314783409, 'recall_micro': 0.439466909511217, 'recall_weighted': 0.439466909511217}
-----------------------
Epoch 23/100
Training statistic: Loss: 4.7025, train_score: {'accuracy': 0.5274184694524124, 'balanced_accuracy': 0.6603601522963268, 'f1_macro': 0.48322167104811103, 'f1_micro': 0.5274184694524124, 'f1_weighted': 0.47276676696159314, 'precision_macro': 0.5270868846367198, 'precision_micro': 0.5274184694524124, 'precision_weighted': 0.6935363435117883, 'recall_macro': 0.6603601522963268, 'recall_micro': 0.5274184694524124, 'recall_weighted': 0.5274184694524124}
Validation statistic: Loss: 5.5853, dev_score: {'accuracy': 0.4429519623123938, 'balanced_accuracy': 0.5824374079408423, 'f1_macro': 0.3551857151358278, 'f1_micro': 0.4429519623123938, 'f1_weighted': 0.391938347851245, 'precision_macro': 0.4092040356533215, 'precision_micro': 0.4429519623123938, 'precision_weighted': 0.6746286829166517, 'recall_macro': 0.5824374079408423, 'recall_micro': 0.4429519623123938, 'recall_weighted': 0.4429519623123938}
-----------------------
Epoch 24/100
Training statistic: Loss: 4.7612, train_score: {'accuracy': 0.5244359524426179, 'balanced_accuracy': 0.6590498507457482, 'f1_macro': 0.4800945386603021, 'f1_micro': 0.5244359524426179, 'f1_weighted': 0.46982856218504604, 'precision_macro': 0.5245747684719725, 'precision_micro': 0.5244359524426179, 'precision_weighted': 0.6907714030756543, 'recall_macro': 0.6590498507457482, 'recall_micro': 0.5244359524426179, 'recall_weighted': 0.5244359524426179}
Validation statistic: Loss: 5.6364, dev_score: {'accuracy': 0.4396245249645365, 'balanced_accuracy': 0.5799244412888755, 'f1_macro': 0.35099843137414816, 'f1_micro': 0.4396245249645365, 'f1_weighted': 0.3888461990218119, 'precision_macro': 0.4026367340733184, 'precision_micro': 0.4396245249645365, 'precision_weighted': 0.6703732645273068, 'recall_macro': 0.5799244412888755, 'recall_micro': 0.4396245249645365, 'recall_weighted': 0.4396245249645365}
-----------------------
Epoch 25/100
Training statistic: Loss: 5.2154, train_score: {'accuracy': 0.5247258967505062, 'balanced_accuracy': 0.6589667114735007, 'f1_macro': 0.4804187085934809, 'f1_micro': 0.5247258967505062, 'f1_weighted': 0.47045560999377667, 'precision_macro': 0.5249884982788389, 'precision_micro': 0.5247258967505062, 'precision_weighted': 0.6922875592542427, 'recall_macro': 0.6589667114735007, 'recall_micro': 0.5247258967505062, 'recall_weighted': 0.5247258967505062}
Validation statistic: Loss: 6.2035, dev_score: {'accuracy': 0.44062275616889374, 'balanced_accuracy': 0.5799675499520232, 'f1_macro': 0.3521441961229736, 'f1_micro': 0.44062275616889374, 'f1_weighted': 0.3900762027620765, 'precision_macro': 0.40553381876363204, 'precision_micro': 0.44062275616889374, 'precision_weighted': 0.6734468384745861, 'recall_macro': 0.5799675499520232, 'recall_micro': 0.44062275616889374, 'recall_weighted': 0.44062275616889374}
-----------------------
Epoch 26/100
Training statistic: Loss: 4.7635, train_score: {'accuracy': 0.5251885045226425, 'balanced_accuracy': 0.659929976916419, 'f1_macro': 0.480614115721719, 'f1_micro': 0.5251885045226425, 'f1_weighted': 0.4706289532517307, 'precision_macro': 0.5288165961360412, 'precision_micro': 0.5251885045226425, 'precision_weighted': 0.6915481078911049, 'recall_macro': 0.659929976916419, 'recall_micro': 0.5251885045226425, 'recall_weighted': 0.5251885045226425}
Validation statistic: Loss: 5.6425, dev_score: {'accuracy': 0.4407978844503599, 'balanced_accuracy': 0.5819258300558536, 'f1_macro': 0.35241275887713913, 'f1_micro': 0.4407978844503599, 'f1_weighted': 0.3903213470092067, 'precision_macro': 0.4092718342709539, 'precision_micro': 0.4407978844503599, 'precision_weighted': 0.6727470975335826, 'recall_macro': 0.5819258300558536, 'recall_micro': 0.4407978844503599, 'recall_weighted': 0.4407978844503599}
-----------------------
Epoch 27/100
Training statistic: Loss: 5.2311, train_score: {'accuracy': 0.5250305011638495, 'balanced_accuracy': 0.6602958235797602, 'f1_macro': 0.48061792883184606, 'f1_micro': 0.5250305011638495, 'f1_weighted': 0.471474344152557, 'precision_macro': 0.5274980372458479, 'precision_micro': 0.5250305011638495, 'precision_weighted': 0.6929983855425208, 'recall_macro': 0.6602958235797602, 'recall_micro': 0.5250305011638495, 'recall_weighted': 0.5250305011638495}
Validation statistic: Loss: 6.2061, dev_score: {'accuracy': 0.4407978844503599, 'balanced_accuracy': 0.5819235113599707, 'f1_macro': 0.3523886023362045, 'f1_micro': 0.4407978844503599, 'f1_weighted': 0.3915256085732089, 'precision_macro': 0.407743192790199, 'precision_micro': 0.4407978844503599, 'precision_weighted': 0.6747796899764346, 'recall_macro': 0.5819235113599707, 'recall_micro': 0.4407978844503599, 'recall_weighted': 0.4407978844503599}
-----------------------
Epoch 28/100
Training statistic: Loss: 4.9090, train_score: {'accuracy': 0.5260078415275178, 'balanced_accuracy': 0.6567612946325363, 'f1_macro': 0.4793950292289712, 'f1_micro': 0.5260078415275178, 'f1_weighted': 0.47234538432890644, 'precision_macro': 0.5247448430868313, 'precision_micro': 0.5260078415275178, 'precision_weighted': 0.6910161771002188, 'recall_macro': 0.6567612946325363, 'recall_micro': 0.5260078415275178, 'recall_weighted': 0.5260078415275178}
Validation statistic: Loss: 5.8085, dev_score: {'accuracy': 0.44288191099980734, 'balanced_accuracy': 0.5804171738730212, 'f1_macro': 0.3525214946356167, 'f1_micro': 0.44288191099980734, 'f1_weighted': 0.3929945642804462, 'precision_macro': 0.405104904655084, 'precision_micro': 0.44288191099980734, 'precision_weighted': 0.6738242229634823, 'recall_macro': 0.5804171738730212, 'recall_micro': 0.44288191099980734, 'recall_weighted': 0.44288191099980734}
-----------------------
Epoch 29/100
Training statistic: Loss: 5.1360, train_score: {'accuracy': 0.5244880772620135, 'balanced_accuracy': 0.6589999267199034, 'f1_macro': 0.4794891171147501, 'f1_micro': 0.5244880772620135, 'f1_weighted': 0.4694597425967728, 'precision_macro': 0.5267517494218589, 'precision_micro': 0.5244880772620135, 'precision_weighted': 0.6928441695612736, 'recall_macro': 0.6589999267199034, 'recall_micro': 0.5244880772620135, 'recall_weighted': 0.5244880772620135}
Validation statistic: Loss: 6.0837, dev_score: {'accuracy': 0.4391341657764312, 'balanced_accuracy': 0.5812571216334474, 'f1_macro': 0.34947766366588573, 'f1_micro': 0.4391341657764312, 'f1_weighted': 0.38767319008712825, 'precision_macro': 0.40249401629445336, 'precision_micro': 0.4391341657764312, 'precision_weighted': 0.67355014548711, 'recall_macro': 0.5812571216334474, 'recall_micro': 0.4391341657764312, 'recall_weighted': 0.4391341657764312}
-----------------------
Epoch 30/100
Training statistic: Loss: 5.0256, train_score: {'accuracy': 0.5257863110450863, 'balanced_accuracy': 0.6595339011017775, 'f1_macro': 0.47890044139036014, 'f1_micro': 0.5257863110450863, 'f1_weighted': 0.4714870237690425, 'precision_macro': 0.5253110365650534, 'precision_micro': 0.5257863110450863, 'precision_weighted': 0.6930615988332589, 'recall_macro': 0.6595339011017775, 'recall_micro': 0.5257863110450863, 'recall_weighted': 0.5257863110450863}
Validation statistic: Loss: 5.9477, dev_score: {'accuracy': 0.4407978844503599, 'balanced_accuracy': 0.5813976975710792, 'f1_macro': 0.34969083072732354, 'f1_micro': 0.4407978844503599, 'f1_weighted': 0.3903798320184805, 'precision_macro': 0.4010518338167421, 'precision_micro': 0.4407978844503599, 'precision_weighted': 0.6733569233543611, 'recall_macro': 0.5813976975710792, 'recall_micro': 0.4407978844503599, 'recall_weighted': 0.4407978844503599}
-----------------------
Epoch 31/100
Training statistic: Loss: 5.0622, train_score: {'accuracy': 0.524637936117776, 'balanced_accuracy': 0.6608109300982736, 'f1_macro': 0.4807190111297448, 'f1_micro': 0.524637936117776, 'f1_weighted': 0.4705272255826577, 'precision_macro': 0.5229789279996696, 'precision_micro': 0.524637936117776, 'precision_weighted': 0.6917322424782044, 'recall_macro': 0.6608109300982736, 'recall_micro': 0.524637936117776, 'recall_weighted': 0.524637936117776}
Validation statistic: Loss: 5.9881, dev_score: {'accuracy': 0.4399572686993223, 'balanced_accuracy': 0.5812469966565255, 'f1_macro': 0.35180284795066924, 'f1_micro': 0.4399572686993223, 'f1_weighted': 0.38994824377030957, 'precision_macro': 0.40235654008740357, 'precision_micro': 0.4399572686993223, 'precision_weighted': 0.6718834769239148, 'recall_macro': 0.5812469966565255, 'recall_micro': 0.4399572686993223, 'recall_weighted': 0.4399572686993223}
-----------------------
Epoch 32/100
Training statistic: Loss: 4.5444, train_score: {'accuracy': 0.5260729975517624, 'balanced_accuracy': 0.6606565446354874, 'f1_macro': 0.4825294512047214, 'f1_micro': 0.5260729975517624, 'f1_weighted': 0.47058691062533115, 'precision_macro': 0.5247289532717548, 'precision_micro': 0.5260729975517624, 'precision_weighted': 0.6923416340083185, 'recall_macro': 0.6606565446354874, 'recall_micro': 0.5260729975517624, 'recall_weighted': 0.5260729975517624}
Validation statistic: Loss: 5.3825, dev_score: {'accuracy': 0.44174357717027724, 'balanced_accuracy': 0.5832238554515641, 'f1_macro': 0.3549948813262408, 'f1_micro': 0.44174357717027724, 'f1_weighted': 0.38957292728402443, 'precision_macro': 0.40648970771486714, 'precision_micro': 0.44174357717027724, 'precision_weighted': 0.674633634507883, 'recall_macro': 0.5832238554515641, 'recall_micro': 0.44174357717027724, 'recall_weighted': 0.44174357717027724}
-----------------------
Epoch 33/100
Training statistic: Loss: 4.7420, train_score: {'accuracy': 0.5250386456668801, 'balanced_accuracy': 0.6609477570644186, 'f1_macro': 0.4818066158145016, 'f1_micro': 0.5250386456668801, 'f1_weighted': 0.4700697276554167, 'precision_macro': 0.5203214583295964, 'precision_micro': 0.5250386456668801, 'precision_weighted': 0.6916847204767506, 'recall_macro': 0.6609477570644186, 'recall_micro': 0.5250386456668801, 'recall_weighted': 0.5250386456668801}
Validation statistic: Loss: 5.6137, dev_score: {'accuracy': 0.4406928074814802, 'balanced_accuracy': 0.5826950391911687, 'f1_macro': 0.35395203533837033, 'f1_micro': 0.4406928074814802, 'f1_weighted': 0.38932559880986917, 'precision_macro': 0.4045328842069939, 'precision_micro': 0.4406928074814802, 'precision_weighted': 0.6737705233796065, 'recall_macro': 0.5826950391911687, 'recall_micro': 0.4406928074814802, 'recall_weighted': 0.4406928074814802}
-----------------------
Epoch 34/100
Training statistic: Loss: 4.8115, train_score: {'accuracy': 0.526340137251165, 'balanced_accuracy': 0.6622089768689065, 'f1_macro': 0.48205897810954307, 'f1_micro': 0.526340137251165, 'f1_weighted': 0.47157595187355134, 'precision_macro': 0.5233156537327892, 'precision_micro': 0.526340137251165, 'precision_weighted': 0.6920122321866825, 'recall_macro': 0.6622089768689065, 'recall_micro': 0.526340137251165, 'recall_weighted': 0.526340137251165}
Validation statistic: Loss: 5.6983, dev_score: {'accuracy': 0.44135829495105167, 'balanced_accuracy': 0.5853053824503005, 'f1_macro': 0.35343451788895797, 'f1_micro': 0.44135829495105167, 'f1_weighted': 0.3904118365359716, 'precision_macro': 0.40158513958974323, 'precision_micro': 0.44135829495105167, 'precision_weighted': 0.6728175942995767, 'recall_macro': 0.5853053824503005, 'recall_micro': 0.44135829495105167, 'recall_weighted': 0.44135829495105167}
-----------------------
Epoch 35/100
Training statistic: Loss: 5.4255, train_score: {'accuracy': 0.5259052207893327, 'balanced_accuracy': 0.6631739743635127, 'f1_macro': 0.4836206837015676, 'f1_micro': 0.5259052207893327, 'f1_weighted': 0.4709617459163318, 'precision_macro': 0.5298113876790566, 'precision_micro': 0.5259052207893327, 'precision_weighted': 0.6950017708948242, 'recall_macro': 0.6631739743635127, 'recall_micro': 0.5259052207893327, 'recall_weighted': 0.5259052207893327}
Validation statistic: Loss: 6.4019, dev_score: {'accuracy': 0.4410255512162659, 'balanced_accuracy': 0.5873395086987473, 'f1_macro': 0.3561187653005929, 'f1_micro': 0.4410255512162659, 'f1_weighted': 0.3897586091605105, 'precision_macro': 0.4102952514193777, 'precision_micro': 0.4410255512162659, 'precision_weighted': 0.6752507673247096, 'recall_macro': 0.5873395086987473, 'recall_micro': 0.4410255512162659, 'recall_weighted': 0.4410255512162659}
-----------------------
Epoch 36/100
Training statistic: Loss: 5.0664, train_score: {'accuracy': 0.5281351857191026, 'balanced_accuracy': 0.6625666559257167, 'f1_macro': 0.4859178874760081, 'f1_micro': 0.5281351857191026, 'f1_weighted': 0.47315935238301293, 'precision_macro': 0.5265298200219716, 'precision_micro': 0.5281351857191026, 'precision_weighted': 0.6931728996921974, 'recall_macro': 0.6625666559257167, 'recall_micro': 0.5281351857191026, 'recall_weighted': 0.5281351857191026}
Validation statistic: Loss: 5.9948, dev_score: {'accuracy': 0.4435123728130856, 'balanced_accuracy': 0.5843461119961529, 'f1_macro': 0.356956550287057, 'f1_micro': 0.4435123728130856, 'f1_weighted': 0.39208565978974275, 'precision_macro': 0.4083294994191156, 'precision_micro': 0.4435123728130856, 'precision_weighted': 0.6752036576092427, 'recall_macro': 0.5843461119961529, 'recall_micro': 0.4435123728130856, 'recall_weighted': 0.4435123728130856}
-----------------------
Epoch 37/100
Training statistic: Loss: 4.8453, train_score: {'accuracy': 0.5265714411372332, 'balanced_accuracy': 0.6646080100013261, 'f1_macro': 0.487374695002504, 'f1_micro': 0.5265714411372332, 'f1_weighted': 0.4713489723501506, 'precision_macro': 0.523520067161192, 'precision_micro': 0.5265714411372332, 'precision_weighted': 0.6923168671438744, 'recall_macro': 0.6646080100013261, 'recall_micro': 0.5265714411372332, 'recall_weighted': 0.5265714411372332}
Validation statistic: Loss: 5.7155, dev_score: {'accuracy': 0.44142834626363814, 'balanced_accuracy': 0.586546606801388, 'f1_macro': 0.35895365089593984, 'f1_micro': 0.44142834626363814, 'f1_weighted': 0.3899353028369125, 'precision_macro': 0.40764227247261353, 'precision_micro': 0.44142834626363814, 'precision_weighted': 0.6735946710031425, 'recall_macro': 0.586546606801388, 'recall_micro': 0.44142834626363814, 'recall_weighted': 0.44142834626363814}
-----------------------
Epoch 38/100
Training statistic: Loss: 4.8897, train_score: {'accuracy': 0.5261153489675213, 'balanced_accuracy': 0.6627853791215462, 'f1_macro': 0.48552711658837616, 'f1_micro': 0.5261153489675213, 'f1_weighted': 0.470302166839414, 'precision_macro': 0.526777791045789, 'precision_micro': 0.5261153489675213, 'precision_weighted': 0.691971116175427, 'recall_macro': 0.6627853791215462, 'recall_micro': 0.5261153489675213, 'recall_weighted': 0.5261153489675213}
Validation statistic: Loss: 5.7762, dev_score: {'accuracy': 0.44135829495105167, 'balanced_accuracy': 0.5861439100220347, 'f1_macro': 0.35719964240204644, 'f1_micro': 0.44135829495105167, 'f1_weighted': 0.38864980784807696, 'precision_macro': 0.4098071068401698, 'precision_micro': 0.44135829495105167, 'precision_weighted': 0.6739414124762712, 'recall_macro': 0.5861439100220347, 'recall_micro': 0.44135829495105167, 'recall_weighted': 0.44135829495105167}
-----------------------
Epoch 39/100
Training statistic: Loss: 4.4887, train_score: {'accuracy': 0.5273956648439269, 'balanced_accuracy': 0.662478395701072, 'f1_macro': 0.485372200422647, 'f1_micro': 0.5273956648439269, 'f1_weighted': 0.4718524419473306, 'precision_macro': 0.5307144885512194, 'precision_micro': 0.5273956648439269, 'precision_weighted': 0.6941609362798467, 'recall_macro': 0.662478395701072, 'recall_micro': 0.5273956648439269, 'recall_weighted': 0.5273956648439269}
Validation statistic: Loss: 5.3121, dev_score: {'accuracy': 0.44256668009316824, 'balanced_accuracy': 0.585938062797533, 'f1_macro': 0.35654222043634476, 'f1_micro': 0.44256668009316824, 'f1_weighted': 0.3905324007579117, 'precision_macro': 0.410965006781157, 'precision_micro': 0.44256668009316824, 'precision_weighted': 0.6746354328906399, 'recall_macro': 0.585938062797533, 'recall_micro': 0.44256668009316824, 'recall_weighted': 0.44256668009316824}
-----------------------
Epoch 40/100
Training statistic: Loss: 5.0544, train_score: {'accuracy': 0.527110607237857, 'balanced_accuracy': 0.6605016960237753, 'f1_macro': 0.48390523591771767, 'f1_micro': 0.527110607237857, 'f1_weighted': 0.4707440681272194, 'precision_macro': 0.5312066629933435, 'precision_micro': 0.527110607237857, 'precision_weighted': 0.6946144627687316, 'recall_macro': 0.6605016960237753, 'recall_micro': 0.527110607237857, 'recall_weighted': 0.527110607237857}
Validation statistic: Loss: 5.9831, dev_score: {'accuracy': 0.4414108334354915, 'balanced_accuracy': 0.5822352164241203, 'f1_macro': 0.3536533018576205, 'f1_micro': 0.4414108334354915, 'f1_weighted': 0.3880592264019714, 'precision_macro': 0.40676439642512013, 'precision_micro': 0.4414108334354915, 'precision_weighted': 0.6744247115218762, 'recall_macro': 0.5822352164241203, 'recall_micro': 0.4414108334354915, 'recall_weighted': 0.4414108334354915}
-----------------------
Epoch 41/100
Training statistic: Loss: 4.8335, train_score: {'accuracy': 0.5269297992705783, 'balanced_accuracy': 0.6637461868327195, 'f1_macro': 0.4843613967954618, 'f1_micro': 0.5269297992705783, 'f1_weighted': 0.47284597950842006, 'precision_macro': 0.5270008099185934, 'precision_micro': 0.5269297992705783, 'precision_weighted': 0.6941274528359468, 'recall_macro': 0.6637461868327195, 'recall_micro': 0.5269297992705783, 'recall_weighted': 0.5269297992705783}
Validation statistic: Loss: 5.7170, dev_score: {'accuracy': 0.44223393635838254, 'balanced_accuracy': 0.5901898858161186, 'f1_macro': 0.3583794266637103, 'f1_micro': 0.44223393635838254, 'f1_weighted': 0.3921542621341781, 'precision_macro': 0.40945153936545375, 'precision_micro': 0.44223393635838254, 'precision_weighted': 0.6748254236473509, 'recall_macro': 0.5901898858161186, 'recall_micro': 0.44223393635838254, 'recall_weighted': 0.44223393635838254}
-----------------------
Epoch 42/100
Training statistic: Loss: 4.6961, train_score: {'accuracy': 0.5275748439105994, 'balanced_accuracy': 0.6664886487374458, 'f1_macro': 0.4884446786763208, 'f1_micro': 0.5275748439105994, 'f1_weighted': 0.473292840490892, 'precision_macro': 0.5294130817380621, 'precision_micro': 0.5275748439105994, 'precision_weighted': 0.695578518475305, 'recall_macro': 0.6664886487374458, 'recall_micro': 0.5275748439105994, 'recall_weighted': 0.5275748439105994}
Validation statistic: Loss: 5.5536, dev_score: {'accuracy': 0.4426367314057547, 'balanced_accuracy': 0.5887798504805747, 'f1_macro': 0.36063190821357843, 'f1_micro': 0.4426367314057547, 'f1_weighted': 0.39203615733399, 'precision_macro': 0.4137833303112191, 'precision_micro': 0.4426367314057547, 'precision_weighted': 0.6765484994484822, 'recall_macro': 0.5887798504805747, 'recall_micro': 0.4426367314057547, 'recall_weighted': 0.4426367314057547}
-----------------------
Epoch 43/100
Training statistic: Loss: 4.8799, train_score: {'accuracy': 0.5245972136026232, 'balanced_accuracy': 0.6619824799425057, 'f1_macro': 0.4805266930802232, 'f1_micro': 0.5245972136026232, 'f1_weighted': 0.4683996675654393, 'precision_macro': 0.5305806072934164, 'precision_micro': 0.5245972136026232, 'precision_weighted': 0.6945641915656174, 'recall_macro': 0.6619824799425057, 'recall_micro': 0.5245972136026232, 'recall_weighted': 0.5245972136026232}
Validation statistic: Loss: 5.8024, dev_score: {'accuracy': 0.43925675557345756, 'balanced_accuracy': 0.5859197790463663, 'f1_macro': 0.3514781512270512, 'f1_micro': 0.43925675557345756, 'f1_weighted': 0.38639956315595914, 'precision_macro': 0.40751374012720615, 'precision_micro': 0.43925675557345756, 'precision_weighted': 0.6736209680035036, 'recall_macro': 0.5859197790463663, 'recall_micro': 0.43925675557345756, 'recall_weighted': 0.43925675557345756}
-----------------------
Epoch 44/100
Training statistic: Loss: 4.6496, train_score: {'accuracy': 0.5280179048754624, 'balanced_accuracy': 0.6633015269114643, 'f1_macro': 0.4847574938848494, 'f1_micro': 0.5280179048754624, 'f1_weighted': 0.4730870197823532, 'precision_macro': 0.5314683503069981, 'precision_micro': 0.5280179048754624, 'precision_weighted': 0.6948534129637404, 'recall_macro': 0.6633015269114643, 'recall_micro': 0.5280179048754624, 'recall_weighted': 0.5280179048754624}
Validation statistic: Loss: 5.5169, dev_score: {'accuracy': 0.4437925780634315, 'balanced_accuracy': 0.5882248205195475, 'f1_macro': 0.35595218129950174, 'f1_micro': 0.4437925780634315, 'f1_weighted': 0.3926045181486232, 'precision_macro': 0.41156534465614303, 'precision_micro': 0.4437925780634315, 'precision_weighted': 0.6761940316169186, 'recall_macro': 0.5882248205195475, 'recall_micro': 0.4437925780634315, 'recall_weighted': 0.4437925780634315}
-----------------------
Epoch 45/100
Training statistic: Loss: 4.5337, train_score: {'accuracy': 0.5292754161433824, 'balanced_accuracy': 0.6639542397953166, 'f1_macro': 0.48816352115502676, 'f1_micro': 0.5292754161433824, 'f1_weighted': 0.4739156207003083, 'precision_macro': 0.5280025823039585, 'precision_micro': 0.5292754161433824, 'precision_weighted': 0.6936364815907062, 'recall_macro': 0.6639542397953166, 'recall_micro': 0.5292754161433824, 'recall_weighted': 0.5292754161433824}
Validation statistic: Loss: 5.3715, dev_score: {'accuracy': 0.44496593754925484, 'balanced_accuracy': 0.5872229381179086, 'f1_macro': 0.359909347204936, 'f1_micro': 0.44496593754925484, 'f1_weighted': 0.3929898223718881, 'precision_macro': 0.4119498441750543, 'precision_micro': 0.44496593754925484, 'precision_weighted': 0.6746875543008476, 'recall_macro': 0.5872229381179086, 'recall_micro': 0.44496593754925484, 'recall_weighted': 0.44496593754925484}
-----------------------
Epoch 46/100
Training statistic: Loss: 4.3472, train_score: {'accuracy': 0.527568328308175, 'balanced_accuracy': 0.6634685018951657, 'f1_macro': 0.48619893070022446, 'f1_micro': 0.527568328308175, 'f1_weighted': 0.47243409067286735, 'precision_macro': 0.5262900652243984, 'precision_micro': 0.527568328308175, 'precision_weighted': 0.6935353546973343, 'recall_macro': 0.6634685018951657, 'recall_micro': 0.527568328308175, 'recall_weighted': 0.527568328308175}
Validation statistic: Loss: 5.1594, dev_score: {'accuracy': 0.4427067827183412, 'balanced_accuracy': 0.5865683264558189, 'f1_macro': 0.3577101937818818, 'f1_micro': 0.4427067827183412, 'f1_weighted': 0.39066108444564307, 'precision_macro': 0.4095625675407483, 'precision_micro': 0.4427067827183412, 'precision_weighted': 0.6744966746264462, 'recall_macro': 0.5865683264558189, 'recall_micro': 0.4427067827183412, 'recall_weighted': 0.4427067827183412}
Saving model...
Model saved!
-------------------------------------------
-----------------------
Epoch 47/100
Training statistic: Loss: 4.8667, train_score: {'accuracy': 0.5282540954633489, 'balanced_accuracy': 0.6635718426765349, 'f1_macro': 0.4822729453875566, 'f1_micro': 0.5282540954633489, 'f1_weighted': 0.47404824383533445, 'precision_macro': 0.5272340430651848, 'precision_micro': 0.5282540954633489, 'precision_weighted': 0.6949840282701603, 'recall_macro': 0.6635718426765349, 'recall_micro': 0.5282540954633489, 'recall_weighted': 0.5282540954633489}
Validation statistic: Loss: 5.7774, dev_score: {'accuracy': 0.4434598343286457, 'balanced_accuracy': 0.5868098826120278, 'f1_macro': 0.35292732960030915, 'f1_micro': 0.4434598343286457, 'f1_weighted': 0.39268642569347306, 'precision_macro': 0.3997516585649028, 'precision_micro': 0.4434598343286457, 'precision_weighted': 0.6726170488973541, 'recall_macro': 0.5868098826120278, 'recall_micro': 0.4434598343286457, 'recall_weighted': 0.4434598343286457}
-----------------------
Epoch 48/100
Training statistic: Loss: 4.8469, train_score: {'accuracy': 0.5274591919675653, 'balanced_accuracy': 0.6599181546760994, 'f1_macro': 0.4830812735481003, 'f1_micro': 0.5274591919675653, 'f1_weighted': 0.47208019103742943, 'precision_macro': 0.5273838298431267, 'precision_micro': 0.5274591919675653, 'precision_weighted': 0.6943315937576583, 'recall_macro': 0.6599181546760994, 'recall_micro': 0.5274591919675653, 'recall_weighted': 0.5274591919675653}
Validation statistic: Loss: 5.7584, dev_score: {'accuracy': 0.4415509360606644, 'balanced_accuracy': 0.5829073049067254, 'f1_macro': 0.35370929869460427, 'f1_micro': 0.4415509360606644, 'f1_weighted': 0.38970641932092964, 'precision_macro': 0.4025721964867148, 'precision_micro': 0.4415509360606644, 'precision_weighted': 0.6733254805238174, 'recall_macro': 0.5829073049067254, 'recall_micro': 0.4415509360606644, 'recall_weighted': 0.4415509360606644}
-----------------------
Epoch 49/100
Training statistic: Loss: 4.9173, train_score: {'accuracy': 0.5273370244221068, 'balanced_accuracy': 0.6646869182209907, 'f1_macro': 0.4865379038811727, 'f1_micro': 0.5273370244221068, 'f1_weighted': 0.4729859986672957, 'precision_macro': 0.5315083894341726, 'precision_micro': 0.5273370244221068, 'precision_weighted': 0.6946452870079377, 'recall_macro': 0.6646869182209907, 'recall_micro': 0.5273370244221068, 'recall_weighted': 0.5273370244221068}
Validation statistic: Loss: 5.8245, dev_score: {'accuracy': 0.4421463722176494, 'balanced_accuracy': 0.5895940866183865, 'f1_macro': 0.3591521945080851, 'f1_micro': 0.4421463722176494, 'f1_weighted': 0.3914477465933445, 'precision_macro': 0.4131718500061724, 'precision_micro': 0.4421463722176494, 'precision_weighted': 0.6750145079073292, 'recall_macro': 0.5895940866183865, 'recall_micro': 0.4421463722176494, 'recall_weighted': 0.4421463722176494}
-----------------------
Epoch 50/100
Training statistic: Loss: 4.4533, train_score: {'accuracy': 0.5295230090355116, 'balanced_accuracy': 0.6596467647227653, 'f1_macro': 0.48463512330226843, 'f1_micro': 0.5295230090355116, 'f1_weighted': 0.4741396255803814, 'precision_macro': 0.532981846436953, 'precision_micro': 0.5295230090355116, 'precision_weighted': 0.6946948335732356, 'recall_macro': 0.6596467647227653, 'recall_micro': 0.5295230090355116, 'recall_weighted': 0.5295230090355116}
Validation statistic: Loss: 5.2723, dev_score: {'accuracy': 0.4446331938144691, 'balanced_accuracy': 0.5835854985447992, 'f1_macro': 0.35533971361798505, 'f1_micro': 0.4446331938144691, 'f1_weighted': 0.3921568849723839, 'precision_macro': 0.4087966509599226, 'precision_micro': 0.4446331938144691, 'precision_weighted': 0.6757315720462002, 'recall_macro': 0.5835854985447992, 'recall_micro': 0.4446331938144691, 'recall_weighted': 0.4446331938144691}
-----------------------
Epoch 51/100
Training statistic: Loss: 4.5548, train_score: {'accuracy': 0.5294822865203588, 'balanced_accuracy': 0.6675233267251828, 'f1_macro': 0.4920669155993804, 'f1_micro': 0.5294822865203588, 'f1_weighted': 0.4757284270905203, 'precision_macro': 0.5302142777676201, 'precision_micro': 0.5294822865203588, 'precision_weighted': 0.6946693179932055, 'recall_macro': 0.6675233267251828, 'recall_micro': 0.5294822865203588, 'recall_weighted': 0.5294822865203588}
Validation statistic: Loss: 5.3898, dev_score: {'accuracy': 0.4446507066426157, 'balanced_accuracy': 0.5893564463060905, 'f1_macro': 0.36315306196316205, 'f1_micro': 0.4446507066426157, 'f1_weighted': 0.3941604091092083, 'precision_macro': 0.4127034735267083, 'precision_micro': 0.4446507066426157, 'precision_weighted': 0.6763114023556517, 'recall_macro': 0.5893564463060905, 'recall_micro': 0.4446507066426157, 'recall_weighted': 0.4446507066426157}
-----------------------
Epoch 52/100
Training statistic: Loss: 4.5082, train_score: {'accuracy': 0.5299448942924951, 'balanced_accuracy': 0.6682515822800789, 'f1_macro': 0.4915189792763894, 'f1_micro': 0.5299448942924951, 'f1_weighted': 0.4748261202222021, 'precision_macro': 0.5334255780200664, 'precision_micro': 0.5299448942924951, 'precision_weighted': 0.6968819199417543, 'recall_macro': 0.6682515822800789, 'recall_micro': 0.5299448942924951, 'recall_weighted': 0.5299448942924951}
Validation statistic: Loss: 5.3287, dev_score: {'accuracy': 0.4457189891595594, 'balanced_accuracy': 0.5929525516903265, 'f1_macro': 0.36422906099852626, 'f1_micro': 0.4457189891595594, 'f1_weighted': 0.39412780568404826, 'precision_macro': 0.4175003606760827, 'precision_micro': 0.4457189891595594, 'precision_weighted': 0.6775446054853616, 'recall_macro': 0.5929525516903265, 'recall_micro': 0.4457189891595594, 'recall_weighted': 0.4457189891595594}
-----------------------
Epoch 53/100
Training statistic: Loss: 4.7367, train_score: {'accuracy': 0.5284609658403254, 'balanced_accuracy': 0.6680078961006389, 'f1_macro': 0.48762805270345205, 'f1_micro': 0.5284609658403254, 'f1_weighted': 0.47352648324135616, 'precision_macro': 0.5365798839060973, 'precision_micro': 0.5284609658403254, 'precision_weighted': 0.6961749031441428, 'recall_macro': 0.6680078961006389, 'recall_micro': 0.5284609658403254, 'recall_weighted': 0.5284609658403254}
Validation statistic: Loss: 5.6067, dev_score: {'accuracy': 0.4429519623123938, 'balanced_accuracy': 0.5934559154095318, 'f1_macro': 0.35740001080870637, 'f1_micro': 0.4429519623123938, 'f1_weighted': 0.3911928078588442, 'precision_macro': 0.4141271940672472, 'precision_micro': 0.4429519623123938, 'precision_weighted': 0.6759086976901775, 'recall_macro': 0.5934559154095318, 'recall_micro': 0.4429519623123938, 'recall_weighted': 0.4429519623123938}
-----------------------
Epoch 54/100
Training statistic: Loss: 4.8031, train_score: {'accuracy': 0.5296810123943048, 'balanced_accuracy': 0.668790994639734, 'f1_macro': 0.49165283618042616, 'f1_micro': 0.5296810123943048, 'f1_weighted': 0.47497785026127376, 'precision_macro': 0.5322755386515339, 'precision_micro': 0.5296810123943048, 'precision_weighted': 0.6954987376594287, 'recall_macro': 0.668790994639734, 'recall_micro': 0.5296810123943048, 'recall_weighted': 0.5296810123943048}
Validation statistic: Loss: 5.6965, dev_score: {'accuracy': 0.44398521917304423, 'balanced_accuracy': 0.5913068404728884, 'f1_macro': 0.36199555749292117, 'f1_micro': 0.44398521917304423, 'f1_weighted': 0.3927746344230984, 'precision_macro': 0.4150113515924479, 'precision_micro': 0.44398521917304423, 'precision_weighted': 0.6752770702381686, 'recall_macro': 0.5913068404728884, 'recall_micro': 0.44398521917304423, 'recall_weighted': 0.44398521917304423}
-----------------------
Epoch 55/100
Training statistic: Loss: 4.5773, train_score: {'accuracy': 0.529013163145798, 'balanced_accuracy': 0.664804069038883, 'f1_macro': 0.4849613840418917, 'f1_micro': 0.529013163145798, 'f1_weighted': 0.4739776732020356, 'precision_macro': 0.5334366234893132, 'precision_micro': 0.529013163145798, 'precision_weighted': 0.6966869535186924, 'recall_macro': 0.664804069038883, 'recall_micro': 0.529013163145798, 'recall_weighted': 0.529013163145798}
Validation statistic: Loss: 5.4011, dev_score: {'accuracy': 0.44384511654787134, 'balanced_accuracy': 0.5899036588596612, 'f1_macro': 0.3559567643320041, 'f1_micro': 0.44384511654787134, 'f1_weighted': 0.39168106187861074, 'precision_macro': 0.4110648681241051, 'precision_micro': 0.44384511654787134, 'precision_weighted': 0.6768378098929174, 'recall_macro': 0.5899036588596612, 'recall_micro': 0.44384511654787134, 'recall_weighted': 0.44384511654787134}
-----------------------
Epoch 56/100
Training statistic: Loss: 4.4699, train_score: {'accuracy': 0.5296011962646051, 'balanced_accuracy': 0.6672810255395815, 'f1_macro': 0.49141901618281175, 'f1_micro': 0.5296011962646051, 'f1_weighted': 0.4746586524244716, 'precision_macro': 0.5344890711321945, 'precision_micro': 0.5296011962646051, 'precision_weighted': 0.6966370200255098, 'recall_macro': 0.6672810255395815, 'recall_micro': 0.5296011962646051, 'recall_weighted': 0.5296011962646051}
Validation statistic: Loss: 5.2797, dev_score: {'accuracy': 0.444545629673736, 'balanced_accuracy': 0.5879553170254274, 'f1_macro': 0.3614818844153599, 'f1_micro': 0.444545629673736, 'f1_weighted': 0.3931884350290495, 'precision_macro': 0.4176320564840731, 'precision_micro': 0.444545629673736, 'precision_weighted': 0.6779179720063706, 'recall_macro': 0.5879553170254274, 'recall_micro': 0.444545629673736, 'recall_weighted': 0.444545629673736}
-----------------------
Epoch 57/100
Training statistic: Loss: 4.8061, train_score: {'accuracy': 0.5302967368234158, 'balanced_accuracy': 0.6674993246812944, 'f1_macro': 0.48763790426424364, 'f1_micro': 0.5302967368234158, 'f1_weighted': 0.47548291942309445, 'precision_macro': 0.5336967159708458, 'precision_micro': 0.5302967368234158, 'precision_weighted': 0.6966777872775521, 'recall_macro': 0.6674993246812944, 'recall_micro': 0.5302967368234158, 'recall_weighted': 0.5302967368234158}
Validation statistic: Loss: 5.6831, dev_score: {'accuracy': 0.4453862454247736, 'balanced_accuracy': 0.5937917576634204, 'f1_macro': 0.35904183589411837, 'f1_micro': 0.4453862454247736, 'f1_weighted': 0.39399650460810226, 'precision_macro': 0.4155868497474537, 'precision_micro': 0.4453862454247736, 'precision_weighted': 0.6776734767632915, 'recall_macro': 0.5937917576634204, 'recall_micro': 0.4453862454247736, 'recall_weighted': 0.4453862454247736}
-----------------------
Epoch 58/100
Training statistic: Loss: 4.5440, train_score: {'accuracy': 0.5302218073955345, 'balanced_accuracy': 0.6662609325048272, 'f1_macro': 0.4883229531094105, 'f1_micro': 0.5302218073955345, 'f1_weighted': 0.476418987113049, 'precision_macro': 0.5384563099276001, 'precision_micro': 0.5302218073955345, 'precision_weighted': 0.6973831194513751, 'recall_macro': 0.6662609325048272, 'recall_micro': 0.5302218073955345, 'recall_weighted': 0.5302218073955345}
Validation statistic: Loss: 5.3819, dev_score: {'accuracy': 0.4454212710810669, 'balanced_accuracy': 0.5912370983852583, 'f1_macro': 0.3606107357470409, 'f1_micro': 0.4454212710810669, 'f1_weighted': 0.3952533659921786, 'precision_macro': 0.4189750300954222, 'precision_micro': 0.4454212710810669, 'precision_weighted': 0.678433150900677, 'recall_macro': 0.5912370983852583, 'recall_micro': 0.4454212710810669, 'recall_weighted': 0.4454212710810669}
-----------------------
Epoch 59/100
Training statistic: Loss: 4.0608, train_score: {'accuracy': 0.5322106950355996, 'balanced_accuracy': 0.6676134872414526, 'f1_macro': 0.49131406739310063, 'f1_micro': 0.5322106950355996, 'f1_weighted': 0.47866556184818565, 'precision_macro': 0.5394738457077243, 'precision_micro': 0.5322106950355996, 'precision_weighted': 0.6984795623826641, 'recall_macro': 0.6676134872414526, 'recall_micro': 0.5322106950355996, 'recall_weighted': 0.5322106950355996}
Validation statistic: Loss: 4.7915, dev_score: {'accuracy': 0.4473651950053414, 'balanced_accuracy': 0.5909337428853394, 'f1_macro': 0.36182825288870635, 'f1_micro': 0.4473651950053414, 'f1_weighted': 0.39718762870127866, 'precision_macro': 0.4183433141717205, 'precision_micro': 0.4473651950053414, 'precision_weighted': 0.6791225884216682, 'recall_macro': 0.5909337428853394, 'recall_micro': 0.4473651950053414, 'recall_weighted': 0.4473651950053414}
Saving model...
Model saved!
-------------------------------------------
-----------------------
Epoch 60/100
Training statistic: Loss: 4.5290, train_score: {'accuracy': 0.5282638688669856, 'balanced_accuracy': 0.6660713027192599, 'f1_macro': 0.48677438833192566, 'f1_micro': 0.5282638688669856, 'f1_weighted': 0.4720379817010299, 'precision_macro': 0.531501383719789, 'precision_micro': 0.5282638688669856, 'precision_weighted': 0.696165335488166, 'recall_macro': 0.6660713027192599, 'recall_micro': 0.5282638688669856, 'recall_weighted': 0.5282638688669856}
Validation statistic: Loss: 5.3584, dev_score: {'accuracy': 0.442899423827954, 'balanced_accuracy': 0.5895037926404411, 'f1_macro': 0.35684342550583276, 'f1_micro': 0.442899423827954, 'f1_weighted': 0.3896283139692438, 'precision_macro': 0.4081958206475141, 'precision_micro': 0.442899423827954, 'precision_weighted': 0.6756181812331378, 'recall_macro': 0.5895037926404411, 'recall_micro': 0.442899423827954, 'recall_weighted': 0.442899423827954}
-----------------------
Epoch 61/100
Training statistic: Loss: 4.2716, train_score: {'accuracy': 0.5294741420173282, 'balanced_accuracy': 0.6664028478664976, 'f1_macro': 0.48807864303582965, 'f1_micro': 0.5294741420173282, 'f1_weighted': 0.4749889924594832, 'precision_macro': 0.5276965765062589, 'precision_micro': 0.5294741420173282, 'precision_weighted': 0.6936560363128085, 'recall_macro': 0.6664028478664976, 'recall_micro': 0.5294741420173282, 'recall_weighted': 0.5294741420173282}
Validation statistic: Loss: 5.0581, dev_score: {'accuracy': 0.4448433477522285, 'balanced_accuracy': 0.5889785339607952, 'f1_macro': 0.35828724283672875, 'f1_micro': 0.4448433477522285, 'f1_weighted': 0.39384144936413423, 'precision_macro': 0.40749353772578933, 'precision_micro': 0.4448433477522285, 'precision_weighted': 0.6742535087935597, 'recall_macro': 0.5889785339607952, 'recall_micro': 0.4448433477522285, 'recall_weighted': 0.4448433477522285}
-----------------------
Epoch 62/100
Training statistic: Loss: 4.3583, train_score: {'accuracy': 0.5284202433251726, 'balanced_accuracy': 0.6617012455096793, 'f1_macro': 0.48284224972886963, 'f1_micro': 0.5284202433251726, 'f1_weighted': 0.47215403527899885, 'precision_macro': 0.5311449637087243, 'precision_micro': 0.5284202433251726, 'precision_weighted': 0.6936495015859823, 'recall_macro': 0.6617012455096793, 'recall_micro': 0.5284202433251726, 'recall_weighted': 0.5284202433251726}
Validation statistic: Loss: 5.1636, dev_score: {'accuracy': 0.44305703928127355, 'balanced_accuracy': 0.5844034387349061, 'f1_macro': 0.352037239992605, 'f1_micro': 0.44305703928127355, 'f1_weighted': 0.3895452156961114, 'precision_macro': 0.4036450661687498, 'precision_micro': 0.44305703928127355, 'precision_weighted': 0.6733779726455148, 'recall_macro': 0.5844034387349061, 'recall_micro': 0.44305703928127355, 'recall_weighted': 0.44305703928127355}
-----------------------
Epoch 63/100
Training statistic: Loss: 4.7755, train_score: {'accuracy': 0.5303260570343258, 'balanced_accuracy': 0.6685433472806402, 'f1_macro': 0.4895155286071886, 'f1_micro': 0.5303260570343258, 'f1_weighted': 0.47619116275494944, 'precision_macro': 0.5346168737934742, 'precision_micro': 0.5303260570343258, 'precision_weighted': 0.6962026735979884, 'recall_macro': 0.6685433472806402, 'recall_micro': 0.5303260570343258, 'recall_weighted': 0.5303260570343258}
Validation statistic: Loss: 5.6608, dev_score: {'accuracy': 0.4453161941121872, 'balanced_accuracy': 0.5915548714598676, 'f1_macro': 0.3594953463928871, 'f1_micro': 0.4453161941121872, 'f1_weighted': 0.39491809131762506, 'precision_macro': 0.4162266130468004, 'precision_micro': 0.4453161941121872, 'precision_weighted': 0.6778478735731179, 'recall_macro': 0.5915548714598676, 'recall_micro': 0.4453161941121872, 'recall_weighted': 0.4453161941121872}
-----------------------
Epoch 64/100
Training statistic: Loss: 4.8708, train_score: {'accuracy': 0.5304417089773599, 'balanced_accuracy': 0.6705000732214236, 'f1_macro': 0.49163939690267056, 'f1_micro': 0.5304417089773599, 'f1_weighted': 0.4745799694360789, 'precision_macro': 0.5280849793384862, 'precision_micro': 0.5304417089773599, 'precision_weighted': 0.6943634246595712, 'recall_macro': 0.6705000732214236, 'recall_micro': 0.5304417089773599, 'recall_weighted': 0.5304417089773599}
Validation statistic: Loss: 5.7700, dev_score: {'accuracy': 0.4460342200661985, 'balanced_accuracy': 0.5983888706160082, 'f1_macro': 0.3647250497875866, 'f1_micro': 0.4460342200661985, 'f1_weighted': 0.3928075343497404, 'precision_macro': 0.4142909383719308, 'precision_micro': 0.4460342200661985, 'precision_weighted': 0.6764598189495133, 'recall_macro': 0.5983888706160082, 'recall_micro': 0.4460342200661985, 'recall_weighted': 0.4460342200661985}
-----------------------
Epoch 65/100
Training statistic: Loss: 4.7507, train_score: {'accuracy': 0.5307332821858542, 'balanced_accuracy': 0.6693546568647992, 'f1_macro': 0.49406532650295215, 'f1_micro': 0.5307332821858542, 'f1_weighted': 0.47552164878397674, 'precision_macro': 0.533021705966759, 'precision_micro': 0.5307332821858542, 'precision_weighted': 0.6956982375913889, 'recall_macro': 0.6693546568647992, 'recall_micro': 0.5307332821858542, 'recall_weighted': 0.5307332821858542}
Validation statistic: Loss: 5.6271, dev_score: {'accuracy': 0.44589411744102553, 'balanced_accuracy': 0.5941801332057934, 'f1_macro': 0.36493343904995956, 'f1_micro': 0.44589411744102553, 'f1_weighted': 0.3935984001581975, 'precision_macro': 0.41785725050381284, 'precision_micro': 0.44589411744102553, 'precision_weighted': 0.6773140437525225, 'recall_macro': 0.5941801332057934, 'recall_micro': 0.44589411744102553, 'recall_weighted': 0.44589411744102553}
-----------------------
Epoch 66/100
Training statistic: Loss: 4.2834, train_score: {'accuracy': 0.5310248553943487, 'balanced_accuracy': 0.6662751260306372, 'f1_macro': 0.4872558253758773, 'f1_micro': 0.5310248553943487, 'f1_weighted': 0.47672799839632257, 'precision_macro': 0.5354972113089329, 'precision_micro': 0.5310248553943487, 'precision_weighted': 0.697001957066246, 'recall_macro': 0.6662751260306372, 'recall_micro': 0.5310248553943487, 'recall_weighted': 0.5310248553943487}
Validation statistic: Loss: 5.0685, dev_score: {'accuracy': 0.44601670723805187, 'balanced_accuracy': 0.5900851792160837, 'f1_macro': 0.35758174474015564, 'f1_micro': 0.44601670723805187, 'f1_weighted': 0.3947160292864572, 'precision_macro': 0.413395916083179, 'precision_micro': 0.44601670723805187, 'precision_weighted': 0.677563923952863, 'recall_macro': 0.5900851792160837, 'recall_micro': 0.44601670723805187, 'recall_weighted': 0.44601670723805187}
-----------------------
Epoch 67/100
Training statistic: Loss: 4.6953, train_score: {'accuracy': 0.5295067200294505, 'balanced_accuracy': 0.6641887624657911, 'f1_macro': 0.4849561509463506, 'f1_micro': 0.5295067200294505, 'f1_weighted': 0.47427398617060834, 'precision_macro': 0.5323805289097194, 'precision_micro': 0.5295067200294505, 'precision_weighted': 0.6956605649691088, 'recall_macro': 0.6641887624657911, 'recall_micro': 0.5295067200294505, 'recall_weighted': 0.5295067200294505}
Validation statistic: Loss: 5.5544, dev_score: {'accuracy': 0.4445281168455894, 'balanced_accuracy': 0.5891720134953375, 'f1_macro': 0.35493448671902417, 'f1_micro': 0.4445281168455894, 'f1_weighted': 0.39255197284242965, 'precision_macro': 0.4067505995472112, 'precision_micro': 0.4445281168455894, 'precision_weighted': 0.6766521829539008, 'recall_macro': 0.5891720134953375, 'recall_micro': 0.4445281168455894, 'recall_weighted': 0.4445281168455894}
-----------------------
Epoch 68/100
Training statistic: Loss: 4.6422, train_score: {'accuracy': 0.5297543129215798, 'balanced_accuracy': 0.6697870883923198, 'f1_macro': 0.4903863894321409, 'f1_micro': 0.5297543129215798, 'f1_weighted': 0.4738071317403474, 'precision_macro': 0.5376078626128246, 'precision_micro': 0.5297543129215798, 'precision_weighted': 0.6979421527616951, 'recall_macro': 0.6697870883923198, 'recall_micro': 0.5297543129215798, 'recall_weighted': 0.5297543129215798}
Validation statistic: Loss: 5.4759, dev_score: {'accuracy': 0.44487837340852177, 'balanced_accuracy': 0.5965286793625816, 'f1_macro': 0.36191178677499775, 'f1_micro': 0.44487837340852177, 'f1_weighted': 0.3919368206088512, 'precision_macro': 0.4187884590384006, 'precision_micro': 0.44487837340852177, 'precision_weighted': 0.6782661954981128, 'recall_macro': 0.5965286793625816, 'recall_micro': 0.44487837340852177, 'recall_weighted': 0.44487837340852177}
-----------------------
Epoch 69/100
Training statistic: Loss: 4.6508, train_score: {'accuracy': 0.5296223719724846, 'balanced_accuracy': 0.6691290887468507, 'f1_macro': 0.4905197620892741, 'f1_micro': 0.5296223719724846, 'f1_weighted': 0.47381139011069534, 'precision_macro': 0.5368368817214287, 'precision_micro': 0.5296223719724846, 'precision_weighted': 0.6976674298979884, 'recall_macro': 0.6691290887468507, 'recall_micro': 0.5296223719724846, 'recall_weighted': 0.5296223719724846}
Validation statistic: Loss: 5.5056, dev_score: {'accuracy': 0.44494842472110824, 'balanced_accuracy': 0.5970012768999032, 'f1_macro': 0.36395505734814604, 'f1_micro': 0.44494842472110824, 'f1_weighted': 0.39191986551852265, 'precision_macro': 0.42077889044081535, 'precision_micro': 0.44494842472110824, 'precision_weighted': 0.6788107711385845, 'recall_macro': 0.5970012768999032, 'recall_micro': 0.44494842472110824, 'recall_weighted': 0.44494842472110824}
-----------------------
Epoch 70/100
Training statistic: Loss: 4.5072, train_score: {'accuracy': 0.5326781895095544, 'balanced_accuracy': 0.6720347540995016, 'f1_macro': 0.4943639336555962, 'f1_micro': 0.5326781895095544, 'f1_weighted': 0.4781172093251904, 'precision_macro': 0.5341184388999571, 'precision_micro': 0.5326781895095544, 'precision_weighted': 0.6987305299896508, 'recall_macro': 0.6720347540995016, 'recall_micro': 0.5326781895095544, 'recall_weighted': 0.5326781895095544}
Validation statistic: Loss: 5.3238, dev_score: {'accuracy': 0.44818829792823245, 'balanced_accuracy': 0.596372742525445, 'f1_macro': 0.36590649776173967, 'f1_micro': 0.44818829792823245, 'f1_weighted': 0.3969636303026787, 'precision_macro': 0.42185493949339564, 'precision_micro': 0.44818829792823245, 'precision_weighted': 0.6810460101971129, 'recall_macro': 0.596372742525445, 'recall_micro': 0.44818829792823245, 'recall_weighted': 0.44818829792823245}
-----------------------
Epoch 71/100
Training statistic: Loss: 4.6639, train_score: {'accuracy': 0.5313799557264816, 'balanced_accuracy': 0.6680387126429183, 'f1_macro': 0.4903502999477765, 'f1_micro': 0.5313799557264816, 'f1_weighted': 0.47620640805409137, 'precision_macro': 0.540581338201489, 'precision_micro': 0.5313799557264816, 'precision_weighted': 0.6983207512094411, 'recall_macro': 0.6680387126429183, 'recall_micro': 0.5313799557264816, 'recall_weighted': 0.5313799557264816}
Validation statistic: Loss: 5.5267, dev_score: {'accuracy': 0.44638447662913083, 'balanced_accuracy': 0.5908799975900949, 'f1_macro': 0.35975612640117366, 'f1_micro': 0.44638447662913083, 'f1_weighted': 0.39446453961276273, 'precision_macro': 0.41700755193556077, 'precision_micro': 0.44638447662913083, 'precision_weighted': 0.6781540350398547, 'recall_macro': 0.5908799975900949, 'recall_micro': 0.44638447662913083, 'recall_weighted': 0.44638447662913083}
-----------------------
Epoch 72/100
Training statistic: Loss: 4.2832, train_score: {'accuracy': 0.5294171304961143, 'balanced_accuracy': 0.6697675556058489, 'f1_macro': 0.49062776344199327, 'f1_micro': 0.5294171304961143, 'f1_weighted': 0.47458834825182505, 'precision_macro': 0.5299243568661051, 'precision_micro': 0.5294171304961143, 'precision_weighted': 0.6961630433839282, 'recall_macro': 0.6697675556058489, 'recall_micro': 0.5294171304961143, 'recall_weighted': 0.5294171304961143}
Validation statistic: Loss: 5.0718, dev_score: {'accuracy': 0.4445106040174428, 'balanced_accuracy': 0.596341906501838, 'f1_macro': 0.3628278241157409, 'f1_micro': 0.4445106040174428, 'f1_weighted': 0.3928141498057654, 'precision_macro': 0.41306137328318343, 'precision_micro': 0.4445106040174428, 'precision_weighted': 0.6774764978665229, 'recall_macro': 0.596341906501838, 'recall_micro': 0.4445106040174428, 'recall_weighted': 0.4445106040174428}
-----------------------
Epoch 73/100
Training statistic: Loss: 4.7588, train_score: {'accuracy': 0.53109978482223, 'balanced_accuracy': 0.6684052968036651, 'f1_macro': 0.49094508926594377, 'f1_micro': 0.53109978482223, 'f1_weighted': 0.47662702292851006, 'precision_macro': 0.5364464384818409, 'precision_micro': 0.53109978482223, 'precision_weighted': 0.6968710786741834, 'recall_macro': 0.6684052968036651, 'recall_micro': 0.53109978482223, 'recall_weighted': 0.53109978482223}
Validation statistic: Loss: 5.6303, dev_score: {'accuracy': 0.4465245792543038, 'balanced_accuracy': 0.5914219708101005, 'f1_macro': 0.36171743761065406, 'f1_micro': 0.4465245792543038, 'f1_weighted': 0.395707788439194, 'precision_macro': 0.41970694406356196, 'precision_micro': 0.4465245792543038, 'precision_weighted': 0.6786335126091168, 'recall_macro': 0.5914219708101005, 'recall_micro': 0.4465245792543038, 'recall_weighted': 0.4465245792543038}
-----------------------
Epoch 74/100
Training statistic: Loss: 4.4429, train_score: {'accuracy': 0.5338233066356524, 'balanced_accuracy': 0.6679303260783345, 'f1_macro': 0.4912896537058546, 'f1_micro': 0.5338233066356524, 'f1_weighted': 0.48102805491001077, 'precision_macro': 0.5395098654656568, 'precision_micro': 0.5338233066356524, 'precision_weighted': 0.6978678789246383, 'recall_macro': 0.6679303260783345, 'recall_micro': 0.5338233066356524, 'recall_weighted': 0.5338233066356524}
Validation statistic: Loss: 5.2641, dev_score: {'accuracy': 0.4504824784154393, 'balanced_accuracy': 0.5926356702065091, 'f1_macro': 0.3635608291792415, 'f1_micro': 0.4504824784154393, 'f1_weighted': 0.40150031974734646, 'precision_macro': 0.42003312749902716, 'precision_micro': 0.4504824784154393, 'precision_weighted': 0.6799338229108662, 'recall_macro': 0.5926356702065091, 'recall_micro': 0.4504824784154393, 'recall_weighted': 0.4504824784154393}
-----------------------
Epoch 75/100
Training statistic: Loss: 4.6968, train_score: {'accuracy': 0.5306013412367591, 'balanced_accuracy': 0.666390794087742, 'f1_macro': 0.48943001506293166, 'f1_micro': 0.5306013412367591, 'f1_weighted': 0.47473730422253185, 'precision_macro': 0.5361300290735813, 'precision_micro': 0.5306013412367591, 'precision_weighted': 0.6954133107193932, 'recall_macro': 0.666390794087742, 'recall_micro': 0.5306013412367591, 'recall_weighted': 0.5306013412367591}
Validation statistic: Loss: 5.5714, dev_score: {'accuracy': 0.4461217842069316, 'balanced_accuracy': 0.5905685662093564, 'f1_macro': 0.3614140851134136, 'f1_micro': 0.4461217842069316, 'f1_weighted': 0.39364469299636873, 'precision_macro': 0.41966100838332404, 'precision_micro': 0.4461217842069316, 'precision_weighted': 0.6759072199293092, 'recall_macro': 0.5905685662093564, 'recall_micro': 0.4461217842069316, 'recall_weighted': 0.4461217842069316}
-----------------------
Epoch 76/100
Training statistic: Loss: 4.6893, train_score: {'accuracy': 0.5341279110489957, 'balanced_accuracy': 0.6728213721327002, 'f1_macro': 0.496609116131148, 'f1_micro': 0.5341279110489957, 'f1_weighted': 0.47872381951351833, 'precision_macro': 0.5407018975878987, 'precision_micro': 0.5341279110489957, 'precision_weighted': 0.6983885198113977, 'recall_macro': 0.6728213721327002, 'recall_micro': 0.5341279110489957, 'recall_weighted': 0.5341279110489957}
Validation statistic: Loss: 5.5565, dev_score: {'accuracy': 0.4497119139769881, 'balanced_accuracy': 0.5982826258801845, 'f1_macro': 0.36715722943269935, 'f1_micro': 0.4497119139769881, 'f1_weighted': 0.39695460233593366, 'precision_macro': 0.42343713071078426, 'precision_micro': 0.4497119139769881, 'precision_weighted': 0.6799227657609586, 'recall_macro': 0.5982826258801845, 'recall_micro': 0.4497119139769881, 'recall_weighted': 0.4497119139769881}
-----------------------
Epoch 77/100
Training statistic: Loss: 4.5175, train_score: {'accuracy': 0.5317089936489166, 'balanced_accuracy': 0.6692002590408312, 'f1_macro': 0.49201854172426496, 'f1_micro': 0.5317089936489166, 'f1_weighted': 0.47628094200811566, 'precision_macro': 0.5406430921155418, 'precision_micro': 0.5317089936489166, 'precision_weighted': 0.6968995938758554, 'recall_macro': 0.6692002590408312, 'recall_micro': 0.5317089936489166, 'recall_weighted': 0.5317089936489166}
Validation statistic: Loss: 5.3248, dev_score: {'accuracy': 0.4472776308646083, 'balanced_accuracy': 0.5946436941734282, 'f1_macro': 0.36277891978653576, 'f1_micro': 0.4472776308646083, 'f1_weighted': 0.39455780585815536, 'precision_macro': 0.4218123007574251, 'precision_micro': 0.4472776308646083, 'precision_weighted': 0.6781311004862963, 'recall_macro': 0.5946436941734282, 'recall_micro': 0.4472776308646083, 'recall_weighted': 0.4472776308646083}
-----------------------
Epoch 78/100
Training statistic: Loss: 4.4112, train_score: {'accuracy': 0.5320852696889289, 'balanced_accuracy': 0.6715689437015929, 'f1_macro': 0.4949340814788469, 'f1_micro': 0.5320852696889289, 'f1_weighted': 0.47634568346043205, 'precision_macro': 0.5404846601955172, 'precision_micro': 0.5320852696889289, 'precision_weighted': 0.6986007010999934, 'recall_macro': 0.6715689437015929, 'recall_micro': 0.5320852696889289, 'recall_weighted': 0.5320852696889289}
Validation statistic: Loss: 5.2233, dev_score: {'accuracy': 0.4474702719742211, 'balanced_accuracy': 0.5955031685228155, 'f1_macro': 0.365917174561677, 'f1_micro': 0.4474702719742211, 'f1_weighted': 0.39469193054900165, 'precision_macro': 0.4217014984715039, 'precision_micro': 0.4474702719742211, 'precision_weighted': 0.6794274227680555, 'recall_macro': 0.5955031685228155, 'recall_micro': 0.4474702719742211, 'recall_weighted': 0.4474702719742211}
-----------------------
Epoch 79/100
Training statistic: Loss: 4.5053, train_score: {'accuracy': 0.5320201136646843, 'balanced_accuracy': 0.6712369443912942, 'f1_macro': 0.4957913434249689, 'f1_micro': 0.5320201136646843, 'f1_weighted': 0.47522108449218425, 'precision_macro': 0.5405274996094497, 'precision_micro': 0.5320201136646843, 'precision_weighted': 0.6970661918939397, 'recall_macro': 0.6712369443912942, 'recall_micro': 0.5320201136646843, 'recall_weighted': 0.5320201136646843}
Validation statistic: Loss: 5.3292, dev_score: {'accuracy': 0.4474702719742211, 'balanced_accuracy': 0.5960759830003175, 'f1_macro': 0.3668092032835833, 'f1_micro': 0.4474702719742211, 'f1_weighted': 0.3933405759623992, 'precision_macro': 0.42365998932419996, 'precision_micro': 0.4474702719742211, 'precision_weighted': 0.6786308409110638, 'recall_macro': 0.5960759830003175, 'recall_micro': 0.4474702719742211, 'recall_weighted': 0.4474702719742211}
-----------------------
Epoch 80/100
Training statistic: Loss: 4.4000, train_score: {'accuracy': 0.5320575783786249, 'balanced_accuracy': 0.6709068974600368, 'f1_macro': 0.4914596428144365, 'f1_micro': 0.5320575783786249, 'f1_weighted': 0.4777133986943185, 'precision_macro': 0.5354344787018499, 'precision_micro': 0.5320575783786249, 'precision_weighted': 0.6990942755128714, 'recall_macro': 0.6709068974600368, 'recall_micro': 0.5320575783786249, 'recall_weighted': 0.5320575783786249}
Validation statistic: Loss: 5.2095, dev_score: {'accuracy': 0.44759286177124746, 'balanced_accuracy': 0.5986342169263112, 'f1_macro': 0.3650206327497755, 'f1_micro': 0.44759286177124746, 'f1_weighted': 0.39643437454815045, 'precision_macro': 0.41909104379129963, 'precision_micro': 0.44759286177124746, 'precision_weighted': 0.679810688131246, 'recall_macro': 0.5986342169263112, 'recall_micro': 0.44759286177124746, 'recall_weighted': 0.44759286177124746}
-----------------------
Epoch 81/100
Training statistic: Loss: 4.6514, train_score: {'accuracy': 0.5335382490295825, 'balanced_accuracy': 0.6695847162540132, 'f1_macro': 0.4938230991695837, 'f1_micro': 0.5335382490295825, 'f1_weighted': 0.47875764918968483, 'precision_macro': 0.5424596191250461, 'precision_micro': 0.5335382490295825, 'precision_weighted': 0.6996164665074895, 'recall_macro': 0.6695847162540132, 'recall_micro': 0.5335382490295825, 'recall_weighted': 0.5335382490295825}
Validation statistic: Loss: 5.5016, dev_score: {'accuracy': 0.44883627256965725, 'balanced_accuracy': 0.594867059576222, 'f1_macro': 0.36452139060532324, 'f1_micro': 0.44883627256965725, 'f1_weighted': 0.39721091661967306, 'precision_macro': 0.420968078035028, 'precision_micro': 0.44883627256965725, 'precision_weighted': 0.6800135840968006, 'recall_macro': 0.594867059576222, 'recall_micro': 0.44883627256965725, 'recall_weighted': 0.44883627256965725}
-----------------------
Epoch 82/100
Training statistic: Loss: 4.6123, train_score: {'accuracy': 0.5301159288561371, 'balanced_accuracy': 0.6665783778537353, 'f1_macro': 0.4900909930111382, 'f1_micro': 0.5301159288561371, 'f1_weighted': 0.47431466622313334, 'precision_macro': 0.53801057294522, 'precision_micro': 0.5301159288561371, 'precision_weighted': 0.6972176686292657, 'recall_macro': 0.6665783778537353, 'recall_micro': 0.5301159288561371, 'recall_weighted': 0.5301159288561371}
Validation statistic: Loss: 5.4535, dev_score: {'accuracy': 0.4450885273462811, 'balanced_accuracy': 0.5899145075478728, 'f1_macro': 0.35983825443899836, 'f1_micro': 0.4450885273462811, 'f1_weighted': 0.39211491590716313, 'precision_macro': 0.4133724302469511, 'precision_micro': 0.4450885273462811, 'precision_weighted': 0.6766186086292796, 'recall_macro': 0.5899145075478728, 'recall_micro': 0.4450885273462811, 'recall_weighted': 0.4450885273462811}
-----------------------
Epoch 83/100
Training statistic: Loss: 4.7310, train_score: {'accuracy': 0.5305215251070595, 'balanced_accuracy': 0.6703903647586174, 'f1_macro': 0.49126768094604667, 'f1_micro': 0.5305215251070595, 'f1_weighted': 0.4751255902888053, 'precision_macro': 0.535775440447256, 'precision_micro': 0.5305215251070595, 'precision_weighted': 0.6982863878206095, 'recall_macro': 0.6703903647586174, 'recall_micro': 0.5305215251070595, 'recall_weighted': 0.5305215251070595}
Validation statistic: Loss: 5.6099, dev_score: {'accuracy': 0.4453337069403338, 'balanced_accuracy': 0.5936549482623381, 'f1_macro': 0.3610115020163343, 'f1_micro': 0.4453337069403338, 'f1_weighted': 0.3930403994374258, 'precision_macro': 0.41666563902820336, 'precision_micro': 0.4453337069403338, 'precision_weighted': 0.6777949968855027, 'recall_macro': 0.5936549482623381, 'recall_micro': 0.4453337069403338, 'recall_weighted': 0.4453337069403338}
-----------------------
Epoch 84/100
Training statistic: Loss: 4.3058, train_score: {'accuracy': 0.5326325802925831, 'balanced_accuracy': 0.6696939899597797, 'f1_macro': 0.4915752592349441, 'f1_micro': 0.5326325802925831, 'f1_weighted': 0.4789633246730495, 'precision_macro': 0.5356124726307249, 'precision_micro': 0.5326325802925831, 'precision_weighted': 0.6981448747992228, 'recall_macro': 0.6696939899597797, 'recall_micro': 0.5326325802925831, 'recall_weighted': 0.5326325802925831}
Validation statistic: Loss: 5.1062, dev_score: {'accuracy': 0.44841596469413847, 'balanced_accuracy': 0.5936080864898834, 'f1_macro': 0.3623950572865732, 'f1_micro': 0.44841596469413847, 'f1_weighted': 0.3983831031861805, 'precision_macro': 0.4165019822101173, 'precision_micro': 0.44841596469413847, 'precision_weighted': 0.6799196280695822, 'recall_macro': 0.5936080864898834, 'recall_micro': 0.44841596469413847, 'recall_weighted': 0.44841596469413847}
-----------------------
Epoch 85/100
Training statistic: Loss: 4.3429, train_score: {'accuracy': 0.5315949706064885, 'balanced_accuracy': 0.6704577030238379, 'f1_macro': 0.49262317527252675, 'f1_micro': 0.5315949706064885, 'f1_weighted': 0.47669189698352843, 'precision_macro': 0.534494011054751, 'precision_micro': 0.5315949706064885, 'precision_weighted': 0.6969674770341787, 'recall_macro': 0.6704577030238379, 'recall_micro': 0.5315949706064885, 'recall_weighted': 0.5315949706064885}
Validation statistic: Loss: 5.1470, dev_score: {'accuracy': 0.4470674769268489, 'balanced_accuracy': 0.5943313664908022, 'f1_macro': 0.3628486898088486, 'f1_micro': 0.4470674769268489, 'f1_weighted': 0.3951844883044921, 'precision_macro': 0.4153814577579085, 'precision_micro': 0.4470674769268489, 'precision_weighted': 0.6777270684783365, 'recall_macro': 0.5943313664908022, 'recall_micro': 0.4470674769268489, 'recall_weighted': 0.4470674769268489}
-----------------------
Epoch 86/100
Training statistic: Loss: 4.4165, train_score: {'accuracy': 0.5324468856234862, 'balanced_accuracy': 0.671195943829973, 'f1_macro': 0.49391071108342105, 'f1_micro': 0.5324468856234862, 'f1_weighted': 0.4789703702241417, 'precision_macro': 0.5342144026229778, 'precision_micro': 0.5324468856234862, 'precision_weighted': 0.6967772048184366, 'recall_macro': 0.671195943829973, 'recall_micro': 0.5324468856234862, 'recall_weighted': 0.5324468856234862}
Validation statistic: Loss: 5.2296, dev_score: {'accuracy': 0.44768042591198054, 'balanced_accuracy': 0.595715563243488, 'f1_macro': 0.3637543859420377, 'f1_micro': 0.44768042591198054, 'f1_weighted': 0.3974957795219871, 'precision_macro': 0.41488096284774867, 'precision_micro': 0.44768042591198054, 'precision_weighted': 0.6782780748761985, 'recall_macro': 0.595715563243488, 'recall_micro': 0.44768042591198054, 'recall_weighted': 0.44768042591198054}
-----------------------
Epoch 87/100
Training statistic: Loss: 4.3316, train_score: {'accuracy': 0.5338917204611092, 'balanced_accuracy': 0.6723858140122766, 'f1_macro': 0.4959733849630471, 'f1_micro': 0.5338917204611092, 'f1_weighted': 0.47854327937637464, 'precision_macro': 0.5428560732042366, 'precision_micro': 0.5338917204611092, 'precision_weighted': 0.6988282055138972, 'recall_macro': 0.6723858140122766, 'recall_micro': 0.5338917204611092, 'recall_weighted': 0.5338917204611092}
Validation statistic: Loss: 5.1260, dev_score: {'accuracy': 0.4500271448836273, 'balanced_accuracy': 0.5990243558083591, 'f1_macro': 0.36707460533429676, 'f1_micro': 0.4500271448836273, 'f1_weighted': 0.39776579508605775, 'precision_macro': 0.42714408390800024, 'precision_micro': 0.4500271448836273, 'precision_weighted': 0.6814147222098949, 'recall_macro': 0.5990243558083591, 'recall_micro': 0.4500271448836273, 'recall_weighted': 0.4500271448836273}
-----------------------
Epoch 88/100
Training statistic: Loss: 4.2301, train_score: {'accuracy': 0.5347371198756823, 'balanced_accuracy': 0.6740540524499723, 'f1_macro': 0.4986424459087825, 'f1_micro': 0.5347371198756823, 'f1_weighted': 0.48153355766196954, 'precision_macro': 0.5372388659923103, 'precision_micro': 0.5347371198756823, 'precision_weighted': 0.6983761707314731, 'recall_macro': 0.6740540524499723, 'recall_micro': 0.5347371198756823, 'recall_weighted': 0.5347371198756823}
Validation statistic: Loss: 5.0173, dev_score: {'accuracy': 0.4502372988213867, 'balanced_accuracy': 0.597505823188628, 'f1_macro': 0.3683264754614915, 'f1_micro': 0.4502372988213867, 'f1_weighted': 0.40033793903662096, 'precision_macro': 0.4195305713155054, 'precision_micro': 0.4502372988213867, 'precision_weighted': 0.6801454508976418, 'recall_macro': 0.597505823188628, 'recall_micro': 0.4502372988213867, 'recall_weighted': 0.4502372988213867}
-----------------------
Epoch 89/100
Training statistic: Loss: 4.3929, train_score: {'accuracy': 0.5324615457289411, 'balanced_accuracy': 0.67257551272699, 'f1_macro': 0.4947254281403478, 'f1_micro': 0.5324615457289411, 'f1_weighted': 0.47831856011780344, 'precision_macro': 0.5354147910018776, 'precision_micro': 0.5324615457289411, 'precision_weighted': 0.6984120323225724, 'recall_macro': 0.67257551272699, 'recall_micro': 0.5324615457289411, 'recall_weighted': 0.5324615457289411}
Validation statistic: Loss: 5.2232, dev_score: {'accuracy': 0.4480306824749129, 'balanced_accuracy': 0.5985897004056786, 'f1_macro': 0.3670376025133554, 'f1_micro': 0.4480306824749129, 'f1_weighted': 0.3969536688537787, 'precision_macro': 0.41747001019964125, 'precision_micro': 0.4480306824749129, 'precision_weighted': 0.6790306025197723, 'recall_macro': 0.5985897004056786, 'recall_micro': 0.4480306824749129, 'recall_weighted': 0.4480306824749129}
-----------------------
Epoch 90/100
Training statistic: Loss: 4.5385, train_score: {'accuracy': 0.5343298947241538, 'balanced_accuracy': 0.6741142953150308, 'f1_macro': 0.4977282307267483, 'f1_micro': 0.5343298947241538, 'f1_weighted': 0.48043567410536786, 'precision_macro': 0.5434551783735493, 'precision_micro': 0.5343298947241538, 'precision_weighted': 0.6993036253278994, 'recall_macro': 0.6741142953150308, 'recall_micro': 0.5343298947241538, 'recall_weighted': 0.5343298947241538}
Validation statistic: Loss: 5.3859, dev_score: {'accuracy': 0.44988704225845433, 'balanced_accuracy': 0.5996261133401372, 'f1_macro': 0.36857377469467156, 'f1_micro': 0.44988704225845433, 'f1_weighted': 0.39933621327025515, 'precision_macro': 0.4243756488761292, 'precision_micro': 0.44988704225845433, 'precision_weighted': 0.6810458505077932, 'recall_macro': 0.5996261133401372, 'recall_micro': 0.44988704225845433, 'recall_weighted': 0.44988704225845433}
Early stopping by loss triggered!
Testing statistic: loss: 4.804753318214416, scores: {'accuracy': 0.4491, 'balanced_accuracy': 0.5848881364908683, 'f1_macro': 0.3584282044768874, 'f1_micro': 0.4491, 'f1_weighted': 0.40236737009233386, 'precision_macro': 0.4245367348583734, 'precision_micro': 0.4491, 'precision_weighted': 0.6846118771601618, 'recall_macro': 0.5848881364908683, 'recall_micro': 0.4491, 'recall_weighted': 0.4491}
Finish training!
