=====Setting up data=====
Dataset name:covertype
train_option:synthetic
augment_option:tvae_pca_gmm
mix_ratio:-1
n_sample:-1
Training dataset size: 100096 samples
Validation dataset size: 57216 samples

=====Setting up parameters for training=====
num_epochs: 100
learning_rate: 0.001
patience: 30
early_stop_criterion: loss
=====Setting up trainer=====
input_size: 98
model: DNN_Covertype
----------------------------------------------------------------
        Layer (type)               Output Shape         Param #
================================================================
            Linear-1                  [-1, 150]          14,850
              ReLU-2                  [-1, 150]               0
           Dropout-3                  [-1, 150]               0
            Linear-4                  [-1, 250]          37,750
              ReLU-5                  [-1, 250]               0
           Dropout-6                  [-1, 250]               0
            Linear-7                  [-1, 300]          75,300
              ReLU-8                  [-1, 300]               0
           Dropout-9                  [-1, 300]               0
           Linear-10                  [-1, 250]          75,250
             ReLU-11                  [-1, 250]               0
          Dropout-12                  [-1, 250]               0
           Linear-13                  [-1, 150]          37,650
             ReLU-14                  [-1, 150]               0
          Dropout-15                  [-1, 150]               0
           Linear-16                    [-1, 7]           1,057
================================================================
Total params: 241,857
Trainable params: 241,857
Non-trainable params: 0
----------------------------------------------------------------
Input size (MB): 0.00
Forward/backward pass size (MB): 0.03
Params size (MB): 0.92
Estimated Total Size (MB): 0.95
----------------------------------------------------------------
=====Setting up output files=====
weight_dir, weight_file: /home/thuy/Research/minh_data_synth/TabularDA/output/corrected_v2/covertype/weight/, covertype_seed42_tvae_xonly_pca_gmm_synthetic.weights.pth
acc_dir, acc_file: /home/thuy/Research/minh_data_synth/TabularDA/output/corrected_v2/covertype/acc/, covertype_seed42_tvae_xonly_pca_gmm_synthetic.epochs.csv
report_file: covertype_seed42_tvae_xonly_pca_gmm_synthetic.report.txt
==========================================================================================
Start training...
-----------------------
Epoch 1/100
Training statistic: Loss: 0.7787, train_score: {'accuracy': 0.66077, 'balanced_accuracy': 0.6047013174015502, 'f1_macro': 0.5874141838482103, 'f1_micro': 0.66077, 'f1_weighted': 0.6593193351736993, 'precision_macro': 0.5980241482045084, 'precision_micro': 0.66077, 'precision_weighted': 0.6636690941854831, 'recall_macro': 0.6047013174015502, 'recall_micro': 0.66077, 'recall_weighted': 0.66077}
Validation statistic: Loss: 1.1157, dev_score: {'accuracy': 0.5014097826658027, 'balanced_accuracy': 0.5424418487539333, 'f1_macro': 0.35621787746141376, 'f1_micro': 0.5014097826658027, 'f1_weighted': 0.5356035554302881, 'precision_macro': 0.3663541780685237, 'precision_micro': 0.5014097826658027, 'precision_weighted': 0.6224748396109162, 'recall_macro': 0.5424418487539333, 'recall_micro': 0.5014097826658027, 'recall_weighted': 0.5014097826658027}
Saving model...
Model saved!
-------------------------------------------
-----------------------
Epoch 2/100
Training statistic: Loss: 0.6169, train_score: {'accuracy': 0.73797, 'balanced_accuracy': 0.7038483973984244, 'f1_macro': 0.6770007449479994, 'f1_micro': 0.73797, 'f1_weighted': 0.7381852960102868, 'precision_macro': 0.6627235565371039, 'precision_micro': 0.73797, 'precision_weighted': 0.7412815399958503, 'recall_macro': 0.7038483973984244, 'recall_micro': 0.73797, 'recall_weighted': 0.73797}
Validation statistic: Loss: 1.0452, dev_score: {'accuracy': 0.5582739356578694, 'balanced_accuracy': 0.5503103277370881, 'f1_macro': 0.3946265006356972, 'f1_micro': 0.5582739356578694, 'f1_weighted': 0.581497465030955, 'precision_macro': 0.3783916634382363, 'precision_micro': 0.5582739356578694, 'precision_weighted': 0.6322361845836084, 'recall_macro': 0.5503103277370881, 'recall_micro': 0.5582739356578694, 'recall_weighted': 0.5582739356578694}
Saving model...
Model saved!
-------------------------------------------
-----------------------
Epoch 3/100
Training statistic: Loss: 0.5371, train_score: {'accuracy': 0.77505, 'balanced_accuracy': 0.7330449949510226, 'f1_macro': 0.7115729847108153, 'f1_micro': 0.77505, 'f1_weighted': 0.7754145470545776, 'precision_macro': 0.6990346927935478, 'precision_micro': 0.77505, 'precision_weighted': 0.7769502149265424, 'recall_macro': 0.7330449949510226, 'recall_micro': 0.77505, 'recall_weighted': 0.77505}
Validation statistic: Loss: 1.0286, dev_score: {'accuracy': 0.5936323356858899, 'balanced_accuracy': 0.528100079539359, 'f1_macro': 0.40837655941213863, 'f1_micro': 0.5936323356858899, 'f1_weighted': 0.6067875384973349, 'precision_macro': 0.39308537439190944, 'precision_micro': 0.5936323356858899, 'precision_weighted': 0.6435671884563486, 'recall_macro': 0.528100079539359, 'recall_micro': 0.5936323356858899, 'recall_weighted': 0.5936323356858899}
Saving model...
Model saved!
-------------------------------------------
-----------------------
Epoch 4/100
Training statistic: Loss: 0.4875, train_score: {'accuracy': 0.79404, 'balanced_accuracy': 0.7446822943835402, 'f1_macro': 0.7306173584007242, 'f1_micro': 0.79404, 'f1_weighted': 0.7936247245616178, 'precision_macro': 0.722729886076362, 'precision_micro': 0.79404, 'precision_weighted': 0.7944504140678225, 'recall_macro': 0.7446822943835402, 'recall_micro': 0.79404, 'recall_weighted': 0.79404}
Validation statistic: Loss: 1.0149, dev_score: {'accuracy': 0.6004098001786309, 'balanced_accuracy': 0.5228408572118649, 'f1_macro': 0.41729475518591824, 'f1_micro': 0.6004098001786309, 'f1_weighted': 0.606015645207127, 'precision_macro': 0.40434473002992316, 'precision_micro': 0.6004098001786309, 'precision_weighted': 0.6426886185372309, 'recall_macro': 0.5228408572118649, 'recall_micro': 0.6004098001786309, 'recall_weighted': 0.6004098001786309}
Saving model...
Model saved!
-------------------------------------------
-----------------------
Epoch 5/100
Training statistic: Loss: 0.4509, train_score: {'accuracy': 0.80968, 'balanced_accuracy': 0.7613761197234333, 'f1_macro': 0.7464641945447443, 'f1_micro': 0.80968, 'f1_weighted': 0.8090077608586583, 'precision_macro': 0.7406146555283064, 'precision_micro': 0.80968, 'precision_weighted': 0.8095839882840659, 'recall_macro': 0.7613761197234333, 'recall_micro': 0.80968, 'recall_weighted': 0.80968}
Validation statistic: Loss: 0.9776, dev_score: {'accuracy': 0.6164515507609324, 'balanced_accuracy': 0.537559663225004, 'f1_macro': 0.4411137143922116, 'f1_micro': 0.6164515507609324, 'f1_weighted': 0.6239537617580074, 'precision_macro': 0.418530001319852, 'precision_micro': 0.6164515507609324, 'precision_weighted': 0.6498777623622985, 'recall_macro': 0.537559663225004, 'recall_micro': 0.6164515507609324, 'recall_weighted': 0.6164515507609324}
Saving model...
Model saved!
-------------------------------------------
-----------------------
Epoch 6/100
Training statistic: Loss: 0.4409, train_score: {'accuracy': 0.81518, 'balanced_accuracy': 0.7771707902086659, 'f1_macro': 0.7490636183985045, 'f1_micro': 0.81518, 'f1_weighted': 0.8150105914144864, 'precision_macro': 0.7334417999592323, 'precision_micro': 0.81518, 'precision_weighted': 0.8172063504118668, 'recall_macro': 0.7771707902086659, 'recall_micro': 0.81518, 'recall_weighted': 0.81518}
Validation statistic: Loss: 1.0217, dev_score: {'accuracy': 0.6040874940894205, 'balanced_accuracy': 0.5481453874179898, 'f1_macro': 0.4359991271584818, 'f1_micro': 0.6040874940894205, 'f1_weighted': 0.6145057575122879, 'precision_macro': 0.40773765303597226, 'precision_micro': 0.6040874940894205, 'precision_weighted': 0.6471838098363106, 'recall_macro': 0.5481453874179898, 'recall_micro': 0.6040874940894205, 'recall_weighted': 0.6040874940894205}
-----------------------
Epoch 7/100
Training statistic: Loss: 0.4166, train_score: {'accuracy': 0.82524, 'balanced_accuracy': 0.7697239327355397, 'f1_macro': 0.7673703553452158, 'f1_micro': 0.82524, 'f1_weighted': 0.8246805261832918, 'precision_macro': 0.7671987782346534, 'precision_micro': 0.82524, 'precision_weighted': 0.8253035933196433, 'recall_macro': 0.7697239327355397, 'recall_micro': 0.82524, 'recall_weighted': 0.82524}
Validation statistic: Loss: 0.9995, dev_score: {'accuracy': 0.6218279890019439, 'balanced_accuracy': 0.5225733342913805, 'f1_macro': 0.4539274498127663, 'f1_micro': 0.6218279890019439, 'f1_weighted': 0.6276509285501201, 'precision_macro': 0.4310629143449787, 'precision_micro': 0.6218279890019439, 'precision_weighted': 0.6530769506217678, 'recall_macro': 0.5225733342913805, 'recall_micro': 0.6218279890019439, 'recall_weighted': 0.6218279890019439}
-----------------------
Epoch 8/100
Training statistic: Loss: 0.4052, train_score: {'accuracy': 0.83089, 'balanced_accuracy': 0.7936260802121371, 'f1_macro': 0.7755960140809223, 'f1_micro': 0.83089, 'f1_weighted': 0.8306044835533758, 'precision_macro': 0.7627679140507032, 'precision_micro': 0.83089, 'precision_weighted': 0.8320485839536527, 'recall_macro': 0.7936260802121371, 'recall_micro': 0.83089, 'recall_weighted': 0.83089}
Validation statistic: Loss: 1.0018, dev_score: {'accuracy': 0.6200066548746958, 'balanced_accuracy': 0.5652238210823443, 'f1_macro': 0.4682884449544113, 'f1_micro': 0.6200066548746958, 'f1_weighted': 0.6277500059111711, 'precision_macro': 0.43362770441599413, 'precision_micro': 0.6200066548746958, 'precision_weighted': 0.6549194499535089, 'recall_macro': 0.5652238210823443, 'recall_micro': 0.6200066548746958, 'recall_weighted': 0.6200066548746958}
-----------------------
Epoch 9/100
Training statistic: Loss: 0.3963, train_score: {'accuracy': 0.83103, 'balanced_accuracy': 0.7844668248686089, 'f1_macro': 0.7744536313786995, 'f1_micro': 0.83103, 'f1_weighted': 0.8308710560459253, 'precision_macro': 0.7663322459175433, 'precision_micro': 0.83103, 'precision_weighted': 0.8324329018822892, 'recall_macro': 0.7844668248686089, 'recall_micro': 0.83103, 'recall_weighted': 0.83103}
Validation statistic: Loss: 1.0235, dev_score: {'accuracy': 0.6163464737920527, 'balanced_accuracy': 0.5405027291463383, 'f1_macro': 0.4579904953838185, 'f1_micro': 0.6163464737920527, 'f1_weighted': 0.626185521889312, 'precision_macro': 0.4267303464180519, 'precision_micro': 0.6163464737920527, 'precision_weighted': 0.651445121642731, 'recall_macro': 0.5405027291463383, 'recall_micro': 0.6163464737920527, 'recall_weighted': 0.6163464737920527}
-----------------------
Epoch 10/100
Training statistic: Loss: 0.3746, train_score: {'accuracy': 0.84344, 'balanced_accuracy': 0.7854579317218986, 'f1_macro': 0.7880000483120527, 'f1_micro': 0.84344, 'f1_weighted': 0.8429875395924864, 'precision_macro': 0.791868721383708, 'precision_micro': 0.84344, 'precision_weighted': 0.8435490259438506, 'recall_macro': 0.7854579317218986, 'recall_micro': 0.84344, 'recall_weighted': 0.84344}
Validation statistic: Loss: 0.9778, dev_score: {'accuracy': 0.6296387103553353, 'balanced_accuracy': 0.514125324508723, 'f1_macro': 0.45193439023377896, 'f1_micro': 0.6296387103553353, 'f1_weighted': 0.6353826642216966, 'precision_macro': 0.4251601835740661, 'precision_micro': 0.6296387103553353, 'precision_weighted': 0.657607293385469, 'recall_macro': 0.514125324508723, 'recall_micro': 0.6296387103553353, 'recall_weighted': 0.6296387103553353}
-----------------------
Epoch 11/100
Training statistic: Loss: 0.3715, train_score: {'accuracy': 0.8465, 'balanced_accuracy': 0.7985337270112028, 'f1_macro': 0.7834348496062222, 'f1_micro': 0.8465, 'f1_weighted': 0.8469804440261496, 'precision_macro': 0.7715778121705646, 'precision_micro': 0.8465, 'precision_weighted': 0.8484940946900172, 'recall_macro': 0.7985337270112028, 'recall_micro': 0.8465, 'recall_weighted': 0.8465}
Validation statistic: Loss: 0.9786, dev_score: {'accuracy': 0.6340344302201363, 'balanced_accuracy': 0.5368307770602814, 'f1_macro': 0.46201697860159524, 'f1_micro': 0.6340344302201363, 'f1_weighted': 0.6449883441571108, 'precision_macro': 0.4295997457206661, 'precision_micro': 0.6340344302201363, 'precision_weighted': 0.6649774176818223, 'recall_macro': 0.5368307770602814, 'recall_micro': 0.6340344302201363, 'recall_weighted': 0.6340344302201363}
-----------------------
Epoch 12/100
Training statistic: Loss: 0.3642, train_score: {'accuracy': 0.84839, 'balanced_accuracy': 0.8038268045596266, 'f1_macro': 0.7922150754775844, 'f1_micro': 0.84839, 'f1_weighted': 0.8484192540202214, 'precision_macro': 0.7827341003781848, 'precision_micro': 0.84839, 'precision_weighted': 0.8492714740006208, 'recall_macro': 0.8038268045596266, 'recall_micro': 0.84839, 'recall_weighted': 0.84839}
Validation statistic: Loss: 1.0190, dev_score: {'accuracy': 0.6281676327910194, 'balanced_accuracy': 0.5629478273503816, 'f1_macro': 0.46661800653139157, 'f1_micro': 0.6281676327910194, 'f1_weighted': 0.6379580151669684, 'precision_macro': 0.4272242499576609, 'precision_micro': 0.6281676327910194, 'precision_weighted': 0.658997038640582, 'recall_macro': 0.5629478273503816, 'recall_micro': 0.6281676327910194, 'recall_weighted': 0.6281676327910194}
-----------------------
Epoch 13/100
Training statistic: Loss: 0.3475, train_score: {'accuracy': 0.85441, 'balanced_accuracy': 0.8047296894673394, 'f1_macro': 0.7934256788294037, 'f1_micro': 0.85441, 'f1_weighted': 0.8542900186370082, 'precision_macro': 0.7849481135215388, 'precision_micro': 0.85441, 'precision_weighted': 0.8548255336319104, 'recall_macro': 0.8047296894673394, 'recall_micro': 0.85441, 'recall_weighted': 0.85441}
Validation statistic: Loss: 0.9955, dev_score: {'accuracy': 0.6317752753892226, 'balanced_accuracy': 0.55812139401959, 'f1_macro': 0.4691031641173692, 'f1_micro': 0.6317752753892226, 'f1_weighted': 0.6412478091463635, 'precision_macro': 0.4323400683076017, 'precision_micro': 0.6317752753892226, 'precision_weighted': 0.6601482453105967, 'recall_macro': 0.55812139401959, 'recall_micro': 0.6317752753892226, 'recall_weighted': 0.6317752753892226}
-----------------------
Epoch 14/100
Training statistic: Loss: 0.3476, train_score: {'accuracy': 0.85808, 'balanced_accuracy': 0.8200113147827862, 'f1_macro': 0.8050803121279169, 'f1_micro': 0.85808, 'f1_weighted': 0.8583508695337407, 'precision_macro': 0.7921922926471773, 'precision_micro': 0.85808, 'precision_weighted': 0.8590626753920935, 'recall_macro': 0.8200113147827862, 'recall_micro': 0.85808, 'recall_weighted': 0.85808}
Validation statistic: Loss: 1.0191, dev_score: {'accuracy': 0.6324232500306475, 'balanced_accuracy': 0.5317583279507723, 'f1_macro': 0.4619540598936448, 'f1_micro': 0.6324232500306475, 'f1_weighted': 0.6412150971306545, 'precision_macro': 0.4266124481425382, 'precision_micro': 0.6324232500306475, 'precision_weighted': 0.6592212633105107, 'recall_macro': 0.5317583279507723, 'recall_micro': 0.6324232500306475, 'recall_weighted': 0.6324232500306475}
-----------------------
Epoch 15/100
Training statistic: Loss: 0.3376, train_score: {'accuracy': 0.8613, 'balanced_accuracy': 0.8213504263199419, 'f1_macro': 0.8056472968830695, 'f1_micro': 0.8613, 'f1_weighted': 0.86126394585721, 'precision_macro': 0.7935015030285254, 'precision_micro': 0.8613, 'precision_weighted': 0.8623441224330902, 'recall_macro': 0.8213504263199419, 'recall_micro': 0.8613, 'recall_weighted': 0.8613}
Validation statistic: Loss: 1.0604, dev_score: {'accuracy': 0.6279925045095532, 'balanced_accuracy': 0.5541366439499421, 'f1_macro': 0.4690670080948589, 'f1_micro': 0.6279925045095532, 'f1_weighted': 0.6377055012984543, 'precision_macro': 0.43031177062054915, 'precision_micro': 0.6279925045095532, 'precision_weighted': 0.6566456178602758, 'recall_macro': 0.5541366439499421, 'recall_micro': 0.6279925045095532, 'recall_weighted': 0.6279925045095532}
-----------------------
Epoch 16/100
Training statistic: Loss: 0.3340, train_score: {'accuracy': 0.86248, 'balanced_accuracy': 0.81610360873401, 'f1_macro': 0.8107540479404104, 'f1_micro': 0.86248, 'f1_weighted': 0.8625785712458822, 'precision_macro': 0.8065830762765016, 'precision_micro': 0.86248, 'precision_weighted': 0.8630752118973662, 'recall_macro': 0.81610360873401, 'recall_micro': 0.86248, 'recall_weighted': 0.86248}
Validation statistic: Loss: 0.9684, dev_score: {'accuracy': 0.6454352813435842, 'balanced_accuracy': 0.5323932184785611, 'f1_macro': 0.47634055088443555, 'f1_micro': 0.6454352813435842, 'f1_weighted': 0.6520722951853914, 'precision_macro': 0.4429897711382159, 'precision_micro': 0.6454352813435842, 'precision_weighted': 0.6638822161876137, 'recall_macro': 0.5323932184785611, 'recall_micro': 0.6454352813435842, 'recall_weighted': 0.6454352813435842}
Saving model...
Model saved!
-------------------------------------------
-----------------------
Epoch 17/100
Training statistic: Loss: 0.3177, train_score: {'accuracy': 0.86985, 'balanced_accuracy': 0.822970726345997, 'f1_macro': 0.8184923873943747, 'f1_micro': 0.86985, 'f1_weighted': 0.8700588429179422, 'precision_macro': 0.8143771090235793, 'precision_micro': 0.86985, 'precision_weighted': 0.8706210503368074, 'recall_macro': 0.822970726345997, 'recall_micro': 0.86985, 'recall_weighted': 0.86985}
Validation statistic: Loss: 1.0505, dev_score: {'accuracy': 0.6395159454300275, 'balanced_accuracy': 0.5346390693380043, 'f1_macro': 0.4702784597737025, 'f1_micro': 0.6395159454300275, 'f1_weighted': 0.6495142852028554, 'precision_macro': 0.43681421366373413, 'precision_micro': 0.6395159454300275, 'precision_weighted': 0.6668691894060387, 'recall_macro': 0.5346390693380043, 'recall_micro': 0.6395159454300275, 'recall_weighted': 0.6395159454300275}
-----------------------
Epoch 18/100
Training statistic: Loss: 0.3245, train_score: {'accuracy': 0.86613, 'balanced_accuracy': 0.824671942920601, 'f1_macro': 0.8154635927024972, 'f1_micro': 0.86613, 'f1_weighted': 0.8665002385252564, 'precision_macro': 0.8081454569737837, 'precision_micro': 0.86613, 'precision_weighted': 0.8677342683522311, 'recall_macro': 0.824671942920601, 'recall_micro': 0.86613, 'recall_weighted': 0.86613}
Validation statistic: Loss: 1.0144, dev_score: {'accuracy': 0.6411796641039561, 'balanced_accuracy': 0.5327786902373186, 'f1_macro': 0.47062512730305667, 'f1_micro': 0.6411796641039561, 'f1_weighted': 0.6506004451304912, 'precision_macro': 0.43717067669095055, 'precision_micro': 0.6411796641039561, 'precision_weighted': 0.6656139704428939, 'recall_macro': 0.5327786902373186, 'recall_micro': 0.6411796641039561, 'recall_weighted': 0.6411796641039561}
-----------------------
Epoch 19/100
Training statistic: Loss: 0.3129, train_score: {'accuracy': 0.87349, 'balanced_accuracy': 0.8319929788353491, 'f1_macro': 0.8183393216615904, 'f1_micro': 0.87349, 'f1_weighted': 0.8735742869977807, 'precision_macro': 0.8074812322380583, 'precision_micro': 0.87349, 'precision_weighted': 0.8745992214164063, 'recall_macro': 0.8319929788353491, 'recall_micro': 0.87349, 'recall_weighted': 0.87349}
Validation statistic: Loss: 1.0538, dev_score: {'accuracy': 0.6363110978791965, 'balanced_accuracy': 0.5544948509625374, 'f1_macro': 0.47184782725900015, 'f1_micro': 0.6363110978791965, 'f1_weighted': 0.6459227980887332, 'precision_macro': 0.43314275889567017, 'precision_micro': 0.6363110978791965, 'precision_weighted': 0.663339580567579, 'recall_macro': 0.5544948509625374, 'recall_micro': 0.6363110978791965, 'recall_weighted': 0.6363110978791965}
-----------------------
Epoch 20/100
Training statistic: Loss: 0.3070, train_score: {'accuracy': 0.87514, 'balanced_accuracy': 0.8233678249829038, 'f1_macro': 0.8205546307813119, 'f1_micro': 0.87514, 'f1_weighted': 0.8753364387649912, 'precision_macro': 0.8179651246719333, 'precision_micro': 0.87514, 'precision_weighted': 0.8756795743333053, 'recall_macro': 0.8233678249829038, 'recall_micro': 0.87514, 'recall_weighted': 0.87514}
Validation statistic: Loss: 1.0343, dev_score: {'accuracy': 0.6453652300309977, 'balanced_accuracy': 0.5135984531300773, 'f1_macro': 0.4634041450046551, 'f1_micro': 0.6453652300309977, 'f1_weighted': 0.6533286140756911, 'precision_macro': 0.43339887362690827, 'precision_micro': 0.6453652300309977, 'precision_weighted': 0.6658242458561817, 'recall_macro': 0.5135984531300773, 'recall_micro': 0.6453652300309977, 'recall_weighted': 0.6453652300309977}
-----------------------
Epoch 21/100
Training statistic: Loss: 0.3020, train_score: {'accuracy': 0.87497, 'balanced_accuracy': 0.8276838819575689, 'f1_macro': 0.8212516398120185, 'f1_micro': 0.87497, 'f1_weighted': 0.8750680375266022, 'precision_macro': 0.8164728821748436, 'precision_micro': 0.87497, 'precision_weighted': 0.8755601982814529, 'recall_macro': 0.8276838819575689, 'recall_micro': 0.87497, 'recall_weighted': 0.87497}
Validation statistic: Loss: 1.0662, dev_score: {'accuracy': 0.6406192536032644, 'balanced_accuracy': 0.5697776743748417, 'f1_macro': 0.4899631567345622, 'f1_micro': 0.6406192536032644, 'f1_weighted': 0.647807911416771, 'precision_macro': 0.45001845513934846, 'precision_micro': 0.6406192536032644, 'precision_weighted': 0.6610688389441589, 'recall_macro': 0.5697776743748417, 'recall_micro': 0.6406192536032644, 'recall_weighted': 0.6406192536032644}
-----------------------
Epoch 22/100
Training statistic: Loss: 0.2928, train_score: {'accuracy': 0.87918, 'balanced_accuracy': 0.8294331330865371, 'f1_macro': 0.8254825086277963, 'f1_micro': 0.87918, 'f1_weighted': 0.8791264292327856, 'precision_macro': 0.8223609873069068, 'precision_micro': 0.87918, 'precision_weighted': 0.8792580377423785, 'recall_macro': 0.8294331330865371, 'recall_micro': 0.87918, 'recall_weighted': 0.87918}
Validation statistic: Loss: 1.0608, dev_score: {'accuracy': 0.641915202886114, 'balanced_accuracy': 0.5302365744143337, 'f1_macro': 0.4708259967157595, 'f1_micro': 0.641915202886114, 'f1_weighted': 0.6484019321486695, 'precision_macro': 0.437551995126953, 'precision_micro': 0.641915202886114, 'precision_weighted': 0.6601865354880849, 'recall_macro': 0.5302365744143337, 'recall_micro': 0.641915202886114, 'recall_weighted': 0.641915202886114}
-----------------------
Epoch 23/100
Training statistic: Loss: 0.2883, train_score: {'accuracy': 0.87971, 'balanced_accuracy': 0.8331584445623645, 'f1_macro': 0.8269905722855974, 'f1_micro': 0.87971, 'f1_weighted': 0.8797087805215816, 'precision_macro': 0.8228571258699441, 'precision_micro': 0.87971, 'precision_weighted': 0.880598539253599, 'recall_macro': 0.8331584445623645, 'recall_micro': 0.87971, 'recall_weighted': 0.87971}
Validation statistic: Loss: 1.0598, dev_score: {'accuracy': 0.6443319731703473, 'balanced_accuracy': 0.5347531221029433, 'f1_macro': 0.47436721657827935, 'f1_micro': 0.6443319731703473, 'f1_weighted': 0.6528129481495912, 'precision_macro': 0.4409665435930969, 'precision_micro': 0.6443319731703473, 'precision_weighted': 0.6667341785891019, 'recall_macro': 0.5347531221029433, 'recall_micro': 0.6443319731703473, 'recall_weighted': 0.6443319731703473}
-----------------------
Epoch 24/100
Training statistic: Loss: 0.2905, train_score: {'accuracy': 0.88154, 'balanced_accuracy': 0.8311056621939766, 'f1_macro': 0.8297297077837763, 'f1_micro': 0.88154, 'f1_weighted': 0.8818568275751196, 'precision_macro': 0.8289710173438642, 'precision_micro': 0.88154, 'precision_weighted': 0.8824834897371824, 'recall_macro': 0.8311056621939766, 'recall_micro': 0.88154, 'recall_weighted': 0.88154}
Validation statistic: Loss: 1.0537, dev_score: {'accuracy': 0.6496208472706257, 'balanced_accuracy': 0.505963626937233, 'f1_macro': 0.46757493341769774, 'f1_micro': 0.6496208472706257, 'f1_weighted': 0.6539281622770488, 'precision_macro': 0.4411629426822397, 'precision_micro': 0.6496208472706257, 'precision_weighted': 0.6621279689659055, 'recall_macro': 0.505963626937233, 'recall_micro': 0.6496208472706257, 'recall_weighted': 0.6496208472706257}
-----------------------
Epoch 25/100
Training statistic: Loss: 0.2958, train_score: {'accuracy': 0.87867, 'balanced_accuracy': 0.8318465229937387, 'f1_macro': 0.8257117561784598, 'f1_micro': 0.87867, 'f1_weighted': 0.8787515768049312, 'precision_macro': 0.8215735752225102, 'precision_micro': 0.87867, 'precision_weighted': 0.8799772773150619, 'recall_macro': 0.8318465229937387, 'recall_micro': 0.87867, 'recall_weighted': 0.87867}
Validation statistic: Loss: 1.0735, dev_score: {'accuracy': 0.6306369415596925, 'balanced_accuracy': 0.5437348431389866, 'f1_macro': 0.4679247489040951, 'f1_micro': 0.6306369415596925, 'f1_weighted': 0.6418937988792859, 'precision_macro': 0.4344818708064186, 'precision_micro': 0.6306369415596925, 'precision_weighted': 0.6617790357433726, 'recall_macro': 0.5437348431389866, 'recall_micro': 0.6306369415596925, 'recall_weighted': 0.6306369415596925}
-----------------------
Epoch 26/100
Training statistic: Loss: 0.2818, train_score: {'accuracy': 0.88573, 'balanced_accuracy': 0.8384709126904383, 'f1_macro': 0.8335367223506971, 'f1_micro': 0.88573, 'f1_weighted': 0.8858141246045496, 'precision_macro': 0.8297132860623082, 'precision_micro': 0.88573, 'precision_weighted': 0.8864654867243059, 'recall_macro': 0.8384709126904383, 'recall_micro': 0.88573, 'recall_weighted': 0.88573}
Validation statistic: Loss: 1.0406, dev_score: {'accuracy': 0.642650741668272, 'balanced_accuracy': 0.5526238091964839, 'f1_macro': 0.48618926324097134, 'f1_micro': 0.642650741668272, 'f1_weighted': 0.6502465983432741, 'precision_macro': 0.4509660601712145, 'precision_micro': 0.642650741668272, 'precision_weighted': 0.6620395675856368, 'recall_macro': 0.5526238091964839, 'recall_micro': 0.642650741668272, 'recall_weighted': 0.642650741668272}
-----------------------
Epoch 27/100
Training statistic: Loss: 0.2782, train_score: {'accuracy': 0.88677, 'balanced_accuracy': 0.8346543662892756, 'f1_macro': 0.8311387105102831, 'f1_micro': 0.88677, 'f1_weighted': 0.8870085065153599, 'precision_macro': 0.8281547130148291, 'precision_micro': 0.88677, 'precision_weighted': 0.8874271708161199, 'recall_macro': 0.8346543662892756, 'recall_micro': 0.88677, 'recall_weighted': 0.88677}
Validation statistic: Loss: 1.1146, dev_score: {'accuracy': 0.6365387646451025, 'balanced_accuracy': 0.5149866004083532, 'f1_macro': 0.45798076562347995, 'f1_micro': 0.6365387646451025, 'f1_weighted': 0.6443129365016798, 'precision_macro': 0.426702646760181, 'precision_micro': 0.6365387646451025, 'precision_weighted': 0.6588353066179244, 'recall_macro': 0.5149866004083532, 'recall_micro': 0.6365387646451025, 'recall_weighted': 0.6365387646451025}
-----------------------
Epoch 28/100
Training statistic: Loss: 0.2772, train_score: {'accuracy': 0.8875, 'balanced_accuracy': 0.8396243002095458, 'f1_macro': 0.8353034039268552, 'f1_micro': 0.8875, 'f1_weighted': 0.8875647312707868, 'precision_macro': 0.8326586855057804, 'precision_micro': 0.8875, 'precision_weighted': 0.8880994601949284, 'recall_macro': 0.8396243002095458, 'recall_micro': 0.8875, 'recall_weighted': 0.8875}
Validation statistic: Loss: 1.1627, dev_score: {'accuracy': 0.6396035095707606, 'balanced_accuracy': 0.5164213899061417, 'f1_macro': 0.4595583236968451, 'f1_micro': 0.6396035095707606, 'f1_weighted': 0.6468386657640657, 'precision_macro': 0.4265587996890017, 'precision_micro': 0.6396035095707606, 'precision_weighted': 0.6606654172426484, 'recall_macro': 0.5164213899061417, 'recall_micro': 0.6396035095707606, 'recall_weighted': 0.6396035095707606}
-----------------------
Epoch 29/100
Training statistic: Loss: 0.2735, train_score: {'accuracy': 0.89033, 'balanced_accuracy': 0.8369603671697025, 'f1_macro': 0.834926682346039, 'f1_micro': 0.89033, 'f1_weighted': 0.8902249192762969, 'precision_macro': 0.8341265522542788, 'precision_micro': 0.89033, 'precision_weighted': 0.8906102658607689, 'recall_macro': 0.8369603671697025, 'recall_micro': 0.89033, 'recall_weighted': 0.89033}
Validation statistic: Loss: 1.0666, dev_score: {'accuracy': 0.6415474334950351, 'balanced_accuracy': 0.5317935994737297, 'f1_macro': 0.46942773557073425, 'f1_micro': 0.6415474334950351, 'f1_weighted': 0.649929159696784, 'precision_macro': 0.43798758998774207, 'precision_micro': 0.6415474334950351, 'precision_weighted': 0.6645550191441846, 'recall_macro': 0.5317935994737297, 'recall_micro': 0.6415474334950351, 'recall_weighted': 0.6415474334950351}
-----------------------
Epoch 30/100
Training statistic: Loss: 0.2682, train_score: {'accuracy': 0.89166, 'balanced_accuracy': 0.8402535157392236, 'f1_macro': 0.8397980974825495, 'f1_micro': 0.89166, 'f1_weighted': 0.8917062161636905, 'precision_macro': 0.8396671109223961, 'precision_micro': 0.89166, 'precision_weighted': 0.8919968469207145, 'recall_macro': 0.8402535157392236, 'recall_micro': 0.89166, 'recall_weighted': 0.89166}
Validation statistic: Loss: 1.1191, dev_score: {'accuracy': 0.6445946655925465, 'balanced_accuracy': 0.5112243262489945, 'f1_macro': 0.4620951797140025, 'f1_micro': 0.6445946655925465, 'f1_weighted': 0.6513573384706798, 'precision_macro': 0.4358275867729713, 'precision_micro': 0.6445946655925465, 'precision_weighted': 0.6639197792673581, 'recall_macro': 0.5112243262489945, 'recall_micro': 0.6445946655925465, 'recall_weighted': 0.6445946655925465}
-----------------------
Epoch 31/100
Training statistic: Loss: 0.2610, train_score: {'accuracy': 0.89439, 'balanced_accuracy': 0.8463475778771384, 'f1_macro': 0.8405996686236998, 'f1_micro': 0.89439, 'f1_weighted': 0.8943726520380031, 'precision_macro': 0.835867419506682, 'precision_micro': 0.89439, 'precision_weighted': 0.8946859059747538, 'recall_macro': 0.8463475778771384, 'recall_micro': 0.89439, 'recall_weighted': 0.89439}
Validation statistic: Loss: 1.1105, dev_score: {'accuracy': 0.6405492022906779, 'balanced_accuracy': 0.5397578832787637, 'f1_macro': 0.4776700183703055, 'f1_micro': 0.6405492022906779, 'f1_weighted': 0.6469835664215672, 'precision_macro': 0.4408018852308779, 'precision_micro': 0.6405492022906779, 'precision_weighted': 0.6597038096098854, 'recall_macro': 0.5397578832787637, 'recall_micro': 0.6405492022906779, 'recall_weighted': 0.6405492022906779}
-----------------------
Epoch 32/100
Training statistic: Loss: 0.2717, train_score: {'accuracy': 0.88853, 'balanced_accuracy': 0.8485109484952751, 'f1_macro': 0.8401253361311269, 'f1_micro': 0.88853, 'f1_weighted': 0.8889229553804274, 'precision_macro': 0.8326661111192297, 'precision_micro': 0.88853, 'precision_weighted': 0.8895573491442952, 'recall_macro': 0.8485109484952751, 'recall_micro': 0.88853, 'recall_weighted': 0.88853}
Validation statistic: Loss: 1.1321, dev_score: {'accuracy': 0.6447697938740127, 'balanced_accuracy': 0.5446416308971659, 'f1_macro': 0.4822216913295301, 'f1_micro': 0.6447697938740127, 'f1_weighted': 0.65170725268685, 'precision_macro': 0.4465182689297468, 'precision_micro': 0.6447697938740127, 'precision_weighted': 0.6646984419264995, 'recall_macro': 0.5446416308971659, 'recall_micro': 0.6447697938740127, 'recall_weighted': 0.6447697938740127}
-----------------------
Epoch 33/100
Training statistic: Loss: 0.2760, train_score: {'accuracy': 0.89059, 'balanced_accuracy': 0.8377451379208086, 'f1_macro': 0.8360072538918822, 'f1_micro': 0.89059, 'f1_weighted': 0.8906944467692526, 'precision_macro': 0.834593944167345, 'precision_micro': 0.89059, 'precision_weighted': 0.8908792084867504, 'recall_macro': 0.8377451379208086, 'recall_micro': 0.89059, 'recall_weighted': 0.89059}
Validation statistic: Loss: 1.1357, dev_score: {'accuracy': 0.6446822297332796, 'balanced_accuracy': 0.5291925961180807, 'f1_macro': 0.47204978954847665, 'f1_micro': 0.6446822297332796, 'f1_weighted': 0.6518908822732091, 'precision_macro': 0.4381424769603176, 'precision_micro': 0.6446822297332796, 'precision_weighted': 0.6644934197978362, 'recall_macro': 0.5291925961180807, 'recall_micro': 0.6446822297332796, 'recall_weighted': 0.6446822297332796}
-----------------------
Epoch 34/100
Training statistic: Loss: 0.2589, train_score: {'accuracy': 0.89739, 'balanced_accuracy': 0.8516697984257494, 'f1_macro': 0.846308216391043, 'f1_micro': 0.89739, 'f1_weighted': 0.8976256126713098, 'precision_macro': 0.8413300430120937, 'precision_micro': 0.89739, 'precision_weighted': 0.8980415408817513, 'recall_macro': 0.8516697984257494, 'recall_micro': 0.89739, 'recall_weighted': 0.89739}
Validation statistic: Loss: 1.1352, dev_score: {'accuracy': 0.639585996742614, 'balanced_accuracy': 0.5146329930707134, 'f1_macro': 0.4591053560025195, 'f1_micro': 0.639585996742614, 'f1_weighted': 0.6465921279039734, 'precision_macro': 0.427638866939777, 'precision_micro': 0.639585996742614, 'precision_weighted': 0.6602245540406831, 'recall_macro': 0.5146329930707134, 'recall_micro': 0.639585996742614, 'recall_weighted': 0.639585996742614}
-----------------------
Epoch 35/100
Training statistic: Loss: 0.2523, train_score: {'accuracy': 0.89972, 'balanced_accuracy': 0.847559004790868, 'f1_macro': 0.8456992806961195, 'f1_micro': 0.89972, 'f1_weighted': 0.8997699395881995, 'precision_macro': 0.8445184367002573, 'precision_micro': 0.89972, 'precision_weighted': 0.9000892151724258, 'recall_macro': 0.847559004790868, 'recall_micro': 0.89972, 'recall_weighted': 0.89972}
Validation statistic: Loss: 1.1304, dev_score: {'accuracy': 0.6475893592056181, 'balanced_accuracy': 0.5347704407191208, 'f1_macro': 0.4784740941148053, 'f1_micro': 0.6475893592056181, 'f1_weighted': 0.6545891938669959, 'precision_macro': 0.4450007446093644, 'precision_micro': 0.6475893592056181, 'precision_weighted': 0.6674875545245408, 'recall_macro': 0.5347704407191208, 'recall_micro': 0.6475893592056181, 'recall_weighted': 0.6475893592056181}
-----------------------
Epoch 36/100
Training statistic: Loss: 0.2540, train_score: {'accuracy': 0.89717, 'balanced_accuracy': 0.8477130649210952, 'f1_macro': 0.8467407478973731, 'f1_micro': 0.89717, 'f1_weighted': 0.8973141266594683, 'precision_macro': 0.8462258441607654, 'precision_micro': 0.89717, 'precision_weighted': 0.8977080363711777, 'recall_macro': 0.8477130649210952, 'recall_micro': 0.89717, 'recall_weighted': 0.89717}
Validation statistic: Loss: 1.1723, dev_score: {'accuracy': 0.6482548466751896, 'balanced_accuracy': 0.5340186862968591, 'f1_macro': 0.4851365470610879, 'f1_micro': 0.6482548466751896, 'f1_weighted': 0.6542700062806979, 'precision_macro': 0.4537364715555064, 'precision_micro': 0.6482548466751896, 'precision_weighted': 0.6647082965919777, 'recall_macro': 0.5340186862968591, 'recall_micro': 0.6482548466751896, 'recall_weighted': 0.6482548466751896}
-----------------------
Epoch 37/100
Training statistic: Loss: 0.2581, train_score: {'accuracy': 0.89676, 'balanced_accuracy': 0.8544500254108732, 'f1_macro': 0.8441964043305218, 'f1_micro': 0.89676, 'f1_weighted': 0.8968553147871643, 'precision_macro': 0.8356312100213256, 'precision_micro': 0.89676, 'precision_weighted': 0.8972048257927884, 'recall_macro': 0.8544500254108732, 'recall_micro': 0.89676, 'recall_weighted': 0.89676}
Validation statistic: Loss: 1.1139, dev_score: {'accuracy': 0.6478870772841107, 'balanced_accuracy': 0.5324273140734569, 'f1_macro': 0.47458924084185533, 'f1_micro': 0.6478870772841107, 'f1_weighted': 0.6538257833993006, 'precision_macro': 0.4421529186897891, 'precision_micro': 0.6478870772841107, 'precision_weighted': 0.6661127128218154, 'recall_macro': 0.5324273140734569, 'recall_micro': 0.6478870772841107, 'recall_weighted': 0.6478870772841107}
-----------------------
Epoch 38/100
Training statistic: Loss: 0.2474, train_score: {'accuracy': 0.9006, 'balanced_accuracy': 0.8573278529697739, 'f1_macro': 0.8476585722662618, 'f1_micro': 0.9006, 'f1_weighted': 0.9009965941087089, 'precision_macro': 0.8391066844161778, 'precision_micro': 0.9006, 'precision_weighted': 0.9021354580306858, 'recall_macro': 0.8573278529697739, 'recall_micro': 0.9006, 'recall_weighted': 0.9006}
Validation statistic: Loss: 1.2278, dev_score: {'accuracy': 0.6428959212623246, 'balanced_accuracy': 0.5326197150750015, 'f1_macro': 0.47337747742679814, 'f1_micro': 0.6428959212623246, 'f1_weighted': 0.6511090742542668, 'precision_macro': 0.4395483201202008, 'precision_micro': 0.6428959212623246, 'precision_weighted': 0.6657071938899989, 'recall_macro': 0.5326197150750015, 'recall_micro': 0.6428959212623246, 'recall_weighted': 0.6428959212623246}
-----------------------
Epoch 39/100
Training statistic: Loss: 0.2476, train_score: {'accuracy': 0.90023, 'balanced_accuracy': 0.8464960024674667, 'f1_macro': 0.8456173966830033, 'f1_micro': 0.90023, 'f1_weighted': 0.9006130074058779, 'precision_macro': 0.8464083075065048, 'precision_micro': 0.90023, 'precision_weighted': 0.9015666000985408, 'recall_macro': 0.8464960024674667, 'recall_micro': 0.90023, 'recall_weighted': 0.90023}
Validation statistic: Loss: 1.1352, dev_score: {'accuracy': 0.6500936936305844, 'balanced_accuracy': 0.5168650742649398, 'f1_macro': 0.46869902823664056, 'f1_micro': 0.6500936936305844, 'f1_weighted': 0.656750747614461, 'precision_macro': 0.4393115304406674, 'precision_micro': 0.6500936936305844, 'precision_weighted': 0.6690965606398777, 'recall_macro': 0.5168650742649398, 'recall_micro': 0.6500936936305844, 'recall_weighted': 0.6500936936305844}
-----------------------
Epoch 40/100
Training statistic: Loss: 0.2486, train_score: {'accuracy': 0.90147, 'balanced_accuracy': 0.8566262918420441, 'f1_macro': 0.8525829648635003, 'f1_micro': 0.90147, 'f1_weighted': 0.9015563229070649, 'precision_macro': 0.849416126098971, 'precision_micro': 0.90147, 'precision_weighted': 0.9018526950171616, 'recall_macro': 0.8566262918420441, 'recall_micro': 0.90147, 'recall_weighted': 0.90147}
Validation statistic: Loss: 1.1376, dev_score: {'accuracy': 0.65047897584981, 'balanced_accuracy': 0.5263451159412121, 'f1_macro': 0.4787296812220877, 'f1_micro': 0.65047897584981, 'f1_weighted': 0.6554047782933193, 'precision_macro': 0.4471639132493165, 'precision_micro': 0.65047897584981, 'precision_weighted': 0.6641213563524895, 'recall_macro': 0.5263451159412121, 'recall_micro': 0.65047897584981, 'recall_weighted': 0.65047897584981}
-----------------------
Epoch 41/100
Training statistic: Loss: 0.2445, train_score: {'accuracy': 0.90285, 'balanced_accuracy': 0.8441146186127553, 'f1_macro': 0.8456377898569952, 'f1_micro': 0.90285, 'f1_weighted': 0.9029162874598925, 'precision_macro': 0.8484259215544102, 'precision_micro': 0.90285, 'precision_weighted': 0.9032986676071532, 'recall_macro': 0.8441146186127553, 'recall_micro': 0.90285, 'recall_weighted': 0.90285}
Validation statistic: Loss: 1.1771, dev_score: {'accuracy': 0.6439817166074149, 'balanced_accuracy': 0.5254306144264687, 'f1_macro': 0.47070421152314185, 'f1_micro': 0.6439817166074149, 'f1_weighted': 0.6517156436888808, 'precision_macro': 0.4388148611980264, 'precision_micro': 0.6439817166074149, 'precision_weighted': 0.6651905194120852, 'recall_macro': 0.5254306144264687, 'recall_micro': 0.6439817166074149, 'recall_weighted': 0.6439817166074149}
-----------------------
Epoch 42/100
Training statistic: Loss: 0.2382, train_score: {'accuracy': 0.90499, 'balanced_accuracy': 0.854369206249385, 'f1_macro': 0.8541550613085696, 'f1_micro': 0.90499, 'f1_weighted': 0.9050589041133683, 'precision_macro': 0.8541817336185618, 'precision_micro': 0.90499, 'precision_weighted': 0.90541997218899, 'recall_macro': 0.854369206249385, 'recall_micro': 0.90499, 'recall_weighted': 0.90499}
Validation statistic: Loss: 1.2414, dev_score: {'accuracy': 0.6486576417225618, 'balanced_accuracy': 0.5176282056548479, 'f1_macro': 0.46841611707155917, 'f1_micro': 0.6486576417225618, 'f1_weighted': 0.6549312228056896, 'precision_macro': 0.4381567196554938, 'precision_micro': 0.6486576417225618, 'precision_weighted': 0.6659198815839769, 'recall_macro': 0.5176282056548479, 'recall_micro': 0.6486576417225618, 'recall_weighted': 0.6486576417225618}
-----------------------
Epoch 43/100
Training statistic: Loss: 0.2395, train_score: {'accuracy': 0.90548, 'balanced_accuracy': 0.8514722232739018, 'f1_macro': 0.8551408077182552, 'f1_micro': 0.90548, 'f1_weighted': 0.9053915026585302, 'precision_macro': 0.8591940168668533, 'precision_micro': 0.90548, 'precision_weighted': 0.9054681230617083, 'recall_macro': 0.8514722232739018, 'recall_micro': 0.90548, 'recall_weighted': 0.90548}
Validation statistic: Loss: 1.2163, dev_score: {'accuracy': 0.6421778953083134, 'balanced_accuracy': 0.5251880238433861, 'f1_macro': 0.46927472346792864, 'f1_micro': 0.6421778953083134, 'f1_weighted': 0.650210370976112, 'precision_macro': 0.4379514331994211, 'precision_micro': 0.6421778953083134, 'precision_weighted': 0.6638111441218899, 'recall_macro': 0.5251880238433861, 'recall_micro': 0.6421778953083134, 'recall_weighted': 0.6421778953083134}
-----------------------
Epoch 44/100
Training statistic: Loss: 0.2268, train_score: {'accuracy': 0.90977, 'balanced_accuracy': 0.8555987973308986, 'f1_macro': 0.8589691165716309, 'f1_micro': 0.90977, 'f1_weighted': 0.9096248374443409, 'precision_macro': 0.8630915556954569, 'precision_micro': 0.90977, 'precision_weighted': 0.9096611788646488, 'recall_macro': 0.8555987973308986, 'recall_micro': 0.90977, 'recall_weighted': 0.90977}
Validation statistic: Loss: 1.2394, dev_score: {'accuracy': 0.6434738445911631, 'balanced_accuracy': 0.5122453032235401, 'f1_macro': 0.46430742993112206, 'f1_micro': 0.6434738445911631, 'f1_weighted': 0.6501778510512961, 'precision_macro': 0.43522993364291096, 'precision_micro': 0.6434738445911631, 'precision_weighted': 0.6619634986451656, 'recall_macro': 0.5122453032235401, 'recall_micro': 0.6434738445911631, 'recall_weighted': 0.6434738445911631}
-----------------------
Epoch 45/100
Training statistic: Loss: 0.2403, train_score: {'accuracy': 0.90449, 'balanced_accuracy': 0.8529523246397214, 'f1_macro': 0.8532030317298565, 'f1_micro': 0.90449, 'f1_weighted': 0.9046002042023386, 'precision_macro': 0.854148622010646, 'precision_micro': 0.90449, 'precision_weighted': 0.9049105563888815, 'recall_macro': 0.8529523246397214, 'recall_micro': 0.90449, 'recall_weighted': 0.90449}
Validation statistic: Loss: 1.2150, dev_score: {'accuracy': 0.6477469746589377, 'balanced_accuracy': 0.5177959395673523, 'f1_macro': 0.4675884998742387, 'f1_micro': 0.6477469746589377, 'f1_weighted': 0.6549808727999478, 'precision_macro': 0.4389623540652478, 'precision_micro': 0.6477469746589377, 'precision_weighted': 0.6677384718242741, 'recall_macro': 0.5177959395673523, 'recall_micro': 0.6477469746589377, 'recall_weighted': 0.6477469746589377}
-----------------------
Epoch 46/100
Training statistic: Loss: 0.2357, train_score: {'accuracy': 0.90764, 'balanced_accuracy': 0.8626700027607407, 'f1_macro': 0.8561237584147638, 'f1_micro': 0.90764, 'f1_weighted': 0.9076777054537897, 'precision_macro': 0.8506354060550112, 'precision_micro': 0.90764, 'precision_weighted': 0.9079236023815084, 'recall_macro': 0.8626700027607407, 'recall_micro': 0.90764, 'recall_weighted': 0.90764}
Validation statistic: Loss: 1.1595, dev_score: {'accuracy': 0.6475193078930317, 'balanced_accuracy': 0.5204679466287427, 'f1_macro': 0.47041994407994275, 'f1_micro': 0.6475193078930317, 'f1_weighted': 0.6537357543510512, 'precision_macro': 0.43923221088858444, 'precision_micro': 0.6475193078930317, 'precision_weighted': 0.6650441167122305, 'recall_macro': 0.5204679466287427, 'recall_micro': 0.6475193078930317, 'recall_weighted': 0.6475193078930317}
-----------------------
Epoch 47/100
Training statistic: Loss: 0.2238, train_score: {'accuracy': 0.91066, 'balanced_accuracy': 0.8577356931467515, 'f1_macro': 0.8595638391896242, 'f1_micro': 0.91066, 'f1_weighted': 0.9106265618342513, 'precision_macro': 0.8624084290149777, 'precision_micro': 0.91066, 'precision_weighted': 0.9109010125537149, 'recall_macro': 0.8577356931467515, 'recall_micro': 0.91066, 'recall_weighted': 0.91066}
Validation statistic: Loss: 1.2098, dev_score: {'accuracy': 0.6501812577713175, 'balanced_accuracy': 0.5169705667316088, 'f1_macro': 0.4717318831487547, 'f1_micro': 0.6501812577713175, 'f1_weighted': 0.655096852947351, 'precision_macro': 0.4424733645476132, 'precision_micro': 0.6501812577713175, 'precision_weighted': 0.6647783815321185, 'recall_macro': 0.5169705667316088, 'recall_micro': 0.6501812577713175, 'recall_weighted': 0.6501812577713175}
Early stopping by loss triggered!
Testing statistic: loss: 0.9550372993469238, scores: {'accuracy': 0.6464, 'balanced_accuracy': 0.5364488469965487, 'f1_macro': 0.47847268165919343, 'f1_micro': 0.6464, 'f1_weighted': 0.6528045950072233, 'precision_macro': 0.4442489698694224, 'precision_micro': 0.6464, 'precision_weighted': 0.6637226833876373, 'recall_macro': 0.5364488469965487, 'recall_micro': 0.6464, 'recall_weighted': 0.6464}
Finish training!
