=====Setting up data=====
Dataset name:covertype
train_option:mix
augment_option:compare_categorical
mix_ratio:-1
n_sample:-1
Training dataset size: 614016 samples
Validation dataset size: 57216 samples

=====Setting up parameters for training=====
num_epochs: 100
learning_rate: 0.001
patience: 30
early_stop_criterion: loss
=====Setting up trainer=====
input_size: 98
model: DNN_Covertype
----------------------------------------------------------------
        Layer (type)               Output Shape         Param #
================================================================
            Linear-1                  [-1, 150]          14,850
              ReLU-2                  [-1, 150]               0
           Dropout-3                  [-1, 150]               0
            Linear-4                  [-1, 250]          37,750
              ReLU-5                  [-1, 250]               0
           Dropout-6                  [-1, 250]               0
            Linear-7                  [-1, 300]          75,300
              ReLU-8                  [-1, 300]               0
           Dropout-9                  [-1, 300]               0
           Linear-10                  [-1, 250]          75,250
             ReLU-11                  [-1, 250]               0
          Dropout-12                  [-1, 250]               0
           Linear-13                  [-1, 150]          37,650
             ReLU-14                  [-1, 150]               0
          Dropout-15                  [-1, 150]               0
           Linear-16                    [-1, 7]           1,057
================================================================
Total params: 241,857
Trainable params: 241,857
Non-trainable params: 0
----------------------------------------------------------------
Input size (MB): 0.00
Forward/backward pass size (MB): 0.03
Params size (MB): 0.92
Estimated Total Size (MB): 0.95
----------------------------------------------------------------
=====Setting up output files=====
weight_dir, weight_file: /home/thuy/Research/minh_data_synth/TabularDA/output/corrected_v2/covertype/weight/, covertype_seed42_ctgan_full_categorical_mix.weights.pth
acc_dir, acc_file: /home/thuy/Research/minh_data_synth/TabularDA/output/corrected_v2/covertype/acc/, covertype_seed42_ctgan_full_categorical_mix.epochs.csv
report_file: covertype_seed42_ctgan_full_categorical_mix.report.txt
==========================================================================================
Start training...
-----------------------
Epoch 1/100
Training statistic: Loss: 1.1439, train_score: {'accuracy': 0.6868568896794487, 'balanced_accuracy': 0.6309642338284253, 'f1_macro': 0.5722675223829701, 'f1_micro': 0.6868568896794487, 'f1_weighted': 0.6929054141067233, 'precision_macro': 0.5395073164270302, 'precision_micro': 0.6868568896794487, 'precision_weighted': 0.7068235131704168, 'recall_macro': 0.6309642338284253, 'recall_micro': 0.6868568896794487, 'recall_weighted': 0.6868568896794487}
Validation statistic: Loss: 1.3149, dev_score: {'accuracy': 0.6491830265669603, 'balanced_accuracy': 0.5867460365042457, 'f1_macro': 0.5114002701697032, 'f1_micro': 0.6491830265669603, 'f1_weighted': 0.6583963322524952, 'precision_macro': 0.4754471315231141, 'precision_micro': 0.6491830265669603, 'precision_weighted': 0.6770622887284948, 'recall_macro': 0.5867460365042457, 'recall_micro': 0.6491830265669603, 'recall_weighted': 0.6491830265669603}
Saving model...
Model saved!
-------------------------------------------
-----------------------
Epoch 2/100
Training statistic: Loss: 1.1800, train_score: {'accuracy': 0.6979904253222373, 'balanced_accuracy': 0.6104989229954223, 'f1_macro': 0.5737535939011185, 'f1_micro': 0.6979904253222373, 'f1_weighted': 0.7029230510178436, 'precision_macro': 0.5536563599446117, 'precision_micro': 0.6979904253222373, 'precision_weighted': 0.7123815143383884, 'recall_macro': 0.6104989229954223, 'recall_micro': 0.6979904253222373, 'recall_weighted': 0.6979904253222373}
Validation statistic: Loss: 1.3625, dev_score: {'accuracy': 0.6617747500043782, 'balanced_accuracy': 0.5620877190003009, 'f1_macro': 0.5113965607891765, 'f1_micro': 0.6617747500043782, 'f1_weighted': 0.6691544129087358, 'precision_macro': 0.48547415210601724, 'precision_micro': 0.6617747500043782, 'precision_weighted': 0.6823754244192247, 'recall_macro': 0.5620877190003009, 'recall_micro': 0.6617747500043782, 'recall_weighted': 0.6617747500043782}
-----------------------
Epoch 3/100
Training statistic: Loss: 1.1278, train_score: {'accuracy': 0.7010951098774904, 'balanced_accuracy': 0.6229757747897607, 'f1_macro': 0.583818055779445, 'f1_micro': 0.7010951098774904, 'f1_weighted': 0.7059895945844271, 'precision_macro': 0.5584147670790401, 'precision_micro': 0.7010951098774904, 'precision_weighted': 0.714489489688286, 'recall_macro': 0.6229757747897607, 'recall_micro': 0.7010951098774904, 'recall_weighted': 0.7010951098774904}
Validation statistic: Loss: 1.2972, dev_score: {'accuracy': 0.663298366053134, 'balanced_accuracy': 0.5756998732542506, 'f1_macro': 0.521547218504329, 'f1_micro': 0.663298366053134, 'f1_weighted': 0.6708406128216424, 'precision_macro': 0.49071731280418307, 'precision_micro': 0.663298366053134, 'precision_weighted': 0.6834426252138699, 'recall_macro': 0.5756998732542506, 'recall_micro': 0.663298366053134, 'recall_weighted': 0.663298366053134}
Saving model...
Model saved!
-------------------------------------------
-----------------------
Epoch 4/100
Training statistic: Loss: 1.1395, train_score: {'accuracy': 0.7049523465127682, 'balanced_accuracy': 0.6347920558815817, 'f1_macro': 0.5926320444754963, 'f1_micro': 0.7049523465127682, 'f1_weighted': 0.7096620854173478, 'precision_macro': 0.5631338565209044, 'precision_micro': 0.7049523465127682, 'precision_weighted': 0.7176163213849084, 'recall_macro': 0.6347920558815817, 'recall_micro': 0.7049523465127682, 'recall_weighted': 0.7049523465127682}
Validation statistic: Loss: 1.3138, dev_score: {'accuracy': 0.6673263165268559, 'balanced_accuracy': 0.5900560770056948, 'f1_macro': 0.532352058772618, 'f1_micro': 0.6673263165268559, 'f1_weighted': 0.6746708397334146, 'precision_macro': 0.49793935188355926, 'precision_micro': 0.6673263165268559, 'precision_weighted': 0.6868023810031245, 'recall_macro': 0.5900560770056948, 'recall_micro': 0.6673263165268559, 'recall_weighted': 0.6673263165268559}
-----------------------
Epoch 5/100
Training statistic: Loss: 1.1761, train_score: {'accuracy': 0.7086206306777367, 'balanced_accuracy': 0.6289887449107153, 'f1_macro': 0.5948131056063922, 'f1_micro': 0.7086206306777367, 'f1_weighted': 0.7122419043871949, 'precision_macro': 0.568972806951359, 'precision_micro': 0.7086206306777367, 'precision_weighted': 0.7183782234684931, 'recall_macro': 0.6289887449107153, 'recall_micro': 0.7086206306777367, 'recall_weighted': 0.7086206306777367}
Validation statistic: Loss: 1.3604, dev_score: {'accuracy': 0.6722824468923486, 'balanced_accuracy': 0.5852007244758343, 'f1_macro': 0.5345629049108342, 'f1_micro': 0.6722824468923486, 'f1_weighted': 0.6782844147697354, 'precision_macro': 0.5013760540724232, 'precision_micro': 0.6722824468923486, 'precision_weighted': 0.6881781367914813, 'recall_macro': 0.5852007244758343, 'recall_micro': 0.6722824468923486, 'recall_weighted': 0.6722824468923486}
-----------------------
Epoch 6/100
Training statistic: Loss: 1.1140, train_score: {'accuracy': 0.7064297593625135, 'balanced_accuracy': 0.6338912125782645, 'f1_macro': 0.595021315924835, 'f1_micro': 0.7064297593625135, 'f1_weighted': 0.7100457667694847, 'precision_macro': 0.566809103389727, 'precision_micro': 0.7064297593625135, 'precision_weighted': 0.7168580352101778, 'recall_macro': 0.6338912125782645, 'recall_micro': 0.7064297593625135, 'recall_weighted': 0.7064297593625135}
Validation statistic: Loss: 1.2832, dev_score: {'accuracy': 0.6699357279207019, 'balanced_accuracy': 0.5881681567149031, 'f1_macro': 0.5324123208912567, 'f1_micro': 0.6699357279207019, 'f1_weighted': 0.676032010689283, 'precision_macro': 0.49756423800385285, 'precision_micro': 0.6699357279207019, 'precision_weighted': 0.6867948309763663, 'recall_macro': 0.5881681567149031, 'recall_micro': 0.6699357279207019, 'recall_weighted': 0.6699357279207019}
Saving model...
Model saved!
-------------------------------------------
-----------------------
Epoch 7/100
Training statistic: Loss: 1.1119, train_score: {'accuracy': 0.7118491116790544, 'balanced_accuracy': 0.641116893784792, 'f1_macro': 0.6032524189464461, 'f1_micro': 0.7118491116790544, 'f1_weighted': 0.7151621138579388, 'precision_macro': 0.5760454839962118, 'precision_micro': 0.7118491116790544, 'precision_weighted': 0.7212504035119255, 'recall_macro': 0.641116893784792, 'recall_micro': 0.7118491116790544, 'recall_weighted': 0.7118491116790544}
Validation statistic: Loss: 1.2816, dev_score: {'accuracy': 0.6758025253498188, 'balanced_accuracy': 0.5998750603340958, 'f1_macro': 0.5434689178483574, 'f1_micro': 0.6758025253498188, 'f1_weighted': 0.6814095799735443, 'precision_macro': 0.5092103325037558, 'precision_micro': 0.6758025253498188, 'precision_weighted': 0.6913858942949384, 'recall_macro': 0.5998750603340958, 'recall_micro': 0.6758025253498188, 'recall_weighted': 0.6758025253498188}
Saving model...
Model saved!
-------------------------------------------
-----------------------
Epoch 8/100
Training statistic: Loss: 1.1083, train_score: {'accuracy': 0.7113360079881286, 'balanced_accuracy': 0.6451484047458251, 'f1_macro': 0.6047537663037302, 'f1_micro': 0.7113360079881286, 'f1_weighted': 0.7150035836567765, 'precision_macro': 0.575201748543816, 'precision_micro': 0.7113360079881286, 'precision_weighted': 0.7212509720604992, 'recall_macro': 0.6451484047458251, 'recall_micro': 0.7113360079881286, 'recall_weighted': 0.7113360079881286}
Validation statistic: Loss: 1.2764, dev_score: {'accuracy': 0.6749969352550743, 'balanced_accuracy': 0.6011810622169672, 'f1_macro': 0.5442997358412132, 'f1_micro': 0.6749969352550743, 'f1_weighted': 0.6808642463491513, 'precision_macro': 0.5091369161996263, 'precision_micro': 0.6749969352550743, 'precision_weighted': 0.6907091771258405, 'recall_macro': 0.6011810622169672, 'recall_micro': 0.6749969352550743, 'recall_weighted': 0.6749969352550743}
Saving model...
Model saved!
-------------------------------------------
-----------------------
Epoch 9/100
Training statistic: Loss: 1.1683, train_score: {'accuracy': 0.7121341692851244, 'balanced_accuracy': 0.6413899865081981, 'f1_macro': 0.6034884270204757, 'f1_micro': 0.7121341692851244, 'f1_weighted': 0.7159419228186646, 'precision_macro': 0.5769069517185346, 'precision_micro': 0.7121341692851244, 'precision_weighted': 0.72277064297482, 'recall_macro': 0.6413899865081981, 'recall_micro': 0.7121341692851244, 'recall_weighted': 0.7121341692851244}
Validation statistic: Loss: 1.3507, dev_score: {'accuracy': 0.676888320694909, 'balanced_accuracy': 0.5973447042104241, 'f1_macro': 0.5416761409820836, 'f1_micro': 0.676888320694909, 'f1_weighted': 0.682974730058324, 'precision_macro': 0.507902072712408, 'precision_micro': 0.676888320694909, 'precision_weighted': 0.6935894660975574, 'recall_macro': 0.5973447042104241, 'recall_micro': 0.676888320694909, 'recall_weighted': 0.676888320694909}
-----------------------
Epoch 10/100
Training statistic: Loss: 1.1344, train_score: {'accuracy': 0.7107561193723521, 'balanced_accuracy': 0.6421072048328524, 'f1_macro': 0.6050635694439305, 'f1_micro': 0.7107561193723521, 'f1_weighted': 0.714460009708463, 'precision_macro': 0.5777347752747223, 'precision_micro': 0.7107561193723521, 'precision_weighted': 0.7208572284737806, 'recall_macro': 0.6421072048328524, 'recall_micro': 0.7107561193723521, 'recall_weighted': 0.7107561193723521}
Validation statistic: Loss: 1.3105, dev_score: {'accuracy': 0.6748042941454615, 'balanced_accuracy': 0.5994936955795922, 'f1_macro': 0.5456359474930221, 'f1_micro': 0.6748042941454615, 'f1_weighted': 0.6808445134279812, 'precision_macro': 0.511302120546658, 'precision_micro': 0.6748042941454615, 'precision_weighted': 0.6910331062311351, 'recall_macro': 0.5994936955795922, 'recall_micro': 0.6748042941454615, 'recall_weighted': 0.6748042941454615}
-----------------------
Epoch 11/100
Training statistic: Loss: 1.1093, train_score: {'accuracy': 0.7152698029518937, 'balanced_accuracy': 0.6426357288845184, 'f1_macro': 0.6076901969871379, 'f1_micro': 0.7152698029518937, 'f1_weighted': 0.7182396406735007, 'precision_macro': 0.580013757411571, 'precision_micro': 0.7152698029518937, 'precision_weighted': 0.7231356239240373, 'recall_macro': 0.6426357288845184, 'recall_micro': 0.7152698029518937, 'recall_weighted': 0.7152698029518937}
Validation statistic: Loss: 1.2777, dev_score: {'accuracy': 0.6789898600725031, 'balanced_accuracy': 0.59770975292338, 'f1_macro': 0.5456889223204451, 'f1_micro': 0.6789898600725031, 'f1_weighted': 0.6841445896485733, 'precision_macro': 0.5106562416465296, 'precision_micro': 0.6789898600725031, 'precision_weighted': 0.6925175967875906, 'recall_macro': 0.59770975292338, 'recall_micro': 0.6789898600725031, 'recall_weighted': 0.6789898600725031}
-----------------------
Epoch 12/100
Training statistic: Loss: 1.1012, train_score: {'accuracy': 0.7121488293905794, 'balanced_accuracy': 0.6473944715744369, 'f1_macro': 0.6009605757466828, 'f1_micro': 0.7121488293905794, 'f1_weighted': 0.7161771179285416, 'precision_macro': 0.5710163689237039, 'precision_micro': 0.7121488293905794, 'precision_weighted': 0.7231487351578237, 'recall_macro': 0.6473944715744369, 'recall_micro': 0.7121488293905794, 'recall_weighted': 0.7121488293905794}
Validation statistic: Loss: 1.2729, dev_score: {'accuracy': 0.6759601408031383, 'balanced_accuracy': 0.6060180267672182, 'f1_macro': 0.5403650396147803, 'f1_micro': 0.6759601408031383, 'f1_weighted': 0.6824108602340778, 'precision_macro': 0.5056318943668061, 'precision_micro': 0.6759601408031383, 'precision_weighted': 0.6933094393801883, 'recall_macro': 0.6060180267672182, 'recall_micro': 0.6759601408031383, 'recall_weighted': 0.6759601408031383}
Saving model...
Model saved!
-------------------------------------------
-----------------------
Epoch 13/100
Training statistic: Loss: 1.0689, train_score: {'accuracy': 0.7126945110936276, 'balanced_accuracy': 0.6448865900261224, 'f1_macro': 0.6053008868858365, 'f1_micro': 0.7126945110936276, 'f1_weighted': 0.7166997654710184, 'precision_macro': 0.5784957185805718, 'precision_micro': 0.7126945110936276, 'precision_weighted': 0.7238037054794939, 'recall_macro': 0.6448865900261224, 'recall_micro': 0.7126945110936276, 'recall_weighted': 0.7126945110936276}
Validation statistic: Loss: 1.2289, dev_score: {'accuracy': 0.6759426279749917, 'balanced_accuracy': 0.5985560593331078, 'f1_macro': 0.542293120473218, 'f1_micro': 0.6759426279749917, 'f1_weighted': 0.6823796464169861, 'precision_macro': 0.5099187216437445, 'precision_micro': 0.6759426279749917, 'precision_weighted': 0.693414582927539, 'recall_macro': 0.5985560593331078, 'recall_micro': 0.6759426279749917, 'recall_weighted': 0.6759426279749917}
Saving model...
Model saved!
-------------------------------------------
-----------------------
Epoch 14/100
Training statistic: Loss: 1.0715, train_score: {'accuracy': 0.7123785043760414, 'balanced_accuracy': 0.6453393169251349, 'f1_macro': 0.6059152840651228, 'f1_micro': 0.7123785043760414, 'f1_weighted': 0.7168846450625617, 'precision_macro': 0.579289716278104, 'precision_micro': 0.7123785043760414, 'precision_weighted': 0.7243932172240837, 'recall_macro': 0.6453393169251349, 'recall_micro': 0.7123785043760414, 'recall_weighted': 0.7123785043760414}
Validation statistic: Loss: 1.2343, dev_score: {'accuracy': 0.6766956795852962, 'balanced_accuracy': 0.6012638832012468, 'f1_macro': 0.544345201892116, 'f1_micro': 0.6766956795852962, 'f1_weighted': 0.6835991478800871, 'precision_macro': 0.5115676292427546, 'precision_micro': 0.6766956795852962, 'precision_weighted': 0.6948893863409819, 'recall_macro': 0.6012638832012468, 'recall_micro': 0.6766956795852962, 'recall_weighted': 0.6766956795852962}
-----------------------
Epoch 15/100
Training statistic: Loss: 1.0399, train_score: {'accuracy': 0.7179656334550122, 'balanced_accuracy': 0.642785160027932, 'f1_macro': 0.6071233248295949, 'f1_micro': 0.7179656334550122, 'f1_weighted': 0.7209154846628429, 'precision_macro': 0.5803210817311243, 'precision_micro': 0.7179656334550122, 'precision_weighted': 0.726093378583768, 'recall_macro': 0.642785160027932, 'recall_micro': 0.7179656334550122, 'recall_weighted': 0.7179656334550122}
Validation statistic: Loss: 1.1952, dev_score: {'accuracy': 0.6826850668114394, 'balanced_accuracy': 0.6058996214076023, 'f1_macro': 0.5516151542361216, 'f1_micro': 0.6826850668114394, 'f1_weighted': 0.68769760146412, 'precision_macro': 0.5169999752181067, 'precision_micro': 0.6826850668114394, 'precision_weighted': 0.6962547187563964, 'recall_macro': 0.6058996214076023, 'recall_micro': 0.6826850668114394, 'recall_weighted': 0.6826850668114394}
Saving model...
Model saved!
-------------------------------------------
-----------------------
Epoch 16/100
Training statistic: Loss: 1.0477, train_score: {'accuracy': 0.7209448926635945, 'balanced_accuracy': 0.6444026492996101, 'f1_macro': 0.6127993998658802, 'f1_micro': 0.7209448926635945, 'f1_weighted': 0.7237124179897954, 'precision_macro': 0.5891900244187424, 'precision_micro': 0.7209448926635945, 'precision_weighted': 0.7282207660624394, 'recall_macro': 0.6444026492996101, 'recall_micro': 0.7209448926635945, 'recall_weighted': 0.7209448926635945}
Validation statistic: Loss: 1.2042, dev_score: {'accuracy': 0.6859774785030035, 'balanced_accuracy': 0.6087236674294748, 'f1_macro': 0.5568865808587679, 'f1_micro': 0.6859774785030035, 'f1_weighted': 0.6908454896429463, 'precision_macro': 0.5243418466244811, 'precision_micro': 0.6859774785030035, 'precision_weighted': 0.6987215379020032, 'recall_macro': 0.6087236674294748, 'recall_micro': 0.6859774785030035, 'recall_weighted': 0.6859774785030035}
-----------------------
Epoch 17/100
Training statistic: Loss: 1.0610, train_score: {'accuracy': 0.7164703026985997, 'balanced_accuracy': 0.6471758078745619, 'f1_macro': 0.6112517316880741, 'f1_micro': 0.7164703026985997, 'f1_weighted': 0.7203592910097568, 'precision_macro': 0.586424385645378, 'precision_micro': 0.7164703026985997, 'precision_weighted': 0.7269824103081923, 'recall_macro': 0.6471758078745619, 'recall_micro': 0.7164703026985997, 'recall_weighted': 0.7164703026985997}
Validation statistic: Loss: 1.2189, dev_score: {'accuracy': 0.6808812455123378, 'balanced_accuracy': 0.6098169136915447, 'f1_macro': 0.5538978284384408, 'f1_micro': 0.6808812455123378, 'f1_weighted': 0.6870800697116778, 'precision_macro': 0.5204073684683644, 'precision_micro': 0.6808812455123378, 'precision_weighted': 0.6975493985183283, 'recall_macro': 0.6098169136915447, 'recall_micro': 0.6808812455123378, 'recall_weighted': 0.6808812455123378}
-----------------------
Epoch 18/100
Training statistic: Loss: 1.0507, train_score: {'accuracy': 0.720550698716915, 'balanced_accuracy': 0.6503378723320168, 'f1_macro': 0.6181036413299105, 'f1_micro': 0.720550698716915, 'f1_weighted': 0.7233934375831961, 'precision_macro': 0.5935910447920644, 'precision_micro': 0.720550698716915, 'precision_weighted': 0.728082151301068, 'recall_macro': 0.6503378723320168, 'recall_micro': 0.720550698716915, 'recall_weighted': 0.720550698716915}
Validation statistic: Loss: 1.2064, dev_score: {'accuracy': 0.6862051452689095, 'balanced_accuracy': 0.6161918747014249, 'f1_macro': 0.5628611085789512, 'f1_micro': 0.6862051452689095, 'f1_weighted': 0.6910384908468207, 'precision_macro': 0.5281414468792012, 'precision_micro': 0.6862051452689095, 'precision_weighted': 0.6990288147266889, 'recall_macro': 0.6161918747014249, 'recall_micro': 0.6862051452689095, 'recall_weighted': 0.6862051452689095}
-----------------------
Epoch 19/100
Training statistic: Loss: 1.0903, train_score: {'accuracy': 0.716546861027087, 'balanced_accuracy': 0.6575815017998407, 'f1_macro': 0.6126073249077212, 'f1_micro': 0.716546861027087, 'f1_weighted': 0.7202261932149139, 'precision_macro': 0.5801756481619877, 'precision_micro': 0.716546861027087, 'precision_weighted': 0.7266849113849199, 'recall_macro': 0.6575815017998407, 'recall_micro': 0.716546861027087, 'recall_weighted': 0.716546861027087}
Validation statistic: Loss: 1.2540, dev_score: {'accuracy': 0.6812315020752702, 'balanced_accuracy': 0.617605949247358, 'f1_macro': 0.554099509370331, 'f1_micro': 0.6812315020752702, 'f1_weighted': 0.6871594737047811, 'precision_macro': 0.5156985615057538, 'precision_micro': 0.6812315020752702, 'precision_weighted': 0.6973851934286435, 'recall_macro': 0.617605949247358, 'recall_micro': 0.6812315020752702, 'recall_weighted': 0.6812315020752702}
-----------------------
Epoch 20/100
Training statistic: Loss: 1.0886, train_score: {'accuracy': 0.7163448773519289, 'balanced_accuracy': 0.6550019239816959, 'f1_macro': 0.6165043111770954, 'f1_micro': 0.7163448773519289, 'f1_weighted': 0.7200119131394246, 'precision_macro': 0.5895326274970536, 'precision_micro': 0.7163448773519289, 'precision_weighted': 0.726700748917809, 'recall_macro': 0.6550019239816959, 'recall_micro': 0.7163448773519289, 'recall_weighted': 0.7163448773519289}
Validation statistic: Loss: 1.2523, dev_score: {'accuracy': 0.6807236300590183, 'balanced_accuracy': 0.6141421032097574, 'f1_macro': 0.5581072668823068, 'f1_micro': 0.6807236300590183, 'f1_weighted': 0.6864514767790989, 'precision_macro': 0.5239318722193447, 'precision_micro': 0.6807236300590183, 'precision_weighted': 0.6966712890928659, 'recall_macro': 0.6141421032097574, 'recall_micro': 0.6807236300590183, 'recall_weighted': 0.6807236300590183}
-----------------------
Epoch 21/100
Training statistic: Loss: 1.0595, train_score: {'accuracy': 0.7213570045169414, 'balanced_accuracy': 0.6455834254408693, 'f1_macro': 0.6192915729016587, 'f1_micro': 0.7213570045169414, 'f1_weighted': 0.724517235087594, 'precision_macro': 0.5997538801885188, 'precision_micro': 0.7213570045169414, 'precision_weighted': 0.7293670264510459, 'recall_macro': 0.6455834254408693, 'recall_micro': 0.7213570045169414, 'recall_weighted': 0.7213570045169414}
Validation statistic: Loss: 1.2153, dev_score: {'accuracy': 0.6862751965814959, 'balanced_accuracy': 0.6060844781546212, 'f1_macro': 0.5612205120861511, 'f1_micro': 0.6862751965814959, 'f1_weighted': 0.691470280133904, 'precision_macro': 0.5318752907421899, 'precision_micro': 0.6862751965814959, 'precision_weighted': 0.6995359396889949, 'recall_macro': 0.6060844781546212, 'recall_micro': 0.6862751965814959, 'recall_weighted': 0.6862751965814959}
-----------------------
Epoch 22/100
Training statistic: Loss: 1.0585, train_score: {'accuracy': 0.7179802935604672, 'balanced_accuracy': 0.6518814702031259, 'f1_macro': 0.6180107749605197, 'f1_micro': 0.7179802935604672, 'f1_weighted': 0.7214830357657501, 'precision_macro': 0.595347335841306, 'precision_micro': 0.7179802935604672, 'precision_weighted': 0.7276621499594569, 'recall_macro': 0.6518814702031259, 'recall_micro': 0.7179802935604672, 'recall_weighted': 0.7179802935604672}
Validation statistic: Loss: 1.2129, dev_score: {'accuracy': 0.6831754259995446, 'balanced_accuracy': 0.6108067022568101, 'f1_macro': 0.5594927993137434, 'f1_micro': 0.6831754259995446, 'f1_weighted': 0.6885832363888017, 'precision_macro': 0.5289727602137416, 'precision_micro': 0.6831754259995446, 'precision_weighted': 0.6977993278572037, 'recall_macro': 0.6108067022568101, 'recall_micro': 0.6831754259995446, 'recall_weighted': 0.6831754259995446}
-----------------------
Epoch 23/100
Training statistic: Loss: 1.1215, train_score: {'accuracy': 0.7181285235156236, 'balanced_accuracy': 0.6662568770486951, 'f1_macro': 0.6160471122447805, 'f1_micro': 0.7181285235156236, 'f1_weighted': 0.7219456643910522, 'precision_macro': 0.5826719413714878, 'precision_micro': 0.7181285235156236, 'precision_weighted': 0.7288859833047243, 'recall_macro': 0.6662568770486951, 'recall_micro': 0.7181285235156236, 'recall_weighted': 0.7181285235156236}
Validation statistic: Loss: 1.2902, dev_score: {'accuracy': 0.6824398872173867, 'balanced_accuracy': 0.6253554295794223, 'f1_macro': 0.5555440626784524, 'f1_micro': 0.6824398872173867, 'f1_weighted': 0.6884736510031388, 'precision_macro': 0.5174357715823359, 'precision_micro': 0.6824398872173867, 'precision_weighted': 0.6990915095434795, 'recall_macro': 0.6253554295794223, 'recall_micro': 0.6824398872173867, 'recall_weighted': 0.6824398872173867}
-----------------------
Epoch 24/100
Training statistic: Loss: 1.0533, train_score: {'accuracy': 0.719436530702333, 'balanced_accuracy': 0.6514358624141895, 'f1_macro': 0.6169309083547307, 'f1_micro': 0.719436530702333, 'f1_weighted': 0.7226254136531118, 'precision_macro': 0.5907554836077124, 'precision_micro': 0.719436530702333, 'precision_weighted': 0.7278876755166818, 'recall_macro': 0.6514358624141895, 'recall_micro': 0.719436530702333, 'recall_weighted': 0.719436530702333}
Validation statistic: Loss: 1.2090, dev_score: {'accuracy': 0.6828777079210522, 'balanced_accuracy': 0.6113103151511918, 'f1_macro': 0.5566812832169442, 'f1_micro': 0.6828777079210522, 'f1_weighted': 0.6882543965584369, 'precision_macro': 0.5218755985292262, 'precision_micro': 0.6828777079210522, 'precision_weighted': 0.6971244883136685, 'recall_macro': 0.6113103151511918, 'recall_micro': 0.6828777079210522, 'recall_weighted': 0.6828777079210522}
-----------------------
Epoch 25/100
Training statistic: Loss: 1.0272, train_score: {'accuracy': 0.7230478033460876, 'balanced_accuracy': 0.6574831363678593, 'f1_macro': 0.6229927521679182, 'f1_micro': 0.7230478033460876, 'f1_weighted': 0.7259372389355649, 'precision_macro': 0.5968538237323762, 'precision_micro': 0.7230478033460876, 'precision_weighted': 0.7306280856062913, 'recall_macro': 0.6574831363678593, 'recall_micro': 0.7230478033460876, 'recall_weighted': 0.7230478033460876}
Validation statistic: Loss: 1.1779, dev_score: {'accuracy': 0.6878688639428381, 'balanced_accuracy': 0.616467977666785, 'f1_macro': 0.5636652798936141, 'f1_micro': 0.6878688639428381, 'f1_weighted': 0.6926072453807329, 'precision_macro': 0.530208788158009, 'precision_micro': 0.6878688639428381, 'precision_weighted': 0.7004000881859231, 'recall_macro': 0.616467977666785, 'recall_micro': 0.6878688639428381, 'recall_weighted': 0.6878688639428381}
Saving model...
Model saved!
-------------------------------------------
-----------------------
Epoch 26/100
Training statistic: Loss: 1.0557, train_score: {'accuracy': 0.7232660760273069, 'balanced_accuracy': 0.6570305774859284, 'f1_macro': 0.6245326373308581, 'f1_micro': 0.7232660760273069, 'f1_weighted': 0.7260422690280819, 'precision_macro': 0.6002096146101084, 'precision_micro': 0.7232660760273069, 'precision_weighted': 0.7308698410592771, 'recall_macro': 0.6570305774859284, 'recall_micro': 0.7232660760273069, 'recall_weighted': 0.7232660760273069}
Validation statistic: Loss: 1.2067, dev_score: {'accuracy': 0.6882541461620637, 'balanced_accuracy': 0.6171700748682442, 'f1_macro': 0.5653608807286071, 'f1_micro': 0.6882541461620637, 'f1_weighted': 0.6929951539678073, 'precision_macro': 0.5318782837111679, 'precision_micro': 0.6882541461620637, 'precision_weighted': 0.7010942398981089, 'recall_macro': 0.6171700748682442, 'recall_micro': 0.6882541461620637, 'recall_weighted': 0.6882541461620637}
-----------------------
Epoch 27/100
Training statistic: Loss: 1.0388, train_score: {'accuracy': 0.7211273295314793, 'balanced_accuracy': 0.6553255207523155, 'f1_macro': 0.6221004124121654, 'f1_micro': 0.7211273295314793, 'f1_weighted': 0.7240789223531987, 'precision_macro': 0.5974701697835547, 'precision_micro': 0.7211273295314793, 'precision_weighted': 0.7289643865232023, 'recall_macro': 0.6553255207523155, 'recall_micro': 0.7211273295314793, 'recall_weighted': 0.7211273295314793}
Validation statistic: Loss: 1.1922, dev_score: {'accuracy': 0.6858548887059771, 'balanced_accuracy': 0.6126573189962661, 'f1_macro': 0.5614728366316207, 'f1_micro': 0.6858548887059771, 'f1_weighted': 0.6908120473981623, 'precision_macro': 0.5294366858538587, 'precision_micro': 0.6858548887059771, 'precision_weighted': 0.699040454180628, 'recall_macro': 0.6126573189962661, 'recall_micro': 0.6858548887059771, 'recall_weighted': 0.6858548887059771}
-----------------------
Epoch 28/100
Training statistic: Loss: 1.0195, train_score: {'accuracy': 0.722252899850304, 'balanced_accuracy': 0.653883712992359, 'f1_macro': 0.6222088126748063, 'f1_micro': 0.722252899850304, 'f1_weighted': 0.7252289050943906, 'precision_macro': 0.6001427569631306, 'precision_micro': 0.722252899850304, 'precision_weighted': 0.7305042671531133, 'recall_macro': 0.653883712992359, 'recall_micro': 0.722252899850304, 'recall_weighted': 0.722252899850304}
Validation statistic: Loss: 1.1692, dev_score: {'accuracy': 0.6860300169874433, 'balanced_accuracy': 0.6137140224911273, 'f1_macro': 0.5624802753621843, 'f1_micro': 0.6860300169874433, 'f1_weighted': 0.6909757507117263, 'precision_macro': 0.5320180372186891, 'precision_micro': 0.6860300169874433, 'precision_weighted': 0.6995647868628575, 'recall_macro': 0.6137140224911273, 'recall_micro': 0.6860300169874433, 'recall_weighted': 0.6860300169874433}
Saving model...
Model saved!
-------------------------------------------
-----------------------
Epoch 29/100
Training statistic: Loss: 1.0265, train_score: {'accuracy': 0.7204252733702442, 'balanced_accuracy': 0.6647969985172246, 'f1_macro': 0.6215660529213094, 'f1_micro': 0.7204252733702442, 'f1_weighted': 0.7234196824253809, 'precision_macro': 0.5900237607306582, 'precision_micro': 0.7204252733702442, 'precision_weighted': 0.7290381071792008, 'recall_macro': 0.6647969985172246, 'recall_micro': 0.7204252733702442, 'recall_weighted': 0.7204252733702442}
Validation statistic: Loss: 1.1749, dev_score: {'accuracy': 0.6848041190171801, 'balanced_accuracy': 0.6253653639184439, 'f1_macro': 0.5622397518446501, 'f1_micro': 0.6848041190171801, 'f1_weighted': 0.6898240204658754, 'precision_macro': 0.5238353546082194, 'precision_micro': 0.6848041190171801, 'precision_weighted': 0.6988127708482532, 'recall_macro': 0.6253653639184439, 'recall_micro': 0.6848041190171801, 'recall_weighted': 0.6848041190171801}
-----------------------
Epoch 30/100
Training statistic: Loss: 0.9879, train_score: {'accuracy': 0.7232139512079112, 'balanced_accuracy': 0.6554244733361684, 'f1_macro': 0.6225659925407916, 'f1_micro': 0.7232139512079112, 'f1_weighted': 0.7250653567003996, 'precision_macro': 0.5965693746462541, 'precision_micro': 0.7232139512079112, 'precision_weighted': 0.7287906976514236, 'recall_macro': 0.6554244733361684, 'recall_micro': 0.7232139512079112, 'recall_weighted': 0.7232139512079112}
Validation statistic: Loss: 1.1311, dev_score: {'accuracy': 0.6883592231309434, 'balanced_accuracy': 0.6134750359790989, 'f1_macro': 0.5620409094932689, 'f1_micro': 0.6883592231309434, 'f1_weighted': 0.6921044730073831, 'precision_macro': 0.5266880749532395, 'precision_micro': 0.6883592231309434, 'precision_weighted': 0.6988242396355375, 'recall_macro': 0.6134750359790989, 'recall_micro': 0.6883592231309434, 'recall_weighted': 0.6883592231309434}
Saving model...
Model saved!
-------------------------------------------
-----------------------
Epoch 31/100
Training statistic: Loss: 1.0057, train_score: {'accuracy': 0.7230982992648771, 'balanced_accuracy': 0.6637090494800242, 'f1_macro': 0.6258757774873592, 'f1_micro': 0.7230982992648771, 'f1_weighted': 0.7260130718856058, 'precision_macro': 0.5989722068629547, 'precision_micro': 0.7230982992648771, 'precision_weighted': 0.7317730050188522, 'recall_macro': 0.6637090494800242, 'recall_micro': 0.7230982992648771, 'recall_weighted': 0.7230982992648771}
Validation statistic: Loss: 1.1536, dev_score: {'accuracy': 0.6872734277858531, 'balanced_accuracy': 0.621487473834409, 'f1_macro': 0.5645948779929694, 'f1_micro': 0.6872734277858531, 'f1_weighted': 0.6921062813483939, 'precision_macro': 0.5295247728948301, 'precision_micro': 0.6872734277858531, 'precision_weighted': 0.7011096748581992, 'recall_macro': 0.621487473834409, 'recall_micro': 0.6872734277858531, 'recall_weighted': 0.6872734277858531}
-----------------------
Epoch 32/100
Training statistic: Loss: 0.9984, train_score: {'accuracy': 0.7235592781364074, 'balanced_accuracy': 0.6518087622512377, 'f1_macro': 0.6226110364130567, 'f1_micro': 0.7235592781364074, 'f1_weighted': 0.7255368905198748, 'precision_macro': 0.5997785277459259, 'precision_micro': 0.7235592781364074, 'precision_weighted': 0.7295000884943122, 'recall_macro': 0.6518087622512377, 'recall_micro': 0.7235592781364074, 'recall_weighted': 0.7235592781364074}
Validation statistic: Loss: 1.1482, dev_score: {'accuracy': 0.6882891718183569, 'balanced_accuracy': 0.6115300960326285, 'f1_macro': 0.5630106552560679, 'f1_micro': 0.6882891718183569, 'f1_weighted': 0.6920829604089295, 'precision_macro': 0.5294201435540261, 'precision_micro': 0.6882891718183569, 'precision_weighted': 0.698992646485284, 'recall_macro': 0.6115300960326285, 'recall_micro': 0.6882891718183569, 'recall_weighted': 0.6882891718183569}
-----------------------
Epoch 33/100
Training statistic: Loss: 0.9704, train_score: {'accuracy': 0.7258006453704201, 'balanced_accuracy': 0.6620509986390634, 'f1_macro': 0.6297651876603922, 'f1_micro': 0.7258006453704201, 'f1_weighted': 0.7285377432714101, 'precision_macro': 0.6050760567687528, 'precision_micro': 0.7258006453704201, 'precision_weighted': 0.7333200578741564, 'recall_macro': 0.6620509986390634, 'recall_micro': 0.7258006453704201, 'recall_weighted': 0.7258006453704201}
Validation statistic: Loss: 1.1069, dev_score: {'accuracy': 0.6900054289767255, 'balanced_accuracy': 0.6210190062441221, 'f1_macro': 0.5686748115928475, 'f1_micro': 0.6900054289767255, 'f1_weighted': 0.6946557934089231, 'precision_macro': 0.534043646124818, 'precision_micro': 0.6900054289767255, 'precision_weighted': 0.7025377285927655, 'recall_macro': 0.6210190062441221, 'recall_micro': 0.6900054289767255, 'recall_weighted': 0.6900054289767255}
Saving model...
Model saved!
-------------------------------------------
-----------------------
Epoch 34/100
Training statistic: Loss: 1.0251, train_score: {'accuracy': 0.722324571476973, 'balanced_accuracy': 0.6614789610745712, 'f1_macro': 0.6234796832862187, 'f1_micro': 0.722324571476973, 'f1_weighted': 0.7255657488574065, 'precision_macro': 0.5964199839972165, 'precision_micro': 0.722324571476973, 'precision_weighted': 0.7313010414098563, 'recall_macro': 0.6614789610745712, 'recall_micro': 0.722324571476973, 'recall_weighted': 0.722324571476973}
Validation statistic: Loss: 1.1777, dev_score: {'accuracy': 0.6865203761755486, 'balanced_accuracy': 0.6164767050134002, 'f1_macro': 0.5608314732630407, 'f1_micro': 0.6865203761755486, 'f1_weighted': 0.6917914091605845, 'precision_macro': 0.527371183669269, 'precision_micro': 0.6865203761755486, 'precision_weighted': 0.7009140087028292, 'recall_macro': 0.6164767050134002, 'recall_micro': 0.6865203761755486, 'recall_weighted': 0.6865203761755486}
-----------------------
Epoch 35/100
Training statistic: Loss: 0.9965, train_score: {'accuracy': 0.7270092896201567, 'balanced_accuracy': 0.6605905791863848, 'f1_macro': 0.6272961666971826, 'f1_micro': 0.7270092896201567, 'f1_weighted': 0.7294392109086646, 'precision_macro': 0.6010236629116373, 'precision_micro': 0.7270092896201567, 'precision_weighted': 0.7337367645397844, 'recall_macro': 0.6605905791863848, 'recall_micro': 0.7270092896201567, 'recall_weighted': 0.7270092896201567}
Validation statistic: Loss: 1.1444, dev_score: {'accuracy': 0.6907059421025902, 'balanced_accuracy': 0.6199165109505582, 'f1_macro': 0.5657455866107169, 'f1_micro': 0.6907059421025902, 'f1_weighted': 0.6950428175783703, 'precision_macro': 0.5294996947103136, 'precision_micro': 0.6907059421025902, 'precision_weighted': 0.7025059043170758, 'recall_macro': 0.6199165109505582, 'recall_micro': 0.6907059421025902, 'recall_weighted': 0.6907059421025902}
-----------------------
Epoch 36/100
Training statistic: Loss: 0.9969, train_score: {'accuracy': 0.7230119675327531, 'balanced_accuracy': 0.6680350490627595, 'f1_macro': 0.6218531418084814, 'f1_micro': 0.7230119675327531, 'f1_weighted': 0.7263856710617406, 'precision_macro': 0.5901605061084105, 'precision_micro': 0.7230119675327531, 'precision_weighted': 0.7335087725910685, 'recall_macro': 0.6680350490627595, 'recall_micro': 0.7230119675327531, 'recall_weighted': 0.7230119675327531}
Validation statistic: Loss: 1.1440, dev_score: {'accuracy': 0.687325966270293, 'balanced_accuracy': 0.6267428310152449, 'f1_macro': 0.56055290860016, 'f1_micro': 0.687325966270293, 'f1_weighted': 0.692948541957273, 'precision_macro': 0.5221088086141477, 'precision_micro': 0.687325966270293, 'precision_weighted': 0.7038576398264651, 'recall_macro': 0.6267428310152449, 'recall_micro': 0.687325966270293, 'recall_weighted': 0.687325966270293}
-----------------------
Epoch 37/100
Training statistic: Loss: 0.9625, train_score: {'accuracy': 0.7257322315449634, 'balanced_accuracy': 0.672799378065171, 'f1_macro': 0.6294603684325217, 'f1_micro': 0.7257322315449634, 'f1_weighted': 0.7286980980927141, 'precision_macro': 0.5980373879211535, 'precision_micro': 0.7257322315449634, 'precision_weighted': 0.7347799643331291, 'recall_macro': 0.672799378065171, 'recall_micro': 0.7257322315449634, 'recall_weighted': 0.7257322315449634}
Validation statistic: Loss: 1.1002, dev_score: {'accuracy': 0.69075848058703, 'balanced_accuracy': 0.6323069611031686, 'f1_macro': 0.5689249124689698, 'f1_micro': 0.69075848058703, 'f1_weighted': 0.6958538179531678, 'precision_macro': 0.5297774746257267, 'precision_micro': 0.69075848058703, 'precision_weighted': 0.7055652099664976, 'recall_macro': 0.6323069611031686, 'recall_micro': 0.69075848058703, 'recall_weighted': 0.69075848058703}
Saving model...
Model saved!
-------------------------------------------
-----------------------
Epoch 38/100
Training statistic: Loss: 0.9833, train_score: {'accuracy': 0.7270337231292484, 'balanced_accuracy': 0.672590067467007, 'f1_macro': 0.6290172174173864, 'f1_micro': 0.7270337231292484, 'f1_weighted': 0.7299834722823435, 'precision_macro': 0.5967694950911253, 'precision_micro': 0.7270337231292484, 'precision_weighted': 0.7350298589160951, 'recall_macro': 0.672590067467007, 'recall_micro': 0.7270337231292484, 'recall_weighted': 0.7270337231292484}
Validation statistic: Loss: 1.1302, dev_score: {'accuracy': 0.6914064552284549, 'balanced_accuracy': 0.6348813688619929, 'f1_macro': 0.5701344028234391, 'f1_micro': 0.6914064552284549, 'f1_weighted': 0.6964131785269075, 'precision_macro': 0.5306147904751729, 'precision_micro': 0.6914064552284549, 'precision_weighted': 0.7049984685039602, 'recall_macro': 0.6348813688619929, 'recall_micro': 0.6914064552284549, 'recall_weighted': 0.6914064552284549}
-----------------------
Epoch 39/100
Training statistic: Loss: 0.9900, train_score: {'accuracy': 0.7290193529681013, 'balanced_accuracy': 0.6652121602757599, 'f1_macro': 0.6321723935666367, 'f1_micro': 0.7290193529681013, 'f1_weighted': 0.7314243682736065, 'precision_macro': 0.6069992382362157, 'precision_micro': 0.7290193529681013, 'precision_weighted': 0.7359821057772977, 'recall_macro': 0.6652121602757599, 'recall_micro': 0.7290193529681013, 'recall_weighted': 0.7290193529681013}
Validation statistic: Loss: 1.1330, dev_score: {'accuracy': 0.6948389695451919, 'balanced_accuracy': 0.6289392948414257, 'f1_macro': 0.57419772466221, 'f1_micro': 0.6948389695451919, 'f1_weighted': 0.6993318652740018, 'precision_macro': 0.538222543254312, 'precision_micro': 0.6948389695451919, 'precision_weighted': 0.707439913288168, 'recall_macro': 0.6289392948414257, 'recall_micro': 0.6948389695451919, 'recall_weighted': 0.6948389695451919}
-----------------------
Epoch 40/100
Training statistic: Loss: 1.0018, train_score: {'accuracy': 0.723582082744893, 'balanced_accuracy': 0.6741857338249628, 'f1_macro': 0.6270899362993777, 'f1_micro': 0.723582082744893, 'f1_weighted': 0.726841206651719, 'precision_macro': 0.5932015594681952, 'precision_micro': 0.723582082744893, 'precision_weighted': 0.7330425097184214, 'recall_macro': 0.6741857338249628, 'recall_micro': 0.723582082744893, 'recall_weighted': 0.723582082744893}
Validation statistic: Loss: 1.1528, dev_score: {'accuracy': 0.6866955044570148, 'balanced_accuracy': 0.6323295261968841, 'f1_macro': 0.5647973469210898, 'f1_micro': 0.6866955044570148, 'f1_weighted': 0.6920225698500927, 'precision_macro': 0.5241983089043598, 'precision_micro': 0.6866955044570148, 'precision_weighted': 0.7017490237495312, 'recall_macro': 0.6323295261968841, 'recall_micro': 0.6866955044570148, 'recall_weighted': 0.6866955044570148}
-----------------------
Epoch 41/100
Training statistic: Loss: 1.0002, train_score: {'accuracy': 0.7271721796807681, 'balanced_accuracy': 0.665896256084603, 'f1_macro': 0.6293683844097736, 'f1_micro': 0.7271721796807681, 'f1_weighted': 0.7295649945951024, 'precision_macro': 0.6004912240257537, 'precision_micro': 0.7271721796807681, 'precision_weighted': 0.7340872526593998, 'recall_macro': 0.665896256084603, 'recall_micro': 0.7271721796807681, 'recall_weighted': 0.7271721796807681}
Validation statistic: Loss: 1.1513, dev_score: {'accuracy': 0.6919843785572932, 'balanced_accuracy': 0.6262717535279047, 'f1_macro': 0.5688550372246438, 'f1_micro': 0.6919843785572932, 'f1_weighted': 0.6963568311872533, 'precision_macro': 0.530337397953743, 'precision_micro': 0.6919843785572932, 'precision_weighted': 0.7041464026509477, 'recall_macro': 0.6262717535279047, 'recall_micro': 0.6919843785572932, 'recall_weighted': 0.6919843785572932}
-----------------------
Epoch 42/100
Training statistic: Loss: 0.9732, train_score: {'accuracy': 0.7252956861825248, 'balanced_accuracy': 0.6725307998724059, 'f1_macro': 0.6274426234717295, 'f1_micro': 0.7252956861825248, 'f1_weighted': 0.7282930045207635, 'precision_macro': 0.5954101067696798, 'precision_micro': 0.7252956861825248, 'precision_weighted': 0.7343614529118738, 'recall_macro': 0.6725307998724059, 'recall_micro': 0.7252956861825248, 'recall_weighted': 0.7252956861825248}
Validation statistic: Loss: 1.1182, dev_score: {'accuracy': 0.6903381727115112, 'balanced_accuracy': 0.636441002060762, 'f1_macro': 0.5698587232737774, 'f1_micro': 0.6903381727115112, 'f1_weighted': 0.6953752264807763, 'precision_macro': 0.5299003608740669, 'precision_micro': 0.6903381727115112, 'precision_weighted': 0.7048583270069151, 'recall_macro': 0.636441002060762, 'recall_micro': 0.6903381727115112, 'recall_weighted': 0.6903381727115112}
-----------------------
Epoch 43/100
Training statistic: Loss: 0.9429, train_score: {'accuracy': 0.7263919362904395, 'balanced_accuracy': 0.6831555044959077, 'f1_macro': 0.6335814770765529, 'f1_micro': 0.7263919362904395, 'f1_weighted': 0.7298295719169375, 'precision_macro': 0.5979006087051865, 'precision_micro': 0.7263919362904395, 'precision_weighted': 0.7366378812030899, 'recall_macro': 0.6831555044959077, 'recall_micro': 0.7263919362904395, 'recall_weighted': 0.7263919362904395}
Validation statistic: Loss: 1.0791, dev_score: {'accuracy': 0.6917567117913872, 'balanced_accuracy': 0.6487058107402935, 'f1_macro': 0.5773972626897305, 'f1_micro': 0.6917567117913872, 'f1_weighted': 0.697176118379663, 'precision_macro': 0.5338752282494672, 'precision_micro': 0.6917567117913872, 'precision_weighted': 0.7074422938568565, 'recall_macro': 0.6487058107402935, 'recall_micro': 0.6917567117913872, 'recall_weighted': 0.6917567117913872}
Saving model...
Model saved!
-------------------------------------------
-----------------------
Epoch 44/100
Training statistic: Loss: 0.9831, train_score: {'accuracy': 0.7273334408407733, 'balanced_accuracy': 0.6747102762261621, 'f1_macro': 0.6348117960016034, 'f1_micro': 0.7273334408407733, 'f1_weighted': 0.7300988850973636, 'precision_macro': 0.6043692817291823, 'precision_micro': 0.7273334408407733, 'precision_weighted': 0.7352104869686951, 'recall_macro': 0.6747102762261621, 'recall_micro': 0.7273334408407733, 'recall_weighted': 0.7273334408407733}
Validation statistic: Loss: 1.1311, dev_score: {'accuracy': 0.690898583212203, 'balanced_accuracy': 0.6360831949582508, 'f1_macro': 0.5747979483912056, 'f1_micro': 0.690898583212203, 'f1_weighted': 0.6956393577509686, 'precision_macro': 0.5350791910891655, 'precision_micro': 0.690898583212203, 'precision_weighted': 0.7041439514369092, 'recall_macro': 0.6360831949582508, 'recall_micro': 0.690898583212203, 'recall_weighted': 0.690898583212203}
-----------------------
Epoch 45/100
Training statistic: Loss: 0.9877, train_score: {'accuracy': 0.7282716875898949, 'balanced_accuracy': 0.6602282493491732, 'f1_macro': 0.6302671643039691, 'f1_micro': 0.7282716875898949, 'f1_weighted': 0.7308791919954815, 'precision_macro': 0.6075792336268548, 'precision_micro': 0.7282716875898949, 'precision_weighted': 0.735392473985379, 'recall_macro': 0.6602282493491732, 'recall_micro': 0.7282716875898949, 'recall_weighted': 0.7282716875898949}
Validation statistic: Loss: 1.1363, dev_score: {'accuracy': 0.6934904817779023, 'balanced_accuracy': 0.6238358669884692, 'f1_macro': 0.572767408560219, 'f1_micro': 0.6934904817779023, 'f1_weighted': 0.6980211604008685, 'precision_macro': 0.5387725078682511, 'precision_micro': 0.6934904817779023, 'precision_weighted': 0.7057178283967426, 'recall_macro': 0.6238358669884692, 'recall_micro': 0.6934904817779023, 'recall_weighted': 0.6934904817779023}
-----------------------
Epoch 46/100
Training statistic: Loss: 0.9570, train_score: {'accuracy': 0.7296220461923634, 'balanced_accuracy': 0.6751664753639849, 'f1_macro': 0.6336049268671127, 'f1_micro': 0.7296220461923634, 'f1_weighted': 0.7327133808847632, 'precision_macro': 0.6044043655517172, 'precision_micro': 0.7296220461923634, 'precision_weighted': 0.7380063592076295, 'recall_macro': 0.6751664753639849, 'recall_micro': 0.7296220461923634, 'recall_weighted': 0.7296220461923634}
Validation statistic: Loss: 1.0969, dev_score: {'accuracy': 0.6950666363110979, 'balanced_accuracy': 0.6417453987299309, 'f1_macro': 0.5772129250719358, 'f1_micro': 0.6950666363110979, 'f1_weighted': 0.6999641236246352, 'precision_macro': 0.5394204036416047, 'precision_micro': 0.6950666363110979, 'precision_weighted': 0.7083769165675013, 'recall_macro': 0.6417453987299309, 'recall_micro': 0.6950666363110979, 'recall_weighted': 0.6950666363110979}
-----------------------
Epoch 47/100
Training statistic: Loss: 0.9834, train_score: {'accuracy': 0.7261036208831574, 'balanced_accuracy': 0.6770186280849196, 'f1_macro': 0.6337813843763199, 'f1_micro': 0.7261036208831574, 'f1_weighted': 0.7294741530479397, 'precision_macro': 0.6023925469063521, 'precision_micro': 0.7261036208831574, 'precision_weighted': 0.7357774464754013, 'recall_macro': 0.6770186280849196, 'recall_micro': 0.7261036208831574, 'recall_weighted': 0.7261036208831574}
Validation statistic: Loss: 1.1294, dev_score: {'accuracy': 0.6900054289767255, 'balanced_accuracy': 0.6365218494716122, 'f1_macro': 0.5726388241098174, 'f1_micro': 0.6900054289767255, 'f1_weighted': 0.6954176688098258, 'precision_macro': 0.5326441076548745, 'precision_micro': 0.6900054289767255, 'precision_weighted': 0.7051913796659292, 'recall_macro': 0.6365218494716122, 'recall_micro': 0.6900054289767255, 'recall_weighted': 0.6900054289767255}
-----------------------
Epoch 48/100
Training statistic: Loss: 0.9427, train_score: {'accuracy': 0.7302426573232927, 'balanced_accuracy': 0.6793358698427667, 'f1_macro': 0.6361276202545358, 'f1_micro': 0.7302426573232927, 'f1_weighted': 0.7331375313526352, 'precision_macro': 0.6041136063283584, 'precision_micro': 0.7302426573232927, 'precision_weighted': 0.7387246063234214, 'recall_macro': 0.6793358698427667, 'recall_micro': 0.7302426573232927, 'recall_weighted': 0.7302426573232927}
Validation statistic: Loss: 1.0821, dev_score: {'accuracy': 0.6949265336859249, 'balanced_accuracy': 0.6433713872432524, 'f1_macro': 0.5782347447370313, 'f1_micro': 0.6949265336859249, 'f1_weighted': 0.6996004598890091, 'precision_macro': 0.5374203842195067, 'precision_micro': 0.6949265336859249, 'precision_weighted': 0.7082484488417871, 'recall_macro': 0.6433713872432524, 'recall_micro': 0.6949265336859249, 'recall_weighted': 0.6949265336859249}
-----------------------
Epoch 49/100
Training statistic: Loss: 0.9235, train_score: {'accuracy': 0.7296236750929695, 'balanced_accuracy': 0.6711678925461309, 'f1_macro': 0.6375741966398846, 'f1_micro': 0.7296236750929695, 'f1_weighted': 0.7325344260773009, 'precision_macro': 0.6123108717437766, 'precision_micro': 0.7296236750929695, 'precision_weighted': 0.7372746414015319, 'recall_macro': 0.6711678925461309, 'recall_micro': 0.7296236750929695, 'recall_weighted': 0.7296236750929695}
Validation statistic: Loss: 1.0622, dev_score: {'accuracy': 0.6942085077319137, 'balanced_accuracy': 0.6315120714981258, 'f1_macro': 0.5779398146429128, 'f1_micro': 0.6942085077319137, 'f1_weighted': 0.6990769781026281, 'precision_macro': 0.5439056663275823, 'precision_micro': 0.6942085077319137, 'precision_weighted': 0.7070286053375875, 'recall_macro': 0.6315120714981258, 'recall_micro': 0.6942085077319137, 'recall_weighted': 0.6942085077319137}
Saving model...
Model saved!
-------------------------------------------
-----------------------
Epoch 50/100
Training statistic: Loss: 0.9390, train_score: {'accuracy': 0.7301465521875321, 'balanced_accuracy': 0.6695234845759809, 'f1_macro': 0.6342163657637253, 'f1_micro': 0.7301465521875321, 'f1_weighted': 0.7329268836265576, 'precision_macro': 0.6091892901882304, 'precision_micro': 0.7301465521875321, 'precision_weighted': 0.7379707698667836, 'recall_macro': 0.6695234845759809, 'recall_micro': 0.7301465521875321, 'recall_weighted': 0.7301465521875321}
Validation statistic: Loss: 1.0764, dev_score: {'accuracy': 0.6942610462163534, 'balanced_accuracy': 0.6307601547519142, 'f1_macro': 0.5746068020084903, 'f1_micro': 0.6942610462163534, 'f1_weighted': 0.6988487609934632, 'precision_macro': 0.5406654493166868, 'precision_micro': 0.6942610462163534, 'precision_weighted': 0.7068486478781315, 'recall_macro': 0.6307601547519142, 'recall_micro': 0.6942610462163534, 'recall_weighted': 0.6942610462163534}
-----------------------
Epoch 51/100
Training statistic: Loss: 0.9343, train_score: {'accuracy': 0.7321093774178994, 'balanced_accuracy': 0.6736479101726282, 'f1_macro': 0.6369191825759518, 'f1_micro': 0.7321093774178994, 'f1_weighted': 0.7347574681909452, 'precision_macro': 0.6096522985831678, 'precision_micro': 0.7321093774178994, 'precision_weighted': 0.7395151429292581, 'recall_macro': 0.6736479101726282, 'recall_micro': 0.7321093774178994, 'recall_weighted': 0.7321093774178994}
Validation statistic: Loss: 1.0707, dev_score: {'accuracy': 0.6974483809390378, 'balanced_accuracy': 0.636306846443228, 'f1_macro': 0.5780205084783799, 'f1_micro': 0.6974483809390378, 'f1_weighted': 0.7018714298501791, 'precision_macro': 0.5411998367481504, 'precision_micro': 0.6974483809390378, 'precision_weighted': 0.7095329587002063, 'recall_macro': 0.636306846443228, 'recall_micro': 0.6974483809390378, 'recall_weighted': 0.6974483809390378}
-----------------------
Epoch 52/100
Training statistic: Loss: 0.9194, train_score: {'accuracy': 0.734836157032534, 'balanced_accuracy': 0.6734339355528107, 'f1_macro': 0.6389141595878621, 'f1_micro': 0.734836157032534, 'f1_weighted': 0.737978019416388, 'precision_macro': 0.6143548849870439, 'precision_micro': 0.734836157032534, 'precision_weighted': 0.7431413577253799, 'recall_macro': 0.6734339355528107, 'recall_micro': 0.734836157032534, 'recall_weighted': 0.734836157032534}
Validation statistic: Loss: 1.0533, dev_score: {'accuracy': 0.6989194585033537, 'balanced_accuracy': 0.6363224463335001, 'f1_macro': 0.5797218398443106, 'f1_micro': 0.6989194585033537, 'f1_weighted': 0.7040165450422887, 'precision_macro': 0.545655295791945, 'precision_micro': 0.6989194585033537, 'precision_weighted': 0.7123172355778292, 'recall_macro': 0.6363224463335001, 'recall_micro': 0.6989194585033537, 'recall_weighted': 0.6989194585033537}
Saving model...
Model saved!
-------------------------------------------
-----------------------
Epoch 53/100
Training statistic: Loss: 0.9279, train_score: {'accuracy': 0.7279768565801883, 'balanced_accuracy': 0.6822382111060868, 'f1_macro': 0.6374097226182768, 'f1_micro': 0.7279768565801883, 'f1_weighted': 0.7316094608269783, 'precision_macro': 0.6059363531246216, 'precision_micro': 0.7279768565801883, 'precision_weighted': 0.7380730617408152, 'recall_macro': 0.6822382111060868, 'recall_micro': 0.7279768565801883, 'recall_weighted': 0.7279768565801883}
Validation statistic: Loss: 1.0667, dev_score: {'accuracy': 0.6912138141188421, 'balanced_accuracy': 0.6453038543846658, 'f1_macro': 0.5801624010404934, 'f1_micro': 0.6912138141188421, 'f1_weighted': 0.6967694399252838, 'precision_macro': 0.5409863506779911, 'precision_micro': 0.6912138141188421, 'precision_weighted': 0.7065396176957557, 'recall_macro': 0.6453038543846658, 'recall_micro': 0.6912138141188421, 'recall_weighted': 0.6912138141188421}
-----------------------
Epoch 54/100
Training statistic: Loss: 0.8944, train_score: {'accuracy': 0.7349892736895087, 'balanced_accuracy': 0.6762816790367313, 'f1_macro': 0.6420967110946151, 'f1_micro': 0.7349892736895087, 'f1_weighted': 0.7377581978242311, 'precision_macro': 0.6182994640805878, 'precision_micro': 0.7349892736895087, 'precision_weighted': 0.7425231640793395, 'recall_macro': 0.6762816790367313, 'recall_micro': 0.7349892736895087, 'recall_weighted': 0.7349892736895087}
Validation statistic: Loss: 1.0255, dev_score: {'accuracy': 0.7013537416157335, 'balanced_accuracy': 0.6399449631480241, 'f1_macro': 0.5863874605659094, 'f1_micro': 0.7013537416157335, 'f1_weighted': 0.7057242641313027, 'precision_macro': 0.5542715023962332, 'precision_micro': 0.7013537416157335, 'precision_weighted': 0.7130689714401247, 'recall_macro': 0.6399449631480241, 'recall_micro': 0.7013537416157335, 'recall_weighted': 0.7013537416157335}
Saving model...
Model saved!
-------------------------------------------
-----------------------
Epoch 55/100
Training statistic: Loss: 0.9091, train_score: {'accuracy': 0.7266297557789321, 'balanced_accuracy': 0.6661150905387355, 'f1_macro': 0.6297573897639441, 'f1_micro': 0.7266297557789321, 'f1_weighted': 0.7292605625865014, 'precision_macro': 0.6017687980785454, 'precision_micro': 0.7266297557789321, 'precision_weighted': 0.7338451027244184, 'recall_macro': 0.6661150905387355, 'recall_micro': 0.7266297557789321, 'recall_weighted': 0.7266297557789321}
Validation statistic: Loss: 1.0443, dev_score: {'accuracy': 0.6913188910877217, 'balanced_accuracy': 0.6250548336488456, 'f1_macro': 0.5687213534701187, 'f1_micro': 0.6913188910877217, 'f1_weighted': 0.6957472546124912, 'precision_macro': 0.5321091037319537, 'precision_micro': 0.6913188910877217, 'precision_weighted': 0.7032982969735879, 'recall_macro': 0.6250548336488456, 'recall_micro': 0.6913188910877217, 'recall_weighted': 0.6913188910877217}
-----------------------
Epoch 56/100
Training statistic: Loss: 0.8905, train_score: {'accuracy': 0.7326241100094313, 'balanced_accuracy': 0.6877817144463013, 'f1_macro': 0.637635436604451, 'f1_micro': 0.7326241100094313, 'f1_weighted': 0.7359227544448216, 'precision_macro': 0.6042748260686529, 'precision_micro': 0.7326241100094313, 'precision_weighted': 0.7419436580161236, 'recall_macro': 0.6877817144463013, 'recall_micro': 0.7326241100094313, 'recall_weighted': 0.7326241100094313}
Validation statistic: Loss: 1.0199, dev_score: {'accuracy': 0.695977303374722, 'balanced_accuracy': 0.649358739603221, 'f1_macro': 0.5781571944182734, 'f1_micro': 0.695977303374722, 'f1_weighted': 0.7012079842294081, 'precision_macro': 0.5389940960103716, 'precision_micro': 0.695977303374722, 'precision_weighted': 0.7104419297233852, 'recall_macro': 0.649358739603221, 'recall_micro': 0.695977303374722, 'recall_weighted': 0.695977303374722}
Saving model...
Model saved!
-------------------------------------------
-----------------------
Epoch 57/100
Training statistic: Loss: 0.9163, train_score: {'accuracy': 0.7332251743330873, 'balanced_accuracy': 0.6786496393293869, 'f1_macro': 0.6381874031906499, 'f1_micro': 0.7332251743330873, 'f1_weighted': 0.7360930662972627, 'precision_macro': 0.6077437217674586, 'precision_micro': 0.7332251743330873, 'precision_weighted': 0.741101443868533, 'recall_macro': 0.6786496393293869, 'recall_micro': 0.7332251743330873, 'recall_weighted': 0.7332251743330873}
Validation statistic: Loss: 1.0505, dev_score: {'accuracy': 0.6974658937671845, 'balanced_accuracy': 0.636228784208434, 'f1_macro': 0.5760433116484647, 'f1_micro': 0.6974658937671845, 'f1_weighted': 0.7021560440953748, 'precision_macro': 0.5378086943829967, 'precision_micro': 0.6974658937671845, 'precision_weighted': 0.7101965154946801, 'recall_macro': 0.636228784208434, 'recall_micro': 0.6974658937671845, 'recall_weighted': 0.6974658937671845}
-----------------------
Epoch 58/100
Training statistic: Loss: 0.8649, train_score: {'accuracy': 0.7310229007136213, 'balanced_accuracy': 0.6796787412565743, 'f1_macro': 0.6384599861306058, 'f1_micro': 0.7310229007136213, 'f1_weighted': 0.733903720543068, 'precision_macro': 0.6074236252714087, 'precision_micro': 0.7310229007136213, 'precision_weighted': 0.7388716396420988, 'recall_macro': 0.6796787412565743, 'recall_micro': 0.7310229007136213, 'recall_weighted': 0.7310229007136213}
Validation statistic: Loss: 0.9882, dev_score: {'accuracy': 0.6958547135776957, 'balanced_accuracy': 0.6403536154367613, 'f1_macro': 0.5782102517647283, 'f1_micro': 0.6958547135776957, 'f1_weighted': 0.7006167282146253, 'precision_macro': 0.5393480621673945, 'precision_micro': 0.6958547135776957, 'precision_weighted': 0.7087230383705885, 'recall_macro': 0.6403536154367613, 'recall_micro': 0.6958547135776957, 'recall_weighted': 0.6958547135776957}
Saving model...
Model saved!
-------------------------------------------
-----------------------
Epoch 59/100
Training statistic: Loss: 0.8759, train_score: {'accuracy': 0.7334972007343084, 'balanced_accuracy': 0.6832392148325148, 'f1_macro': 0.641831737223508, 'f1_micro': 0.7334972007343084, 'f1_weighted': 0.736805921143323, 'precision_macro': 0.6132337357964294, 'precision_micro': 0.7334972007343084, 'precision_weighted': 0.7423352071943673, 'recall_macro': 0.6832392148325148, 'recall_micro': 0.7334972007343084, 'recall_weighted': 0.7334972007343084}
Validation statistic: Loss: 1.0005, dev_score: {'accuracy': 0.6984115864871018, 'balanced_accuracy': 0.6438725721947404, 'f1_macro': 0.5826952859828286, 'f1_micro': 0.6984115864871018, 'f1_weighted': 0.7035320873558862, 'precision_macro': 0.5476644361313544, 'precision_micro': 0.6984115864871018, 'precision_weighted': 0.7120049995589997, 'recall_macro': 0.6438725721947404, 'recall_micro': 0.6984115864871018, 'recall_weighted': 0.6984115864871018}
-----------------------
Epoch 60/100
Training statistic: Loss: 0.9225, train_score: {'accuracy': 0.7295243121559966, 'balanced_accuracy': 0.6842752693874402, 'f1_macro': 0.6349131858888037, 'f1_micro': 0.7295243121559966, 'f1_weighted': 0.7328044982236798, 'precision_macro': 0.6021566030804334, 'precision_micro': 0.7295243121559966, 'precision_weighted': 0.7389590769345117, 'recall_macro': 0.6842752693874402, 'recall_micro': 0.7295243121559966, 'recall_weighted': 0.7295243121559966}
Validation statistic: Loss: 1.0607, dev_score: {'accuracy': 0.6935430202623422, 'balanced_accuracy': 0.65256209077752, 'f1_macro': 0.5788481031677813, 'f1_micro': 0.6935430202623422, 'f1_weighted': 0.6987056993735308, 'precision_macro': 0.5388116068370032, 'precision_micro': 0.6935430202623422, 'precision_weighted': 0.7082578327459547, 'recall_macro': 0.65256209077752, 'recall_micro': 0.6935430202623422, 'recall_weighted': 0.6935430202623422}
-----------------------
Epoch 61/100
Training statistic: Loss: 0.8873, train_score: {'accuracy': 0.7292946371705344, 'balanced_accuracy': 0.6792001294101337, 'f1_macro': 0.6340523999807355, 'f1_micro': 0.7292946371705344, 'f1_weighted': 0.732470894681195, 'precision_macro': 0.602576148665627, 'precision_micro': 0.7292946371705344, 'precision_weighted': 0.7383367026103619, 'recall_macro': 0.6792001294101337, 'recall_micro': 0.7292946371705344, 'recall_weighted': 0.7292946371705344}
Validation statistic: Loss: 1.0168, dev_score: {'accuracy': 0.6942085077319137, 'balanced_accuracy': 0.6428907799834134, 'f1_macro': 0.5763584642616986, 'f1_micro': 0.6942085077319137, 'f1_weighted': 0.6992338472212786, 'precision_macro': 0.5376137631212062, 'precision_micro': 0.6942085077319137, 'precision_weighted': 0.7083000567143176, 'recall_macro': 0.6428907799834134, 'recall_micro': 0.6942085077319137, 'recall_weighted': 0.6942085077319137}
-----------------------
Epoch 62/100
Training statistic: Loss: 0.8433, train_score: {'accuracy': 0.7343409712482754, 'balanced_accuracy': 0.6814801697820299, 'f1_macro': 0.6398024475656152, 'f1_micro': 0.7343409712482754, 'f1_weighted': 0.737154673167868, 'precision_macro': 0.6090750676360938, 'precision_micro': 0.7343409712482754, 'precision_weighted': 0.742656693638807, 'recall_macro': 0.6814801697820299, 'recall_micro': 0.7343409712482754, 'recall_weighted': 0.7343409712482754}
Validation statistic: Loss: 0.9674, dev_score: {'accuracy': 0.700740792630602, 'balanced_accuracy': 0.6512844353106925, 'f1_macro': 0.5854808412764901, 'f1_micro': 0.700740792630602, 'f1_weighted': 0.7053667624657138, 'precision_macro': 0.5446782381264945, 'precision_micro': 0.700740792630602, 'precision_weighted': 0.7140446658327758, 'recall_macro': 0.6512844353106925, 'recall_micro': 0.700740792630602, 'recall_weighted': 0.700740792630602}
Saving model...
Model saved!
-------------------------------------------
-----------------------
Epoch 63/100
Training statistic: Loss: 0.8827, train_score: {'accuracy': 0.7291626962214393, 'balanced_accuracy': 0.6870403054262347, 'f1_macro': 0.6358639864185939, 'f1_micro': 0.7291626962214393, 'f1_weighted': 0.7322759236468991, 'precision_macro': 0.5999817071964922, 'precision_micro': 0.7291626962214393, 'precision_weighted': 0.7382727935542422, 'recall_macro': 0.6870403054262347, 'recall_micro': 0.7291626962214393, 'recall_weighted': 0.7291626962214393}
Validation statistic: Loss: 1.0109, dev_score: {'accuracy': 0.6935780459186354, 'balanced_accuracy': 0.6513791355054374, 'f1_macro': 0.5786891822806053, 'f1_micro': 0.6935780459186354, 'f1_weighted': 0.6983867271354143, 'precision_macro': 0.5360060545650608, 'precision_micro': 0.6935780459186354, 'precision_weighted': 0.7073174525861436, 'recall_macro': 0.6513791355054374, 'recall_micro': 0.6935780459186354, 'recall_weighted': 0.6935780459186354}
-----------------------
Epoch 64/100
Training statistic: Loss: 0.8793, train_score: {'accuracy': 0.732876589603379, 'balanced_accuracy': 0.6893960175759583, 'f1_macro': 0.6383274590376574, 'f1_micro': 0.732876589603379, 'f1_weighted': 0.7362570407215414, 'precision_macro': 0.6028773707267819, 'precision_micro': 0.732876589603379, 'precision_weighted': 0.7425038543196105, 'recall_macro': 0.6893960175759583, 'recall_micro': 0.732876589603379, 'recall_weighted': 0.732876589603379}
Validation statistic: Loss: 1.0077, dev_score: {'accuracy': 0.6981138684086093, 'balanced_accuracy': 0.6511034876916514, 'f1_macro': 0.5787668810195833, 'f1_micro': 0.6981138684086093, 'f1_weighted': 0.7034501255256227, 'precision_macro': 0.5373012228796349, 'precision_micro': 0.6981138684086093, 'precision_weighted': 0.7130201387760106, 'recall_macro': 0.6511034876916514, 'recall_micro': 0.6981138684086093, 'recall_weighted': 0.6981138684086093}
-----------------------
Epoch 65/100
Training statistic: Loss: 0.8491, train_score: {'accuracy': 0.7285795498044505, 'balanced_accuracy': 0.6853989231056021, 'f1_macro': 0.6337182103363352, 'f1_micro': 0.7285795498044505, 'f1_weighted': 0.7321118118412284, 'precision_macro': 0.5977640946427252, 'precision_micro': 0.7285795498044505, 'precision_weighted': 0.7386430368474015, 'recall_macro': 0.6853989231056021, 'recall_micro': 0.7285795498044505, 'recall_weighted': 0.7285795498044505}
Validation statistic: Loss: 0.9687, dev_score: {'accuracy': 0.6934204304653159, 'balanced_accuracy': 0.6476261741106433, 'f1_macro': 0.5755527965212772, 'f1_micro': 0.6934204304653159, 'f1_weighted': 0.6988958940605314, 'precision_macro': 0.5334968103303612, 'precision_micro': 0.6934204304653159, 'precision_weighted': 0.7086452511257206, 'recall_macro': 0.6476261741106433, 'recall_micro': 0.6934204304653159, 'recall_weighted': 0.6934204304653159}
-----------------------
Epoch 66/100
Training statistic: Loss: 0.8839, train_score: {'accuracy': 0.7278693491401849, 'balanced_accuracy': 0.6757673664560525, 'f1_macro': 0.6337531568490445, 'f1_micro': 0.7278693491401849, 'f1_weighted': 0.7309990965076565, 'precision_macro': 0.6037163051903128, 'precision_micro': 0.7278693491401849, 'precision_weighted': 0.7371457848842977, 'recall_macro': 0.6757673664560525, 'recall_micro': 0.7278693491401849, 'recall_weighted': 0.7278693491401849}
Validation statistic: Loss: 1.0108, dev_score: {'accuracy': 0.6915290450254812, 'balanced_accuracy': 0.6389977716296537, 'f1_macro': 0.5745878199941512, 'f1_micro': 0.6915290450254812, 'f1_weighted': 0.6966788296185533, 'precision_macro': 0.5355911025742078, 'precision_micro': 0.6915290450254812, 'precision_weighted': 0.7063759887306251, 'recall_macro': 0.6389977716296537, 'recall_micro': 0.6915290450254812, 'recall_weighted': 0.6915290450254812}
-----------------------
Epoch 67/100
Training statistic: Loss: 0.8711, train_score: {'accuracy': 0.7366523812083511, 'balanced_accuracy': 0.6795045032892914, 'f1_macro': 0.6403881625776389, 'f1_micro': 0.7366523812083511, 'f1_weighted': 0.739367481249006, 'precision_macro': 0.6142899962431159, 'precision_micro': 0.7366523812083511, 'precision_weighted': 0.7451874437205109, 'recall_macro': 0.6795045032892914, 'recall_micro': 0.7366523812083511, 'recall_weighted': 0.7366523812083511}
Validation statistic: Loss: 0.9965, dev_score: {'accuracy': 0.7032276142274216, 'balanced_accuracy': 0.6464198589552094, 'f1_macro': 0.5842889516907415, 'f1_micro': 0.7032276142274216, 'f1_weighted': 0.7077584463418028, 'precision_macro': 0.5489367026343798, 'precision_micro': 0.7032276142274216, 'precision_weighted': 0.7166518327807517, 'recall_macro': 0.6464198589552094, 'recall_micro': 0.7032276142274216, 'recall_weighted': 0.7032276142274216}
-----------------------
Epoch 68/100
Training statistic: Loss: 0.8692, train_score: {'accuracy': 0.732304845490633, 'balanced_accuracy': 0.6725165942630875, 'f1_macro': 0.633637927447008, 'f1_micro': 0.732304845490633, 'f1_weighted': 0.7348668851322196, 'precision_macro': 0.6056541892361368, 'precision_micro': 0.732304845490633, 'precision_weighted': 0.7399326052160456, 'recall_macro': 0.6725165942630875, 'recall_micro': 0.732304845490633, 'recall_weighted': 0.732304845490633}
Validation statistic: Loss: 0.9967, dev_score: {'accuracy': 0.6987268173937409, 'balanced_accuracy': 0.6416435820177897, 'f1_macro': 0.5804516095523697, 'f1_micro': 0.6987268173937409, 'f1_weighted': 0.7029686960503757, 'precision_macro': 0.5426888441840242, 'precision_micro': 0.6987268173937409, 'precision_weighted': 0.710838198746063, 'recall_macro': 0.6416435820177897, 'recall_micro': 0.6987268173937409, 'recall_weighted': 0.6987268173937409}
-----------------------
Epoch 69/100
Training statistic: Loss: 0.9015, train_score: {'accuracy': 0.7289232478323405, 'balanced_accuracy': 0.6811569584633836, 'f1_macro': 0.635783221614275, 'f1_micro': 0.7289232478323405, 'f1_weighted': 0.7318526056508589, 'precision_macro': 0.601970586664044, 'precision_micro': 0.7289232478323405, 'precision_weighted': 0.7369106541471664, 'recall_macro': 0.6811569584633836, 'recall_micro': 0.7289232478323405, 'recall_weighted': 0.7289232478323405}
Validation statistic: Loss: 1.0378, dev_score: {'accuracy': 0.6937006357156618, 'balanced_accuracy': 0.6479144718845856, 'f1_macro': 0.5794755119304512, 'f1_micro': 0.6937006357156618, 'f1_weighted': 0.6984336434608055, 'precision_macro': 0.5370144771549469, 'precision_micro': 0.6937006357156618, 'precision_weighted': 0.7066295842746959, 'recall_macro': 0.6479144718845856, 'recall_micro': 0.6937006357156618, 'recall_weighted': 0.6937006357156618}
-----------------------
Epoch 70/100
Training statistic: Loss: 0.8724, train_score: {'accuracy': 0.735536584293163, 'balanced_accuracy': 0.6804986211714149, 'f1_macro': 0.639631919120544, 'f1_micro': 0.735536584293163, 'f1_weighted': 0.738815043546862, 'precision_macro': 0.6101669877167316, 'precision_micro': 0.735536584293163, 'precision_weighted': 0.7443239727365619, 'recall_macro': 0.6804986211714149, 'recall_micro': 0.735536584293163, 'recall_weighted': 0.735536584293163}
Validation statistic: Loss: 0.9947, dev_score: {'accuracy': 0.7018090751475455, 'balanced_accuracy': 0.6460813895899643, 'f1_macro': 0.5838853595798598, 'f1_micro': 0.7018090751475455, 'f1_weighted': 0.7067751609539181, 'precision_macro': 0.5457807532846845, 'precision_micro': 0.7018090751475455, 'precision_weighted': 0.715195494061865, 'recall_macro': 0.6460813895899643, 'recall_micro': 0.7018090751475455, 'recall_weighted': 0.7018090751475455}
-----------------------
Epoch 71/100
Training statistic: Loss: 0.8800, train_score: {'accuracy': 0.7356962165525622, 'balanced_accuracy': 0.6732292384226362, 'f1_macro': 0.6403499029686194, 'f1_micro': 0.7356962165525622, 'f1_weighted': 0.7386452784346139, 'precision_macro': 0.6160445122773842, 'precision_micro': 0.7356962165525622, 'precision_weighted': 0.7433838177930902, 'recall_macro': 0.6732292384226362, 'recall_micro': 0.7356962165525622, 'recall_weighted': 0.7356962165525622}
Validation statistic: Loss: 1.0063, dev_score: {'accuracy': 0.7007583054587485, 'balanced_accuracy': 0.6368511327851815, 'f1_macro': 0.5812591232851501, 'f1_micro': 0.7007583054587485, 'f1_weighted': 0.7056132115743099, 'precision_macro': 0.546695272524183, 'precision_micro': 0.7007583054587485, 'precision_weighted': 0.7134735791249845, 'recall_macro': 0.6368511327851815, 'recall_micro': 0.7007583054587485, 'recall_weighted': 0.7007583054587485}
-----------------------
Epoch 72/100
Training statistic: Loss: 0.8703, train_score: {'accuracy': 0.7296122727887268, 'balanced_accuracy': 0.6931349565256325, 'f1_macro': 0.6378353972014794, 'f1_micro': 0.7296122727887268, 'f1_weighted': 0.7326368555298984, 'precision_macro': 0.5995301643365575, 'precision_micro': 0.7296122727887268, 'precision_weighted': 0.7386851555733494, 'recall_macro': 0.6931349565256325, 'recall_micro': 0.7296122727887268, 'recall_weighted': 0.7296122727887268}
Validation statistic: Loss: 0.9973, dev_score: {'accuracy': 0.6938057126845414, 'balanced_accuracy': 0.6570182580856853, 'f1_macro': 0.5785228405690688, 'f1_micro': 0.6938057126845414, 'f1_weighted': 0.6987079261072502, 'precision_macro': 0.5336729363434725, 'precision_micro': 0.6938057126845414, 'precision_weighted': 0.70794530306819, 'recall_macro': 0.6570182580856853, 'recall_micro': 0.6938057126845414, 'recall_weighted': 0.6938057126845414}
-----------------------
Epoch 73/100
Training statistic: Loss: 0.8750, train_score: {'accuracy': 0.731290040413024, 'balanced_accuracy': 0.6912121945705021, 'f1_macro': 0.6405079745474381, 'f1_micro': 0.731290040413024, 'f1_weighted': 0.7351184127179229, 'precision_macro': 0.6061243048123515, 'precision_micro': 0.731290040413024, 'precision_weighted': 0.7420313414492714, 'recall_macro': 0.6912121945705021, 'recall_micro': 0.731290040413024, 'recall_weighted': 0.731290040413024}
Validation statistic: Loss: 1.0033, dev_score: {'accuracy': 0.6967653806413198, 'balanced_accuracy': 0.6594346423848843, 'f1_macro': 0.5835369739030103, 'f1_micro': 0.6967653806413198, 'f1_weighted': 0.7027527450067242, 'precision_macro': 0.5413918112418666, 'precision_micro': 0.6967653806413198, 'precision_weighted': 0.713480764004306, 'recall_macro': 0.6594346423848843, 'recall_micro': 0.6967653806413198, 'recall_weighted': 0.6967653806413198}
-----------------------
Epoch 74/100
Training statistic: Loss: 0.8709, train_score: {'accuracy': 0.731619078335459, 'balanced_accuracy': 0.6854027579311861, 'f1_macro': 0.6400358527714963, 'f1_micro': 0.731619078335459, 'f1_weighted': 0.7345706369458106, 'precision_macro': 0.6063851058949733, 'precision_micro': 0.731619078335459, 'precision_weighted': 0.7402876494691066, 'recall_macro': 0.6854027579311861, 'recall_micro': 0.731619078335459, 'recall_weighted': 0.731619078335459}
Validation statistic: Loss: 1.0017, dev_score: {'accuracy': 0.6971856885168386, 'balanced_accuracy': 0.652435866420668, 'f1_macro': 0.5850611865484778, 'f1_micro': 0.6971856885168386, 'f1_weighted': 0.7018644463639819, 'precision_macro': 0.5425955759619031, 'precision_micro': 0.6971856885168386, 'precision_weighted': 0.7105303172092103, 'recall_macro': 0.652435866420668, 'recall_micro': 0.6971856885168386, 'recall_weighted': 0.6971856885168386}
-----------------------
Epoch 75/100
Training statistic: Loss: 0.8395, train_score: {'accuracy': 0.7356261738264993, 'balanced_accuracy': 0.6751039355481092, 'f1_macro': 0.6436542826377606, 'f1_micro': 0.7356261738264993, 'f1_weighted': 0.7371281702259064, 'precision_macro': 0.6181574254208891, 'precision_micro': 0.7356261738264993, 'precision_weighted': 0.7399395569645055, 'recall_macro': 0.6751039355481092, 'recall_micro': 0.7356261738264993, 'recall_weighted': 0.7356261738264993}
Validation statistic: Loss: 0.9580, dev_score: {'accuracy': 0.7024045113045305, 'balanced_accuracy': 0.638249783793978, 'f1_macro': 0.5866169260804995, 'f1_micro': 0.7024045113045305, 'f1_weighted': 0.705376186286784, 'precision_macro': 0.5512405410694331, 'precision_micro': 0.7024045113045305, 'precision_weighted': 0.7106292077238201, 'recall_macro': 0.638249783793978, 'recall_micro': 0.7024045113045305, 'recall_weighted': 0.7024045113045305}
Saving model...
Model saved!
-------------------------------------------
-----------------------
Epoch 76/100
Training statistic: Loss: 0.8730, train_score: {'accuracy': 0.7311076035451393, 'balanced_accuracy': 0.6776191509538367, 'f1_macro': 0.6388098587780379, 'f1_micro': 0.7311076035451393, 'f1_weighted': 0.7339002700188111, 'precision_macro': 0.6099482129236368, 'precision_micro': 0.7311076035451393, 'precision_weighted': 0.739294135476314, 'recall_macro': 0.6776191509538367, 'recall_micro': 0.7311076035451393, 'recall_weighted': 0.7311076035451393}
Validation statistic: Loss: 0.9995, dev_score: {'accuracy': 0.6950666363110979, 'balanced_accuracy': 0.6376770611435012, 'f1_macro': 0.5800485047897482, 'f1_micro': 0.6950666363110979, 'f1_weighted': 0.6995666454821176, 'precision_macro': 0.5423172437973056, 'precision_micro': 0.6950666363110979, 'precision_weighted': 0.7079431850428255, 'recall_macro': 0.6376770611435012, 'recall_micro': 0.6950666363110979, 'recall_weighted': 0.6950666363110979}
-----------------------
Epoch 77/100
Training statistic: Loss: 0.8551, train_score: {'accuracy': 0.7345250370167663, 'balanced_accuracy': 0.6845535411889948, 'f1_macro': 0.6418697895043974, 'f1_micro': 0.7345250370167663, 'f1_weighted': 0.7368605960640799, 'precision_macro': 0.6100973831639577, 'precision_micro': 0.7345250370167663, 'precision_weighted': 0.7416601273843624, 'recall_macro': 0.6845535411889948, 'recall_micro': 0.7345250370167663, 'recall_weighted': 0.7345250370167663}
Validation statistic: Loss: 0.9786, dev_score: {'accuracy': 0.7004080488958162, 'balanced_accuracy': 0.6492501970752994, 'f1_macro': 0.586318680376644, 'f1_micro': 0.7004080488958162, 'f1_weighted': 0.7043228495599513, 'precision_macro': 0.5462255989087816, 'precision_micro': 0.7004080488958162, 'precision_weighted': 0.711947561678131, 'recall_macro': 0.6492501970752994, 'recall_micro': 0.7004080488958162, 'recall_weighted': 0.7004080488958162}
-----------------------
Epoch 78/100
Training statistic: Loss: 0.8560, train_score: {'accuracy': 0.7323162477948758, 'balanced_accuracy': 0.6929821858471218, 'f1_macro': 0.6405331809659407, 'f1_micro': 0.7323162477948758, 'f1_weighted': 0.7359646720813634, 'precision_macro': 0.6044866013022864, 'precision_micro': 0.7323162477948758, 'precision_weighted': 0.7424394226508245, 'recall_macro': 0.6929821858471218, 'recall_micro': 0.7323162477948758, 'recall_weighted': 0.7323162477948758}
Validation statistic: Loss: 0.9776, dev_score: {'accuracy': 0.6960823803436017, 'balanced_accuracy': 0.6529251523813822, 'f1_macro': 0.5789063015486385, 'f1_micro': 0.6960823803436017, 'f1_weighted': 0.7017789055708321, 'precision_macro': 0.5368108951411866, 'precision_micro': 0.6960823803436017, 'precision_weighted': 0.7117053945061523, 'recall_macro': 0.6529251523813822, 'recall_micro': 0.6960823803436017, 'recall_weighted': 0.6960823803436017}
-----------------------
Epoch 79/100
Training statistic: Loss: 0.8576, train_score: {'accuracy': 0.7378300763465714, 'balanced_accuracy': 0.679913815936575, 'f1_macro': 0.6425282243799152, 'f1_micro': 0.7378300763465714, 'f1_weighted': 0.7403018058047416, 'precision_macro': 0.613733728322, 'precision_micro': 0.7378300763465714, 'precision_weighted': 0.7445129510976596, 'recall_macro': 0.679913815936575, 'recall_micro': 0.7378300763465714, 'recall_weighted': 0.7378300763465714}
Validation statistic: Loss: 0.9724, dev_score: {'accuracy': 0.7053992049176021, 'balanced_accuracy': 0.6476085327925769, 'f1_macro': 0.5880201371503945, 'f1_micro': 0.7053992049176021, 'f1_weighted': 0.7093673559806319, 'precision_macro': 0.5492651176332332, 'precision_micro': 0.7053992049176021, 'precision_weighted': 0.716288413333342, 'recall_macro': 0.6476085327925769, 'recall_micro': 0.7053992049176021, 'recall_weighted': 0.7053992049176021}
-----------------------
Epoch 80/100
Training statistic: Loss: 0.8951, train_score: {'accuracy': 0.7361327619150007, 'balanced_accuracy': 0.6886216623162396, 'f1_macro': 0.6457611394631267, 'f1_micro': 0.7361327619150007, 'f1_weighted': 0.7392115877367456, 'precision_macro': 0.6144711670858521, 'precision_micro': 0.7361327619150007, 'precision_weighted': 0.7444020217563498, 'recall_macro': 0.6886216623162396, 'recall_micro': 0.7361327619150007, 'recall_weighted': 0.7361327619150007}
Validation statistic: Loss: 1.0224, dev_score: {'accuracy': 0.700828356771335, 'balanced_accuracy': 0.6542441533505682, 'f1_macro': 0.5892472184816174, 'f1_micro': 0.700828356771335, 'f1_weighted': 0.7056718519175129, 'precision_macro': 0.5499301416954061, 'precision_micro': 0.700828356771335, 'precision_weighted': 0.7137973161936398, 'recall_macro': 0.6542441533505682, 'recall_micro': 0.700828356771335, 'recall_weighted': 0.700828356771335}
-----------------------
Epoch 81/100
Training statistic: Loss: 0.8606, train_score: {'accuracy': 0.7339321171961408, 'balanced_accuracy': 0.6839595280218758, 'f1_macro': 0.6439429390483713, 'f1_micro': 0.7339321171961408, 'f1_weighted': 0.7367968131976576, 'precision_macro': 0.6147031249907214, 'precision_micro': 0.7339321171961408, 'precision_weighted': 0.7425422292476099, 'recall_macro': 0.6839595280218758, 'recall_micro': 0.7339321171961408, 'recall_weighted': 0.7339321171961408}
Validation statistic: Loss: 0.9840, dev_score: {'accuracy': 0.6987443302218875, 'balanced_accuracy': 0.6443053861938707, 'f1_macro': 0.5837457355894917, 'f1_micro': 0.6987443302218875, 'f1_weighted': 0.7033483067251952, 'precision_macro': 0.5445695086941321, 'precision_micro': 0.6987443302218875, 'precision_weighted': 0.7120681004425502, 'recall_macro': 0.6443053861938707, 'recall_micro': 0.6987443302218875, 'recall_weighted': 0.6987443302218875}
-----------------------
Epoch 82/100
Training statistic: Loss: 0.8551, train_score: {'accuracy': 0.7348394148337463, 'balanced_accuracy': 0.6811567082234723, 'f1_macro': 0.6414373701839606, 'f1_micro': 0.7348394148337463, 'f1_weighted': 0.7373592858160836, 'precision_macro': 0.6111975274883509, 'precision_micro': 0.7348394148337463, 'precision_weighted': 0.7423018096789932, 'recall_macro': 0.6811567082234723, 'recall_micro': 0.7348394148337463, 'recall_weighted': 0.7348394148337463}
Validation statistic: Loss: 0.9762, dev_score: {'accuracy': 0.7001278436454703, 'balanced_accuracy': 0.6426035841962493, 'f1_macro': 0.5820254724506653, 'f1_micro': 0.7001278436454703, 'f1_weighted': 0.7042460022623634, 'precision_macro': 0.5426300641128885, 'precision_micro': 0.7001278436454703, 'precision_weighted': 0.7120726774798029, 'recall_macro': 0.6426035841962493, 'recall_micro': 0.7001278436454703, 'recall_weighted': 0.7001278436454703}
-----------------------
Epoch 83/100
Training statistic: Loss: 0.8189, train_score: {'accuracy': 0.737308828152615, 'balanced_accuracy': 0.6763797211797663, 'f1_macro': 0.6432700777260607, 'f1_micro': 0.737308828152615, 'f1_weighted': 0.7393972696415861, 'precision_macro': 0.6169810295100291, 'precision_micro': 0.737308828152615, 'precision_weighted': 0.7429642554607215, 'recall_macro': 0.6763797211797663, 'recall_micro': 0.737308828152615, 'recall_weighted': 0.737308828152615}
Validation statistic: Loss: 0.9344, dev_score: {'accuracy': 0.7041733069473389, 'balanced_accuracy': 0.6426538433032688, 'f1_macro': 0.5877934536697957, 'f1_micro': 0.7041733069473389, 'f1_weighted': 0.7077814694777187, 'precision_macro': 0.550886535755071, 'precision_micro': 0.7041733069473389, 'precision_weighted': 0.7138342807228536, 'recall_macro': 0.6426538433032688, 'recall_micro': 0.7041733069473389, 'recall_weighted': 0.7041733069473389}
Saving model...
Model saved!
-------------------------------------------
-----------------------
Epoch 84/100
Training statistic: Loss: 0.8627, train_score: {'accuracy': 0.7320947173124444, 'balanced_accuracy': 0.685940527755582, 'f1_macro': 0.6433141907927961, 'f1_micro': 0.7320947173124444, 'f1_weighted': 0.7345171904490724, 'precision_macro': 0.6106102737351743, 'precision_micro': 0.7320947173124444, 'precision_weighted': 0.7393715597801529, 'recall_macro': 0.685940527755582, 'recall_micro': 0.7320947173124444, 'recall_weighted': 0.7320947173124444}
Validation statistic: Loss: 0.9878, dev_score: {'accuracy': 0.6956620724680829, 'balanced_accuracy': 0.6514224940769647, 'f1_macro': 0.5863848161951056, 'f1_micro': 0.6956620724680829, 'f1_weighted': 0.6997229177945373, 'precision_macro': 0.5438888297479367, 'precision_micro': 0.6956620724680829, 'precision_weighted': 0.7074569147461948, 'recall_macro': 0.6514224940769647, 'recall_micro': 0.6956620724680829, 'recall_weighted': 0.6956620724680829}
-----------------------
Epoch 85/100
Training statistic: Loss: 0.8719, train_score: {'accuracy': 0.7370449462544245, 'balanced_accuracy': 0.687863270863816, 'f1_macro': 0.6462026389862688, 'f1_micro': 0.7370449462544245, 'f1_weighted': 0.7393606828938327, 'precision_macro': 0.6154321980381124, 'precision_micro': 0.7370449462544245, 'precision_weighted': 0.7433804563182752, 'recall_macro': 0.687863270863816, 'recall_micro': 0.7370449462544245, 'recall_weighted': 0.7370449462544245}
Validation statistic: Loss: 0.9911, dev_score: {'accuracy': 0.7043484352288051, 'balanced_accuracy': 0.6566874455706344, 'f1_macro': 0.5933473327461212, 'f1_micro': 0.7043484352288051, 'f1_weighted': 0.7079845956963278, 'precision_macro': 0.5540173373796212, 'precision_micro': 0.7043484352288051, 'precision_weighted': 0.7144562184196108, 'recall_macro': 0.6566874455706344, 'recall_micro': 0.7043484352288051, 'recall_weighted': 0.7043484352288051}
-----------------------
Epoch 86/100
Training statistic: Loss: 0.8756, train_score: {'accuracy': 0.7329026520130768, 'balanced_accuracy': 0.6833061019798368, 'f1_macro': 0.6401082223321133, 'f1_micro': 0.7329026520130768, 'f1_weighted': 0.7355713247186327, 'precision_macro': 0.6083665809123809, 'precision_micro': 0.7329026520130768, 'precision_weighted': 0.7414434923927332, 'recall_macro': 0.6833061019798368, 'recall_micro': 0.7329026520130768, 'recall_weighted': 0.7329026520130768}
Validation statistic: Loss: 0.9978, dev_score: {'accuracy': 0.6985516891122747, 'balanced_accuracy': 0.6494077603272846, 'f1_macro': 0.5848088907923847, 'f1_micro': 0.6985516891122747, 'f1_weighted': 0.7028445315977153, 'precision_macro': 0.5431540701793551, 'precision_micro': 0.6985516891122747, 'precision_weighted': 0.7115685270955434, 'recall_macro': 0.6494077603272846, 'recall_micro': 0.6985516891122747, 'recall_weighted': 0.6985516891122747}
-----------------------
Epoch 87/100
Training statistic: Loss: 0.8786, train_score: {'accuracy': 0.7338865079791697, 'balanced_accuracy': 0.6936063154432682, 'f1_macro': 0.6435272383857402, 'f1_micro': 0.7338865079791697, 'f1_weighted': 0.7375039844177075, 'precision_macro': 0.6093062389589383, 'precision_micro': 0.7338865079791697, 'precision_weighted': 0.7440853500422226, 'recall_macro': 0.6936063154432682, 'recall_micro': 0.7338865079791697, 'recall_weighted': 0.7338865079791697}
Validation statistic: Loss: 1.0046, dev_score: {'accuracy': 0.6992522022381394, 'balanced_accuracy': 0.6585557838645959, 'f1_macro': 0.5853356772400413, 'f1_micro': 0.6992522022381394, 'f1_weighted': 0.7046948905458694, 'precision_macro': 0.5432714287732576, 'precision_micro': 0.6992522022381394, 'precision_weighted': 0.7144690072720777, 'recall_macro': 0.6585557838645959, 'recall_micro': 0.6992522022381394, 'recall_weighted': 0.6992522022381394}
-----------------------
Epoch 88/100
Training statistic: Loss: 0.8505, train_score: {'accuracy': 0.7339793553137182, 'balanced_accuracy': 0.688524346625516, 'f1_macro': 0.6423262713664553, 'f1_micro': 0.7339793553137182, 'f1_weighted': 0.7366305088259145, 'precision_macro': 0.6090813845690507, 'precision_micro': 0.7339793553137182, 'precision_weighted': 0.7421048685435031, 'recall_macro': 0.688524346625516, 'recall_micro': 0.7339793553137182, 'recall_weighted': 0.7339793553137182}
Validation statistic: Loss: 0.9703, dev_score: {'accuracy': 0.6998651512232711, 'balanced_accuracy': 0.6539347108279772, 'f1_macro': 0.5871236983069988, 'f1_micro': 0.6998651512232711, 'f1_weighted': 0.703999707503356, 'precision_macro': 0.545745549621199, 'precision_micro': 0.6998651512232711, 'precision_weighted': 0.7120862734364319, 'recall_macro': 0.6539347108279772, 'recall_micro': 0.6998651512232711, 'recall_weighted': 0.6998651512232711}
-----------------------
Epoch 89/100
Training statistic: Loss: 0.8982, train_score: {'accuracy': 0.7255481657764725, 'balanced_accuracy': 0.6950284564899197, 'f1_macro': 0.6314825114626951, 'f1_micro': 0.7255481657764725, 'f1_weighted': 0.7298229543727898, 'precision_macro': 0.5910510093240736, 'precision_micro': 0.7255481657764725, 'precision_weighted': 0.7385883266043898, 'recall_macro': 0.6950284564899197, 'recall_micro': 0.7255481657764725, 'recall_weighted': 0.7255481657764725}
Validation statistic: Loss: 1.0206, dev_score: {'accuracy': 0.6886569412094359, 'balanced_accuracy': 0.6595343495032518, 'f1_macro': 0.5728230347120983, 'f1_micro': 0.6886569412094359, 'f1_weighted': 0.6950060211884863, 'precision_macro': 0.5268167034332835, 'precision_micro': 0.6886569412094359, 'precision_weighted': 0.7071973817688981, 'recall_macro': 0.6595343495032518, 'recall_micro': 0.6886569412094359, 'recall_weighted': 0.6886569412094359}
-----------------------
Epoch 90/100
Training statistic: Loss: 0.8684, train_score: {'accuracy': 0.7320149011827447, 'balanced_accuracy': 0.6774275482752643, 'f1_macro': 0.6375008398891471, 'f1_micro': 0.7320149011827447, 'f1_weighted': 0.7344330024960838, 'precision_macro': 0.6080050145679289, 'precision_micro': 0.7320149011827447, 'precision_weighted': 0.7394827915264609, 'recall_macro': 0.6774275482752643, 'recall_micro': 0.7320149011827447, 'recall_weighted': 0.7320149011827447}
Validation statistic: Loss: 0.9912, dev_score: {'accuracy': 0.6969755345790791, 'balanced_accuracy': 0.6473509256239355, 'f1_macro': 0.5821866558973828, 'f1_micro': 0.6969755345790791, 'f1_weighted': 0.7010986228748664, 'precision_macro': 0.5410996670668, 'precision_micro': 0.6969755345790791, 'precision_weighted': 0.709185856666726, 'recall_macro': 0.6473509256239355, 'recall_micro': 0.6969755345790791, 'recall_weighted': 0.6969755345790791}
-----------------------
Epoch 91/100
Training statistic: Loss: 0.8033, train_score: {'accuracy': 0.7314920240881821, 'balanced_accuracy': 0.6843287501175005, 'f1_macro': 0.6411823019379476, 'f1_micro': 0.7314920240881821, 'f1_weighted': 0.7352805239287242, 'precision_macro': 0.6118422795734818, 'precision_micro': 0.7314920240881821, 'precision_weighted': 0.7422918893654992, 'recall_macro': 0.6843287501175005, 'recall_micro': 0.7314920240881821, 'recall_weighted': 0.7314920240881821}
Validation statistic: Loss: 0.9106, dev_score: {'accuracy': 0.6964676625628272, 'balanced_accuracy': 0.6477142869482317, 'f1_macro': 0.5843233698207974, 'f1_micro': 0.6964676625628272, 'f1_weighted': 0.7019604578334862, 'precision_macro': 0.545735885672035, 'precision_micro': 0.6964676625628272, 'precision_weighted': 0.711850528525451, 'recall_macro': 0.6477142869482317, 'recall_micro': 0.6964676625628272, 'recall_weighted': 0.6964676625628272}
Saving model...
Model saved!
-------------------------------------------
-----------------------
Epoch 92/100
Training statistic: Loss: 0.8101, train_score: {'accuracy': 0.7394052232326835, 'balanced_accuracy': 0.6810439127330615, 'f1_macro': 0.6447417124388778, 'f1_micro': 0.7394052232326835, 'f1_weighted': 0.7418338072954486, 'precision_macro': 0.6168785378266504, 'precision_micro': 0.7394052232326835, 'precision_weighted': 0.7464856320118788, 'recall_macro': 0.6810439127330615, 'recall_micro': 0.7394052232326835, 'recall_weighted': 0.7394052232326835}
Validation statistic: Loss: 0.9233, dev_score: {'accuracy': 0.7053992049176021, 'balanced_accuracy': 0.649559646714078, 'f1_macro': 0.590068630658105, 'f1_micro': 0.7053992049176021, 'f1_weighted': 0.7095333821585893, 'precision_macro': 0.5504340166139884, 'precision_micro': 0.7053992049176021, 'precision_weighted': 0.7170816955305187, 'recall_macro': 0.649559646714078, 'recall_micro': 0.7053992049176021, 'recall_weighted': 0.7053992049176021}
-----------------------
Epoch 93/100
Training statistic: Loss: 0.8009, train_score: {'accuracy': 0.7381330518593086, 'balanced_accuracy': 0.6905779030195008, 'f1_macro': 0.6470682798304928, 'f1_micro': 0.7381330518593086, 'f1_weighted': 0.7411647998725519, 'precision_macro': 0.6151008599453427, 'precision_micro': 0.7381330518593086, 'precision_weighted': 0.7463007163334412, 'recall_macro': 0.6905779030195008, 'recall_micro': 0.7381330518593086, 'recall_weighted': 0.7381330518593086}
Validation statistic: Loss: 0.9105, dev_score: {'accuracy': 0.704260871088072, 'balanced_accuracy': 0.6565052442837592, 'f1_macro': 0.5910962381225965, 'f1_micro': 0.704260871088072, 'f1_weighted': 0.7090530401051416, 'precision_macro': 0.5505493392072646, 'precision_micro': 0.704260871088072, 'precision_weighted': 0.7171835483953553, 'recall_macro': 0.6565052442837592, 'recall_micro': 0.704260871088072, 'recall_weighted': 0.704260871088072}
Saving model...
Model saved!
-------------------------------------------
-----------------------
Epoch 94/100
Training statistic: Loss: 0.8228, train_score: {'accuracy': 0.7369423255162393, 'balanced_accuracy': 0.686405865672908, 'f1_macro': 0.645229499931863, 'f1_micro': 0.7369423255162393, 'f1_weighted': 0.7399519216130611, 'precision_macro': 0.614900651691145, 'precision_micro': 0.7369423255162393, 'precision_weighted': 0.7454075929761002, 'recall_macro': 0.686405865672908, 'recall_micro': 0.7369423255162393, 'recall_weighted': 0.7369423255162393}
Validation statistic: Loss: 0.9359, dev_score: {'accuracy': 0.702159331710478, 'balanced_accuracy': 0.6533354814874144, 'f1_macro': 0.589359547800713, 'f1_micro': 0.702159331710478, 'f1_weighted': 0.7068649230689886, 'precision_macro': 0.549208713644345, 'precision_micro': 0.702159331710478, 'precision_weighted': 0.715227851365364, 'recall_macro': 0.6533354814874144, 'recall_micro': 0.702159331710478, 'recall_weighted': 0.702159331710478}
-----------------------
Epoch 95/100
Training statistic: Loss: 0.8102, train_score: {'accuracy': 0.7367615175489607, 'balanced_accuracy': 0.6925763357487195, 'f1_macro': 0.6455841374076697, 'f1_micro': 0.7367615175489607, 'f1_weighted': 0.7401902951244391, 'precision_macro': 0.6119332724358353, 'precision_micro': 0.7367615175489607, 'precision_weighted': 0.7465499494796616, 'recall_macro': 0.6925763357487195, 'recall_micro': 0.7367615175489607, 'recall_weighted': 0.7367615175489607}
Validation statistic: Loss: 0.9196, dev_score: {'accuracy': 0.7007057669743086, 'balanced_accuracy': 0.6539838031156202, 'f1_macro': 0.5860388961210112, 'f1_micro': 0.7007057669743086, 'f1_weighted': 0.7059980358794221, 'precision_macro': 0.544418585704971, 'precision_micro': 0.7007057669743086, 'precision_weighted': 0.7155274516913223, 'recall_macro': 0.6539838031156202, 'recall_micro': 0.7007057669743086, 'recall_weighted': 0.7007057669743086}
-----------------------
Epoch 96/100
Training statistic: Loss: 0.8095, train_score: {'accuracy': 0.7341552765791785, 'balanced_accuracy': 0.6911117838718743, 'f1_macro': 0.645676629770402, 'f1_micro': 0.7341552765791785, 'f1_weighted': 0.7368407630322441, 'precision_macro': 0.6119701941228274, 'precision_micro': 0.7341552765791785, 'precision_weighted': 0.7423299826543318, 'recall_macro': 0.6911117838718743, 'recall_micro': 0.7341552765791785, 'recall_weighted': 0.7341552765791785}
Validation statistic: Loss: 0.9162, dev_score: {'accuracy': 0.6980963555804627, 'balanced_accuracy': 0.6602661080866564, 'f1_macro': 0.5902116414594925, 'f1_micro': 0.6980963555804627, 'f1_weighted': 0.7026086926569516, 'precision_macro': 0.5466040015917144, 'precision_micro': 0.6980963555804627, 'precision_weighted': 0.7113483260809556, 'recall_macro': 0.6602661080866564, 'recall_micro': 0.6980963555804627, 'recall_weighted': 0.6980963555804627}
-----------------------
Epoch 97/100
Training statistic: Loss: 0.8366, train_score: {'accuracy': 0.7346260288543454, 'balanced_accuracy': 0.6857327555579025, 'f1_macro': 0.6486777682535921, 'f1_micro': 0.7346260288543454, 'f1_weighted': 0.737505109712088, 'precision_macro': 0.621411162363749, 'precision_micro': 0.7346260288543454, 'precision_weighted': 0.7425846150352592, 'recall_macro': 0.6857327555579025, 'recall_micro': 0.7346260288543454, 'recall_weighted': 0.7346260288543454}
Validation statistic: Loss: 0.9545, dev_score: {'accuracy': 0.6994273305196056, 'balanced_accuracy': 0.649399517923392, 'f1_macro': 0.5911347735118093, 'f1_micro': 0.6994273305196056, 'f1_weighted': 0.7040526234933624, 'precision_macro': 0.5539855292394661, 'precision_micro': 0.6994273305196056, 'precision_weighted': 0.712112054764357, 'recall_macro': 0.649399517923392, 'recall_micro': 0.6994273305196056, 'recall_weighted': 0.6994273305196056}
-----------------------
Epoch 98/100
Training statistic: Loss: 0.8454, train_score: {'accuracy': 0.7315441489075778, 'balanced_accuracy': 0.6933020864706191, 'f1_macro': 0.6403162953985878, 'f1_micro': 0.7315441489075778, 'f1_weighted': 0.7352166945144702, 'precision_macro': 0.6035693347329837, 'precision_micro': 0.7315441489075778, 'precision_weighted': 0.7423711238153593, 'recall_macro': 0.6933020864706191, 'recall_micro': 0.7315441489075778, 'recall_weighted': 0.7315441489075778}
Validation statistic: Loss: 0.9678, dev_score: {'accuracy': 0.6946113027792858, 'balanced_accuracy': 0.6573263514382212, 'f1_macro': 0.5807182267195664, 'f1_micro': 0.6946113027792858, 'f1_weighted': 0.7002981316023105, 'precision_macro': 0.5364843182127282, 'precision_micro': 0.6946113027792858, 'precision_weighted': 0.7109129832473687, 'recall_macro': 0.6573263514382212, 'recall_micro': 0.6946113027792858, 'recall_weighted': 0.6946113027792858}
-----------------------
Epoch 99/100
Training statistic: Loss: 0.7896, train_score: {'accuracy': 0.7376346082738378, 'balanced_accuracy': 0.6838569825685207, 'f1_macro': 0.6457579046621479, 'f1_micro': 0.7376346082738378, 'f1_weighted': 0.7404206741085092, 'precision_macro': 0.6186172513617239, 'precision_micro': 0.7376346082738378, 'precision_weighted': 0.746202839884467, 'recall_macro': 0.6838569825685207, 'recall_micro': 0.7376346082738378, 'recall_weighted': 0.7376346082738378}
Validation statistic: Loss: 0.8967, dev_score: {'accuracy': 0.7026672037267299, 'balanced_accuracy': 0.6457609862771924, 'f1_macro': 0.5861260649788138, 'f1_micro': 0.7026672037267299, 'f1_weighted': 0.707276829545985, 'precision_macro': 0.5485177403179128, 'precision_micro': 0.7026672037267299, 'precision_weighted': 0.7162682886905039, 'recall_macro': 0.6457609862771924, 'recall_micro': 0.7026672037267299, 'recall_weighted': 0.7026672037267299}
Saving model...
Model saved!
-------------------------------------------
-----------------------
Epoch 100/100
Training statistic: Loss: 0.8042, train_score: {'accuracy': 0.7334043533997598, 'balanced_accuracy': 0.687334331132898, 'f1_macro': 0.6447475148804589, 'f1_micro': 0.7334043533997598, 'f1_weighted': 0.7363596917723573, 'precision_macro': 0.612674963877245, 'precision_micro': 0.7334043533997598, 'precision_weighted': 0.7415481583091756, 'recall_macro': 0.687334331132898, 'recall_micro': 0.7334043533997598, 'recall_weighted': 0.7334043533997598}
Validation statistic: Loss: 0.9172, dev_score: {'accuracy': 0.6977811246738236, 'balanced_accuracy': 0.6525096019931358, 'f1_macro': 0.5882568980302253, 'f1_micro': 0.6977811246738236, 'f1_weighted': 0.7025156627464649, 'precision_macro': 0.5471030274476283, 'precision_micro': 0.6977811246738236, 'precision_weighted': 0.710820724159272, 'recall_macro': 0.6525096019931358, 'recall_micro': 0.6977811246738236, 'recall_weighted': 0.6977811246738236}
Testing statistic: loss: 0.8763527931213378, scores: {'accuracy': 0.7065, 'balanced_accuracy': 0.6528400841558547, 'f1_macro': 0.5883745919054526, 'f1_micro': 0.7065, 'f1_weighted': 0.7107328348349898, 'precision_macro': 0.5482206681510168, 'precision_micro': 0.7065, 'precision_weighted': 0.7197921007573427, 'recall_macro': 0.6528400841558547, 'recall_micro': 0.7065, 'recall_weighted': 0.7065}
Finish training!
