=====Setting up data=====
Dataset name:covertype
train_option:mix
augment_option:tvae_categorical
mix_ratio:-1
n_sample:-1
Training dataset size: 614016 samples
Validation dataset size: 57216 samples

=====Setting up parameters for training=====
num_epochs: 100
learning_rate: 0.001
patience: 30
early_stop_criterion: loss
=====Setting up trainer=====
input_size: 98
model: DNN_Covertype
----------------------------------------------------------------
        Layer (type)               Output Shape         Param #
================================================================
            Linear-1                  [-1, 150]          14,850
              ReLU-2                  [-1, 150]               0
           Dropout-3                  [-1, 150]               0
            Linear-4                  [-1, 250]          37,750
              ReLU-5                  [-1, 250]               0
           Dropout-6                  [-1, 250]               0
            Linear-7                  [-1, 300]          75,300
              ReLU-8                  [-1, 300]               0
           Dropout-9                  [-1, 300]               0
           Linear-10                  [-1, 250]          75,250
             ReLU-11                  [-1, 250]               0
          Dropout-12                  [-1, 250]               0
           Linear-13                  [-1, 150]          37,650
             ReLU-14                  [-1, 150]               0
          Dropout-15                  [-1, 150]               0
           Linear-16                    [-1, 7]           1,057
================================================================
Total params: 241,857
Trainable params: 241,857
Non-trainable params: 0
----------------------------------------------------------------
Input size (MB): 0.00
Forward/backward pass size (MB): 0.03
Params size (MB): 0.92
Estimated Total Size (MB): 0.95
----------------------------------------------------------------
=====Setting up output files=====
weight_dir, weight_file: /home/thuy/Research/minh_data_synth/TabularDA/output/corrected_v2/covertype/weight/, covertype_seed42_tvae_xonly_categorical_mix.weights.pth
acc_dir, acc_file: /home/thuy/Research/minh_data_synth/TabularDA/output/corrected_v2/covertype/acc/, covertype_seed42_tvae_xonly_categorical_mix.epochs.csv
report_file: covertype_seed42_tvae_xonly_categorical_mix.report.txt
==========================================================================================
Start training...
-----------------------
Epoch 1/100
Training statistic: Loss: 1.2343, train_score: {'accuracy': 0.7109271539359939, 'balanced_accuracy': 0.5084935629121553, 'f1_macro': 0.4782135852597832, 'f1_micro': 0.7109271539359939, 'f1_weighted': 0.7097836061495648, 'precision_macro': 0.465161262457125, 'precision_micro': 0.7109271539359939, 'precision_weighted': 0.712755483789522, 'recall_macro': 0.5084935629121553, 'recall_micro': 0.7109271539359939, 'recall_weighted': 0.7109271539359939}
Validation statistic: Loss: 1.4429, dev_score: {'accuracy': 0.6734733192063186, 'balanced_accuracy': 0.48302365667829317, 'f1_macro': 0.4494472833562856, 'f1_micro': 0.6734733192063186, 'f1_weighted': 0.6732332989562477, 'precision_macro': 0.4357804938583087, 'precision_micro': 0.6734733192063186, 'precision_weighted': 0.6777499750709994, 'recall_macro': 0.48302365667829317, 'recall_micro': 0.6734733192063186, 'recall_weighted': 0.6734733192063186}
Saving model...
Model saved!
-------------------------------------------
-----------------------
Epoch 2/100
Training statistic: Loss: 1.2715, train_score: {'accuracy': 0.7147778749688473, 'balanced_accuracy': 0.5173977834880615, 'f1_macro': 0.4894871286006347, 'f1_micro': 0.7147778749688473, 'f1_weighted': 0.7140888454977568, 'precision_macro': 0.476670762901632, 'precision_micro': 0.7147778749688473, 'precision_weighted': 0.7173866383768861, 'recall_macro': 0.5173977834880615, 'recall_micro': 0.7147778749688473, 'recall_weighted': 0.7147778749688473}
Validation statistic: Loss: 1.4873, dev_score: {'accuracy': 0.676432987163097, 'balanced_accuracy': 0.49306909782178365, 'f1_macro': 0.46143706352672836, 'f1_micro': 0.676432987163097, 'f1_weighted': 0.6767081626471374, 'precision_macro': 0.44719292365668756, 'precision_micro': 0.676432987163097, 'precision_weighted': 0.6816039067243962, 'recall_macro': 0.49306909782178365, 'recall_micro': 0.676432987163097, 'recall_weighted': 0.676432987163097}
-----------------------
Epoch 3/100
Training statistic: Loss: 1.2606, train_score: {'accuracy': 0.7135366527069885, 'balanced_accuracy': 0.5286976989053431, 'f1_macro': 0.5059642555245069, 'f1_micro': 0.7135366527069885, 'f1_weighted': 0.7139461572683621, 'precision_macro': 0.5178324275560983, 'precision_micro': 0.7135366527069885, 'precision_weighted': 0.7184178791126823, 'recall_macro': 0.5286976989053431, 'recall_micro': 0.7135366527069885, 'recall_weighted': 0.7135366527069885}
Validation statistic: Loss: 1.4813, dev_score: {'accuracy': 0.6737360116285179, 'balanced_accuracy': 0.5011889484575489, 'f1_macro': 0.472466049747995, 'f1_micro': 0.6737360116285179, 'f1_weighted': 0.6750130172768205, 'precision_macro': 0.47227475602261026, 'precision_micro': 0.6737360116285179, 'precision_weighted': 0.6807124738204084, 'recall_macro': 0.5011889484575489, 'recall_micro': 0.6737360116285179, 'recall_weighted': 0.6737360116285179}
-----------------------
Epoch 4/100
Training statistic: Loss: 1.3117, train_score: {'accuracy': 0.7123491841651314, 'balanced_accuracy': 0.5204280359864382, 'f1_macro': 0.49101769094631414, 'f1_micro': 0.7123491841651314, 'f1_weighted': 0.7121500956358876, 'precision_macro': 0.5344550589253668, 'precision_micro': 0.7123491841651314, 'precision_weighted': 0.7180733711512903, 'recall_macro': 0.5204280359864382, 'recall_micro': 0.7123491841651314, 'recall_weighted': 0.7123491841651314}
Validation statistic: Loss: 1.5364, dev_score: {'accuracy': 0.6730179856745065, 'balanced_accuracy': 0.49842515893407285, 'f1_macro': 0.4639482690282618, 'f1_micro': 0.6730179856745065, 'f1_weighted': 0.6740087940302412, 'precision_macro': 0.4522384575373017, 'precision_micro': 0.6730179856745065, 'precision_weighted': 0.6801379136179474, 'recall_macro': 0.49842515893407285, 'recall_micro': 0.6730179856745065, 'recall_weighted': 0.6730179856745065}
-----------------------
Epoch 5/100
Training statistic: Loss: 1.4452, train_score: {'accuracy': 0.7160435307397978, 'balanced_accuracy': 0.5182855668642354, 'f1_macro': 0.48998005502889214, 'f1_micro': 0.7160435307397978, 'f1_weighted': 0.7153386124255716, 'precision_macro': 0.4787377200708064, 'precision_micro': 0.7160435307397978, 'precision_weighted': 0.7182450611022092, 'recall_macro': 0.5182855668642354, 'recall_micro': 0.7160435307397978, 'recall_weighted': 0.7160435307397978}
Validation statistic: Loss: 1.6959, dev_score: {'accuracy': 0.676292884537924, 'balanced_accuracy': 0.49219188035542233, 'f1_macro': 0.4591767734103791, 'f1_micro': 0.676292884537924, 'f1_weighted': 0.676604983322993, 'precision_macro': 0.4457003651817021, 'precision_micro': 0.676292884537924, 'precision_weighted': 0.68121815010209, 'recall_macro': 0.49219188035542233, 'recall_micro': 0.676292884537924, 'recall_weighted': 0.676292884537924}
-----------------------
Epoch 6/100
Training statistic: Loss: 1.3491, train_score: {'accuracy': 0.7128932369675735, 'balanced_accuracy': 0.5441285907176897, 'f1_macro': 0.5232509054106367, 'f1_micro': 0.7128932369675735, 'f1_weighted': 0.7138656617928258, 'precision_macro': 0.5758039144402627, 'precision_micro': 0.7128932369675735, 'precision_weighted': 0.7212213816796252, 'recall_macro': 0.5441285907176897, 'recall_micro': 0.7128932369675735, 'recall_weighted': 0.7128932369675735}
Validation statistic: Loss: 1.5815, dev_score: {'accuracy': 0.6735433705189051, 'balanced_accuracy': 0.5180820103366253, 'f1_macro': 0.4921026172249478, 'f1_micro': 0.6735433705189051, 'f1_weighted': 0.6755792528558434, 'precision_macro': 0.532166717363396, 'precision_micro': 0.6735433705189051, 'precision_weighted': 0.6842371117484507, 'recall_macro': 0.5180820103366253, 'recall_micro': 0.6735433705189051, 'recall_weighted': 0.6735433705189051}
-----------------------
Epoch 7/100
Training statistic: Loss: 1.3749, train_score: {'accuracy': 0.715574407365237, 'balanced_accuracy': 0.5271781527359406, 'f1_macro': 0.49665750044579876, 'f1_micro': 0.715574407365237, 'f1_weighted': 0.7151947128679257, 'precision_macro': 0.48838319478831566, 'precision_micro': 0.715574407365237, 'precision_weighted': 0.7194502517719343, 'recall_macro': 0.5271781527359406, 'recall_micro': 0.715574407365237, 'recall_weighted': 0.715574407365237}
Validation statistic: Loss: 1.6112, dev_score: {'accuracy': 0.6771510131171082, 'balanced_accuracy': 0.5040074987598124, 'f1_macro': 0.46910260510728996, 'f1_micro': 0.6771510131171082, 'f1_weighted': 0.6779097799953258, 'precision_macro': 0.45933510120654536, 'precision_micro': 0.6771510131171082, 'precision_weighted': 0.6840192191542308, 'recall_macro': 0.5040074987598124, 'recall_micro': 0.6771510131171082, 'recall_weighted': 0.6771510131171082}
-----------------------
Epoch 8/100
Training statistic: Loss: 1.4031, train_score: {'accuracy': 0.7179460866477388, 'balanced_accuracy': 0.5038241501342722, 'f1_macro': 0.46661504038303103, 'f1_micro': 0.7179460866477388, 'f1_weighted': 0.7138781618091213, 'precision_macro': 0.4636748689191207, 'precision_micro': 0.7179460866477388, 'precision_weighted': 0.7157984495117377, 'recall_macro': 0.5038241501342722, 'recall_micro': 0.7179460866477388, 'recall_weighted': 0.7179460866477388}
Validation statistic: Loss: 1.6495, dev_score: {'accuracy': 0.6784995008843978, 'balanced_accuracy': 0.4778815120616152, 'f1_macro': 0.4364592525494996, 'f1_micro': 0.6784995008843978, 'f1_weighted': 0.6752312878235042, 'precision_macro': 0.43136927294638966, 'precision_micro': 0.6784995008843978, 'precision_weighted': 0.6787062473296167, 'recall_macro': 0.4778815120616152, 'recall_micro': 0.6784995008843978, 'recall_weighted': 0.6784995008843978}
-----------------------
Epoch 9/100
Training statistic: Loss: 1.2735, train_score: {'accuracy': 0.717776680984703, 'balanced_accuracy': 0.5193127023389085, 'f1_macro': 0.49521718159036493, 'f1_micro': 0.717776680984703, 'f1_weighted': 0.7164120561922277, 'precision_macro': 0.49200877826344086, 'precision_micro': 0.717776680984703, 'precision_weighted': 0.718941544841182, 'recall_macro': 0.5193127023389085, 'recall_micro': 0.717776680984703, 'recall_weighted': 0.717776680984703}
Validation statistic: Loss: 1.4940, dev_score: {'accuracy': 0.6793401166354355, 'balanced_accuracy': 0.4953050884786009, 'f1_macro': 0.4672681993869959, 'f1_micro': 0.6793401166354355, 'f1_weighted': 0.6790712049642745, 'precision_macro': 0.46223938254360514, 'precision_micro': 0.6793401166354355, 'precision_weighted': 0.6832970999647888, 'recall_macro': 0.4953050884786009, 'recall_micro': 0.6793401166354355, 'recall_weighted': 0.6793401166354355}
-----------------------
Epoch 10/100
Training statistic: Loss: 1.2333, train_score: {'accuracy': 0.7200880909447787, 'balanced_accuracy': 0.5170026398427867, 'f1_macro': 0.4908688905917982, 'f1_micro': 0.7200880909447787, 'f1_weighted': 0.718218309065954, 'precision_macro': 0.4853277533365038, 'precision_micro': 0.7200880909447787, 'precision_weighted': 0.7203070115161914, 'recall_macro': 0.5170026398427867, 'recall_micro': 0.7200880909447787, 'recall_weighted': 0.7200880909447787}
Validation statistic: Loss: 1.4410, dev_score: {'accuracy': 0.6819320152011348, 'balanced_accuracy': 0.49154901491079794, 'f1_macro': 0.46095443573361544, 'f1_micro': 0.6819320152011348, 'f1_weighted': 0.6809240503106585, 'precision_macro': 0.4514884767565971, 'precision_micro': 0.6819320152011348, 'precision_weighted': 0.6843443048574922, 'recall_macro': 0.49154901491079794, 'recall_micro': 0.6819320152011348, 'recall_weighted': 0.6819320152011348}
Saving model...
Model saved!
-------------------------------------------
-----------------------
Epoch 11/100
Training statistic: Loss: 1.3039, train_score: {'accuracy': 0.720464366984791, 'balanced_accuracy': 0.508150181227533, 'f1_macro': 0.4842970500851279, 'f1_micro': 0.720464366984791, 'f1_weighted': 0.7174473878704553, 'precision_macro': 0.4901792837915685, 'precision_micro': 0.720464366984791, 'precision_weighted': 0.7190192152479642, 'recall_macro': 0.508150181227533, 'recall_micro': 0.720464366984791, 'recall_weighted': 0.720464366984791}
Validation statistic: Loss: 1.5274, dev_score: {'accuracy': 0.6825099385299732, 'balanced_accuracy': 0.48415654916188755, 'f1_macro': 0.4557320010263614, 'f1_micro': 0.6825099385299732, 'f1_weighted': 0.6801665117060397, 'precision_macro': 0.45994502906099516, 'precision_micro': 0.6825099385299732, 'precision_weighted': 0.6832000450717943, 'recall_macro': 0.48415654916188755, 'recall_micro': 0.6825099385299732, 'recall_weighted': 0.6825099385299732}
-----------------------
Epoch 12/100
Training statistic: Loss: 1.2950, train_score: {'accuracy': 0.7200750597399297, 'balanced_accuracy': 0.515100991280194, 'f1_macro': 0.4881111534098003, 'f1_micro': 0.7200750597399297, 'f1_weighted': 0.717724201296639, 'precision_macro': 0.48784668932323966, 'precision_micro': 0.7200750597399297, 'precision_weighted': 0.7201874275318432, 'recall_macro': 0.515100991280194, 'recall_micro': 0.7200750597399297, 'recall_weighted': 0.7200750597399297}
Validation statistic: Loss: 1.5127, dev_score: {'accuracy': 0.6824048615610935, 'balanced_accuracy': 0.49049190027549583, 'f1_macro': 0.45931331607685705, 'f1_micro': 0.6824048615610935, 'f1_weighted': 0.680745028660063, 'precision_macro': 0.45904240276140656, 'precision_micro': 0.6824048615610935, 'precision_weighted': 0.6848838344875737, 'recall_macro': 0.49049190027549583, 'recall_micro': 0.6824048615610935, 'recall_weighted': 0.6824048615610935}
-----------------------
Epoch 13/100
Training statistic: Loss: 1.2265, train_score: {'accuracy': 0.7195863895580955, 'balanced_accuracy': 0.5304601655860929, 'f1_macro': 0.5157500419721306, 'f1_micro': 0.7195863895580955, 'f1_weighted': 0.7190321018991327, 'precision_macro': 0.5629284357514304, 'precision_micro': 0.7195863895580955, 'precision_weighted': 0.7237242750738384, 'recall_macro': 0.5304601655860929, 'recall_micro': 0.7195863895580955, 'recall_weighted': 0.7195863895580955}
Validation statistic: Loss: 1.4309, dev_score: {'accuracy': 0.6826850668114394, 'balanced_accuracy': 0.510986851736819, 'f1_macro': 0.4925930926892634, 'f1_micro': 0.6826850668114394, 'f1_weighted': 0.6831762531402317, 'precision_macro': 0.5275841205260678, 'precision_micro': 0.6826850668114394, 'precision_weighted': 0.6890545806118272, 'recall_macro': 0.510986851736819, 'recall_micro': 0.6826850668114394, 'recall_weighted': 0.6826850668114394}
Saving model...
Model saved!
-------------------------------------------
-----------------------
Epoch 14/100
Training statistic: Loss: 1.2666, train_score: {'accuracy': 0.7214922032672488, 'balanced_accuracy': 0.5060634868794163, 'f1_macro': 0.48260811636024475, 'f1_micro': 0.7214922032672488, 'f1_weighted': 0.7184013195129099, 'precision_macro': 0.4833873242604896, 'precision_micro': 0.7214922032672488, 'precision_weighted': 0.7199448890868564, 'recall_macro': 0.5060634868794163, 'recall_micro': 0.7214922032672488, 'recall_weighted': 0.7214922032672488}
Validation statistic: Loss: 1.4795, dev_score: {'accuracy': 0.6840860930631688, 'balanced_accuracy': 0.4829676802764002, 'f1_macro': 0.4557560961251805, 'f1_micro': 0.6840860930631688, 'f1_weighted': 0.681823100370756, 'precision_macro': 0.45403846861472846, 'precision_micro': 0.6840860930631688, 'precision_weighted': 0.6848706303691, 'recall_macro': 0.4829676802764002, 'recall_micro': 0.6840860930631688, 'recall_weighted': 0.6840860930631688}
-----------------------
Epoch 15/100
Training statistic: Loss: 1.3406, train_score: {'accuracy': 0.7221958883290901, 'balanced_accuracy': 0.5315993692444749, 'f1_macro': 0.5067449538046508, 'f1_micro': 0.7221958883290901, 'f1_weighted': 0.7208500738002898, 'precision_macro': 0.5036767038023734, 'precision_micro': 0.7221958883290901, 'precision_weighted': 0.7238745546073703, 'recall_macro': 0.5315993692444749, 'recall_micro': 0.7221958883290901, 'recall_weighted': 0.7221958883290901}
Validation statistic: Loss: 1.5685, dev_score: {'accuracy': 0.6839985289224357, 'balanced_accuracy': 0.5106893100343644, 'f1_macro': 0.481743311325967, 'f1_micro': 0.6839985289224357, 'f1_weighted': 0.6836491996876205, 'precision_macro': 0.4764053569897008, 'precision_micro': 0.6839985289224357, 'precision_weighted': 0.6883214882618788, 'recall_macro': 0.5106893100343644, 'recall_micro': 0.6839985289224357, 'recall_weighted': 0.6839985289224357}
-----------------------
Epoch 16/100
Training statistic: Loss: 1.2295, train_score: {'accuracy': 0.7217495695630148, 'balanced_accuracy': 0.5112375346284302, 'f1_macro': 0.4815631372716548, 'f1_micro': 0.7217495695630148, 'f1_weighted': 0.7183174352262597, 'precision_macro': 0.48487680632432145, 'precision_micro': 0.7217495695630148, 'precision_weighted': 0.7203945969383118, 'recall_macro': 0.5112375346284302, 'recall_micro': 0.7217495695630148, 'recall_weighted': 0.7217495695630148}
Validation statistic: Loss: 1.4334, dev_score: {'accuracy': 0.6843137598290748, 'balanced_accuracy': 0.48668849549110405, 'f1_macro': 0.4524719066293805, 'f1_micro': 0.6843137598290748, 'f1_weighted': 0.6815548777701379, 'precision_macro': 0.4506260953476669, 'precision_micro': 0.6843137598290748, 'precision_weighted': 0.6847364470409174, 'recall_macro': 0.48668849549110405, 'recall_micro': 0.6843137598290748, 'recall_weighted': 0.6843137598290748}
-----------------------
Epoch 17/100
Training statistic: Loss: 1.2019, train_score: {'accuracy': 0.722581937772739, 'balanced_accuracy': 0.5230029613984752, 'f1_macro': 0.5064288817988196, 'f1_micro': 0.722581937772739, 'f1_weighted': 0.7202870786248573, 'precision_macro': 0.6014360218425284, 'precision_micro': 0.722581937772739, 'precision_weighted': 0.7249367227713016, 'recall_macro': 0.5230029613984752, 'recall_micro': 0.722581937772739, 'recall_weighted': 0.722581937772739}
Validation statistic: Loss: 1.4010, dev_score: {'accuracy': 0.6848741703297666, 'balanced_accuracy': 0.4951602253272038, 'f1_macro': 0.46874740129666304, 'f1_micro': 0.6848741703297666, 'f1_weighted': 0.6831971088551667, 'precision_macro': 0.5125918933706186, 'precision_micro': 0.6848741703297666, 'precision_weighted': 0.687715513188565, 'recall_macro': 0.4951602253272038, 'recall_micro': 0.6848741703297666, 'recall_weighted': 0.6848741703297666}
Saving model...
Model saved!
-------------------------------------------
-----------------------
Epoch 18/100
Training statistic: Loss: 1.1143, train_score: {'accuracy': 0.7246506415425037, 'balanced_accuracy': 0.5185624961438989, 'f1_macro': 0.501567464494339, 'f1_micro': 0.7246506415425037, 'f1_weighted': 0.7225928569721322, 'precision_macro': 0.5063691278571811, 'precision_micro': 0.7246506415425037, 'precision_weighted': 0.724121680792045, 'recall_macro': 0.5185624961438989, 'recall_micro': 0.7246506415425037, 'recall_weighted': 0.7246506415425037}
Validation statistic: Loss: 1.2912, dev_score: {'accuracy': 0.6871158123325336, 'balanced_accuracy': 0.4985995163808146, 'f1_macro': 0.4763643281227391, 'f1_micro': 0.6871158123325336, 'f1_weighted': 0.6861247029197612, 'precision_macro': 0.47629713367570836, 'precision_micro': 0.6871158123325336, 'precision_weighted': 0.6892165770444237, 'recall_macro': 0.4985995163808146, 'recall_micro': 0.6871158123325336, 'recall_weighted': 0.6871158123325336}
Saving model...
Model saved!
-------------------------------------------
-----------------------
Epoch 19/100
Training statistic: Loss: 1.1589, train_score: {'accuracy': 0.7271721796807681, 'balanced_accuracy': 0.5292242776844305, 'f1_macro': 0.5214829544901279, 'f1_micro': 0.7271721796807681, 'f1_weighted': 0.7247335808868823, 'precision_macro': 0.5725539238548502, 'precision_micro': 0.7271721796807681, 'precision_weighted': 0.7272167409466058, 'recall_macro': 0.5292242776844305, 'recall_micro': 0.7271721796807681, 'recall_weighted': 0.7271721796807681}
Validation statistic: Loss: 1.3490, dev_score: {'accuracy': 0.6903031470552179, 'balanced_accuracy': 0.5099433089996914, 'f1_macro': 0.497847228819416, 'f1_micro': 0.6903031470552179, 'f1_weighted': 0.6887820026879446, 'precision_macro': 0.5337958739442726, 'precision_micro': 0.6903031470552179, 'precision_weighted': 0.6921847836947339, 'recall_macro': 0.5099433089996914, 'recall_micro': 0.6903031470552179, 'recall_weighted': 0.6903031470552179}
-----------------------
Epoch 20/100
Training statistic: Loss: 1.1240, train_score: {'accuracy': 0.7223082824709119, 'balanced_accuracy': 0.5430660148910349, 'f1_macro': 0.5333989251946651, 'f1_micro': 0.7223082824709119, 'f1_weighted': 0.7213952066676939, 'precision_macro': 0.5755004529179092, 'precision_micro': 0.7223082824709119, 'precision_weighted': 0.7257139630721245, 'recall_macro': 0.5430660148910349, 'recall_micro': 0.7223082824709119, 'recall_weighted': 0.7223082824709119}
Validation statistic: Loss: 1.3034, dev_score: {'accuracy': 0.6839635032661424, 'balanced_accuracy': 0.529138387298311, 'f1_macro': 0.5156698371977672, 'f1_micro': 0.6839635032661424, 'f1_weighted': 0.6843665806031787, 'precision_macro': 0.5431741965128529, 'precision_micro': 0.6839635032661424, 'precision_weighted': 0.6902203552181809, 'recall_macro': 0.529138387298311, 'recall_micro': 0.6839635032661424, 'recall_weighted': 0.6839635032661424}
-----------------------
Epoch 21/100
Training statistic: Loss: 1.1187, train_score: {'accuracy': 0.7256524154152638, 'balanced_accuracy': 0.5420668614801137, 'f1_macro': 0.5288580809899954, 'f1_micro': 0.7256524154152638, 'f1_weighted': 0.724823109189998, 'precision_macro': 0.5717971448347922, 'precision_micro': 0.7256524154152638, 'precision_weighted': 0.7292090768901353, 'recall_macro': 0.5420668614801137, 'recall_micro': 0.7256524154152638, 'recall_weighted': 0.7256524154152638}
Validation statistic: Loss: 1.3010, dev_score: {'accuracy': 0.6879564280835713, 'balanced_accuracy': 0.5239980609138326, 'f1_macro': 0.5071595814961201, 'f1_micro': 0.6879564280835713, 'f1_weighted': 0.6882720017717624, 'precision_macro': 0.535669027047963, 'precision_micro': 0.6879564280835713, 'precision_weighted': 0.6939752209466715, 'recall_macro': 0.5239980609138326, 'recall_micro': 0.6879564280835713, 'recall_weighted': 0.6879564280835713}
-----------------------
Epoch 22/100
Training statistic: Loss: 1.1520, train_score: {'accuracy': 0.7264831547243819, 'balanced_accuracy': 0.511543747199478, 'f1_macro': 0.48548605391067223, 'f1_micro': 0.7264831547243819, 'f1_weighted': 0.7225861254829646, 'precision_macro': 0.49626646583060463, 'precision_micro': 0.7264831547243819, 'precision_weighted': 0.7243880164422336, 'recall_macro': 0.511543747199478, 'recall_micro': 0.7264831547243819, 'recall_weighted': 0.7264831547243819}
Validation statistic: Loss: 1.3445, dev_score: {'accuracy': 0.6885168385842629, 'balanced_accuracy': 0.487870196272333, 'f1_macro': 0.45659328050095965, 'f1_micro': 0.6885168385842629, 'f1_weighted': 0.6854030347301079, 'precision_macro': 0.4597253258106257, 'precision_micro': 0.6885168385842629, 'precision_weighted': 0.6883386610982879, 'recall_macro': 0.487870196272333, 'recall_micro': 0.6885168385842629, 'recall_weighted': 0.6885168385842629}
-----------------------
Epoch 23/100
Training statistic: Loss: 1.1083, train_score: {'accuracy': 0.7282505118820155, 'balanced_accuracy': 0.5105176784834198, 'f1_macro': 0.4881099855302904, 'f1_micro': 0.7282505118820155, 'f1_weighted': 0.7242704839503793, 'precision_macro': 0.5173674399506669, 'precision_micro': 0.7282505118820155, 'precision_weighted': 0.72772175483013, 'recall_macro': 0.5105176784834198, 'recall_micro': 0.7282505118820155, 'recall_weighted': 0.7282505118820155}
Validation statistic: Loss: 1.2868, dev_score: {'accuracy': 0.6905133009929774, 'balanced_accuracy': 0.48603705278159776, 'f1_macro': 0.45768229904214014, 'f1_micro': 0.6905133009929774, 'f1_weighted': 0.6870398761023541, 'precision_macro': 0.4778846851526506, 'precision_micro': 0.6905133009929774, 'precision_weighted': 0.691371944494672, 'recall_macro': 0.48603705278159776, 'recall_micro': 0.6905133009929774, 'recall_weighted': 0.6905133009929774}
Saving model...
Model saved!
-------------------------------------------
-----------------------
Epoch 24/100
Training statistic: Loss: 1.1310, train_score: {'accuracy': 0.7236456098685314, 'balanced_accuracy': 0.5322844387882578, 'f1_macro': 0.516204747908656, 'f1_micro': 0.7236456098685314, 'f1_weighted': 0.7218524335782096, 'precision_macro': 0.5770266204211847, 'precision_micro': 0.7236456098685314, 'precision_weighted': 0.7264696059733483, 'recall_macro': 0.5322844387882578, 'recall_micro': 0.7236456098685314, 'recall_weighted': 0.7236456098685314}
Validation statistic: Loss: 1.3147, dev_score: {'accuracy': 0.6844188367979545, 'balanced_accuracy': 0.5097848155959123, 'f1_macro': 0.4911735730903587, 'f1_micro': 0.6844188367979545, 'f1_weighted': 0.6836613731161811, 'precision_macro': 0.5388427463943801, 'precision_micro': 0.6844188367979545, 'precision_weighted': 0.689356120918087, 'recall_macro': 0.5097848155959123, 'recall_micro': 0.6844188367979545, 'recall_weighted': 0.6844188367979545}
-----------------------
Epoch 25/100
Training statistic: Loss: 1.1631, train_score: {'accuracy': 0.7263577293777111, 'balanced_accuracy': 0.5261236562961855, 'f1_macro': 0.5008131970177694, 'f1_micro': 0.7263577293777111, 'f1_weighted': 0.7235988821366491, 'precision_macro': 0.5201770318497331, 'precision_micro': 0.7263577293777111, 'precision_weighted': 0.7280073850717069, 'recall_macro': 0.5261236562961855, 'recall_micro': 0.7263577293777111, 'recall_weighted': 0.7263577293777111}
Validation statistic: Loss: 1.3546, dev_score: {'accuracy': 0.6870282481918005, 'balanced_accuracy': 0.5021525299660967, 'f1_macro': 0.47263759817279005, 'f1_micro': 0.6870282481918005, 'f1_weighted': 0.6851051908406148, 'precision_macro': 0.48734790195825034, 'precision_micro': 0.6870282481918005, 'precision_weighted': 0.6909347201002229, 'recall_macro': 0.5021525299660967, 'recall_micro': 0.6870282481918005, 'recall_weighted': 0.6870282481918005}
-----------------------
Epoch 26/100
Training statistic: Loss: 1.1200, train_score: {'accuracy': 0.7313877744493908, 'balanced_accuracy': 0.5281651560010696, 'f1_macro': 0.5204780401800587, 'f1_micro': 0.7313877744493908, 'f1_weighted': 0.7280452408936546, 'precision_macro': 0.5983993871318962, 'precision_micro': 0.7313877744493908, 'precision_weighted': 0.7330382757517885, 'recall_macro': 0.5281651560010696, 'recall_micro': 0.7313877744493908, 'recall_weighted': 0.7313877744493908}
Validation statistic: Loss: 1.3009, dev_score: {'accuracy': 0.6941384564193271, 'balanced_accuracy': 0.5061604459636697, 'f1_macro': 0.4933822006618658, 'f1_micro': 0.6941384564193271, 'f1_weighted': 0.6914081231036515, 'precision_macro': 0.5587438531576291, 'precision_micro': 0.6941384564193271, 'precision_weighted': 0.6978346527219208, 'recall_macro': 0.5061604459636697, 'recall_micro': 0.6941384564193271, 'recall_weighted': 0.6941384564193271}
-----------------------
Epoch 27/100
Training statistic: Loss: 1.1122, train_score: {'accuracy': 0.7287847912808209, 'balanced_accuracy': 0.5263015041605918, 'f1_macro': 0.5082512298275402, 'f1_micro': 0.7287847912808209, 'f1_weighted': 0.7263227992346555, 'precision_macro': 0.5152788393652707, 'precision_micro': 0.7287847912808209, 'precision_weighted': 0.7279978515154445, 'recall_macro': 0.5263015041605918, 'recall_micro': 0.7287847912808209, 'recall_weighted': 0.7287847912808209}
Validation statistic: Loss: 1.2925, dev_score: {'accuracy': 0.6922120453231992, 'balanced_accuracy': 0.5059862615601786, 'f1_macro': 0.4827386525947281, 'f1_micro': 0.6922120453231992, 'f1_weighted': 0.6905694842677957, 'precision_macro': 0.48556272539611234, 'precision_micro': 0.6922120453231992, 'precision_weighted': 0.6936725811795957, 'recall_macro': 0.5059862615601786, 'recall_micro': 0.6922120453231992, 'recall_weighted': 0.6922120453231992}
-----------------------
Epoch 28/100
Training statistic: Loss: 1.0955, train_score: {'accuracy': 0.7257012824334472, 'balanced_accuracy': 0.5232635893820861, 'f1_macro': 0.5004895457154738, 'f1_micro': 0.7257012824334472, 'f1_weighted': 0.7229697355746232, 'precision_macro': 0.5095312764554992, 'precision_micro': 0.7257012824334472, 'precision_weighted': 0.7252875122871595, 'recall_macro': 0.5232635893820861, 'recall_micro': 0.7257012824334472, 'recall_weighted': 0.7257012824334472}
Validation statistic: Loss: 1.2747, dev_score: {'accuracy': 0.6880615050524509, 'balanced_accuracy': 0.5003488172076734, 'f1_macro': 0.4735925310846529, 'f1_micro': 0.6880615050524509, 'f1_weighted': 0.6862867840838063, 'precision_macro': 0.47871549526044355, 'precision_micro': 0.6880615050524509, 'precision_weighted': 0.6900153919472205, 'recall_macro': 0.5003488172076734, 'recall_micro': 0.6880615050524509, 'recall_weighted': 0.6880615050524509}
Saving model...
Model saved!
-------------------------------------------
-----------------------
Epoch 29/100
Training statistic: Loss: 1.0703, train_score: {'accuracy': 0.7291187159050742, 'balanced_accuracy': 0.5258672523191036, 'f1_macro': 0.5069148972046695, 'f1_micro': 0.7291187159050742, 'f1_weighted': 0.7262355328260257, 'precision_macro': 0.5203432540139872, 'precision_micro': 0.7291187159050742, 'precision_weighted': 0.728395449667708, 'recall_macro': 0.5258672523191036, 'recall_micro': 0.7291187159050742, 'recall_weighted': 0.7291187159050742}
Validation statistic: Loss: 1.2465, dev_score: {'accuracy': 0.6930526610742369, 'balanced_accuracy': 0.5060273988145808, 'f1_macro': 0.4833044718169253, 'f1_micro': 0.6930526610742369, 'f1_weighted': 0.6911381237234409, 'precision_macro': 0.49408628946661304, 'precision_micro': 0.6930526610742369, 'precision_weighted': 0.6949204647757871, 'recall_macro': 0.5060273988145808, 'recall_micro': 0.6930526610742369, 'recall_weighted': 0.6930526610742369}
Saving model...
Model saved!
-------------------------------------------
-----------------------
Epoch 30/100
Training statistic: Loss: 1.1005, train_score: {'accuracy': 0.7277797596068486, 'balanced_accuracy': 0.5313046843151191, 'f1_macro': 0.5084754025142394, 'f1_micro': 0.7277797596068486, 'f1_weighted': 0.7255224261443802, 'precision_macro': 0.511165864933682, 'precision_micro': 0.7277797596068486, 'precision_weighted': 0.7278241650575965, 'recall_macro': 0.5313046843151191, 'recall_micro': 0.7277797596068486, 'recall_weighted': 0.7277797596068486}
Validation statistic: Loss: 1.2786, dev_score: {'accuracy': 0.6909511216966427, 'balanced_accuracy': 0.5095182369244907, 'f1_macro': 0.4826430827583151, 'f1_micro': 0.6909511216966427, 'f1_weighted': 0.6896725941448193, 'precision_macro': 0.48080182214417766, 'precision_micro': 0.6909511216966427, 'precision_weighted': 0.6934464240282718, 'recall_macro': 0.5095182369244907, 'recall_micro': 0.6909511216966427, 'recall_weighted': 0.6909511216966427}
-----------------------
Epoch 31/100
Training statistic: Loss: 1.0397, train_score: {'accuracy': 0.731948116257894, 'balanced_accuracy': 0.5244933107198637, 'f1_macro': 0.508306118134785, 'f1_micro': 0.731948116257894, 'f1_weighted': 0.7291111194473544, 'precision_macro': 0.5455694097877076, 'precision_micro': 0.731948116257894, 'precision_weighted': 0.7325039796657521, 'recall_macro': 0.5244933107198637, 'recall_micro': 0.731948116257894, 'recall_weighted': 0.731948116257894}
Validation statistic: Loss: 1.2066, dev_score: {'accuracy': 0.6961524316561881, 'balanced_accuracy': 0.5042418809184503, 'f1_macro': 0.48473775754804416, 'f1_micro': 0.6961524316561881, 'f1_weighted': 0.6943543363161799, 'precision_macro': 0.517358022506828, 'precision_micro': 0.6961524316561881, 'precision_weighted': 0.6994329717238194, 'recall_macro': 0.5042418809184503, 'recall_micro': 0.6961524316561881, 'recall_weighted': 0.6961524316561881}
Saving model...
Model saved!
-------------------------------------------
-----------------------
Epoch 32/100
Training statistic: Loss: 1.0719, train_score: {'accuracy': 0.7321566155354766, 'balanced_accuracy': 0.5366395562987597, 'f1_macro': 0.5204014518386005, 'f1_micro': 0.7321566155354766, 'f1_weighted': 0.7301804257727932, 'precision_macro': 0.5720858979655719, 'precision_micro': 0.7321566155354766, 'precision_weighted': 0.7336345450834539, 'recall_macro': 0.5366395562987597, 'recall_micro': 0.7321566155354766, 'recall_weighted': 0.7321566155354766}
Validation statistic: Loss: 1.2448, dev_score: {'accuracy': 0.6950841491392445, 'balanced_accuracy': 0.5184194449170708, 'f1_macro': 0.499475388306111, 'f1_micro': 0.6950841491392445, 'f1_weighted': 0.69419570791649, 'precision_macro': 0.5452561229176262, 'precision_micro': 0.6950841491392445, 'precision_weighted': 0.6990483617172782, 'recall_macro': 0.5184194449170708, 'recall_micro': 0.6950841491392445, 'recall_weighted': 0.6950841491392445}
-----------------------
Epoch 33/100
Training statistic: Loss: 1.0012, train_score: {'accuracy': 0.7301644700941993, 'balanced_accuracy': 0.537263569225938, 'f1_macro': 0.5212958943404657, 'f1_micro': 0.7301644700941993, 'f1_weighted': 0.7278664578415093, 'precision_macro': 0.6123951758921458, 'precision_micro': 0.7301644700941993, 'precision_weighted': 0.7342159556375066, 'recall_macro': 0.537263569225938, 'recall_micro': 0.7301644700941993, 'recall_weighted': 0.7301644700941993}
Validation statistic: Loss: 1.1594, dev_score: {'accuracy': 0.6939283024815678, 'balanced_accuracy': 0.5150854768473242, 'f1_macro': 0.49304687574284417, 'f1_micro': 0.6939283024815678, 'f1_weighted': 0.6923963839278102, 'precision_macro': 0.537948656576966, 'precision_micro': 0.6939283024815678, 'precision_weighted': 0.6988335397597343, 'recall_macro': 0.5150854768473242, 'recall_micro': 0.6939283024815678, 'recall_weighted': 0.6939283024815678}
Saving model...
Model saved!
-------------------------------------------
-----------------------
Epoch 34/100
Training statistic: Loss: 1.0377, train_score: {'accuracy': 0.7331535027064183, 'balanced_accuracy': 0.5351718104117941, 'f1_macro': 0.5168618594142967, 'f1_micro': 0.7331535027064183, 'f1_weighted': 0.7308138130306777, 'precision_macro': 0.5347760622149618, 'precision_micro': 0.7331535027064183, 'precision_weighted': 0.7336070956678811, 'recall_macro': 0.5351718104117941, 'recall_micro': 0.7331535027064183, 'recall_weighted': 0.7331535027064183}
Validation statistic: Loss: 1.1997, dev_score: {'accuracy': 0.6967303549850266, 'balanced_accuracy': 0.5162211068554104, 'f1_macro': 0.49406560312318276, 'f1_micro': 0.6967303549850266, 'f1_weighted': 0.6953679983196808, 'precision_macro': 0.5075397933850847, 'precision_micro': 0.6967303549850266, 'precision_weighted': 0.6997309975804387, 'recall_macro': 0.5162211068554104, 'recall_micro': 0.6967303549850266, 'recall_weighted': 0.6967303549850266}
-----------------------
Epoch 35/100
Training statistic: Loss: 1.0997, train_score: {'accuracy': 0.7330101594530803, 'balanced_accuracy': 0.5465535406167304, 'f1_macro': 0.5298344444215927, 'f1_micro': 0.7330101594530803, 'f1_weighted': 0.7313354390116626, 'precision_macro': 0.5300121479738648, 'precision_micro': 0.7330101594530803, 'precision_weighted': 0.7332509492620655, 'recall_macro': 0.5465535406167304, 'recall_micro': 0.7330101594530803, 'recall_weighted': 0.7330101594530803}
Validation statistic: Loss: 1.2745, dev_score: {'accuracy': 0.6975534579079176, 'balanced_accuracy': 0.528751264676771, 'f1_macro': 0.5067128359901459, 'f1_micro': 0.6975534579079176, 'f1_weighted': 0.6966521991842654, 'precision_macro': 0.5025503258866592, 'precision_micro': 0.6975534579079176, 'precision_weighted': 0.6999694273746943, 'recall_macro': 0.528751264676771, 'recall_micro': 0.6975534579079176, 'recall_weighted': 0.6975534579079176}
-----------------------
Epoch 36/100
Training statistic: Loss: 0.9779, train_score: {'accuracy': 0.73540790114528, 'balanced_accuracy': 0.5480343252843495, 'f1_macro': 0.5427743369799175, 'f1_micro': 0.73540790114528, 'f1_weighted': 0.7335880175364373, 'precision_macro': 0.5959076865430643, 'precision_micro': 0.73540790114528, 'precision_weighted': 0.7367579614098045, 'recall_macro': 0.5480343252843495, 'recall_micro': 0.73540790114528, 'recall_weighted': 0.73540790114528}
Validation statistic: Loss: 1.1301, dev_score: {'accuracy': 0.6998826640514176, 'balanced_accuracy': 0.5312970568938501, 'f1_macro': 0.5209255187624802, 'f1_micro': 0.6998826640514176, 'f1_weighted': 0.6988339094461498, 'precision_macro': 0.5597972345058132, 'precision_micro': 0.6998826640514176, 'precision_weighted': 0.7030577451703652, 'recall_macro': 0.5312970568938501, 'recall_micro': 0.6998826640514176, 'recall_weighted': 0.6998826640514176}
Saving model...
Model saved!
-------------------------------------------
-----------------------
Epoch 37/100
Training statistic: Loss: 1.0629, train_score: {'accuracy': 0.7295389722614516, 'balanced_accuracy': 0.5400629448133752, 'f1_macro': 0.517922240702418, 'f1_micro': 0.7295389722614516, 'f1_weighted': 0.7282276136390086, 'precision_macro': 0.51631741672401, 'precision_micro': 0.7295389722614516, 'precision_weighted': 0.7308970979640037, 'recall_macro': 0.5400629448133752, 'recall_micro': 0.7295389722614516, 'recall_weighted': 0.7295389722614516}
Validation statistic: Loss: 1.2397, dev_score: {'accuracy': 0.6920719426980263, 'balanced_accuracy': 0.5163186485810897, 'f1_macro': 0.48914975932115506, 'f1_micro': 0.6920719426980263, 'f1_weighted': 0.6915168983857198, 'precision_macro': 0.4845567684794176, 'precision_micro': 0.6920719426980263, 'precision_weighted': 0.6957892084127321, 'recall_macro': 0.5163186485810897, 'recall_micro': 0.6920719426980263, 'recall_weighted': 0.6920719426980263}
-----------------------
Epoch 38/100
Training statistic: Loss: 1.0363, train_score: {'accuracy': 0.7319350850530452, 'balanced_accuracy': 0.5380347764669159, 'f1_macro': 0.5164013449816048, 'f1_micro': 0.7319350850530452, 'f1_weighted': 0.7298173902471229, 'precision_macro': 0.513524277992678, 'precision_micro': 0.7319350850530452, 'precision_weighted': 0.7315275175545491, 'recall_macro': 0.5380347764669159, 'recall_micro': 0.7319350850530452, 'recall_weighted': 0.7319350850530452}
Validation statistic: Loss: 1.2029, dev_score: {'accuracy': 0.6948389695451919, 'balanced_accuracy': 0.5164950073501265, 'f1_macro': 0.4877800380893836, 'f1_micro': 0.6948389695451919, 'f1_weighted': 0.6935648471845429, 'precision_macro': 0.47946141693364913, 'precision_micro': 0.6948389695451919, 'precision_weighted': 0.6969715817760467, 'recall_macro': 0.5164950073501265, 'recall_micro': 0.6948389695451919, 'recall_weighted': 0.6948389695451919}
-----------------------
Epoch 39/100
Training statistic: Loss: 1.0353, train_score: {'accuracy': 0.7331893385197529, 'balanced_accuracy': 0.5650325479501302, 'f1_macro': 0.5658653710564377, 'f1_micro': 0.7331893385197529, 'f1_weighted': 0.7321507377418096, 'precision_macro': 0.6095061214439106, 'precision_micro': 0.7331893385197529, 'precision_weighted': 0.7353666904877276, 'recall_macro': 0.5650325479501302, 'recall_micro': 0.7331893385197529, 'recall_weighted': 0.7331893385197529}
Validation statistic: Loss: 1.2036, dev_score: {'accuracy': 0.6967303549850266, 'balanced_accuracy': 0.5528374487990485, 'f1_macro': 0.5469979716697072, 'f1_micro': 0.6967303549850266, 'f1_weighted': 0.6966829382237488, 'precision_macro': 0.5752882899906879, 'precision_micro': 0.6967303549850266, 'precision_weighted': 0.7011503744453523, 'recall_macro': 0.5528374487990485, 'recall_micro': 0.6967303549850266, 'recall_weighted': 0.6967303549850266}
-----------------------
Epoch 40/100
Training statistic: Loss: 1.0336, train_score: {'accuracy': 0.7325687273888235, 'balanced_accuracy': 0.5248443406938861, 'f1_macro': 0.5068277740084934, 'f1_micro': 0.7325687273888235, 'f1_weighted': 0.7295186336182148, 'precision_macro': 0.5221310369479053, 'precision_micro': 0.7325687273888235, 'precision_weighted': 0.7315001897133019, 'recall_macro': 0.5248443406938861, 'recall_micro': 0.7325687273888235, 'recall_weighted': 0.7325687273888235}
Validation statistic: Loss: 1.1857, dev_score: {'accuracy': 0.6952943030770039, 'balanced_accuracy': 0.4999710120684598, 'f1_macro': 0.47781634784389493, 'f1_micro': 0.6952943030770039, 'f1_weighted': 0.692993772241971, 'precision_macro': 0.48930508900942904, 'precision_micro': 0.6952943030770039, 'precision_weighted': 0.6963759529139556, 'recall_macro': 0.4999710120684598, 'recall_micro': 0.6952943030770039, 'recall_weighted': 0.6952943030770039}
-----------------------
Epoch 41/100
Training statistic: Loss: 1.0116, train_score: {'accuracy': 0.7309756625960441, 'balanced_accuracy': 0.5222861651385221, 'f1_macro': 0.5007457252024269, 'f1_micro': 0.7309756625960441, 'f1_weighted': 0.7273604078397358, 'precision_macro': 0.5211907909752319, 'precision_micro': 0.7309756625960441, 'precision_weighted': 0.729702414081867, 'recall_macro': 0.5222861651385221, 'recall_micro': 0.7309756625960441, 'recall_weighted': 0.7309756625960441}
Validation statistic: Loss: 1.1797, dev_score: {'accuracy': 0.6936656100593684, 'balanced_accuracy': 0.499886396234372, 'f1_macro': 0.47345864546501526, 'f1_micro': 0.6936656100593684, 'f1_weighted': 0.6906877850403287, 'precision_macro': 0.49028955880691466, 'precision_micro': 0.6936656100593684, 'precision_weighted': 0.6944144238136642, 'recall_macro': 0.499886396234372, 'recall_micro': 0.6936656100593684, 'recall_weighted': 0.6936656100593684}
-----------------------
Epoch 42/100
Training statistic: Loss: 1.0109, train_score: {'accuracy': 0.7314398992687865, 'balanced_accuracy': 0.5320592407334582, 'f1_macro': 0.515483443435685, 'f1_micro': 0.7314398992687865, 'f1_weighted': 0.7289698986699498, 'precision_macro': 0.5292217798994784, 'precision_micro': 0.7314398992687865, 'precision_weighted': 0.7313051313228343, 'recall_macro': 0.5320592407334582, 'recall_micro': 0.7314398992687865, 'recall_weighted': 0.7314398992687865}
Validation statistic: Loss: 1.1748, dev_score: {'accuracy': 0.6940508922785941, 'balanced_accuracy': 0.5124393964633143, 'f1_macro': 0.49053143853587405, 'f1_micro': 0.6940508922785941, 'f1_weighted': 0.6925078670762634, 'precision_macro': 0.49914444062263896, 'precision_micro': 0.6940508922785941, 'precision_weighted': 0.6964660777083828, 'recall_macro': 0.5124393964633143, 'recall_micro': 0.6940508922785941, 'recall_weighted': 0.6940508922785941}
-----------------------
Epoch 43/100
Training statistic: Loss: 1.0294, train_score: {'accuracy': 0.7290177240674951, 'balanced_accuracy': 0.5502268543681664, 'f1_macro': 0.5386182366117048, 'f1_micro': 0.7290177240674951, 'f1_weighted': 0.728149513056606, 'precision_macro': 0.5829444264792742, 'precision_micro': 0.7290177240674951, 'precision_weighted': 0.7323323877358503, 'recall_macro': 0.5502268543681664, 'recall_micro': 0.7290177240674951, 'recall_weighted': 0.7290177240674951}
Validation statistic: Loss: 1.1936, dev_score: {'accuracy': 0.6912488397751353, 'balanced_accuracy': 0.533557581977256, 'f1_macro': 0.5184238163463399, 'f1_micro': 0.6912488397751353, 'f1_weighted': 0.691426760973828, 'precision_macro': 0.5517880359775184, 'precision_micro': 0.6912488397751353, 'precision_weighted': 0.6970371099268428, 'recall_macro': 0.533557581977256, 'recall_micro': 0.6912488397751353, 'recall_weighted': 0.6912488397751353}
-----------------------
Epoch 44/100
Training statistic: Loss: 1.0163, train_score: {'accuracy': 0.7295096520505415, 'balanced_accuracy': 0.5558145458431746, 'f1_macro': 0.5464928732649543, 'f1_micro': 0.7295096520505415, 'f1_weighted': 0.7278772847334497, 'precision_macro': 0.5988228137797587, 'precision_micro': 0.7295096520505415, 'precision_weighted': 0.7322930606042902, 'recall_macro': 0.5558145458431746, 'recall_micro': 0.7295096520505415, 'recall_weighted': 0.7295096520505415}
Validation statistic: Loss: 1.1726, dev_score: {'accuracy': 0.6918092502758271, 'balanced_accuracy': 0.5369450689981851, 'f1_macro': 0.5232128773007463, 'f1_micro': 0.6918092502758271, 'f1_weighted': 0.6910932490307363, 'precision_macro': 0.5610697425824035, 'precision_micro': 0.6918092502758271, 'precision_weighted': 0.6966120038015837, 'recall_macro': 0.5369450689981851, 'recall_micro': 0.6918092502758271, 'recall_weighted': 0.6918092502758271}
-----------------------
Epoch 45/100
Training statistic: Loss: 0.9390, train_score: {'accuracy': 0.7348964263549602, 'balanced_accuracy': 0.5224894406026763, 'f1_macro': 0.4994776124348871, 'f1_micro': 0.7348964263549602, 'f1_weighted': 0.7300728715740636, 'precision_macro': 0.5340857047456655, 'precision_micro': 0.7348964263549602, 'precision_weighted': 0.7335866738090056, 'recall_macro': 0.5224894406026763, 'recall_micro': 0.7348964263549602, 'recall_weighted': 0.7348964263549602}
Validation statistic: Loss: 1.0823, dev_score: {'accuracy': 0.6981488940649025, 'balanced_accuracy': 0.49982865218142664, 'f1_macro': 0.47191084369137937, 'f1_micro': 0.6981488940649025, 'f1_weighted': 0.6937968338837944, 'precision_macro': 0.5041503816074243, 'precision_micro': 0.6981488940649025, 'precision_weighted': 0.6988621362759684, 'recall_macro': 0.49982865218142664, 'recall_micro': 0.6981488940649025, 'recall_weighted': 0.6981488940649025}
Saving model...
Model saved!
-------------------------------------------
-----------------------
Epoch 46/100
Training statistic: Loss: 0.9458, train_score: {'accuracy': 0.7332968459597564, 'balanced_accuracy': 0.5458839171574317, 'f1_macro': 0.5330859545010121, 'f1_micro': 0.7332968459597564, 'f1_weighted': 0.7303431715120765, 'precision_macro': 0.6123406840588431, 'precision_micro': 0.7332968459597564, 'precision_weighted': 0.7369512772001633, 'recall_macro': 0.5458839171574317, 'recall_micro': 0.7332968459597564, 'recall_weighted': 0.7332968459597564}
Validation statistic: Loss: 1.0944, dev_score: {'accuracy': 0.6960998931717483, 'balanced_accuracy': 0.5262073976939238, 'f1_macro': 0.5105708119642693, 'f1_micro': 0.6960998931717483, 'f1_weighted': 0.6942246414509444, 'precision_macro': 0.5788285224238142, 'precision_micro': 0.6960998931717483, 'precision_weighted': 0.7024339097622588, 'recall_macro': 0.5262073976939238, 'recall_micro': 0.6960998931717483, 'recall_weighted': 0.6960998931717483}
-----------------------
Epoch 47/100
Training statistic: Loss: 0.9457, train_score: {'accuracy': 0.7367273106362323, 'balanced_accuracy': 0.5383983774713855, 'f1_macro': 0.5234952116957039, 'f1_micro': 0.7367273106362323, 'f1_weighted': 0.7335049739726037, 'precision_macro': 0.593751169037301, 'precision_micro': 0.7367273106362323, 'precision_weighted': 0.7387435832454214, 'recall_macro': 0.5383983774713855, 'recall_micro': 0.7367273106362323, 'recall_weighted': 0.7367273106362323}
Validation statistic: Loss: 1.0942, dev_score: {'accuracy': 0.7007057669743086, 'balanced_accuracy': 0.5213163042095191, 'f1_macro': 0.5046116797387461, 'f1_micro': 0.7007057669743086, 'f1_weighted': 0.6985510881369162, 'precision_macro': 0.5668038084810992, 'precision_micro': 0.7007057669743086, 'precision_weighted': 0.7055913594173376, 'recall_macro': 0.5213163042095191, 'recall_micro': 0.7007057669743086, 'recall_weighted': 0.7007057669743086}
-----------------------
Epoch 48/100
Training statistic: Loss: 0.9997, train_score: {'accuracy': 0.7330720576761126, 'balanced_accuracy': 0.5305121409206228, 'f1_macro': 0.5079158256336542, 'f1_micro': 0.7330720576761126, 'f1_weighted': 0.7304211202293802, 'precision_macro': 0.5356429869881272, 'precision_micro': 0.7330720576761126, 'precision_weighted': 0.7351374910109362, 'recall_macro': 0.5305121409206228, 'recall_micro': 0.7330720576761126, 'recall_weighted': 0.7330720576761126}
Validation statistic: Loss: 1.1605, dev_score: {'accuracy': 0.6953643543895903, 'balanced_accuracy': 0.507820817962825, 'f1_macro': 0.480116630402397, 'f1_micro': 0.6953643543895903, 'f1_weighted': 0.6934789535468684, 'precision_macro': 0.5024658709495238, 'precision_micro': 0.6953643543895903, 'precision_weighted': 0.6999947648383, 'recall_macro': 0.507820817962825, 'recall_micro': 0.6953643543895903, 'recall_weighted': 0.6953643543895903}
-----------------------
Epoch 49/100
Training statistic: Loss: 0.9922, train_score: {'accuracy': 0.7355170374858897, 'balanced_accuracy': 0.5455198453727678, 'f1_macro': 0.5266924559477971, 'f1_micro': 0.7355170374858897, 'f1_weighted': 0.7338474672583251, 'precision_macro': 0.5291933432498552, 'precision_micro': 0.7355170374858897, 'precision_weighted': 0.73611815469718, 'recall_macro': 0.5455198453727678, 'recall_micro': 0.7355170374858897, 'recall_weighted': 0.7355170374858897}
Validation statistic: Loss: 1.1523, dev_score: {'accuracy': 0.697711073361237, 'balanced_accuracy': 0.5218903676416241, 'f1_macro': 0.49806972130049404, 'f1_micro': 0.697711073361237, 'f1_weighted': 0.6968524051443837, 'precision_macro': 0.4968701400163109, 'precision_micro': 0.697711073361237, 'precision_weighted': 0.7005938373113744, 'recall_macro': 0.5218903676416241, 'recall_micro': 0.697711073361237, 'recall_weighted': 0.697711073361237}
-----------------------
Epoch 50/100
Training statistic: Loss: 0.9527, train_score: {'accuracy': 0.7356359472301359, 'balanced_accuracy': 0.542818934277206, 'f1_macro': 0.534045637269976, 'f1_micro': 0.7356359472301359, 'f1_weighted': 0.7334536169906611, 'precision_macro': 0.5941719987507661, 'precision_micro': 0.7356359472301359, 'precision_weighted': 0.7375937636857174, 'recall_macro': 0.542818934277206, 'recall_micro': 0.7356359472301359, 'recall_weighted': 0.7356359472301359}
Validation statistic: Loss: 1.1021, dev_score: {'accuracy': 0.6982539710337823, 'balanced_accuracy': 0.5260416837935684, 'f1_macro': 0.5151157692562175, 'f1_micro': 0.6982539710337823, 'f1_weighted': 0.6970414691110883, 'precision_macro': 0.568188827120715, 'precision_micro': 0.6982539710337823, 'precision_weighted': 0.7026440769322335, 'recall_macro': 0.5260416837935684, 'recall_micro': 0.6982539710337823, 'recall_weighted': 0.6982539710337823}
-----------------------
Epoch 51/100
Training statistic: Loss: 0.9706, train_score: {'accuracy': 0.7342399794106963, 'balanced_accuracy': 0.5523437651421849, 'f1_macro': 0.536638793870632, 'f1_micro': 0.7342399794106963, 'f1_weighted': 0.7324577446712429, 'precision_macro': 0.5978951624833043, 'precision_micro': 0.7342399794106963, 'precision_weighted': 0.7382697753593229, 'recall_macro': 0.5523437651421849, 'recall_micro': 0.7342399794106963, 'recall_weighted': 0.7342399794106963}
Validation statistic: Loss: 1.1257, dev_score: {'accuracy': 0.697028073063519, 'balanced_accuracy': 0.534499808028941, 'f1_macro': 0.5157366915152796, 'f1_micro': 0.697028073063519, 'f1_weighted': 0.6962081925662003, 'precision_macro': 0.5663077255800252, 'precision_micro': 0.697028073063519, 'precision_weighted': 0.703496032283426, 'recall_macro': 0.534499808028941, 'recall_micro': 0.697028073063519, 'recall_weighted': 0.697028073063519}
-----------------------
Epoch 52/100
Training statistic: Loss: 0.9328, train_score: {'accuracy': 0.734593450842223, 'balanced_accuracy': 0.5331094017098336, 'f1_macro': 0.517901046295371, 'f1_micro': 0.734593450842223, 'f1_weighted': 0.7319115436167992, 'precision_macro': 0.5353704260694983, 'precision_micro': 0.734593450842223, 'precision_weighted': 0.734143417489642, 'recall_macro': 0.5331094017098336, 'recall_micro': 0.734593450842223, 'recall_weighted': 0.734593450842223}
Validation statistic: Loss: 1.0817, dev_score: {'accuracy': 0.698218945377489, 'balanced_accuracy': 0.5148552344790168, 'f1_macro': 0.49510966315161176, 'f1_micro': 0.698218945377489, 'f1_weighted': 0.6965370184971226, 'precision_macro': 0.5083667949950468, 'precision_micro': 0.698218945377489, 'precision_weighted': 0.7003564588467253, 'recall_macro': 0.5148552344790168, 'recall_micro': 0.698218945377489, 'recall_weighted': 0.698218945377489}
Saving model...
Model saved!
-------------------------------------------
-----------------------
Epoch 53/100
Training statistic: Loss: 0.9379, train_score: {'accuracy': 0.7358167551974146, 'balanced_accuracy': 0.5563356917387664, 'f1_macro': 0.5490318048101492, 'f1_micro': 0.7358167551974146, 'f1_weighted': 0.7334836781002795, 'precision_macro': 0.6102555249098672, 'precision_micro': 0.7358167551974146, 'precision_weighted': 0.7379688709165237, 'recall_macro': 0.5563356917387664, 'recall_micro': 0.7358167551974146, 'recall_weighted': 0.7358167551974146}
Validation statistic: Loss: 1.0863, dev_score: {'accuracy': 0.6995148946603387, 'balanced_accuracy': 0.5441580822499266, 'f1_macro': 0.533943912479218, 'f1_micro': 0.6995148946603387, 'f1_weighted': 0.6980510452256331, 'precision_macro': 0.5818379384565052, 'precision_micro': 0.6995148946603387, 'precision_weighted': 0.7038569975593895, 'recall_macro': 0.5441580822499266, 'recall_micro': 0.6995148946603387, 'recall_weighted': 0.6995148946603387}
-----------------------
Epoch 54/100
Training statistic: Loss: 0.9340, train_score: {'accuracy': 0.7366963615247161, 'balanced_accuracy': 0.5458048410029629, 'f1_macro': 0.526786595680116, 'f1_micro': 0.7366963615247161, 'f1_weighted': 0.7345131357878264, 'precision_macro': 0.535701010726433, 'precision_micro': 0.7366963615247161, 'precision_weighted': 0.7373098152866205, 'recall_macro': 0.5458048410029629, 'recall_micro': 0.7366963615247161, 'recall_weighted': 0.7366963615247161}
Validation statistic: Loss: 1.0799, dev_score: {'accuracy': 0.7016689725223726, 'balanced_accuracy': 0.5273152780507286, 'f1_macro': 0.5037757469984124, 'f1_micro': 0.7016689725223726, 'f1_weighted': 0.7001996853652463, 'precision_macro': 0.5124289412478645, 'precision_micro': 0.7016689725223726, 'precision_weighted': 0.7048331437196834, 'recall_macro': 0.5273152780507286, 'recall_micro': 0.7016689725223726, 'recall_weighted': 0.7016689725223726}
Saving model...
Model saved!
-------------------------------------------
-----------------------
Epoch 55/100
Training statistic: Loss: 0.9359, train_score: {'accuracy': 0.7358053528931718, 'balanced_accuracy': 0.5775830142466548, 'f1_macro': 0.5718182531561826, 'f1_micro': 0.7358053528931718, 'f1_weighted': 0.7350545121391395, 'precision_macro': 0.6126464325566656, 'precision_micro': 0.7358053528931718, 'precision_weighted': 0.7398721549205801, 'recall_macro': 0.5775830142466548, 'recall_micro': 0.7358053528931718, 'recall_weighted': 0.7358053528931718}
Validation statistic: Loss: 1.0883, dev_score: {'accuracy': 0.6979737657834364, 'balanced_accuracy': 0.5649740138853665, 'f1_macro': 0.5520781286042599, 'f1_micro': 0.6979737657834364, 'f1_weighted': 0.6981672997188826, 'precision_macro': 0.5751782948436297, 'precision_micro': 0.6979737657834364, 'precision_weighted': 0.7040190648411319, 'recall_macro': 0.5649740138853665, 'recall_micro': 0.6979737657834364, 'recall_weighted': 0.6979737657834364}
-----------------------
Epoch 56/100
Training statistic: Loss: 0.9681, train_score: {'accuracy': 0.7351016678313306, 'balanced_accuracy': 0.5437301826725761, 'f1_macro': 0.5238826741006445, 'f1_micro': 0.7351016678313306, 'f1_weighted': 0.7331156316872224, 'precision_macro': 0.5374512959846037, 'precision_micro': 0.7351016678313306, 'precision_weighted': 0.7364550926155818, 'recall_macro': 0.5437301826725761, 'recall_micro': 0.7351016678313306, 'recall_weighted': 0.7351016678313306}
Validation statistic: Loss: 1.1194, dev_score: {'accuracy': 0.6979562529552897, 'balanced_accuracy': 0.5218903821467585, 'f1_macro': 0.4972832549728857, 'f1_micro': 0.6979562529552897, 'f1_weighted': 0.6970005435232949, 'precision_macro': 0.5085641994995299, 'precision_micro': 0.6979562529552897, 'precision_weighted': 0.7022425930816467, 'recall_macro': 0.5218903821467585, 'recall_micro': 0.6979562529552897, 'recall_weighted': 0.6979562529552897}
-----------------------
Epoch 57/100
Training statistic: Loss: 0.9166, train_score: {'accuracy': 0.7375466476411076, 'balanced_accuracy': 0.5426155561796135, 'f1_macro': 0.5264725571733951, 'f1_micro': 0.7375466476411076, 'f1_weighted': 0.7345094286196472, 'precision_macro': 0.5596073849450044, 'precision_micro': 0.7375466476411076, 'precision_weighted': 0.7385703189958426, 'recall_macro': 0.5426155561796135, 'recall_micro': 0.7375466476411076, 'recall_weighted': 0.7375466476411076}
Validation statistic: Loss: 1.0600, dev_score: {'accuracy': 0.7008633824276282, 'balanced_accuracy': 0.5214278897630151, 'f1_macro': 0.5012588096402599, 'f1_micro': 0.7008633824276282, 'f1_weighted': 0.6985158996208474, 'precision_macro': 0.5309300490426938, 'precision_micro': 0.7008633824276282, 'precision_weighted': 0.7040305345749406, 'recall_macro': 0.5214278897630151, 'recall_micro': 0.7008633824276282, 'recall_weighted': 0.7008633824276282}
Saving model...
Model saved!
-------------------------------------------
-----------------------
Epoch 58/100
Training statistic: Loss: 0.9942, train_score: {'accuracy': 0.7323862905209387, 'balanced_accuracy': 0.5460773018197348, 'f1_macro': 0.5329593268319669, 'f1_micro': 0.7323862905209387, 'f1_weighted': 0.730639698690881, 'precision_macro': 0.577959552936446, 'precision_micro': 0.7323862905209387, 'precision_weighted': 0.7351317163398102, 'recall_macro': 0.5460773018197348, 'recall_micro': 0.7323862905209387, 'recall_weighted': 0.7323862905209387}
Validation statistic: Loss: 1.1564, dev_score: {'accuracy': 0.6946988669200189, 'balanced_accuracy': 0.5271384094582441, 'f1_macro': 0.5122473801674207, 'f1_micro': 0.6946988669200189, 'f1_weighted': 0.6939094543807074, 'precision_macro': 0.5558495028441441, 'precision_micro': 0.6946988669200189, 'precision_weighted': 0.7001195734643413, 'recall_macro': 0.5271384094582441, 'recall_micro': 0.6946988669200189, 'recall_weighted': 0.6946988669200189}
-----------------------
Epoch 59/100
Training statistic: Loss: 0.8833, train_score: {'accuracy': 0.7392797978860128, 'balanced_accuracy': 0.548435471239541, 'f1_macro': 0.5326770696468806, 'f1_micro': 0.7392797978860128, 'f1_weighted': 0.7370784705465276, 'precision_macro': 0.5499321121890034, 'precision_micro': 0.7392797978860128, 'precision_weighted': 0.7401341129953974, 'recall_macro': 0.548435471239541, 'recall_micro': 0.7392797978860128, 'recall_weighted': 0.7392797978860128}
Validation statistic: Loss: 1.0222, dev_score: {'accuracy': 0.7035778707903539, 'balanced_accuracy': 0.5276932081979654, 'f1_macro': 0.5068967294444857, 'f1_micro': 0.7035778707903539, 'f1_weighted': 0.7020418688056406, 'precision_macro': 0.521957937120858, 'precision_micro': 0.7035778707903539, 'precision_weighted': 0.7066959131635598, 'recall_macro': 0.5276932081979654, 'recall_micro': 0.7035778707903539, 'recall_weighted': 0.7035778707903539}
Saving model...
Model saved!
-------------------------------------------
-----------------------
Epoch 60/100
Training statistic: Loss: 0.9485, train_score: {'accuracy': 0.7343735492603977, 'balanced_accuracy': 0.5498772398065582, 'f1_macro': 0.5282851214132126, 'f1_micro': 0.7343735492603977, 'f1_weighted': 0.7321670407115126, 'precision_macro': 0.5376026250314844, 'precision_micro': 0.7343735492603977, 'precision_weighted': 0.7353897460083315, 'recall_macro': 0.5498772398065582, 'recall_micro': 0.7343735492603977, 'recall_weighted': 0.7343735492603977}
Validation statistic: Loss: 1.1011, dev_score: {'accuracy': 0.696887970438346, 'balanced_accuracy': 0.5287230973297399, 'f1_macro': 0.5020058240279863, 'f1_micro': 0.696887970438346, 'f1_weighted': 0.6954559658572681, 'precision_macro': 0.5062668086011298, 'precision_micro': 0.696887970438346, 'precision_weighted': 0.7001765039232414, 'recall_macro': 0.5287230973297399, 'recall_micro': 0.696887970438346, 'recall_weighted': 0.696887970438346}
-----------------------
Epoch 61/100
Training statistic: Loss: 0.9193, train_score: {'accuracy': 0.7396332693175395, 'balanced_accuracy': 0.5600730206452518, 'f1_macro': 0.5589912296819048, 'f1_micro': 0.7396332693175395, 'f1_weighted': 0.7365678935379657, 'precision_macro': 0.6537073416443698, 'precision_micro': 0.7396332693175395, 'precision_weighted': 0.74301434295282, 'recall_macro': 0.5600730206452518, 'recall_micro': 0.7396332693175395, 'recall_weighted': 0.7396332693175395}
Validation statistic: Loss: 1.0642, dev_score: {'accuracy': 0.7039281273532862, 'balanced_accuracy': 0.550295830876723, 'f1_macro': 0.5448543492467641, 'f1_micro': 0.7039281273532862, 'f1_weighted': 0.7016906201117538, 'precision_macro': 0.62766098541675, 'precision_micro': 0.7039281273532862, 'precision_weighted': 0.7098850873205625, 'recall_macro': 0.550295830876723, 'recall_micro': 0.7039281273532862, 'recall_weighted': 0.7039281273532862}
-----------------------
Epoch 62/100
Training statistic: Loss: 0.9437, train_score: {'accuracy': 0.7417687580121548, 'balanced_accuracy': 0.5441529129189124, 'f1_macro': 0.5328341166929406, 'f1_micro': 0.7417687580121548, 'f1_weighted': 0.7390731487577435, 'precision_macro': 0.5646660624230763, 'precision_micro': 0.7417687580121548, 'precision_weighted': 0.7424774575088735, 'recall_macro': 0.5441529129189124, 'recall_micro': 0.7417687580121548, 'recall_weighted': 0.7417687580121548}
Validation statistic: Loss: 1.0956, dev_score: {'accuracy': 0.7066601285441586, 'balanced_accuracy': 0.5261128875192279, 'f1_macro': 0.5099558625311702, 'f1_micro': 0.7066601285441586, 'f1_weighted': 0.7047686636245878, 'precision_macro': 0.5360881012204674, 'precision_micro': 0.7066601285441586, 'precision_weighted': 0.7094522680414479, 'recall_macro': 0.5261128875192279, 'recall_micro': 0.7066601285441586, 'recall_weighted': 0.7066601285441586}
-----------------------
Epoch 63/100
Training statistic: Loss: 0.9477, train_score: {'accuracy': 0.7420082064012536, 'balanced_accuracy': 0.5761313915458303, 'f1_macro': 0.5738851981122917, 'f1_micro': 0.7420082064012536, 'f1_weighted': 0.7407935788825771, 'precision_macro': 0.6258133826373253, 'precision_micro': 0.7420082064012536, 'precision_weighted': 0.7441528355234597, 'recall_macro': 0.5761313915458303, 'recall_micro': 0.7420082064012536, 'recall_weighted': 0.7420082064012536}
Validation statistic: Loss: 1.0968, dev_score: {'accuracy': 0.7073781544981699, 'balanced_accuracy': 0.5629637949591518, 'f1_macro': 0.5559703140950327, 'f1_micro': 0.7073781544981699, 'f1_weighted': 0.7068719699692307, 'precision_macro': 0.5921838177429096, 'precision_micro': 0.7073781544981699, 'precision_weighted': 0.7112040843714134, 'recall_macro': 0.5629637949591518, 'recall_micro': 0.7073781544981699, 'recall_weighted': 0.7073781544981699}
-----------------------
Epoch 64/100
Training statistic: Loss: 0.8673, train_score: {'accuracy': 0.740740921729697, 'balanced_accuracy': 0.5643588755311397, 'f1_macro': 0.5628315393014449, 'f1_micro': 0.740740921729697, 'f1_weighted': 0.7394916435426139, 'precision_macro': 0.6168082355692216, 'precision_micro': 0.740740921729697, 'precision_weighted': 0.7423229345627655, 'recall_macro': 0.5643588755311397, 'recall_micro': 0.740740921729697, 'recall_weighted': 0.740740921729697}
Validation statistic: Loss: 0.9983, dev_score: {'accuracy': 0.7056268716835081, 'balanced_accuracy': 0.550793368305969, 'f1_macro': 0.5442726394212416, 'f1_micro': 0.7056268716835081, 'f1_weighted': 0.7052002770532033, 'precision_macro': 0.5820071144025328, 'precision_micro': 0.7056268716835081, 'precision_weighted': 0.708917658801147, 'recall_macro': 0.550793368305969, 'recall_micro': 0.7056268716835081, 'recall_weighted': 0.7056268716835081}
Saving model...
Model saved!
-------------------------------------------
-----------------------
Epoch 65/100
Training statistic: Loss: 0.9416, train_score: {'accuracy': 0.7406969414133319, 'balanced_accuracy': 0.5469770873778185, 'f1_macro': 0.5282876961135111, 'f1_micro': 0.7406969414133319, 'f1_weighted': 0.7380219020973511, 'precision_macro': 0.6454018723405305, 'precision_micro': 0.7406969414133319, 'precision_weighted': 0.7445822245373002, 'recall_macro': 0.5469770873778185, 'recall_micro': 0.7406969414133319, 'recall_weighted': 0.7406969414133319}
Validation statistic: Loss: 1.0871, dev_score: {'accuracy': 0.7064674874345458, 'balanced_accuracy': 0.5257542371574521, 'f1_macro': 0.5027463833524543, 'f1_micro': 0.7064674874345458, 'f1_weighted': 0.7043097524806212, 'precision_macro': 0.5193960008679771, 'precision_micro': 0.7064674874345458, 'precision_weighted': 0.7092508065102431, 'recall_macro': 0.5257542371574521, 'recall_micro': 0.7064674874345458, 'recall_weighted': 0.7064674874345458}
-----------------------
Epoch 66/100
Training statistic: Loss: 0.8987, train_score: {'accuracy': 0.7437413566461588, 'balanced_accuracy': 0.5465834937679699, 'f1_macro': 0.5324052095593749, 'f1_micro': 0.7437413566461588, 'f1_weighted': 0.7406391539830827, 'precision_macro': 0.5528118037928111, 'precision_micro': 0.7437413566461588, 'precision_weighted': 0.74270690784121, 'recall_macro': 0.5465834937679699, 'recall_micro': 0.7437413566461588, 'recall_weighted': 0.7437413566461588}
Validation statistic: Loss: 1.0372, dev_score: {'accuracy': 0.7087266422654594, 'balanced_accuracy': 0.5287971139232771, 'f1_macro': 0.509819021467279, 'f1_micro': 0.7087266422654594, 'f1_weighted': 0.7063787948614934, 'precision_macro': 0.5283727417832985, 'precision_micro': 0.7087266422654594, 'precision_weighted': 0.710063966086668, 'recall_macro': 0.5287971139232771, 'recall_micro': 0.7087266422654594, 'recall_weighted': 0.7087266422654594}
-----------------------
Epoch 67/100
Training statistic: Loss: 0.8986, train_score: {'accuracy': 0.7437234387394915, 'balanced_accuracy': 0.5663609792635655, 'f1_macro': 0.5610973708861171, 'f1_micro': 0.7437234387394915, 'f1_weighted': 0.7415837765254991, 'precision_macro': 0.6354412488884794, 'precision_micro': 0.7437234387394915, 'precision_weighted': 0.7458462934885624, 'recall_macro': 0.5663609792635655, 'recall_micro': 0.7437234387394915, 'recall_weighted': 0.7437234387394915}
Validation statistic: Loss: 1.0363, dev_score: {'accuracy': 0.7087966935780459, 'balanced_accuracy': 0.5456917334971437, 'f1_macro': 0.5354972673023283, 'f1_micro': 0.7087966935780459, 'f1_weighted': 0.7070034801411054, 'precision_macro': 0.594405773846805, 'precision_micro': 0.7087966935780459, 'precision_weighted': 0.7121253010971154, 'recall_macro': 0.5456917334971437, 'recall_micro': 0.7087966935780459, 'recall_weighted': 0.7087966935780459}
-----------------------
Epoch 68/100
Training statistic: Loss: 0.8761, train_score: {'accuracy': 0.742542485800059, 'balanced_accuracy': 0.5788072916556963, 'f1_macro': 0.5770107053071846, 'f1_micro': 0.742542485800059, 'f1_weighted': 0.739814223634571, 'precision_macro': 0.65079660638394, 'precision_micro': 0.742542485800059, 'precision_weighted': 0.7459328527896747, 'recall_macro': 0.5788072916556963, 'recall_micro': 0.742542485800059, 'recall_weighted': 0.742542485800059}
Validation statistic: Loss: 1.0109, dev_score: {'accuracy': 0.7071329749041173, 'balanced_accuracy': 0.5650312714506411, 'f1_macro': 0.5541977582034054, 'f1_micro': 0.7071329749041173, 'f1_weighted': 0.7049392476887824, 'precision_macro': 0.6115931233960318, 'precision_micro': 0.7071329749041173, 'precision_weighted': 0.7122295094122861, 'recall_macro': 0.5650312714506411, 'recall_micro': 0.7071329749041173, 'recall_weighted': 0.7071329749041173}
-----------------------
Epoch 69/100
Training statistic: Loss: 0.8844, train_score: {'accuracy': 0.7427070047612765, 'balanced_accuracy': 0.5481837804125929, 'f1_macro': 0.529572474753376, 'f1_micro': 0.7427070047612765, 'f1_weighted': 0.7395111221226296, 'precision_macro': 0.5624951641968731, 'precision_micro': 0.7427070047612765, 'precision_weighted': 0.7441018970910108, 'recall_macro': 0.5481837804125929, 'recall_micro': 0.7427070047612765, 'recall_weighted': 0.7427070047612765}
Validation statistic: Loss: 1.0270, dev_score: {'accuracy': 0.7082187702492075, 'balanced_accuracy': 0.5291948596691334, 'f1_macro': 0.5059064261953516, 'f1_micro': 0.7082187702492075, 'f1_weighted': 0.705643518895608, 'precision_macro': 0.5358811066593904, 'precision_micro': 0.7082187702492075, 'precision_weighted': 0.711894329879609, 'recall_macro': 0.5291948596691334, 'recall_micro': 0.7082187702492075, 'recall_weighted': 0.7082187702492075}
-----------------------
Epoch 70/100
Training statistic: Loss: 0.9319, train_score: {'accuracy': 0.740169177616951, 'balanced_accuracy': 0.5434975211282024, 'f1_macro': 0.5230208363827187, 'f1_micro': 0.740169177616951, 'f1_weighted': 0.7366988789357224, 'precision_macro': 0.5611071910874511, 'precision_micro': 0.740169177616951, 'precision_weighted': 0.741192488404694, 'recall_macro': 0.5434975211282024, 'recall_micro': 0.740169177616951, 'recall_weighted': 0.740169177616951}
Validation statistic: Loss: 1.0811, dev_score: {'accuracy': 0.7036829477592337, 'balanced_accuracy': 0.5215640957532403, 'f1_macro': 0.49690152317330216, 'f1_micro': 0.7036829477592337, 'f1_weighted': 0.7007136407469179, 'precision_macro': 0.526901730549606, 'precision_micro': 0.7036829477592337, 'precision_weighted': 0.7065206215874268, 'recall_macro': 0.5215640957532403, 'recall_micro': 0.7036829477592337, 'recall_weighted': 0.7036829477592337}
-----------------------
Epoch 71/100
Training statistic: Loss: 0.9260, train_score: {'accuracy': 0.7404884421357493, 'balanced_accuracy': 0.5638006132667674, 'f1_macro': 0.5461413900015362, 'f1_micro': 0.7404884421357493, 'f1_weighted': 0.7388918629794644, 'precision_macro': 0.6744984638590454, 'precision_micro': 0.7404884421357493, 'precision_weighted': 0.7458727690512019, 'recall_macro': 0.5638006132667674, 'recall_micro': 0.7404884421357493, 'recall_weighted': 0.7404884421357493}
Validation statistic: Loss: 1.0722, dev_score: {'accuracy': 0.7048037687606171, 'balanced_accuracy': 0.5445441095637505, 'f1_macro': 0.521244900954099, 'f1_micro': 0.7048037687606171, 'f1_weighted': 0.7039626268901612, 'precision_macro': 0.5275083837698425, 'precision_micro': 0.7048037687606171, 'precision_weighted': 0.7083998852234659, 'recall_macro': 0.5445441095637505, 'recall_micro': 0.7048037687606171, 'recall_weighted': 0.7048037687606171}
-----------------------
Epoch 72/100
Training statistic: Loss: 0.9429, train_score: {'accuracy': 0.7421401473503488, 'balanced_accuracy': 0.5598172070103195, 'f1_macro': 0.5534106377845578, 'f1_micro': 0.7421401473503488, 'f1_weighted': 0.7389937323771801, 'precision_macro': 0.6439374111647288, 'precision_micro': 0.7421401473503488, 'precision_weighted': 0.7445578954267756, 'recall_macro': 0.5598172070103195, 'recall_micro': 0.7421401473503488, 'recall_weighted': 0.7421401473503488}
Validation statistic: Loss: 1.0904, dev_score: {'accuracy': 0.7071680005604105, 'balanced_accuracy': 0.5411413448539558, 'f1_macro': 0.5284582243361462, 'f1_micro': 0.7071680005604105, 'f1_weighted': 0.7044968709980618, 'precision_macro': 0.5909622448577151, 'precision_micro': 0.7071680005604105, 'precision_weighted': 0.7103535081958188, 'recall_macro': 0.5411413448539558, 'recall_micro': 0.7071680005604105, 'recall_weighted': 0.7071680005604105}
-----------------------
Epoch 73/100
Training statistic: Loss: 0.8555, train_score: {'accuracy': 0.7468883926171709, 'balanced_accuracy': 0.5546207368904205, 'f1_macro': 0.5394394092094084, 'f1_micro': 0.7468883926171709, 'f1_weighted': 0.7434621058076984, 'precision_macro': 0.5676639965217671, 'precision_micro': 0.7468883926171709, 'precision_weighted': 0.7469021629849026, 'recall_macro': 0.5546207368904205, 'recall_micro': 0.7468883926171709, 'recall_weighted': 0.7468883926171709}
Validation statistic: Loss: 0.9887, dev_score: {'accuracy': 0.7133150032398732, 'balanced_accuracy': 0.5349670659776177, 'f1_macro': 0.515129917673155, 'f1_micro': 0.7133150032398732, 'f1_weighted': 0.7101760849224706, 'precision_macro': 0.539212561742936, 'precision_micro': 0.7133150032398732, 'precision_weighted': 0.7146818938909406, 'recall_macro': 0.5349670659776177, 'recall_micro': 0.7133150032398732, 'recall_weighted': 0.7133150032398732}
Saving model...
Model saved!
-------------------------------------------
-----------------------
Epoch 74/100
Training statistic: Loss: 0.8625, train_score: {'accuracy': 0.7436143023988819, 'balanced_accuracy': 0.5562010654866362, 'f1_macro': 0.5364230111885956, 'f1_micro': 0.7436143023988819, 'f1_weighted': 0.7407877126417576, 'precision_macro': 0.6584527502298954, 'precision_micro': 0.7436143023988819, 'precision_weighted': 0.7488224629528633, 'recall_macro': 0.5562010654866362, 'recall_micro': 0.7436143023988819, 'recall_weighted': 0.7436143023988819}
Validation statistic: Loss: 0.9997, dev_score: {'accuracy': 0.7087091294373128, 'balanced_accuracy': 0.5349470920433868, 'f1_macro': 0.511084349957498, 'f1_micro': 0.7087091294373128, 'f1_weighted': 0.7063982060060412, 'precision_macro': 0.6098560390390547, 'precision_micro': 0.7087091294373128, 'precision_weighted': 0.7152870223349101, 'recall_macro': 0.5349470920433868, 'recall_micro': 0.7087091294373128, 'recall_weighted': 0.7087091294373128}
-----------------------
Epoch 75/100
Training statistic: Loss: 0.8991, train_score: {'accuracy': 0.7431875304400801, 'balanced_accuracy': 0.5493952682438908, 'f1_macro': 0.5337778371497264, 'f1_micro': 0.7431875304400801, 'f1_weighted': 0.7398463382940326, 'precision_macro': 0.6480783747055611, 'precision_micro': 0.7431875304400801, 'precision_weighted': 0.7469619654672133, 'recall_macro': 0.5493952682438908, 'recall_micro': 0.7431875304400801, 'recall_weighted': 0.7431875304400801}
Validation statistic: Loss: 1.0352, dev_score: {'accuracy': 0.7073781544981699, 'balanced_accuracy': 0.5298602720548212, 'f1_macro': 0.5099011333341928, 'f1_micro': 0.7073781544981699, 'f1_weighted': 0.7047468767992343, 'precision_macro': 0.586154009400793, 'precision_micro': 0.7073781544981699, 'precision_weighted': 0.7120063477681027, 'recall_macro': 0.5298602720548212, 'recall_micro': 0.7073781544981699, 'recall_weighted': 0.7073781544981699}
-----------------------
Epoch 76/100
Training statistic: Loss: 0.8552, train_score: {'accuracy': 0.7439075045079824, 'balanced_accuracy': 0.5522927216043366, 'f1_macro': 0.5405958550766511, 'f1_micro': 0.7439075045079824, 'f1_weighted': 0.7401166015671707, 'precision_macro': 0.6864084501701325, 'precision_micro': 0.7439075045079824, 'precision_weighted': 0.7490565594808629, 'recall_macro': 0.5522927216043366, 'recall_micro': 0.7439075045079824, 'recall_weighted': 0.7439075045079824}
Validation statistic: Loss: 0.9877, dev_score: {'accuracy': 0.7077108982329556, 'balanced_accuracy': 0.5259551048607081, 'f1_macro': 0.5070006858371366, 'f1_micro': 0.7077108982329556, 'f1_weighted': 0.7041059949724886, 'precision_macro': 0.6319294270713339, 'precision_micro': 0.7077108982329556, 'precision_weighted': 0.7134540274622851, 'recall_macro': 0.5259551048607081, 'recall_micro': 0.7077108982329556, 'recall_weighted': 0.7077108982329556}
Saving model...
Model saved!
-------------------------------------------
-----------------------
Epoch 77/100
Training statistic: Loss: 0.8666, train_score: {'accuracy': 0.7429969490691648, 'balanced_accuracy': 0.5483227556029852, 'f1_macro': 0.539730185707728, 'f1_micro': 0.7429969490691648, 'f1_weighted': 0.7387177232514686, 'precision_macro': 0.6832385332019111, 'precision_micro': 0.7429969490691648, 'precision_weighted': 0.7478922252212045, 'recall_macro': 0.5483227556029852, 'recall_micro': 0.7429969490691648, 'recall_weighted': 0.7429969490691648}
Validation statistic: Loss: 0.9991, dev_score: {'accuracy': 0.7082537959055007, 'balanced_accuracy': 0.5259294992833964, 'f1_macro': 0.5116462215765206, 'f1_micro': 0.7082537959055007, 'f1_weighted': 0.7043890869857772, 'precision_macro': 0.6342891883236929, 'precision_micro': 0.7082537959055007, 'precision_weighted': 0.7140830883611083, 'recall_macro': 0.5259294992833964, 'recall_micro': 0.7082537959055007, 'recall_weighted': 0.7082537959055007}
-----------------------
Epoch 78/100
Training statistic: Loss: 0.8685, train_score: {'accuracy': 0.7420896514315592, 'balanced_accuracy': 0.5629333941688561, 'f1_macro': 0.5564890326292167, 'f1_micro': 0.7420896514315592, 'f1_weighted': 0.7396210844770162, 'precision_macro': 0.6704672724484732, 'precision_micro': 0.7420896514315592, 'precision_weighted': 0.7473844043691134, 'recall_macro': 0.5629333941688561, 'recall_micro': 0.7420896514315592, 'recall_weighted': 0.7420896514315592}
Validation statistic: Loss: 1.0047, dev_score: {'accuracy': 0.7060822052153202, 'balanced_accuracy': 0.5390880519378555, 'f1_macro': 0.5252829414054755, 'f1_micro': 0.7060822052153202, 'f1_weighted': 0.7041862766945922, 'precision_macro': 0.6199639372378963, 'precision_micro': 0.7060822052153202, 'precision_weighted': 0.712728408348187, 'recall_macro': 0.5390880519378555, 'recall_micro': 0.7060822052153202, 'recall_weighted': 0.7060822052153202}
-----------------------
Epoch 79/100
Training statistic: Loss: 0.9079, train_score: {'accuracy': 0.7412263341103189, 'balanced_accuracy': 0.5654559405992874, 'f1_macro': 0.5555386399246237, 'f1_micro': 0.7412263341103189, 'f1_weighted': 0.7394721061276882, 'precision_macro': 0.6133261516831413, 'precision_micro': 0.7412263341103189, 'precision_weighted': 0.7439538121599176, 'recall_macro': 0.5654559405992874, 'recall_micro': 0.7412263341103189, 'recall_weighted': 0.7412263341103189}
Validation statistic: Loss: 1.0507, dev_score: {'accuracy': 0.7048037687606171, 'balanced_accuracy': 0.5439522414960266, 'f1_macro': 0.5281819942583769, 'f1_micro': 0.7048037687606171, 'f1_weighted': 0.7036197077008555, 'precision_macro': 0.5641911165249179, 'precision_micro': 0.7048037687606171, 'precision_weighted': 0.7088758657521319, 'recall_macro': 0.5439522414960266, 'recall_micro': 0.7048037687606171, 'recall_weighted': 0.7048037687606171}
-----------------------
Epoch 80/100
Training statistic: Loss: 0.8744, train_score: {'accuracy': 0.7430523316897726, 'balanced_accuracy': 0.5593526763768465, 'f1_macro': 0.5540975447611798, 'f1_micro': 0.7430523316897726, 'f1_weighted': 0.7400411655365443, 'precision_macro': 0.6586219143434333, 'precision_micro': 0.7430523316897726, 'precision_weighted': 0.7455826924316677, 'recall_macro': 0.5593526763768465, 'recall_micro': 0.7430523316897726, 'recall_weighted': 0.7430523316897726}
Validation statistic: Loss: 1.0117, dev_score: {'accuracy': 0.7073956673263165, 'balanced_accuracy': 0.5377603430994095, 'f1_macro': 0.5264315969919616, 'f1_micro': 0.7073956673263165, 'f1_weighted': 0.704721869814025, 'precision_macro': 0.6157807428518621, 'precision_micro': 0.7073956673263165, 'precision_weighted': 0.7109730134960467, 'recall_macro': 0.5377603430994095, 'recall_micro': 0.7073956673263165, 'recall_weighted': 0.7073956673263165}
-----------------------
Epoch 81/100
Training statistic: Loss: 0.8746, train_score: {'accuracy': 0.7406089807806018, 'balanced_accuracy': 0.5618291486976126, 'f1_macro': 0.5469502034030431, 'f1_micro': 0.7406089807806018, 'f1_weighted': 0.7381689767017865, 'precision_macro': 0.6886685595188077, 'precision_micro': 0.7406089807806018, 'precision_weighted': 0.7456865971804388, 'recall_macro': 0.5618291486976126, 'recall_micro': 0.7406089807806018, 'recall_weighted': 0.7406089807806018}
Validation statistic: Loss: 1.0136, dev_score: {'accuracy': 0.7055568203709217, 'balanced_accuracy': 0.5415096317179183, 'f1_macro': 0.5215684639775978, 'f1_micro': 0.7055568203709217, 'f1_weighted': 0.7035668761963432, 'precision_macro': 0.6265250709067842, 'precision_micro': 0.7055568203709217, 'precision_weighted': 0.7110431378884651, 'recall_macro': 0.5415096317179183, 'recall_micro': 0.7055568203709217, 'recall_weighted': 0.7055568203709217}
-----------------------
Epoch 82/100
Training statistic: Loss: 0.8348, train_score: {'accuracy': 0.7383431800374973, 'balanced_accuracy': 0.5508759204996159, 'f1_macro': 0.5304721688941366, 'f1_micro': 0.7383431800374973, 'f1_weighted': 0.7357870036854983, 'precision_macro': 0.54480432959461, 'precision_micro': 0.7383431800374973, 'precision_weighted': 0.7387190080077921, 'recall_macro': 0.5508759204996159, 'recall_micro': 0.7383431800374973, 'recall_weighted': 0.7383431800374973}
Validation statistic: Loss: 0.9633, dev_score: {'accuracy': 0.7024220241326772, 'balanced_accuracy': 0.532078222669475, 'f1_macro': 0.5061038864824599, 'f1_micro': 0.7024220241326772, 'f1_weighted': 0.700523988145784, 'precision_macro': 0.5192183201815265, 'precision_micro': 0.7024220241326772, 'precision_weighted': 0.705244982912381, 'recall_macro': 0.532078222669475, 'recall_micro': 0.7024220241326772, 'recall_weighted': 0.7024220241326772}
Saving model...
Model saved!
-------------------------------------------
-----------------------
Epoch 83/100
Training statistic: Loss: 0.8637, train_score: {'accuracy': 0.7447105525067966, 'balanced_accuracy': 0.5747256958952901, 'f1_macro': 0.5727019645375497, 'f1_micro': 0.7447105525067966, 'f1_weighted': 0.7429504244551968, 'precision_macro': 0.6513121049270436, 'precision_micro': 0.7447105525067966, 'precision_weighted': 0.7471195031843283, 'recall_macro': 0.5747256958952901, 'recall_micro': 0.7447105525067966, 'recall_weighted': 0.7447105525067966}
Validation statistic: Loss: 0.9979, dev_score: {'accuracy': 0.7099000017512828, 'balanced_accuracy': 0.5540929871585697, 'f1_macro': 0.5441192507380995, 'f1_micro': 0.7099000017512828, 'f1_weighted': 0.7085590612978813, 'precision_macro': 0.6064753774259624, 'precision_micro': 0.7099000017512828, 'precision_weighted': 0.7137372642972794, 'recall_macro': 0.5540929871585697, 'recall_micro': 0.7099000017512828, 'recall_weighted': 0.7099000017512828}
-----------------------
Epoch 84/100
Training statistic: Loss: 0.8572, train_score: {'accuracy': 0.7419169879673112, 'balanced_accuracy': 0.555335250488068, 'f1_macro': 0.5420256168728732, 'f1_micro': 0.7419169879673112, 'f1_weighted': 0.73937921680884, 'precision_macro': 0.6340721823210594, 'precision_micro': 0.7419169879673112, 'precision_weighted': 0.7452376093257477, 'recall_macro': 0.555335250488068, 'recall_micro': 0.7419169879673112, 'recall_weighted': 0.7419169879673112}
Validation statistic: Loss: 0.9928, dev_score: {'accuracy': 0.7057144358242412, 'balanced_accuracy': 0.5354715280657739, 'f1_macro': 0.5160472161678759, 'f1_micro': 0.7057144358242412, 'f1_weighted': 0.7038808891083255, 'precision_macro': 0.5833712329187012, 'precision_micro': 0.7057144358242412, 'precision_weighted': 0.7105328102133887, 'recall_macro': 0.5354715280657739, 'recall_micro': 0.7057144358242412, 'recall_weighted': 0.7057144358242412}
-----------------------
Epoch 85/100
Training statistic: Loss: 0.8498, train_score: {'accuracy': 0.7438895866013152, 'balanced_accuracy': 0.6035648066439452, 'f1_macro': 0.6064978020930186, 'f1_micro': 0.7438895866013152, 'f1_weighted': 0.7424270042145584, 'precision_macro': 0.6571861880317262, 'precision_micro': 0.7438895866013152, 'precision_weighted': 0.7465209596298553, 'recall_macro': 0.6035648066439452, 'recall_micro': 0.7438895866013152, 'recall_weighted': 0.7438895866013152}
Validation statistic: Loss: 0.9820, dev_score: {'accuracy': 0.7086040524684332, 'balanced_accuracy': 0.5923805165992518, 'f1_macro': 0.5870731257106556, 'f1_micro': 0.7086040524684332, 'f1_weighted': 0.7078992780737267, 'precision_macro': 0.6219717300611373, 'precision_micro': 0.7086040524684332, 'precision_weighted': 0.7128070673081712, 'recall_macro': 0.5923805165992518, 'recall_micro': 0.7086040524684332, 'recall_weighted': 0.7086040524684332}
-----------------------
Epoch 86/100
Training statistic: Loss: 0.8621, train_score: {'accuracy': 0.7450623950377172, 'balanced_accuracy': 0.5690576853202475, 'f1_macro': 0.5646691468882828, 'f1_micro': 0.7450623950377172, 'f1_weighted': 0.742653969048884, 'precision_macro': 0.6591039727653473, 'precision_micro': 0.7450623950377172, 'precision_weighted': 0.7475001862588824, 'recall_macro': 0.5690576853202475, 'recall_micro': 0.7450623950377172, 'recall_weighted': 0.7450623950377172}
Validation statistic: Loss: 0.9995, dev_score: {'accuracy': 0.7100225915483092, 'balanced_accuracy': 0.5570131124252178, 'f1_macro': 0.5517176824213758, 'f1_micro': 0.7100225915483092, 'f1_weighted': 0.7083888688098182, 'precision_macro': 0.6287953044585093, 'precision_micro': 0.7100225915483092, 'precision_weighted': 0.713972537323088, 'recall_macro': 0.5570131124252178, 'recall_micro': 0.7100225915483092, 'recall_weighted': 0.7100225915483092}
-----------------------
Epoch 87/100
Training statistic: Loss: 0.8332, train_score: {'accuracy': 0.7431126010121988, 'balanced_accuracy': 0.550813851589818, 'f1_macro': 0.5342641010402438, 'f1_micro': 0.7431126010121988, 'f1_weighted': 0.7400867054837199, 'precision_macro': 0.5519859920726986, 'precision_micro': 0.7431126010121988, 'precision_weighted': 0.7425201443791051, 'recall_macro': 0.550813851589818, 'recall_micro': 0.7431126010121988, 'recall_weighted': 0.7431126010121988}
Validation statistic: Loss: 0.9644, dev_score: {'accuracy': 0.7078510008581286, 'balanced_accuracy': 0.5291676516151868, 'f1_macro': 0.5080045783590833, 'f1_micro': 0.7078510008581286, 'f1_weighted': 0.7051936804545225, 'precision_macro': 0.5219885010685262, 'precision_micro': 0.7078510008581286, 'precision_weighted': 0.7086564786501909, 'recall_macro': 0.5291676516151868, 'recall_micro': 0.7078510008581286, 'recall_weighted': 0.7078510008581286}
-----------------------
Epoch 88/100
Training statistic: Loss: 0.7954, train_score: {'accuracy': 0.7449402274922586, 'balanced_accuracy': 0.5420410266855086, 'f1_macro': 0.522864999078492, 'f1_micro': 0.7449402274922586, 'f1_weighted': 0.7404485715898265, 'precision_macro': 0.6732795401058345, 'precision_micro': 0.7449402274922586, 'precision_weighted': 0.7483222714133206, 'recall_macro': 0.5420410266855086, 'recall_micro': 0.7449402274922586, 'recall_weighted': 0.7449402274922586}
Validation statistic: Loss: 0.9160, dev_score: {'accuracy': 0.7091819757972715, 'balanced_accuracy': 0.5214217081208472, 'f1_macro': 0.4970577697250408, 'f1_micro': 0.7091819757972715, 'f1_weighted': 0.705131233770445, 'precision_macro': 0.5313171683612209, 'precision_micro': 0.7091819757972715, 'precision_weighted': 0.7104409137051609, 'recall_macro': 0.5214217081208472, 'recall_micro': 0.7091819757972715, 'recall_weighted': 0.7091819757972715}
Saving model...
Model saved!
-------------------------------------------
-----------------------
Epoch 89/100
Training statistic: Loss: 0.8405, train_score: {'accuracy': 0.7460820868171445, 'balanced_accuracy': 0.56360047097425, 'f1_macro': 0.5533450621042543, 'f1_micro': 0.7460820868171445, 'f1_weighted': 0.7422333395269437, 'precision_macro': 0.6573263973865019, 'precision_micro': 0.7460820868171445, 'precision_weighted': 0.7500296749201931, 'recall_macro': 0.56360047097425, 'recall_micro': 0.7460820868171445, 'recall_weighted': 0.7460820868171445}
Validation statistic: Loss: 0.9756, dev_score: {'accuracy': 0.710442899423828, 'balanced_accuracy': 0.549364766691345, 'f1_macro': 0.5359960550199073, 'f1_micro': 0.710442899423828, 'f1_weighted': 0.7071079027324139, 'precision_macro': 0.6236638147333674, 'precision_micro': 0.710442899423828, 'precision_weighted': 0.7159491080573869, 'recall_macro': 0.549364766691345, 'recall_micro': 0.710442899423828, 'recall_weighted': 0.710442899423828}
-----------------------
Epoch 90/100
Training statistic: Loss: 0.7919, train_score: {'accuracy': 0.7470806028886924, 'balanced_accuracy': 0.54033749323686, 'f1_macro': 0.523149472867599, 'f1_micro': 0.7470806028886924, 'f1_weighted': 0.7422342380455123, 'precision_macro': 0.583457205208118, 'precision_micro': 0.7470806028886924, 'precision_weighted': 0.7475170529512551, 'recall_macro': 0.54033749323686, 'recall_micro': 0.7470806028886924, 'recall_weighted': 0.7470806028886924}
Validation statistic: Loss: 0.9116, dev_score: {'accuracy': 0.7123868233481024, 'balanced_accuracy': 0.519399128695703, 'f1_macro': 0.49769213008876845, 'f1_micro': 0.7123868233481024, 'f1_weighted': 0.7078443582002004, 'precision_macro': 0.5502580720509501, 'precision_micro': 0.7123868233481024, 'precision_weighted': 0.713936189191722, 'recall_macro': 0.519399128695703, 'recall_micro': 0.7123868233481024, 'recall_weighted': 0.7123868233481024}
Saving model...
Model saved!
-------------------------------------------
-----------------------
Epoch 91/100
Training statistic: Loss: 0.8729, train_score: {'accuracy': 0.7472451218499099, 'balanced_accuracy': 0.5711550189680497, 'f1_macro': 0.5677278198926642, 'f1_micro': 0.7472451218499099, 'f1_weighted': 0.7453558142918771, 'precision_macro': 0.633968737070054, 'precision_micro': 0.7472451218499099, 'precision_weighted': 0.7487654722927257, 'recall_macro': 0.5711550189680497, 'recall_micro': 0.7472451218499099, 'recall_weighted': 0.7472451218499099}
Validation statistic: Loss: 1.0082, dev_score: {'accuracy': 0.7130873364739672, 'balanced_accuracy': 0.5533716274524457, 'f1_macro': 0.5462552324007188, 'f1_micro': 0.7130873364739672, 'f1_weighted': 0.7117173136422299, 'precision_macro': 0.5939722956126948, 'precision_micro': 0.7130873364739672, 'precision_weighted': 0.7156720715962972, 'recall_macro': 0.5533716274524457, 'recall_micro': 0.7130873364739672, 'recall_weighted': 0.7130873364739672}
-----------------------
Epoch 92/100
Training statistic: Loss: 0.7774, train_score: {'accuracy': 0.7497405975784763, 'balanced_accuracy': 0.5841242025013555, 'f1_macro': 0.585381834186113, 'f1_micro': 0.7497405975784763, 'f1_weighted': 0.7474996334617902, 'precision_macro': 0.6991981796667888, 'precision_micro': 0.7497405975784763, 'precision_weighted': 0.7551446934943873, 'recall_macro': 0.5841242025013555, 'recall_micro': 0.7497405975784763, 'recall_weighted': 0.7497405975784763}
Validation statistic: Loss: 0.8985, dev_score: {'accuracy': 0.714330747272377, 'balanced_accuracy': 0.5646498047347176, 'f1_macro': 0.5619491920448872, 'f1_micro': 0.714330747272377, 'f1_weighted': 0.7126428676500459, 'precision_macro': 0.6636897829597999, 'precision_micro': 0.714330747272377, 'precision_weighted': 0.7211352259390297, 'recall_macro': 0.5646498047347176, 'recall_micro': 0.714330747272377, 'recall_weighted': 0.714330747272377}
Saving model...
Model saved!
-------------------------------------------
-----------------------
Epoch 93/100
Training statistic: Loss: 0.8128, train_score: {'accuracy': 0.7452822966195426, 'balanced_accuracy': 0.5535615500196027, 'f1_macro': 0.5342110618124263, 'f1_micro': 0.7452822966195426, 'f1_weighted': 0.741866817551076, 'precision_macro': 0.7171453901245243, 'precision_micro': 0.7452822966195426, 'precision_weighted': 0.751922875891721, 'recall_macro': 0.5535615500196027, 'recall_micro': 0.7452822966195426, 'recall_weighted': 0.7452822966195426}
Validation statistic: Loss: 0.9377, dev_score: {'accuracy': 0.7108281816430535, 'balanced_accuracy': 0.5356863615963007, 'f1_macro': 0.5122153293406206, 'f1_micro': 0.7108281816430535, 'f1_weighted': 0.7078821751789848, 'precision_macro': 0.6919032416882038, 'precision_micro': 0.7108281816430535, 'precision_weighted': 0.7190615825276391, 'recall_macro': 0.5356863615963007, 'recall_micro': 0.7108281816430535, 'recall_weighted': 0.7108281816430535}
-----------------------
Epoch 94/100
Training statistic: Loss: 0.8028, train_score: {'accuracy': 0.7473265668802155, 'balanced_accuracy': 0.5530914950062805, 'f1_macro': 0.5331107666800098, 'f1_micro': 0.7473265668802155, 'f1_weighted': 0.743433014043779, 'precision_macro': 0.5669726943170801, 'precision_micro': 0.7473265668802155, 'precision_weighted': 0.7479343029511659, 'recall_macro': 0.5530914950062805, 'recall_micro': 0.7473265668802155, 'recall_weighted': 0.7473265668802155}
Validation statistic: Loss: 0.9256, dev_score: {'accuracy': 0.7128596697080611, 'balanced_accuracy': 0.5347429373796183, 'f1_macro': 0.5105320144381323, 'f1_micro': 0.7128596697080611, 'f1_weighted': 0.7093270654531167, 'precision_macro': 0.5402958112887167, 'precision_micro': 0.7128596697080611, 'precision_weighted': 0.7149860861083084, 'recall_macro': 0.5347429373796183, 'recall_micro': 0.7128596697080611, 'recall_weighted': 0.7128596697080611}
-----------------------
Epoch 95/100
Training statistic: Loss: 0.8408, train_score: {'accuracy': 0.746560983595342, 'balanced_accuracy': 0.5712019784993899, 'f1_macro': 0.554959978499767, 'f1_micro': 0.746560983595342, 'f1_weighted': 0.744616548676918, 'precision_macro': 0.5542345195864148, 'precision_micro': 0.746560983595342, 'precision_weighted': 0.7459952971393983, 'recall_macro': 0.5712019784993899, 'recall_micro': 0.746560983595342, 'recall_weighted': 0.746560983595342}
Validation statistic: Loss: 0.9729, dev_score: {'accuracy': 0.7122992592073694, 'balanced_accuracy': 0.5540414056404906, 'f1_macro': 0.5334616366908788, 'f1_micro': 0.7122992592073694, 'f1_weighted': 0.7107747714925948, 'precision_macro': 0.5302022589809324, 'precision_micro': 0.7122992592073694, 'precision_weighted': 0.7131901220567596, 'recall_macro': 0.5540414056404906, 'recall_micro': 0.7122992592073694, 'recall_weighted': 0.7122992592073694}
-----------------------
Epoch 96/100
Training statistic: Loss: 0.8173, train_score: {'accuracy': 0.7489522096851172, 'balanced_accuracy': 0.5698152597638423, 'f1_macro': 0.5595691445922114, 'f1_micro': 0.7489522096851172, 'f1_weighted': 0.7468328325669957, 'precision_macro': 0.6050555067404305, 'precision_micro': 0.7489522096851172, 'precision_weighted': 0.7500053030666559, 'recall_macro': 0.5698152597638423, 'recall_micro': 0.7489522096851172, 'recall_weighted': 0.7489522096851172}
Validation statistic: Loss: 0.9406, dev_score: {'accuracy': 0.7147685679760425, 'balanced_accuracy': 0.5549851822505073, 'f1_macro': 0.5448475675094181, 'f1_micro': 0.7147685679760425, 'f1_weighted': 0.7133517208411871, 'precision_macro': 0.5984557852992778, 'precision_micro': 0.7147685679760425, 'precision_weighted': 0.7179008413227543, 'recall_macro': 0.5549851822505073, 'recall_micro': 0.7147685679760425, 'recall_weighted': 0.7147685679760425}
-----------------------
Epoch 97/100
Training statistic: Loss: 0.8207, train_score: {'accuracy': 0.7484114146838874, 'balanced_accuracy': 0.5431504931777326, 'f1_macro': 0.52039353870915, 'f1_micro': 0.7484114146838874, 'f1_weighted': 0.743873972091633, 'precision_macro': 0.5761521192285386, 'precision_micro': 0.7484114146838874, 'precision_weighted': 0.7490785534086079, 'recall_macro': 0.5431504931777326, 'recall_micro': 0.7484114146838874, 'recall_weighted': 0.7484114146838874}
Validation statistic: Loss: 0.9487, dev_score: {'accuracy': 0.7139804907094447, 'balanced_accuracy': 0.5207346735638769, 'f1_macro': 0.49287863315015595, 'f1_micro': 0.7139804907094447, 'f1_weighted': 0.7096803567654258, 'precision_macro': 0.5332356674424876, 'precision_micro': 0.7139804907094447, 'precision_weighted': 0.7154190652914583, 'recall_macro': 0.5207346735638769, 'recall_micro': 0.7139804907094447, 'recall_weighted': 0.7139804907094447}
-----------------------
Epoch 98/100
Training statistic: Loss: 0.7942, train_score: {'accuracy': 0.7485645313408621, 'balanced_accuracy': 0.5855852738986519, 'f1_macro': 0.5876890220659287, 'f1_micro': 0.7485645313408621, 'f1_weighted': 0.7461121609051102, 'precision_macro': 0.6367035333623023, 'precision_micro': 0.7485645313408621, 'precision_weighted': 0.7490934174090018, 'recall_macro': 0.5855852738986519, 'recall_micro': 0.7485645313408621, 'recall_weighted': 0.7485645313408621}
Validation statistic: Loss: 0.9153, dev_score: {'accuracy': 0.714786080804189, 'balanced_accuracy': 0.574291145753788, 'f1_macro': 0.5703572763135761, 'f1_micro': 0.714786080804189, 'f1_weighted': 0.7130931461300853, 'precision_macro': 0.6074568424654696, 'precision_micro': 0.714786080804189, 'precision_weighted': 0.7169351390262985, 'recall_macro': 0.574291145753788, 'recall_micro': 0.714786080804189, 'recall_weighted': 0.714786080804189}
-----------------------
Epoch 99/100
Training statistic: Loss: 0.8063, train_score: {'accuracy': 0.7498041247021148, 'balanced_accuracy': 0.5670511742387591, 'f1_macro': 0.5571261612076183, 'f1_micro': 0.7498041247021148, 'f1_weighted': 0.746218602345439, 'precision_macro': 0.6588699613198592, 'precision_micro': 0.7498041247021148, 'precision_weighted': 0.7533776787141584, 'recall_macro': 0.5670511742387591, 'recall_micro': 0.7498041247021148, 'recall_weighted': 0.7498041247021148}
Validation statistic: Loss: 0.9287, dev_score: {'accuracy': 0.7152764399922944, 'balanced_accuracy': 0.5476981385717536, 'f1_macro': 0.5327015323352338, 'f1_micro': 0.7152764399922944, 'f1_weighted': 0.711978772854898, 'precision_macro': 0.6204787926837877, 'precision_micro': 0.7152764399922944, 'precision_weighted': 0.7203034124242828, 'recall_macro': 0.5476981385717536, 'recall_micro': 0.7152764399922944, 'recall_weighted': 0.7152764399922944}
-----------------------
Epoch 100/100
Training statistic: Loss: 0.8171, train_score: {'accuracy': 0.7464632495589751, 'balanced_accuracy': 0.5744908254999074, 'f1_macro': 0.5544269149376644, 'f1_micro': 0.7464632495589751, 'f1_weighted': 0.7447125794033382, 'precision_macro': 0.5736244529920896, 'precision_micro': 0.7464632495589751, 'precision_weighted': 0.7484804193490308, 'recall_macro': 0.5744908254999074, 'recall_micro': 0.7464632495589751, 'recall_weighted': 0.7464632495589751}
Validation statistic: Loss: 0.9425, dev_score: {'accuracy': 0.7110208227526663, 'balanced_accuracy': 0.5572796206385023, 'f1_macro': 0.531748394497874, 'f1_micro': 0.7110208227526663, 'f1_weighted': 0.7099537802327629, 'precision_macro': 0.5403069330777114, 'precision_micro': 0.7110208227526663, 'precision_weighted': 0.714981327304734, 'recall_macro': 0.5572796206385023, 'recall_micro': 0.7110208227526663, 'recall_weighted': 0.7110208227526663}
Testing statistic: loss: 0.8557026278495788, scores: {'accuracy': 0.7222, 'balanced_accuracy': 0.552255356651954, 'f1_macro': 0.5395885351748598, 'f1_micro': 0.7222, 'f1_weighted': 0.7202713341388866, 'precision_macro': 0.6585047250997732, 'precision_micro': 0.7222, 'precision_weighted': 0.7303198048632086, 'recall_macro': 0.552255356651954, 'recall_micro': 0.7222, 'recall_weighted': 0.7222}
Finish training!
