=====Setting up data=====
Dataset name:covertype
train_option:mix
augment_option:tvae_compare_categorical
mix_ratio:-1
n_sample:-1
Training dataset size: 614016 samples
Validation dataset size: 57216 samples

=====Setting up parameters for training=====
num_epochs: 100
learning_rate: 0.001
patience: 30
early_stop_criterion: loss
=====Setting up trainer=====
input_size: 98
model: DNN_Covertype
----------------------------------------------------------------
        Layer (type)               Output Shape         Param #
================================================================
            Linear-1                  [-1, 150]          14,850
              ReLU-2                  [-1, 150]               0
           Dropout-3                  [-1, 150]               0
            Linear-4                  [-1, 250]          37,750
              ReLU-5                  [-1, 250]               0
           Dropout-6                  [-1, 250]               0
            Linear-7                  [-1, 300]          75,300
              ReLU-8                  [-1, 300]               0
           Dropout-9                  [-1, 300]               0
           Linear-10                  [-1, 250]          75,250
             ReLU-11                  [-1, 250]               0
          Dropout-12                  [-1, 250]               0
           Linear-13                  [-1, 150]          37,650
             ReLU-14                  [-1, 150]               0
          Dropout-15                  [-1, 150]               0
           Linear-16                    [-1, 7]           1,057
================================================================
Total params: 241,857
Trainable params: 241,857
Non-trainable params: 0
----------------------------------------------------------------
Input size (MB): 0.00
Forward/backward pass size (MB): 0.03
Params size (MB): 0.92
Estimated Total Size (MB): 0.95
----------------------------------------------------------------
=====Setting up output files=====
weight_dir, weight_file: /home/thuy/Research/minh_data_synth/TabularDA/output/corrected_v2/covertype/weight/, covertype_seed42_tvae_full_categorical_mix.weights.pth
acc_dir, acc_file: /home/thuy/Research/minh_data_synth/TabularDA/output/corrected_v2/covertype/acc/, covertype_seed42_tvae_full_categorical_mix.epochs.csv
report_file: covertype_seed42_tvae_full_categorical_mix.report.txt
==========================================================================================
Start training...
-----------------------
Epoch 1/100
Training statistic: Loss: 1.2255, train_score: {'accuracy': 0.6946365189742487, 'balanced_accuracy': 0.5988457458308305, 'f1_macro': 0.5521339933336119, 'f1_micro': 0.6946365189742487, 'f1_weighted': 0.7005661563871374, 'precision_macro': 0.5263539684347124, 'precision_micro': 0.6946365189742487, 'precision_weighted': 0.7120298977640891, 'recall_macro': 0.5988457458308305, 'recall_micro': 0.6946365189742487, 'recall_weighted': 0.6946365189742487}
Validation statistic: Loss: 1.4267, dev_score: {'accuracy': 0.6527731563370168, 'balanced_accuracy': 0.5615736425112402, 'f1_macro': 0.5049219956395753, 'f1_micro': 0.6527731563370168, 'f1_weighted': 0.6609956919501838, 'precision_macro': 0.4744599939578495, 'precision_micro': 0.6527731563370168, 'precision_weighted': 0.6760641061347552, 'recall_macro': 0.5615736425112402, 'recall_micro': 0.6527731563370168, 'recall_weighted': 0.6527731563370168}
Saving model...
Model saved!
-------------------------------------------
-----------------------
Epoch 2/100
Training statistic: Loss: 1.2855, train_score: {'accuracy': 0.6993456706265241, 'balanced_accuracy': 0.5848837013827743, 'f1_macro': 0.5423309862506085, 'f1_micro': 0.6993456706265241, 'f1_weighted': 0.7046148542128268, 'precision_macro': 0.5222042407039319, 'precision_micro': 0.6993456706265241, 'precision_weighted': 0.7151747558365308, 'recall_macro': 0.5848837013827743, 'recall_micro': 0.6993456706265241, 'recall_weighted': 0.6993456706265241}
Validation statistic: Loss: 1.5037, dev_score: {'accuracy': 0.6569236966077652, 'balanced_accuracy': 0.5445094834952067, 'f1_macro': 0.4939377329552146, 'f1_micro': 0.6569236966077652, 'f1_weighted': 0.6645160594964004, 'precision_macro': 0.4707061031447365, 'precision_micro': 0.6569236966077652, 'precision_weighted': 0.6787656202176844, 'recall_macro': 0.5445094834952067, 'recall_micro': 0.6569236966077652, 'recall_weighted': 0.6569236966077652}
-----------------------
Epoch 3/100
Training statistic: Loss: 1.3380, train_score: {'accuracy': 0.6981826355937587, 'balanced_accuracy': 0.5786043919597657, 'f1_macro': 0.5351062889327042, 'f1_micro': 0.6981826355937587, 'f1_weighted': 0.7037894923262807, 'precision_macro': 0.5487931135105997, 'precision_micro': 0.6981826355937587, 'precision_weighted': 0.7167277996693627, 'recall_macro': 0.5786043919597657, 'recall_micro': 0.6981826355937587, 'recall_weighted': 0.6981826355937587}
Validation statistic: Loss: 1.5682, dev_score: {'accuracy': 0.6563282604507802, 'balanced_accuracy': 0.5421533707156111, 'f1_macro': 0.4948693528281166, 'f1_micro': 0.6563282604507802, 'f1_weighted': 0.6644497184230171, 'precision_macro': 0.5043595066517353, 'precision_micro': 0.6563282604507802, 'precision_weighted': 0.6808548913906861, 'recall_macro': 0.5421533707156111, 'recall_micro': 0.6563282604507802, 'recall_weighted': 0.6563282604507802}
-----------------------
Epoch 4/100
Training statistic: Loss: 1.2847, train_score: {'accuracy': 0.6974251968119157, 'balanced_accuracy': 0.611254367945656, 'f1_macro': 0.5585105551412755, 'f1_micro': 0.6974251968119157, 'f1_weighted': 0.7035946368333759, 'precision_macro': 0.5292331160335167, 'precision_micro': 0.6974251968119157, 'precision_weighted': 0.715822031934413, 'recall_macro': 0.611254367945656, 'recall_micro': 0.6974251968119157, 'recall_weighted': 0.6974251968119157}
Validation statistic: Loss: 1.4988, dev_score: {'accuracy': 0.6568711581233253, 'balanced_accuracy': 0.5788655917993525, 'f1_macro': 0.5159608157469856, 'f1_micro': 0.6568711581233253, 'f1_weighted': 0.6650930140002909, 'precision_macro': 0.4834251809131002, 'precision_micro': 0.6568711581233253, 'precision_weighted': 0.6806185616459383, 'recall_macro': 0.5788655917993525, 'recall_micro': 0.6568711581233253, 'recall_weighted': 0.6568711581233253}
-----------------------
Epoch 5/100
Training statistic: Loss: 1.2322, train_score: {'accuracy': 0.7002578549659478, 'balanced_accuracy': 0.607947457782969, 'f1_macro': 0.5604045875185868, 'f1_micro': 0.7002578549659478, 'f1_weighted': 0.7058525563169715, 'precision_macro': 0.539724607278941, 'precision_micro': 0.7002578549659478, 'precision_weighted': 0.7182304758726751, 'recall_macro': 0.607947457782969, 'recall_micro': 0.7002578549659478, 'recall_weighted': 0.7002578549659478}
Validation statistic: Loss: 1.4336, dev_score: {'accuracy': 0.6596206721423443, 'balanced_accuracy': 0.5732815869555825, 'f1_macro': 0.5153683878546237, 'f1_micro': 0.6596206721423443, 'f1_weighted': 0.6673257886019179, 'precision_macro': 0.48924150500143143, 'precision_micro': 0.6596206721423443, 'precision_weighted': 0.6831285490772345, 'recall_macro': 0.5732815869555825, 'recall_micro': 0.6596206721423443, 'recall_weighted': 0.6596206721423443}
-----------------------
Epoch 6/100
Training statistic: Loss: 1.3206, train_score: {'accuracy': 0.701834630752666, 'balanced_accuracy': 0.6150470898247925, 'f1_macro': 0.5716306969068962, 'f1_micro': 0.701834630752666, 'f1_weighted': 0.7069249072013805, 'precision_macro': 0.5466497310885571, 'precision_micro': 0.701834630752666, 'precision_weighted': 0.7169207779581862, 'recall_macro': 0.6150470898247925, 'recall_micro': 0.701834630752666, 'recall_weighted': 0.701834630752666}
Validation statistic: Loss: 1.5479, dev_score: {'accuracy': 0.6598833645645436, 'balanced_accuracy': 0.5770345226314962, 'f1_macro': 0.5213263562960054, 'f1_micro': 0.6598833645645436, 'f1_weighted': 0.6669783086398021, 'precision_macro': 0.49023727521297805, 'precision_micro': 0.6598833645645436, 'precision_weighted': 0.6803191335196868, 'recall_macro': 0.5770345226314962, 'recall_micro': 0.6598833645645436, 'recall_weighted': 0.6598833645645436}
-----------------------
Epoch 7/100
Training statistic: Loss: 1.2842, train_score: {'accuracy': 0.7094350809807937, 'balanced_accuracy': 0.6062316496254816, 'f1_macro': 0.568266660180468, 'f1_micro': 0.7094350809807937, 'f1_weighted': 0.7133338753792146, 'precision_macro': 0.5470236333684478, 'precision_micro': 0.7094350809807937, 'precision_weighted': 0.7216006878190935, 'recall_macro': 0.6062316496254816, 'recall_micro': 0.7094350809807937, 'recall_weighted': 0.7094350809807937}
Validation statistic: Loss: 1.5007, dev_score: {'accuracy': 0.6695679585296229, 'balanced_accuracy': 0.5766591512980908, 'f1_macro': 0.5272674625447797, 'f1_micro': 0.6695679585296229, 'f1_weighted': 0.6753930489528011, 'precision_macro': 0.49907611318220785, 'precision_micro': 0.6695679585296229, 'precision_weighted': 0.6867652937852156, 'recall_macro': 0.5766591512980908, 'recall_micro': 0.6695679585296229, 'recall_weighted': 0.6695679585296229}
-----------------------
Epoch 8/100
Training statistic: Loss: 1.2950, train_score: {'accuracy': 0.7047503628376101, 'balanced_accuracy': 0.6144492953396545, 'f1_macro': 0.5701268005319616, 'f1_micro': 0.7047503628376101, 'f1_weighted': 0.7094488165645235, 'precision_macro': 0.5473362131685573, 'precision_micro': 0.7047503628376101, 'precision_weighted': 0.7197566162252964, 'recall_macro': 0.6144492953396545, 'recall_micro': 0.7047503628376101, 'recall_weighted': 0.7047503628376101}
Validation statistic: Loss: 1.5172, dev_score: {'accuracy': 0.664576802507837, 'balanced_accuracy': 0.5856784856276913, 'f1_macro': 0.5288964930220599, 'f1_micro': 0.664576802507837, 'f1_weighted': 0.6713355383753231, 'precision_macro': 0.49939205693662014, 'precision_micro': 0.664576802507837, 'precision_weighted': 0.6851159081942906, 'recall_macro': 0.5856784856276913, 'recall_micro': 0.664576802507837, 'recall_weighted': 0.664576802507837}
-----------------------
Epoch 9/100
Training statistic: Loss: 1.3219, train_score: {'accuracy': 0.7048122610606423, 'balanced_accuracy': 0.6114172781322745, 'f1_macro': 0.5698071045821765, 'f1_micro': 0.7048122610606423, 'f1_weighted': 0.7097040193090732, 'precision_macro': 0.5487768156439694, 'precision_micro': 0.7048122610606423, 'precision_weighted': 0.719373812103, 'recall_macro': 0.6114172781322745, 'recall_micro': 0.7048122610606423, 'recall_weighted': 0.7048122610606423}
Validation statistic: Loss: 1.5426, dev_score: {'accuracy': 0.6650146232115024, 'balanced_accuracy': 0.5824761232438427, 'f1_macro': 0.5290894093038371, 'f1_micro': 0.6650146232115024, 'f1_weighted': 0.671865066269111, 'precision_macro': 0.5006383019405299, 'precision_micro': 0.6650146232115024, 'precision_weighted': 0.6846700956347656, 'recall_macro': 0.5824761232438427, 'recall_micro': 0.6650146232115024, 'recall_weighted': 0.6650146232115024}
-----------------------
Epoch 10/100
Training statistic: Loss: 1.2798, train_score: {'accuracy': 0.7085864237650082, 'balanced_accuracy': 0.5977139977943462, 'f1_macro': 0.563913491182539, 'f1_micro': 0.7085864237650082, 'f1_weighted': 0.7123376479240049, 'precision_macro': 0.554480667357433, 'precision_micro': 0.7085864237650082, 'precision_weighted': 0.7204612305772808, 'recall_macro': 0.5977139977943462, 'recall_micro': 0.7085864237650082, 'recall_weighted': 0.7085864237650082}
Validation statistic: Loss: 1.4917, dev_score: {'accuracy': 0.6698481637799688, 'balanced_accuracy': 0.5670951600151298, 'f1_macro': 0.5235631918206675, 'f1_micro': 0.6698481637799688, 'f1_weighted': 0.6754249881932108, 'precision_macro': 0.5030664909325877, 'precision_micro': 0.6698481637799688, 'precision_weighted': 0.6862653438289406, 'recall_macro': 0.5670951600151298, 'recall_micro': 0.6698481637799688, 'recall_weighted': 0.6698481637799688}
-----------------------
Epoch 11/100
Training statistic: Loss: 1.2415, train_score: {'accuracy': 0.7092151793989683, 'balanced_accuracy': 0.5988293284245618, 'f1_macro': 0.5657310213664621, 'f1_micro': 0.7092151793989683, 'f1_weighted': 0.7128822820538218, 'precision_macro': 0.5525136569957061, 'precision_micro': 0.7092151793989683, 'precision_weighted': 0.7210569980654431, 'recall_macro': 0.5988293284245618, 'recall_micro': 0.7092151793989683, 'recall_weighted': 0.7092151793989683}
Validation statistic: Loss: 1.4486, dev_score: {'accuracy': 0.6699007022644087, 'balanced_accuracy': 0.5709528939283391, 'f1_macro': 0.5247303042596935, 'f1_micro': 0.6699007022644087, 'f1_weighted': 0.6754428116090813, 'precision_macro': 0.5012306776594416, 'precision_micro': 0.6699007022644087, 'precision_weighted': 0.6867008556784437, 'recall_macro': 0.5709528939283391, 'recall_micro': 0.6699007022644087, 'recall_weighted': 0.6699007022644087}
-----------------------
Epoch 12/100
Training statistic: Loss: 1.1857, train_score: {'accuracy': 0.7091744568838154, 'balanced_accuracy': 0.6178299505018348, 'f1_macro': 0.5797284442043689, 'f1_micro': 0.7091744568838154, 'f1_weighted': 0.7131953063572835, 'precision_macro': 0.5587470245191873, 'precision_micro': 0.7091744568838154, 'precision_weighted': 0.7217233269590666, 'recall_macro': 0.6178299505018348, 'recall_micro': 0.7091744568838154, 'recall_weighted': 0.7091744568838154}
Validation statistic: Loss: 1.3789, dev_score: {'accuracy': 0.6702159331710478, 'balanced_accuracy': 0.5926400350770843, 'f1_macro': 0.5392966866034915, 'f1_micro': 0.6702159331710478, 'f1_weighted': 0.67607585957477, 'precision_macro': 0.5099359036790425, 'precision_micro': 0.6702159331710478, 'precision_weighted': 0.6878605746268734, 'recall_macro': 0.5926400350770843, 'recall_micro': 0.6702159331710478, 'recall_weighted': 0.6702159331710478}
Saving model...
Model saved!
-------------------------------------------
-----------------------
Epoch 13/100
Training statistic: Loss: 1.2354, train_score: {'accuracy': 0.7095784242341316, 'balanced_accuracy': 0.6158592409422043, 'f1_macro': 0.5763983142037417, 'f1_micro': 0.7095784242341316, 'f1_weighted': 0.713987037355396, 'precision_macro': 0.5519549361688565, 'precision_micro': 0.7095784242341316, 'precision_weighted': 0.7223181701328641, 'recall_macro': 0.6158592409422043, 'recall_micro': 0.7095784242341316, 'recall_weighted': 0.7095784242341316}
Validation statistic: Loss: 1.4424, dev_score: {'accuracy': 0.6702684716554876, 'balanced_accuracy': 0.5845471624498578, 'f1_macro': 0.531721159548931, 'f1_micro': 0.6702684716554876, 'f1_weighted': 0.6763581338435939, 'precision_macro': 0.49985621985275136, 'precision_micro': 0.6702684716554876, 'precision_weighted': 0.687559804356103, 'recall_macro': 0.5845471624498578, 'recall_micro': 0.6702684716554876, 'recall_weighted': 0.6702684716554876}
-----------------------
Epoch 14/100
Training statistic: Loss: 1.2412, train_score: {'accuracy': 0.7065356379019109, 'balanced_accuracy': 0.6164633550857088, 'f1_macro': 0.5731280124859612, 'f1_micro': 0.7065356379019109, 'f1_weighted': 0.7118099860598011, 'precision_macro': 0.5540472549241108, 'precision_micro': 0.7065356379019109, 'precision_weighted': 0.7228446437944811, 'recall_macro': 0.6164633550857088, 'recall_micro': 0.7065356379019109, 'recall_weighted': 0.7065356379019109}
Validation statistic: Loss: 1.4501, dev_score: {'accuracy': 0.666223008353619, 'balanced_accuracy': 0.5860238304579818, 'f1_macro': 0.5300080031690644, 'f1_micro': 0.666223008353619, 'f1_weighted': 0.6735750462420224, 'precision_macro': 0.5030596395167299, 'precision_micro': 0.666223008353619, 'precision_weighted': 0.6879104866305678, 'recall_macro': 0.5860238304579818, 'recall_micro': 0.666223008353619, 'recall_weighted': 0.666223008353619}
-----------------------
Epoch 15/100
Training statistic: Loss: 1.2128, train_score: {'accuracy': 0.7099661025783868, 'balanced_accuracy': 0.6174732641033192, 'f1_macro': 0.5813628829927536, 'f1_micro': 0.7099661025783868, 'f1_weighted': 0.7138031012991973, 'precision_macro': 0.5590040280969777, 'precision_micro': 0.7099661025783868, 'precision_weighted': 0.7211852906617603, 'recall_macro': 0.6174732641033192, 'recall_micro': 0.7099661025783868, 'recall_weighted': 0.7099661025783868}
Validation statistic: Loss: 1.4131, dev_score: {'accuracy': 0.6707062923591531, 'balanced_accuracy': 0.5882376184672334, 'f1_macro': 0.5390297832765235, 'f1_micro': 0.6707062923591531, 'f1_weighted': 0.6761133518017163, 'precision_macro': 0.508196800151895, 'precision_micro': 0.6707062923591531, 'precision_weighted': 0.6862119989529694, 'recall_macro': 0.5882376184672334, 'recall_micro': 0.6707062923591531, 'recall_weighted': 0.6707062923591531}
-----------------------
Epoch 16/100
Training statistic: Loss: 1.2242, train_score: {'accuracy': 0.7108766580172045, 'balanced_accuracy': 0.6034037913413923, 'f1_macro': 0.5706288132249088, 'f1_micro': 0.7108766580172045, 'f1_weighted': 0.7142355985227904, 'precision_macro': 0.5553735555153817, 'precision_micro': 0.7108766580172045, 'precision_weighted': 0.7217720262255667, 'recall_macro': 0.6034037913413923, 'recall_micro': 0.7108766580172045, 'recall_weighted': 0.7108766580172045}
Validation statistic: Loss: 1.4227, dev_score: {'accuracy': 0.6708814206406193, 'balanced_accuracy': 0.5753857081356474, 'f1_macro': 0.5281645993026314, 'f1_micro': 0.6708814206406193, 'f1_weighted': 0.6761182590370836, 'precision_macro': 0.5022547292371743, 'precision_micro': 0.6708814206406193, 'precision_weighted': 0.686872056036422, 'recall_macro': 0.5753857081356474, 'recall_micro': 0.6708814206406193, 'recall_weighted': 0.6708814206406193}
-----------------------
Epoch 17/100
Training statistic: Loss: 1.1621, train_score: {'accuracy': 0.7132548529021308, 'balanced_accuracy': 0.6082581204953916, 'f1_macro': 0.5729870901668067, 'f1_micro': 0.7132548529021308, 'f1_weighted': 0.7174961307232515, 'precision_macro': 0.5581839626307715, 'precision_micro': 0.7132548529021308, 'precision_weighted': 0.726045515548951, 'recall_macro': 0.6082581204953916, 'recall_micro': 0.7132548529021308, 'recall_weighted': 0.7132548529021308}
Validation statistic: Loss: 1.3493, dev_score: {'accuracy': 0.6747342428328751, 'balanced_accuracy': 0.5777964148000151, 'f1_macro': 0.5298103117439436, 'f1_micro': 0.6747342428328751, 'f1_weighted': 0.6808275410477913, 'precision_macro': 0.5057010539186965, 'precision_micro': 0.6747342428328751, 'precision_weighted': 0.6924707994602336, 'recall_macro': 0.5777964148000151, 'recall_micro': 0.6747342428328751, 'recall_weighted': 0.6747342428328751}
Saving model...
Model saved!
-------------------------------------------
-----------------------
Epoch 18/100
Training statistic: Loss: 1.1770, train_score: {'accuracy': 0.7115103003529828, 'balanced_accuracy': 0.6144101635813082, 'f1_macro': 0.5753090384123437, 'f1_micro': 0.7115103003529828, 'f1_weighted': 0.7158151532951659, 'precision_macro': 0.55881609333903, 'precision_micro': 0.7115103003529828, 'precision_weighted': 0.7252110034935719, 'recall_macro': 0.6144101635813082, 'recall_micro': 0.7115103003529828, 'recall_weighted': 0.7115103003529828}
Validation statistic: Loss: 1.3677, dev_score: {'accuracy': 0.6716694979072171, 'balanced_accuracy': 0.5807655938296633, 'f1_macro': 0.5299714781335244, 'f1_micro': 0.6716694979072171, 'f1_weighted': 0.6779098495775243, 'precision_macro': 0.5048251733278349, 'precision_micro': 0.6716694979072171, 'precision_weighted': 0.6904433580862087, 'recall_macro': 0.5807655938296633, 'recall_micro': 0.6716694979072171, 'recall_weighted': 0.6716694979072171}
-----------------------
Epoch 19/100
Training statistic: Loss: 1.1594, train_score: {'accuracy': 0.7142957203894376, 'balanced_accuracy': 0.6028348239394796, 'f1_macro': 0.5754115598106588, 'f1_micro': 0.7142957203894376, 'f1_weighted': 0.7170727696953754, 'precision_macro': 0.5652954312802174, 'precision_micro': 0.7142957203894376, 'precision_weighted': 0.7235269172534985, 'recall_macro': 0.6028348239394796, 'recall_micro': 0.7142957203894376, 'recall_weighted': 0.7142957203894376}
Validation statistic: Loss: 1.3483, dev_score: {'accuracy': 0.6752946533335669, 'balanced_accuracy': 0.5770568477902177, 'f1_macro': 0.5359170060659705, 'f1_micro': 0.6752946533335669, 'f1_weighted': 0.6797596732688956, 'precision_macro': 0.5131702734176262, 'precision_micro': 0.6752946533335669, 'precision_weighted': 0.6889145887957024, 'recall_macro': 0.5770568477902177, 'recall_micro': 0.6752946533335669, 'recall_weighted': 0.6752946533335669}
Saving model...
Model saved!
-------------------------------------------
-----------------------
Epoch 20/100
Training statistic: Loss: 1.1986, train_score: {'accuracy': 0.7132988332184959, 'balanced_accuracy': 0.601362952756016, 'f1_macro': 0.5747036268212394, 'f1_micro': 0.7132988332184959, 'f1_weighted': 0.7158825865843842, 'precision_macro': 0.5661254585474201, 'precision_micro': 0.7132988332184959, 'precision_weighted': 0.7224202186195873, 'recall_macro': 0.601362952756016, 'recall_micro': 0.7132988332184959, 'recall_weighted': 0.7132988332184959}
Validation statistic: Loss: 1.3997, dev_score: {'accuracy': 0.6728428573930404, 'balanced_accuracy': 0.5735937501197601, 'f1_macro': 0.5322375424878798, 'f1_micro': 0.6728428573930404, 'f1_weighted': 0.6771330902113628, 'precision_macro': 0.5094926322025566, 'precision_micro': 0.6728428573930404, 'precision_weighted': 0.6864527497642231, 'recall_macro': 0.5735937501197601, 'recall_micro': 0.6728428573930404, 'recall_weighted': 0.6728428573930404}
-----------------------
Epoch 21/100
Training statistic: Loss: 1.1151, train_score: {'accuracy': 0.7136132110354758, 'balanced_accuracy': 0.6144017021590054, 'f1_macro': 0.5831344533139229, 'f1_micro': 0.7136132110354758, 'f1_weighted': 0.7169475067166744, 'precision_macro': 0.5660613345088471, 'precision_micro': 0.7136132110354758, 'precision_weighted': 0.7236742410530991, 'recall_macro': 0.6144017021590054, 'recall_micro': 0.7136132110354758, 'recall_weighted': 0.7136132110354758}
Validation statistic: Loss: 1.2979, dev_score: {'accuracy': 0.6734032678937322, 'balanced_accuracy': 0.5870382840826519, 'f1_macro': 0.5417520441828672, 'f1_micro': 0.6734032678937322, 'f1_weighted': 0.6783765717573977, 'precision_macro': 0.5141239941452745, 'precision_micro': 0.6734032678937322, 'precision_weighted': 0.6879001927182181, 'recall_macro': 0.5870382840826519, 'recall_micro': 0.6734032678937322, 'recall_weighted': 0.6734032678937322}
Saving model...
Model saved!
-------------------------------------------
-----------------------
Epoch 22/100
Training statistic: Loss: 1.0621, train_score: {'accuracy': 0.715962085709492, 'balanced_accuracy': 0.6101606657675374, 'f1_macro': 0.5854938322354928, 'f1_micro': 0.715962085709492, 'f1_weighted': 0.7184746603487862, 'precision_macro': 0.5774557411642077, 'precision_micro': 0.715962085709492, 'precision_weighted': 0.7242330173793432, 'recall_macro': 0.6101606657675374, 'recall_micro': 0.715962085709492, 'recall_weighted': 0.715962085709492}
Validation statistic: Loss: 1.2327, dev_score: {'accuracy': 0.6775362953363339, 'balanced_accuracy': 0.5849986751574866, 'f1_macro': 0.5470110420120021, 'f1_micro': 0.6775362953363339, 'f1_weighted': 0.6814447362405538, 'precision_macro': 0.5255206641550523, 'precision_micro': 0.6775362953363339, 'precision_weighted': 0.6895075078932671, 'recall_macro': 0.5849986751574866, 'recall_micro': 0.6775362953363339, 'recall_weighted': 0.6775362953363339}
Saving model...
Model saved!
-------------------------------------------
-----------------------
Epoch 23/100
Training statistic: Loss: 1.1050, train_score: {'accuracy': 0.7183077025822961, 'balanced_accuracy': 0.6073198580626684, 'f1_macro': 0.5824231788958264, 'f1_micro': 0.7183077025822961, 'f1_weighted': 0.7208560049991378, 'precision_macro': 0.5703628706199163, 'precision_micro': 0.7183077025822961, 'precision_weighted': 0.7261976405291927, 'recall_macro': 0.6073198580626684, 'recall_micro': 0.7183077025822961, 'recall_weighted': 0.7183077025822961}
Validation statistic: Loss: 1.2849, dev_score: {'accuracy': 0.6807236300590183, 'balanced_accuracy': 0.5815584359858368, 'f1_macro': 0.5439171587630481, 'f1_micro': 0.6807236300590183, 'f1_weighted': 0.6846725008694232, 'precision_macro': 0.5205286358467258, 'precision_micro': 0.6807236300590183, 'precision_weighted': 0.6924134852385689, 'recall_macro': 0.5815584359858368, 'recall_micro': 0.6807236300590183, 'recall_weighted': 0.6807236300590183}
-----------------------
Epoch 24/100
Training statistic: Loss: 1.0410, train_score: {'accuracy': 0.7180079848707712, 'balanced_accuracy': 0.6201890025071574, 'f1_macro': 0.589534060492622, 'f1_micro': 0.7180079848707712, 'f1_weighted': 0.7210889247790906, 'precision_macro': 0.5712218031756825, 'precision_micro': 0.7180079848707712, 'precision_weighted': 0.7272323422996413, 'recall_macro': 0.6201890025071574, 'recall_micro': 0.7180079848707712, 'recall_weighted': 0.7180079848707712}
Validation statistic: Loss: 1.2062, dev_score: {'accuracy': 0.6796378347139279, 'balanced_accuracy': 0.5917278285080955, 'f1_macro': 0.5476725955298737, 'f1_micro': 0.6796378347139279, 'f1_weighted': 0.6841821157976484, 'precision_macro': 0.5197468528043909, 'precision_micro': 0.6796378347139279, 'precision_weighted': 0.6927900077307715, 'recall_macro': 0.5917278285080955, 'recall_micro': 0.6796378347139279, 'recall_weighted': 0.6796378347139279}
Saving model...
Model saved!
-------------------------------------------
-----------------------
Epoch 25/100
Training statistic: Loss: 1.1586, train_score: {'accuracy': 0.717590986315606, 'balanced_accuracy': 0.6241961431247319, 'f1_macro': 0.5913320756497672, 'f1_micro': 0.717590986315606, 'f1_weighted': 0.7210960475155064, 'precision_macro': 0.5717103206022595, 'precision_micro': 0.717590986315606, 'precision_weighted': 0.7276759968509284, 'recall_macro': 0.6241961431247319, 'recall_micro': 0.717590986315606, 'recall_weighted': 0.717590986315606}
Validation statistic: Loss: 1.3518, dev_score: {'accuracy': 0.6784469623999579, 'balanced_accuracy': 0.5941115759512439, 'f1_macro': 0.5477918187675331, 'f1_micro': 0.6784469623999579, 'f1_weighted': 0.6836518942060317, 'precision_macro': 0.5194153758664172, 'precision_micro': 0.6784469623999579, 'precision_weighted': 0.6931848705590107, 'recall_macro': 0.5941115759512439, 'recall_micro': 0.6784469623999579, 'recall_weighted': 0.6784469623999579}
-----------------------
Epoch 26/100
Training statistic: Loss: 1.1017, train_score: {'accuracy': 0.715574407365237, 'balanced_accuracy': 0.6170407518978054, 'f1_macro': 0.5832719538132068, 'f1_micro': 0.715574407365237, 'f1_weighted': 0.7188287232654879, 'precision_macro': 0.5661853475851393, 'precision_micro': 0.715574407365237, 'precision_weighted': 0.7259216439205275, 'recall_macro': 0.6170407518978054, 'recall_micro': 0.715574407365237, 'recall_weighted': 0.715574407365237}
Validation statistic: Loss: 1.2805, dev_score: {'accuracy': 0.6767832437260293, 'balanced_accuracy': 0.5885994837910309, 'f1_macro': 0.5415706705951221, 'f1_micro': 0.6767832437260293, 'f1_weighted': 0.6817196166380846, 'precision_macro': 0.5140352910974598, 'precision_micro': 0.6767832437260293, 'precision_weighted': 0.6916440913230807, 'recall_macro': 0.5885994837910309, 'recall_micro': 0.6767832437260293, 'recall_weighted': 0.6767832437260293}
-----------------------
Epoch 27/100
Training statistic: Loss: 1.0913, train_score: {'accuracy': 0.7224646569290989, 'balanced_accuracy': 0.6184579299838713, 'f1_macro': 0.5895515391603663, 'f1_micro': 0.7224646569290989, 'f1_weighted': 0.72519963175208, 'precision_macro': 0.5738771842753511, 'precision_micro': 0.7224646569290989, 'precision_weighted': 0.7309722487812615, 'recall_macro': 0.6184579299838713, 'recall_micro': 0.7224646569290989, 'recall_weighted': 0.7224646569290989}
Validation statistic: Loss: 1.2729, dev_score: {'accuracy': 0.6843312726572214, 'balanced_accuracy': 0.5937213637998899, 'f1_macro': 0.55065500819745, 'f1_micro': 0.6843312726572214, 'f1_weighted': 0.6886551602938429, 'precision_macro': 0.5230873301011866, 'precision_micro': 0.6843312726572214, 'precision_weighted': 0.6970688428371372, 'recall_macro': 0.5937213637998899, 'recall_micro': 0.6843312726572214, 'recall_weighted': 0.6843312726572214}
-----------------------
Epoch 28/100
Training statistic: Loss: 1.1288, train_score: {'accuracy': 0.7183924054138141, 'balanced_accuracy': 0.6264868497436131, 'f1_macro': 0.5925596739985765, 'f1_micro': 0.7183924054138141, 'f1_weighted': 0.7218341717753003, 'precision_macro': 0.5716143655750764, 'precision_micro': 0.7183924054138141, 'precision_weighted': 0.7284592659419898, 'recall_macro': 0.6264868497436131, 'recall_micro': 0.7183924054138141, 'recall_weighted': 0.7183924054138141}
Validation statistic: Loss: 1.3135, dev_score: {'accuracy': 0.6796553475420746, 'balanced_accuracy': 0.5980361033835936, 'f1_macro': 0.5501251861214738, 'f1_micro': 0.6796553475420746, 'f1_weighted': 0.684706815055274, 'precision_macro': 0.5204456686943638, 'precision_micro': 0.6796553475420746, 'precision_weighted': 0.6941709477678395, 'recall_macro': 0.5980361033835936, 'recall_micro': 0.6796553475420746, 'recall_weighted': 0.6796553475420746}
-----------------------
Epoch 29/100
Training statistic: Loss: 1.1517, train_score: {'accuracy': 0.7162992681349577, 'balanced_accuracy': 0.6196801321601993, 'f1_macro': 0.5846630850436766, 'f1_micro': 0.7162992681349577, 'f1_weighted': 0.7197911181043402, 'precision_macro': 0.564562245391593, 'precision_micro': 0.7162992681349577, 'precision_weighted': 0.7269832408820186, 'recall_macro': 0.6196801321601993, 'recall_micro': 0.7162992681349577, 'recall_weighted': 0.7162992681349577}
Validation statistic: Loss: 1.3387, dev_score: {'accuracy': 0.6769058335230557, 'balanced_accuracy': 0.5906082096829559, 'f1_macro': 0.5422891875659671, 'f1_micro': 0.6769058335230557, 'f1_weighted': 0.6821078653244429, 'precision_macro': 0.5127149799946884, 'precision_micro': 0.6769058335230557, 'precision_weighted': 0.6920879088656083, 'recall_macro': 0.5906082096829559, 'recall_micro': 0.6769058335230557, 'recall_weighted': 0.6769058335230557}
-----------------------
Epoch 30/100
Training statistic: Loss: 1.0666, train_score: {'accuracy': 0.7201679070744782, 'balanced_accuracy': 0.6136891621002766, 'f1_macro': 0.5851609545753212, 'f1_micro': 0.7201679070744782, 'f1_weighted': 0.7232621258078256, 'precision_macro': 0.5730213491970797, 'precision_micro': 0.7201679070744782, 'precision_weighted': 0.729571972163007, 'recall_macro': 0.6136891621002766, 'recall_micro': 0.7201679070744782, 'recall_weighted': 0.7201679070744782}
Validation statistic: Loss: 1.2417, dev_score: {'accuracy': 0.682615015498853, 'balanced_accuracy': 0.5883482872567376, 'f1_macro': 0.5469724404750446, 'f1_micro': 0.682615015498853, 'f1_weighted': 0.6873139049841036, 'precision_macro': 0.5233001919505512, 'precision_micro': 0.682615015498853, 'precision_weighted': 0.6962028366375927, 'recall_macro': 0.5883482872567376, 'recall_micro': 0.682615015498853, 'recall_weighted': 0.682615015498853}
-----------------------
Epoch 31/100
Training statistic: Loss: 1.1069, train_score: {'accuracy': 0.7204920582950949, 'balanced_accuracy': 0.6319815861118305, 'f1_macro': 0.597103130132237, 'f1_micro': 0.7204920582950949, 'f1_weighted': 0.7236659548170572, 'precision_macro': 0.5749266947558908, 'precision_micro': 0.7204920582950949, 'precision_weighted': 0.7302258666385895, 'recall_macro': 0.6319815861118305, 'recall_micro': 0.7204920582950949, 'recall_weighted': 0.7204920582950949}
Validation statistic: Loss: 1.2853, dev_score: {'accuracy': 0.6820896306544544, 'balanced_accuracy': 0.6007425451864944, 'f1_macro': 0.5521881804289539, 'f1_micro': 0.6820896306544544, 'f1_weighted': 0.6868400635095613, 'precision_macro': 0.5216393306879471, 'precision_micro': 0.6820896306544544, 'precision_weighted': 0.6961498658817722, 'recall_macro': 0.6007425451864944, 'recall_micro': 0.6820896306544544, 'recall_weighted': 0.6820896306544544}
-----------------------
Epoch 32/100
Training statistic: Loss: 1.0286, train_score: {'accuracy': 0.7197183305071908, 'balanced_accuracy': 0.6300346294909825, 'f1_macro': 0.5940480183852571, 'f1_micro': 0.7197183305071908, 'f1_weighted': 0.7235684332664825, 'precision_macro': 0.5721346960509971, 'precision_micro': 0.7197183305071908, 'precision_weighted': 0.7307143096459703, 'recall_macro': 0.6300346294909825, 'recall_micro': 0.7197183305071908, 'recall_weighted': 0.7197183305071908}
Validation statistic: Loss: 1.1874, dev_score: {'accuracy': 0.6817743997478153, 'balanced_accuracy': 0.6025707833507388, 'f1_macro': 0.553349393512779, 'f1_micro': 0.6817743997478153, 'f1_weighted': 0.6872211698075092, 'precision_macro': 0.52264426217218, 'precision_micro': 0.6817743997478153, 'precision_weighted': 0.6970351227129923, 'recall_macro': 0.6025707833507388, 'recall_micro': 0.6817743997478153, 'recall_weighted': 0.6817743997478153}
Saving model...
Model saved!
-------------------------------------------
-----------------------
Epoch 33/100
Training statistic: Loss: 1.0426, train_score: {'accuracy': 0.7173564246283256, 'balanced_accuracy': 0.6310327688816286, 'f1_macro': 0.5933582838924149, 'f1_micro': 0.7173564246283256, 'f1_weighted': 0.7209573234214924, 'precision_macro': 0.5695422399963215, 'precision_micro': 0.7173564246283256, 'precision_weighted': 0.7280747637185946, 'recall_macro': 0.6310327688816286, 'recall_micro': 0.7173564246283256, 'recall_weighted': 0.7173564246283256}
Validation statistic: Loss: 1.2051, dev_score: {'accuracy': 0.6794276807761686, 'balanced_accuracy': 0.5997737391514526, 'f1_macro': 0.5491766556461016, 'f1_micro': 0.6794276807761686, 'f1_weighted': 0.6847290536160764, 'precision_macro': 0.5173742547683733, 'precision_micro': 0.6794276807761686, 'precision_weighted': 0.6946452710341564, 'recall_macro': 0.5997737391514526, 'recall_micro': 0.6794276807761686, 'recall_weighted': 0.6794276807761686}
-----------------------
Epoch 34/100
Training statistic: Loss: 1.0494, train_score: {'accuracy': 0.7181187501119869, 'balanced_accuracy': 0.6237025642932996, 'f1_macro': 0.5909338527766259, 'f1_micro': 0.7181187501119869, 'f1_weighted': 0.7213814533949748, 'precision_macro': 0.5706648336945566, 'precision_micro': 0.7181187501119869, 'precision_weighted': 0.727746552675218, 'recall_macro': 0.6237025642932996, 'recall_micro': 0.7181187501119869, 'recall_weighted': 0.7181187501119869}
Validation statistic: Loss: 1.2088, dev_score: {'accuracy': 0.68009316824574, 'balanced_accuracy': 0.5968355865564654, 'f1_macro': 0.550933179324828, 'f1_micro': 0.68009316824574, 'f1_weighted': 0.6849709060784848, 'precision_macro': 0.521217779990459, 'precision_micro': 0.68009316824574, 'precision_weighted': 0.6939100947196221, 'recall_macro': 0.5968355865564654, 'recall_micro': 0.68009316824574, 'recall_weighted': 0.68009316824574}
-----------------------
Epoch 35/100
Training statistic: Loss: 1.0515, train_score: {'accuracy': 0.7228002104539583, 'balanced_accuracy': 0.6169862447040648, 'f1_macro': 0.5909618787179775, 'f1_micro': 0.7228002104539583, 'f1_weighted': 0.7255516815892313, 'precision_macro': 0.581296537418597, 'precision_micro': 0.7228002104539583, 'precision_weighted': 0.7313039920049187, 'recall_macro': 0.6169862447040648, 'recall_micro': 0.7228002104539583, 'recall_weighted': 0.7228002104539583}
Validation statistic: Loss: 1.2166, dev_score: {'accuracy': 0.6856972732526576, 'balanced_accuracy': 0.5945400869597532, 'f1_macro': 0.5556787349120426, 'f1_micro': 0.6856972732526576, 'f1_weighted': 0.6899322700568438, 'precision_macro': 0.5323156879166565, 'precision_micro': 0.6856972732526576, 'precision_weighted': 0.6979307697467708, 'recall_macro': 0.5945400869597532, 'recall_micro': 0.6856972732526576, 'recall_weighted': 0.6856972732526576}
-----------------------
Epoch 36/100
Training statistic: Loss: 1.0870, train_score: {'accuracy': 0.718605791393215, 'balanced_accuracy': 0.6232856702666733, 'f1_macro': 0.5880431358065051, 'f1_micro': 0.718605791393215, 'f1_weighted': 0.7217353436295473, 'precision_macro': 0.568622094215547, 'precision_micro': 0.718605791393215, 'precision_weighted': 0.7289704090167479, 'recall_macro': 0.6232856702666733, 'recall_micro': 0.718605791393215, 'recall_weighted': 0.718605791393215}
Validation statistic: Loss: 1.2551, dev_score: {'accuracy': 0.6805660146056987, 'balanced_accuracy': 0.5977002505693806, 'f1_macro': 0.5492664025401774, 'f1_micro': 0.6805660146056987, 'f1_weighted': 0.685108719710307, 'precision_macro': 0.5189809480637312, 'precision_micro': 0.6805660146056987, 'precision_weighted': 0.6947690532000811, 'recall_macro': 0.5977002505693806, 'recall_micro': 0.6805660146056987, 'recall_weighted': 0.6805660146056987}
-----------------------
Epoch 37/100
Training statistic: Loss: 1.0688, train_score: {'accuracy': 0.7220688340818132, 'balanced_accuracy': 0.6245963772335112, 'f1_macro': 0.5959804527311935, 'f1_micro': 0.7220688340818132, 'f1_weighted': 0.7248757359898857, 'precision_macro': 0.5788397017783484, 'precision_micro': 0.7220688340818132, 'precision_weighted': 0.7304066692078833, 'recall_macro': 0.6245963772335112, 'recall_micro': 0.7220688340818132, 'recall_weighted': 0.7220688340818132}
Validation statistic: Loss: 1.2399, dev_score: {'accuracy': 0.6853470166897252, 'balanced_accuracy': 0.6012827015468567, 'f1_macro': 0.5584699990233469, 'f1_micro': 0.6853470166897252, 'f1_weighted': 0.6894933818989194, 'precision_macro': 0.5303154701645318, 'precision_micro': 0.6853470166897252, 'precision_weighted': 0.6973981906073151, 'recall_macro': 0.6012827015468567, 'recall_micro': 0.6853470166897252, 'recall_weighted': 0.6853470166897252}
-----------------------
Epoch 38/100
Training statistic: Loss: 1.1014, train_score: {'accuracy': 0.7211257006308732, 'balanced_accuracy': 0.6261386819179592, 'f1_macro': 0.5939771448789938, 'f1_micro': 0.7211257006308732, 'f1_weighted': 0.7240439911460734, 'precision_macro': 0.5737280946173945, 'precision_micro': 0.7211257006308732, 'precision_weighted': 0.7300270089439359, 'recall_macro': 0.6261386819179592, 'recall_micro': 0.7211257006308732, 'recall_weighted': 0.7211257006308732}
Validation statistic: Loss: 1.2738, dev_score: {'accuracy': 0.6829827848899319, 'balanced_accuracy': 0.5980280200143903, 'f1_macro': 0.5523627560833974, 'f1_micro': 0.6829827848899319, 'f1_weighted': 0.6873390704909476, 'precision_macro': 0.5225889280364038, 'precision_micro': 0.6829827848899319, 'precision_weighted': 0.6958502520091266, 'recall_macro': 0.5980280200143903, 'recall_micro': 0.6829827848899319, 'recall_weighted': 0.6829827848899319}
-----------------------
Epoch 39/100
Training statistic: Loss: 1.1015, train_score: {'accuracy': 0.7226927030139548, 'balanced_accuracy': 0.6158982797374656, 'f1_macro': 0.5913334472639041, 'f1_micro': 0.7226927030139548, 'f1_weighted': 0.7247979102863005, 'precision_macro': 0.5842486445479204, 'precision_micro': 0.7226927030139548, 'precision_weighted': 0.7301503399578108, 'recall_macro': 0.6158982797374656, 'recall_micro': 0.7226927030139548, 'recall_weighted': 0.7226927030139548}
Validation statistic: Loss: 1.2771, dev_score: {'accuracy': 0.6856622475963643, 'balanced_accuracy': 0.5959013851003107, 'f1_macro': 0.5574648005072161, 'f1_micro': 0.6856622475963643, 'f1_weighted': 0.6892320916881961, 'precision_macro': 0.5354469467955354, 'precision_micro': 0.6856622475963643, 'precision_weighted': 0.6970221610973527, 'recall_macro': 0.5959013851003107, 'recall_micro': 0.6856622475963643, 'recall_weighted': 0.6856622475963643}
-----------------------
Epoch 40/100
Training statistic: Loss: 0.9994, train_score: {'accuracy': 0.7252484480649475, 'balanced_accuracy': 0.6227939477004828, 'f1_macro': 0.5974555131454824, 'f1_micro': 0.7252484480649475, 'f1_weighted': 0.7279183462492301, 'precision_macro': 0.5844653994328365, 'precision_micro': 0.7252484480649475, 'precision_weighted': 0.7330328044334735, 'recall_macro': 0.6227939477004828, 'recall_micro': 0.7252484480649475, 'recall_weighted': 0.7252484480649475}
Validation statistic: Loss: 1.1550, dev_score: {'accuracy': 0.6888670951471954, 'balanced_accuracy': 0.5987645129877219, 'f1_macro': 0.559583322101106, 'f1_micro': 0.6888670951471954, 'f1_weighted': 0.6928777902863964, 'precision_macro': 0.5344494023919879, 'precision_micro': 0.6888670951471954, 'precision_weighted': 0.7002092000997133, 'recall_macro': 0.5987645129877219, 'recall_micro': 0.6888670951471954, 'recall_weighted': 0.6888670951471954}
Saving model...
Model saved!
-------------------------------------------
-----------------------
Epoch 41/100
Training statistic: Loss: 1.0770, train_score: {'accuracy': 0.7235006377145873, 'balanced_accuracy': 0.6213227447591301, 'f1_macro': 0.5943634348378042, 'f1_micro': 0.7235006377145873, 'f1_weighted': 0.7263064161034711, 'precision_macro': 0.5804460380238787, 'precision_micro': 0.7235006377145873, 'precision_weighted': 0.7316785897921384, 'recall_macro': 0.6213227447591301, 'recall_micro': 0.7235006377145873, 'recall_weighted': 0.7235006377145873}
Validation statistic: Loss: 1.2420, dev_score: {'accuracy': 0.6871333251606802, 'balanced_accuracy': 0.5960221536719678, 'f1_macro': 0.5569261420361007, 'f1_micro': 0.6871333251606802, 'f1_weighted': 0.6912794752003303, 'precision_macro': 0.5316962067504987, 'precision_micro': 0.6871333251606802, 'precision_weighted': 0.6987152286577184, 'recall_macro': 0.5960221536719678, 'recall_micro': 0.6871333251606802, 'recall_weighted': 0.6871333251606802}
-----------------------
Epoch 42/100
Training statistic: Loss: 1.0593, train_score: {'accuracy': 0.7227089920200159, 'balanced_accuracy': 0.6215357188436774, 'f1_macro': 0.5925454413954313, 'f1_micro': 0.7227089920200159, 'f1_weighted': 0.7258964947101103, 'precision_macro': 0.5798046282497932, 'precision_micro': 0.7227089920200159, 'precision_weighted': 0.7322766721001744, 'recall_macro': 0.6215357188436774, 'recall_micro': 0.7227089920200159, 'recall_weighted': 0.7227089920200159}
Validation statistic: Loss: 1.2229, dev_score: {'accuracy': 0.684716554876447, 'balanced_accuracy': 0.5938436582619548, 'f1_macro': 0.5522151448925968, 'f1_micro': 0.684716554876447, 'f1_weighted': 0.6893890067691947, 'precision_macro': 0.5288118750757937, 'precision_micro': 0.684716554876447, 'precision_weighted': 0.6982398411774737, 'recall_macro': 0.5938436582619548, 'recall_micro': 0.684716554876447, 'recall_weighted': 0.684716554876447}
-----------------------
Epoch 43/100
Training statistic: Loss: 1.0724, train_score: {'accuracy': 0.7205344097108538, 'balanced_accuracy': 0.6196952447555948, 'f1_macro': 0.5900690665158409, 'f1_micro': 0.7205344097108538, 'f1_weighted': 0.7235279202446663, 'precision_macro': 0.579887061140327, 'precision_micro': 0.7205344097108538, 'precision_weighted': 0.7303975167949642, 'recall_macro': 0.6196952447555948, 'recall_micro': 0.7205344097108538, 'recall_weighted': 0.7205344097108538}
Validation statistic: Loss: 1.2367, dev_score: {'accuracy': 0.6807936813716047, 'balanced_accuracy': 0.5977332946846123, 'f1_macro': 0.5534333965827013, 'f1_micro': 0.6807936813716047, 'f1_weighted': 0.6853942393186856, 'precision_macro': 0.5301283436713728, 'precision_micro': 0.6807936813716047, 'precision_weighted': 0.695059966190336, 'recall_macro': 0.5977332946846123, 'recall_micro': 0.6807936813716047, 'recall_weighted': 0.6807936813716047}
-----------------------
Epoch 44/100
Training statistic: Loss: 1.0137, train_score: {'accuracy': 0.722151908012725, 'balanced_accuracy': 0.6275442758081182, 'f1_macro': 0.5924570732394641, 'f1_micro': 0.722151908012725, 'f1_weighted': 0.7255942007887717, 'precision_macro': 0.5757942828249778, 'precision_micro': 0.722151908012725, 'precision_weighted': 0.7330531382990795, 'recall_macro': 0.6275442758081182, 'recall_micro': 0.722151908012725, 'recall_weighted': 0.722151908012725}
Validation statistic: Loss: 1.1774, dev_score: {'accuracy': 0.6830178105462251, 'balanced_accuracy': 0.6015091562232541, 'f1_macro': 0.5524390463622889, 'f1_micro': 0.6830178105462251, 'f1_weighted': 0.6880500211398828, 'precision_macro': 0.5251216974247097, 'precision_micro': 0.6830178105462251, 'precision_weighted': 0.6984462799164943, 'recall_macro': 0.6015091562232541, 'recall_micro': 0.6830178105462251, 'recall_weighted': 0.6830178105462251}
-----------------------
Epoch 45/100
Training statistic: Loss: 1.0012, train_score: {'accuracy': 0.7239355541764197, 'balanced_accuracy': 0.6227827040436703, 'f1_macro': 0.594644462464119, 'f1_micro': 0.7239355541764197, 'f1_weighted': 0.7262208428720061, 'precision_macro': 0.5785162338653953, 'precision_micro': 0.7239355541764197, 'precision_weighted': 0.7317094444972665, 'recall_macro': 0.6227827040436703, 'recall_micro': 0.7239355541764197, 'recall_weighted': 0.7239355541764197}
Validation statistic: Loss: 1.1539, dev_score: {'accuracy': 0.6857498117370974, 'balanced_accuracy': 0.5986901228411473, 'f1_macro': 0.5556453454993112, 'f1_micro': 0.6857498117370974, 'f1_weighted': 0.6893619004053294, 'precision_macro': 0.5280298638840815, 'precision_micro': 0.6857498117370974, 'precision_weighted': 0.6972577399733717, 'recall_macro': 0.5986901228411473, 'recall_micro': 0.6857498117370974, 'recall_weighted': 0.6857498117370974}
Saving model...
Model saved!
-------------------------------------------
-----------------------
Epoch 46/100
Training statistic: Loss: 1.0379, train_score: {'accuracy': 0.7245952589218958, 'balanced_accuracy': 0.62922912377162, 'f1_macro': 0.5976858585791816, 'f1_micro': 0.7245952589218958, 'f1_weighted': 0.7275424267010762, 'precision_macro': 0.5780413253406799, 'precision_micro': 0.7245952589218958, 'precision_weighted': 0.7334304320321002, 'recall_macro': 0.62922912377162, 'recall_micro': 0.7245952589218958, 'recall_weighted': 0.7245952589218958}
Validation statistic: Loss: 1.1990, dev_score: {'accuracy': 0.6864853505192553, 'balanced_accuracy': 0.600937536813862, 'f1_macro': 0.5555890596932529, 'f1_micro': 0.6864853505192553, 'f1_weighted': 0.6910036498044544, 'precision_macro': 0.526134598519916, 'precision_micro': 0.6864853505192553, 'precision_weighted': 0.699505883647034, 'recall_macro': 0.600937536813862, 'recall_micro': 0.6864853505192553, 'recall_weighted': 0.6864853505192553}
-----------------------
Epoch 47/100
Training statistic: Loss: 1.0680, train_score: {'accuracy': 0.7251360539231256, 'balanced_accuracy': 0.6230409819662686, 'f1_macro': 0.5962670583764836, 'f1_micro': 0.7251360539231256, 'f1_weighted': 0.7273192079953582, 'precision_macro': 0.5786762994106824, 'precision_micro': 0.7251360539231256, 'precision_weighted': 0.7320847941862696, 'recall_macro': 0.6230409819662686, 'recall_micro': 0.7251360539231256, 'recall_weighted': 0.7251360539231256}
Validation statistic: Loss: 1.2297, dev_score: {'accuracy': 0.687098299504387, 'balanced_accuracy': 0.5934622255250018, 'f1_macro': 0.5524115616091205, 'f1_micro': 0.687098299504387, 'f1_weighted': 0.6906877768898763, 'precision_macro': 0.5236815874465147, 'precision_micro': 0.687098299504387, 'precision_weighted': 0.697788724944057, 'recall_macro': 0.5934622255250018, 'recall_micro': 0.687098299504387, 'recall_weighted': 0.687098299504387}
-----------------------
Epoch 48/100
Training statistic: Loss: 1.0326, train_score: {'accuracy': 0.7238492224442957, 'balanced_accuracy': 0.6222467790253391, 'f1_macro': 0.5929080134588431, 'f1_micro': 0.7238492224442957, 'f1_weighted': 0.7265661962710982, 'precision_macro': 0.5777633946240422, 'precision_micro': 0.7238492224442957, 'precision_weighted': 0.7323439328779238, 'recall_macro': 0.6222467790253391, 'recall_micro': 0.7238492224442957, 'recall_weighted': 0.7238492224442957}
Validation statistic: Loss: 1.2056, dev_score: {'accuracy': 0.6854871193148981, 'balanced_accuracy': 0.592737330332782, 'f1_macro': 0.5511551399783026, 'f1_micro': 0.6854871193148981, 'f1_weighted': 0.6894512974300017, 'precision_macro': 0.5246579700149205, 'precision_micro': 0.6854871193148981, 'precision_weighted': 0.6973521499998931, 'recall_macro': 0.592737330332782, 'recall_micro': 0.6854871193148981, 'recall_weighted': 0.6854871193148981}
-----------------------
Epoch 49/100
Training statistic: Loss: 1.0919, train_score: {'accuracy': 0.728129973237163, 'balanced_accuracy': 0.6276404488804721, 'f1_macro': 0.6010045105534144, 'f1_micro': 0.728129973237163, 'f1_weighted': 0.7307682222813011, 'precision_macro': 0.5842948325588245, 'precision_micro': 0.728129973237163, 'precision_weighted': 0.7357004997704606, 'recall_macro': 0.6276404488804721, 'recall_micro': 0.728129973237163, 'recall_weighted': 0.728129973237163}
Validation statistic: Loss: 1.2617, dev_score: {'accuracy': 0.6915990963380676, 'balanced_accuracy': 0.6020315091065667, 'f1_macro': 0.5622605797777537, 'f1_micro': 0.6915990963380676, 'f1_weighted': 0.695537261084386, 'precision_macro': 0.5348279318948685, 'precision_micro': 0.6915990963380676, 'precision_weighted': 0.702530071971523, 'recall_macro': 0.6020315091065667, 'recall_micro': 0.6915990963380676, 'recall_weighted': 0.6915990963380676}
-----------------------
Epoch 50/100
Training statistic: Loss: 1.0088, train_score: {'accuracy': 0.7235332157267096, 'balanced_accuracy': 0.6204645349278047, 'f1_macro': 0.5923292146167501, 'f1_micro': 0.7235332157267096, 'f1_weighted': 0.725753235788973, 'precision_macro': 0.5768208027361127, 'precision_micro': 0.7235332157267096, 'precision_weighted': 0.7310407416059622, 'recall_macro': 0.6204645349278047, 'recall_micro': 0.7235332157267096, 'recall_weighted': 0.7235332157267096}
Validation statistic: Loss: 1.1607, dev_score: {'accuracy': 0.6864678376911088, 'balanced_accuracy': 0.591166793079417, 'f1_macro': 0.5507780491251989, 'f1_micro': 0.6864678376911088, 'f1_weighted': 0.6899499375059657, 'precision_macro': 0.5241181905364914, 'precision_micro': 0.6864678376911088, 'precision_weighted': 0.6973974191137734, 'recall_macro': 0.591166793079417, 'recall_micro': 0.6864678376911088, 'recall_weighted': 0.6864678376911088}
-----------------------
Epoch 51/100
Training statistic: Loss: 1.0392, train_score: {'accuracy': 0.7228083549569889, 'balanced_accuracy': 0.6348816196454411, 'f1_macro': 0.598670119487873, 'f1_micro': 0.7228083549569889, 'f1_weighted': 0.7259360429141916, 'precision_macro': 0.5762579463020854, 'precision_micro': 0.7228083549569889, 'precision_weighted': 0.7326399339394388, 'recall_macro': 0.6348816196454411, 'recall_micro': 0.7228083549569889, 'recall_weighted': 0.7228083549569889}
Validation statistic: Loss: 1.2043, dev_score: {'accuracy': 0.6831404003432514, 'balanced_accuracy': 0.6083196665532797, 'f1_macro': 0.5577029007267125, 'f1_micro': 0.6831404003432514, 'f1_weighted': 0.687781220149786, 'precision_macro': 0.5251720513811693, 'precision_micro': 0.6831404003432514, 'precision_weighted': 0.697099811200777, 'recall_macro': 0.6083196665532797, 'recall_micro': 0.6831404003432514, 'recall_weighted': 0.6831404003432514}
-----------------------
Epoch 52/100
Training statistic: Loss: 0.9907, train_score: {'accuracy': 0.7203275393338774, 'balanced_accuracy': 0.6319674758685386, 'f1_macro': 0.5923100964609839, 'f1_micro': 0.7203275393338774, 'f1_weighted': 0.7236686915972949, 'precision_macro': 0.5718262393127542, 'precision_micro': 0.7203275393338774, 'precision_weighted': 0.7318939302046462, 'recall_macro': 0.6319674758685386, 'recall_micro': 0.7203275393338774, 'recall_weighted': 0.7203275393338774}
Validation statistic: Loss: 1.1431, dev_score: {'accuracy': 0.6821246563107476, 'balanced_accuracy': 0.6045702469826201, 'f1_macro': 0.5506932208414664, 'f1_micro': 0.6821246563107476, 'f1_weighted': 0.6871283987846417, 'precision_macro': 0.520057595398867, 'precision_micro': 0.6821246563107476, 'precision_weighted': 0.6983511647319507, 'recall_macro': 0.6045702469826201, 'recall_micro': 0.6821246563107476, 'recall_weighted': 0.6821246563107476}
Saving model...
Model saved!
-------------------------------------------
-----------------------
Epoch 53/100
Training statistic: Loss: 1.0611, train_score: {'accuracy': 0.7246946218588688, 'balanced_accuracy': 0.6300549081955416, 'f1_macro': 0.6008736388688601, 'f1_micro': 0.7246946218588688, 'f1_weighted': 0.7268583605658149, 'precision_macro': 0.5824189421285418, 'precision_micro': 0.7246946218588688, 'precision_weighted': 0.7319709847936465, 'recall_macro': 0.6300549081955416, 'recall_micro': 0.7246946218588688, 'recall_weighted': 0.7246946218588688}
Validation statistic: Loss: 1.2243, dev_score: {'accuracy': 0.6865203761755486, 'balanced_accuracy': 0.6010742648034333, 'f1_macro': 0.5574329540250198, 'f1_micro': 0.6865203761755486, 'f1_weighted': 0.6899472526363252, 'precision_macro': 0.5276404702854293, 'precision_micro': 0.6865203761755486, 'precision_weighted': 0.6974017343061175, 'recall_macro': 0.6010742648034333, 'recall_micro': 0.6865203761755486, 'recall_weighted': 0.6865203761755486}
-----------------------
Epoch 54/100
Training statistic: Loss: 1.0525, train_score: {'accuracy': 0.7233328609521575, 'balanced_accuracy': 0.6247374793316304, 'f1_macro': 0.5942649716981947, 'f1_micro': 0.7233328609521575, 'f1_weighted': 0.726371414933913, 'precision_macro': 0.5810717705520992, 'precision_micro': 0.7233328609521575, 'precision_weighted': 0.7327853620621911, 'recall_macro': 0.6247374793316304, 'recall_micro': 0.7233328609521575, 'recall_weighted': 0.7233328609521575}
Validation statistic: Loss: 1.2187, dev_score: {'accuracy': 0.6859424528467102, 'balanced_accuracy': 0.5997403415278294, 'f1_macro': 0.555912890489584, 'f1_micro': 0.6859424528467102, 'f1_weighted': 0.6904870531719093, 'precision_macro': 0.5301837619528246, 'precision_micro': 0.6859424528467102, 'precision_weighted': 0.6993168073238468, 'recall_macro': 0.5997403415278294, 'recall_micro': 0.6859424528467102, 'recall_weighted': 0.6859424528467102}
-----------------------
Epoch 55/100
Training statistic: Loss: 1.0062, train_score: {'accuracy': 0.727328554138955, 'balanced_accuracy': 0.5975672095388384, 'f1_macro': 0.5821026699845708, 'f1_micro': 0.727328554138955, 'f1_weighted': 0.7277035236203919, 'precision_macro': 0.5790614033127005, 'precision_micro': 0.727328554138955, 'precision_weighted': 0.7305868056131137, 'recall_macro': 0.5975672095388384, 'recall_micro': 0.727328554138955, 'recall_weighted': 0.727328554138955}
Validation statistic: Loss: 1.1614, dev_score: {'accuracy': 0.6900754802893119, 'balanced_accuracy': 0.5708446918816847, 'f1_macro': 0.5417096515506726, 'f1_micro': 0.6900754802893119, 'f1_weighted': 0.6916422219666777, 'precision_macro': 0.5231257207213591, 'precision_micro': 0.6900754802893119, 'precision_weighted': 0.6963901967320009, 'recall_macro': 0.5708446918816847, 'recall_micro': 0.6900754802893119, 'recall_weighted': 0.6900754802893119}
-----------------------
Epoch 56/100
Training statistic: Loss: 0.9903, train_score: {'accuracy': 0.7276787677692695, 'balanced_accuracy': 0.6325899154384632, 'f1_macro': 0.6020301462570389, 'f1_micro': 0.7276787677692695, 'f1_weighted': 0.730052905032988, 'precision_macro': 0.5852324871973363, 'precision_micro': 0.7276787677692695, 'precision_weighted': 0.735744700755223, 'recall_macro': 0.6325899154384632, 'recall_micro': 0.7276787677692695, 'recall_weighted': 0.7276787677692695}
Validation statistic: Loss: 1.1429, dev_score: {'accuracy': 0.6897077108982329, 'balanced_accuracy': 0.6053589618348643, 'f1_macro': 0.5610183959118493, 'f1_micro': 0.6897077108982329, 'f1_weighted': 0.6935135647910411, 'precision_macro': 0.5326383906162271, 'precision_micro': 0.6897077108982329, 'precision_weighted': 0.7017109882358739, 'recall_macro': 0.6053589618348643, 'recall_micro': 0.6897077108982329, 'recall_weighted': 0.6897077108982329}
Saving model...
Model saved!
-------------------------------------------
-----------------------
Epoch 57/100
Training statistic: Loss: 0.9969, train_score: {'accuracy': 0.7248656564225108, 'balanced_accuracy': 0.6312657813838277, 'f1_macro': 0.6020995573675983, 'f1_micro': 0.7248656564225108, 'f1_weighted': 0.7272280961309505, 'precision_macro': 0.5812020413388518, 'precision_micro': 0.7248656564225108, 'precision_weighted': 0.7319241841747564, 'recall_macro': 0.6312657813838277, 'recall_micro': 0.7248656564225108, 'recall_weighted': 0.7248656564225108}
Validation statistic: Loss: 1.1485, dev_score: {'accuracy': 0.6872559149577065, 'balanced_accuracy': 0.6065188353939612, 'f1_macro': 0.5603741960553383, 'f1_micro': 0.6872559149577065, 'f1_weighted': 0.690998227068616, 'precision_macro': 0.5288450343153351, 'precision_micro': 0.6872559149577065, 'precision_weighted': 0.6982953090397285, 'recall_macro': 0.6065188353939612, 'recall_micro': 0.6872559149577065, 'recall_weighted': 0.6872559149577065}
-----------------------
Epoch 58/100
Training statistic: Loss: 1.0115, train_score: {'accuracy': 0.726269768744981, 'balanced_accuracy': 0.6244828184555506, 'f1_macro': 0.5968532290669241, 'f1_micro': 0.726269768744981, 'f1_weighted': 0.7292591309316113, 'precision_macro': 0.5834598301952968, 'precision_micro': 0.726269768744981, 'precision_weighted': 0.7350199763652296, 'recall_macro': 0.6244828184555506, 'recall_micro': 0.726269768744981, 'recall_weighted': 0.726269768744981}
Validation statistic: Loss: 1.1687, dev_score: {'accuracy': 0.6884467872716765, 'balanced_accuracy': 0.6025745273590797, 'f1_macro': 0.5601695166314749, 'f1_micro': 0.6884467872716765, 'f1_weighted': 0.6928989455412892, 'precision_macro': 0.5335809744616798, 'precision_micro': 0.6884467872716765, 'precision_weighted': 0.7011296050148434, 'recall_macro': 0.6025745273590797, 'recall_micro': 0.6884467872716765, 'recall_weighted': 0.6884467872716765}
-----------------------
Epoch 59/100
Training statistic: Loss: 1.0361, train_score: {'accuracy': 0.723510411118224, 'balanced_accuracy': 0.6212257824102585, 'f1_macro': 0.5934738490806796, 'f1_micro': 0.723510411118224, 'f1_weighted': 0.7261437114557013, 'precision_macro': 0.578820841785808, 'precision_micro': 0.723510411118224, 'precision_weighted': 0.7317601096446154, 'recall_macro': 0.6212257824102585, 'recall_micro': 0.723510411118224, 'recall_weighted': 0.723510411118224}
Validation statistic: Loss: 1.1954, dev_score: {'accuracy': 0.685539657799338, 'balanced_accuracy': 0.5953590028198613, 'f1_macro': 0.5530046514893998, 'f1_micro': 0.685539657799338, 'f1_weighted': 0.6895738724959479, 'precision_macro': 0.5267661787481179, 'precision_micro': 0.685539657799338, 'precision_weighted': 0.6977183717755187, 'recall_macro': 0.5953590028198613, 'recall_micro': 0.685539657799338, 'recall_weighted': 0.685539657799338}
-----------------------
Epoch 60/100
Training statistic: Loss: 1.0415, train_score: {'accuracy': 0.725655673216476, 'balanced_accuracy': 0.6262549258396299, 'f1_macro': 0.6002764622981254, 'f1_micro': 0.725655673216476, 'f1_weighted': 0.727489490958874, 'precision_macro': 0.5844679394905563, 'precision_micro': 0.725655673216476, 'precision_weighted': 0.7321476841890604, 'recall_macro': 0.6262549258396299, 'recall_micro': 0.725655673216476, 'recall_weighted': 0.725655673216476}
Validation statistic: Loss: 1.2014, dev_score: {'accuracy': 0.6869932225355072, 'balanced_accuracy': 0.5993562658028935, 'f1_macro': 0.5579977811834894, 'f1_micro': 0.6869932225355072, 'f1_weighted': 0.6899871297728289, 'precision_macro': 0.5296392760764046, 'precision_micro': 0.6869932225355072, 'precision_weighted': 0.6969331971837376, 'recall_macro': 0.5993562658028935, 'recall_micro': 0.6869932225355072, 'recall_weighted': 0.6869932225355072}
-----------------------
Epoch 61/100
Training statistic: Loss: 1.0027, train_score: {'accuracy': 0.7233947591751899, 'balanced_accuracy': 0.6261067354931746, 'f1_macro': 0.5980876671834389, 'f1_micro': 0.7233947591751899, 'f1_weighted': 0.7254839861138477, 'precision_macro': 0.5808957259247479, 'precision_micro': 0.7233947591751899, 'precision_weighted': 0.7304856603751755, 'recall_macro': 0.6261067354931746, 'recall_micro': 0.7233947591751899, 'recall_weighted': 0.7233947591751899}
Validation statistic: Loss: 1.1558, dev_score: {'accuracy': 0.6846465035638605, 'balanced_accuracy': 0.6005940458368023, 'f1_macro': 0.5586381964340532, 'f1_micro': 0.6846465035638605, 'f1_weighted': 0.6879064435345499, 'precision_macro': 0.5296080103891879, 'precision_micro': 0.6846465035638605, 'precision_weighted': 0.695038054438502, 'recall_macro': 0.6005940458368023, 'recall_micro': 0.6846465035638605, 'recall_weighted': 0.6846465035638605}
-----------------------
Epoch 62/100
Training statistic: Loss: 0.9816, train_score: {'accuracy': 0.7280892507220101, 'balanced_accuracy': 0.6169548723441531, 'f1_macro': 0.5992468714129604, 'f1_micro': 0.7280892507220101, 'f1_weighted': 0.7293321385498295, 'precision_macro': 0.5996027249075954, 'precision_micro': 0.7280892507220101, 'precision_weighted': 0.733378308578728, 'recall_macro': 0.6169548723441531, 'recall_micro': 0.7280892507220101, 'recall_weighted': 0.7280892507220101}
Validation statistic: Loss: 1.1331, dev_score: {'accuracy': 0.6904782753366842, 'balanced_accuracy': 0.5935914508868559, 'f1_macro': 0.56259345575081, 'f1_micro': 0.6904782753366842, 'f1_weighted': 0.6928043159181404, 'precision_macro': 0.5458861602234383, 'precision_micro': 0.6904782753366842, 'precision_weighted': 0.6987285091433098, 'recall_macro': 0.5935914508868559, 'recall_micro': 0.6904782753366842, 'recall_weighted': 0.6904782753366842}
Saving model...
Model saved!
-------------------------------------------
-----------------------
Epoch 63/100
Training statistic: Loss: 1.0019, train_score: {'accuracy': 0.7285143937802059, 'balanced_accuracy': 0.6306551340559398, 'f1_macro': 0.6035692773571987, 'f1_micro': 0.7285143937802059, 'f1_weighted': 0.7309917434120489, 'precision_macro': 0.5875795746889304, 'precision_micro': 0.7285143937802059, 'precision_weighted': 0.7359071774973124, 'recall_macro': 0.6306551340559398, 'recall_micro': 0.7285143937802059, 'recall_weighted': 0.7285143937802059}
Validation statistic: Loss: 1.1552, dev_score: {'accuracy': 0.6913714295721616, 'balanced_accuracy': 0.6087154564596023, 'f1_macro': 0.5663336195431324, 'f1_micro': 0.6913714295721616, 'f1_weighted': 0.6951937758967228, 'precision_macro': 0.5377082978300963, 'precision_micro': 0.6913714295721616, 'precision_weighted': 0.7024637646918399, 'recall_macro': 0.6087154564596023, 'recall_micro': 0.6913714295721616, 'recall_weighted': 0.6913714295721616}
-----------------------
Epoch 64/100
Training statistic: Loss: 0.9219, train_score: {'accuracy': 0.7258104187740568, 'balanced_accuracy': 0.6276822968781695, 'f1_macro': 0.6012466917371869, 'f1_micro': 0.7258104187740568, 'f1_weighted': 0.7280883886453863, 'precision_macro': 0.5879188083966856, 'precision_micro': 0.7258104187740568, 'precision_weighted': 0.733097338385247, 'recall_macro': 0.6276822968781695, 'recall_micro': 0.7258104187740568, 'recall_weighted': 0.7258104187740568}
Validation statistic: Loss: 1.0605, dev_score: {'accuracy': 0.6877462741458118, 'balanced_accuracy': 0.6016432768974596, 'f1_macro': 0.5614151322129832, 'f1_micro': 0.6877462741458118, 'f1_weighted': 0.6914178865474393, 'precision_macro': 0.5345754509752739, 'precision_micro': 0.6877462741458118, 'precision_weighted': 0.6986249963430544, 'recall_macro': 0.6016432768974596, 'recall_micro': 0.6877462741458118, 'recall_weighted': 0.6877462741458118}
Saving model...
Model saved!
-------------------------------------------
-----------------------
Epoch 65/100
Training statistic: Loss: 0.9767, train_score: {'accuracy': 0.7260596405667923, 'balanced_accuracy': 0.633037493771039, 'f1_macro': 0.6058645176929677, 'f1_micro': 0.7260596405667923, 'f1_weighted': 0.7281450442678761, 'precision_macro': 0.5868347394525536, 'precision_micro': 0.7260596405667923, 'precision_weighted': 0.7324928523428599, 'recall_macro': 0.633037493771039, 'recall_micro': 0.7260596405667923, 'recall_weighted': 0.7260596405667923}
Validation statistic: Loss: 1.1248, dev_score: {'accuracy': 0.6892348645382743, 'balanced_accuracy': 0.6084939574293812, 'f1_macro': 0.5667548415146976, 'f1_micro': 0.6892348645382743, 'f1_weighted': 0.692453715963658, 'precision_macro': 0.5365518131915782, 'precision_micro': 0.6892348645382743, 'precision_weighted': 0.6987574905343821, 'recall_macro': 0.6084939574293812, 'recall_micro': 0.6892348645382743, 'recall_weighted': 0.6892348645382743}
-----------------------
Epoch 66/100
Training statistic: Loss: 0.9342, train_score: {'accuracy': 0.729387484505083, 'balanced_accuracy': 0.6250811226102521, 'f1_macro': 0.6031624238130825, 'f1_micro': 0.729387484505083, 'f1_weighted': 0.7304952479111985, 'precision_macro': 0.5891728014430603, 'precision_micro': 0.729387484505083, 'precision_weighted': 0.7340742826371257, 'recall_macro': 0.6250811226102521, 'recall_micro': 0.729387484505083, 'recall_weighted': 0.729387484505083}
Validation statistic: Loss: 1.0835, dev_score: {'accuracy': 0.6934904817779023, 'balanced_accuracy': 0.6053065208797863, 'f1_macro': 0.5682352422389652, 'f1_micro': 0.6934904817779023, 'f1_weighted': 0.6954146098267833, 'precision_macro': 0.5408559318599565, 'precision_micro': 0.6934904817779023, 'precision_weighted': 0.7006830730222825, 'recall_macro': 0.6053065208797863, 'recall_micro': 0.6934904817779023, 'recall_weighted': 0.6934904817779023}
-----------------------
Epoch 67/100
Training statistic: Loss: 0.9771, train_score: {'accuracy': 0.7253429243001022, 'balanced_accuracy': 0.6354308641511933, 'f1_macro': 0.6021886575809134, 'f1_micro': 0.7253429243001022, 'f1_weighted': 0.7281147133526699, 'precision_macro': 0.5804197408029331, 'precision_micro': 0.7253429243001022, 'precision_weighted': 0.7339433917267449, 'recall_macro': 0.6354308641511933, 'recall_micro': 0.7253429243001022, 'recall_weighted': 0.7253429243001022}
Validation statistic: Loss: 1.1333, dev_score: {'accuracy': 0.6868356070821877, 'balanced_accuracy': 0.6059256856164728, 'f1_macro': 0.5592634395356921, 'f1_micro': 0.6868356070821877, 'f1_weighted': 0.6910411745174334, 'precision_macro': 0.5282246542346546, 'precision_micro': 0.6868356070821877, 'precision_weighted': 0.6993438180581091, 'recall_macro': 0.6059256856164728, 'recall_micro': 0.6868356070821877, 'recall_weighted': 0.6868356070821877}
-----------------------
Epoch 68/100
Training statistic: Loss: 0.9259, train_score: {'accuracy': 0.725984711138911, 'balanced_accuracy': 0.6295442001801934, 'f1_macro': 0.602677113558723, 'f1_micro': 0.725984711138911, 'f1_weighted': 0.7275813189610597, 'precision_macro': 0.5848794636408476, 'precision_micro': 0.725984711138911, 'precision_weighted': 0.7322092413274667, 'recall_macro': 0.6295442001801934, 'recall_micro': 0.725984711138911, 'recall_weighted': 0.725984711138911}
Validation statistic: Loss: 1.0725, dev_score: {'accuracy': 0.6882541461620637, 'balanced_accuracy': 0.6016278897696937, 'f1_macro': 0.5594159264145963, 'f1_micro': 0.6882541461620637, 'f1_weighted': 0.691084797618657, 'precision_macro': 0.530651845224799, 'precision_micro': 0.6882541461620637, 'precision_weighted': 0.6981220984713316, 'recall_macro': 0.6016278897696937, 'recall_micro': 0.6882541461620637, 'recall_weighted': 0.6882541461620637}
-----------------------
Epoch 69/100
Training statistic: Loss: 0.9600, train_score: {'accuracy': 0.7307427298093697, 'balanced_accuracy': 0.6289959823386495, 'f1_macro': 0.6069976051757625, 'f1_micro': 0.7307427298093697, 'f1_weighted': 0.7325342910053367, 'precision_macro': 0.5964924781694023, 'precision_micro': 0.7307427298093697, 'precision_weighted': 0.7367729671488971, 'recall_macro': 0.6289959823386495, 'recall_micro': 0.7307427298093697, 'recall_weighted': 0.7307427298093697}
Validation statistic: Loss: 1.1107, dev_score: {'accuracy': 0.6935605330904888, 'balanced_accuracy': 0.6043145485169346, 'f1_macro': 0.5686140166973439, 'f1_micro': 0.6935605330904888, 'f1_weighted': 0.6964292957263909, 'precision_macro': 0.5453417537704107, 'precision_micro': 0.6935605330904888, 'precision_weighted': 0.7026676149706714, 'recall_macro': 0.6043145485169346, 'recall_micro': 0.6935605330904888, 'recall_weighted': 0.6935605330904888}
-----------------------
Epoch 70/100
Training statistic: Loss: 0.9862, train_score: {'accuracy': 0.7239306674746013, 'balanced_accuracy': 0.6339165910295025, 'f1_macro': 0.6014510262230512, 'f1_micro': 0.7239306674746013, 'f1_weighted': 0.7259193318953301, 'precision_macro': 0.5821032070574571, 'precision_micro': 0.7239306674746013, 'precision_weighted': 0.7318752998484016, 'recall_macro': 0.6339165910295025, 'recall_micro': 0.7239306674746013, 'recall_weighted': 0.7239306674746013}
Validation statistic: Loss: 1.1413, dev_score: {'accuracy': 0.6847340677045937, 'balanced_accuracy': 0.6051306409523746, 'f1_macro': 0.5591871354480779, 'f1_micro': 0.6847340677045937, 'f1_weighted': 0.6879550338649364, 'precision_macro': 0.5291821821255221, 'precision_micro': 0.6847340677045937, 'precision_weighted': 0.6961805077888945, 'recall_macro': 0.6051306409523746, 'recall_micro': 0.6847340677045937, 'recall_weighted': 0.6847340677045937}
-----------------------
Epoch 71/100
Training statistic: Loss: 0.9950, train_score: {'accuracy': 0.7274262881753218, 'balanced_accuracy': 0.6260520930447976, 'f1_macro': 0.600872152922267, 'f1_micro': 0.7274262881753218, 'f1_weighted': 0.7290125247199304, 'precision_macro': 0.58698895247221, 'precision_micro': 0.7274262881753218, 'precision_weighted': 0.7334362494123208, 'recall_macro': 0.6260520930447976, 'recall_micro': 0.7274262881753218, 'recall_weighted': 0.7274262881753218}
Validation statistic: Loss: 1.1483, dev_score: {'accuracy': 0.6894975569604735, 'balanced_accuracy': 0.6009551321214875, 'f1_macro': 0.5608028308490332, 'f1_micro': 0.6894975569604735, 'f1_weighted': 0.6923047003990795, 'precision_macro': 0.5337291327035685, 'precision_micro': 0.6894975569604735, 'precision_weighted': 0.6989082547482385, 'recall_macro': 0.6009551321214875, 'recall_micro': 0.6894975569604735, 'recall_weighted': 0.6894975569604735}
-----------------------
Epoch 72/100
Training statistic: Loss: 0.9340, train_score: {'accuracy': 0.7293141839778079, 'balanced_accuracy': 0.6094825653562495, 'f1_macro': 0.5919464780928728, 'f1_micro': 0.7293141839778079, 'f1_weighted': 0.7307101372209236, 'precision_macro': 0.5914224070756413, 'precision_micro': 0.7293141839778079, 'precision_weighted': 0.7345236976327718, 'recall_macro': 0.6094825653562495, 'recall_micro': 0.7293141839778079, 'recall_weighted': 0.7293141839778079}
Validation statistic: Loss: 1.0784, dev_score: {'accuracy': 0.6908810703840563, 'balanced_accuracy': 0.5851170388016035, 'f1_macro': 0.5559226029158045, 'f1_micro': 0.6908810703840563, 'f1_weighted': 0.693591573608626, 'precision_macro': 0.5389381340807843, 'precision_micro': 0.6908810703840563, 'precision_weighted': 0.6992221629464411, 'recall_macro': 0.5851170388016035, 'recall_micro': 0.6908810703840563, 'recall_weighted': 0.6908810703840563}
-----------------------
Epoch 73/100
Training statistic: Loss: 0.9728, train_score: {'accuracy': 0.7244551734697701, 'balanced_accuracy': 0.6244167592846964, 'f1_macro': 0.5976273311787181, 'f1_micro': 0.7244551734697701, 'f1_weighted': 0.7269546584051849, 'precision_macro': 0.5902708825727443, 'precision_micro': 0.7244551734697701, 'precision_weighted': 0.7326693143290218, 'recall_macro': 0.6244167592846964, 'recall_micro': 0.7244551734697701, 'recall_weighted': 0.7244551734697701}
Validation statistic: Loss: 1.1228, dev_score: {'accuracy': 0.6866254531444282, 'balanced_accuracy': 0.6062517915101377, 'f1_macro': 0.5657807099023854, 'f1_micro': 0.6866254531444282, 'f1_weighted': 0.690515465842083, 'precision_macro': 0.5428370817944167, 'precision_micro': 0.6866254531444282, 'precision_weighted': 0.6985586602942957, 'recall_macro': 0.6062517915101377, 'recall_micro': 0.6866254531444282, 'recall_weighted': 0.6866254531444282}
-----------------------
Epoch 74/100
Training statistic: Loss: 0.9778, train_score: {'accuracy': 0.7267388921195418, 'balanced_accuracy': 0.6297264437944945, 'f1_macro': 0.6046422823390243, 'f1_micro': 0.7267388921195418, 'f1_weighted': 0.7290457991210229, 'precision_macro': 0.5898692465674292, 'precision_micro': 0.7267388921195418, 'precision_weighted': 0.7335493396653167, 'recall_macro': 0.6297264437944945, 'recall_micro': 0.7267388921195418, 'recall_weighted': 0.7267388921195418}
Validation statistic: Loss: 1.1291, dev_score: {'accuracy': 0.6891122747412479, 'balanced_accuracy': 0.6088779391199346, 'f1_macro': 0.5689154586999898, 'f1_micro': 0.6891122747412479, 'f1_weighted': 0.6926346667271897, 'precision_macro': 0.5414889924132149, 'precision_micro': 0.6891122747412479, 'precision_weighted': 0.6992433425672995, 'recall_macro': 0.6088779391199346, 'recall_micro': 0.6891122747412479, 'recall_weighted': 0.6891122747412479}
-----------------------
Epoch 75/100
Training statistic: Loss: 0.9126, train_score: {'accuracy': 0.7266818805983277, 'balanced_accuracy': 0.628192432139257, 'f1_macro': 0.602869876099284, 'f1_micro': 0.7266818805983277, 'f1_weighted': 0.7287421488237208, 'precision_macro': 0.5848166034078297, 'precision_micro': 0.7266818805983277, 'precision_weighted': 0.7328016411914062, 'recall_macro': 0.628192432139257, 'recall_micro': 0.7266818805983277, 'recall_weighted': 0.7266818805983277}
Validation statistic: Loss: 1.0529, dev_score: {'accuracy': 0.6890422234286615, 'balanced_accuracy': 0.603304176400124, 'f1_macro': 0.5642482007957433, 'f1_micro': 0.6890422234286615, 'f1_weighted': 0.6920933761378907, 'precision_macro': 0.5354494922475775, 'precision_micro': 0.6890422234286615, 'precision_weighted': 0.6979663322916645, 'recall_macro': 0.603304176400124, 'recall_micro': 0.6890422234286615, 'recall_weighted': 0.6890422234286615}
Saving model...
Model saved!
-------------------------------------------
-----------------------
Epoch 76/100
Training statistic: Loss: 0.9259, train_score: {'accuracy': 0.7258462545873914, 'balanced_accuracy': 0.6401603648575663, 'f1_macro': 0.6055410268533229, 'f1_micro': 0.7258462545873914, 'f1_weighted': 0.7284160275606528, 'precision_macro': 0.5840570462464721, 'precision_micro': 0.7258462545873914, 'precision_weighted': 0.734468120314298, 'recall_macro': 0.6401603648575663, 'recall_micro': 0.7258462545873914, 'recall_weighted': 0.7258462545873914}
Validation statistic: Loss: 1.0684, dev_score: {'accuracy': 0.6866079403162817, 'balanced_accuracy': 0.6119567710277167, 'f1_macro': 0.5633528147176532, 'f1_micro': 0.6866079403162817, 'f1_weighted': 0.6904464068062335, 'precision_macro': 0.5315035113125937, 'precision_micro': 0.6866079403162817, 'precision_weighted': 0.6987739552469834, 'recall_macro': 0.6119567710277167, 'recall_micro': 0.6866079403162817, 'recall_weighted': 0.6866079403162817}
-----------------------
Epoch 77/100
Training statistic: Loss: 0.8955, train_score: {'accuracy': 0.7244714624758312, 'balanced_accuracy': 0.6354292288023151, 'f1_macro': 0.6022119299160861, 'f1_micro': 0.7244714624758312, 'f1_weighted': 0.727042713904295, 'precision_macro': 0.583411945241089, 'precision_micro': 0.7244714624758312, 'precision_weighted': 0.7329649003918878, 'recall_macro': 0.6354292288023151, 'recall_micro': 0.7244714624758312, 'recall_weighted': 0.7244714624758312}
Validation statistic: Loss: 1.0311, dev_score: {'accuracy': 0.6845064009386876, 'balanced_accuracy': 0.6068644638221771, 'f1_macro': 0.5590817203787221, 'f1_micro': 0.6845064009386876, 'f1_weighted': 0.6884556184172136, 'precision_macro': 0.5287488156762216, 'precision_micro': 0.6845064009386876, 'precision_weighted': 0.6969658877410493, 'recall_macro': 0.6068644638221771, 'recall_micro': 0.6845064009386876, 'recall_weighted': 0.6845064009386876}
Saving model...
Model saved!
-------------------------------------------
-----------------------
Epoch 78/100
Training statistic: Loss: 0.9564, train_score: {'accuracy': 0.7256149507013232, 'balanced_accuracy': 0.6258747369178677, 'f1_macro': 0.602251995567514, 'f1_micro': 0.7256149507013232, 'f1_weighted': 0.7271172846719878, 'precision_macro': 0.5889281376070049, 'precision_micro': 0.7256149507013232, 'precision_weighted': 0.7312404969202091, 'recall_macro': 0.6258747369178677, 'recall_micro': 0.7256149507013232, 'recall_weighted': 0.7256149507013232}
Validation statistic: Loss: 1.1090, dev_score: {'accuracy': 0.687553633036199, 'balanced_accuracy': 0.6002990549554729, 'f1_macro': 0.5623597036975149, 'f1_micro': 0.687553633036199, 'f1_weighted': 0.6902134732970724, 'precision_macro': 0.5360270353406132, 'precision_micro': 0.687553633036199, 'precision_weighted': 0.696387669390301, 'recall_macro': 0.6002990549554729, 'recall_micro': 0.687553633036199, 'recall_weighted': 0.687553633036199}
-----------------------
Epoch 79/100
Training statistic: Loss: 0.9277, train_score: {'accuracy': 0.7280224657971596, 'balanced_accuracy': 0.6224536264015057, 'f1_macro': 0.5977399107908307, 'f1_micro': 0.7280224657971596, 'f1_weighted': 0.7296097181883009, 'precision_macro': 0.589640308241129, 'precision_micro': 0.7280224657971596, 'precision_weighted': 0.7344570769785954, 'recall_macro': 0.6224536264015057, 'recall_micro': 0.7280224657971596, 'recall_weighted': 0.7280224657971596}
Validation statistic: Loss: 1.0716, dev_score: {'accuracy': 0.6886219155531427, 'balanced_accuracy': 0.5984274219627588, 'f1_macro': 0.5604464379117721, 'f1_micro': 0.6886219155531427, 'f1_weighted': 0.69139218877201, 'precision_macro': 0.5368985821401714, 'precision_micro': 0.6886219155531427, 'precision_weighted': 0.6981601712585689, 'recall_macro': 0.5984274219627588, 'recall_micro': 0.6886219155531427, 'recall_weighted': 0.6886219155531427}
-----------------------
Epoch 80/100
Training statistic: Loss: 0.9163, train_score: {'accuracy': 0.7265189905377164, 'balanced_accuracy': 0.6332115960618224, 'f1_macro': 0.6033022324535012, 'f1_micro': 0.7265189905377164, 'f1_weighted': 0.7285520865979869, 'precision_macro': 0.5843936919833185, 'precision_micro': 0.7265189905377164, 'precision_weighted': 0.7336238293958895, 'recall_macro': 0.6332115960618224, 'recall_micro': 0.7265189905377164, 'recall_weighted': 0.7265189905377164}
Validation statistic: Loss: 1.0544, dev_score: {'accuracy': 0.6875186073799058, 'balanced_accuracy': 0.6074306062475534, 'f1_macro': 0.5629245489210627, 'f1_micro': 0.6875186073799058, 'f1_weighted': 0.6907058741696144, 'precision_macro': 0.5323684643695247, 'precision_micro': 0.6875186073799058, 'precision_weighted': 0.6979638342711564, 'recall_macro': 0.6074306062475534, 'recall_micro': 0.6875186073799058, 'recall_weighted': 0.6875186073799058}
-----------------------
Epoch 81/100
Training statistic: Loss: 0.9342, train_score: {'accuracy': 0.7269457624965182, 'balanced_accuracy': 0.6257838241105376, 'f1_macro': 0.5952720120782924, 'f1_micro': 0.7269457624965182, 'f1_weighted': 0.7287684712605705, 'precision_macro': 0.5768557269435833, 'precision_micro': 0.7269457624965182, 'precision_weighted': 0.7343977259797799, 'recall_macro': 0.6257838241105376, 'recall_micro': 0.7269457624965182, 'recall_weighted': 0.7269457624965182}
Validation statistic: Loss: 1.0773, dev_score: {'accuracy': 0.6883241974746502, 'balanced_accuracy': 0.5982581866011063, 'f1_macro': 0.5541898616780095, 'f1_micro': 0.6883241974746502, 'f1_weighted': 0.6912821144537722, 'precision_macro': 0.525669852245939, 'precision_micro': 0.6883241974746502, 'precision_weighted': 0.6991976997692628, 'recall_macro': 0.5982581866011063, 'recall_micro': 0.6883241974746502, 'recall_weighted': 0.6883241974746502}
-----------------------
Epoch 82/100
Training statistic: Loss: 0.9241, train_score: {'accuracy': 0.724354181632191, 'balanced_accuracy': 0.6428579303942887, 'f1_macro': 0.6061028870202374, 'f1_micro': 0.724354181632191, 'f1_weighted': 0.7270309935001354, 'precision_macro': 0.5835247420160384, 'precision_micro': 0.724354181632191, 'precision_weighted': 0.7335858422244894, 'recall_macro': 0.6428579303942887, 'recall_micro': 0.724354181632191, 'recall_weighted': 0.724354181632191}
Validation statistic: Loss: 1.0634, dev_score: {'accuracy': 0.6863452478940825, 'balanced_accuracy': 0.6146468915145226, 'f1_macro': 0.5640190780328459, 'f1_micro': 0.6863452478940825, 'f1_weighted': 0.6902584709737263, 'precision_macro': 0.5313043770266378, 'precision_micro': 0.6863452478940825, 'precision_weighted': 0.6992652955368407, 'recall_macro': 0.6146468915145226, 'recall_micro': 0.6863452478940825, 'recall_weighted': 0.6863452478940825}
-----------------------
Epoch 83/100
Training statistic: Loss: 0.8940, train_score: {'accuracy': 0.7278123376189708, 'balanced_accuracy': 0.6356719562922618, 'f1_macro': 0.6062138702912853, 'f1_micro': 0.7278123376189708, 'f1_weighted': 0.7300824106793484, 'precision_macro': 0.5930467948730117, 'precision_micro': 0.7278123376189708, 'precision_weighted': 0.7358263538051162, 'recall_macro': 0.6356719562922618, 'recall_micro': 0.7278123376189708, 'recall_weighted': 0.7278123376189708}
Validation statistic: Loss: 1.0300, dev_score: {'accuracy': 0.6900754802893119, 'balanced_accuracy': 0.6133321949921602, 'f1_macro': 0.5693992737774375, 'f1_micro': 0.6900754802893119, 'f1_weighted': 0.6936609179724618, 'precision_macro': 0.5425136424377265, 'precision_micro': 0.6900754802893119, 'precision_weighted': 0.7017807966383428, 'recall_macro': 0.6133321949921602, 'recall_micro': 0.6900754802893119, 'recall_weighted': 0.6900754802893119}
Saving model...
Model saved!
-------------------------------------------
-----------------------
Epoch 84/100
Training statistic: Loss: 0.9330, train_score: {'accuracy': 0.7276315296516922, 'balanced_accuracy': 0.6323617778913535, 'f1_macro': 0.6017188236189815, 'f1_micro': 0.7276315296516922, 'f1_weighted': 0.7300683979548339, 'precision_macro': 0.5823700789570542, 'precision_micro': 0.7276315296516922, 'precision_weighted': 0.7353753880994253, 'recall_macro': 0.6323617778913535, 'recall_micro': 0.7276315296516922, 'recall_weighted': 0.7276315296516922}
Validation statistic: Loss: 1.0735, dev_score: {'accuracy': 0.689199838881981, 'balanced_accuracy': 0.6006506136176377, 'f1_macro': 0.5568772956759006, 'f1_micro': 0.689199838881981, 'f1_weighted': 0.692928875083619, 'precision_macro': 0.5272269870213712, 'precision_micro': 0.689199838881981, 'precision_weighted': 0.7004874961170615, 'recall_macro': 0.6006506136176377, 'recall_micro': 0.689199838881981, 'recall_weighted': 0.689199838881981}
-----------------------
Epoch 85/100
Training statistic: Loss: 0.8689, train_score: {'accuracy': 0.7265906621643854, 'balanced_accuracy': 0.6325164073325109, 'f1_macro': 0.6034807872982535, 'f1_micro': 0.7265906621643854, 'f1_weighted': 0.7292853810706782, 'precision_macro': 0.5926626333582717, 'precision_micro': 0.7265906621643854, 'precision_weighted': 0.7352676922496397, 'recall_macro': 0.6325164073325109, 'recall_micro': 0.7265906621643854, 'recall_weighted': 0.7265906621643854}
Validation statistic: Loss: 0.9979, dev_score: {'accuracy': 0.6883241974746502, 'balanced_accuracy': 0.6108987878727545, 'f1_macro': 0.5685703717781537, 'f1_micro': 0.6883241974746502, 'f1_weighted': 0.6923683082759697, 'precision_macro': 0.5436364725692749, 'precision_micro': 0.6883241974746502, 'precision_weighted': 0.7005702437736995, 'recall_macro': 0.6108987878727545, 'recall_micro': 0.6883241974746502, 'recall_weighted': 0.6883241974746502}
Saving model...
Model saved!
-------------------------------------------
-----------------------
Epoch 86/100
Training statistic: Loss: 0.8937, train_score: {'accuracy': 0.7273920812625935, 'balanced_accuracy': 0.6404982505826144, 'f1_macro': 0.6078389481818262, 'f1_micro': 0.7273920812625935, 'f1_weighted': 0.7301457553837706, 'precision_macro': 0.5884682529989943, 'precision_micro': 0.7273920812625935, 'precision_weighted': 0.7360492870578589, 'recall_macro': 0.6404982505826144, 'recall_micro': 0.7273920812625935, 'recall_weighted': 0.7273920812625935}
Validation statistic: Loss: 1.0251, dev_score: {'accuracy': 0.688744505350169, 'balanced_accuracy': 0.618147883232494, 'f1_macro': 0.5695192310730258, 'f1_micro': 0.688744505350169, 'f1_weighted': 0.6927744907783682, 'precision_macro': 0.5379726875313766, 'precision_micro': 0.688744505350169, 'precision_weighted': 0.7010343410165628, 'recall_macro': 0.618147883232494, 'recall_micro': 0.688744505350169, 'recall_weighted': 0.688744505350169}
-----------------------
Epoch 87/100
Training statistic: Loss: 0.9097, train_score: {'accuracy': 0.7231341350782117, 'balanced_accuracy': 0.6040246588340044, 'f1_macro': 0.5651280594024072, 'f1_micro': 0.7231341350782117, 'f1_weighted': 0.7249615717985296, 'precision_macro': 0.5797082701095629, 'precision_micro': 0.7231341350782117, 'precision_weighted': 0.732234736406559, 'recall_macro': 0.6040246588340044, 'recall_micro': 0.7231341350782117, 'recall_weighted': 0.7231341350782117}
Validation statistic: Loss: 1.0475, dev_score: {'accuracy': 0.6846289907357139, 'balanced_accuracy': 0.5803044068412836, 'f1_macro': 0.5363389670432807, 'f1_micro': 0.6846289907357139, 'f1_weighted': 0.6878626613278529, 'precision_macro': 0.5401806002064456, 'precision_micro': 0.6846289907357139, 'precision_weighted': 0.6973787762654822, 'recall_macro': 0.5803044068412836, 'recall_micro': 0.6846289907357139, 'recall_weighted': 0.6846289907357139}
-----------------------
Epoch 88/100
Training statistic: Loss: 0.8906, train_score: {'accuracy': 0.7274181436722913, 'balanced_accuracy': 0.6456832024839446, 'f1_macro': 0.6106789534207183, 'f1_micro': 0.7274181436722913, 'f1_weighted': 0.7297513177954724, 'precision_macro': 0.5889158519324912, 'precision_micro': 0.7274181436722913, 'precision_weighted': 0.7357701675445728, 'recall_macro': 0.6456832024839446, 'recall_micro': 0.7274181436722913, 'recall_weighted': 0.7274181436722913}
Validation statistic: Loss: 1.0224, dev_score: {'accuracy': 0.6887620181783156, 'balanced_accuracy': 0.6204334612489363, 'f1_macro': 0.5703898626835519, 'f1_micro': 0.6887620181783156, 'f1_weighted': 0.6923018953249124, 'precision_macro': 0.538219220957487, 'precision_micro': 0.6887620181783156, 'precision_weighted': 0.7007240152206861, 'recall_macro': 0.6204334612489363, 'recall_micro': 0.6887620181783156, 'recall_weighted': 0.6887620181783156}
-----------------------
Epoch 89/100
Training statistic: Loss: 0.9104, train_score: {'accuracy': 0.7257582939546612, 'balanced_accuracy': 0.6211560056655366, 'f1_macro': 0.5896798084157454, 'f1_micro': 0.7257582939546612, 'f1_weighted': 0.7280049091719893, 'precision_macro': 0.5897870311504482, 'precision_micro': 0.7257582939546612, 'precision_weighted': 0.7345972125724907, 'recall_macro': 0.6211560056655366, 'recall_micro': 0.7257582939546612, 'recall_weighted': 0.7257582939546612}
Validation statistic: Loss: 1.0490, dev_score: {'accuracy': 0.6879564280835713, 'balanced_accuracy': 0.6008544674132231, 'f1_macro': 0.5620089670809846, 'f1_micro': 0.6879564280835713, 'f1_weighted': 0.6914812201511734, 'precision_macro': 0.5511901522425523, 'precision_micro': 0.6879564280835713, 'precision_weighted': 0.7001243781243296, 'recall_macro': 0.6008544674132231, 'recall_micro': 0.6879564280835713, 'recall_weighted': 0.6879564280835713}
-----------------------
Epoch 90/100
Training statistic: Loss: 0.9326, train_score: {'accuracy': 0.7269441335959121, 'balanced_accuracy': 0.6323996297925322, 'f1_macro': 0.6068958457918981, 'f1_micro': 0.7269441335959121, 'f1_weighted': 0.729196429219598, 'precision_macro': 0.6005419513704965, 'precision_micro': 0.7269441335959121, 'precision_weighted': 0.7346851500141985, 'recall_macro': 0.6323996297925322, 'recall_micro': 0.7269441335959121, 'recall_weighted': 0.7269441335959121}
Validation statistic: Loss: 1.0744, dev_score: {'accuracy': 0.688604402724996, 'balanced_accuracy': 0.6088174263918773, 'f1_macro': 0.5699443142731282, 'f1_micro': 0.688604402724996, 'f1_weighted': 0.692080403629462, 'precision_macro': 0.5479217045289689, 'precision_micro': 0.688604402724996, 'precision_weighted': 0.6996607420541574, 'recall_macro': 0.6088174263918773, 'recall_micro': 0.688604402724996, 'recall_weighted': 0.688604402724996}
-----------------------
Epoch 91/100
Training statistic: Loss: 0.8739, train_score: {'accuracy': 0.7294689295353887, 'balanced_accuracy': 0.625062694280061, 'f1_macro': 0.6011894160453586, 'f1_micro': 0.7294689295353887, 'f1_weighted': 0.7316620145532201, 'precision_macro': 0.5890538499211788, 'precision_micro': 0.7294689295353887, 'precision_weighted': 0.736147960509565, 'recall_macro': 0.625062694280061, 'recall_micro': 0.7294689295353887, 'recall_weighted': 0.7294689295353887}
Validation statistic: Loss: 1.0021, dev_score: {'accuracy': 0.6923696607765188, 'balanced_accuracy': 0.6001940298688145, 'f1_macro': 0.5635102239621429, 'f1_micro': 0.6923696607765188, 'f1_weighted': 0.6956517998660892, 'precision_macro': 0.5382355401148935, 'precision_micro': 0.6923696607765188, 'precision_weighted': 0.7018748527616896, 'recall_macro': 0.6001940298688145, 'recall_micro': 0.6923696607765188, 'recall_weighted': 0.6923696607765188}
-----------------------
Epoch 92/100
Training statistic: Loss: 0.9161, train_score: {'accuracy': 0.7256442709122332, 'balanced_accuracy': 0.6389162815349885, 'f1_macro': 0.6047325504604141, 'f1_micro': 0.7256442709122332, 'f1_weighted': 0.7278870260012847, 'precision_macro': 0.5826757487859081, 'precision_micro': 0.7256442709122332, 'precision_weighted': 0.7335605546907068, 'recall_macro': 0.6389162815349885, 'recall_micro': 0.7256442709122332, 'recall_weighted': 0.7256442709122332}
Validation statistic: Loss: 1.0562, dev_score: {'accuracy': 0.6872559149577065, 'balanced_accuracy': 0.610739999593111, 'f1_macro': 0.5625530337012906, 'f1_micro': 0.6872559149577065, 'f1_weighted': 0.6906489400772831, 'precision_macro': 0.5298429665806302, 'precision_micro': 0.6872559149577065, 'precision_weighted': 0.6985296459571062, 'recall_macro': 0.610739999593111, 'recall_micro': 0.6872559149577065, 'recall_weighted': 0.6872559149577065}
-----------------------
Epoch 93/100
Training statistic: Loss: 0.9223, train_score: {'accuracy': 0.7290372708747684, 'balanced_accuracy': 0.6368826778776134, 'f1_macro': 0.6091535810222933, 'f1_micro': 0.7290372708747684, 'f1_weighted': 0.7311542506993556, 'precision_macro': 0.5928052976133215, 'precision_micro': 0.7290372708747684, 'precision_weighted': 0.7359136922913485, 'recall_macro': 0.6368826778776134, 'recall_micro': 0.7290372708747684, 'recall_weighted': 0.7290372708747684}
Validation statistic: Loss: 1.0607, dev_score: {'accuracy': 0.6912838654314285, 'balanced_accuracy': 0.6074777273580967, 'f1_macro': 0.5664093133805359, 'f1_micro': 0.6912838654314285, 'f1_weighted': 0.6945293766713028, 'precision_macro': 0.5388171778860426, 'precision_micro': 0.6912838654314285, 'precision_weighted': 0.7013405245330824, 'recall_macro': 0.6074777273580967, 'recall_micro': 0.6912838654314285, 'recall_weighted': 0.6912838654314285}
-----------------------
Epoch 94/100
Training statistic: Loss: 0.9253, train_score: {'accuracy': 0.7287538421693047, 'balanced_accuracy': 0.6407712916657268, 'f1_macro': 0.6104192754718536, 'f1_micro': 0.7287538421693047, 'f1_weighted': 0.7303346476669741, 'precision_macro': 0.592159528245627, 'precision_micro': 0.7287538421693047, 'precision_weighted': 0.7356064652221045, 'recall_macro': 0.6407712916657268, 'recall_micro': 0.7287538421693047, 'recall_weighted': 0.7287538421693047}
Validation statistic: Loss: 1.0659, dev_score: {'accuracy': 0.6903206598833646, 'balanced_accuracy': 0.6122362724880663, 'f1_macro': 0.5673223647527731, 'f1_micro': 0.6903206598833646, 'f1_weighted': 0.6928249218447798, 'precision_macro': 0.5371041454095093, 'precision_micro': 0.6903206598833646, 'precision_weighted': 0.7002339403445362, 'recall_macro': 0.6122362724880663, 'recall_micro': 0.6903206598833646, 'recall_weighted': 0.6903206598833646}
-----------------------
Epoch 95/100
Training statistic: Loss: 0.8648, train_score: {'accuracy': 0.7279100716553376, 'balanced_accuracy': 0.6306268420427984, 'f1_macro': 0.6042552170647593, 'f1_micro': 0.7279100716553376, 'f1_weighted': 0.7299200581839099, 'precision_macro': 0.5912193040715822, 'precision_micro': 0.7279100716553376, 'precision_weighted': 0.734691059398351, 'recall_macro': 0.6306268420427984, 'recall_micro': 0.7279100716553376, 'recall_weighted': 0.7279100716553376}
Validation statistic: Loss: 0.9917, dev_score: {'accuracy': 0.6892348645382743, 'balanced_accuracy': 0.605759067259619, 'f1_macro': 0.5654316115730967, 'f1_micro': 0.6892348645382743, 'f1_weighted': 0.6923947883780409, 'precision_macro': 0.5390398981374391, 'precision_micro': 0.6892348645382743, 'precision_weighted': 0.6991388177953467, 'recall_macro': 0.605759067259619, 'recall_micro': 0.6892348645382743, 'recall_weighted': 0.6892348645382743}
Saving model...
Model saved!
-------------------------------------------
-----------------------
Epoch 96/100
Training statistic: Loss: 0.8740, train_score: {'accuracy': 0.7306059021584562, 'balanced_accuracy': 0.6295583069543237, 'f1_macro': 0.6096603099344715, 'f1_micro': 0.7306059021584562, 'f1_weighted': 0.7320566672458612, 'precision_macro': 0.6058252732397517, 'precision_micro': 0.7306059021584562, 'precision_weighted': 0.7364572945018688, 'recall_macro': 0.6295583069543237, 'recall_micro': 0.7306059021584562, 'recall_weighted': 0.7306059021584562}
Validation statistic: Loss: 1.0070, dev_score: {'accuracy': 0.6931927636994099, 'balanced_accuracy': 0.6068237068939739, 'f1_macro': 0.5746305055821956, 'f1_micro': 0.6931927636994099, 'f1_weighted': 0.6956191509010868, 'precision_macro': 0.5546176327698136, 'precision_micro': 0.6931927636994099, 'precision_weighted': 0.7014339578837829, 'recall_macro': 0.6068237068939739, 'recall_micro': 0.6931927636994099, 'recall_weighted': 0.6931927636994099}
-----------------------
Epoch 97/100
Training statistic: Loss: 0.8756, train_score: {'accuracy': 0.7265678575558998, 'balanced_accuracy': 0.6347703872802396, 'f1_macro': 0.6051737382824688, 'f1_micro': 0.7265678575558998, 'f1_weighted': 0.7284385824711246, 'precision_macro': 0.590244192506098, 'precision_micro': 0.7265678575558998, 'precision_weighted': 0.733909721943203, 'recall_macro': 0.6347703872802396, 'recall_micro': 0.7265678575558998, 'recall_weighted': 0.7265678575558998}
Validation statistic: Loss: 1.0037, dev_score: {'accuracy': 0.6882191205057705, 'balanced_accuracy': 0.6113347401213571, 'f1_macro': 0.5671615039604366, 'f1_micro': 0.6882191205057705, 'f1_weighted': 0.6911350907559104, 'precision_macro': 0.537981889724399, 'precision_micro': 0.6882191205057705, 'precision_weighted': 0.6984842618026774, 'recall_macro': 0.6113347401213571, 'recall_micro': 0.6882191205057705, 'recall_weighted': 0.6882191205057705}
-----------------------
Epoch 98/100
Training statistic: Loss: 0.9296, train_score: {'accuracy': 0.7267828724359068, 'balanced_accuracy': 0.6377289190661559, 'f1_macro': 0.6077354284863523, 'f1_micro': 0.7267828724359068, 'f1_weighted': 0.7289009034001027, 'precision_macro': 0.5891067752907707, 'precision_micro': 0.7267828724359068, 'precision_weighted': 0.733972593095015, 'recall_macro': 0.6377289190661559, 'recall_micro': 0.7267828724359068, 'recall_weighted': 0.7267828724359068}
Validation statistic: Loss: 1.0716, dev_score: {'accuracy': 0.687921402427278, 'balanced_accuracy': 0.6143228056742505, 'f1_macro': 0.5702858883465705, 'f1_micro': 0.687921402427278, 'f1_weighted': 0.6910596638083084, 'precision_macro': 0.5400229434409632, 'precision_micro': 0.687921402427278, 'precision_weighted': 0.6979345028087052, 'recall_macro': 0.6143228056742505, 'recall_micro': 0.687921402427278, 'recall_weighted': 0.687921402427278}
-----------------------
Epoch 99/100
Training statistic: Loss: 0.9004, train_score: {'accuracy': 0.7255644547825336, 'balanced_accuracy': 0.6501589729834291, 'f1_macro': 0.6094572900308336, 'f1_micro': 0.7255644547825336, 'f1_weighted': 0.7285323905821399, 'precision_macro': 0.5834861170617113, 'precision_micro': 0.7255644547825336, 'precision_weighted': 0.7354065907812484, 'recall_macro': 0.6501589729834291, 'recall_micro': 0.7255644547825336, 'recall_weighted': 0.7255644547825336}
Validation statistic: Loss: 1.0341, dev_score: {'accuracy': 0.6887094796938757, 'balanced_accuracy': 0.6261036926804481, 'f1_macro': 0.571842282105653, 'f1_micro': 0.6887094796938757, 'f1_weighted': 0.6926899596876747, 'precision_macro': 0.5368581661173752, 'precision_micro': 0.6887094796938757, 'precision_weighted': 0.7015486832803045, 'recall_macro': 0.6261036926804481, 'recall_micro': 0.6887094796938757, 'recall_weighted': 0.6887094796938757}
-----------------------
Epoch 100/100
Training statistic: Loss: 0.8748, train_score: {'accuracy': 0.7322543495718434, 'balanced_accuracy': 0.634631850118092, 'f1_macro': 0.6083608375434837, 'f1_micro': 0.7322543495718434, 'f1_weighted': 0.7335981507607242, 'precision_macro': 0.5919717055921572, 'precision_micro': 0.7322543495718434, 'precision_weighted': 0.7380189969055175, 'recall_macro': 0.634631850118092, 'recall_micro': 0.7322543495718434, 'recall_weighted': 0.7322543495718434}
Validation statistic: Loss: 1.0061, dev_score: {'accuracy': 0.6954344057021768, 'balanced_accuracy': 0.6057965093054909, 'f1_macro': 0.5657599378435098, 'f1_micro': 0.6954344057021768, 'f1_weighted': 0.6977430596241244, 'precision_macro': 0.5379143840499581, 'precision_micro': 0.6954344057021768, 'precision_weighted': 0.7040236437978457, 'recall_macro': 0.6057965093054909, 'recall_micro': 0.6954344057021768, 'recall_weighted': 0.6954344057021768}
Testing statistic: loss: 0.9797409906387329, scores: {'accuracy': 0.6933, 'balanced_accuracy': 0.5942720633612277, 'f1_macro': 0.5504051315271808, 'f1_micro': 0.6933, 'f1_weighted': 0.6965210600216731, 'precision_macro': 0.52101748760557, 'precision_micro': 0.6933, 'precision_weighted': 0.7036634061120867, 'recall_macro': 0.5942720633612277, 'recall_micro': 0.6933, 'recall_weighted': 0.6933}
Finish training!
