=====Setting up data=====
Dataset name:covertype
train_option:synthetic
augment_option:rf
mix_ratio:-1
n_sample:-1
Training dataset size: 100096 samples
Validation dataset size: 57216 samples

=====Setting up parameters for training=====
num_epochs: 100
learning_rate: 0.001
patience: 30
early_stop_criterion: loss
=====Setting up trainer=====
input_size: 98
model: DNN_Covertype
----------------------------------------------------------------
        Layer (type)               Output Shape         Param #
================================================================
            Linear-1                  [-1, 150]          14,850
              ReLU-2                  [-1, 150]               0
           Dropout-3                  [-1, 150]               0
            Linear-4                  [-1, 250]          37,750
              ReLU-5                  [-1, 250]               0
           Dropout-6                  [-1, 250]               0
            Linear-7                  [-1, 300]          75,300
              ReLU-8                  [-1, 300]               0
           Dropout-9                  [-1, 300]               0
           Linear-10                  [-1, 250]          75,250
             ReLU-11                  [-1, 250]               0
          Dropout-12                  [-1, 250]               0
           Linear-13                  [-1, 150]          37,650
             ReLU-14                  [-1, 150]               0
          Dropout-15                  [-1, 150]               0
           Linear-16                    [-1, 7]           1,057
================================================================
Total params: 241,857
Trainable params: 241,857
Non-trainable params: 0
----------------------------------------------------------------
Input size (MB): 0.00
Forward/backward pass size (MB): 0.03
Params size (MB): 0.92
Estimated Total Size (MB): 0.95
----------------------------------------------------------------
=====Setting up output files=====
weight_dir, weight_file: /home/thuy/Research/minh_data_synth/TabularDA/output/corrected_v2/covertype/weight/, covertype_seed42_ctgan_xonly_rf_synthetic.weights.pth
acc_dir, acc_file: /home/thuy/Research/minh_data_synth/TabularDA/output/corrected_v2/covertype/acc/, covertype_seed42_ctgan_xonly_rf_synthetic.epochs.csv
report_file: covertype_seed42_ctgan_xonly_rf_synthetic.report.txt
==========================================================================================
Start training...
-----------------------
Epoch 1/100
Training statistic: Loss: 0.3602, train_score: {'accuracy': 0.85332, 'balanced_accuracy': 0.4903040512502762, 'f1_macro': 0.4868466603860299, 'f1_micro': 0.85332, 'f1_weighted': 0.8424704123187606, 'precision_macro': 0.6213783102105167, 'precision_micro': 0.85332, 'precision_weighted': 0.8481948989737341, 'recall_macro': 0.4903040512502762, 'recall_micro': 0.85332, 'recall_weighted': 0.85332}
Validation statistic: Loss: 0.8352, dev_score: {'accuracy': 0.7276404966638063, 'balanced_accuracy': 0.4189465176235118, 'f1_macro': 0.40777649521057235, 'f1_micro': 0.7276404966638063, 'f1_weighted': 0.7071778122320058, 'precision_macro': 0.5327350840256357, 'precision_micro': 0.7276404966638063, 'precision_weighted': 0.7187945014275753, 'recall_macro': 0.4189465176235118, 'recall_micro': 0.7276404966638063, 'recall_weighted': 0.7276404966638063}
Saving model...
Model saved!
-------------------------------------------
-----------------------
Epoch 2/100
Training statistic: Loss: 0.3377, train_score: {'accuracy': 0.85833, 'balanced_accuracy': 0.48003021597392076, 'f1_macro': 0.5081559938453003, 'f1_micro': 0.85833, 'f1_weighted': 0.8492313606804404, 'precision_macro': 0.6551516145148352, 'precision_micro': 0.85833, 'precision_weighted': 0.8522374722741003, 'recall_macro': 0.48003021597392076, 'recall_micro': 0.85833, 'recall_weighted': 0.85833}
Validation statistic: Loss: 0.8474, dev_score: {'accuracy': 0.7295669077599342, 'balanced_accuracy': 0.41888357621302724, 'f1_macro': 0.42278204723969226, 'f1_micro': 0.7295669077599342, 'f1_weighted': 0.7118261349850955, 'precision_macro': 0.48715608125750837, 'precision_micro': 0.7295669077599342, 'precision_weighted': 0.7110664802416259, 'recall_macro': 0.41888357621302724, 'recall_micro': 0.7295669077599342, 'recall_weighted': 0.7295669077599342}
-----------------------
Epoch 3/100
Training statistic: Loss: 0.3107, train_score: {'accuracy': 0.86931, 'balanced_accuracy': 0.5383771352660406, 'f1_macro': 0.5651866066493018, 'f1_micro': 0.86931, 'f1_weighted': 0.8627769431061614, 'precision_macro': 0.6621359699038588, 'precision_micro': 0.86931, 'precision_weighted': 0.8640525717718718, 'recall_macro': 0.5383771352660406, 'recall_micro': 0.86931, 'recall_weighted': 0.86931}
Validation statistic: Loss: 0.8216, dev_score: {'accuracy': 0.7359415772053028, 'balanced_accuracy': 0.44254467047504475, 'f1_macro': 0.44878112641796314, 'f1_micro': 0.7359415772053028, 'f1_weighted': 0.7205595326870448, 'precision_macro': 0.5963706065750632, 'precision_micro': 0.7359415772053028, 'precision_weighted': 0.7208406510059064, 'recall_macro': 0.44254467047504475, 'recall_micro': 0.7359415772053028, 'recall_weighted': 0.7359415772053028}
Saving model...
Model saved!
-------------------------------------------
-----------------------
Epoch 4/100
Training statistic: Loss: 0.2926, train_score: {'accuracy': 0.87744, 'balanced_accuracy': 0.555180232376389, 'f1_macro': 0.5785768061900116, 'f1_micro': 0.87744, 'f1_weighted': 0.8712363533440829, 'precision_macro': 0.6619382979053398, 'precision_micro': 0.87744, 'precision_weighted': 0.8727867757004278, 'recall_macro': 0.555180232376389, 'recall_micro': 0.87744, 'recall_weighted': 0.87744}
Validation statistic: Loss: 0.8136, dev_score: {'accuracy': 0.7403723227263971, 'balanced_accuracy': 0.4616726964526513, 'f1_macro': 0.4706097844209559, 'f1_micro': 0.7403723227263971, 'f1_weighted': 0.7260803730811995, 'precision_macro': 0.6085227427277727, 'precision_micro': 0.7403723227263971, 'precision_weighted': 0.7262098963733783, 'recall_macro': 0.4616726964526513, 'recall_micro': 0.7403723227263971, 'recall_weighted': 0.7403723227263971}
Saving model...
Model saved!
-------------------------------------------
-----------------------
Epoch 5/100
Training statistic: Loss: 0.2843, train_score: {'accuracy': 0.88098, 'balanced_accuracy': 0.5583941025584392, 'f1_macro': 0.5867349021068764, 'f1_micro': 0.88098, 'f1_weighted': 0.8747224838837481, 'precision_macro': 0.6804131489820514, 'precision_micro': 0.88098, 'precision_weighted': 0.8764622969369014, 'recall_macro': 0.5583941025584392, 'recall_micro': 0.88098, 'recall_weighted': 0.88098}
Validation statistic: Loss: 0.8097, dev_score: {'accuracy': 0.7463967356088335, 'balanced_accuracy': 0.44731994876768344, 'f1_macro': 0.4585079670742579, 'f1_micro': 0.7463967356088335, 'f1_weighted': 0.7316924645301544, 'precision_macro': 0.6152679173175006, 'precision_micro': 0.7463967356088335, 'precision_weighted': 0.7319306785368659, 'recall_macro': 0.44731994876768344, 'recall_micro': 0.7463967356088335, 'recall_weighted': 0.7463967356088335}
Saving model...
Model saved!
-------------------------------------------
-----------------------
Epoch 6/100
Training statistic: Loss: 0.2668, train_score: {'accuracy': 0.89192, 'balanced_accuracy': 0.6013269521284045, 'f1_macro': 0.6237317511223077, 'f1_micro': 0.89192, 'f1_weighted': 0.8876975444517636, 'precision_macro': 0.6795658287450141, 'precision_micro': 0.89192, 'precision_weighted': 0.8880967490968051, 'recall_macro': 0.6013269521284045, 'recall_micro': 0.89192, 'recall_weighted': 0.89192}
Validation statistic: Loss: 0.7943, dev_score: {'accuracy': 0.753419379695627, 'balanced_accuracy': 0.4795025898668857, 'f1_macro': 0.4917395988577161, 'f1_micro': 0.753419379695627, 'f1_weighted': 0.7409163005759202, 'precision_macro': 0.5846255163412358, 'precision_micro': 0.753419379695627, 'precision_weighted': 0.7383379962369572, 'recall_macro': 0.4795025898668857, 'recall_micro': 0.753419379695627, 'recall_weighted': 0.753419379695627}
Saving model...
Model saved!
-------------------------------------------
-----------------------
Epoch 7/100
Training statistic: Loss: 0.2564, train_score: {'accuracy': 0.89526, 'balanced_accuracy': 0.5902067333371274, 'f1_macro': 0.6192074091452555, 'f1_micro': 0.89526, 'f1_weighted': 0.89062699836894, 'precision_macro': 0.6885684917812561, 'precision_micro': 0.89526, 'precision_weighted': 0.8907719629589103, 'recall_macro': 0.5902067333371274, 'recall_micro': 0.89526, 'recall_weighted': 0.89526}
Validation statistic: Loss: 0.8193, dev_score: {'accuracy': 0.7591460744995709, 'balanced_accuracy': 0.49284318550322304, 'f1_macro': 0.518283612939374, 'f1_micro': 0.7591460744995709, 'f1_weighted': 0.7469284228694094, 'precision_macro': 0.6024547287937407, 'precision_micro': 0.7591460744995709, 'precision_weighted': 0.7441526569888185, 'recall_macro': 0.49284318550322304, 'recall_micro': 0.7591460744995709, 'recall_weighted': 0.7591460744995709}
-----------------------
Epoch 8/100
Training statistic: Loss: 0.2486, train_score: {'accuracy': 0.8985, 'balanced_accuracy': 0.6175881462114642, 'f1_macro': 0.6389658430384859, 'f1_micro': 0.8985, 'f1_weighted': 0.8950443493061587, 'precision_macro': 0.6849730274706846, 'precision_micro': 0.8985, 'precision_weighted': 0.8945422464147683, 'recall_macro': 0.6175881462114642, 'recall_micro': 0.8985, 'recall_weighted': 0.8985}
Validation statistic: Loss: 0.8476, dev_score: {'accuracy': 0.7601092800476349, 'balanced_accuracy': 0.4894609988302737, 'f1_macro': 0.5074516033319484, 'f1_micro': 0.7601092800476349, 'f1_weighted': 0.7477633116083301, 'precision_macro': 0.6027586478000522, 'precision_micro': 0.7601092800476349, 'precision_weighted': 0.7450462516150528, 'recall_macro': 0.4894609988302737, 'recall_micro': 0.7601092800476349, 'recall_weighted': 0.7601092800476349}
-----------------------
Epoch 9/100
Training statistic: Loss: 0.2411, train_score: {'accuracy': 0.90117, 'balanced_accuracy': 0.6211150605977895, 'f1_macro': 0.6469023754087303, 'f1_micro': 0.90117, 'f1_weighted': 0.8983780862053143, 'precision_macro': 0.689957675136655, 'precision_micro': 0.90117, 'precision_weighted': 0.8973764449281177, 'recall_macro': 0.6211150605977895, 'recall_micro': 0.90117, 'recall_weighted': 0.90117}
Validation statistic: Loss: 0.8217, dev_score: {'accuracy': 0.7642948459746765, 'balanced_accuracy': 0.4900771772153562, 'f1_macro': 0.5116576989022695, 'f1_micro': 0.7642948459746765, 'f1_weighted': 0.753093138388244, 'precision_macro': 0.6109536768266882, 'precision_micro': 0.7642948459746765, 'precision_weighted': 0.7497893562004001, 'recall_macro': 0.4900771772153562, 'recall_micro': 0.7642948459746765, 'recall_weighted': 0.7642948459746765}
-----------------------
Epoch 10/100
Training statistic: Loss: 0.2339, train_score: {'accuracy': 0.9051, 'balanced_accuracy': 0.6178838661970811, 'f1_macro': 0.6461533087687724, 'f1_micro': 0.9051, 'f1_weighted': 0.9016862757216764, 'precision_macro': 0.6999759608769639, 'precision_micro': 0.9051, 'precision_weighted': 0.9012359636804239, 'recall_macro': 0.6178838661970811, 'recall_micro': 0.9051, 'recall_weighted': 0.9051}
Validation statistic: Loss: 0.8278, dev_score: {'accuracy': 0.7674471550410675, 'balanced_accuracy': 0.4888786210405659, 'f1_macro': 0.5107751577526284, 'f1_micro': 0.7674471550410675, 'f1_weighted': 0.755745511435243, 'precision_macro': 0.5971977750803271, 'precision_micro': 0.7674471550410675, 'precision_weighted': 0.7524453285668731, 'recall_macro': 0.4888786210405659, 'recall_micro': 0.7674471550410675, 'recall_weighted': 0.7674471550410675}
-----------------------
Epoch 11/100
Training statistic: Loss: 0.2302, train_score: {'accuracy': 0.90492, 'balanced_accuracy': 0.6377206623194457, 'f1_macro': 0.6535292211099958, 'f1_micro': 0.90492, 'f1_weighted': 0.9011670913863427, 'precision_macro': 0.6980827808230553, 'precision_micro': 0.90492, 'precision_weighted': 0.9017126601892597, 'recall_macro': 0.6377206623194457, 'recall_micro': 0.90492, 'recall_weighted': 0.90492}
Validation statistic: Loss: 0.8423, dev_score: {'accuracy': 0.768708078667624, 'balanced_accuracy': 0.5338055987541838, 'f1_macro': 0.5540192218377694, 'f1_micro': 0.768708078667624, 'f1_weighted': 0.7573590847861607, 'precision_macro': 0.6104303451531468, 'precision_micro': 0.768708078667624, 'precision_weighted': 0.7545936444556537, 'recall_macro': 0.5338055987541838, 'recall_micro': 0.768708078667624, 'recall_weighted': 0.768708078667624}
-----------------------
Epoch 12/100
Training statistic: Loss: 0.2277, train_score: {'accuracy': 0.90607, 'balanced_accuracy': 0.6217620315379327, 'f1_macro': 0.6421507640249213, 'f1_micro': 0.90607, 'f1_weighted': 0.9019439007860869, 'precision_macro': 0.6941911948574582, 'precision_micro': 0.90607, 'precision_weighted': 0.9026011523913058, 'recall_macro': 0.6217620315379327, 'recall_micro': 0.90607, 'recall_weighted': 0.90607}
Validation statistic: Loss: 0.8236, dev_score: {'accuracy': 0.7660986672737781, 'balanced_accuracy': 0.49548059698919855, 'f1_macro': 0.5125826486902827, 'f1_micro': 0.7660986672737781, 'f1_weighted': 0.7528043816400039, 'precision_macro': 0.5898471421594454, 'precision_micro': 0.7660986672737781, 'precision_weighted': 0.7513314926536997, 'recall_macro': 0.49548059698919855, 'recall_micro': 0.7660986672737781, 'recall_weighted': 0.7660986672737781}
-----------------------
Epoch 13/100
Training statistic: Loss: 0.2276, train_score: {'accuracy': 0.90735, 'balanced_accuracy': 0.6469252152122655, 'f1_macro': 0.6821529390726366, 'f1_micro': 0.90735, 'f1_weighted': 0.9047372535267776, 'precision_macro': 0.8363551899955555, 'precision_micro': 0.90735, 'precision_weighted': 0.9053514845241655, 'recall_macro': 0.6469252152122655, 'recall_micro': 0.90735, 'recall_weighted': 0.90735}
Validation statistic: Loss: 0.8111, dev_score: {'accuracy': 0.772000490359188, 'balanced_accuracy': 0.5043413314855704, 'f1_macro': 0.5313556581525424, 'f1_micro': 0.772000490359188, 'f1_weighted': 0.7606547064327724, 'precision_macro': 0.7434103051449521, 'precision_micro': 0.772000490359188, 'precision_weighted': 0.7738273988111616, 'recall_macro': 0.5043413314855704, 'recall_micro': 0.772000490359188, 'recall_weighted': 0.772000490359188}
-----------------------
Epoch 14/100
Training statistic: Loss: 0.2184, train_score: {'accuracy': 0.91054, 'balanced_accuracy': 0.6658823465089699, 'f1_macro': 0.6965105604306364, 'f1_micro': 0.91054, 'f1_weighted': 0.9071136184597235, 'precision_macro': 0.8144386828385309, 'precision_micro': 0.91054, 'precision_weighted': 0.9090958081203104, 'recall_macro': 0.6658823465089699, 'recall_micro': 0.91054, 'recall_weighted': 0.91054}
Validation statistic: Loss: 0.7768, dev_score: {'accuracy': 0.7735241064079438, 'balanced_accuracy': 0.5355285483496319, 'f1_macro': 0.5573399997959968, 'f1_micro': 0.7735241064079438, 'f1_weighted': 0.7620983855251949, 'precision_macro': 0.7408083334290791, 'precision_micro': 0.7735241064079438, 'precision_weighted': 0.7744976694518332, 'recall_macro': 0.5355285483496319, 'recall_micro': 0.7735241064079438, 'recall_weighted': 0.7735241064079438}
Saving model...
Model saved!
-------------------------------------------
-----------------------
Epoch 15/100
Training statistic: Loss: 0.2140, train_score: {'accuracy': 0.91229, 'balanced_accuracy': 0.6902232472136866, 'f1_macro': 0.7187996054392537, 'f1_micro': 0.91229, 'f1_weighted': 0.9104916335905102, 'precision_macro': 0.780278003524787, 'precision_micro': 0.91229, 'precision_weighted': 0.9107338148043548, 'recall_macro': 0.6902232472136866, 'recall_micro': 0.91229, 'recall_weighted': 0.91229}
Validation statistic: Loss: 0.8355, dev_score: {'accuracy': 0.7756256457855379, 'balanced_accuracy': 0.5227850398186256, 'f1_macro': 0.5502624013636164, 'f1_micro': 0.7756256457855379, 'f1_weighted': 0.7659989255733496, 'precision_macro': 0.7038358892417643, 'precision_micro': 0.7756256457855379, 'precision_weighted': 0.7723174907539523, 'recall_macro': 0.5227850398186256, 'recall_micro': 0.7756256457855379, 'recall_weighted': 0.7756256457855379}
-----------------------
Epoch 16/100
Training statistic: Loss: 0.2086, train_score: {'accuracy': 0.91591, 'balanced_accuracy': 0.6886946159468718, 'f1_macro': 0.7198490701733613, 'f1_micro': 0.91591, 'f1_weighted': 0.9142302105983253, 'precision_macro': 0.8111500728191844, 'precision_micro': 0.91591, 'precision_weighted': 0.914226170185284, 'recall_macro': 0.6886946159468718, 'recall_micro': 0.91591, 'recall_weighted': 0.91591}
Validation statistic: Loss: 0.8129, dev_score: {'accuracy': 0.7781124673823576, 'balanced_accuracy': 0.5476919310558952, 'f1_macro': 0.5758488608176677, 'f1_micro': 0.7781124673823576, 'f1_weighted': 0.7687330346627291, 'precision_macro': 0.7178801319203058, 'precision_micro': 0.7781124673823576, 'precision_weighted': 0.7755500445215305, 'recall_macro': 0.5476919310558952, 'recall_micro': 0.7781124673823576, 'recall_weighted': 0.7781124673823576}
-----------------------
Epoch 17/100
Training statistic: Loss: 0.2064, train_score: {'accuracy': 0.91629, 'balanced_accuracy': 0.6934602206745828, 'f1_macro': 0.7094111442040262, 'f1_micro': 0.91629, 'f1_weighted': 0.9142886471546379, 'precision_macro': 0.8129714202461703, 'precision_micro': 0.91629, 'precision_weighted': 0.9152022646831935, 'recall_macro': 0.6934602206745828, 'recall_micro': 0.91629, 'recall_weighted': 0.91629}
Validation statistic: Loss: 0.7855, dev_score: {'accuracy': 0.7775695697098124, 'balanced_accuracy': 0.5569990452440962, 'f1_macro': 0.576616306921164, 'f1_micro': 0.7775695697098124, 'f1_weighted': 0.7677840296536766, 'precision_macro': 0.7470332364170805, 'precision_micro': 0.7775695697098124, 'precision_weighted': 0.7787000149017096, 'recall_macro': 0.5569990452440962, 'recall_micro': 0.7775695697098124, 'recall_weighted': 0.7775695697098124}
-----------------------
Epoch 18/100
Training statistic: Loss: 0.1993, train_score: {'accuracy': 0.91813, 'balanced_accuracy': 0.6903581341016943, 'f1_macro': 0.7194851620266748, 'f1_micro': 0.91813, 'f1_weighted': 0.9163452286096848, 'precision_macro': 0.8142915889226137, 'precision_micro': 0.91813, 'precision_weighted': 0.9168102527746439, 'recall_macro': 0.6903581341016943, 'recall_micro': 0.91813, 'recall_weighted': 0.91813}
Validation statistic: Loss: 0.8262, dev_score: {'accuracy': 0.7787079035393426, 'balanced_accuracy': 0.5498554545992097, 'f1_macro': 0.5740157607241899, 'f1_micro': 0.7787079035393426, 'f1_weighted': 0.7688217021993952, 'precision_macro': 0.7407800697795267, 'precision_micro': 0.7787079035393426, 'precision_weighted': 0.778986513153181, 'recall_macro': 0.5498554545992097, 'recall_micro': 0.7787079035393426, 'recall_weighted': 0.7787079035393426}
-----------------------
Epoch 19/100
Training statistic: Loss: 0.2063, train_score: {'accuracy': 0.91685, 'balanced_accuracy': 0.7152142564429376, 'f1_macro': 0.7394646461186183, 'f1_micro': 0.91685, 'f1_weighted': 0.9154173932625888, 'precision_macro': 0.7792429607604076, 'precision_micro': 0.91685, 'precision_weighted': 0.915570925086694, 'recall_macro': 0.7152142564429376, 'recall_micro': 0.91685, 'recall_weighted': 0.91685}
Validation statistic: Loss: 0.7815, dev_score: {'accuracy': 0.780651827463617, 'balanced_accuracy': 0.5682305415776885, 'f1_macro': 0.5970080020048133, 'f1_micro': 0.780651827463617, 'f1_weighted': 0.7727360565175978, 'precision_macro': 0.7227671386258755, 'precision_micro': 0.780651827463617, 'precision_weighted': 0.7786012401393475, 'recall_macro': 0.5682305415776885, 'recall_micro': 0.780651827463617, 'recall_weighted': 0.780651827463617}
-----------------------
Epoch 20/100
Training statistic: Loss: 0.1971, train_score: {'accuracy': 0.92063, 'balanced_accuracy': 0.6900669757135874, 'f1_macro': 0.7287844529574429, 'f1_micro': 0.92063, 'f1_weighted': 0.9182696934102423, 'precision_macro': 0.8254968067421016, 'precision_micro': 0.92063, 'precision_weighted': 0.9197481587760026, 'recall_macro': 0.6900669757135874, 'recall_micro': 0.92063, 'recall_weighted': 0.92063}
Validation statistic: Loss: 0.8020, dev_score: {'accuracy': 0.7815274688709479, 'balanced_accuracy': 0.5480640558382143, 'f1_macro': 0.5728631316517169, 'f1_micro': 0.7815274688709479, 'f1_weighted': 0.7711925485120238, 'precision_macro': 0.7200756234036368, 'precision_micro': 0.7815274688709479, 'precision_weighted': 0.7792065019638272, 'recall_macro': 0.5480640558382143, 'recall_micro': 0.7815274688709479, 'recall_weighted': 0.7815274688709479}
-----------------------
Epoch 21/100
Training statistic: Loss: 0.2009, train_score: {'accuracy': 0.91883, 'balanced_accuracy': 0.6886009589745321, 'f1_macro': 0.7228331161112409, 'f1_micro': 0.91883, 'f1_weighted': 0.9165785561193641, 'precision_macro': 0.813709099418921, 'precision_micro': 0.91883, 'precision_weighted': 0.9179783699920555, 'recall_macro': 0.6886009589745321, 'recall_micro': 0.91883, 'recall_weighted': 0.91883}
Validation statistic: Loss: 0.7855, dev_score: {'accuracy': 0.7814223919020683, 'balanced_accuracy': 0.5463768620439121, 'f1_macro': 0.5674645476455392, 'f1_micro': 0.7814223919020683, 'f1_weighted': 0.7715680352814582, 'precision_macro': 0.7046201051768479, 'precision_micro': 0.7814223919020683, 'precision_weighted': 0.7787963327456557, 'recall_macro': 0.5463768620439121, 'recall_micro': 0.7814223919020683, 'recall_weighted': 0.7814223919020683}
-----------------------
Epoch 22/100
Training statistic: Loss: 0.1920, train_score: {'accuracy': 0.92199, 'balanced_accuracy': 0.7019175399608167, 'f1_macro': 0.7351092671461529, 'f1_micro': 0.92199, 'f1_weighted': 0.9200967847175, 'precision_macro': 0.7985525334699826, 'precision_micro': 0.92199, 'precision_weighted': 0.9205721226710459, 'recall_macro': 0.7019175399608167, 'recall_micro': 0.92199, 'recall_weighted': 0.92199}
Validation statistic: Loss: 0.7904, dev_score: {'accuracy': 0.7851526242972978, 'balanced_accuracy': 0.5514015272850834, 'f1_macro': 0.5792244612227627, 'f1_micro': 0.7851526242972978, 'f1_weighted': 0.7759037999956935, 'precision_macro': 0.7175541078128667, 'precision_micro': 0.7851526242972978, 'precision_weighted': 0.7821384903787685, 'recall_macro': 0.5514015272850834, 'recall_micro': 0.7851526242972978, 'recall_weighted': 0.7851526242972978}
-----------------------
Epoch 23/100
Training statistic: Loss: 0.1907, train_score: {'accuracy': 0.92182, 'balanced_accuracy': 0.7064024664786851, 'f1_macro': 0.7384366941004139, 'f1_micro': 0.92182, 'f1_weighted': 0.9201896053362537, 'precision_macro': 0.7934812378582691, 'precision_micro': 0.92182, 'precision_weighted': 0.9204313809836292, 'recall_macro': 0.7064024664786851, 'recall_micro': 0.92182, 'recall_weighted': 0.92182}
Validation statistic: Loss: 0.8099, dev_score: {'accuracy': 0.785783086110576, 'balanced_accuracy': 0.5449194654201471, 'f1_macro': 0.5748173492347097, 'f1_micro': 0.785783086110576, 'f1_weighted': 0.7765368611638573, 'precision_macro': 0.7231736690365962, 'precision_micro': 0.785783086110576, 'precision_weighted': 0.7835706384882125, 'recall_macro': 0.5449194654201471, 'recall_micro': 0.785783086110576, 'recall_weighted': 0.785783086110576}
-----------------------
Epoch 24/100
Training statistic: Loss: 0.1852, train_score: {'accuracy': 0.92446, 'balanced_accuracy': 0.6998591289944894, 'f1_macro': 0.7393867036110224, 'f1_micro': 0.92446, 'f1_weighted': 0.9224527638456156, 'precision_macro': 0.8297714447290722, 'precision_micro': 0.92446, 'precision_weighted': 0.9235753606175995, 'recall_macro': 0.6998591289944894, 'recall_micro': 0.92446, 'recall_weighted': 0.92446}
Validation statistic: Loss: 0.8152, dev_score: {'accuracy': 0.7837165723892752, 'balanced_accuracy': 0.5499069845438743, 'f1_macro': 0.576922384462552, 'f1_micro': 0.7837165723892752, 'f1_weighted': 0.7741025595303788, 'precision_macro': 0.7247794699233224, 'precision_micro': 0.7837165723892752, 'precision_weighted': 0.7818160558687921, 'recall_macro': 0.5499069845438743, 'recall_micro': 0.7837165723892752, 'recall_weighted': 0.7837165723892752}
-----------------------
Epoch 25/100
Training statistic: Loss: 0.1870, train_score: {'accuracy': 0.92305, 'balanced_accuracy': 0.7123592483681118, 'f1_macro': 0.7472845485457056, 'f1_micro': 0.92305, 'f1_weighted': 0.9215917981191599, 'precision_macro': 0.806162943291991, 'precision_micro': 0.92305, 'precision_weighted': 0.9219168141896071, 'recall_macro': 0.7123592483681118, 'recall_micro': 0.92305, 'recall_weighted': 0.92305}
Validation statistic: Loss: 0.7966, dev_score: {'accuracy': 0.7852226756098842, 'balanced_accuracy': 0.5575703220873276, 'f1_macro': 0.5885017417989876, 'f1_micro': 0.7852226756098842, 'f1_weighted': 0.776082432694526, 'precision_macro': 0.7292337774040606, 'precision_micro': 0.7852226756098842, 'precision_weighted': 0.7825958238331742, 'recall_macro': 0.5575703220873276, 'recall_micro': 0.7852226756098842, 'recall_weighted': 0.7852226756098842}
-----------------------
Epoch 26/100
Training statistic: Loss: 0.1802, train_score: {'accuracy': 0.92699, 'balanced_accuracy': 0.7110220709282186, 'f1_macro': 0.7487133872787097, 'f1_micro': 0.92699, 'f1_weighted': 0.9254212372341286, 'precision_macro': 0.8332767091907455, 'precision_micro': 0.92699, 'precision_weighted': 0.9261102821629068, 'recall_macro': 0.7110220709282186, 'recall_micro': 0.92699, 'recall_weighted': 0.92699}
Validation statistic: Loss: 0.7675, dev_score: {'accuracy': 0.7864835992364407, 'balanced_accuracy': 0.567759740287702, 'f1_macro': 0.593827942664927, 'f1_micro': 0.7864835992364407, 'f1_weighted': 0.7773762896525791, 'precision_macro': 0.7491229067208807, 'precision_micro': 0.7864835992364407, 'precision_weighted': 0.7861050210228191, 'recall_macro': 0.567759740287702, 'recall_micro': 0.7864835992364407, 'recall_weighted': 0.7864835992364407}
Saving model...
Model saved!
-------------------------------------------
-----------------------
Epoch 27/100
Training statistic: Loss: 0.1833, train_score: {'accuracy': 0.92427, 'balanced_accuracy': 0.7212154461575311, 'f1_macro': 0.7539817914662362, 'f1_micro': 0.92427, 'f1_weighted': 0.9225860181745843, 'precision_macro': 0.8273015091923268, 'precision_micro': 0.92427, 'precision_weighted': 0.9236550349163015, 'recall_macro': 0.7212154461575311, 'recall_micro': 0.92427, 'recall_weighted': 0.92427}
Validation statistic: Loss: 0.8311, dev_score: {'accuracy': 0.7858181117668692, 'balanced_accuracy': 0.5670596021486619, 'f1_macro': 0.5944863241434957, 'f1_micro': 0.7858181117668692, 'f1_weighted': 0.7772798627158528, 'precision_macro': 0.7366001131545926, 'precision_micro': 0.7858181117668692, 'precision_weighted': 0.7849191092697843, 'recall_macro': 0.5670596021486619, 'recall_micro': 0.7858181117668692, 'recall_weighted': 0.7858181117668692}
-----------------------
Epoch 28/100
Training statistic: Loss: 0.1776, train_score: {'accuracy': 0.926, 'balanced_accuracy': 0.7166495929505453, 'f1_macro': 0.7479038573619462, 'f1_micro': 0.926, 'f1_weighted': 0.9246197166170842, 'precision_macro': 0.8119441293191307, 'precision_micro': 0.926, 'precision_weighted': 0.9259449005965426, 'recall_macro': 0.7166495929505453, 'recall_micro': 0.926, 'recall_weighted': 0.926}
Validation statistic: Loss: 0.8470, dev_score: {'accuracy': 0.7845571881403128, 'balanced_accuracy': 0.5714172732953344, 'f1_macro': 0.5977133519564861, 'f1_micro': 0.7845571881403128, 'f1_weighted': 0.7760411755061449, 'precision_macro': 0.735324202965467, 'precision_micro': 0.7845571881403128, 'precision_weighted': 0.7838536999519345, 'recall_macro': 0.5714172732953344, 'recall_micro': 0.7845571881403128, 'recall_weighted': 0.7845571881403128}
-----------------------
Epoch 29/100
Training statistic: Loss: 0.1778, train_score: {'accuracy': 0.92853, 'balanced_accuracy': 0.7294073256881131, 'f1_macro': 0.7579426354008785, 'f1_micro': 0.92853, 'f1_weighted': 0.9272611618820435, 'precision_macro': 0.8321549201621831, 'precision_micro': 0.92853, 'precision_weighted': 0.928210587599494, 'recall_macro': 0.7294073256881131, 'recall_micro': 0.92853, 'recall_weighted': 0.92853}
Validation statistic: Loss: 0.8287, dev_score: {'accuracy': 0.7851526242972978, 'balanced_accuracy': 0.5734580731957468, 'f1_macro': 0.5912677539016686, 'f1_micro': 0.7851526242972978, 'f1_weighted': 0.7758598582728244, 'precision_macro': 0.7364262747409845, 'precision_micro': 0.7851526242972978, 'precision_weighted': 0.7849628264026784, 'recall_macro': 0.5734580731957468, 'recall_micro': 0.7851526242972978, 'recall_weighted': 0.7851526242972978}
-----------------------
Epoch 30/100
Training statistic: Loss: 0.1753, train_score: {'accuracy': 0.92765, 'balanced_accuracy': 0.7343235092187194, 'f1_macro': 0.7585445879615955, 'f1_micro': 0.92765, 'f1_weighted': 0.9266234359062505, 'precision_macro': 0.8292612708294239, 'precision_micro': 0.92765, 'precision_weighted': 0.9272852643833546, 'recall_macro': 0.7343235092187194, 'recall_micro': 0.92765, 'recall_weighted': 0.92765}
Validation statistic: Loss: 0.8247, dev_score: {'accuracy': 0.7852226756098842, 'balanced_accuracy': 0.5742294885446423, 'f1_macro': 0.5948455801034328, 'f1_micro': 0.7852226756098842, 'f1_weighted': 0.7763948974446967, 'precision_macro': 0.7350621450574965, 'precision_micro': 0.7852226756098842, 'precision_weighted': 0.784381715396369, 'recall_macro': 0.5742294885446423, 'recall_micro': 0.7852226756098842, 'recall_weighted': 0.7852226756098842}
-----------------------
Epoch 31/100
Training statistic: Loss: 0.1733, train_score: {'accuracy': 0.93009, 'balanced_accuracy': 0.7365618308312196, 'f1_macro': 0.7636940015400878, 'f1_micro': 0.93009, 'f1_weighted': 0.9288641690355456, 'precision_macro': 0.8182606932905339, 'precision_micro': 0.93009, 'precision_weighted': 0.9294620149387844, 'recall_macro': 0.7365618308312196, 'recall_micro': 0.93009, 'recall_weighted': 0.93009}
Validation statistic: Loss: 0.7903, dev_score: {'accuracy': 0.7881823435666626, 'balanced_accuracy': 0.5723384744331838, 'f1_macro': 0.5966630778508648, 'f1_micro': 0.7881823435666626, 'f1_weighted': 0.7795379167036329, 'precision_macro': 0.7281286288755341, 'precision_micro': 0.7881823435666626, 'precision_weighted': 0.7861219588544277, 'recall_macro': 0.5723384744331838, 'recall_micro': 0.7881823435666626, 'recall_weighted': 0.7881823435666626}
-----------------------
Epoch 32/100
Training statistic: Loss: 0.1722, train_score: {'accuracy': 0.92967, 'balanced_accuracy': 0.7499268307383508, 'f1_macro': 0.7746813019876052, 'f1_micro': 0.92967, 'f1_weighted': 0.9287954597633928, 'precision_macro': 0.8295209122215932, 'precision_micro': 0.92967, 'precision_weighted': 0.9295412756329725, 'recall_macro': 0.7499268307383508, 'recall_micro': 0.92967, 'recall_weighted': 0.92967}
Validation statistic: Loss: 0.8977, dev_score: {'accuracy': 0.7882348820511025, 'balanced_accuracy': 0.57978119262408, 'f1_macro': 0.6037178902036251, 'f1_micro': 0.7882348820511025, 'f1_weighted': 0.7800789714031483, 'precision_macro': 0.7450354542080831, 'precision_micro': 0.7882348820511025, 'precision_weighted': 0.787967001386954, 'recall_macro': 0.57978119262408, 'recall_micro': 0.7882348820511025, 'recall_weighted': 0.7882348820511025}
-----------------------
Epoch 33/100
Training statistic: Loss: 0.1691, train_score: {'accuracy': 0.93048, 'balanced_accuracy': 0.7232866368746395, 'f1_macro': 0.7572266940593103, 'f1_micro': 0.93048, 'f1_weighted': 0.9291887323257451, 'precision_macro': 0.8207218183653079, 'precision_micro': 0.93048, 'precision_weighted': 0.9299208660354767, 'recall_macro': 0.7232866368746395, 'recall_micro': 0.93048, 'recall_weighted': 0.93048}
Validation statistic: Loss: 0.8311, dev_score: {'accuracy': 0.7871140610497189, 'balanced_accuracy': 0.5404130898797724, 'f1_macro': 0.5762838350786257, 'f1_micro': 0.7871140610497189, 'f1_weighted': 0.7781072440997266, 'precision_macro': 0.7472997866906755, 'precision_micro': 0.7871140610497189, 'precision_weighted': 0.7860166588589299, 'recall_macro': 0.5404130898797724, 'recall_micro': 0.7871140610497189, 'recall_weighted': 0.7871140610497189}
-----------------------
Epoch 34/100
Training statistic: Loss: 0.1663, train_score: {'accuracy': 0.93198, 'balanced_accuracy': 0.735835140138284, 'f1_macro': 0.7682884971338533, 'f1_micro': 0.93198, 'f1_weighted': 0.9307235821863994, 'precision_macro': 0.8272562146040465, 'precision_micro': 0.93198, 'precision_weighted': 0.9315610135435386, 'recall_macro': 0.735835140138284, 'recall_micro': 0.93198, 'recall_weighted': 0.93198}
Validation statistic: Loss: 0.8149, dev_score: {'accuracy': 0.7888828566925272, 'balanced_accuracy': 0.5757016532733835, 'f1_macro': 0.6022206963503602, 'f1_micro': 0.7888828566925272, 'f1_weighted': 0.7804583058564664, 'precision_macro': 0.7331908906782488, 'precision_micro': 0.7888828566925272, 'precision_weighted': 0.7869039380462834, 'recall_macro': 0.5757016532733835, 'recall_micro': 0.7888828566925272, 'recall_weighted': 0.7888828566925272}
-----------------------
Epoch 35/100
Training statistic: Loss: 0.1624, train_score: {'accuracy': 0.93315, 'balanced_accuracy': 0.7409822225117413, 'f1_macro': 0.7793083856438795, 'f1_micro': 0.93315, 'f1_weighted': 0.9319976187425044, 'precision_macro': 0.8565720032955734, 'precision_micro': 0.93315, 'precision_weighted': 0.9326618904371564, 'recall_macro': 0.7409822225117413, 'recall_micro': 0.93315, 'recall_weighted': 0.93315}
Validation statistic: Loss: 0.8642, dev_score: {'accuracy': 0.7905816010227492, 'balanced_accuracy': 0.5757821354998475, 'f1_macro': 0.6141103670559601, 'f1_micro': 0.7905816010227492, 'f1_weighted': 0.782777679065958, 'precision_macro': 0.7665601333792826, 'precision_micro': 0.7905816010227492, 'precision_weighted': 0.7905039968735134, 'recall_macro': 0.5757821354998475, 'recall_micro': 0.7905816010227492, 'recall_weighted': 0.7905816010227492}
-----------------------
Epoch 36/100
Training statistic: Loss: 0.1647, train_score: {'accuracy': 0.93198, 'balanced_accuracy': 0.7524160655367254, 'f1_macro': 0.7830690095772824, 'f1_micro': 0.93198, 'f1_weighted': 0.9311366225812252, 'precision_macro': 0.8339010549973034, 'precision_micro': 0.93198, 'precision_weighted': 0.9316500792689922, 'recall_macro': 0.7524160655367254, 'recall_micro': 0.93198, 'recall_weighted': 0.93198}
Validation statistic: Loss: 0.8375, dev_score: {'accuracy': 0.7904239855694296, 'balanced_accuracy': 0.5769737458622666, 'f1_macro': 0.6093939853306581, 'f1_micro': 0.7904239855694296, 'f1_weighted': 0.7826560338715225, 'precision_macro': 0.7546104492689804, 'precision_micro': 0.7904239855694296, 'precision_weighted': 0.7897076885743087, 'recall_macro': 0.5769737458622666, 'recall_micro': 0.7904239855694296, 'recall_weighted': 0.7904239855694296}
-----------------------
Epoch 37/100
Training statistic: Loss: 0.1610, train_score: {'accuracy': 0.93377, 'balanced_accuracy': 0.7849075236313803, 'f1_macro': 0.7951997914645628, 'f1_micro': 0.93377, 'f1_weighted': 0.9328765130990132, 'precision_macro': 0.8154796526279509, 'precision_micro': 0.93377, 'precision_weighted': 0.9335018942776794, 'recall_macro': 0.7849075236313803, 'recall_micro': 0.93377, 'recall_weighted': 0.93377}
Validation statistic: Loss: 0.8405, dev_score: {'accuracy': 0.7946971156372042, 'balanced_accuracy': 0.6017614817281077, 'f1_macro': 0.632221657494797, 'f1_micro': 0.7946971156372042, 'f1_weighted': 0.7874200794759018, 'precision_macro': 0.7494413761940637, 'precision_micro': 0.7946971156372042, 'precision_weighted': 0.7935921675664042, 'recall_macro': 0.6017614817281077, 'recall_micro': 0.7946971156372042, 'recall_weighted': 0.7946971156372042}
-----------------------
Epoch 38/100
Training statistic: Loss: 0.1576, train_score: {'accuracy': 0.93657, 'balanced_accuracy': 0.7547340482177697, 'f1_macro': 0.7809428729526683, 'f1_micro': 0.93657, 'f1_weighted': 0.9358234041247289, 'precision_macro': 0.8448998534480048, 'precision_micro': 0.93657, 'precision_weighted': 0.9361789981861554, 'recall_macro': 0.7547340482177697, 'recall_micro': 0.93657, 'recall_weighted': 0.93657}
Validation statistic: Loss: 0.8556, dev_score: {'accuracy': 0.7914922680863733, 'balanced_accuracy': 0.5950275589779205, 'f1_macro': 0.6197499351316785, 'f1_micro': 0.7914922680863733, 'f1_weighted': 0.7838090034461999, 'precision_macro': 0.7680361535206431, 'precision_micro': 0.7914922680863733, 'precision_weighted': 0.7929233942426626, 'recall_macro': 0.5950275589779205, 'recall_micro': 0.7914922680863733, 'recall_weighted': 0.7914922680863733}
-----------------------
Epoch 39/100
Training statistic: Loss: 0.2193, train_score: {'accuracy': 0.93668, 'balanced_accuracy': 0.7502884156878904, 'f1_macro': 0.784358481648518, 'f1_micro': 0.93668, 'f1_weighted': 0.9355928347451815, 'precision_macro': 0.841483660004337, 'precision_micro': 0.93668, 'precision_weighted': 0.9362076757315212, 'recall_macro': 0.7502884156878904, 'recall_micro': 0.93668, 'recall_weighted': 0.93668}
Validation statistic: Loss: 0.8217, dev_score: {'accuracy': 0.7916498835396928, 'balanced_accuracy': 0.5996661123015687, 'f1_macro': 0.629323740248404, 'f1_micro': 0.7916498835396928, 'f1_weighted': 0.7843103373734149, 'precision_macro': 0.757586236266522, 'precision_micro': 0.7916498835396928, 'precision_weighted': 0.7916390713303284, 'recall_macro': 0.5996661123015687, 'recall_micro': 0.7916498835396928, 'recall_weighted': 0.7916498835396928}
-----------------------
Epoch 40/100
Training statistic: Loss: 0.1610, train_score: {'accuracy': 0.93354, 'balanced_accuracy': 0.773070404486357, 'f1_macro': 0.7896883407457455, 'f1_micro': 0.93354, 'f1_weighted': 0.9325587019810992, 'precision_macro': 0.8165302566268201, 'precision_micro': 0.93354, 'precision_weighted': 0.9337227228860375, 'recall_macro': 0.773070404486357, 'recall_micro': 0.93354, 'recall_weighted': 0.93354}
Validation statistic: Loss: 0.8113, dev_score: {'accuracy': 0.7898460622405913, 'balanced_accuracy': 0.5964981459055083, 'f1_macro': 0.6234374072835166, 'f1_micro': 0.7898460622405913, 'f1_weighted': 0.7827590498902881, 'precision_macro': 0.7370105577083085, 'precision_micro': 0.7898460622405913, 'precision_weighted': 0.78862746274588, 'recall_macro': 0.5964981459055083, 'recall_micro': 0.7898460622405913, 'recall_weighted': 0.7898460622405913}
-----------------------
Epoch 41/100
Training statistic: Loss: 0.1574, train_score: {'accuracy': 0.93649, 'balanced_accuracy': 0.7637336158300544, 'f1_macro': 0.7864697492623179, 'f1_micro': 0.93649, 'f1_weighted': 0.935629534824474, 'precision_macro': 0.8333303404356561, 'precision_micro': 0.93649, 'precision_weighted': 0.936415337443995, 'recall_macro': 0.7637336158300544, 'recall_micro': 0.93649, 'recall_weighted': 0.93649}
Validation statistic: Loss: 0.8726, dev_score: {'accuracy': 0.792560550603317, 'balanced_accuracy': 0.5965387968552961, 'f1_macro': 0.6185004769749397, 'f1_micro': 0.792560550603317, 'f1_weighted': 0.7845415563384417, 'precision_macro': 0.7633099556362881, 'precision_micro': 0.792560550603317, 'precision_weighted': 0.7934428220619659, 'recall_macro': 0.5965387968552961, 'recall_micro': 0.792560550603317, 'recall_weighted': 0.792560550603317}
-----------------------
Epoch 42/100
Training statistic: Loss: 0.1512, train_score: {'accuracy': 0.93827, 'balanced_accuracy': 0.7916180768052554, 'f1_macro': 0.8026479288091738, 'f1_micro': 0.93827, 'f1_weighted': 0.9374420753025922, 'precision_macro': 0.8337381876229427, 'precision_micro': 0.93827, 'precision_weighted': 0.9384334645888595, 'recall_macro': 0.7916180768052554, 'recall_micro': 0.93827, 'recall_weighted': 0.93827}
Validation statistic: Loss: 0.8854, dev_score: {'accuracy': 0.7950823978564299, 'balanced_accuracy': 0.6033563153741903, 'f1_macro': 0.6263830145027258, 'f1_micro': 0.7950823978564299, 'f1_weighted': 0.7876711291322267, 'precision_macro': 0.7458562881924138, 'precision_micro': 0.7950823978564299, 'precision_weighted': 0.7942454439692231, 'recall_macro': 0.6033563153741903, 'recall_micro': 0.7950823978564299, 'recall_weighted': 0.7950823978564299}
-----------------------
Epoch 43/100
Training statistic: Loss: 0.1494, train_score: {'accuracy': 0.94, 'balanced_accuracy': 0.7855767492646425, 'f1_macro': 0.8065719468570631, 'f1_micro': 0.94, 'f1_weighted': 0.9392433292653375, 'precision_macro': 0.8383545378858025, 'precision_micro': 0.94, 'precision_weighted': 0.9397934387180634, 'recall_macro': 0.7855767492646425, 'recall_micro': 0.94, 'recall_weighted': 0.94}
Validation statistic: Loss: 0.8497, dev_score: {'accuracy': 0.7945920386683245, 'balanced_accuracy': 0.5960661261374848, 'f1_macro': 0.6293505928664762, 'f1_micro': 0.7945920386683245, 'f1_weighted': 0.7874173669536532, 'precision_macro': 0.7561575501104286, 'precision_micro': 0.7945920386683245, 'precision_weighted': 0.7937505988687904, 'recall_macro': 0.5960661261374848, 'recall_micro': 0.7945920386683245, 'recall_weighted': 0.7945920386683245}
-----------------------
Epoch 44/100
Training statistic: Loss: 0.1526, train_score: {'accuracy': 0.93804, 'balanced_accuracy': 0.7885808929127897, 'f1_macro': 0.8016543098189065, 'f1_micro': 0.93804, 'f1_weighted': 0.9372682841491612, 'precision_macro': 0.8292221952989925, 'precision_micro': 0.93804, 'precision_weighted': 0.937902336845723, 'recall_macro': 0.7885808929127897, 'recall_micro': 0.93804, 'recall_weighted': 0.93804}
Validation statistic: Loss: 0.8458, dev_score: {'accuracy': 0.7957303724978547, 'balanced_accuracy': 0.5969944251710537, 'f1_macro': 0.6310191354380439, 'f1_micro': 0.7957303724978547, 'f1_weighted': 0.7882596971744582, 'precision_macro': 0.7629028582735967, 'precision_micro': 0.7957303724978547, 'precision_weighted': 0.7952902263754432, 'recall_macro': 0.5969944251710537, 'recall_micro': 0.7957303724978547, 'recall_weighted': 0.7957303724978547}
-----------------------
Epoch 45/100
Training statistic: Loss: 0.1451, train_score: {'accuracy': 0.9425, 'balanced_accuracy': 0.794513089906096, 'f1_macro': 0.8131396750957378, 'f1_micro': 0.9425, 'f1_weighted': 0.9418643805002568, 'precision_macro': 0.8399920796104858, 'precision_micro': 0.9425, 'precision_weighted': 0.9421818003595356, 'recall_macro': 0.794513089906096, 'recall_micro': 0.9425, 'recall_weighted': 0.9425}
Validation statistic: Loss: 0.8373, dev_score: {'accuracy': 0.7955027057319487, 'balanced_accuracy': 0.5975974477340532, 'f1_macro': 0.6273118260361474, 'f1_micro': 0.7955027057319487, 'f1_weighted': 0.7882722303310741, 'precision_macro': 0.7503713484519748, 'precision_micro': 0.7955027057319487, 'precision_weighted': 0.7943980331628843, 'recall_macro': 0.5975974477340532, 'recall_micro': 0.7955027057319487, 'recall_weighted': 0.7955027057319487}
-----------------------
Epoch 46/100
Training statistic: Loss: 0.1465, train_score: {'accuracy': 0.94179, 'balanced_accuracy': 0.7687495233716343, 'f1_macro': 0.8008005826475586, 'f1_micro': 0.94179, 'f1_weighted': 0.9409511859022678, 'precision_macro': 0.8635005984647994, 'precision_micro': 0.94179, 'precision_weighted': 0.941820868604306, 'recall_macro': 0.7687495233716343, 'recall_micro': 0.94179, 'recall_weighted': 0.94179}
Validation statistic: Loss: 0.8383, dev_score: {'accuracy': 0.794662089980911, 'balanced_accuracy': 0.5873948663502375, 'f1_macro': 0.6156573254875891, 'f1_micro': 0.794662089980911, 'f1_weighted': 0.7861307872307591, 'precision_macro': 0.762320010687502, 'precision_micro': 0.794662089980911, 'precision_weighted': 0.7942488837631035, 'recall_macro': 0.5873948663502375, 'recall_micro': 0.794662089980911, 'recall_weighted': 0.794662089980911}
-----------------------
Epoch 47/100
Training statistic: Loss: 0.1495, train_score: {'accuracy': 0.94068, 'balanced_accuracy': 0.7772782469599971, 'f1_macro': 0.7974088370694437, 'f1_micro': 0.94068, 'f1_weighted': 0.9401272457317935, 'precision_macro': 0.8394804571259252, 'precision_micro': 0.94068, 'precision_weighted': 0.9403474697415332, 'recall_macro': 0.7772782469599971, 'recall_micro': 0.94068, 'recall_weighted': 0.94068}
Validation statistic: Loss: 0.8536, dev_score: {'accuracy': 0.7953450902786291, 'balanced_accuracy': 0.5955156740620604, 'f1_macro': 0.6239888750355347, 'f1_micro': 0.7953450902786291, 'f1_weighted': 0.7874112707806473, 'precision_macro': 0.7570300741089276, 'precision_micro': 0.7953450902786291, 'precision_weighted': 0.7944702672577786, 'recall_macro': 0.5955156740620604, 'recall_micro': 0.7953450902786291, 'recall_weighted': 0.7953450902786291}
-----------------------
Epoch 48/100
Training statistic: Loss: 0.1453, train_score: {'accuracy': 0.94217, 'balanced_accuracy': 0.778098485194737, 'f1_macro': 0.8049471565168973, 'f1_micro': 0.94217, 'f1_weighted': 0.9414758009140716, 'precision_macro': 0.8455418127766371, 'precision_micro': 0.94217, 'precision_weighted': 0.941674047899563, 'recall_macro': 0.778098485194737, 'recall_micro': 0.94217, 'recall_weighted': 0.94217}
Validation statistic: Loss: 0.8708, dev_score: {'accuracy': 0.7978494247035954, 'balanced_accuracy': 0.5985607838568321, 'f1_macro': 0.633780832608445, 'f1_micro': 0.7978494247035954, 'f1_weighted': 0.790698094522143, 'precision_macro': 0.7684870355766477, 'precision_micro': 0.7978494247035954, 'precision_weighted': 0.7973563157620093, 'recall_macro': 0.5985607838568321, 'recall_micro': 0.7978494247035954, 'recall_weighted': 0.7978494247035954}
-----------------------
Epoch 49/100
Training statistic: Loss: 0.1439, train_score: {'accuracy': 0.94187, 'balanced_accuracy': 0.7738905550660898, 'f1_macro': 0.8027531147796605, 'f1_micro': 0.94187, 'f1_weighted': 0.9409014715714847, 'precision_macro': 0.848932155353495, 'precision_micro': 0.94187, 'precision_weighted': 0.9415259102963827, 'recall_macro': 0.7738905550660898, 'recall_micro': 0.94187, 'recall_weighted': 0.94187}
Validation statistic: Loss: 0.8850, dev_score: {'accuracy': 0.7957303724978547, 'balanced_accuracy': 0.5940755101237886, 'f1_macro': 0.6292973288699736, 'f1_micro': 0.7957303724978547, 'f1_weighted': 0.7883220469429292, 'precision_macro': 0.7572926328083852, 'precision_micro': 0.7957303724978547, 'precision_weighted': 0.7946059363829047, 'recall_macro': 0.5940755101237886, 'recall_micro': 0.7957303724978547, 'recall_weighted': 0.7957303724978547}
-----------------------
Epoch 50/100
Training statistic: Loss: 0.1475, train_score: {'accuracy': 0.94268, 'balanced_accuracy': 0.8267793948638048, 'f1_macro': 0.8203021127644211, 'f1_micro': 0.94268, 'f1_weighted': 0.9423285175938235, 'precision_macro': 0.8235279849021342, 'precision_micro': 0.94268, 'precision_weighted': 0.9430372173057309, 'recall_macro': 0.8267793948638048, 'recall_micro': 0.94268, 'recall_weighted': 0.94268}
Validation statistic: Loss: 0.8559, dev_score: {'accuracy': 0.7973940911717833, 'balanced_accuracy': 0.6187672591655087, 'f1_macro': 0.6410721989139239, 'f1_micro': 0.7973940911717833, 'f1_weighted': 0.7913270992082069, 'precision_macro': 0.7393272326777873, 'precision_micro': 0.7973940911717833, 'precision_weighted': 0.7964431321889461, 'recall_macro': 0.6187672591655087, 'recall_micro': 0.7973940911717833, 'recall_weighted': 0.7973940911717833}
-----------------------
Epoch 51/100
Training statistic: Loss: 0.1456, train_score: {'accuracy': 0.94271, 'balanced_accuracy': 0.7984124399374143, 'f1_macro': 0.8130674040567405, 'f1_micro': 0.94271, 'f1_weighted': 0.9420372742788996, 'precision_macro': 0.8383021099497319, 'precision_micro': 0.94271, 'precision_weighted': 0.9424990833351311, 'recall_macro': 0.7984124399374143, 'recall_micro': 0.94271, 'recall_weighted': 0.94271}
Validation statistic: Loss: 0.8584, dev_score: {'accuracy': 0.7956953468415614, 'balanced_accuracy': 0.6025727156720359, 'f1_macro': 0.6297972752083, 'f1_micro': 0.7956953468415614, 'f1_weighted': 0.7887167757982747, 'precision_macro': 0.7421285807835777, 'precision_micro': 0.7956953468415614, 'precision_weighted': 0.7941553158979188, 'recall_macro': 0.6025727156720359, 'recall_micro': 0.7956953468415614, 'recall_weighted': 0.7956953468415614}
-----------------------
Epoch 52/100
Training statistic: Loss: 0.1439, train_score: {'accuracy': 0.94244, 'balanced_accuracy': 0.8080519965605938, 'f1_macro': 0.815554347420557, 'f1_micro': 0.94244, 'f1_weighted': 0.9418584392461221, 'precision_macro': 0.8302834238504265, 'precision_micro': 0.94244, 'precision_weighted': 0.9426014246283511, 'recall_macro': 0.8080519965605938, 'recall_micro': 0.94244, 'recall_weighted': 0.94244}
Validation statistic: Loss: 0.9034, dev_score: {'accuracy': 0.795397628763069, 'balanced_accuracy': 0.613016197490028, 'f1_macro': 0.6453570403225211, 'f1_micro': 0.795397628763069, 'f1_weighted': 0.7891531935970948, 'precision_macro': 0.7567878319748182, 'precision_micro': 0.795397628763069, 'precision_weighted': 0.7947456744906151, 'recall_macro': 0.613016197490028, 'recall_micro': 0.795397628763069, 'recall_weighted': 0.795397628763069}
-----------------------
Epoch 53/100
Training statistic: Loss: 0.1460, train_score: {'accuracy': 0.94133, 'balanced_accuracy': 0.814159441916681, 'f1_macro': 0.8203971912402565, 'f1_micro': 0.94133, 'f1_weighted': 0.9409203165452927, 'precision_macro': 0.8324297593880551, 'precision_micro': 0.94133, 'precision_weighted': 0.9416015256998751, 'recall_macro': 0.814159441916681, 'recall_micro': 0.94133, 'recall_weighted': 0.94133}
Validation statistic: Loss: 0.9324, dev_score: {'accuracy': 0.7967461165303585, 'balanced_accuracy': 0.6028003210116326, 'f1_macro': 0.6387926834075037, 'f1_micro': 0.7967461165303585, 'f1_weighted': 0.7903430096313703, 'precision_macro': 0.7576307091252161, 'precision_micro': 0.7967461165303585, 'precision_weighted': 0.7963329950622717, 'recall_macro': 0.6028003210116326, 'recall_micro': 0.7967461165303585, 'recall_weighted': 0.7967461165303585}
-----------------------
Epoch 54/100
Training statistic: Loss: 0.1380, train_score: {'accuracy': 0.94481, 'balanced_accuracy': 0.8097403648782254, 'f1_macro': 0.8199655817054703, 'f1_micro': 0.94481, 'f1_weighted': 0.9440192383192259, 'precision_macro': 0.8434169884830874, 'precision_micro': 0.94481, 'precision_weighted': 0.9450515392186443, 'recall_macro': 0.8097403648782254, 'recall_micro': 0.94481, 'recall_weighted': 0.94481}
Validation statistic: Loss: 0.8506, dev_score: {'accuracy': 0.7972539885466103, 'balanced_accuracy': 0.6087655285791452, 'f1_macro': 0.6298910235805761, 'f1_micro': 0.7972539885466103, 'f1_weighted': 0.7898965250007043, 'precision_macro': 0.7472932018686327, 'precision_micro': 0.7972539885466103, 'precision_weighted': 0.7966905068690706, 'recall_macro': 0.6087655285791452, 'recall_micro': 0.7972539885466103, 'recall_weighted': 0.7972539885466103}
-----------------------
Epoch 55/100
Training statistic: Loss: 0.1380, train_score: {'accuracy': 0.94436, 'balanced_accuracy': 0.8215317512532343, 'f1_macro': 0.8151623504129957, 'f1_micro': 0.94436, 'f1_weighted': 0.9438744410578658, 'precision_macro': 0.825390903526771, 'precision_micro': 0.94436, 'precision_weighted': 0.944632599532622, 'recall_macro': 0.8215317512532343, 'recall_micro': 0.94436, 'recall_weighted': 0.94436}
Validation statistic: Loss: 0.9163, dev_score: {'accuracy': 0.8008791439729602, 'balanced_accuracy': 0.6147374814208085, 'f1_macro': 0.6474661928475651, 'f1_micro': 0.8008791439729602, 'f1_weighted': 0.7948472802214648, 'precision_macro': 0.7462101627248495, 'precision_micro': 0.8008791439729602, 'precision_weighted': 0.7990032298277937, 'recall_macro': 0.6147374814208085, 'recall_micro': 0.8008791439729602, 'recall_weighted': 0.8008791439729602}
-----------------------
Epoch 56/100
Training statistic: Loss: 0.1376, train_score: {'accuracy': 0.94466, 'balanced_accuracy': 0.7857543155781384, 'f1_macro': 0.8106997737189451, 'f1_micro': 0.94466, 'f1_weighted': 0.9438502935622861, 'precision_macro': 0.8528953029983606, 'precision_micro': 0.94466, 'precision_weighted': 0.9448833998497226, 'recall_macro': 0.7857543155781384, 'recall_micro': 0.94466, 'recall_weighted': 0.94466}
Validation statistic: Loss: 0.9565, dev_score: {'accuracy': 0.7958879879511742, 'balanced_accuracy': 0.5943622046316176, 'f1_macro': 0.6247588846007962, 'f1_micro': 0.7958879879511742, 'f1_weighted': 0.7879352231090296, 'precision_macro': 0.7600200932942789, 'precision_micro': 0.7958879879511742, 'precision_weighted': 0.7951779535268689, 'recall_macro': 0.5943622046316176, 'recall_micro': 0.7958879879511742, 'recall_weighted': 0.7958879879511742}
-----------------------
Epoch 57/100
Training statistic: Loss: 0.1378, train_score: {'accuracy': 0.94528, 'balanced_accuracy': 0.8254386391386864, 'f1_macro': 0.8315936323104086, 'f1_micro': 0.94528, 'f1_weighted': 0.9448551436780012, 'precision_macro': 0.846207986115598, 'precision_micro': 0.94528, 'precision_weighted': 0.9458529345510486, 'recall_macro': 0.8254386391386864, 'recall_micro': 0.94528, 'recall_weighted': 0.94528}
Validation statistic: Loss: 0.8945, dev_score: {'accuracy': 0.7984098352042871, 'balanced_accuracy': 0.6103753751644657, 'f1_macro': 0.6413011892429906, 'f1_micro': 0.7984098352042871, 'f1_weighted': 0.7920444745729762, 'precision_macro': 0.7500281829591776, 'precision_micro': 0.7984098352042871, 'precision_weighted': 0.7974818810956458, 'recall_macro': 0.6103753751644657, 'recall_micro': 0.7984098352042871, 'recall_weighted': 0.7984098352042871}
Early stopping by loss triggered!
Testing statistic: loss: 0.7357749915122986, scores: {'accuracy': 0.7878, 'balanced_accuracy': 0.530024798068927, 'f1_macro': 0.5559315236834395, 'f1_micro': 0.7878, 'f1_weighted': 0.7787127857342088, 'precision_macro': 0.7353687981292746, 'precision_micro': 0.7878, 'precision_weighted': 0.7895468243464661, 'recall_macro': 0.530024798068927, 'recall_micro': 0.7878, 'recall_weighted': 0.7878}
Finish training!
