=====Setting up data=====
Dataset name:california_housing
train_option:original
augment_option:None
mix_ratio:-1
n_sample:-1
Dataset name:california_housing
Training dataset size: 14976 samples
Validation dataset size: 1664 samples

=====Setting up parameters for training=====
num_epochs: 100
learning_rate: 0.001
patience: 30
early_stop_criterion: loss
=====Setting up metrics for evaluating and plotting=====
metrics for evaluating: ['mae', 'mse', 'r2']
metric for plotting: mse
=====Setting up trainer=====
input_size: 8
model: DNN_News
----------------------------------------------------------------
        Layer (type)               Output Shape         Param #
================================================================
            Linear-1                  [-1, 512]           4,608
              ReLU-2                  [-1, 512]               0
       BatchNorm1d-3                  [-1, 512]           1,024
           Dropout-4                  [-1, 512]               0
            Linear-5                  [-1, 512]         262,656
              ReLU-6                  [-1, 512]               0
       BatchNorm1d-7                  [-1, 512]           1,024
           Dropout-8                  [-1, 512]               0
            Linear-9                  [-1, 256]         131,328
             ReLU-10                  [-1, 256]               0
      BatchNorm1d-11                  [-1, 256]             512
          Dropout-12                  [-1, 256]               0
           Linear-13                  [-1, 128]          32,896
             ReLU-14                  [-1, 128]               0
      BatchNorm1d-15                  [-1, 128]             256
          Dropout-16                  [-1, 128]               0
           Linear-17                    [-1, 1]             129
================================================================
Total params: 434,433
Trainable params: 434,433
Non-trainable params: 0
----------------------------------------------------------------
Input size (MB): 0.00
Forward/backward pass size (MB): 0.04
Params size (MB): 1.66
Estimated Total Size (MB): 1.70
----------------------------------------------------------------
=====Setting up output files=====
weight_dir, weight_file: /home/thuy/Research/minh_data_synth/TabularDA/.cache/housing_dropout_p0_20261009_v1_runtime/output/housing_dropout_p0_20261009_v1/california_housing/weight/, california_housing_seed42_real_original.weights.pth
acc_dir, acc_file: /home/thuy/Research/minh_data_synth/TabularDA/.cache/housing_dropout_p0_20261009_v1_runtime/output/housing_dropout_p0_20261009_v1/california_housing/acc/, california_housing_seed42_real_original.epochs.csv
report_file: california_housing_seed42_real_original.report.txt
==========================================================================================
Start training...
-----------------------
Epoch 1/100
Training statistic: Loss: 1.3363, train_score: {'mae': 0.8244751, 'mse': 1.3362521, 'r2': -0.01045480672184218}
Validation statistic: Loss: 1.2579, dev_score: {'mae': 0.8093102, 'mse': 1.2579296, 'r2': 0.04636355096114808}
Saving model...
Model saved!
-------------------------------------------
-----------------------
Epoch 2/100
Training statistic: Loss: 0.8990, train_score: {'mae': 0.7687741, 'mse': 0.89901274, 'r2': 0.3201794185191882}
Validation statistic: Loss: 0.8741, dev_score: {'mae': 0.76107913, 'mse': 0.8741153, 'r2': 0.3373332850488341}
Saving model...
Model saved!
-------------------------------------------
-----------------------
Epoch 3/100
Training statistic: Loss: 0.7871, train_score: {'mae': 0.7173169, 'mse': 0.787086, 'r2': 0.4048168342569781}
Validation statistic: Loss: 0.7853, dev_score: {'mae': 0.7137448, 'mse': 0.78528297, 'r2': 0.40467699892712283}
Saving model...
Model saved!
-------------------------------------------
-----------------------
Epoch 4/100
Training statistic: Loss: 0.6976, train_score: {'mae': 0.6657859, 'mse': 0.69758344, 'r2': 0.4724974346649703}
Validation statistic: Loss: 0.6860, dev_score: {'mae': 0.65959036, 'mse': 0.6859974, 'r2': 0.4799453704817731}
Saving model...
Model saved!
-------------------------------------------
-----------------------
Epoch 5/100
Training statistic: Loss: 0.7268, train_score: {'mae': 0.67530626, 'mse': 0.7268491, 'r2': 0.45036712673717694}
Validation statistic: Loss: 0.7009, dev_score: {'mae': 0.66671973, 'mse': 0.7009175, 'r2': 0.46863450682593144}
-----------------------
Epoch 6/100
Training statistic: Loss: 0.7325, train_score: {'mae': 0.6903141, 'mse': 0.73247176, 'r2': 0.4461153633285384}
Validation statistic: Loss: 0.7057, dev_score: {'mae': 0.67611986, 'mse': 0.705686, 'r2': 0.4650194823142948}
-----------------------
Epoch 7/100
Training statistic: Loss: 0.7811, train_score: {'mae': 0.7131873, 'mse': 0.7811177, 'r2': 0.4093300150032295}
Validation statistic: Loss: 0.7387, dev_score: {'mae': 0.6981019, 'mse': 0.73866284, 'r2': 0.44001971233881276}
-----------------------
Epoch 8/100
Training statistic: Loss: 0.8319, train_score: {'mae': 0.74896044, 'mse': 0.8318946, 'r2': 0.37093326421191686}
Validation statistic: Loss: 0.7987, dev_score: {'mae': 0.738954, 'mse': 0.79874635, 'r2': 0.39447037301490095}
-----------------------
Epoch 9/100
Training statistic: Loss: 0.9444, train_score: {'mae': 0.7869382, 'mse': 0.94436324, 'r2': 0.2858860206037086}
Validation statistic: Loss: 0.8873, dev_score: {'mae': 0.77158344, 'mse': 0.88726693, 'r2': 0.32736295115891034}
-----------------------
Epoch 10/100
Training statistic: Loss: 1.0927, train_score: {'mae': 0.872107, 'mse': 1.0926628, 'r2': 0.17374397271458253}
Validation statistic: Loss: 1.0624, dev_score: {'mae': 0.8696333, 'mse': 1.0623617, 'r2': 0.19462360986596017}
-----------------------
Epoch 11/100
Training statistic: Loss: 1.3028, train_score: {'mae': 0.92652506, 'mse': 1.3027971, 'r2': 0.014843531523225484}
Validation statistic: Loss: 1.2115, dev_score: {'mae': 0.91380954, 'mse': 1.2115341, 'r2': 0.08153600255989413}
-----------------------
Epoch 12/100
Training statistic: Loss: 1.0850, train_score: {'mae': 0.8569908, 'mse': 1.0849878, 'r2': 0.1795477251188945}
Validation statistic: Loss: 1.0396, dev_score: {'mae': 0.8551544, 'mse': 1.0396341, 'r2': 0.2118533968257167}
-----------------------
Epoch 13/100
Training statistic: Loss: 1.0728, train_score: {'mae': 0.80245197, 'mse': 1.0727733, 'r2': 0.18878416498197992}
Validation statistic: Loss: 0.9194, dev_score: {'mae': 0.79255396, 'mse': 0.9194115, 'r2': 0.30299421222260403}
-----------------------
Epoch 14/100
Training statistic: Loss: 1.9730, train_score: {'mae': 1.1282612, 'mse': 1.9729924, 'r2': -0.49194859826004755}
Validation statistic: Loss: 1.8104, dev_score: {'mae': 1.1066568, 'mse': 1.8103566, 'r2': -0.37243128978327844}
-----------------------
Epoch 15/100
Training statistic: Loss: 1.6774, train_score: {'mae': 1.0456378, 'mse': 1.6773572, 'r2': -0.2683935040728094}
Validation statistic: Loss: 1.5814, dev_score: {'mae': 1.0252461, 'mse': 1.5814356, 'r2': -0.1988863300469217}
-----------------------
Epoch 16/100
Training statistic: Loss: 1.4625, train_score: {'mae': 1.010269, 'mse': 1.4624872, 'r2': -0.10591201981645604}
Validation statistic: Loss: 1.3942, dev_score: {'mae': 0.99469215, 'mse': 1.3941882, 'r2': -0.05693397205310391}
-----------------------
Epoch 17/100
Training statistic: Loss: 1.2009, train_score: {'mae': 0.90806127, 'mse': 1.2009449, 'r2': 0.09186268279461651}
Validation statistic: Loss: 1.1414, dev_score: {'mae': 0.9036081, 'mse': 1.141381, 'r2': 0.13471900572424944}
-----------------------
Epoch 18/100
Training statistic: Loss: 0.9759, train_score: {'mae': 0.78831255, 'mse': 0.9759267, 'r2': 0.26201812104559974}
Validation statistic: Loss: 0.8790, dev_score: {'mae': 0.78574044, 'mse': 0.8789929, 'r2': 0.33363548179094915}
-----------------------
Epoch 19/100
Training statistic: Loss: 1.4258, train_score: {'mae': 0.9488992, 'mse': 1.4257644, 'r2': -0.0781426268808918}
Validation statistic: Loss: 1.3414, dev_score: {'mae': 0.9338993, 'mse': 1.3413721, 'r2': -0.016894186243707754}
-----------------------
Epoch 20/100
Training statistic: Loss: 1.1232, train_score: {'mae': 0.8657017, 'mse': 1.1232239, 'r2': 0.15063418739304324}
Validation statistic: Loss: 1.1189, dev_score: {'mae': 0.8734322, 'mse': 1.1189216, 'r2': 0.15174557925988075}
-----------------------
Epoch 21/100
Training statistic: Loss: 0.9090, train_score: {'mae': 0.77921987, 'mse': 0.9090289, 'r2': 0.3126053596549282}
Validation statistic: Loss: 0.8994, dev_score: {'mae': 0.78040636, 'mse': 0.8993913, 'r2': 0.3181715234724616}
-----------------------
Epoch 22/100
Training statistic: Loss: 1.3673, train_score: {'mae': 0.9539143, 'mse': 1.3673182, 'r2': -0.03394646619616193}
Validation statistic: Loss: 1.3622, dev_score: {'mae': 0.9498064, 'mse': 1.3621775, 'r2': -0.03266675162271615}
-----------------------
Epoch 23/100
Training statistic: Loss: 1.1996, train_score: {'mae': 0.89666766, 'mse': 1.199638, 'r2': 0.09285092996806599}
Validation statistic: Loss: 1.2271, dev_score: {'mae': 0.90634674, 'mse': 1.2270764, 'r2': 0.06975349456579705}
-----------------------
Epoch 24/100
Training statistic: Loss: 0.7042, train_score: {'mae': 0.6570549, 'mse': 0.70416385, 'r2': 0.46752134755016617}
Validation statistic: Loss: 0.7011, dev_score: {'mae': 0.6740575, 'mse': 0.70112574, 'r2': 0.46847658323339936}
-----------------------
Epoch 25/100
Training statistic: Loss: 1.0565, train_score: {'mae': 0.84282583, 'mse': 1.0564891, 'r2': 0.20109797909684757}
Validation statistic: Loss: 1.0289, dev_score: {'mae': 0.8365946, 'mse': 1.0288618, 'r2': 0.22001992038932516}
-----------------------
Epoch 26/100
Training statistic: Loss: 1.1911, train_score: {'mae': 0.8875976, 'mse': 1.1911161, 'r2': 0.09929505935439875}
Validation statistic: Loss: 1.1389, dev_score: {'mae': 0.87681055, 'mse': 1.1388614, 'r2': 0.13662927129097546}
-----------------------
Epoch 27/100
Training statistic: Loss: 1.1803, train_score: {'mae': 0.85831434, 'mse': 1.1802523, 'r2': 0.10751007545030833}
Validation statistic: Loss: 1.1000, dev_score: {'mae': 0.84853566, 'mse': 1.1000199, 'r2': 0.1660749387700322}
-----------------------
Epoch 28/100
Training statistic: Loss: 1.1678, train_score: {'mae': 0.87616336, 'mse': 1.1677687, 'r2': 0.11694997058323531}
Validation statistic: Loss: 1.1082, dev_score: {'mae': 0.8664227, 'mse': 1.1082237, 'r2': 0.1598556354658207}
-----------------------
Epoch 29/100
Training statistic: Loss: 1.0984, train_score: {'mae': 0.84354365, 'mse': 1.0984343, 'r2': 0.16937965651217346}
Validation statistic: Loss: 1.0446, dev_score: {'mae': 0.8397348, 'mse': 1.0445806, 'r2': 0.20810350162313063}
-----------------------
Epoch 30/100
Training statistic: Loss: 0.9761, train_score: {'mae': 0.7730014, 'mse': 0.9760634, 'r2': 0.26191485906093037}
Validation statistic: Loss: 0.9343, dev_score: {'mae': 0.77197266, 'mse': 0.9343092, 'r2': 0.2917002689563276}
-----------------------
Epoch 31/100
Training statistic: Loss: 1.0352, train_score: {'mae': 0.80256546, 'mse': 1.035238, 'r2': 0.21716785752792522}
Validation statistic: Loss: 0.9701, dev_score: {'mae': 0.7879082, 'mse': 0.9701313, 'r2': 0.2645434511487016}
-----------------------
Epoch 32/100
Training statistic: Loss: 0.9855, train_score: {'mae': 0.8171064, 'mse': 0.9854656, 'r2': 0.25480503089018014}
Validation statistic: Loss: 0.9189, dev_score: {'mae': 0.80645484, 'mse': 0.91894203, 'r2': 0.3033500623642088}
-----------------------
Epoch 33/100
Training statistic: Loss: 0.8476, train_score: {'mae': 0.7469018, 'mse': 0.8476029, 'r2': 0.35905478702722216}
Validation statistic: Loss: 0.8090, dev_score: {'mae': 0.7458783, 'mse': 0.8090306, 'r2': 0.3866739083684865}
-----------------------
Epoch 34/100
Training statistic: Loss: 1.7523, train_score: {'mae': 1.0887854, 'mse': 1.7522593, 'r2': -0.3250333467995743}
Validation statistic: Loss: 1.6840, dev_score: {'mae': 1.0813774, 'mse': 1.6839998, 'r2': -0.27664017036830413}
-----------------------
Epoch 35/100
Training statistic: Loss: 0.8824, train_score: {'mae': 0.76871216, 'mse': 0.8823901, 'r2': 0.33274927523015707}
Validation statistic: Loss: 0.8629, dev_score: {'mae': 0.77399796, 'mse': 0.86285746, 'r2': 0.34586781061820393}
Early stopping (loss) triggered!
Early stopping by loss
Testing statistic: loss: 0.715716609659121, scores: {'mae': 0.6745024, 'mse': 0.71571666, 'r2': 0.47728918004914767}
Finish training!
