=====Setting up data=====
Dataset name:credit
train_option:synthetic
augment_option:tvae
mix_ratio:-1
n_sample:-1
Training dataset size: 100096 samples
Validation dataset size: 27520 samples

=====Setting up parameters for training=====
num_epochs: 100
learning_rate: 0.001
patience: 30
early_stop_criterion: loss
=====Setting up trainer=====
input_size: 29
model: DNN_Adult
----------------------------------------------------------------
        Layer (type)               Output Shape         Param #
================================================================
            Linear-1                  [-1, 128]           3,840
       BatchNorm1d-2                  [-1, 128]             256
              ReLU-3                  [-1, 128]               0
           Dropout-4                  [-1, 128]               0
            Linear-5                   [-1, 64]           8,256
       BatchNorm1d-6                   [-1, 64]             128
              ReLU-7                   [-1, 64]               0
           Dropout-8                   [-1, 64]               0
            Linear-9                   [-1, 32]           2,080
      BatchNorm1d-10                   [-1, 32]              64
             ReLU-11                   [-1, 32]               0
          Dropout-12                   [-1, 32]               0
           Linear-13                   [-1, 16]             528
      BatchNorm1d-14                   [-1, 16]              32
             ReLU-15                   [-1, 16]               0
          Dropout-16                   [-1, 16]               0
           Linear-17                    [-1, 1]              17
          Sigmoid-18                    [-1, 1]               0
================================================================
Total params: 15,201
Trainable params: 15,201
Non-trainable params: 0
----------------------------------------------------------------
Input size (MB): 0.00
Forward/backward pass size (MB): 0.01
Params size (MB): 0.06
Estimated Total Size (MB): 0.07
----------------------------------------------------------------
=====Setting up output files=====
weight_dir, weight_file: /home/thuy/Research/minh_data_synth/TabularDA/output/corrected_v2/credit/weight/, credit_seed43_tvae_full_generated_synthetic.weights.pth
acc_dir, acc_file: /home/thuy/Research/minh_data_synth/TabularDA/output/corrected_v2/credit/acc/, credit_seed43_tvae_full_generated_synthetic.epochs.csv
report_file: credit_seed43_tvae_full_generated_synthetic.report.txt
==========================================================================================
Start training...
-----------------------
Epoch 1/100
Training statistic: Loss: 0.0104, train_score: {'accuracy': 0.99999, 'balanced_accuracy': 0.5, 'f1_macro': 0.4999974999874999, 'f1_micro': 0.99999, 'f1_weighted': 0.999985000025, 'f1_binary': 0.0, 'pr_auc': 3.824238020574401e-05, 'precision_macro': 0.499995, 'precision_micro': 0.99999, 'precision_weighted': 0.9999800001, 'precision_binary': 0.0, 'recall_macro': 0.5, 'recall_micro': 0.99999, 'recall_weighted': 0.99999, 'recall_binary': 0.0, 'roc_auc': 0.7385173851738518}
Validation statistic: Loss: 0.0195, dev_score: {'accuracy': 0.9980667517782236, 'balanced_accuracy': 0.5, 'f1_macro': 0.4995162203114446, 'f1_micro': 0.9980667517782236, 'f1_weighted': 0.9971010629335582, 'f1_binary': 0.0, 'pr_auc': 0.0015485542470174921, 'precision_macro': 0.4990333758891118, 'precision_micro': 0.9980667517782236, 'precision_weighted': 0.9961372410051341, 'precision_binary': 0.0, 'recall_macro': 0.5, 'recall_micro': 0.9980667517782236, 'recall_weighted': 0.9980667517782236, 'recall_binary': 0.0, 'roc_auc': 0.25369883587346725}
Saving model...
Model saved!
-------------------------------------------
-----------------------
Epoch 2/100
Training statistic: Loss: 0.0011, train_score: {'accuracy': 0.99999, 'balanced_accuracy': 0.5, 'f1_macro': 0.4999974999874999, 'f1_micro': 0.99999, 'f1_weighted': 0.999985000025, 'f1_binary': 0.0, 'pr_auc': 1.1869013566282506e-05, 'precision_macro': 0.499995, 'precision_micro': 0.99999, 'precision_weighted': 0.9999800001, 'precision_binary': 0.0, 'recall_macro': 0.5, 'recall_micro': 0.99999, 'recall_weighted': 0.99999, 'recall_binary': 0.0, 'roc_auc': 0.15747157471574713}
Validation statistic: Loss: 0.0150, dev_score: {'accuracy': 0.9980667517782236, 'balanced_accuracy': 0.5, 'f1_macro': 0.4995162203114446, 'f1_micro': 0.9980667517782236, 'f1_weighted': 0.9971010629335582, 'f1_binary': 0.0, 'pr_auc': 0.004649518355481337, 'precision_macro': 0.4990333758891118, 'precision_micro': 0.9980667517782236, 'precision_weighted': 0.9961372410051341, 'precision_binary': 0.0, 'recall_macro': 0.5, 'recall_micro': 0.9980667517782236, 'recall_weighted': 0.9980667517782236, 'recall_binary': 0.0, 'roc_auc': 0.44794288456791054}
Saving model...
Model saved!
-------------------------------------------
-----------------------
Epoch 3/100
Training statistic: Loss: 0.0003, train_score: {'accuracy': 0.99999, 'balanced_accuracy': 0.5, 'f1_macro': 0.4999974999874999, 'f1_micro': 0.99999, 'f1_weighted': 0.999985000025, 'f1_binary': 0.0, 'pr_auc': 2.2177866489243733e-05, 'precision_macro': 0.499995, 'precision_micro': 0.99999, 'precision_weighted': 0.9999800001, 'precision_binary': 0.0, 'recall_macro': 0.5, 'recall_micro': 0.99999, 'recall_weighted': 0.99999, 'recall_binary': 0.0, 'roc_auc': 0.5491054910549105}
Validation statistic: Loss: 0.0183, dev_score: {'accuracy': 0.9980667517782236, 'balanced_accuracy': 0.5, 'f1_macro': 0.4995162203114446, 'f1_micro': 0.9980667517782236, 'f1_weighted': 0.9971010629335582, 'f1_binary': 0.0, 'pr_auc': 0.001535462729404291, 'precision_macro': 0.4990333758891118, 'precision_micro': 0.9980667517782236, 'precision_weighted': 0.9961372410051341, 'precision_binary': 0.0, 'recall_macro': 0.5, 'recall_micro': 0.9980667517782236, 'recall_weighted': 0.9980667517782236, 'recall_binary': 0.0, 'roc_auc': 0.3488397350408844}
-----------------------
Epoch 4/100
Training statistic: Loss: 0.0002, train_score: {'accuracy': 0.99999, 'balanced_accuracy': 0.5, 'f1_macro': 0.4999974999874999, 'f1_micro': 0.99999, 'f1_weighted': 0.999985000025, 'f1_binary': 0.0, 'pr_auc': 2.0116676725005028e-05, 'precision_macro': 0.499995, 'precision_micro': 0.99999, 'precision_weighted': 0.9999800001, 'precision_binary': 0.0, 'recall_macro': 0.5, 'recall_micro': 0.99999, 'recall_weighted': 0.99999, 'recall_binary': 0.0, 'roc_auc': 0.5029050290502906}
Validation statistic: Loss: 0.0187, dev_score: {'accuracy': 0.9980667517782236, 'balanced_accuracy': 0.5, 'f1_macro': 0.4995162203114446, 'f1_micro': 0.9980667517782236, 'f1_weighted': 0.9971010629335582, 'f1_binary': 0.0, 'pr_auc': 0.010783219180095477, 'precision_macro': 0.4990333758891118, 'precision_micro': 0.9980667517782236, 'precision_weighted': 0.9961372410051341, 'precision_binary': 0.0, 'recall_macro': 0.5, 'recall_micro': 0.9980667517782236, 'recall_weighted': 0.9980667517782236, 'recall_binary': 0.0, 'roc_auc': 0.6573853285026887}
-----------------------
Epoch 5/100
Training statistic: Loss: 0.0001, train_score: {'accuracy': 0.99999, 'balanced_accuracy': 0.5, 'f1_macro': 0.4999974999874999, 'f1_micro': 0.99999, 'f1_weighted': 0.999985000025, 'f1_binary': 0.0, 'pr_auc': 1.0704918910239255e-05, 'precision_macro': 0.499995, 'precision_micro': 0.99999, 'precision_weighted': 0.9999800001, 'precision_binary': 0.0, 'recall_macro': 0.5, 'recall_micro': 0.99999, 'recall_weighted': 0.99999, 'recall_binary': 0.0, 'roc_auc': 0.06585065850658511}
Validation statistic: Loss: 0.0225, dev_score: {'accuracy': 0.9980667517782236, 'balanced_accuracy': 0.5, 'f1_macro': 0.4995162203114446, 'f1_micro': 0.9980667517782236, 'f1_weighted': 0.9971010629335582, 'f1_binary': 0.0, 'pr_auc': 0.0012871339412578017, 'precision_macro': 0.4990333758891118, 'precision_micro': 0.9980667517782236, 'precision_weighted': 0.9961372410051341, 'precision_binary': 0.0, 'recall_macro': 0.5, 'recall_micro': 0.9980667517782236, 'recall_weighted': 0.9980667517782236, 'recall_binary': 0.0, 'roc_auc': 0.30528083983709675}
-----------------------
Epoch 6/100
Training statistic: Loss: 0.0001, train_score: {'accuracy': 0.99999, 'balanced_accuracy': 0.5, 'f1_macro': 0.4999974999874999, 'f1_micro': 0.99999, 'f1_weighted': 0.999985000025, 'f1_binary': 0.0, 'pr_auc': 2.4021138601969734e-05, 'precision_macro': 0.499995, 'precision_micro': 0.99999, 'precision_weighted': 0.9999800001, 'precision_binary': 0.0, 'recall_macro': 0.5, 'recall_micro': 0.99999, 'recall_weighted': 0.99999, 'recall_binary': 0.0, 'roc_auc': 0.5837058370583706}
Validation statistic: Loss: 0.0242, dev_score: {'accuracy': 0.9980667517782236, 'balanced_accuracy': 0.5, 'f1_macro': 0.4995162203114446, 'f1_micro': 0.9980667517782236, 'f1_weighted': 0.9971010629335582, 'f1_binary': 0.0, 'pr_auc': 0.0016245710169271047, 'precision_macro': 0.4990333758891118, 'precision_micro': 0.9980667517782236, 'precision_weighted': 0.9961372410051341, 'precision_binary': 0.0, 'recall_macro': 0.5, 'recall_micro': 0.9980667517782236, 'recall_weighted': 0.9980667517782236, 'recall_binary': 0.0, 'roc_auc': 0.4108321277408553}
-----------------------
Epoch 7/100
Training statistic: Loss: 0.0001, train_score: {'accuracy': 0.99999, 'balanced_accuracy': 0.5, 'f1_macro': 0.4999974999874999, 'f1_micro': 0.99999, 'f1_weighted': 0.999985000025, 'f1_binary': 0.0, 'pr_auc': 3.732736095558044e-05, 'precision_macro': 0.499995, 'precision_micro': 0.99999, 'precision_weighted': 0.9999800001, 'precision_binary': 0.0, 'recall_macro': 0.5, 'recall_micro': 0.99999, 'recall_weighted': 0.99999, 'recall_binary': 0.0, 'roc_auc': 0.7321073210732107}
Validation statistic: Loss: 0.0261, dev_score: {'accuracy': 0.9980667517782236, 'balanced_accuracy': 0.5, 'f1_macro': 0.4995162203114446, 'f1_micro': 0.9980667517782236, 'f1_weighted': 0.9971010629335582, 'f1_binary': 0.0, 'pr_auc': 0.0019499728714715593, 'precision_macro': 0.4990333758891118, 'precision_micro': 0.9980667517782236, 'precision_weighted': 0.9961372410051341, 'precision_binary': 0.0, 'recall_macro': 0.5, 'recall_micro': 0.9980667517782236, 'recall_weighted': 0.9980667517782236, 'recall_binary': 0.0, 'roc_auc': 0.4743053649669767}
-----------------------
Epoch 8/100
Training statistic: Loss: 0.0001, train_score: {'accuracy': 0.99999, 'balanced_accuracy': 0.5, 'f1_macro': 0.4999974999874999, 'f1_micro': 0.99999, 'f1_weighted': 0.999985000025, 'f1_binary': 0.0, 'pr_auc': 0.0003171582619727244, 'precision_macro': 0.499995, 'precision_micro': 0.99999, 'precision_weighted': 0.9999800001, 'precision_binary': 0.0, 'recall_macro': 0.5, 'recall_micro': 0.99999, 'recall_weighted': 0.99999, 'recall_binary': 0.0, 'roc_auc': 0.968479684796848}
Validation statistic: Loss: 0.0254, dev_score: {'accuracy': 0.9980667517782236, 'balanced_accuracy': 0.5, 'f1_macro': 0.4995162203114446, 'f1_micro': 0.9980667517782236, 'f1_weighted': 0.9971010629335582, 'f1_binary': 0.0, 'pr_auc': 0.09343613530411428, 'precision_macro': 0.4990333758891118, 'precision_micro': 0.9980667517782236, 'precision_weighted': 0.9961372410051341, 'precision_binary': 0.0, 'recall_macro': 0.5, 'recall_micro': 0.9980667517782236, 'recall_weighted': 0.9980667517782236, 'recall_binary': 0.0, 'roc_auc': 0.7242784718649883}
-----------------------
Epoch 9/100
Training statistic: Loss: 0.0002, train_score: {'accuracy': 0.99999, 'balanced_accuracy': 0.5, 'f1_macro': 0.4999974999874999, 'f1_micro': 0.99999, 'f1_weighted': 0.999985000025, 'f1_binary': 0.0, 'pr_auc': 2.1707512970239e-05, 'precision_macro': 0.499995, 'precision_micro': 0.99999, 'precision_weighted': 0.9999800001, 'precision_binary': 0.0, 'recall_macro': 0.5, 'recall_micro': 0.99999, 'recall_weighted': 0.99999, 'recall_binary': 0.0, 'roc_auc': 0.5393353933539335}
Validation statistic: Loss: 0.0268, dev_score: {'accuracy': 0.9980667517782236, 'balanced_accuracy': 0.5, 'f1_macro': 0.4995162203114446, 'f1_micro': 0.9980667517782236, 'f1_weighted': 0.9971010629335582, 'f1_binary': 0.0, 'pr_auc': 0.09302062881134159, 'precision_macro': 0.4990333758891118, 'precision_micro': 0.9980667517782236, 'precision_weighted': 0.9961372410051341, 'precision_binary': 0.0, 'recall_macro': 0.5, 'recall_micro': 0.9980667517782236, 'recall_weighted': 0.9980667517782236, 'recall_binary': 0.0, 'roc_auc': 0.7431550159772609}
-----------------------
Epoch 10/100
Training statistic: Loss: 0.0002, train_score: {'accuracy': 0.99999, 'balanced_accuracy': 0.5, 'f1_macro': 0.4999974999874999, 'f1_micro': 0.99999, 'f1_weighted': 0.999985000025, 'f1_binary': 0.0, 'pr_auc': 3.0175015087507542e-05, 'precision_macro': 0.499995, 'precision_micro': 0.99999, 'precision_weighted': 0.9999800001, 'precision_binary': 0.0, 'recall_macro': 0.5, 'recall_micro': 0.99999, 'recall_weighted': 0.99999, 'recall_binary': 0.0, 'roc_auc': 0.6686066860668607}
Validation statistic: Loss: 0.0350, dev_score: {'accuracy': 0.9980667517782236, 'balanced_accuracy': 0.5, 'f1_macro': 0.4995162203114446, 'f1_micro': 0.9980667517782236, 'f1_weighted': 0.9971010629335582, 'f1_binary': 0.0, 'pr_auc': 0.00945934744578093, 'precision_macro': 0.4990333758891118, 'precision_micro': 0.9980667517782236, 'precision_weighted': 0.9961372410051341, 'precision_binary': 0.0, 'recall_macro': 0.5, 'recall_micro': 0.9980667517782236, 'recall_weighted': 0.9980667517782236, 'recall_binary': 0.0, 'roc_auc': 0.4386478699973658}
-----------------------
Epoch 11/100
Training statistic: Loss: 0.0002, train_score: {'accuracy': 0.99999, 'balanced_accuracy': 0.5, 'f1_macro': 0.4999974999874999, 'f1_micro': 0.99999, 'f1_weighted': 0.999985000025, 'f1_binary': 0.0, 'pr_auc': 6.147037128104254e-05, 'precision_macro': 0.499995, 'precision_micro': 0.99999, 'precision_weighted': 0.9999800001, 'precision_binary': 0.0, 'recall_macro': 0.5, 'recall_micro': 0.99999, 'recall_weighted': 0.99999, 'recall_binary': 0.0, 'roc_auc': 0.8373283732837329}
Validation statistic: Loss: 0.0376, dev_score: {'accuracy': 0.9980667517782236, 'balanced_accuracy': 0.5, 'f1_macro': 0.4995162203114446, 'f1_micro': 0.9980667517782236, 'f1_weighted': 0.9971010629335582, 'f1_binary': 0.0, 'pr_auc': 0.006532389897792398, 'precision_macro': 0.4990333758891118, 'precision_micro': 0.9980667517782236, 'precision_weighted': 0.9961372410051341, 'precision_binary': 0.0, 'recall_macro': 0.5, 'recall_micro': 0.9980667517782236, 'recall_weighted': 0.9980667517782236, 'recall_binary': 0.0, 'roc_auc': 0.41015497322412436}
-----------------------
Epoch 12/100
Training statistic: Loss: 0.0002, train_score: {'accuracy': 0.99999, 'balanced_accuracy': 0.5, 'f1_macro': 0.4999974999874999, 'f1_micro': 0.99999, 'f1_weighted': 0.999985000025, 'f1_binary': 0.0, 'pr_auc': 1.5015691397510398e-05, 'precision_macro': 0.499995, 'precision_micro': 0.99999, 'precision_weighted': 0.9999800001, 'precision_binary': 0.0, 'recall_macro': 0.5, 'recall_micro': 0.99999, 'recall_weighted': 0.99999, 'recall_binary': 0.0, 'roc_auc': 0.3340333403334034}
Validation statistic: Loss: 0.0362, dev_score: {'accuracy': 0.9980667517782236, 'balanced_accuracy': 0.5, 'f1_macro': 0.4995162203114446, 'f1_micro': 0.9980667517782236, 'f1_weighted': 0.9971010629335582, 'f1_binary': 0.0, 'pr_auc': 0.027190674619189305, 'precision_macro': 0.4990333758891118, 'precision_micro': 0.9980667517782236, 'precision_weighted': 0.9961372410051341, 'precision_binary': 0.0, 'recall_macro': 0.5, 'recall_micro': 0.9980667517782236, 'recall_weighted': 0.9980667517782236, 'recall_binary': 0.0, 'roc_auc': 0.5881735170522954}
-----------------------
Epoch 13/100
Training statistic: Loss: 0.0002, train_score: {'accuracy': 0.99999, 'balanced_accuracy': 0.5, 'f1_macro': 0.4999974999874999, 'f1_micro': 0.99999, 'f1_weighted': 0.999985000025, 'f1_binary': 0.0, 'pr_auc': 1.0098358006988064e-05, 'precision_macro': 0.499995, 'precision_micro': 0.99999, 'precision_weighted': 0.9999800001, 'precision_binary': 0.0, 'recall_macro': 0.5, 'recall_micro': 0.99999, 'recall_weighted': 0.99999, 'recall_binary': 0.0, 'roc_auc': 0.009740097400974035}
Validation statistic: Loss: 0.0451, dev_score: {'accuracy': 0.9980667517782236, 'balanced_accuracy': 0.5, 'f1_macro': 0.4995162203114446, 'f1_micro': 0.9980667517782236, 'f1_weighted': 0.9971010629335582, 'f1_binary': 0.0, 'pr_auc': 0.020146442389432646, 'precision_macro': 0.4990333758891118, 'precision_micro': 0.9980667517782236, 'precision_weighted': 0.9961372410051341, 'precision_binary': 0.0, 'recall_macro': 0.5, 'recall_micro': 0.9980667517782236, 'recall_weighted': 0.9980667517782236, 'recall_binary': 0.0, 'roc_auc': 0.36637438232061265}
-----------------------
Epoch 14/100
Training statistic: Loss: 0.0002, train_score: {'accuracy': 0.99999, 'balanced_accuracy': 0.5, 'f1_macro': 0.4999974999874999, 'f1_micro': 0.99999, 'f1_weighted': 0.999985000025, 'f1_binary': 0.0, 'pr_auc': 0.0002204585537918871, 'precision_macro': 0.499995, 'precision_micro': 0.99999, 'precision_weighted': 0.9999800001, 'precision_binary': 0.0, 'recall_macro': 0.5, 'recall_micro': 0.99999, 'recall_weighted': 0.99999, 'recall_binary': 0.0, 'roc_auc': 0.9546495464954649}
Validation statistic: Loss: 0.0419, dev_score: {'accuracy': 0.9980667517782236, 'balanced_accuracy': 0.5, 'f1_macro': 0.4995162203114446, 'f1_micro': 0.9980667517782236, 'f1_weighted': 0.9971010629335582, 'f1_binary': 0.0, 'pr_auc': 0.004838555972885236, 'precision_macro': 0.4990333758891118, 'precision_micro': 0.9980667517782236, 'precision_weighted': 0.9961372410051341, 'precision_binary': 0.0, 'recall_macro': 0.5, 'recall_micro': 0.9980667517782236, 'recall_weighted': 0.9980667517782236, 'recall_binary': 0.0, 'roc_auc': 0.4414350986701016}
-----------------------
Epoch 15/100
Training statistic: Loss: 0.0002, train_score: {'accuracy': 0.99999, 'balanced_accuracy': 0.5, 'f1_macro': 0.4999974999874999, 'f1_micro': 0.99999, 'f1_weighted': 0.999985000025, 'f1_binary': 0.0, 'pr_auc': 0.0005246589716684155, 'precision_macro': 0.499995, 'precision_micro': 0.99999, 'precision_weighted': 0.9999800001, 'precision_binary': 0.0, 'recall_macro': 0.5, 'recall_micro': 0.99999, 'recall_weighted': 0.99999, 'recall_binary': 0.0, 'roc_auc': 0.980949809498095}
Validation statistic: Loss: 0.0398, dev_score: {'accuracy': 0.9980667517782236, 'balanced_accuracy': 0.5, 'f1_macro': 0.4995162203114446, 'f1_micro': 0.9980667517782236, 'f1_weighted': 0.9971010629335582, 'f1_binary': 0.0, 'pr_auc': 0.05565811928906706, 'precision_macro': 0.4990333758891118, 'precision_micro': 0.9980667517782236, 'precision_weighted': 0.9961372410051341, 'precision_binary': 0.0, 'recall_macro': 0.5, 'recall_micro': 0.9980667517782236, 'recall_weighted': 0.9980667517782236, 'recall_binary': 0.0, 'roc_auc': 0.6444621586472357}
-----------------------
Epoch 16/100
Training statistic: Loss: 0.0002, train_score: {'accuracy': 0.99999, 'balanced_accuracy': 0.5, 'f1_macro': 0.4999974999874999, 'f1_micro': 0.99999, 'f1_weighted': 0.999985000025, 'f1_binary': 0.0, 'pr_auc': 4.755337866755433e-05, 'precision_macro': 0.499995, 'precision_micro': 0.99999, 'precision_weighted': 0.9999800001, 'precision_binary': 0.0, 'recall_macro': 0.5, 'recall_micro': 0.99999, 'recall_weighted': 0.99999, 'recall_binary': 0.0, 'roc_auc': 0.7897178971789718}
Validation statistic: Loss: 0.0506, dev_score: {'accuracy': 0.9980667517782236, 'balanced_accuracy': 0.5, 'f1_macro': 0.4995162203114446, 'f1_micro': 0.9980667517782236, 'f1_weighted': 0.9971010629335582, 'f1_binary': 0.0, 'pr_auc': 0.0021928726175254646, 'precision_macro': 0.4990333758891118, 'precision_micro': 0.9980667517782236, 'precision_weighted': 0.9961372410051341, 'precision_binary': 0.0, 'recall_macro': 0.5, 'recall_micro': 0.9980667517782236, 'recall_weighted': 0.9980667517782236, 'recall_binary': 0.0, 'roc_auc': 0.3570886769007562}
-----------------------
Epoch 17/100
Training statistic: Loss: 0.0002, train_score: {'accuracy': 0.99999, 'balanced_accuracy': 0.5, 'f1_macro': 0.4999974999874999, 'f1_micro': 0.99999, 'f1_weighted': 0.999985000025, 'f1_binary': 0.0, 'pr_auc': 2.3821434526787203e-05, 'precision_macro': 0.499995, 'precision_micro': 0.99999, 'precision_weighted': 0.9999800001, 'precision_binary': 0.0, 'recall_macro': 0.5, 'recall_micro': 0.99999, 'recall_weighted': 0.99999, 'recall_binary': 0.0, 'roc_auc': 0.5802158021580216}
Validation statistic: Loss: 0.0490, dev_score: {'accuracy': 0.9980667517782236, 'balanced_accuracy': 0.5, 'f1_macro': 0.4995162203114446, 'f1_micro': 0.9980667517782236, 'f1_weighted': 0.9971010629335582, 'f1_binary': 0.0, 'pr_auc': 0.0016615847774654703, 'precision_macro': 0.4990333758891118, 'precision_micro': 0.9980667517782236, 'precision_weighted': 0.9961372410051341, 'precision_binary': 0.0, 'recall_macro': 0.5, 'recall_micro': 0.9980667517782236, 'recall_weighted': 0.9980667517782236, 'recall_binary': 0.0, 'roc_auc': 0.3703142217618981}
-----------------------
Epoch 18/100
Training statistic: Loss: 0.0002, train_score: {'accuracy': 0.99999, 'balanced_accuracy': 0.5, 'f1_macro': 0.4999974999874999, 'f1_micro': 0.99999, 'f1_weighted': 0.999985000025, 'f1_binary': 0.0, 'pr_auc': 1.030322387875166e-05, 'precision_macro': 0.499995, 'precision_micro': 0.99999, 'precision_weighted': 0.9999800001, 'precision_binary': 0.0, 'recall_macro': 0.5, 'recall_micro': 0.99999, 'recall_weighted': 0.99999, 'recall_binary': 0.0, 'roc_auc': 0.029430294302943083}
Validation statistic: Loss: 0.0654, dev_score: {'accuracy': 0.9980667517782236, 'balanced_accuracy': 0.5, 'f1_macro': 0.4995162203114446, 'f1_micro': 0.9980667517782236, 'f1_weighted': 0.9971010629335582, 'f1_binary': 0.0, 'pr_auc': 0.0011392776057124862, 'precision_macro': 0.4990333758891118, 'precision_micro': 0.9980667517782236, 'precision_weighted': 0.9961372410051341, 'precision_binary': 0.0, 'recall_macro': 0.5, 'recall_micro': 0.9980667517782236, 'recall_weighted': 0.9980667517782236, 'recall_binary': 0.0, 'roc_auc': 0.194052349146937}
-----------------------
Epoch 19/100
Training statistic: Loss: 0.0002, train_score: {'accuracy': 0.99999, 'balanced_accuracy': 0.5, 'f1_macro': 0.4999974999874999, 'f1_micro': 0.99999, 'f1_weighted': 0.999985000025, 'f1_binary': 0.0, 'pr_auc': 1.3554543482975493e-05, 'precision_macro': 0.499995, 'precision_micro': 0.99999, 'precision_weighted': 0.9999800001, 'precision_binary': 0.0, 'recall_macro': 0.5, 'recall_micro': 0.99999, 'recall_weighted': 0.99999, 'recall_binary': 0.0, 'roc_auc': 0.2622426224262243}
Validation statistic: Loss: 0.0778, dev_score: {'accuracy': 0.9980667517782236, 'balanced_accuracy': 0.5, 'f1_macro': 0.4995162203114446, 'f1_micro': 0.9980667517782236, 'f1_weighted': 0.9971010629335582, 'f1_binary': 0.0, 'pr_auc': 0.0010788592541107259, 'precision_macro': 0.4990333758891118, 'precision_micro': 0.9980667517782236, 'precision_weighted': 0.9961372410051341, 'precision_binary': 0.0, 'recall_macro': 0.5, 'recall_micro': 0.9980667517782236, 'recall_weighted': 0.9980667517782236, 'recall_binary': 0.0, 'roc_auc': 0.15647406608531594}
-----------------------
Epoch 20/100
Training statistic: Loss: 0.0002, train_score: {'accuracy': 0.99999, 'balanced_accuracy': 0.5, 'f1_macro': 0.4999974999874999, 'f1_micro': 0.99999, 'f1_weighted': 0.999985000025, 'f1_binary': 0.0, 'pr_auc': 1.1413049681005262e-05, 'precision_macro': 0.499995, 'precision_micro': 0.99999, 'precision_weighted': 0.9999800001, 'precision_binary': 0.0, 'recall_macro': 0.5, 'recall_micro': 0.99999, 'recall_weighted': 0.99999, 'recall_binary': 0.0, 'roc_auc': 0.12381123811238115}
Validation statistic: Loss: 0.0910, dev_score: {'accuracy': 0.9980667517782236, 'balanced_accuracy': 0.5, 'f1_macro': 0.4995162203114446, 'f1_micro': 0.9980667517782236, 'f1_weighted': 0.9971010629335582, 'f1_binary': 0.0, 'pr_auc': 0.0010865483555083308, 'precision_macro': 0.4990333758891118, 'precision_micro': 0.9980667517782236, 'precision_weighted': 0.9961372410051341, 'precision_binary': 0.0, 'recall_macro': 0.5, 'recall_micro': 0.9980667517782236, 'recall_weighted': 0.9980667517782236, 'recall_binary': 0.0, 'roc_auc': 0.1340945230473884}
-----------------------
Epoch 21/100
Training statistic: Loss: 0.0002, train_score: {'accuracy': 0.99999, 'balanced_accuracy': 0.5, 'f1_macro': 0.4999974999874999, 'f1_micro': 0.99999, 'f1_weighted': 0.999985000025, 'f1_binary': 0.0, 'pr_auc': 1.2382980831145674e-05, 'precision_macro': 0.499995, 'precision_micro': 0.99999, 'precision_weighted': 0.9999800001, 'precision_binary': 0.0, 'recall_macro': 0.5, 'recall_micro': 0.99999, 'recall_weighted': 0.99999, 'recall_binary': 0.0, 'roc_auc': 0.19244192441924424}
Validation statistic: Loss: 0.0983, dev_score: {'accuracy': 0.9980667517782236, 'balanced_accuracy': 0.5, 'f1_macro': 0.4995162203114446, 'f1_micro': 0.9980667517782236, 'f1_weighted': 0.9971010629335582, 'f1_binary': 0.0, 'pr_auc': 0.001248303291259633, 'precision_macro': 0.4990333758891118, 'precision_micro': 0.9980667517782236, 'precision_weighted': 0.9961372410051341, 'precision_binary': 0.0, 'recall_macro': 0.5, 'recall_micro': 0.9980667517782236, 'recall_weighted': 0.9980667517782236, 'recall_binary': 0.0, 'roc_auc': 0.14686529865824108}
-----------------------
Epoch 22/100
Training statistic: Loss: 0.0002, train_score: {'accuracy': 0.99999, 'balanced_accuracy': 0.5, 'f1_macro': 0.4999974999874999, 'f1_micro': 0.99999, 'f1_weighted': 0.999985000025, 'f1_binary': 0.0, 'pr_auc': 3.069556142181841e-05, 'precision_macro': 0.499995, 'precision_micro': 0.99999, 'precision_weighted': 0.9999800001, 'precision_binary': 0.0, 'recall_macro': 0.5, 'recall_micro': 0.99999, 'recall_weighted': 0.99999, 'recall_binary': 0.0, 'roc_auc': 0.6742267422674226}
Validation statistic: Loss: 0.0936, dev_score: {'accuracy': 0.9980667517782236, 'balanced_accuracy': 0.5, 'f1_macro': 0.4995162203114446, 'f1_micro': 0.9980667517782236, 'f1_weighted': 0.9971010629335582, 'f1_binary': 0.0, 'pr_auc': 0.0012110583356057696, 'precision_macro': 0.4990333758891118, 'precision_micro': 0.9980667517782236, 'precision_weighted': 0.9961372410051341, 'precision_binary': 0.0, 'recall_macro': 0.5, 'recall_micro': 0.9980667517782236, 'recall_weighted': 0.9980667517782236, 'recall_binary': 0.0, 'roc_auc': 0.14464213556054187}
-----------------------
Epoch 23/100
Training statistic: Loss: 0.0002, train_score: {'accuracy': 0.99999, 'balanced_accuracy': 0.5, 'f1_macro': 0.4999974999874999, 'f1_micro': 0.99999, 'f1_weighted': 0.999985000025, 'f1_binary': 0.0, 'pr_auc': 2.148920167615773e-05, 'precision_macro': 0.499995, 'precision_micro': 0.99999, 'precision_weighted': 0.9999800001, 'precision_binary': 0.0, 'recall_macro': 0.5, 'recall_micro': 0.99999, 'recall_weighted': 0.99999, 'recall_binary': 0.0, 'roc_auc': 0.5346553465534656}
Validation statistic: Loss: 0.1005, dev_score: {'accuracy': 0.9980667517782236, 'balanced_accuracy': 0.5, 'f1_macro': 0.4995162203114446, 'f1_micro': 0.9980667517782236, 'f1_weighted': 0.9971010629335582, 'f1_binary': 0.0, 'pr_auc': 0.00121792064260834, 'precision_macro': 0.4990333758891118, 'precision_micro': 0.9980667517782236, 'precision_weighted': 0.9961372410051341, 'precision_binary': 0.0, 'recall_macro': 0.5, 'recall_micro': 0.9980667517782236, 'recall_weighted': 0.9980667517782236, 'recall_binary': 0.0, 'roc_auc': 0.15098132239588577}
-----------------------
Epoch 24/100
Training statistic: Loss: 0.0002, train_score: {'accuracy': 0.99999, 'balanced_accuracy': 0.5, 'f1_macro': 0.4999974999874999, 'f1_micro': 0.99999, 'f1_weighted': 0.999985000025, 'f1_binary': 0.0, 'pr_auc': 1.2390345442830946e-05, 'precision_macro': 0.499995, 'precision_micro': 0.99999, 'precision_weighted': 0.9999800001, 'precision_binary': 0.0, 'recall_macro': 0.5, 'recall_micro': 0.99999, 'recall_weighted': 0.99999, 'recall_binary': 0.0, 'roc_auc': 0.1929219292192922}
Validation statistic: Loss: 0.1057, dev_score: {'accuracy': 0.9980667517782236, 'balanced_accuracy': 0.5, 'f1_macro': 0.4995162203114446, 'f1_micro': 0.9980667517782236, 'f1_weighted': 0.9971010629335582, 'f1_binary': 0.0, 'pr_auc': 0.0012839115877090542, 'precision_macro': 0.4990333758891118, 'precision_micro': 0.9980667517782236, 'precision_weighted': 0.9961372410051341, 'precision_binary': 0.0, 'recall_macro': 0.5, 'recall_micro': 0.9980667517782236, 'recall_weighted': 0.9980667517782236, 'recall_binary': 0.0, 'roc_auc': 0.14087710128218037}
-----------------------
Epoch 25/100
Training statistic: Loss: 0.0002, train_score: {'accuracy': 0.99999, 'balanced_accuracy': 0.5, 'f1_macro': 0.4999974999874999, 'f1_micro': 0.99999, 'f1_weighted': 0.999985000025, 'f1_binary': 0.0, 'pr_auc': 0.00684931506849315, 'precision_macro': 0.499995, 'precision_micro': 0.99999, 'precision_weighted': 0.9999800001, 'precision_binary': 0.0, 'recall_macro': 0.5, 'recall_micro': 0.99999, 'recall_weighted': 0.99999, 'recall_binary': 0.0, 'roc_auc': 0.998549985499855}
Validation statistic: Loss: 0.1048, dev_score: {'accuracy': 0.9980667517782236, 'balanced_accuracy': 0.5, 'f1_macro': 0.4995162203114446, 'f1_micro': 0.9980667517782236, 'f1_weighted': 0.9971010629335582, 'f1_binary': 0.0, 'pr_auc': 0.0012744279535331685, 'precision_macro': 0.4990333758891118, 'precision_micro': 0.9980667517782236, 'precision_weighted': 0.9961372410051341, 'precision_binary': 0.0, 'recall_macro': 0.5, 'recall_micro': 0.9980667517782236, 'recall_weighted': 0.9980667517782236, 'recall_binary': 0.0, 'roc_auc': 0.1420590186362301}
-----------------------
Epoch 26/100
Training statistic: Loss: 0.0002, train_score: {'accuracy': 0.99999, 'balanced_accuracy': 0.5, 'f1_macro': 0.4999974999874999, 'f1_micro': 0.99999, 'f1_weighted': 0.999985000025, 'f1_binary': 0.0, 'pr_auc': 0.0008169934640522876, 'precision_macro': 0.499995, 'precision_micro': 0.99999, 'precision_weighted': 0.9999800001, 'precision_binary': 0.0, 'recall_macro': 0.5, 'recall_micro': 0.99999, 'recall_weighted': 0.99999, 'recall_binary': 0.0, 'roc_auc': 0.9877748777487775}
Validation statistic: Loss: 0.1027, dev_score: {'accuracy': 0.9980667517782236, 'balanced_accuracy': 0.5, 'f1_macro': 0.4995162203114446, 'f1_micro': 0.9980667517782236, 'f1_weighted': 0.9971010629335582, 'f1_binary': 0.0, 'pr_auc': 0.001128944548926007, 'precision_macro': 0.4990333758891118, 'precision_micro': 0.9980667517782236, 'precision_weighted': 0.9961372410051341, 'precision_binary': 0.0, 'recall_macro': 0.5, 'recall_micro': 0.9980667517782236, 'recall_weighted': 0.9980667517782236, 'recall_binary': 0.0, 'roc_auc': 0.13705414339953634}
-----------------------
Epoch 27/100
Training statistic: Loss: 0.0002, train_score: {'accuracy': 0.99999, 'balanced_accuracy': 0.5, 'f1_macro': 0.4999974999874999, 'f1_micro': 0.99999, 'f1_weighted': 0.999985000025, 'f1_binary': 0.0, 'pr_auc': 5.105948429920858e-05, 'precision_macro': 0.499995, 'precision_micro': 0.99999, 'precision_weighted': 0.9999800001, 'precision_binary': 0.0, 'recall_macro': 0.5, 'recall_micro': 0.99999, 'recall_weighted': 0.99999, 'recall_binary': 0.0, 'roc_auc': 0.8041580415804159}
Validation statistic: Loss: 0.0983, dev_score: {'accuracy': 0.9980667517782236, 'balanced_accuracy': 0.5, 'f1_macro': 0.4995162203114446, 'f1_micro': 0.9980667517782236, 'f1_weighted': 0.9971010629335582, 'f1_binary': 0.0, 'pr_auc': 0.001142061888251744, 'precision_macro': 0.4990333758891118, 'precision_micro': 0.9980667517782236, 'precision_weighted': 0.9961372410051341, 'precision_binary': 0.0, 'recall_macro': 0.5, 'recall_micro': 0.9980667517782236, 'recall_weighted': 0.9980667517782236, 'recall_binary': 0.0, 'roc_auc': 0.16291806706174244}
-----------------------
Epoch 28/100
Training statistic: Loss: 0.0002, train_score: {'accuracy': 0.99999, 'balanced_accuracy': 0.5, 'f1_macro': 0.4999974999874999, 'f1_micro': 0.99999, 'f1_weighted': 0.999985000025, 'f1_binary': 0.0, 'pr_auc': 0.00016, 'precision_macro': 0.499995, 'precision_micro': 0.99999, 'precision_weighted': 0.9999800001, 'precision_binary': 0.0, 'recall_macro': 0.5, 'recall_micro': 0.99999, 'recall_weighted': 0.99999, 'recall_binary': 0.0, 'roc_auc': 0.9375093750937509}
Validation statistic: Loss: 0.0996, dev_score: {'accuracy': 0.9980667517782236, 'balanced_accuracy': 0.5, 'f1_macro': 0.4995162203114446, 'f1_micro': 0.9980667517782236, 'f1_weighted': 0.9971010629335582, 'f1_binary': 0.0, 'pr_auc': 0.001140866900109028, 'precision_macro': 0.4990333758891118, 'precision_micro': 0.9980667517782236, 'precision_weighted': 0.9961372410051341, 'precision_binary': 0.0, 'recall_macro': 0.5, 'recall_micro': 0.9980667517782236, 'recall_weighted': 0.9980667517782236, 'recall_binary': 0.0, 'roc_auc': 0.15922647163881049}
-----------------------
Epoch 29/100
Training statistic: Loss: 0.0002, train_score: {'accuracy': 0.99999, 'balanced_accuracy': 0.5, 'f1_macro': 0.4999974999874999, 'f1_micro': 0.99999, 'f1_weighted': 0.999985000025, 'f1_binary': 0.0, 'pr_auc': 1.095818357149119e-05, 'precision_macro': 0.499995, 'precision_micro': 0.99999, 'precision_weighted': 0.9999800001, 'precision_binary': 0.0, 'recall_macro': 0.5, 'recall_micro': 0.99999, 'recall_weighted': 0.99999, 'recall_binary': 0.0, 'roc_auc': 0.08744087440874404}
Validation statistic: Loss: 0.1005, dev_score: {'accuracy': 0.9980667517782236, 'balanced_accuracy': 0.5, 'f1_macro': 0.4995162203114446, 'f1_micro': 0.9980667517782236, 'f1_weighted': 0.9971010629335582, 'f1_binary': 0.0, 'pr_auc': 0.0011481170964573193, 'precision_macro': 0.4990333758891118, 'precision_micro': 0.9980667517782236, 'precision_weighted': 0.9961372410051341, 'precision_binary': 0.0, 'recall_macro': 0.5, 'recall_micro': 0.9980667517782236, 'recall_weighted': 0.9980667517782236, 'recall_binary': 0.0, 'roc_auc': 0.16096107671705562}
-----------------------
Epoch 30/100
Training statistic: Loss: 0.0002, train_score: {'accuracy': 0.99999, 'balanced_accuracy': 0.5, 'f1_macro': 0.4999974999874999, 'f1_micro': 0.99999, 'f1_weighted': 0.999985000025, 'f1_binary': 0.0, 'pr_auc': 1.136854550828767e-05, 'precision_macro': 0.499995, 'precision_micro': 0.99999, 'precision_weighted': 0.9999800001, 'precision_binary': 0.0, 'recall_macro': 0.5, 'recall_micro': 0.99999, 'recall_weighted': 0.99999, 'recall_binary': 0.0, 'roc_auc': 0.1203812038120381}
Validation statistic: Loss: 0.0952, dev_score: {'accuracy': 0.9980667517782236, 'balanced_accuracy': 0.5, 'f1_macro': 0.4995162203114446, 'f1_micro': 0.9980667517782236, 'f1_weighted': 0.9971010629335582, 'f1_binary': 0.0, 'pr_auc': 0.001099483508314583, 'precision_macro': 0.4990333758891118, 'precision_micro': 0.9980667517782236, 'precision_weighted': 0.9961372410051341, 'precision_binary': 0.0, 'recall_macro': 0.5, 'recall_micro': 0.9980667517782236, 'recall_weighted': 0.9980667517782236, 'recall_binary': 0.0, 'roc_auc': 0.15969503222345272}
-----------------------
Epoch 31/100
Training statistic: Loss: 0.0002, train_score: {'accuracy': 0.99999, 'balanced_accuracy': 0.5, 'f1_macro': 0.4999974999874999, 'f1_micro': 0.99999, 'f1_weighted': 0.999985000025, 'f1_binary': 0.0, 'pr_auc': 1.3249771441442636e-05, 'precision_macro': 0.499995, 'precision_micro': 0.99999, 'precision_weighted': 0.9999800001, 'precision_binary': 0.0, 'recall_macro': 0.5, 'recall_micro': 0.99999, 'recall_weighted': 0.99999, 'recall_binary': 0.0, 'roc_auc': 0.24527245272452725}
Validation statistic: Loss: 0.1014, dev_score: {'accuracy': 0.9980667517782236, 'balanced_accuracy': 0.5, 'f1_macro': 0.4995162203114446, 'f1_micro': 0.9980667517782236, 'f1_weighted': 0.9971010629335582, 'f1_binary': 0.0, 'pr_auc': 0.001111627039077424, 'precision_macro': 0.4990333758891118, 'precision_micro': 0.9980667517782236, 'precision_weighted': 0.9961372410051341, 'precision_binary': 0.0, 'recall_macro': 0.5, 'recall_micro': 0.9980667517782236, 'recall_weighted': 0.9980667517782236, 'recall_binary': 0.0, 'roc_auc': 0.14036371886089094}
-----------------------
Epoch 32/100
Training statistic: Loss: 0.0002, train_score: {'accuracy': 0.99999, 'balanced_accuracy': 0.5, 'f1_macro': 0.4999974999874999, 'f1_micro': 0.99999, 'f1_weighted': 0.999985000025, 'f1_binary': 0.0, 'pr_auc': 0.00014281633818908883, 'precision_macro': 0.499995, 'precision_micro': 0.99999, 'precision_weighted': 0.9999800001, 'precision_binary': 0.0, 'recall_macro': 0.5, 'recall_micro': 0.99999, 'recall_weighted': 0.99999, 'recall_binary': 0.0, 'roc_auc': 0.9299892998929989}
Validation statistic: Loss: 0.1043, dev_score: {'accuracy': 0.9980667517782236, 'balanced_accuracy': 0.5, 'f1_macro': 0.4995162203114446, 'f1_micro': 0.9980667517782236, 'f1_weighted': 0.9971010629335582, 'f1_binary': 0.0, 'pr_auc': 0.0011426870105478008, 'precision_macro': 0.4990333758891118, 'precision_micro': 0.9980667517782236, 'precision_weighted': 0.9961372410051341, 'precision_binary': 0.0, 'recall_macro': 0.5, 'recall_micro': 0.9980667517782236, 'recall_weighted': 0.9980667517782236, 'recall_binary': 0.0, 'roc_auc': 0.15320241679343202}
-----------------------
Epoch 33/100
Training statistic: Loss: 0.0002, train_score: {'accuracy': 0.99999, 'balanced_accuracy': 0.5, 'f1_macro': 0.4999974999874999, 'f1_micro': 0.99999, 'f1_weighted': 0.999985000025, 'f1_binary': 0.0, 'pr_auc': 0.00011771630370806356, 'precision_macro': 0.499995, 'precision_micro': 0.99999, 'precision_weighted': 0.9999800001, 'precision_binary': 0.0, 'recall_macro': 0.5, 'recall_micro': 0.99999, 'recall_weighted': 0.99999, 'recall_binary': 0.0, 'roc_auc': 0.9150591505915059}
Validation statistic: Loss: 0.1025, dev_score: {'accuracy': 0.9980667517782236, 'balanced_accuracy': 0.5, 'f1_macro': 0.4995162203114446, 'f1_micro': 0.9980667517782236, 'f1_weighted': 0.9971010629335582, 'f1_binary': 0.0, 'pr_auc': 0.001131480945642573, 'precision_macro': 0.4990333758891118, 'precision_micro': 0.9980667517782236, 'precision_weighted': 0.9961372410051341, 'precision_binary': 0.0, 'recall_macro': 0.5, 'recall_micro': 0.9980667517782236, 'recall_weighted': 0.9980667517782236, 'recall_binary': 0.0, 'roc_auc': 0.15486082474937696}
Early stopping by loss triggered!
Testing statistic: loss: 0.008375480816549688, scores: {'accuracy': 0.9989991993594876, 'balanced_accuracy': 0.5, 'f1_macro': 0.49974967457695, 'f1_micro': 0.9989991993594876, 'f1_weighted': 0.9984990495650752, 'f1_binary': 0.0, 'pr_auc': 0.0008401092517252007, 'precision_macro': 0.4994995996797438, 'precision_micro': 0.9989991993594876, 'precision_weighted': 0.9979994003208971, 'precision_binary': 0.0, 'recall_macro': 0.5, 'recall_micro': 0.9989991993594876, 'recall_weighted': 0.9989991993594876, 'recall_binary': 0.0, 'roc_auc': 0.36066920456822277}
Finish training!
