=====Setting up data=====
Dataset name:credit
train_option:mix
augment_option:xgb
mix_ratio:-1
n_sample:-1
Training dataset size: 347520 samples
Validation dataset size: 27520 samples

=====Setting up parameters for training=====
num_epochs: 100
learning_rate: 0.001
patience: 30
early_stop_criterion: loss
=====Setting up trainer=====
input_size: 29
model: DNN_Adult
----------------------------------------------------------------
        Layer (type)               Output Shape         Param #
================================================================
            Linear-1                  [-1, 128]           3,840
       BatchNorm1d-2                  [-1, 128]             256
              ReLU-3                  [-1, 128]               0
           Dropout-4                  [-1, 128]               0
            Linear-5                   [-1, 64]           8,256
       BatchNorm1d-6                   [-1, 64]             128
              ReLU-7                   [-1, 64]               0
           Dropout-8                   [-1, 64]               0
            Linear-9                   [-1, 32]           2,080
      BatchNorm1d-10                   [-1, 32]              64
             ReLU-11                   [-1, 32]               0
          Dropout-12                   [-1, 32]               0
           Linear-13                   [-1, 16]             528
      BatchNorm1d-14                   [-1, 16]              32
             ReLU-15                   [-1, 16]               0
          Dropout-16                   [-1, 16]               0
           Linear-17                    [-1, 1]              17
          Sigmoid-18                    [-1, 1]               0
================================================================
Total params: 15,201
Trainable params: 15,201
Non-trainable params: 0
----------------------------------------------------------------
Input size (MB): 0.00
Forward/backward pass size (MB): 0.01
Params size (MB): 0.06
Estimated Total Size (MB): 0.07
----------------------------------------------------------------
=====Setting up output files=====
weight_dir, weight_file: /home/thuy/Research/minh_data_synth/TabularDA/output/corrected_v2/credit/weight/, credit_seed43_ctgan_xonly_xgb_mix.weights.pth
acc_dir, acc_file: /home/thuy/Research/minh_data_synth/TabularDA/output/corrected_v2/credit/acc/, credit_seed43_ctgan_xonly_xgb_mix.epochs.csv
report_file: credit_seed43_ctgan_xonly_xgb_mix.report.txt
==========================================================================================
Start training...
-----------------------
Epoch 1/100
Training statistic: Loss: 0.0054, train_score: {'accuracy': 0.9987478411053541, 'balanced_accuracy': 0.5, 'f1_macro': 0.4996867641658206, 'f1_micro': 0.9987478411053541, 'f1_weighted': 0.998122153879067, 'f1_binary': 0.0, 'pr_auc': 0.6554852924442162, 'precision_macro': 0.49937392055267704, 'precision_micro': 0.9987478411053541, 'precision_weighted': 0.9974972501126055, 'precision_binary': 0.0, 'recall_macro': 0.5, 'recall_micro': 0.9987478411053541, 'recall_weighted': 0.9987478411053541, 'recall_binary': 0.0, 'roc_auc': 0.909228013491705}
Validation statistic: Loss: 0.0085, dev_score: {'accuracy': 0.9980667517782236, 'balanced_accuracy': 0.5, 'f1_macro': 0.4995162203114446, 'f1_micro': 0.9980667517782236, 'f1_weighted': 0.9971010629335582, 'f1_binary': 0.0, 'pr_auc': 0.5977989181098348, 'precision_macro': 0.4990333758891118, 'precision_micro': 0.9980667517782236, 'precision_weighted': 0.9961372410051341, 'precision_binary': 0.0, 'recall_macro': 0.5, 'recall_micro': 0.9980667517782236, 'recall_weighted': 0.9980667517782236, 'recall_binary': 0.0, 'roc_auc': 0.8872889408668958}
Saving model...
Model saved!
-------------------------------------------
-----------------------
Epoch 2/100
Training statistic: Loss: 0.0042, train_score: {'accuracy': 0.9987478411053541, 'balanced_accuracy': 0.5, 'f1_macro': 0.4996867641658206, 'f1_micro': 0.9987478411053541, 'f1_weighted': 0.998122153879067, 'f1_binary': 0.0, 'pr_auc': 0.7000153490939885, 'precision_macro': 0.49937392055267704, 'precision_micro': 0.9987478411053541, 'precision_weighted': 0.9974972501126055, 'precision_binary': 0.0, 'recall_macro': 0.5, 'recall_micro': 0.9987478411053541, 'recall_weighted': 0.9987478411053541, 'recall_binary': 0.0, 'roc_auc': 0.9531203766784917}
Validation statistic: Loss: 0.0077, dev_score: {'accuracy': 0.9980667517782236, 'balanced_accuracy': 0.5, 'f1_macro': 0.4995162203114446, 'f1_micro': 0.9980667517782236, 'f1_weighted': 0.9971010629335582, 'f1_binary': 0.0, 'pr_auc': 0.6588942986978983, 'precision_macro': 0.4990333758891118, 'precision_micro': 0.9980667517782236, 'precision_weighted': 0.9961372410051341, 'precision_binary': 0.0, 'recall_macro': 0.5, 'recall_micro': 0.9980667517782236, 'recall_weighted': 0.9980667517782236, 'recall_binary': 0.0, 'roc_auc': 0.9312567491342489}
Saving model...
Model saved!
-------------------------------------------
-----------------------
Epoch 3/100
Training statistic: Loss: 0.0040, train_score: {'accuracy': 0.9987478411053541, 'balanced_accuracy': 0.5, 'f1_macro': 0.4996867641658206, 'f1_micro': 0.9987478411053541, 'f1_weighted': 0.998122153879067, 'f1_binary': 0.0, 'pr_auc': 0.7327108663853287, 'precision_macro': 0.49937392055267704, 'precision_micro': 0.9987478411053541, 'precision_weighted': 0.9974972501126055, 'precision_binary': 0.0, 'recall_macro': 0.5, 'recall_micro': 0.9987478411053541, 'recall_weighted': 0.9987478411053541, 'recall_binary': 0.0, 'roc_auc': 0.9779998976345126}
Validation statistic: Loss: 0.0078, dev_score: {'accuracy': 0.9980667517782236, 'balanced_accuracy': 0.5, 'f1_macro': 0.4995162203114446, 'f1_micro': 0.9980667517782236, 'f1_weighted': 0.9971010629335582, 'f1_binary': 0.0, 'pr_auc': 0.6396193028610482, 'precision_macro': 0.4990333758891118, 'precision_micro': 0.9980667517782236, 'precision_weighted': 0.9961372410051341, 'precision_binary': 0.0, 'recall_macro': 0.5, 'recall_micro': 0.9980667517782236, 'recall_weighted': 0.9980667517782236, 'recall_binary': 0.0, 'roc_auc': 0.9491541085074605}
-----------------------
Epoch 4/100
Training statistic: Loss: 0.0041, train_score: {'accuracy': 0.9987478411053541, 'balanced_accuracy': 0.5, 'f1_macro': 0.4996867641658206, 'f1_micro': 0.9987478411053541, 'f1_weighted': 0.998122153879067, 'f1_binary': 0.0, 'pr_auc': 0.7326416625716872, 'precision_macro': 0.49937392055267704, 'precision_micro': 0.9987478411053541, 'precision_weighted': 0.9974972501126055, 'precision_binary': 0.0, 'recall_macro': 0.5, 'recall_micro': 0.9987478411053541, 'recall_weighted': 0.9987478411053541, 'recall_binary': 0.0, 'roc_auc': 0.9795043920260266}
Validation statistic: Loss: 0.0081, dev_score: {'accuracy': 0.9980667517782236, 'balanced_accuracy': 0.5, 'f1_macro': 0.4995162203114446, 'f1_micro': 0.9980667517782236, 'f1_weighted': 0.9971010629335582, 'f1_binary': 0.0, 'pr_auc': 0.6586584686834466, 'precision_macro': 0.4990333758891118, 'precision_micro': 0.9980667517782236, 'precision_weighted': 0.9961372410051341, 'precision_binary': 0.0, 'recall_macro': 0.5, 'recall_micro': 0.9980667517782236, 'recall_weighted': 0.9980667517782236, 'recall_binary': 0.0, 'roc_auc': 0.9507132188560641}
-----------------------
Epoch 5/100
Training statistic: Loss: 0.0043, train_score: {'accuracy': 0.9987478411053541, 'balanced_accuracy': 0.5, 'f1_macro': 0.4996867641658206, 'f1_micro': 0.9987478411053541, 'f1_weighted': 0.998122153879067, 'f1_binary': 0.0, 'pr_auc': 0.7171055958917102, 'precision_macro': 0.49937392055267704, 'precision_micro': 0.9987478411053541, 'precision_weighted': 0.9974972501126055, 'precision_binary': 0.0, 'recall_macro': 0.5, 'recall_micro': 0.9987478411053541, 'recall_weighted': 0.9987478411053541, 'recall_binary': 0.0, 'roc_auc': 0.9787934289307726}
Validation statistic: Loss: 0.0081, dev_score: {'accuracy': 0.9980667517782236, 'balanced_accuracy': 0.5, 'f1_macro': 0.4995162203114446, 'f1_micro': 0.9980667517782236, 'f1_weighted': 0.9971010629335582, 'f1_binary': 0.0, 'pr_auc': 0.6863228983724596, 'precision_macro': 0.4990333758891118, 'precision_micro': 0.9980667517782236, 'precision_weighted': 0.9961372410051341, 'precision_binary': 0.0, 'recall_macro': 0.5, 'recall_micro': 0.9980667517782236, 'recall_weighted': 0.9980667517782236, 'recall_binary': 0.0, 'roc_auc': 0.9501367410801098}
-----------------------
Epoch 6/100
Training statistic: Loss: 0.0040, train_score: {'accuracy': 0.9987478411053541, 'balanced_accuracy': 0.5, 'f1_macro': 0.4996867641658206, 'f1_micro': 0.9987478411053541, 'f1_weighted': 0.998122153879067, 'f1_binary': 0.0, 'pr_auc': 0.7301975408717379, 'precision_macro': 0.49937392055267704, 'precision_micro': 0.9987478411053541, 'precision_weighted': 0.9974972501126055, 'precision_binary': 0.0, 'recall_macro': 0.5, 'recall_micro': 0.9987478411053541, 'recall_weighted': 0.9987478411053541, 'recall_binary': 0.0, 'roc_auc': 0.9830456150882091}
Validation statistic: Loss: 0.0079, dev_score: {'accuracy': 0.9980667517782236, 'balanced_accuracy': 0.5, 'f1_macro': 0.4995162203114446, 'f1_micro': 0.9980667517782236, 'f1_weighted': 0.9971010629335582, 'f1_binary': 0.0, 'pr_auc': 0.6954456743326386, 'precision_macro': 0.4990333758891118, 'precision_micro': 0.9980667517782236, 'precision_weighted': 0.9961372410051341, 'precision_binary': 0.0, 'recall_macro': 0.5, 'recall_micro': 0.9980667517782236, 'recall_weighted': 0.9980667517782236, 'recall_binary': 0.0, 'roc_auc': 0.9367563884908556}
-----------------------
Epoch 7/100
Training statistic: Loss: 0.0039, train_score: {'accuracy': 0.9987478411053541, 'balanced_accuracy': 0.5, 'f1_macro': 0.4996867641658206, 'f1_micro': 0.9987478411053541, 'f1_weighted': 0.998122153879067, 'f1_binary': 0.0, 'pr_auc': 0.7261312705176052, 'precision_macro': 0.49937392055267704, 'precision_micro': 0.9987478411053541, 'precision_weighted': 0.9974972501126055, 'precision_binary': 0.0, 'recall_macro': 0.5, 'recall_micro': 0.9987478411053541, 'recall_weighted': 0.9987478411053541, 'recall_binary': 0.0, 'roc_auc': 0.9858197396769458}
Validation statistic: Loss: 0.0078, dev_score: {'accuracy': 0.9980667517782236, 'balanced_accuracy': 0.5, 'f1_macro': 0.4995162203114446, 'f1_micro': 0.9980667517782236, 'f1_weighted': 0.9971010629335582, 'f1_binary': 0.0, 'pr_auc': 0.6888973699914674, 'precision_macro': 0.4990333758891118, 'precision_micro': 0.9980667517782236, 'precision_weighted': 0.9961372410051341, 'precision_binary': 0.0, 'recall_macro': 0.5, 'recall_micro': 0.9980667517782236, 'recall_weighted': 0.9980667517782236, 'recall_binary': 0.0, 'roc_auc': 0.9550819687957268}
-----------------------
Epoch 8/100
Training statistic: Loss: 0.0041, train_score: {'accuracy': 0.9987478411053541, 'balanced_accuracy': 0.5, 'f1_macro': 0.4996867641658206, 'f1_micro': 0.9987478411053541, 'f1_weighted': 0.998122153879067, 'f1_binary': 0.0, 'pr_auc': 0.7166252485186393, 'precision_macro': 0.49937392055267704, 'precision_micro': 0.9987478411053541, 'precision_weighted': 0.9974972501126055, 'precision_binary': 0.0, 'recall_macro': 0.5, 'recall_micro': 0.9987478411053541, 'recall_weighted': 0.9987478411053541, 'recall_binary': 0.0, 'roc_auc': 0.987163182347552}
Validation statistic: Loss: 0.0081, dev_score: {'accuracy': 0.9980667517782236, 'balanced_accuracy': 0.5, 'f1_macro': 0.4995162203114446, 'f1_micro': 0.9980667517782236, 'f1_weighted': 0.9971010629335582, 'f1_binary': 0.0, 'pr_auc': 0.6628731267558868, 'precision_macro': 0.4990333758891118, 'precision_micro': 0.9980667517782236, 'precision_weighted': 0.9961372410051341, 'precision_binary': 0.0, 'recall_macro': 0.5, 'recall_micro': 0.9980667517782236, 'recall_weighted': 0.9980667517782236, 'recall_binary': 0.0, 'roc_auc': 0.957850923950445}
-----------------------
Epoch 9/100
Training statistic: Loss: 0.0041, train_score: {'accuracy': 0.9987478411053541, 'balanced_accuracy': 0.5, 'f1_macro': 0.4996867641658206, 'f1_micro': 0.9987478411053541, 'f1_weighted': 0.998122153879067, 'f1_binary': 0.0, 'pr_auc': 0.7124320797373785, 'precision_macro': 0.49937392055267704, 'precision_micro': 0.9987478411053541, 'precision_weighted': 0.9974972501126055, 'precision_binary': 0.0, 'recall_macro': 0.5, 'recall_micro': 0.9987478411053541, 'recall_weighted': 0.9987478411053541, 'recall_binary': 0.0, 'roc_auc': 0.9843468460746065}
Validation statistic: Loss: 0.0082, dev_score: {'accuracy': 0.9980667517782236, 'balanced_accuracy': 0.5, 'f1_macro': 0.4995162203114446, 'f1_micro': 0.9980667517782236, 'f1_weighted': 0.9971010629335582, 'f1_binary': 0.0, 'pr_auc': 0.6800843477758416, 'precision_macro': 0.4990333758891118, 'precision_micro': 0.9980667517782236, 'precision_weighted': 0.9961372410051341, 'precision_binary': 0.0, 'recall_macro': 0.5, 'recall_micro': 0.9980667517782236, 'recall_weighted': 0.9980667517782236, 'recall_binary': 0.0, 'roc_auc': 0.9568903575127605}
-----------------------
Epoch 10/100
Training statistic: Loss: 0.0046, train_score: {'accuracy': 0.9987478411053541, 'balanced_accuracy': 0.5, 'f1_macro': 0.4996867641658206, 'f1_micro': 0.9987478411053541, 'f1_weighted': 0.998122153879067, 'f1_binary': 0.0, 'pr_auc': 0.7461441776078235, 'precision_macro': 0.49937392055267704, 'precision_micro': 0.9987478411053541, 'precision_weighted': 0.9974972501126055, 'precision_binary': 0.0, 'recall_macro': 0.5, 'recall_micro': 0.9987478411053541, 'recall_weighted': 0.9987478411053541, 'recall_binary': 0.0, 'roc_auc': 0.9869531475813834}
Validation statistic: Loss: 0.0087, dev_score: {'accuracy': 0.9980667517782236, 'balanced_accuracy': 0.5, 'f1_macro': 0.4995162203114446, 'f1_micro': 0.9980667517782236, 'f1_weighted': 0.9971010629335582, 'f1_binary': 0.0, 'pr_auc': 0.7048828930345172, 'precision_macro': 0.4990333758891118, 'precision_micro': 0.9980667517782236, 'precision_weighted': 0.9961372410051341, 'precision_binary': 0.0, 'recall_macro': 0.5, 'recall_micro': 0.9980667517782236, 'recall_weighted': 0.9980667517782236, 'recall_binary': 0.0, 'roc_auc': 0.9624758479257143}
-----------------------
Epoch 11/100
Training statistic: Loss: 0.0040, train_score: {'accuracy': 0.9987478411053541, 'balanced_accuracy': 0.5, 'f1_macro': 0.4996867641658206, 'f1_micro': 0.9987478411053541, 'f1_weighted': 0.998122153879067, 'f1_binary': 0.0, 'pr_auc': 0.7140629219964213, 'precision_macro': 0.49937392055267704, 'precision_micro': 0.9987478411053541, 'precision_weighted': 0.9974972501126055, 'precision_binary': 0.0, 'recall_macro': 0.5, 'recall_micro': 0.9987478411053541, 'recall_weighted': 0.9987478411053541, 'recall_binary': 0.0, 'roc_auc': 0.9877679304829018}
Validation statistic: Loss: 0.0078, dev_score: {'accuracy': 0.9980667517782236, 'balanced_accuracy': 0.5, 'f1_macro': 0.4995162203114446, 'f1_micro': 0.9980667517782236, 'f1_weighted': 0.9971010629335582, 'f1_binary': 0.0, 'pr_auc': 0.6735885501488321, 'precision_macro': 0.4990333758891118, 'precision_micro': 0.9980667517782236, 'precision_weighted': 0.9961372410051341, 'precision_binary': 0.0, 'recall_macro': 0.5, 'recall_micro': 0.9980667517782236, 'recall_weighted': 0.9980667517782236, 'recall_binary': 0.0, 'roc_auc': 0.9616793983668303}
-----------------------
Epoch 12/100
Training statistic: Loss: 0.0041, train_score: {'accuracy': 0.9987478411053541, 'balanced_accuracy': 0.5, 'f1_macro': 0.4996867641658206, 'f1_micro': 0.9987478411053541, 'f1_weighted': 0.998122153879067, 'f1_binary': 0.0, 'pr_auc': 0.7257868197936063, 'precision_macro': 0.49937392055267704, 'precision_micro': 0.9987478411053541, 'precision_weighted': 0.9974972501126055, 'precision_binary': 0.0, 'recall_macro': 0.5, 'recall_micro': 0.9987478411053541, 'recall_weighted': 0.9987478411053541, 'recall_binary': 0.0, 'roc_auc': 0.9886554491981452}
Validation statistic: Loss: 0.0081, dev_score: {'accuracy': 0.9980667517782236, 'balanced_accuracy': 0.5, 'f1_macro': 0.4995162203114446, 'f1_micro': 0.9980667517782236, 'f1_weighted': 0.9971010629335582, 'f1_binary': 0.0, 'pr_auc': 0.6815994004490281, 'precision_macro': 0.4990333758891118, 'precision_micro': 0.9980667517782236, 'precision_weighted': 0.9961372410051341, 'precision_binary': 0.0, 'recall_macro': 0.5, 'recall_micro': 0.9980667517782236, 'recall_weighted': 0.9980667517782236, 'recall_binary': 0.0, 'roc_auc': 0.9629323410927978}
-----------------------
Epoch 13/100
Training statistic: Loss: 0.0038, train_score: {'accuracy': 0.9991191709844559, 'balanced_accuracy': 0.6907512782020645, 'f1_macro': 0.7599676781292839, 'f1_micro': 0.9991191709844559, 'f1_weighted': 0.9989591674479025, 'f1_binary': 0.5203761755485894, 'pr_auc': 0.7187616932574852, 'precision_macro': 0.9084796069340171, 'precision_micro': 0.9991191709844559, 'precision_weighted': 0.998997967857833, 'precision_binary': 0.8177339901477833, 'recall_macro': 0.6907512782020645, 'recall_micro': 0.9991191709844559, 'recall_weighted': 0.9991191709844559, 'recall_binary': 0.3816091954022989, 'roc_auc': 0.9888618365726709}
Validation statistic: Loss: 0.0077, dev_score: {'accuracy': 0.9988692321721685, 'balanced_accuracy': 0.7357942360497205, 'f1_macro': 0.8083588651148484, 'f1_micro': 0.9988692321721685, 'f1_weighted': 0.998694989135056, 'f1_binary': 0.6172839506172839, 'pr_auc': 0.6889839951261735, 'precision_macro': 0.9459173799873768, 'precision_micro': 0.9988692321721685, 'precision_weighted': 0.9987724598994524, 'precision_binary': 0.8928571428571429, 'recall_macro': 0.7357942360497205, 'recall_micro': 0.9988692321721685, 'recall_weighted': 0.9988692321721685, 'recall_binary': 0.4716981132075472, 'roc_auc': 0.9700072956158728}
-----------------------
Epoch 14/100
Training statistic: Loss: 0.0038, train_score: {'accuracy': 0.9991421991940127, 'balanced_accuracy': 0.6999466805009151, 'f1_macro': 0.7691351954261165, 'f1_micro': 0.9991421991940127, 'f1_weighted': 0.9989936167152409, 'f1_binary': 0.5386996904024768, 'pr_auc': 0.7226542237378948, 'precision_macro': 0.9119463989177043, 'precision_micro': 0.9991421991940127, 'precision_weighted': 0.9990296164984995, 'precision_binary': 0.8246445497630331, 'recall_macro': 0.6999466805009151, 'recall_micro': 0.9991421991940127, 'recall_weighted': 0.9991421991940127, 'recall_binary': 0.4, 'roc_auc': 0.9895150807718357}
Validation statistic: Loss: 0.0077, dev_score: {'accuracy': 0.9989057085537115, 'balanced_accuracy': 0.7452281983138714, 'f1_macro': 0.8167991881204704, 'f1_micro': 0.9989057085537115, 'f1_weighted': 0.9987458081955218, 'f1_binary': 0.6341463414634146, 'pr_auc': 0.6852536917255244, 'precision_macro': 0.9477829094654455, 'precision_micro': 0.9989057085537115, 'precision_weighted': 0.9988160095970922, 'precision_binary': 0.896551724137931, 'recall_macro': 0.7452281983138714, 'recall_micro': 0.9989057085537115, 'recall_weighted': 0.9989057085537115, 'recall_binary': 0.49056603773584906, 'roc_auc': 0.9657181906320982}
-----------------------
Epoch 15/100
Training statistic: Loss: 0.0042, train_score: {'accuracy': 0.999055843408175, 'balanced_accuracy': 0.6631679534405985, 'f1_macro': 0.7317898965494685, 'f1_micro': 0.999055843408175, 'f1_weighted': 0.9988570054602368, 'f1_binary': 0.46405228758169936, 'pr_auc': 0.7248232773193176, 'precision_macro': 0.9007080244479235, 'precision_micro': 0.999055843408175, 'precision_weighted': 0.9989096164682782, 'precision_binary': 0.8022598870056498, 'recall_macro': 0.6631679534405985, 'recall_micro': 0.999055843408175, 'recall_weighted': 0.999055843408175, 'recall_binary': 0.3264367816091954, 'roc_auc': 0.988896491762477}
Validation statistic: Loss: 0.0084, dev_score: {'accuracy': 0.9987962794090827, 'balanced_accuracy': 0.7169263115214186, 'f1_macro': 0.7908378761476873, 'f1_micro': 0.9987962794090827, 'f1_weighted': 0.9985908771231571, 'f1_binary': 0.5822784810126582, 'pr_auc': 0.6855251385488457, 'precision_macro': 0.9417600271866583, 'precision_micro': 0.9987962794090827, 'precision_weighted': 0.9986837202006622, 'precision_binary': 0.8846153846153846, 'recall_macro': 0.7169263115214186, 'recall_micro': 0.9987962794090827, 'recall_weighted': 0.9987962794090827, 'recall_binary': 0.4339622641509434, 'roc_auc': 0.961422879547865}
-----------------------
Epoch 16/100
Training statistic: Loss: 0.0045, train_score: {'accuracy': 0.9990097869890616, 'balanced_accuracy': 0.632149322424949, 'f1_macro': 0.7001006741210132, 'f1_micro': 0.9990097869890616, 'f1_weighted': 0.9987546818429395, 'f1_binary': 0.40069686411149824, 'pr_auc': 0.7276771820490578, 'precision_macro': 0.9132083162045987, 'precision_micro': 0.9990097869890616, 'precision_weighted': 0.9988634566766516, 'precision_binary': 0.8273381294964028, 'recall_macro': 0.632149322424949, 'recall_micro': 0.9990097869890616, 'recall_weighted': 0.9990097869890616, 'recall_binary': 0.26436781609195403, 'roc_auc': 0.9897922063423205}
Validation statistic: Loss: 0.0084, dev_score: {'accuracy': 0.9987598030275396, 'balanced_accuracy': 0.7074923492572677, 'f1_macro': 0.7817407911103118, 'f1_micro': 0.9987598030275396, 'f1_weighted': 0.998537520687353, 'f1_binary': 0.5641025641025641, 'pr_auc': 0.6627039692146611, 'precision_macro': 0.9394341000365096, 'precision_micro': 0.9987598030275396, 'precision_weighted': 0.9986383983366024, 'precision_binary': 0.88, 'recall_macro': 0.7074923492572677, 'recall_micro': 0.9987598030275396, 'recall_weighted': 0.9987598030275396, 'recall_binary': 0.41509433962264153, 'roc_auc': 0.9670352630628071}
-----------------------
Epoch 17/100
Training statistic: Loss: 0.0039, train_score: {'accuracy': 0.9989205526770294, 'balanced_accuracy': 0.5907772174178355, 'f1_macro': 0.6479475670144811, 'f1_micro': 0.9989205526770294, 'f1_weighted': 0.9985795634904874, 'f1_binary': 0.2964352720450281, 'pr_auc': 0.7580363692408553, 'precision_macro': 0.9025487022469065, 'precision_micro': 0.9989205526770294, 'precision_weighted': 0.998733473532809, 'precision_binary': 0.8061224489795918, 'recall_macro': 0.5907772174178355, 'recall_micro': 0.9989205526770294, 'recall_weighted': 0.9989205526770294, 'recall_binary': 0.18160919540229886, 'roc_auc': 0.9895780140134708}
Validation statistic: Loss: 0.0080, dev_score: {'accuracy': 0.9984315155936531, 'balanced_accuracy': 0.6225866888799092, 'f1_macro': 0.6880131819191115, 'f1_micro': 0.9984315155936531, 'f1_weighted': 0.9980115098031916, 'f1_binary': 0.37681159420289856, 'pr_auc': 0.7045881578172902, 'precision_macro': 0.9055200463520566, 'precision_micro': 0.9984315155936531, 'precision_weighted': 0.9981804310257139, 'precision_binary': 0.8125, 'recall_macro': 0.6225866888799092, 'recall_micro': 0.9984315155936531, 'recall_weighted': 0.9984315155936531, 'recall_binary': 0.24528301886792453, 'roc_auc': 0.9619097136505248}
-----------------------
Epoch 18/100
Training statistic: Loss: 0.0038, train_score: {'accuracy': 0.9991479562464018, 'balanced_accuracy': 0.7022455310756277, 'f1_macro': 0.7713917284846994, 'f1_micro': 0.9991479562464018, 'f1_weighted': 0.9990021405551784, 'f1_binary': 0.5432098765432098, 'pr_auc': 0.7325666742736409, 'precision_macro': 0.9127725420692028, 'precision_micro': 0.9991479562464018, 'precision_weighted': 0.9990374272618247, 'precision_binary': 0.8262910798122066, 'recall_macro': 0.7022455310756277, 'recall_micro': 0.9991479562464018, 'recall_weighted': 0.9991479562464018, 'recall_binary': 0.4045977011494253, 'roc_auc': 0.9900441281384008}
Validation statistic: Loss: 0.0078, dev_score: {'accuracy': 0.9989057085537115, 'balanced_accuracy': 0.7452281983138714, 'f1_macro': 0.8167991881204704, 'f1_micro': 0.9989057085537115, 'f1_weighted': 0.9987458081955218, 'f1_binary': 0.6341463414634146, 'pr_auc': 0.6839721667879234, 'precision_macro': 0.9477829094654455, 'precision_micro': 0.9989057085537115, 'precision_weighted': 0.9988160095970922, 'precision_binary': 0.896551724137931, 'recall_macro': 0.7452281983138714, 'recall_micro': 0.9989057085537115, 'recall_weighted': 0.9989057085537115, 'recall_binary': 0.49056603773584906, 'roc_auc': 0.9612897931713587}
-----------------------
Epoch 19/100
Training statistic: Loss: 0.0042, train_score: {'accuracy': 0.9987478411053541, 'balanced_accuracy': 0.5, 'f1_macro': 0.4996867641658206, 'f1_micro': 0.9987478411053541, 'f1_weighted': 0.998122153879067, 'f1_binary': 0.0, 'pr_auc': 0.7562261642375798, 'precision_macro': 0.49937392055267704, 'precision_micro': 0.9987478411053541, 'precision_weighted': 0.9974972501126055, 'precision_binary': 0.0, 'recall_macro': 0.5, 'recall_micro': 0.9987478411053541, 'recall_weighted': 0.9987478411053541, 'recall_binary': 0.0, 'roc_auc': 0.9905063099709782}
Validation statistic: Loss: 0.0084, dev_score: {'accuracy': 0.9980667517782236, 'balanced_accuracy': 0.5, 'f1_macro': 0.4995162203114446, 'f1_micro': 0.9980667517782236, 'f1_weighted': 0.9971010629335582, 'f1_binary': 0.0, 'pr_auc': 0.7044472723845278, 'precision_macro': 0.4990333758891118, 'precision_micro': 0.9980667517782236, 'precision_weighted': 0.9961372410051341, 'precision_binary': 0.0, 'recall_macro': 0.5, 'recall_micro': 0.9980667517782236, 'recall_weighted': 0.9980667517782236, 'recall_binary': 0.0, 'roc_auc': 0.9643190597619892}
-----------------------
Epoch 20/100
Training statistic: Loss: 0.0038, train_score: {'accuracy': 0.9992487046632125, 'balanced_accuracy': 0.7436234003529125, 'f1_macro': 0.80930104190333, 'f1_micro': 0.9992487046632125, 'f1_weighted': 0.9991473524932442, 'f1_binary': 0.618978102189781, 'pr_auc': 0.7240191752946098, 'precision_macro': 0.9236788131931442, 'precision_micro': 0.9992487046632125, 'precision_weighted': 0.9991681025881362, 'precision_binary': 0.848, 'recall_macro': 0.7436234003529125, 'recall_micro': 0.9992487046632125, 'recall_weighted': 0.9992487046632125, 'recall_binary': 0.48735632183908045, 'roc_auc': 0.9908814645751641}
Validation statistic: Loss: 0.0083, dev_score: {'accuracy': 0.9990516140798833, 'balanced_accuracy': 0.7829640473704752, 'f1_macro': 0.8485997403559571, 'f1_micro': 0.9990516140798833, 'f1_weighted': 0.9989415098874694, 'f1_binary': 0.6976744186046512, 'pr_auc': 0.6891800112528771, 'precision_macro': 0.9541254706144049, 'precision_micro': 0.9990516140798833, 'precision_weighted': 0.9989859061659333, 'precision_binary': 0.9090909090909091, 'recall_macro': 0.7829640473704752, 'recall_micro': 0.9990516140798833, 'recall_weighted': 0.9990516140798833, 'recall_binary': 0.5660377358490566, 'roc_auc': 0.9586518556929937}
-----------------------
Epoch 21/100
Training statistic: Loss: 0.0035, train_score: {'accuracy': 0.9991335636154289, 'balanced_accuracy': 0.696498404638846, 'f1_macro': 0.7657240922798846, 'f1_micro': 0.9991335636154289, 'f1_weighted': 0.9989807651139043, 'f1_binary': 0.5318818040435459, 'pr_auc': 0.7336749580022908, 'precision_macro': 0.9106774992156856, 'precision_micro': 0.9991335636154289, 'precision_weighted': 0.9990178261369357, 'precision_binary': 0.8221153846153846, 'recall_macro': 0.696498404638846, 'recall_micro': 0.9991335636154289, 'recall_weighted': 0.9991335636154289, 'recall_binary': 0.3931034482758621, 'roc_auc': 0.9911816969183185}
Validation statistic: Loss: 0.0081, dev_score: {'accuracy': 0.9989057085537115, 'balanced_accuracy': 0.7452281983138714, 'f1_macro': 0.8167991881204704, 'f1_micro': 0.9989057085537115, 'f1_weighted': 0.9987458081955218, 'f1_binary': 0.6341463414634146, 'pr_auc': 0.6816864535243289, 'precision_macro': 0.9477829094654455, 'precision_micro': 0.9989057085537115, 'precision_weighted': 0.9988160095970922, 'precision_binary': 0.896551724137931, 'recall_macro': 0.7452281983138714, 'recall_micro': 0.9989057085537115, 'recall_weighted': 0.9989057085537115, 'recall_binary': 0.49056603773584906, 'roc_auc': 0.9577509367763859}
-----------------------
Epoch 22/100
Training statistic: Loss: 0.0037, train_score: {'accuracy': 0.9990587219343696, 'balanced_accuracy': 0.6666133471675817, 'f1_macro': 0.7347725750558805, 'f1_micro': 0.9990587219343696, 'f1_weighted': 0.9988659085751211, 'f1_binary': 0.4700162074554295, 'pr_auc': 0.7293886021050979, 'precision_macro': 0.8979340432735705, 'precision_micro': 0.9990587219343696, 'precision_weighted': 0.9989112758843854, 'precision_binary': 0.7967032967032966, 'recall_macro': 0.6666133471675817, 'recall_micro': 0.9990587219343696, 'recall_weighted': 0.9990587219343696, 'recall_binary': 0.3333333333333333, 'roc_auc': 0.9912727624486288}
Validation statistic: Loss: 0.0081, dev_score: {'accuracy': 0.9987962794090827, 'balanced_accuracy': 0.7169263115214186, 'f1_macro': 0.7908378761476873, 'f1_micro': 0.9987962794090827, 'f1_weighted': 0.9985908771231571, 'f1_binary': 0.5822784810126582, 'pr_auc': 0.6620804016407396, 'precision_macro': 0.9417600271866583, 'precision_micro': 0.9987962794090827, 'precision_weighted': 0.9986837202006622, 'precision_binary': 0.8846153846153846, 'recall_macro': 0.7169263115214186, 'recall_micro': 0.9987962794090827, 'recall_weighted': 0.9987962794090827, 'recall_binary': 0.4339622641509434, 'roc_auc': 0.9598710096497967}
-----------------------
Epoch 23/100
Training statistic: Loss: 0.0035, train_score: {'accuracy': 0.9993436960276338, 'balanced_accuracy': 0.7827024190554845, 'f1_macro': 0.8415024204702628, 'f1_micro': 0.9993436960276338, 'f1_weighted': 0.9992754019485591, 'f1_binary': 0.6833333333333333, 'pr_auc': 0.7494182359721515, 'precision_macro': 0.9313067032994526, 'precision_micro': 0.9993436960276338, 'precision_weighted': 0.9992848455884606, 'precision_binary': 0.8631578947368421, 'recall_macro': 0.7827024190554845, 'recall_micro': 0.9993436960276338, 'recall_weighted': 0.9993436960276338, 'recall_binary': 0.5655172413793104, 'roc_auc': 0.990701115800378}
Validation statistic: Loss: 0.0079, dev_score: {'accuracy': 0.9991245668429691, 'balanced_accuracy': 0.8112476606449104, 'f1_macro': 0.8664474485446352, 'f1_micro': 0.9991245668429691, 'f1_weighted': 0.999046878502886, 'f1_binary': 0.7333333333333333, 'pr_auc': 0.6940605856664014, 'precision_macro': 0.9455806891704328, 'precision_micro': 0.9991245668429691, 'precision_weighted': 0.9990618989052374, 'precision_binary': 0.8918918918918919, 'recall_macro': 0.8112476606449104, 'recall_micro': 0.9991245668429691, 'recall_weighted': 0.9991245668429691, 'recall_binary': 0.6226415094339622, 'roc_auc': 0.9585556611358819}
-----------------------
Epoch 24/100
Training statistic: Loss: 0.0044, train_score: {'accuracy': 0.9990587219343696, 'balanced_accuracy': 0.6666133471675817, 'f1_macro': 0.7347725750558805, 'f1_micro': 0.9990587219343696, 'f1_weighted': 0.9988659085751211, 'f1_binary': 0.4700162074554295, 'pr_auc': 0.7355272999319843, 'precision_macro': 0.8979340432735705, 'precision_micro': 0.9990587219343696, 'precision_weighted': 0.9989112758843854, 'precision_binary': 0.7967032967032966, 'recall_macro': 0.6666133471675817, 'recall_micro': 0.9990587219343696, 'recall_weighted': 0.9990587219343696, 'recall_binary': 0.3333333333333333, 'roc_auc': 0.9912530049156968}
Validation statistic: Loss: 0.0088, dev_score: {'accuracy': 0.9987962794090827, 'balanced_accuracy': 0.7169263115214186, 'f1_macro': 0.7908378761476873, 'f1_micro': 0.9987962794090827, 'f1_weighted': 0.9985908771231571, 'f1_binary': 0.5822784810126582, 'pr_auc': 0.6692550730919274, 'precision_macro': 0.9417600271866583, 'precision_micro': 0.9987962794090827, 'precision_weighted': 0.9986837202006622, 'precision_binary': 0.8846153846153846, 'recall_macro': 0.7169263115214186, 'recall_micro': 0.9987962794090827, 'recall_weighted': 0.9987962794090827, 'recall_binary': 0.4339622641509434, 'roc_auc': 0.9607277962964751}
-----------------------
Epoch 25/100
Training statistic: Loss: 0.0041, train_score: {'accuracy': 0.999055843408175, 'balanced_accuracy': 0.6631679534405985, 'f1_macro': 0.7317898965494685, 'f1_micro': 0.999055843408175, 'f1_weighted': 0.9988570054602368, 'f1_binary': 0.46405228758169936, 'pr_auc': 0.7310257638183371, 'precision_macro': 0.9007080244479235, 'precision_micro': 0.999055843408175, 'precision_weighted': 0.9989096164682782, 'precision_binary': 0.8022598870056498, 'recall_macro': 0.6631679534405985, 'recall_micro': 0.999055843408175, 'recall_weighted': 0.999055843408175, 'recall_binary': 0.3264367816091954, 'roc_auc': 0.9915195626575339}
Validation statistic: Loss: 0.0085, dev_score: {'accuracy': 0.9987962794090827, 'balanced_accuracy': 0.7169263115214186, 'f1_macro': 0.7908378761476873, 'f1_micro': 0.9987962794090827, 'f1_weighted': 0.9985908771231571, 'f1_binary': 0.5822784810126582, 'pr_auc': 0.6611615065383016, 'precision_macro': 0.9417600271866583, 'precision_micro': 0.9987962794090827, 'precision_weighted': 0.9986837202006622, 'precision_binary': 0.8846153846153846, 'recall_macro': 0.7169263115214186, 'recall_micro': 0.9987962794090827, 'recall_weighted': 0.9987962794090827, 'recall_binary': 0.4339622641509434, 'roc_auc': 0.9613135832231177}
-----------------------
Epoch 26/100
Training statistic: Loss: 0.0042, train_score: {'accuracy': 0.9990587219343696, 'balanced_accuracy': 0.6666133471675817, 'f1_macro': 0.7347725750558805, 'f1_micro': 0.9990587219343696, 'f1_weighted': 0.9988659085751211, 'f1_binary': 0.4700162074554295, 'pr_auc': 0.7328486541993648, 'precision_macro': 0.8979340432735705, 'precision_micro': 0.9990587219343696, 'precision_weighted': 0.9989112758843854, 'precision_binary': 0.7967032967032966, 'recall_macro': 0.6666133471675817, 'recall_micro': 0.9990587219343696, 'recall_weighted': 0.9990587219343696, 'recall_binary': 0.3333333333333333, 'roc_auc': 0.991089664050715}
Validation statistic: Loss: 0.0085, dev_score: {'accuracy': 0.9987962794090827, 'balanced_accuracy': 0.7169263115214186, 'f1_macro': 0.7908378761476873, 'f1_micro': 0.9987962794090827, 'f1_weighted': 0.9985908771231571, 'f1_binary': 0.5822784810126582, 'pr_auc': 0.675829511188101, 'precision_macro': 0.9417600271866583, 'precision_micro': 0.9987962794090827, 'precision_weighted': 0.9986837202006622, 'precision_binary': 0.8846153846153846, 'recall_macro': 0.7169263115214186, 'recall_micro': 0.9987962794090827, 'recall_weighted': 0.9987962794090827, 'recall_binary': 0.4339622641509434, 'roc_auc': 0.9612280769501291}
-----------------------
Epoch 27/100
Training statistic: Loss: 0.0036, train_score: {'accuracy': 0.9991968911917098, 'balanced_accuracy': 0.7229337451804987, 'f1_macro': 0.7906536025825588, 'f1_micro': 0.9991968911917098, 'f1_weighted': 0.9990747964168033, 'f1_binary': 0.5817091454272864, 'pr_auc': 0.7328548363348888, 'precision_macro': 0.9177563540736314, 'precision_micro': 0.9991968911917098, 'precision_weighted': 0.9991015858383596, 'precision_binary': 0.8362068965517241, 'recall_macro': 0.7229337451804987, 'recall_micro': 0.9991968911917098, 'recall_weighted': 0.9991968911917098, 'recall_binary': 0.4459770114942529, 'roc_auc': 0.9911993143831295}
Validation statistic: Loss: 0.0078, dev_score: {'accuracy': 0.9989421849352544, 'balanced_accuracy': 0.7546621605780224, 'f1_macro': 0.8250363501240426, 'f1_micro': 0.9989421849352544, 'f1_weighted': 0.9987958423990091, 'f1_binary': 0.6506024096385542, 'pr_auc': 0.6850223962457915, 'precision_macro': 0.9495252875661859, 'precision_micro': 0.9989421849352544, 'precision_weighted': 0.9988590857841311, 'precision_binary': 0.9, 'recall_macro': 0.7546621605780224, 'recall_micro': 0.9989421849352544, 'recall_weighted': 0.9989421849352544, 'recall_binary': 0.5094339622641509, 'roc_auc': 0.9665346376257942}
-----------------------
Epoch 28/100
Training statistic: Loss: 0.0035, train_score: {'accuracy': 0.9992832469775474, 'balanced_accuracy': 0.7574165038011884, 'f1_macro': 0.8211979632286205, 'f1_micro': 0.9992832469775474, 'f1_weighted': 0.9991943848849536, 'f1_binary': 0.642754662840746, 'pr_auc': 0.7393466704479479, 'precision_macro': 0.9271770023132231, 'precision_micro': 0.9992832469775474, 'precision_weighted': 0.9992113228298583, 'precision_binary': 0.8549618320610687, 'recall_macro': 0.7574165038011884, 'recall_micro': 0.9992832469775474, 'recall_weighted': 0.9992832469775474, 'recall_binary': 0.5149425287356322, 'roc_auc': 0.9911878355347711}
Validation statistic: Loss: 0.0081, dev_score: {'accuracy': 0.9990516140798833, 'balanced_accuracy': 0.7829640473704752, 'f1_macro': 0.8485997403559571, 'f1_micro': 0.9990516140798833, 'f1_weighted': 0.9989415098874694, 'f1_binary': 0.6976744186046512, 'pr_auc': 0.6855619097249923, 'precision_macro': 0.9541254706144049, 'precision_micro': 0.9990516140798833, 'precision_weighted': 0.9989859061659333, 'precision_binary': 0.9090909090909091, 'recall_macro': 0.7829640473704752, 'recall_micro': 0.9990516140798833, 'recall_weighted': 0.9990516140798833, 'recall_binary': 0.5660377358490566, 'roc_auc': 0.961787660341501}
-----------------------
Epoch 29/100
Training statistic: Loss: 0.0039, train_score: {'accuracy': 0.9990587219343696, 'balanced_accuracy': 0.6666133471675817, 'f1_macro': 0.7347725750558805, 'f1_micro': 0.9990587219343696, 'f1_weighted': 0.9988659085751211, 'f1_binary': 0.4700162074554295, 'pr_auc': 0.7356007001624891, 'precision_macro': 0.8979340432735705, 'precision_micro': 0.9990587219343696, 'precision_weighted': 0.9989112758843854, 'precision_binary': 0.7967032967032966, 'recall_macro': 0.6666133471675817, 'recall_micro': 0.9990587219343696, 'recall_weighted': 0.9990587219343696, 'recall_binary': 0.3333333333333333, 'roc_auc': 0.9916923085587319}
Validation statistic: Loss: 0.0084, dev_score: {'accuracy': 0.9987962794090827, 'balanced_accuracy': 0.7169263115214186, 'f1_macro': 0.7908378761476873, 'f1_micro': 0.9987962794090827, 'f1_weighted': 0.9985908771231571, 'f1_binary': 0.5822784810126582, 'pr_auc': 0.6646276781573816, 'precision_macro': 0.9417600271866583, 'precision_micro': 0.9987962794090827, 'precision_weighted': 0.9986837202006622, 'precision_binary': 0.8846153846153846, 'recall_macro': 0.7169263115214186, 'recall_micro': 0.9987962794090827, 'recall_weighted': 0.9987962794090827, 'recall_binary': 0.4339622641509434, 'roc_auc': 0.9606229821553924}
-----------------------
Epoch 30/100
Training statistic: Loss: 0.0039, train_score: {'accuracy': 0.9990414507772021, 'balanced_accuracy': 0.6551248585641899, 'f1_macro': 0.7236407515531904, 'f1_micro': 0.9990414507772021, 'f1_weighted': 0.9988294189929223, 'f1_binary': 0.44776119402985076, 'pr_auc': 0.767342403580505, 'precision_macro': 0.9013537264504917, 'precision_micro': 0.9990414507772021, 'precision_weighted': 0.9988911463814986, 'precision_binary': 0.8035714285714286, 'recall_macro': 0.6551248585641899, 'recall_micro': 0.9990414507772021, 'recall_weighted': 0.9990414507772021, 'recall_binary': 0.3103448275862069, 'roc_auc': 0.9924733274133616}
Validation statistic: Loss: 0.0083, dev_score: {'accuracy': 0.9987598030275396, 'balanced_accuracy': 0.7074923492572677, 'f1_macro': 0.7817407911103118, 'f1_micro': 0.9987598030275396, 'f1_weighted': 0.998537520687353, 'f1_binary': 0.5641025641025641, 'pr_auc': 0.7021015954033069, 'precision_macro': 0.9394341000365096, 'precision_micro': 0.9987598030275396, 'precision_weighted': 0.9986383983366024, 'precision_binary': 0.88, 'recall_macro': 0.7074923492572677, 'recall_micro': 0.9987598030275396, 'recall_weighted': 0.9987598030275396, 'recall_binary': 0.41509433962264153, 'roc_auc': 0.9670938762338073}
-----------------------
Epoch 31/100
Training statistic: Loss: 0.0036, train_score: {'accuracy': 0.9992803684513529, 'balanced_accuracy': 0.756267078513832, 'f1_macro': 0.8202222105640931, 'f1_micro': 0.9992803684513529, 'f1_weighted': 0.9991905047074319, 'f1_binary': 0.6408045977011494, 'pr_auc': 0.7406642748287178, 'precision_macro': 0.9268977119470477, 'precision_micro': 0.9992803684513529, 'precision_weighted': 0.999207751668324, 'precision_binary': 0.8544061302681992, 'recall_macro': 0.756267078513832, 'recall_micro': 0.9992803684513529, 'recall_weighted': 0.9992803684513529, 'recall_binary': 0.5126436781609195, 'roc_auc': 0.9917466517126923}
Validation statistic: Loss: 0.0081, dev_score: {'accuracy': 0.9990516140798833, 'balanced_accuracy': 0.7829640473704752, 'f1_macro': 0.8485997403559571, 'f1_micro': 0.9990516140798833, 'f1_weighted': 0.9989415098874694, 'f1_binary': 0.6976744186046512, 'pr_auc': 0.6839240666315297, 'precision_macro': 0.9541254706144049, 'precision_micro': 0.9990516140798833, 'precision_weighted': 0.9989859061659333, 'precision_binary': 0.9090909090909091, 'recall_macro': 0.7829640473704752, 'recall_micro': 0.9990516140798833, 'recall_weighted': 0.9990516140798833, 'recall_binary': 0.5660377358490566, 'roc_auc': 0.9649975934121554}
-----------------------
Epoch 32/100
Training statistic: Loss: 0.0034, train_score: {'accuracy': 0.999314910765688, 'balanced_accuracy': 0.7700601819621079, 'f1_macro': 0.8317494569420143, 'f1_micro': 0.999314910765688, 'f1_weighted': 0.9992366118619941, 'f1_binary': 0.6638418079096046, 'pr_auc': 0.7426179666895513, 'precision_macro': 0.9301148514001447, 'precision_micro': 0.999314910765688, 'precision_weighted': 0.9992502702563254, 'precision_binary': 0.8608058608058609, 'recall_macro': 0.7700601819621079, 'recall_micro': 0.999314910765688, 'recall_weighted': 0.999314910765688, 'recall_binary': 0.5402298850574713, 'roc_auc': 0.9923355149770813}
Validation statistic: Loss: 0.0083, dev_score: {'accuracy': 0.9990151376983403, 'balanced_accuracy': 0.7829457738524576, 'f1_macro': 0.8445809793347852, 'f1_micro': 0.9990151376983403, 'f1_weighted': 0.9989077661743024, 'f1_binary': 0.6896551724137931, 'pr_auc': 0.6869422585876945, 'precision_macro': 0.9407564713186688, 'precision_micro': 0.9990151376983403, 'precision_weighted': 0.9989341844192813, 'precision_binary': 0.8823529411764706, 'recall_macro': 0.7829457738524576, 'recall_micro': 0.9990151376983403, 'recall_weighted': 0.9990151376983403, 'recall_binary': 0.5660377358490566, 'roc_auc': 0.9555243258450985}
-----------------------
Epoch 33/100
Training statistic: Loss: 0.0035, train_score: {'accuracy': 0.9993120322394934, 'balanced_accuracy': 0.7689107566747515, 'f1_macro': 0.8308037876079897, 'f1_micro': 0.9993120322394934, 'f1_weighted': 0.9992328069771577, 'f1_binary': 0.6619519094766619, 'pr_auc': 0.7318145575543381, 'precision_macro': 0.929857540259772, 'precision_micro': 0.9993120322394934, 'precision_weighted': 0.999246753955752, 'precision_binary': 0.8602941176470589, 'recall_macro': 0.7689107566747515, 'recall_micro': 0.9993120322394934, 'recall_weighted': 0.9993120322394934, 'recall_binary': 0.5379310344827586, 'roc_auc': 0.9923291941566864}
Validation statistic: Loss: 0.0081, dev_score: {'accuracy': 0.9990516140798833, 'balanced_accuracy': 0.7829640473704752, 'f1_macro': 0.8485997403559571, 'f1_micro': 0.9990516140798833, 'f1_weighted': 0.9989415098874694, 'f1_binary': 0.6976744186046512, 'pr_auc': 0.683092930457306, 'precision_macro': 0.9541254706144049, 'precision_micro': 0.9990516140798833, 'precision_weighted': 0.9989859061659333, 'precision_binary': 0.9090909090909091, 'recall_macro': 0.7829640473704752, 'recall_micro': 0.9990516140798833, 'recall_weighted': 0.9990516140798833, 'recall_binary': 0.5660377358490566, 'roc_auc': 0.9660612500741284}
Early stopping by loss triggered!
Testing statistic: loss: 0.003970355693697367, scores: {'accuracy': 0.9989991993594876, 'balanced_accuracy': 0.5, 'f1_macro': 0.49974967457695, 'f1_micro': 0.9989991993594876, 'f1_weighted': 0.9984990495650752, 'f1_binary': 0.0, 'pr_auc': 0.751568679460951, 'precision_macro': 0.4994995996797438, 'precision_micro': 0.9989991993594876, 'precision_weighted': 0.9979994003208971, 'precision_binary': 0.0, 'recall_macro': 0.5, 'recall_micro': 0.9989991993594876, 'recall_weighted': 0.9989991993594876, 'recall_binary': 0.0, 'roc_auc': 0.9776898417150872}
Finish training!
