=====Setting up data=====
Dataset name:credit
train_option:mix
augment_option:tvae_compare_rf
mix_ratio:-1
n_sample:-1
Training dataset size: 347520 samples
Validation dataset size: 27520 samples

=====Setting up parameters for training=====
num_epochs: 100
learning_rate: 0.001
patience: 30
early_stop_criterion: loss
=====Setting up trainer=====
input_size: 29
model: DNN_Adult
----------------------------------------------------------------
        Layer (type)               Output Shape         Param #
================================================================
            Linear-1                  [-1, 128]           3,840
       BatchNorm1d-2                  [-1, 128]             256
              ReLU-3                  [-1, 128]               0
           Dropout-4                  [-1, 128]               0
            Linear-5                   [-1, 64]           8,256
       BatchNorm1d-6                   [-1, 64]             128
              ReLU-7                   [-1, 64]               0
           Dropout-8                   [-1, 64]               0
            Linear-9                   [-1, 32]           2,080
      BatchNorm1d-10                   [-1, 32]              64
             ReLU-11                   [-1, 32]               0
          Dropout-12                   [-1, 32]               0
           Linear-13                   [-1, 16]             528
      BatchNorm1d-14                   [-1, 16]              32
             ReLU-15                   [-1, 16]               0
          Dropout-16                   [-1, 16]               0
           Linear-17                    [-1, 1]              17
          Sigmoid-18                    [-1, 1]               0
================================================================
Total params: 15,201
Trainable params: 15,201
Non-trainable params: 0
----------------------------------------------------------------
Input size (MB): 0.00
Forward/backward pass size (MB): 0.01
Params size (MB): 0.06
Estimated Total Size (MB): 0.07
----------------------------------------------------------------
=====Setting up output files=====
weight_dir, weight_file: /home/thuy/Research/minh_data_synth/TabularDA/output/corrected_v2/credit/weight/, credit_seed43_tvae_full_rf_mix.weights.pth
acc_dir, acc_file: /home/thuy/Research/minh_data_synth/TabularDA/output/corrected_v2/credit/acc/, credit_seed43_tvae_full_rf_mix.epochs.csv
report_file: credit_seed43_tvae_full_rf_mix.report.txt
==========================================================================================
Start training...
-----------------------
Epoch 1/100
Training statistic: Loss: 0.0050, train_score: {'accuracy': 0.9987651122625216, 'balanced_accuracy': 0.5, 'f1_macro': 0.49969108732939593, 'f1_micro': 0.9987651122625216, 'f1_weighted': 0.9981480498662513, 'f1_binary': 0.0, 'pr_auc': 0.6471998775101749, 'precision_macro': 0.4993825561312608, 'precision_micro': 0.9987651122625216, 'precision_weighted': 0.9975317494727675, 'precision_binary': 0.0, 'recall_macro': 0.5, 'recall_micro': 0.9987651122625216, 'recall_weighted': 0.9987651122625216, 'recall_binary': 0.0, 'roc_auc': 0.919082729141783}
Validation statistic: Loss: 0.0084, dev_score: {'accuracy': 0.9980667517782236, 'balanced_accuracy': 0.5, 'f1_macro': 0.4995162203114446, 'f1_micro': 0.9980667517782236, 'f1_weighted': 0.9971010629335582, 'f1_binary': 0.0, 'pr_auc': 0.6010115368682918, 'precision_macro': 0.4990333758891118, 'precision_micro': 0.9980667517782236, 'precision_weighted': 0.9961372410051341, 'precision_binary': 0.0, 'recall_macro': 0.5, 'recall_micro': 0.9980667517782236, 'recall_weighted': 0.9980667517782236, 'recall_binary': 0.0, 'roc_auc': 0.8833618584098868}
Saving model...
Model saved!
-------------------------------------------
-----------------------
Epoch 2/100
Training statistic: Loss: 0.0038, train_score: {'accuracy': 0.9987651122625216, 'balanced_accuracy': 0.5, 'f1_macro': 0.49969108732939593, 'f1_micro': 0.9987651122625216, 'f1_weighted': 0.9981480498662513, 'f1_binary': 0.0, 'pr_auc': 0.736232313551425, 'precision_macro': 0.4993825561312608, 'precision_micro': 0.9987651122625216, 'precision_weighted': 0.9975317494727675, 'precision_binary': 0.0, 'recall_macro': 0.5, 'recall_micro': 0.9987651122625216, 'recall_weighted': 0.9987651122625216, 'recall_binary': 0.0, 'roc_auc': 0.949176250658219}
Validation statistic: Loss: 0.0076, dev_score: {'accuracy': 0.9980667517782236, 'balanced_accuracy': 0.5, 'f1_macro': 0.4995162203114446, 'f1_micro': 0.9980667517782236, 'f1_weighted': 0.9971010629335582, 'f1_binary': 0.0, 'pr_auc': 0.671210675443658, 'precision_macro': 0.4990333758891118, 'precision_micro': 0.9980667517782236, 'precision_weighted': 0.9961372410051341, 'precision_binary': 0.0, 'recall_macro': 0.5, 'recall_micro': 0.9980667517782236, 'recall_weighted': 0.9980667517782236, 'recall_binary': 0.0, 'roc_auc': 0.9044008837487054}
Saving model...
Model saved!
-------------------------------------------
-----------------------
Epoch 3/100
Training statistic: Loss: 0.0040, train_score: {'accuracy': 0.9987651122625216, 'balanced_accuracy': 0.5, 'f1_macro': 0.49969108732939593, 'f1_micro': 0.9987651122625216, 'f1_weighted': 0.9981480498662513, 'f1_binary': 0.0, 'pr_auc': 0.7221462887432066, 'precision_macro': 0.4993825561312608, 'precision_micro': 0.9987651122625216, 'precision_weighted': 0.9975317494727675, 'precision_binary': 0.0, 'recall_macro': 0.5, 'recall_micro': 0.9987651122625216, 'recall_weighted': 0.9987651122625216, 'recall_binary': 0.0, 'roc_auc': 0.9698469724927268}
Validation statistic: Loss: 0.0080, dev_score: {'accuracy': 0.9980667517782236, 'balanced_accuracy': 0.5, 'f1_macro': 0.4995162203114446, 'f1_micro': 0.9980667517782236, 'f1_weighted': 0.9971010629335582, 'f1_binary': 0.0, 'pr_auc': 0.6389054979302135, 'precision_macro': 0.4990333758891118, 'precision_micro': 0.9980667517782236, 'precision_weighted': 0.9961372410051341, 'precision_binary': 0.0, 'recall_macro': 0.5, 'recall_micro': 0.9980667517782236, 'recall_weighted': 0.9980667517782236, 'recall_binary': 0.0, 'roc_auc': 0.9467878603158492}
-----------------------
Epoch 4/100
Training statistic: Loss: 0.0041, train_score: {'accuracy': 0.9987651122625216, 'balanced_accuracy': 0.5, 'f1_macro': 0.49969108732939593, 'f1_micro': 0.9987651122625216, 'f1_weighted': 0.9981480498662513, 'f1_binary': 0.0, 'pr_auc': 0.7365737183242151, 'precision_macro': 0.4993825561312608, 'precision_micro': 0.9987651122625216, 'precision_weighted': 0.9975317494727675, 'precision_binary': 0.0, 'recall_macro': 0.5, 'recall_micro': 0.9987651122625216, 'recall_weighted': 0.9987651122625216, 'recall_binary': 0.0, 'roc_auc': 0.9685794092315099}
Validation statistic: Loss: 0.0083, dev_score: {'accuracy': 0.9980667517782236, 'balanced_accuracy': 0.5, 'f1_macro': 0.4995162203114446, 'f1_micro': 0.9980667517782236, 'f1_weighted': 0.9971010629335582, 'f1_binary': 0.0, 'pr_auc': 0.6306176805923293, 'precision_macro': 0.4990333758891118, 'precision_micro': 0.9980667517782236, 'precision_weighted': 0.9961372410051341, 'precision_binary': 0.0, 'recall_macro': 0.5, 'recall_micro': 0.9980667517782236, 'recall_weighted': 0.9980667517782236, 'recall_binary': 0.0, 'roc_auc': 0.9226912961509766}
-----------------------
Epoch 5/100
Training statistic: Loss: 0.0041, train_score: {'accuracy': 0.9987651122625216, 'balanced_accuracy': 0.5, 'f1_macro': 0.49969108732939593, 'f1_micro': 0.9987651122625216, 'f1_weighted': 0.9981480498662513, 'f1_binary': 0.0, 'pr_auc': 0.7327568224511043, 'precision_macro': 0.4993825561312608, 'precision_micro': 0.9987651122625216, 'precision_weighted': 0.9975317494727675, 'precision_binary': 0.0, 'recall_macro': 0.5, 'recall_micro': 0.9987651122625216, 'recall_weighted': 0.9987651122625216, 'recall_binary': 0.0, 'roc_auc': 0.9771620810641364}
Validation statistic: Loss: 0.0083, dev_score: {'accuracy': 0.9980667517782236, 'balanced_accuracy': 0.5, 'f1_macro': 0.4995162203114446, 'f1_micro': 0.9980667517782236, 'f1_weighted': 0.9971010629335582, 'f1_binary': 0.0, 'pr_auc': 0.6768135331061971, 'precision_macro': 0.4990333758891118, 'precision_micro': 0.9980667517782236, 'precision_weighted': 0.9961372410051341, 'precision_binary': 0.0, 'recall_macro': 0.5, 'recall_micro': 0.9980667517782236, 'recall_weighted': 0.9980667517782236, 'recall_binary': 0.0, 'roc_auc': 0.9469985229480908}
-----------------------
Epoch 6/100
Training statistic: Loss: 0.0040, train_score: {'accuracy': 0.9987651122625216, 'balanced_accuracy': 0.5, 'f1_macro': 0.49969108732939593, 'f1_micro': 0.9987651122625216, 'f1_weighted': 0.9981480498662513, 'f1_binary': 0.0, 'pr_auc': 0.7372571944885559, 'precision_macro': 0.4993825561312608, 'precision_micro': 0.9987651122625216, 'precision_weighted': 0.9975317494727675, 'precision_binary': 0.0, 'recall_macro': 0.5, 'recall_micro': 0.9987651122625216, 'recall_weighted': 0.9987651122625216, 'recall_binary': 0.0, 'roc_auc': 0.9779654438516419}
Validation statistic: Loss: 0.0082, dev_score: {'accuracy': 0.9980667517782236, 'balanced_accuracy': 0.5, 'f1_macro': 0.4995162203114446, 'f1_micro': 0.9980667517782236, 'f1_weighted': 0.9971010629335582, 'f1_binary': 0.0, 'pr_auc': 0.6436213516895066, 'precision_macro': 0.4990333758891118, 'precision_micro': 0.9980667517782236, 'precision_weighted': 0.9961372410051341, 'precision_binary': 0.0, 'recall_macro': 0.5, 'recall_micro': 0.9980667517782236, 'recall_weighted': 0.9980667517782236, 'recall_binary': 0.0, 'roc_auc': 0.9570217199724724}
-----------------------
Epoch 7/100
Training statistic: Loss: 0.0039, train_score: {'accuracy': 0.9987651122625216, 'balanced_accuracy': 0.5, 'f1_macro': 0.49969108732939593, 'f1_micro': 0.9987651122625216, 'f1_weighted': 0.9981480498662513, 'f1_binary': 0.0, 'pr_auc': 0.7423841000156399, 'precision_macro': 0.4993825561312608, 'precision_micro': 0.9987651122625216, 'precision_weighted': 0.9975317494727675, 'precision_binary': 0.0, 'recall_macro': 0.5, 'recall_micro': 0.9987651122625216, 'recall_weighted': 0.9987651122625216, 'recall_binary': 0.0, 'roc_auc': 0.9817005020451418}
Validation statistic: Loss: 0.0080, dev_score: {'accuracy': 0.9980667517782236, 'balanced_accuracy': 0.5, 'f1_macro': 0.4995162203114446, 'f1_micro': 0.9980667517782236, 'f1_weighted': 0.9971010629335582, 'f1_binary': 0.0, 'pr_auc': 0.6336026149774339, 'precision_macro': 0.4990333758891118, 'precision_micro': 0.9980667517782236, 'precision_weighted': 0.9961372410051341, 'precision_binary': 0.0, 'recall_macro': 0.5, 'recall_micro': 0.9980667517782236, 'recall_weighted': 0.9980667517782236, 'recall_binary': 0.0, 'roc_auc': 0.9551395476166505}
-----------------------
Epoch 8/100
Training statistic: Loss: 0.0040, train_score: {'accuracy': 0.9987651122625216, 'balanced_accuracy': 0.5, 'f1_macro': 0.49969108732939593, 'f1_micro': 0.9987651122625216, 'f1_weighted': 0.9981480498662513, 'f1_binary': 0.0, 'pr_auc': 0.7418895991637968, 'precision_macro': 0.4993825561312608, 'precision_micro': 0.9987651122625216, 'precision_weighted': 0.9975317494727675, 'precision_binary': 0.0, 'recall_macro': 0.5, 'recall_micro': 0.9987651122625216, 'recall_weighted': 0.9987651122625216, 'recall_binary': 0.0, 'roc_auc': 0.9845291175560852}
Validation statistic: Loss: 0.0082, dev_score: {'accuracy': 0.9980667517782236, 'balanced_accuracy': 0.5, 'f1_macro': 0.4995162203114446, 'f1_micro': 0.9980667517782236, 'f1_weighted': 0.9971010629335582, 'f1_binary': 0.0, 'pr_auc': 0.6453368830060868, 'precision_macro': 0.4990333758891118, 'precision_micro': 0.9980667517782236, 'precision_weighted': 0.9961372410051341, 'precision_binary': 0.0, 'recall_macro': 0.5, 'recall_micro': 0.9980667517782236, 'recall_weighted': 0.9980667517782236, 'recall_binary': 0.0, 'roc_auc': 0.9644531804885718}
-----------------------
Epoch 9/100
Training statistic: Loss: 0.0041, train_score: {'accuracy': 0.9987651122625216, 'balanced_accuracy': 0.5, 'f1_macro': 0.49969108732939593, 'f1_micro': 0.9987651122625216, 'f1_weighted': 0.9981480498662513, 'f1_binary': 0.0, 'pr_auc': 0.7345161623923858, 'precision_macro': 0.4993825561312608, 'precision_micro': 0.9987651122625216, 'precision_weighted': 0.9975317494727675, 'precision_binary': 0.0, 'recall_macro': 0.5, 'recall_micro': 0.9987651122625216, 'recall_weighted': 0.9987651122625216, 'recall_binary': 0.0, 'roc_auc': 0.9850279500797843}
Validation statistic: Loss: 0.0083, dev_score: {'accuracy': 0.9980667517782236, 'balanced_accuracy': 0.5, 'f1_macro': 0.4995162203114446, 'f1_micro': 0.9980667517782236, 'f1_weighted': 0.9971010629335582, 'f1_binary': 0.0, 'pr_auc': 0.6420999114007395, 'precision_macro': 0.4990333758891118, 'precision_micro': 0.9980667517782236, 'precision_weighted': 0.9961372410051341, 'precision_binary': 0.0, 'recall_macro': 0.5, 'recall_micro': 0.9980667517782236, 'recall_weighted': 0.9980667517782236, 'recall_binary': 0.0, 'roc_auc': 0.968729183704711}
-----------------------
Epoch 10/100
Training statistic: Loss: 0.0040, train_score: {'accuracy': 0.9987651122625216, 'balanced_accuracy': 0.5, 'f1_macro': 0.49969108732939593, 'f1_micro': 0.9987651122625216, 'f1_weighted': 0.9981480498662513, 'f1_binary': 0.0, 'pr_auc': 0.7501584916373262, 'precision_macro': 0.4993825561312608, 'precision_micro': 0.9987651122625216, 'precision_weighted': 0.9975317494727675, 'precision_binary': 0.0, 'recall_macro': 0.5, 'recall_micro': 0.9987651122625216, 'recall_weighted': 0.9987651122625216, 'recall_binary': 0.0, 'roc_auc': 0.9879710092321521}
Validation statistic: Loss: 0.0082, dev_score: {'accuracy': 0.9980667517782236, 'balanced_accuracy': 0.5, 'f1_macro': 0.4995162203114446, 'f1_micro': 0.9980667517782236, 'f1_weighted': 0.9971010629335582, 'f1_binary': 0.0, 'pr_auc': 0.6382148188152932, 'precision_macro': 0.4990333758891118, 'precision_micro': 0.9980667517782236, 'precision_weighted': 0.9961372410051341, 'precision_binary': 0.0, 'recall_macro': 0.5, 'recall_micro': 0.9980667517782236, 'recall_weighted': 0.9980667517782236, 'recall_binary': 0.0, 'roc_auc': 0.9643480215641305}
-----------------------
Epoch 11/100
Training statistic: Loss: 0.0039, train_score: {'accuracy': 0.9987651122625216, 'balanced_accuracy': 0.5, 'f1_macro': 0.49969108732939593, 'f1_micro': 0.9987651122625216, 'f1_weighted': 0.9981480498662513, 'f1_binary': 0.0, 'pr_auc': 0.7476882071816261, 'precision_macro': 0.4993825561312608, 'precision_micro': 0.9987651122625216, 'precision_weighted': 0.9975317494727675, 'precision_binary': 0.0, 'recall_macro': 0.5, 'recall_micro': 0.9987651122625216, 'recall_weighted': 0.9987651122625216, 'recall_binary': 0.0, 'roc_auc': 0.9894045006576024}
Validation statistic: Loss: 0.0081, dev_score: {'accuracy': 0.9980667517782236, 'balanced_accuracy': 0.5, 'f1_macro': 0.4995162203114446, 'f1_micro': 0.9980667517782236, 'f1_weighted': 0.9971010629335582, 'f1_binary': 0.0, 'pr_auc': 0.6932588243960061, 'precision_macro': 0.4990333758891118, 'precision_micro': 0.9980667517782236, 'precision_weighted': 0.9961372410051341, 'precision_binary': 0.0, 'recall_macro': 0.5, 'recall_micro': 0.9980667517782236, 'recall_weighted': 0.9980667517782236, 'recall_binary': 0.0, 'roc_auc': 0.9691563702862943}
-----------------------
Epoch 12/100
Training statistic: Loss: 0.0041, train_score: {'accuracy': 0.9987651122625216, 'balanced_accuracy': 0.5, 'f1_macro': 0.49969108732939593, 'f1_micro': 0.9987651122625216, 'f1_weighted': 0.9981480498662513, 'f1_binary': 0.0, 'pr_auc': 0.7400892342537473, 'precision_macro': 0.4993825561312608, 'precision_micro': 0.9987651122625216, 'precision_weighted': 0.9975317494727675, 'precision_binary': 0.0, 'recall_macro': 0.5, 'recall_micro': 0.9987651122625216, 'recall_weighted': 0.9987651122625216, 'recall_binary': 0.0, 'roc_auc': 0.9875423141675941}
Validation statistic: Loss: 0.0083, dev_score: {'accuracy': 0.9980667517782236, 'balanced_accuracy': 0.5, 'f1_macro': 0.4995162203114446, 'f1_micro': 0.9980667517782236, 'f1_weighted': 0.9971010629335582, 'f1_binary': 0.0, 'pr_auc': 0.6918533284888532, 'precision_macro': 0.4990333758891118, 'precision_micro': 0.9980667517782236, 'precision_weighted': 0.9961372410051341, 'precision_binary': 0.0, 'recall_macro': 0.5, 'recall_micro': 0.9980667517782236, 'recall_weighted': 0.9980667517782236, 'recall_binary': 0.0, 'roc_auc': 0.971829820450618}
-----------------------
Epoch 13/100
Training statistic: Loss: 0.0044, train_score: {'accuracy': 0.9989493379389752, 'balanced_accuracy': 0.5967092169267567, 'f1_macro': 0.6560459848135355, 'f1_micro': 0.9989493379389752, 'f1_weighted': 0.9986260764296676, 'f1_binary': 0.3126177024482109, 'pr_auc': 0.7279287559510845, 'precision_macro': 0.9063646138102115, 'precision_micro': 0.9989493379389752, 'precision_weighted': 0.9987749395888209, 'precision_binary': 0.8137254901960784, 'recall_macro': 0.5967092169267567, 'recall_micro': 0.9989493379389752, 'recall_weighted': 0.9989493379389752, 'recall_binary': 0.19347319347319347, 'roc_auc': 0.9879113016968918}
Validation statistic: Loss: 0.0088, dev_score: {'accuracy': 0.9984679919751961, 'balanced_accuracy': 0.6320206511440601, 'f1_macro': 0.6996165084002922, 'f1_micro': 0.9984679919751961, 'f1_weighted': 0.998074550636425, 'f1_binary': 0.4, 'pr_auc': 0.657896252384512, 'precision_macro': 0.9110529750990841, 'precision_micro': 0.9984679919751961, 'precision_weighted': 0.9982381288871028, 'precision_binary': 0.8235294117647058, 'recall_macro': 0.6320206511440601, 'recall_micro': 0.9984679919751961, 'recall_weighted': 0.9984679919751961, 'recall_binary': 0.2641509433962264, 'roc_auc': 0.9655189058506977}
-----------------------
Epoch 14/100
Training statistic: Loss: 0.0041, train_score: {'accuracy': 0.9990673575129534, 'balanced_accuracy': 0.6654478469241086, 'f1_macro': 0.7333192667461633, 'f1_micro': 0.9990673575129534, 'f1_weighted': 0.9988757815172796, 'f1_binary': 0.46710526315789475, 'pr_auc': 0.7389722449160001, 'precision_macro': 0.8962347632379868, 'precision_micro': 0.9990673575129534, 'precision_weighted': 0.9989192016783929, 'precision_binary': 0.7932960893854749, 'recall_macro': 0.6654478469241086, 'recall_micro': 0.9990673575129534, 'recall_weighted': 0.9990673575129534, 'recall_binary': 0.331002331002331, 'roc_auc': 0.9878407174809469}
Validation statistic: Loss: 0.0085, dev_score: {'accuracy': 0.9987962794090827, 'balanced_accuracy': 0.7169263115214186, 'f1_macro': 0.7908378761476873, 'f1_micro': 0.9987962794090827, 'f1_weighted': 0.9985908771231571, 'f1_binary': 0.5822784810126582, 'pr_auc': 0.6777296941167676, 'precision_macro': 0.9417600271866583, 'precision_micro': 0.9987962794090827, 'precision_weighted': 0.9986837202006622, 'precision_binary': 0.8846153846153846, 'recall_macro': 0.7169263115214186, 'recall_micro': 0.9987962794090827, 'recall_weighted': 0.9987962794090827, 'recall_binary': 0.4339622641509434, 'roc_auc': 0.9592052329839069}
-----------------------
Epoch 15/100
Training statistic: Loss: 0.0039, train_score: {'accuracy': 0.9995308002302821, 'balanced_accuracy': 0.8717184965358444, 'f1_macro': 0.8981347494413221, 'f1_micro': 0.9995308002302821, 'f1_weighted': 0.9995141251247712, 'f1_binary': 0.7965043695380774, 'pr_auc': 0.7465858884282329, 'precision_macro': 0.9286049522080025, 'precision_micro': 0.9995308002302821, 'precision_weighted': 0.9995074758202774, 'precision_binary': 0.8575268817204301, 'recall_macro': 0.8717184965358444, 'recall_micro': 0.9995308002302821, 'recall_weighted': 0.9995308002302821, 'recall_binary': 0.7435897435897436, 'roc_auc': 0.987024348360022}
Validation statistic: Loss: 0.0083, dev_score: {'accuracy': 0.9991610432245122, 'balanced_accuracy': 0.848928689147461, 'f1_macro': 0.881233188067057, 'f1_micro': 0.9991610432245122, 'f1_weighted': 0.9991221915261296, 'f1_binary': 0.7628865979381443, 'pr_auc': 0.6389236432675232, 'precision_macro': 0.9201622653040211, 'precision_micro': 0.9991610432245122, 'precision_weighted': 0.999109007582013, 'precision_binary': 0.8409090909090909, 'recall_macro': 0.848928689147461, 'recall_micro': 0.9991610432245122, 'recall_weighted': 0.9991610432245122, 'recall_binary': 0.6981132075471698, 'roc_auc': 0.9643290584793951}
-----------------------
Epoch 16/100
Training statistic: Loss: 0.0038, train_score: {'accuracy': 0.9995624640184225, 'balanced_accuracy': 0.8845390093563572, 'f1_macro': 0.9062944289066652, 'f1_micro': 0.9995624640184225, 'f1_weighted': 0.9995500852585836, 'f1_binary': 0.812807881773399, 'pr_auc': 0.750958850818123, 'precision_macro': 0.9306667551693146, 'precision_micro': 0.9995624640184225, 'precision_weighted': 0.9995441784341635, 'precision_binary': 0.8616187989556136, 'recall_macro': 0.8845390093563572, 'recall_micro': 0.9995624640184225, 'recall_weighted': 0.9995624640184225, 'recall_binary': 0.7692307692307693, 'roc_auc': 0.9880634710951942}
Validation statistic: Loss: 0.0080, dev_score: {'accuracy': 0.9991245668429691, 'balanced_accuracy': 0.8489104156294434, 'f1_macro': 0.8773317702437256, 'f1_micro': 0.9991245668429691, 'f1_weighted': 0.9990888988569973, 'f1_binary': 0.7551020408163265, 'pr_auc': 0.6534859333572042, 'precision_macro': 0.9108188202817359, 'precision_micro': 0.9991245668429691, 'precision_weighted': 0.9990728599099415, 'precision_binary': 0.8222222222222222, 'recall_macro': 0.8489104156294434, 'recall_micro': 0.9991245668429691, 'recall_weighted': 0.9991245668429691, 'recall_binary': 0.6981132075471698, 'roc_auc': 0.9698549013712723}
-----------------------
Epoch 17/100
Training statistic: Loss: 0.0038, train_score: {'accuracy': 0.9994703511801958, 'balanced_accuracy': 0.8449148518145639, 'f1_macro': 0.88131073871179, 'f1_micro': 0.9994703511801958, 'f1_weighted': 0.9994423984469101, 'f1_binary': 0.7628865979381443, 'pr_auc': 0.7576163989692837, 'precision_macro': 0.9263213549150127, 'precision_micro': 0.9994703511801958, 'precision_weighted': 0.9994357500040192, 'precision_binary': 0.8530259365994236, 'recall_macro': 0.8449148518145639, 'recall_micro': 0.9994703511801958, 'recall_weighted': 0.9994703511801958, 'recall_binary': 0.6899766899766899, 'roc_auc': 0.9893143632735701}
Validation statistic: Loss: 0.0083, dev_score: {'accuracy': 0.9991245668429691, 'balanced_accuracy': 0.8394947268833102, 'f1_macro': 0.8747807578470421, 'f1_micro': 0.9991245668429691, 'f1_weighted': 0.9990790513376446, 'f1_binary': 0.75, 'pr_auc': 0.6927467276299512, 'precision_macro': 0.9182941148483088, 'precision_micro': 0.9991245668429691, 'precision_weighted': 0.9990654132317908, 'precision_binary': 0.8372093023255814, 'recall_macro': 0.8394947268833102, 'recall_micro': 0.9991245668429691, 'recall_weighted': 0.9991245668429691, 'recall_binary': 0.6792452830188679, 'roc_auc': 0.9616180269289595}
-----------------------
Epoch 18/100
Training statistic: Loss: 0.0039, train_score: {'accuracy': 0.9993235463442718, 'balanced_accuracy': 0.7703415107765903, 'f1_macro': 0.8317334344478555, 'f1_micro': 0.9993235463442718, 'f1_weighted': 0.9992466881067947, 'f1_binary': 0.6638054363376252, 'pr_auc': 0.752802037358298, 'precision_macro': 0.9293458742642046, 'precision_micro': 0.9993235463442718, 'precision_weighted': 0.9992593910662878, 'precision_binary': 0.8592592592592593, 'recall_macro': 0.7703415107765903, 'recall_micro': 0.9993235463442718, 'recall_weighted': 0.9993235463442718, 'recall_binary': 0.5407925407925408, 'roc_auc': 0.9883795330590596}
Validation statistic: Loss: 0.0084, dev_score: {'accuracy': 0.9990151376983403, 'balanced_accuracy': 0.7829457738524576, 'f1_macro': 0.8445809793347852, 'f1_micro': 0.9990151376983403, 'f1_weighted': 0.9989077661743024, 'f1_binary': 0.6896551724137931, 'pr_auc': 0.6919834877307754, 'precision_macro': 0.9407564713186688, 'precision_micro': 0.9990151376983403, 'precision_weighted': 0.9989341844192813, 'precision_binary': 0.8823529411764706, 'recall_macro': 0.7829457738524576, 'recall_micro': 0.9990151376983403, 'recall_weighted': 0.9990151376983403, 'recall_binary': 0.5660377358490566, 'roc_auc': 0.9554808831418866}
-----------------------
Epoch 19/100
Training statistic: Loss: 0.0037, train_score: {'accuracy': 0.9995710995970063, 'balanced_accuracy': 0.8926917533443728, 'f1_macro': 0.9093701690027156, 'f1_micro': 0.9995710995970063, 'f1_weighted': 0.9995619904161581, 'f1_binary': 0.818955042527339, 'pr_auc': 0.7537904795689633, 'precision_macro': 0.9275324120699386, 'precision_micro': 0.9995710995970063, 'precision_weighted': 0.9995565510293662, 'precision_binary': 0.8553299492385786, 'recall_macro': 0.8926917533443728, 'recall_micro': 0.9995710995970063, 'recall_weighted': 0.9995710995970063, 'recall_binary': 0.7855477855477856, 'roc_auc': 0.9883402890008628}
Validation statistic: Loss: 0.0083, dev_score: {'accuracy': 0.9990880904614262, 'balanced_accuracy': 0.8488921421114257, 'f1_macro': 0.8735089839765435, 'f1_micro': 0.9990880904614262, 'f1_weighted': 0.9990559095511394, 'f1_binary': 0.7474747474747475, 'pr_auc': 0.6479439728835952, 'precision_macro': 0.9018816115344717, 'precision_micro': 0.9990880904614262, 'precision_weighted': 0.9990382829474278, 'precision_binary': 0.8043478260869565, 'recall_macro': 0.8488921421114257, 'recall_micro': 0.9990880904614262, 'recall_weighted': 0.9990880904614262, 'recall_binary': 0.6981132075471698, 'roc_auc': 0.9619076449503718}
-----------------------
Epoch 20/100
Training statistic: Loss: 0.0037, train_score: {'accuracy': 0.9995710995970063, 'balanced_accuracy': 0.8973479938358847, 'f1_macro': 0.9102416236374815, 'f1_micro': 0.9995710995970063, 'f1_weighted': 0.999564140244465, 'f1_binary': 0.8206979542719615, 'pr_auc': 0.7590535827363505, 'precision_macro': 0.9240025513502466, 'precision_micro': 0.9995710995970063, 'precision_weighted': 0.9995593259423614, 'precision_binary': 0.8482587064676617, 'recall_macro': 0.8973479938358847, 'recall_micro': 0.9995710995970063, 'recall_weighted': 0.9995710995970063, 'recall_binary': 0.7948717948717948, 'roc_auc': 0.9888694203694595}
Validation statistic: Loss: 0.0083, dev_score: {'accuracy': 0.9991245668429691, 'balanced_accuracy': 0.8583261043755765, 'f1_macro': 0.8797807418234972, 'f1_micro': 0.9991245668429691, 'f1_weighted': 0.9990983518347276, 'f1_binary': 0.76, 'pr_auc': 0.6518180398893618, 'precision_macro': 0.9039812764713565, 'precision_micro': 0.9991245668429691, 'precision_weighted': 0.9990827777618793, 'precision_binary': 0.8085106382978723, 'recall_macro': 0.8583261043755765, 'recall_micro': 0.9991245668429691, 'recall_weighted': 0.9991245668429691, 'recall_binary': 0.7169811320754716, 'roc_auc': 0.9606374630564631}
-----------------------
Epoch 21/100
Training statistic: Loss: 0.0038, train_score: {'accuracy': 0.9995682210708118, 'balanced_accuracy': 0.8973465527932616, 'f1_macro': 0.9097476950832581, 'f1_micro': 0.9995682210708118, 'f1_weighted': 0.9995614826134941, 'f1_binary': 0.8197115384615384, 'pr_auc': 0.7637955664665609, 'precision_macro': 0.9229501208279123, 'precision_micro': 0.9995682210708118, 'precision_weighted': 0.9995567259462204, 'precision_binary': 0.8461538461538461, 'recall_macro': 0.8973465527932616, 'recall_micro': 0.9995682210708118, 'recall_weighted': 0.9995682210708118, 'recall_binary': 0.7948717948717948, 'roc_auc': 0.9890889156822044}
Validation statistic: Loss: 0.0086, dev_score: {'accuracy': 0.9991245668429691, 'balanced_accuracy': 0.8583261043755765, 'f1_macro': 0.8797807418234972, 'f1_micro': 0.9991245668429691, 'f1_weighted': 0.9990983518347276, 'f1_binary': 0.76, 'pr_auc': 0.6363990535732452, 'precision_macro': 0.9039812764713565, 'precision_micro': 0.9991245668429691, 'precision_weighted': 0.9990827777618793, 'precision_binary': 0.8085106382978723, 'recall_macro': 0.8583261043755765, 'recall_micro': 0.9991245668429691, 'recall_weighted': 0.9991245668429691, 'recall_binary': 0.7169811320754716, 'roc_auc': 0.9577778298783742}
-----------------------
Epoch 22/100
Training statistic: Loss: 0.0038, train_score: {'accuracy': 0.9993293033966609, 'balanced_accuracy': 0.7726725131075927, 'f1_macro': 0.8336410010157793, 'f1_micro': 0.9993293033966609, 'f1_weighted': 0.9992542727116178, 'f1_binary': 0.6676176890156919, 'pr_auc': 0.7303352360453859, 'precision_macro': 0.9298661826049588, 'precision_micro': 0.9993293033966609, 'precision_weighted': 0.9992664201830836, 'precision_binary': 0.8602941176470589, 'recall_macro': 0.7726725131075927, 'recall_micro': 0.9993293033966609, 'recall_weighted': 0.9993293033966609, 'recall_binary': 0.5454545454545454, 'roc_auc': 0.9885217260084325}
Validation statistic: Loss: 0.0085, dev_score: {'accuracy': 0.9990151376983403, 'balanced_accuracy': 0.7829457738524576, 'f1_macro': 0.8445809793347852, 'f1_micro': 0.9990151376983403, 'f1_weighted': 0.9989077661743024, 'f1_binary': 0.6896551724137931, 'pr_auc': 0.6870797102142738, 'precision_macro': 0.9407564713186688, 'precision_micro': 0.9990151376983403, 'precision_weighted': 0.9989341844192813, 'precision_binary': 0.8823529411764706, 'recall_macro': 0.7829457738524576, 'recall_micro': 0.9990151376983403, 'recall_weighted': 0.9990151376983403, 'recall_binary': 0.5660377358490566, 'roc_auc': 0.9615807903262064}
-----------------------
Epoch 23/100
Training statistic: Loss: 0.0036, train_score: {'accuracy': 0.9995020149683362, 'balanced_accuracy': 0.8577353646350767, 'f1_macro': 0.8899643079273892, 'f1_micro': 0.9995020149683362, 'f1_weighted': 0.9994795773298176, 'f1_binary': 0.7801778907242694, 'pr_auc': 0.7645865628535428, 'precision_macro': 0.9285951784883699, 'precision_micro': 0.9995020149683362, 'precision_weighted': 0.9994729718893937, 'precision_binary': 0.8575418994413407, 'recall_macro': 0.8577353646350767, 'recall_micro': 0.9995020149683362, 'recall_weighted': 0.9995020149683362, 'recall_binary': 0.7156177156177156, 'roc_auc': 0.9886264115407186}
Validation statistic: Loss: 0.0083, dev_score: {'accuracy': 0.9991245668429691, 'balanced_accuracy': 0.8394947268833102, 'f1_macro': 0.8747807578470421, 'f1_micro': 0.9991245668429691, 'f1_weighted': 0.9990790513376446, 'f1_binary': 0.75, 'pr_auc': 0.6785062696217168, 'precision_macro': 0.9182941148483088, 'precision_micro': 0.9991245668429691, 'precision_weighted': 0.9990654132317908, 'precision_binary': 0.8372093023255814, 'recall_macro': 0.8394947268833102, 'recall_micro': 0.9991245668429691, 'recall_weighted': 0.9991245668429691, 'recall_binary': 0.6792452830188679, 'roc_auc': 0.9598768709668967}
-----------------------
Epoch 24/100
Training statistic: Loss: 0.0038, train_score: {'accuracy': 0.9993552101324122, 'balanced_accuracy': 0.7889823242114933, 'f1_macro': 0.8442830797602582, 'f1_micro': 0.9993552101324122, 'f1_weighted': 0.9992934818700626, 'f1_binary': 0.6888888888888889, 'pr_auc': 0.7358599011035152, 'precision_macro': 0.9258561134707588, 'precision_micro': 0.9993552101324122, 'precision_weighted': 0.9992967190775113, 'precision_binary': 0.852233676975945, 'recall_macro': 0.7889823242114933, 'recall_micro': 0.9993552101324122, 'recall_weighted': 0.9993552101324122, 'recall_binary': 0.578088578088578, 'roc_auc': 0.9891605714426641}
Validation statistic: Loss: 0.0086, dev_score: {'accuracy': 0.9990516140798833, 'balanced_accuracy': 0.8017954248627417, 'f1_macro': 0.8553180692566882, 'f1_micro': 0.9990516140798833, 'f1_weighted': 0.9989674517114598, 'f1_binary': 0.7111111111111111, 'pr_auc': 0.6815223115184209, 'precision_macro': 0.9320489128181436, 'precision_micro': 0.9990516140798833, 'precision_weighted': 0.9989731938889475, 'precision_binary': 0.8648648648648649, 'recall_macro': 0.8017954248627417, 'recall_micro': 0.9990516140798833, 'recall_weighted': 0.9990516140798833, 'recall_binary': 0.6037735849056604, 'roc_auc': 0.9585763481374112}
-----------------------
Epoch 25/100
Training statistic: Loss: 0.0039, train_score: {'accuracy': 0.9993379389752447, 'balanced_accuracy': 0.7761690166040962, 'f1_macro': 0.8364820441395584, 'f1_micro': 0.9993379389752447, 'f1_weighted': 0.9992655994968408, 'f1_binary': 0.6732954545454546, 'pr_auc': 0.7583104120193923, 'precision_macro': 0.9306325334730088, 'precision_micro': 0.9993379389752447, 'precision_weighted': 0.9992769291297935, 'precision_binary': 0.8618181818181818, 'recall_macro': 0.7761690166040962, 'recall_micro': 0.9993379389752447, 'recall_weighted': 0.9993379389752447, 'recall_binary': 0.5524475524475524, 'roc_auc': 0.9894178428983931}
Validation statistic: Loss: 0.0090, dev_score: {'accuracy': 0.9990151376983403, 'balanced_accuracy': 0.7829457738524576, 'f1_macro': 0.8445809793347852, 'f1_micro': 0.9990151376983403, 'f1_weighted': 0.9989077661743024, 'f1_binary': 0.6896551724137931, 'pr_auc': 0.6910730752689764, 'precision_macro': 0.9407564713186688, 'precision_micro': 0.9990151376983403, 'precision_weighted': 0.9989341844192813, 'precision_binary': 0.8823529411764706, 'recall_macro': 0.7829457738524576, 'recall_micro': 0.9990151376983403, 'recall_weighted': 0.9990151376983403, 'recall_binary': 0.5660377358490566, 'roc_auc': 0.9583025901505049}
-----------------------
Epoch 26/100
Training statistic: Loss: 0.0038, train_score: {'accuracy': 0.9994502014968336, 'balanced_accuracy': 0.8367563436560557, 'f1_macro': 0.8756751419004662, 'f1_micro': 0.9994502014968336, 'f1_weighted': 0.9994184213608849, 'f1_binary': 0.7516254876462939, 'pr_auc': 0.7601726628785836, 'precision_macro': 0.924798305768455, 'precision_micro': 0.9994502014968336, 'precision_weighted': 0.9994118765157548, 'precision_binary': 0.85, 'recall_macro': 0.8367563436560557, 'recall_micro': 0.9994502014968336, 'recall_weighted': 0.9994502014968336, 'recall_binary': 0.6736596736596736, 'roc_auc': 0.989805493441244}
Validation statistic: Loss: 0.0086, dev_score: {'accuracy': 0.9990880904614262, 'balanced_accuracy': 0.8300607646191591, 'f1_macro': 0.8681926795613314, 'f1_micro': 0.9990880904614262, 'f1_weighted': 0.9990353873311223, 'f1_binary': 0.7368421052631579, 'pr_auc': 0.6933531270909049, 'precision_macro': 0.9163378755221081, 'precision_micro': 0.9990880904614262, 'precision_weighted': 0.9990214809437113, 'precision_binary': 0.8333333333333334, 'recall_macro': 0.8300607646191591, 'recall_micro': 0.9990880904614262, 'recall_weighted': 0.9990880904614262, 'recall_binary': 0.660377358490566, 'roc_auc': 0.9631923077453514}
-----------------------
Epoch 27/100
Training statistic: Loss: 0.0039, train_score: {'accuracy': 0.9994933793897525, 'balanced_accuracy': 0.8542388611385732, 'f1_macro': 0.8876283038113807, 'f1_micro': 0.9994933793897525, 'f1_weighted': 0.9994694970081175, 'f1_binary': 0.7755102040816326, 'pr_auc': 0.764024361606734, 'precision_macro': 0.9279889221655916, 'precision_micro': 0.9994933793897525, 'precision_weighted': 0.9994628545414177, 'precision_binary': 0.856338028169014, 'recall_macro': 0.8542388611385732, 'recall_micro': 0.9994933793897525, 'recall_weighted': 0.9994933793897525, 'recall_binary': 0.7086247086247086, 'roc_auc': 0.9900780923503283}
Validation statistic: Loss: 0.0086, dev_score: {'accuracy': 0.9990880904614262, 'balanced_accuracy': 0.8394764533652924, 'f1_macro': 0.8709056392033228, 'f1_micro': 0.9990880904614262, 'f1_weighted': 0.9990458603544886, 'f1_binary': 0.7422680412371134, 'pr_auc': 0.6786010301672669, 'precision_macro': 0.9087803614309771, 'precision_micro': 0.9990880904614262, 'precision_weighted': 0.999028605734872, 'precision_binary': 0.8181818181818182, 'recall_macro': 0.8394764533652924, 'recall_micro': 0.9990880904614262, 'recall_weighted': 0.9990880904614262, 'recall_binary': 0.6792452830188679, 'roc_auc': 0.9634198647621753}
-----------------------
Epoch 28/100
Training statistic: Loss: 0.0038, train_score: {'accuracy': 0.999349453080023, 'balanced_accuracy': 0.7843232016347348, 'f1_macro': 0.8415738906449415, 'f1_micro': 0.999349453080023, 'f1_weighted': 0.9992839191934784, 'f1_binary': 0.6834733893557423, 'pr_auc': 0.7547819950645601, 'precision_macro': 0.9278036931488653, 'precision_micro': 0.999349453080023, 'precision_weighted': 0.999290043055342, 'precision_binary': 0.856140350877193, 'recall_macro': 0.7843232016347348, 'recall_micro': 0.999349453080023, 'recall_weighted': 0.999349453080023, 'recall_binary': 0.5687645687645687, 'roc_auc': 0.990158219694694}
Validation statistic: Loss: 0.0084, dev_score: {'accuracy': 0.9990151376983403, 'balanced_accuracy': 0.7923614625985909, 'f1_macro': 0.8480679908595102, 'f1_micro': 0.9990151376983403, 'f1_weighted': 0.9989212307417326, 'f1_binary': 0.6966292134831461, 'pr_auc': 0.6860538398539207, 'precision_macro': 0.9301537877773314, 'precision_micro': 0.9990151376983403, 'precision_weighted': 0.9989295111797684, 'precision_binary': 0.8611111111111112, 'recall_macro': 0.7923614625985909, 'recall_micro': 0.9990151376983403, 'recall_weighted': 0.9990151376983403, 'recall_binary': 0.5849056603773585, 'roc_auc': 0.9652154964949324}
-----------------------
Epoch 29/100
Training statistic: Loss: 0.0040, train_score: {'accuracy': 0.9993235463442718, 'balanced_accuracy': 0.7703415107765903, 'f1_macro': 0.8317334344478555, 'f1_micro': 0.9993235463442718, 'f1_weighted': 0.9992466881067947, 'f1_binary': 0.6638054363376252, 'pr_auc': 0.7461687549016535, 'precision_macro': 0.9293458742642046, 'precision_micro': 0.9993235463442718, 'precision_weighted': 0.9992593910662878, 'precision_binary': 0.8592592592592593, 'recall_macro': 0.7703415107765903, 'recall_micro': 0.9993235463442718, 'recall_weighted': 0.9993235463442718, 'recall_binary': 0.5407925407925408, 'roc_auc': 0.98998966809389}
Validation statistic: Loss: 0.0088, dev_score: {'accuracy': 0.9990151376983403, 'balanced_accuracy': 0.7829457738524576, 'f1_macro': 0.8445809793347852, 'f1_micro': 0.9990151376983403, 'f1_weighted': 0.9989077661743024, 'f1_binary': 0.6896551724137931, 'pr_auc': 0.6877902612384591, 'precision_macro': 0.9407564713186688, 'precision_micro': 0.9990151376983403, 'precision_weighted': 0.9989341844192813, 'precision_binary': 0.8823529411764706, 'recall_macro': 0.7829457738524576, 'recall_micro': 0.9990151376983403, 'recall_weighted': 0.9990151376983403, 'recall_binary': 0.5660377358490566, 'roc_auc': 0.9644914514414014}
-----------------------
Epoch 30/100
Training statistic: Loss: 0.0041, train_score: {'accuracy': 0.9992976396085205, 'balanced_accuracy': 0.7598520002870799, 'f1_macro': 0.8230126411488469, 'f1_micro': 0.9992976396085205, 'f1_weighted': 0.9992122198636582, 'f1_binary': 0.6463768115942029, 'pr_auc': 0.744086072588333, 'precision_macro': 0.9269063540183794, 'precision_micro': 0.9992976396085205, 'precision_weighted': 0.9992275184940126, 'precision_binary': 0.8544061302681992, 'recall_macro': 0.7598520002870799, 'recall_micro': 0.9992976396085205, 'recall_weighted': 0.9992976396085205, 'recall_binary': 0.5198135198135199, 'roc_auc': 0.9906491180862813}
Validation statistic: Loss: 0.0091, dev_score: {'accuracy': 0.9990516140798833, 'balanced_accuracy': 0.7829640473704752, 'f1_macro': 0.8485997403559571, 'f1_micro': 0.9990516140798833, 'f1_weighted': 0.9989415098874694, 'f1_binary': 0.6976744186046512, 'pr_auc': 0.6849179607561189, 'precision_macro': 0.9541254706144049, 'precision_micro': 0.9990516140798833, 'precision_weighted': 0.9989859061659333, 'precision_binary': 0.9090909090909091, 'recall_macro': 0.7829640473704752, 'recall_micro': 0.9990516140798833, 'recall_weighted': 0.9990516140798833, 'recall_binary': 0.5660377358490566, 'roc_auc': 0.9599265197705674}
-----------------------
Epoch 31/100
Training statistic: Loss: 0.0038, train_score: {'accuracy': 0.999349453080023, 'balanced_accuracy': 0.7901435022491249, 'f1_macro': 0.8437598455551494, 'f1_micro': 0.999349453080023, 'f1_weighted': 0.999289313331646, 'f1_binary': 0.6878453038674033, 'pr_auc': 0.7566072971766625, 'precision_macro': 0.9217746107696128, 'precision_micro': 0.999349453080023, 'precision_weighted': 0.999289506545208, 'precision_binary': 0.8440677966101695, 'recall_macro': 0.7901435022491249, 'recall_micro': 0.999349453080023, 'recall_weighted': 0.999349453080023, 'recall_binary': 0.5804195804195804, 'roc_auc': 0.9908059129290876}
Validation statistic: Loss: 0.0086, dev_score: {'accuracy': 0.9989786613167974, 'balanced_accuracy': 0.7923431890805731, 'f1_macro': 0.8441886899687412, 'f1_micro': 0.9989786613167974, 'f1_weighted': 0.9988880249200337, 'f1_binary': 0.6888888888888889, 'pr_auc': 0.6887402105457656, 'precision_macro': 0.9185171364658544, 'precision_micro': 0.9989786613167974, 'precision_weighted': 0.9988844888726575, 'precision_binary': 0.8378378378378378, 'recall_macro': 0.7923431890805731, 'recall_micro': 0.9989786613167974, 'recall_weighted': 0.9989786613167974, 'recall_binary': 0.5849056603773585, 'roc_auc': 0.9631526576590865}
-----------------------
Epoch 32/100
Training statistic: Loss: 0.0037, train_score: {'accuracy': 0.9995164075993092, 'balanced_accuracy': 0.8693831710769726, 'f1_macro': 0.8951408075737446, 'f1_micro': 0.9995164075993092, 'f1_weighted': 0.9994995435850867, 'f1_binary': 0.7905236907730673, 'pr_auc': 0.7665793173807927, 'precision_macro': 0.924771605142235, 'precision_micro': 0.9995164075993092, 'precision_weighted': 0.9994922583961406, 'precision_binary': 0.8498659517426274, 'recall_macro': 0.8693831710769726, 'recall_micro': 0.9995164075993092, 'recall_weighted': 0.9995164075993092, 'recall_binary': 0.7389277389277389, 'roc_auc': 0.9907073476291077}
Validation statistic: Loss: 0.0088, dev_score: {'accuracy': 0.9990880904614262, 'balanced_accuracy': 0.8394764533652924, 'f1_macro': 0.8709056392033228, 'f1_micro': 0.9990880904614262, 'f1_weighted': 0.9990458603544886, 'f1_binary': 0.7422680412371134, 'pr_auc': 0.6772843830688586, 'precision_macro': 0.9087803614309771, 'precision_micro': 0.9990880904614262, 'precision_weighted': 0.999028605734872, 'precision_binary': 0.8181818181818182, 'recall_macro': 0.8394764533652924, 'recall_micro': 0.9990880904614262, 'recall_weighted': 0.9990880904614262, 'recall_binary': 0.6792452830188679, 'roc_auc': 0.9623441406826435}
-----------------------
Epoch 33/100
Training statistic: Loss: 0.0036, train_score: {'accuracy': 0.9994789867587796, 'balanced_accuracy': 0.8484113553110675, 'f1_macro': 0.8836950176891338, 'f1_micro': 0.9994789867587796, 'f1_weighted': 0.9994525978972953, 'f1_binary': 0.7676508344030809, 'pr_auc': 0.7652985376949851, 'precision_macro': 0.9269555642455801, 'precision_micro': 0.9994789867587796, 'precision_weighted': 0.9994459359922463, 'precision_binary': 0.8542857142857143, 'recall_macro': 0.8484113553110675, 'recall_micro': 0.9994789867587796, 'recall_weighted': 0.9994789867587796, 'recall_binary': 0.696969696969697, 'roc_auc': 0.9905138078789479}
Validation statistic: Loss: 0.0084, dev_score: {'accuracy': 0.9990880904614262, 'balanced_accuracy': 0.8300607646191591, 'f1_macro': 0.8681926795613314, 'f1_micro': 0.9990880904614262, 'f1_weighted': 0.9990353873311223, 'f1_binary': 0.7368421052631579, 'pr_auc': 0.690214825694964, 'precision_macro': 0.9163378755221081, 'precision_micro': 0.9990880904614262, 'precision_weighted': 0.9990214809437113, 'precision_binary': 0.8333333333333334, 'recall_macro': 0.8300607646191591, 'recall_micro': 0.9990880904614262, 'recall_weighted': 0.9990880904614262, 'recall_binary': 0.660377358490566, 'roc_auc': 0.9683781942454278}
Early stopping by loss triggered!
Testing statistic: loss: 0.0038476848568797556, scores: {'accuracy': 0.9989991993594876, 'balanced_accuracy': 0.5, 'f1_macro': 0.49974967457695, 'f1_micro': 0.9989991993594876, 'f1_weighted': 0.9984990495650752, 'f1_binary': 0.0, 'pr_auc': 0.6924394505465624, 'precision_macro': 0.4994995996797438, 'precision_micro': 0.9989991993594876, 'precision_weighted': 0.9979994003208971, 'precision_binary': 0.0, 'recall_macro': 0.5, 'recall_micro': 0.9989991993594876, 'recall_weighted': 0.9989991993594876, 'recall_binary': 0.0, 'roc_auc': 0.9641705069124424}
Finish training!
