=====Setting up data=====
Dataset name:adult
train_option:synthetic
augment_option:tvae_compare_pca_gmm
mix_ratio:-1
n_sample:-1
Training dataset size: 100096 samples
Validation dataset size: 3840 samples

=====Setting up parameters for training=====
num_epochs: 100
learning_rate: 0.001
patience: 30
early_stop_criterion: loss
=====Setting up trainer=====
input_size: 107
model: DNN_Adult
----------------------------------------------------------------
        Layer (type)               Output Shape         Param #
================================================================
            Linear-1                  [-1, 128]          13,824
       BatchNorm1d-2                  [-1, 128]             256
              ReLU-3                  [-1, 128]               0
           Dropout-4                  [-1, 128]               0
            Linear-5                   [-1, 64]           8,256
       BatchNorm1d-6                   [-1, 64]             128
              ReLU-7                   [-1, 64]               0
           Dropout-8                   [-1, 64]               0
            Linear-9                   [-1, 32]           2,080
      BatchNorm1d-10                   [-1, 32]              64
             ReLU-11                   [-1, 32]               0
          Dropout-12                   [-1, 32]               0
           Linear-13                   [-1, 16]             528
      BatchNorm1d-14                   [-1, 16]              32
             ReLU-15                   [-1, 16]               0
          Dropout-16                   [-1, 16]               0
           Linear-17                    [-1, 1]              17
          Sigmoid-18                    [-1, 1]               0
================================================================
Total params: 25,185
Trainable params: 25,185
Non-trainable params: 0
----------------------------------------------------------------
Input size (MB): 0.00
Forward/backward pass size (MB): 0.01
Params size (MB): 0.10
Estimated Total Size (MB): 0.10
----------------------------------------------------------------
=====Setting up output files=====
weight_dir, weight_file: /home/thuy/Research/minh_data_synth/TabularDA/output/corrected_v2/adult/weight/, adult_seed42_tvae_full_pca_gmm_synthetic.weights.pth
acc_dir, acc_file: /home/thuy/Research/minh_data_synth/TabularDA/output/corrected_v2/adult/acc/, adult_seed42_tvae_full_pca_gmm_synthetic.epochs.csv
report_file: adult_seed42_tvae_full_pca_gmm_synthetic.report.txt
==========================================================================================
Start training...
-----------------------
Epoch 1/100
Training statistic: Loss: 0.1888, train_score: {'accuracy': 0.93403, 'balanced_accuracy': 0.9366876400500065, 'f1_macro': 0.9319637364372049, 'f1_micro': 0.93403, 'f1_weighted': 0.9343376808369457, 'f1_binary': 0.9201070567861165, 'pr_auc': 0.9561396370163883, 'precision_macro': 0.9286106135666068, 'precision_micro': 0.93403, 'precision_weighted': 0.9359263467900021, 'precision_binary': 0.8920721397708059, 'recall_macro': 0.9366876400500065, 'recall_micro': 0.93403, 'recall_weighted': 0.93403, 'recall_binary': 0.9499612393408188, 'roc_auc': 0.9767625012243885}
Validation statistic: Loss: 0.6585, dev_score: {'accuracy': 0.7395287958115183, 'balanced_accuracy': 0.781251936946362, 'f1_macro': 0.7085730168010045, 'f1_micro': 0.7395287958115183, 'f1_weighted': 0.7579530787406675, 'f1_binary': 0.6135922330097088, 'pr_auc': 0.5568441262827295, 'precision_macro': 0.7088678891568254, 'precision_micro': 0.7395287958115183, 'precision_weighted': 0.8296864618080557, 'precision_binary': 0.4764776839565742, 'recall_macro': 0.781251936946362, 'recall_micro': 0.7395287958115183, 'recall_weighted': 0.7395287958115183, 'recall_binary': 0.861504907306434, 'roc_auc': 0.8362754883358733}
Saving model...
Model saved!
-------------------------------------------
-----------------------
Epoch 2/100
Training statistic: Loss: 0.1395, train_score: {'accuracy': 0.95478, 'balanced_accuracy': 0.9542389500132983, 'f1_macro': 0.9530160858425845, 'f1_micro': 0.95478, 'f1_weighted': 0.954838809276718, 'f1_binary': 0.9439124826354436, 'pr_auc': 0.9725971182299553, 'precision_macro': 0.9518820005055141, 'precision_micro': 0.95478, 'precision_weighted': 0.9549799047168647, 'precision_binary': 0.9364094992001969, 'recall_macro': 0.9542389500132983, 'recall_micro': 0.95478, 'recall_weighted': 0.95478, 'recall_binary': 0.9515366725849609, 'roc_auc': 0.9855657209216896}
Validation statistic: Loss: 0.7690, dev_score: {'accuracy': 0.7484293193717277, 'balanced_accuracy': 0.7725601425367132, 'f1_macro': 0.7120983368220928, 'f1_micro': 0.7484293193717277, 'f1_weighted': 0.765269546360468, 'f1_binary': 0.6098254161591555, 'pr_auc': 0.53310982950412, 'precision_macro': 0.7063853039193265, 'precision_micro': 0.7484293193717277, 'precision_weighted': 0.8210823021177728, 'precision_binary': 0.4857697283311772, 'recall_macro': 0.7725601425367132, 'recall_micro': 0.7484293193717277, 'recall_weighted': 0.7484293193717277, 'recall_binary': 0.8189749182115594, 'roc_auc': 0.8303527994016644}
-----------------------
Epoch 3/100
Training statistic: Loss: 0.1173, train_score: {'accuracy': 0.96294, 'balanced_accuracy': 0.9610210170447053, 'f1_macro': 0.96136347524385, 'f1_micro': 0.96294, 'f1_weighted': 0.9629261078511586, 'f1_binary': 0.9535588972431077, 'pr_auc': 0.9802795970154191, 'precision_macro': 0.9617128032246804, 'precision_micro': 0.96294, 'precision_weighted': 0.9629185610927464, 'precision_binary': 0.9556906382658059, 'recall_macro': 0.9610210170447053, 'recall_micro': 0.96294, 'recall_weighted': 0.96294, 'recall_binary': 0.9514366450773963, 'roc_auc': 0.9893145928822915}
Validation statistic: Loss: 0.8471, dev_score: {'accuracy': 0.7526178010471204, 'balanced_accuracy': 0.7693475819959873, 'f1_macro': 0.7139172040773871, 'f1_micro': 0.7526178010471204, 'f1_weighted': 0.7686213931036436, 'f1_binary': 0.6086956521739131, 'pr_auc': 0.5263398120789315, 'precision_macro': 0.7061367496598968, 'precision_micro': 0.7526178010471204, 'precision_weighted': 0.8181651089499771, 'precision_binary': 0.49065420560747663, 'recall_macro': 0.7693475819959873, 'recall_micro': 0.7526178010471204, 'recall_weighted': 0.7526178010471204, 'recall_binary': 0.8015267175572519, 'roc_auc': 0.8275318541981351}
-----------------------
Epoch 4/100
Training statistic: Loss: 0.1044, train_score: {'accuracy': 0.96635, 'balanced_accuracy': 0.9642584679325916, 'f1_macro': 0.9648961267486732, 'f1_micro': 0.96635, 'f1_weighted': 0.9663264962753827, 'f1_binary': 0.9577521375032957, 'pr_auc': 0.9838219776814086, 'precision_macro': 0.9655573911225195, 'precision_micro': 0.96635, 'precision_weighted': 0.9663247806266256, 'precision_binary': 0.9617246596066565, 'recall_macro': 0.9642584679325916, 'recall_micro': 0.96635, 'recall_weighted': 0.96635, 'recall_binary': 0.9538122983820551, 'roc_auc': 0.9912887470709559}
Validation statistic: Loss: 0.9217, dev_score: {'accuracy': 0.7547120418848168, 'balanced_accuracy': 0.7696064049862306, 'f1_macro': 0.7154475067214072, 'f1_micro': 0.7547120418848168, 'f1_weighted': 0.7704012536097309, 'f1_binary': 0.6097459391920034, 'pr_auc': 0.5154384343612911, 'precision_macro': 0.7070331250230772, 'precision_micro': 0.7547120418848168, 'precision_weighted': 0.8181720086937518, 'precision_binary': 0.49326145552560646, 'recall_macro': 0.7696064049862306, 'recall_micro': 0.7547120418848168, 'recall_weighted': 0.7547120418848168, 'recall_binary': 0.7982551799345693, 'roc_auc': 0.8227274759198828}
-----------------------
Epoch 5/100
Training statistic: Loss: 0.0972, train_score: {'accuracy': 0.96846, 'balanced_accuracy': 0.9672846552773351, 'f1_macro': 0.967152121936409, 'f1_micro': 0.96846, 'f1_weighted': 0.9684644570366003, 'f1_binary': 0.9605976563476001, 'pr_auc': 0.9875261257599564, 'precision_macro': 0.9670205947382962, 'precision_micro': 0.96846, 'precision_weighted': 0.9684698440669613, 'precision_binary': 0.9597823102079537, 'recall_macro': 0.9672846552773351, 'recall_micro': 0.96846, 'recall_weighted': 0.96846, 'recall_binary': 0.9614143889569632, 'roc_auc': 0.9926919507687064}
Validation statistic: Loss: 0.9582, dev_score: {'accuracy': 0.7541884816753927, 'balanced_accuracy': 0.7770953674441248, 'f1_macro': 0.717600099198734, 'f1_micro': 0.7541884816753927, 'f1_weighted': 0.7704470283613842, 'f1_binary': 0.6159509202453988, 'pr_auc': 0.5285623633176892, 'precision_macro': 0.7106239092495636, 'precision_micro': 0.7541884816753927, 'precision_weighted': 0.8238689888800562, 'precision_binary': 0.49280104712041883, 'recall_macro': 0.7770953674441248, 'recall_micro': 0.7541884816753927, 'recall_weighted': 0.7541884816753927, 'recall_binary': 0.8211559432933478, 'roc_auc': 0.8230909174918136}
-----------------------
Epoch 6/100
Training statistic: Loss: 0.0933, train_score: {'accuracy': 0.96782, 'balanced_accuracy': 0.9669975460278455, 'f1_macro': 0.9665108000625895, 'f1_micro': 0.96782, 'f1_weighted': 0.9678365537115291, 'f1_binary': 0.9598893154509648, 'pr_auc': 0.9887833986919539, 'precision_macro': 0.9660376146818371, 'precision_micro': 0.96782, 'precision_weighted': 0.9678656506843091, 'precision_binary': 0.9569074778200254, 'recall_macro': 0.9669975460278455, 'recall_micro': 0.96782, 'recall_weighted': 0.96782, 'recall_binary': 0.9628897946935407, 'roc_auc': 0.9935088829870132}
Validation statistic: Loss: 1.0867, dev_score: {'accuracy': 0.7513089005235603, 'balanced_accuracy': 0.7707245278170853, 'f1_macro': 0.7134816628264209, 'f1_micro': 0.7513089005235603, 'f1_weighted': 0.7676062262749214, 'f1_binary': 0.609375, 'pr_auc': 0.507357653114554, 'precision_macro': 0.7063765812589935, 'precision_micro': 0.7513089005235603, 'precision_weighted': 0.8193330193089041, 'precision_binary': 0.4891089108910891, 'recall_macro': 0.7707245278170853, 'recall_micro': 0.7513089005235603, 'recall_weighted': 0.7513089005235603, 'recall_binary': 0.8080697928026173, 'roc_auc': 0.8184912685744937}
-----------------------
Epoch 7/100
Training statistic: Loss: 0.0866, train_score: {'accuracy': 0.97087, 'balanced_accuracy': 0.9690882104858252, 'f1_macro': 0.9696188880395565, 'f1_micro': 0.97087, 'f1_weighted': 0.9708532922021742, 'f1_binary': 0.9634536489894238, 'pr_auc': 0.990178601752734, 'precision_macro': 0.970165655312306, 'precision_micro': 0.97087, 'precision_weighted': 0.9708514357702427, 'precision_binary': 0.9667405206707287, 'recall_macro': 0.9690882104858252, 'recall_micro': 0.97087, 'recall_weighted': 0.97087, 'recall_binary': 0.960189051989297, 'roc_auc': 0.9942471713256666}
Validation statistic: Loss: 1.1032, dev_score: {'accuracy': 0.7528795811518325, 'balanced_accuracy': 0.7717579415270406, 'f1_macro': 0.7149155469879275, 'f1_micro': 0.7528795811518325, 'f1_weighted': 0.7690020404237348, 'f1_binary': 0.6108821104699094, 'pr_auc': 0.522292963132131, 'precision_macro': 0.707448085179963, 'precision_micro': 0.7528795811518325, 'precision_weighted': 0.8199505178484575, 'precision_binary': 0.49105367793240556, 'recall_macro': 0.7717579415270406, 'recall_micro': 0.7528795811518325, 'recall_weighted': 0.7528795811518325, 'recall_binary': 0.8080697928026173, 'roc_auc': 0.8214435035241625}
-----------------------
Epoch 8/100
Training statistic: Loss: 0.0809, train_score: {'accuracy': 0.9746, 'balanced_accuracy': 0.9720958548798633, 'f1_macro': 0.973461304744042, 'f1_micro': 0.9746, 'f1_weighted': 0.9745619592006796, 'f1_binary': 0.9679640794087229, 'pr_auc': 0.9917493949438153, 'precision_macro': 0.9749326678369276, 'precision_micro': 0.9746, 'precision_weighted': 0.9746215085623801, 'precision_binary': 0.9764867547141003, 'recall_macro': 0.9720958548798633, 'recall_micro': 0.9746, 'recall_weighted': 0.9746, 'recall_binary': 0.9595888869439095, 'roc_auc': 0.9948827435768329}
Validation statistic: Loss: 1.1279, dev_score: {'accuracy': 0.7578534031413613, 'balanced_accuracy': 0.7724192737103834, 'f1_macro': 0.7185823495263766, 'f1_micro': 0.7578534031413613, 'f1_weighted': 0.7732370884747716, 'f1_binary': 0.6134559130798162, 'pr_auc': 0.5331100146609868, 'precision_macro': 0.70960915027239, 'precision_micro': 0.7578534031413613, 'precision_weighted': 0.8199928901315799, 'precision_binary': 0.497289972899729, 'recall_macro': 0.7724192737103834, 'recall_micro': 0.7578534031413613, 'recall_weighted': 0.7578534031413613, 'recall_binary': 0.8004362050163577, 'roc_auc': 0.8226350659698105}
-----------------------
Epoch 9/100
Training statistic: Loss: 0.0759, train_score: {'accuracy': 0.97427, 'balanced_accuracy': 0.9716498683502797, 'f1_macro': 0.9731108007897802, 'f1_micro': 0.97427, 'f1_weighted': 0.9742286299371589, 'f1_binary': 0.9675277963577622, 'pr_auc': 0.9938703317684948, 'precision_macro': 0.9746932044587306, 'precision_micro': 0.97427, 'precision_weighted': 0.9742991661554985, 'precision_binary': 0.976661231145536, 'recall_macro': 0.9716498683502797, 'recall_micro': 0.97427, 'recall_weighted': 0.97427, 'recall_binary': 0.9585636049913726, 'roc_auc': 0.9956741107420545}
Validation statistic: Loss: 1.1735, dev_score: {'accuracy': 0.7575916230366492, 'balanced_accuracy': 0.7729930793963, 'f1_macro': 0.7185973685943934, 'f1_micro': 0.7575916230366492, 'f1_weighted': 0.773057698638219, 'f1_binary': 0.6138448707256047, 'pr_auc': 0.5133137862841903, 'precision_macro': 0.7097890076352625, 'precision_micro': 0.7575916230366492, 'precision_weighted': 0.8204370195084023, 'precision_binary': 0.49696151249155973, 'recall_macro': 0.7729930793963, 'recall_micro': 0.7575916230366492, 'recall_weighted': 0.7575916230366492, 'recall_binary': 0.8026172300981461, 'roc_auc': 0.8202433011238328}
-----------------------
Epoch 10/100
Training statistic: Loss: 0.0728, train_score: {'accuracy': 0.97478, 'balanced_accuracy': 0.9718161492260766, 'f1_macro': 0.9736236617422511, 'f1_micro': 0.97478, 'f1_weighted': 0.9747294122722276, 'f1_binary': 0.9681009840378437, 'pr_auc': 0.9944256794223861, 'precision_macro': 0.9756173159542892, 'precision_micro': 0.97478, 'precision_weighted': 0.9748501913987488, 'precision_binary': 0.9794487241829396, 'recall_macro': 0.9718161492260766, 'recall_micro': 0.97478, 'recall_weighted': 0.97478, 'recall_binary': 0.9570131786241216, 'roc_auc': 0.996156557490663}
Validation statistic: Loss: 1.2250, dev_score: {'accuracy': 0.7581151832460733, 'balanced_accuracy': 0.775202653893558, 'f1_macro': 0.7197110395581547, 'f1_micro': 0.7581151832460733, 'f1_weighted': 0.7736506642853161, 'f1_binary': 0.6159600997506235, 'pr_auc': 0.540227479737718, 'precision_macro': 0.7110726768215015, 'precision_micro': 0.7581151832460733, 'precision_weighted': 0.8220304176281518, 'precision_binary': 0.4976494291470786, 'recall_macro': 0.775202653893558, 'recall_micro': 0.7581151832460733, 'recall_weighted': 0.7581151832460733, 'recall_binary': 0.8080697928026173, 'roc_auc': 0.8214637886351539}
-----------------------
Epoch 11/100
Training statistic: Loss: 0.0704, train_score: {'accuracy': 0.97473, 'balanced_accuracy': 0.9723668620275152, 'f1_macro': 0.9736045475273785, 'f1_micro': 0.97473, 'f1_weighted': 0.9746958260109287, 'f1_binary': 0.9681541505463069, 'pr_auc': 0.9951848361522889, 'precision_macro': 0.9749291265442037, 'precision_micro': 0.97473, 'precision_weighted': 0.9747417364488827, 'precision_binary': 0.9758650475077486, 'recall_macro': 0.9723668620275152, 'recall_micro': 0.97473, 'recall_weighted': 0.97473, 'recall_binary': 0.9605641551426642, 'roc_auc': 0.9965898766084287}
Validation statistic: Loss: 1.2964, dev_score: {'accuracy': 0.7554973821989529, 'balanced_accuracy': 0.7749723803187842, 'f1_macro': 0.7178110257344753, 'f1_micro': 0.7554973821989529, 'f1_weighted': 0.7714249970370917, 'f1_binary': 0.6146864686468647, 'pr_auc': 0.5105929947130164, 'precision_macro': 0.7099986774501814, 'precision_micro': 0.7554973821989529, 'precision_weighted': 0.8221083891512487, 'precision_binary': 0.49435965494359657, 'recall_macro': 0.7749723803187842, 'recall_micro': 0.7554973821989529, 'recall_weighted': 0.7554973821989529, 'recall_binary': 0.8124318429661941, 'roc_auc': 0.816977586079305}
-----------------------
Epoch 12/100
Training statistic: Loss: 0.0685, train_score: {'accuracy': 0.97542, 'balanced_accuracy': 0.9734465241759784, 'f1_macro': 0.9743443440995587, 'f1_micro': 0.97542, 'f1_weighted': 0.9753961502354561, 'f1_binary': 0.9690910919973844, 'pr_auc': 0.9951980240575925, 'precision_macro': 0.9752876611764495, 'precision_micro': 0.97542, 'precision_weighted': 0.9754142587839567, 'precision_binary': 0.9746553686606804, 'recall_macro': 0.9734465241759784, 'recall_micro': 0.97542, 'recall_weighted': 0.97542, 'recall_binary': 0.9635899872464928, 'roc_auc': 0.9966042527186303}
Validation statistic: Loss: 1.3462, dev_score: {'accuracy': 0.7534031413612565, 'balanced_accuracy': 0.7780707431976321, 'f1_macro': 0.7173682742188443, 'f1_micro': 0.7534031413612565, 'f1_weighted': 0.7698354634745853, 'f1_binary': 0.6164495114006515, 'pr_auc': 0.5174755274525497, 'precision_macro': 0.7108665846830856, 'precision_micro': 0.7534031413612565, 'precision_weighted': 0.8247177997273545, 'precision_binary': 0.4918778427550357, 'recall_macro': 0.7780707431976321, 'recall_micro': 0.7534031413612565, 'recall_weighted': 0.7534031413612565, 'recall_binary': 0.8255179934569248, 'roc_auc': 0.8207098586766369}
-----------------------
Epoch 13/100
Training statistic: Loss: 0.0652, train_score: {'accuracy': 0.9761, 'balanced_accuracy': 0.9741090345228285, 'f1_macro': 0.9750517545506234, 'f1_micro': 0.9761, 'f1_weighted': 0.9760756578771634, 'f1_binary': 0.9699378631984101, 'pr_auc': 0.996044630313422, 'precision_macro': 0.9760445409736758, 'precision_micro': 0.9761, 'precision_weighted': 0.9760974827408668, 'precision_binary': 0.9757801229974945, 'recall_macro': 0.9741090345228285, 'recall_micro': 0.9761, 'recall_weighted': 0.9761, 'recall_binary': 0.9641651454149891, 'roc_auc': 0.9971031253487728}
Validation statistic: Loss: 1.4243, dev_score: {'accuracy': 0.756806282722513, 'balanced_accuracy': 0.7799367855837473, 'f1_macro': 0.720365030964657, 'f1_micro': 0.756806282722513, 'f1_weighted': 0.7728467757007718, 'f1_binary': 0.6194182712003278, 'pr_auc': 0.5201648354820354, 'precision_macro': 0.7129705204532361, 'precision_micro': 0.756806282722513, 'precision_weighted': 0.8257397223532156, 'precision_binary': 0.49606299212598426, 'recall_macro': 0.7799367855837473, 'recall_micro': 0.756806282722513, 'recall_weighted': 0.756806282722513, 'recall_binary': 0.8244274809160306, 'roc_auc': 0.8221822196494356}
-----------------------
Epoch 14/100
Training statistic: Loss: 0.0634, train_score: {'accuracy': 0.97476, 'balanced_accuracy': 0.9725044915254912, 'f1_macro': 0.9736416753157513, 'f1_micro': 0.97476, 'f1_weighted': 0.9747287273027416, 'f1_binary': 0.9682123875972898, 'pr_auc': 0.9962078358917188, 'precision_macro': 0.9748521479360548, 'precision_micro': 0.97476, 'precision_weighted': 0.9747650134326218, 'precision_binary': 0.9752873417400351, 'recall_macro': 0.9725044915254912, 'recall_micro': 0.97476, 'recall_weighted': 0.97476, 'recall_binary': 0.9612393408187252, 'roc_auc': 0.9972142144958789}
Validation statistic: Loss: 1.4424, dev_score: {'accuracy': 0.7578534031413613, 'balanced_accuracy': 0.7791336454485658, 'f1_macro': 0.7208378671997253, 'f1_micro': 0.7578534031413613, 'f1_weighted': 0.7736867919877116, 'f1_binary': 0.6191848497324002, 'pr_auc': 0.49914624446619654, 'precision_macro': 0.7129320147084446, 'precision_micro': 0.7578534031413613, 'precision_weighted': 0.8250097501704705, 'precision_binary': 0.4973544973544973, 'recall_macro': 0.7791336454485658, 'recall_micro': 0.7578534031413613, 'recall_weighted': 0.7578534031413613, 'recall_binary': 0.8200654307524536, 'roc_auc': 0.8195549221258345}
-----------------------
Epoch 15/100
Training statistic: Loss: 0.0614, train_score: {'accuracy': 0.97579, 'balanced_accuracy': 0.9739300095615144, 'f1_macro': 0.9747356055527987, 'f1_micro': 0.97579, 'f1_weighted': 0.9757689936590136, 'f1_binary': 0.9695743424111799, 'pr_auc': 0.9964757944501459, 'precision_macro': 0.9755777608037492, 'precision_micro': 0.97579, 'precision_weighted': 0.9757817084514423, 'precision_binary': 0.9745591430448184, 'recall_macro': 0.9739300095615144, 'recall_micro': 0.97579, 'recall_weighted': 0.97579, 'recall_binary': 0.9646402760759208, 'roc_auc': 0.9974182446672643}
Validation statistic: Loss: 1.4560, dev_score: {'accuracy': 0.7544502617801047, 'balanced_accuracy': 0.7791327063230569, 'f1_macro': 0.7184476669209403, 'f1_micro': 0.7544502617801047, 'f1_weighted': 0.7707911174262847, 'f1_binary': 0.6177669111654441, 'pr_auc': 0.5349886704049017, 'precision_macro': 0.7117616532026055, 'precision_micro': 0.7544502617801047, 'precision_weighted': 0.8254071982896208, 'precision_binary': 0.49316851008458035, 'recall_macro': 0.7791327063230569, 'recall_micro': 0.7544502617801047, 'recall_weighted': 0.7544502617801047, 'recall_binary': 0.826608505997819, 'roc_auc': 0.8249171409563527}
-----------------------
Epoch 16/100
Training statistic: Loss: 0.0602, train_score: {'accuracy': 0.97611, 'balanced_accuracy': 0.9736918598024464, 'f1_macro': 0.9750401869471568, 'f1_micro': 0.97611, 'f1_weighted': 0.976074809801044, 'f1_binary': 0.9698727568508266, 'pr_auc': 0.9965291502985782, 'precision_macro': 0.9764912531043294, 'precision_micro': 0.97611, 'precision_weighted': 0.9761342829558594, 'precision_binary': 0.9782741426681592, 'recall_macro': 0.9736918598024464, 'recall_micro': 0.97611, 'recall_weighted': 0.97611, 'recall_binary': 0.9616144439720923, 'roc_auc': 0.9974383767220512}
Validation statistic: Loss: 1.4591, dev_score: {'accuracy': 0.7586387434554974, 'balanced_accuracy': 0.7796503523035434, 'f1_macro': 0.7215594643250731, 'f1_micro': 0.7586387434554974, 'f1_weighted': 0.7743854674477578, 'f1_binary': 0.6199505358615004, 'pr_auc': 0.5006853617247693, 'precision_macro': 0.7134728051709933, 'precision_micro': 0.7586387434554974, 'precision_weighted': 0.825317634887982, 'precision_binary': 0.4983432736911862, 'recall_macro': 0.7796503523035434, 'recall_micro': 0.7586387434554974, 'recall_weighted': 0.7586387434554974, 'recall_binary': 0.8200654307524536, 'roc_auc': 0.8188286024572782}
-----------------------
Epoch 17/100
Training statistic: Loss: 0.0575, train_score: {'accuracy': 0.97661, 'balanced_accuracy': 0.9744213225399745, 'f1_macro': 0.9755731189369754, 'f1_micro': 0.97661, 'f1_weighted': 0.9765807601855255, 'f1_binary': 0.9705404486315604, 'pr_auc': 0.9967833546856932, 'precision_macro': 0.9767996470552667, 'precision_micro': 0.97661, 'precision_weighted': 0.9766204026566379, 'precision_binary': 0.9776948842874543, 'recall_macro': 0.9744213225399745, 'recall_micro': 0.97661, 'recall_weighted': 0.97661, 'recall_binary': 0.9634899597389283, 'roc_auc': 0.9976436115872611}
Validation statistic: Loss: 1.6235, dev_score: {'accuracy': 0.7581151832460733, 'balanced_accuracy': 0.7815440049796192, 'f1_macro': 0.7218095838587641, 'f1_micro': 0.7581151832460733, 'f1_weighted': 0.7740580768900656, 'f1_binary': 0.6213114754098361, 'pr_auc': 0.51064584043842, 'precision_macro': 0.7142405907274069, 'precision_micro': 0.7581151832460733, 'precision_weighted': 0.8268180335466208, 'precision_binary': 0.49770190413657256, 'recall_macro': 0.7815440049796192, 'recall_micro': 0.7581151832460733, 'recall_weighted': 0.7581151832460733, 'recall_binary': 0.826608505997819, 'roc_auc': 0.820449908735783}
-----------------------
Epoch 18/100
Training statistic: Loss: 0.0565, train_score: {'accuracy': 0.97731, 'balanced_accuracy': 0.9752757050681147, 'f1_macro': 0.9763102576979554, 'f1_micro': 0.97731, 'f1_weighted': 0.9772846450986047, 'f1_binary': 0.9714436739368464, 'pr_auc': 0.9968302608523903, 'precision_macro': 0.97740490802838, 'precision_micro': 0.97731, 'precision_weighted': 0.9773146949375984, 'precision_binary': 0.9778554778554779, 'recall_macro': 0.9752757050681147, 'recall_micro': 0.97731, 'recall_weighted': 0.97731, 'recall_binary': 0.9651154067368526, 'roc_auc': 0.9977058308354956}
Validation statistic: Loss: 1.6481, dev_score: {'accuracy': 0.756806282722513, 'balanced_accuracy': 0.781055847540111, 'f1_macro': 0.7207283924298145, 'f1_micro': 0.756806282722513, 'f1_weighted': 0.7729138914256626, 'f1_binary': 0.6203514507560278, 'pr_auc': 0.5006157533436195, 'precision_macro': 0.713541399092388, 'precision_micro': 0.756806282722513, 'precision_weighted': 0.82659937131532, 'precision_binary': 0.49607843137254903, 'recall_macro': 0.781055847540111, 'recall_micro': 0.756806282722513, 'recall_weighted': 0.756806282722513, 'recall_binary': 0.8276990185387132, 'roc_auc': 0.8156019550339195}
-----------------------
Epoch 19/100
Training statistic: Loss: 0.0547, train_score: {'accuracy': 0.97791, 'balanced_accuracy': 0.9757839566834705, 'f1_macro': 0.9769311451154965, 'f1_micro': 0.97791, 'f1_weighted': 0.97788258122878, 'f1_binary': 0.9721791916978375, 'pr_auc': 0.9970970504966055, 'precision_macro': 0.9781521472867096, 'precision_micro': 0.97791, 'precision_weighted': 0.9779231959751068, 'precision_binary': 0.9792956459961433, 'recall_macro': 0.9757839566834705, 'recall_micro': 0.97791, 'recall_weighted': 0.97791, 'recall_binary': 0.9651654204906349, 'roc_auc': 0.9978733293229683}
Validation statistic: Loss: 1.6375, dev_score: {'accuracy': 0.7573298429319372, 'balanced_accuracy': 0.7776701122555503, 'f1_macro': 0.7199877435233417, 'f1_micro': 0.7573298429319372, 'f1_weighted': 0.7731500441867616, 'f1_binary': 0.6177319587628866, 'pr_auc': 0.5112152463719103, 'precision_macro': 0.7120099951355172, 'precision_micro': 0.7573298429319372, 'precision_weighted': 0.8239567833490621, 'precision_binary': 0.496684350132626, 'recall_macro': 0.7776701122555503, 'recall_micro': 0.7573298429319372, 'recall_weighted': 0.7573298429319372, 'recall_binary': 0.816793893129771, 'roc_auc': 0.8198468023339898}
-----------------------
Epoch 20/100
Training statistic: Loss: 0.0549, train_score: {'accuracy': 0.97686, 'balanced_accuracy': 0.9745837297271547, 'f1_macro': 0.9758293072782875, 'f1_micro': 0.97686, 'f1_weighted': 0.9768286549622647, 'f1_binary': 0.970838059231254, 'pr_auc': 0.9971070136204914, 'precision_macro': 0.9771622728011631, 'precision_micro': 0.97686, 'precision_weighted': 0.9768778425903873, 'precision_binary': 0.9785828612077945, 'recall_macro': 0.9745837297271547, 'recall_micro': 0.97686, 'recall_weighted': 0.97686, 'recall_binary': 0.9632148840931256, 'roc_auc': 0.9978750246867955}
Validation statistic: Loss: 1.6389, dev_score: {'accuracy': 0.7575916230366492, 'balanced_accuracy': 0.7782153685259974, 'f1_macro': 0.720351479354683, 'f1_micro': 0.7575916230366492, 'f1_weighted': 0.7734066625342991, 'f1_binary': 0.6183017312448474, 'pr_auc': 0.533950661974282, 'precision_macro': 0.7123774015362606, 'precision_micro': 0.7575916230366492, 'precision_weighted': 0.8243417954262505, 'precision_binary': 0.4970178926441352, 'recall_macro': 0.7782153685259974, 'recall_micro': 0.7575916230366492, 'recall_weighted': 0.7575916230366492, 'recall_binary': 0.8178844056706652, 'roc_auc': 0.8264387121058162}
-----------------------
Epoch 21/100
Training statistic: Loss: 0.0537, train_score: {'accuracy': 0.9778, 'balanced_accuracy': 0.9763722829347049, 'f1_macro': 0.9768495619031325, 'f1_micro': 0.9778, 'f1_weighted': 0.9777887422197588, 'f1_binary': 0.9721588201359452, 'pr_auc': 0.9972536033319132, 'precision_macro': 0.9773395570607831, 'precision_micro': 0.9778, 'precision_weighted': 0.9777892199487453, 'precision_binary': 0.9750937130493849, 'recall_macro': 0.9763722829347049, 'recall_micro': 0.9778, 'recall_weighted': 0.9778, 'recall_binary': 0.9692415414238915, 'roc_auc': 0.9980233068284676}
Validation statistic: Loss: 1.6945, dev_score: {'accuracy': 0.749738219895288, 'balanced_accuracy': 0.7782705891059187, 'f1_macro': 0.7148609127898768, 'f1_micro': 0.749738219895288, 'f1_weighted': 0.7667069696097468, 'f1_binary': 0.6151368760064412, 'pr_auc': 0.5398037657017148, 'precision_macro': 0.7098231925609504, 'precision_micro': 0.749738219895288, 'precision_weighted': 0.8253789422489889, 'precision_binary': 0.48755583918315254, 'recall_macro': 0.7782705891059187, 'recall_micro': 0.749738219895288, 'recall_weighted': 0.749738219895288, 'recall_binary': 0.8331515812431843, 'roc_auc': 0.8305124507381715}
-----------------------
Epoch 22/100
Training statistic: Loss: 0.0531, train_score: {'accuracy': 0.97816, 'balanced_accuracy': 0.9761257440728797, 'f1_macro': 0.977196045844468, 'f1_micro': 0.97816, 'f1_weighted': 0.9781347759077978, 'f1_binary': 0.9725075528700906, 'pr_auc': 0.9973436348071799, 'precision_macro': 0.9783305078205238, 'precision_micro': 0.97816, 'precision_weighted': 0.9781686959150102, 'precision_binary': 0.9791386783604978, 'recall_macro': 0.9761257440728797, 'recall_micro': 0.97816, 'recall_weighted': 0.97816, 'recall_binary': 0.9659656405511515, 'roc_auc': 0.998095022989398}
Validation statistic: Loss: 1.6303, dev_score: {'accuracy': 0.7573298429319372, 'balanced_accuracy': 0.7810272981246416, 'f1_macro': 0.721088184081767, 'f1_micro': 0.7573298429319372, 'f1_weighted': 0.7733582890029275, 'f1_binary': 0.6205485059353254, 'pr_auc': 0.5148594303772981, 'precision_macro': 0.7137061066478054, 'precision_micro': 0.7573298429319372, 'precision_weighted': 0.8265143621950525, 'precision_binary': 0.4967234600262123, 'recall_macro': 0.7810272981246416, 'recall_micro': 0.7573298429319372, 'recall_weighted': 0.7573298429319372, 'recall_binary': 0.826608505997819, 'roc_auc': 0.823962050313837}
-----------------------
Epoch 23/100
Training statistic: Loss: 0.0531, train_score: {'accuracy': 0.97794, 'balanced_accuracy': 0.9758798698553468, 'f1_macro': 0.9769655443436736, 'f1_micro': 0.97794, 'f1_weighted': 0.9779141320114569, 'f1_binary': 0.9722278175042804, 'pr_auc': 0.9974143395595727, 'precision_macro': 0.9781172910557474, 'precision_micro': 0.97794, 'precision_weighted': 0.9779491693583819, 'precision_binary': 0.9789569758892579, 'recall_macro': 0.9758798698553468, 'recall_micro': 0.97794, 'recall_weighted': 0.97794, 'recall_binary': 0.9655905373977844, 'roc_auc': 0.9981275824339886}
Validation statistic: Loss: 1.6982, dev_score: {'accuracy': 0.7554973821989529, 'balanced_accuracy': 0.7787025868399967, 'f1_macro': 0.7190429752711704, 'f1_micro': 0.7554973821989529, 'f1_weighted': 0.771658129456182, 'f1_binary': 0.6178396072013094, 'pr_auc': 0.5193337906860269, 'precision_macro': 0.7118918630232212, 'precision_micro': 0.7554973821989529, 'precision_weighted': 0.8249474257947658, 'precision_binary': 0.49443352979698757, 'recall_macro': 0.7787025868399967, 'recall_micro': 0.7554973821989529, 'recall_weighted': 0.7554973821989529, 'recall_binary': 0.8233369683751364, 'roc_auc': 0.8225939322725222}
-----------------------
Epoch 24/100
Training statistic: Loss: 0.0508, train_score: {'accuracy': 0.97813, 'balanced_accuracy': 0.9765345984468103, 'f1_macro': 0.9771852841365979, 'f1_micro': 0.97813, 'f1_weighted': 0.9781148188074433, 'f1_binary': 0.9725427176055542, 'pr_auc': 0.9974932662400358, 'precision_macro': 0.977859610232702, 'precision_micro': 0.97813, 'precision_weighted': 0.9781214473346967, 'precision_binary': 0.9765518632444153, 'recall_macro': 0.9765345984468103, 'recall_micro': 0.97813, 'recall_weighted': 0.97813, 'recall_binary': 0.9685663557478307, 'roc_auc': 0.9982098883161776}
Validation statistic: Loss: 1.6880, dev_score: {'accuracy': 0.7481675392670157, 'balanced_accuracy': 0.7776101960480848, 'f1_macro': 0.713548000064854, 'f1_micro': 0.7481675392670157, 'f1_weighted': 0.7653208952873638, 'f1_binary': 0.6139646869983949, 'pr_auc': 0.5025759819952922, 'precision_macro': 0.7090041361756284, 'precision_micro': 0.7481675392670157, 'precision_weighted': 0.8250914772793526, 'precision_binary': 0.4857142857142857, 'recall_macro': 0.7776101960480848, 'recall_micro': 0.7481675392670157, 'recall_weighted': 0.7481675392670157, 'recall_binary': 0.8342420937840785, 'roc_auc': 0.818970410409117}
-----------------------
Epoch 25/100
Training statistic: Loss: 0.0508, train_score: {'accuracy': 0.97872, 'balanced_accuracy': 0.9768092500953918, 'f1_macro': 0.9777853354404995, 'f1_micro': 0.97872, 'f1_weighted': 0.9786976723072274, 'f1_binary': 0.9732286634460547, 'pr_auc': 0.9974392464493442, 'precision_macro': 0.9788146459196062, 'precision_micro': 0.97872, 'precision_weighted': 0.9787244163889732, 'precision_binary': 0.9792652978556419, 'recall_macro': 0.9768092500953918, 'recall_micro': 0.97872, 'recall_weighted': 0.97872, 'recall_binary': 0.9672659981494911, 'roc_auc': 0.9981916495600387}
Validation statistic: Loss: 1.7399, dev_score: {'accuracy': 0.7518324607329843, 'balanced_accuracy': 0.7781563914440407, 'f1_macro': 0.7162943213739108, 'f1_micro': 0.7518324607329843, 'f1_weighted': 0.7684975349590586, 'f1_binary': 0.6158833063209076, 'pr_auc': 0.5249910385466856, 'precision_macro': 0.7104064850752396, 'precision_micro': 0.7518324607329843, 'precision_weighted': 0.8249914261007003, 'precision_binary': 0.49000644745325594, 'recall_macro': 0.7781563914440407, 'recall_micro': 0.7518324607329843, 'recall_weighted': 0.7518324607329843, 'recall_binary': 0.8287895310796074, 'roc_auc': 0.8248976071457683}
-----------------------
Epoch 26/100
Training statistic: Loss: 0.0495, train_score: {'accuracy': 0.97867, 'balanced_accuracy': 0.9770387471858621, 'f1_macro': 0.9777459631437713, 'f1_micro': 0.97867, 'f1_weighted': 0.9786539017969297, 'f1_binary': 0.9732112580535774, 'pr_auc': 0.9976288188198215, 'precision_macro': 0.9784810682623586, 'precision_micro': 0.97867, 'precision_weighted': 0.9786635297350122, 'precision_binary': 0.9775697633345107, 'recall_macro': 0.9770387471858621, 'recall_micro': 0.97867, 'recall_weighted': 0.97867, 'recall_binary': 0.9688914451474155, 'roc_auc': 0.9983199346593072}
Validation statistic: Loss: 1.7045, dev_score: {'accuracy': 0.75, 'balanced_accuracy': 0.7765777214636383, 'f1_macro': 0.7145012858437605, 'f1_micro': 0.75, 'f1_weighted': 0.7668401472500646, 'f1_binary': 0.613829357056207, 'pr_auc': 0.5026404053087727, 'precision_macro': 0.7090006086095543, 'precision_micro': 0.75, 'precision_weighted': 0.8240073759844487, 'precision_binary': 0.4877892030848329, 'recall_macro': 0.7765777214636383, 'recall_micro': 0.75, 'recall_weighted': 0.75, 'recall_binary': 0.8276990185387132, 'roc_auc': 0.8194503035441469}
-----------------------
Epoch 27/100
Training statistic: Loss: 0.0507, train_score: {'accuracy': 0.97818, 'balanced_accuracy': 0.9763426460498297, 'f1_macro': 0.977226098853474, 'f1_micro': 0.97818, 'f1_weighted': 0.9781593055746576, 'f1_binary': 0.9725651922448261, 'pr_auc': 0.997587061732716, 'precision_macro': 0.9781532005380156, 'precision_micro': 0.97818, 'precision_weighted': 0.9781788618879846, 'precision_binary': 0.9780250347705146, 'recall_macro': 0.9763426460498297, 'recall_micro': 0.97818, 'recall_weighted': 0.97818, 'recall_binary': 0.9671659706419266, 'roc_auc': 0.9983066696926831}
Validation statistic: Loss: 1.7074, dev_score: {'accuracy': 0.7510471204188481, 'balanced_accuracy': 0.7802508291539118, 'f1_macro': 0.7164113683068343, 'f1_micro': 0.7510471204188481, 'f1_weighted': 0.7679369141453809, 'f1_binary': 0.6173038229376258, 'pr_auc': 0.49281298056529677, 'precision_macro': 0.7112753516148911, 'precision_micro': 0.7510471204188481, 'precision_weighted': 0.8267530312123456, 'precision_binary': 0.48915816326530615, 'recall_macro': 0.7802508291539118, 'recall_micro': 0.7510471204188481, 'recall_weighted': 0.7510471204188481, 'recall_binary': 0.836423118865867, 'roc_auc': 0.8166064436782016}
-----------------------
Epoch 28/100
Training statistic: Loss: 0.0497, train_score: {'accuracy': 0.97913, 'balanced_accuracy': 0.9768087802606332, 'f1_macro': 0.9781941038256627, 'f1_micro': 0.97913, 'f1_weighted': 0.9790986031838025, 'f1_binary': 0.9736765763152252, 'pr_auc': 0.9977310420570091, 'precision_macro': 0.9796868284171916, 'precision_micro': 0.97913, 'precision_weighted': 0.9791661475574397, 'precision_binary': 0.9822873721178806, 'recall_macro': 0.9768087802606332, 'recall_micro': 0.97913, 'recall_weighted': 0.97913, 'recall_binary': 0.9652154342444172, 'roc_auc': 0.9983812588254474}
Validation statistic: Loss: 1.7883, dev_score: {'accuracy': 0.7573298429319372, 'balanced_accuracy': 0.7814003187767627, 'f1_macro': 0.7212090436179195, 'f1_micro': 0.7573298429319372, 'f1_weighted': 0.7733806126634752, 'f1_binary': 0.6208588957055214, 'pr_auc': 0.505230741152618, 'precision_macro': 0.7138961605584642, 'precision_micro': 0.7573298429319372, 'precision_weighted': 0.8268009945816543, 'precision_binary': 0.4967277486910995, 'recall_macro': 0.7814003187767627, 'recall_micro': 0.7573298429319372, 'recall_weighted': 0.7573298429319372, 'recall_binary': 0.8276990185387132, 'roc_auc': 0.8221752701206702}
-----------------------
Epoch 29/100
Training statistic: Loss: 0.0485, train_score: {'accuracy': 0.9794, 'balanced_accuracy': 0.9768793886116253, 'f1_macro': 0.978466773377728, 'f1_micro': 0.9794, 'f1_weighted': 0.979364317014539, 'f1_binary': 0.9739839862595034, 'pr_auc': 0.997786786257675, 'precision_macro': 0.9801952665790628, 'precision_micro': 0.9794, 'precision_weighted': 0.9794585761263009, 'precision_binary': 0.9838746714974613, 'recall_macro': 0.9768793886116253, 'recall_micro': 0.9794, 'recall_weighted': 0.9794, 'recall_binary': 0.9642901797994449, 'roc_auc': 0.9984257547814868}
Validation statistic: Loss: 1.8280, dev_score: {'accuracy': 0.756806282722513, 'balanced_accuracy': 0.7776986616710198, 'f1_macro': 0.7196306795984269, 'f1_micro': 0.756806282722513, 'f1_weighted': 0.7727081402773883, 'f1_binary': 0.6175380815150268, 'pr_auc': 0.5022631513947166, 'precision_macro': 0.7118373634838107, 'precision_micro': 0.756806282722513, 'precision_weighted': 0.8240336871120307, 'precision_binary': 0.49603174603174605, 'recall_macro': 0.7776986616710198, 'recall_micro': 0.756806282722513, 'recall_weighted': 0.756806282722513, 'recall_binary': 0.8178844056706652, 'roc_auc': 0.8200259874810812}
-----------------------
Epoch 30/100
Training statistic: Loss: 0.0488, train_score: {'accuracy': 0.97859, 'balanced_accuracy': 0.9766425337629894, 'f1_macro': 0.9776481891751817, 'f1_micro': 0.97859, 'f1_weighted': 0.9785668298111495, 'f1_binary': 0.9730600329671713, 'pr_auc': 0.9977575715345013, 'precision_macro': 0.9787103802647249, 'precision_micro': 0.97859, 'precision_weighted': 0.9785957809084904, 'precision_binary': 0.9792827474420018, 'recall_macro': 0.9766425337629894, 'recall_micro': 0.97859, 'recall_weighted': 0.97859, 'recall_binary': 0.9669159018730151, 'roc_auc': 0.9983911091038863}
Validation statistic: Loss: 1.8403, dev_score: {'accuracy': 0.7528795811518325, 'balanced_accuracy': 0.7788453339173442, 'f1_macro': 0.7172514502499047, 'f1_micro': 0.7528795811518325, 'f1_weighted': 0.7694324738275069, 'f1_binary': 0.6168831168831169, 'pr_auc': 0.4965734609098038, 'precision_macro': 0.7111008605276352, 'precision_micro': 0.7528795811518325, 'precision_weighted': 0.8253881045491995, 'precision_binary': 0.491273432449903, 'recall_macro': 0.7788453339173442, 'recall_micro': 0.7528795811518325, 'recall_weighted': 0.7528795811518325, 'recall_binary': 0.8287895310796074, 'roc_auc': 0.8185652716645924}
-----------------------
Epoch 31/100
Training statistic: Loss: 0.0480, train_score: {'accuracy': 0.97986, 'balanced_accuracy': 0.9785266563608853, 'f1_macro': 0.9789981106804647, 'f1_micro': 0.97986, 'f1_weighted': 0.9798499592319375, 'f1_binary': 0.9747435479421133, 'pr_auc': 0.9978365798171823, 'precision_macro': 0.9794818894769213, 'precision_micro': 0.97986, 'precision_weighted': 0.9798512916869868, 'precision_binary': 0.9776369079063215, 'recall_macro': 0.9785266563608853, 'recall_micro': 0.97986, 'recall_weighted': 0.97986, 'recall_binary': 0.9718672634974618, 'roc_auc': 0.9984563567548772}
Validation statistic: Loss: 1.8557, dev_score: {'accuracy': 0.7531413612565445, 'balanced_accuracy': 0.7846128793174887, 'f1_macro': 0.7192636760040996, 'f1_micro': 0.7531413612565445, 'f1_weighted': 0.7699653210013533, 'f1_binary': 0.6217408744484557, 'pr_auc': 0.5068011838394845, 'precision_macro': 0.7142357058190143, 'precision_micro': 0.7531413612565445, 'precision_weighted': 0.8299043161467613, 'precision_binary': 0.491751269035533, 'recall_macro': 0.7846128793174887, 'recall_micro': 0.7531413612565445, 'recall_weighted': 0.7531413612565445, 'recall_binary': 0.8451472191930207, 'roc_auc': 0.8219305340130598}
-----------------------
Epoch 32/100
Training statistic: Loss: 0.0478, train_score: {'accuracy': 0.98083, 'balanced_accuracy': 0.979902183561895, 'f1_macro': 0.9800243274119373, 'f1_micro': 0.98083, 'f1_weighted': 0.9808275528542613, 'f1_binary': 0.9760126130860768, 'pr_auc': 0.9978055956559104, 'precision_macro': 0.9801472938277846, 'precision_micro': 0.98083, 'precision_weighted': 0.9808258652624599, 'precision_binary': 0.9767581646964536, 'recall_macro': 0.979902183561895, 'recall_micro': 0.98083, 'recall_weighted': 0.98083, 'recall_binary': 0.9752681987546575, 'roc_auc': 0.9984570341086686}
Validation statistic: Loss: 1.9567, dev_score: {'accuracy': 0.7479057591623036, 'balanced_accuracy': 0.7800491049946076, 'f1_macro': 0.7141329817131552, 'f1_micro': 0.7479057591623036, 'f1_weighted': 0.765216558266094, 'f1_binary': 0.6158755484642999, 'pr_auc': 0.5009748733215287, 'precision_macro': 0.7102560848351525, 'precision_micro': 0.7479057591623036, 'precision_weighted': 0.8270877304815937, 'precision_binary': 0.48553459119496856, 'recall_macro': 0.7800491049946076, 'recall_micro': 0.7479057591623036, 'recall_weighted': 0.7479057591623036, 'recall_binary': 0.8418756815703381, 'roc_auc': 0.8194228810792882}
Early stopping by loss triggered!
Testing statistic: loss: 0.6817997378494645, scores: {'accuracy': 0.7281798130448482, 'balanced_accuracy': 0.7704449686456252, 'f1_macro': 0.696845067871789, 'f1_micro': 0.7281798130448482, 'f1_weighted': 0.7477525124146258, 'f1_binary': 0.5993808049535604, 'pr_auc': 0.556557791813037, 'precision_macro': 0.6995694131059438, 'precision_micro': 0.7281798130448482, 'precision_weighted': 0.8233984112749356, 'precision_binary': 0.462494027711419, 'recall_macro': 0.7704449686456252, 'recall_micro': 0.7281798130448482, 'recall_weighted': 0.7281798130448482, 'recall_binary': 0.851363236587511, 'roc_auc': 0.8315467389593414}
Finish training!
