=====Setting up data=====
Dataset name:news
train_option:mix
augment_option:compare_rf
mix_ratio:-1
n_sample:-1
Dataset name:news
Training dataset size: 128640 samples
Validation dataset size: 3200 samples

=====Setting up parameters for training=====
num_epochs: 100
learning_rate: 0.001
patience: 30
early_stop_criterion: loss
=====Setting up metrics for evaluating and plotting=====
metrics for evaluating: ['mae', 'mse', 'r2']
metric for plotting: mse
=====Setting up trainer=====
input_size: 58
model: DNN_News
----------------------------------------------------------------
        Layer (type)               Output Shape         Param #
================================================================
            Linear-1                  [-1, 512]          30,208
              ReLU-2                  [-1, 512]               0
       BatchNorm1d-3                  [-1, 512]           1,024
           Dropout-4                  [-1, 512]               0
            Linear-5                  [-1, 512]         262,656
              ReLU-6                  [-1, 512]               0
       BatchNorm1d-7                  [-1, 512]           1,024
           Dropout-8                  [-1, 512]               0
            Linear-9                  [-1, 256]         131,328
             ReLU-10                  [-1, 256]               0
      BatchNorm1d-11                  [-1, 256]             512
          Dropout-12                  [-1, 256]               0
           Linear-13                  [-1, 128]          32,896
             ReLU-14                  [-1, 128]               0
      BatchNorm1d-15                  [-1, 128]             256
          Dropout-16                  [-1, 128]               0
           Linear-17                    [-1, 1]             129
================================================================
Total params: 460,033
Trainable params: 460,033
Non-trainable params: 0
----------------------------------------------------------------
Input size (MB): 0.00
Forward/backward pass size (MB): 0.04
Params size (MB): 1.75
Estimated Total Size (MB): 1.80
----------------------------------------------------------------
=====Setting up output files=====
weight_dir, weight_file: /home/thuy/Research/minh_data_synth/TabularDA/output/corrected_v2_seed42_mnist28_news/news/weight/, news_seed42_ctgan_full_rf_mix.weights.pth
acc_dir, acc_file: /home/thuy/Research/minh_data_synth/TabularDA/output/corrected_v2_seed42_mnist28_news/news/acc/, news_seed42_ctgan_full_rf_mix.epochs.csv
report_file: news_seed42_ctgan_full_rf_mix.report.txt
==========================================================================================
Start training...
-----------------------
Epoch 1/100
Training statistic: Loss: 107490916.3017, train_score: {'mae': 5865.979, 'mse': 107490910.0, 'r2': -0.4038890275743561}
Validation statistic: Loss: 78582143.2409, dev_score: {'mae': 3148.9382, 'mse': 78582136.0, 'r2': -0.12769429548941114}
Saving model...
Model saved!
-------------------------------------------
-----------------------
Epoch 2/100
Training statistic: Loss: 94038978.2285, train_score: {'mae': 5268.7007, 'mse': 94038984.0, 'r2': -0.22819949517570182}
Validation statistic: Loss: 74457859.6381, dev_score: {'mae': 2844.5264, 'mse': 74457864.0, 'r2': -0.0685087112452778}
Saving model...
Model saved!
-------------------------------------------
-----------------------
Epoch 3/100
Training statistic: Loss: 79192391.6625, train_score: {'mae': 4534.2734, 'mse': 79192390.0, 'r2': -0.034295112339774336}
Validation statistic: Loss: 71273881.9483, dev_score: {'mae': 2748.3174, 'mse': 71273880.0, 'r2': -0.0228170273531898}
Saving model...
Model saved!
-------------------------------------------
-----------------------
Epoch 4/100
Training statistic: Loss: 67226926.5864, train_score: {'mae': 3808.7905, 'mse': 67226936.0, 'r2': 0.12198027064618744}
Validation statistic: Loss: 69686286.6204, dev_score: {'mae': 2833.127, 'mse': 69686290.0, 'r2': -3.419798112203054e-05}
Saving model...
Model saved!
-------------------------------------------
-----------------------
Epoch 5/100
Training statistic: Loss: 58530018.3701, train_score: {'mae': 3229.106, 'mse': 58530012.0, 'r2': 0.23556656175518187}
Validation statistic: Loss: 70301181.5435, dev_score: {'mae': 3138.802, 'mse': 70301176.0, 'r2': -0.008858236215337767}
-----------------------
Epoch 6/100
Training statistic: Loss: 53165848.5047, train_score: {'mae': 2818.9739, 'mse': 53165850.0, 'r2': 0.3056255101197022}
Validation statistic: Loss: 71242292.3304, dev_score: {'mae': 3560.268, 'mse': 71242290.0, 'r2': -0.02236366866989825}
-----------------------
Epoch 7/100
Training statistic: Loss: 50473774.8712, train_score: {'mae': 2679.852, 'mse': 50473776.0, 'r2': 0.3407854303518596}
Validation statistic: Loss: 73788081.8411, dev_score: {'mae': 3909.8972, 'mse': 73788080.0, 'r2': -0.05889711005773246}
-----------------------
Epoch 8/100
Training statistic: Loss: 49446401.5445, train_score: {'mae': 2656.4482, 'mse': 49446404.0, 'r2': 0.35420348147796843}
Validation statistic: Loss: 75024134.3783, dev_score: {'mae': 4191.6533, 'mse': 75024136.0, 'r2': -0.07663505767487022}
-----------------------
Epoch 9/100
Training statistic: Loss: 48141118.0193, train_score: {'mae': 2641.038, 'mse': 48141120.0, 'r2': 0.3712511863081456}
Validation statistic: Loss: 76005071.9369, dev_score: {'mae': 4303.809, 'mse': 76005080.0, 'r2': -0.09071203207771594}
-----------------------
Epoch 10/100
Training statistic: Loss: 47793265.4002, train_score: {'mae': 2638.3784, 'mse': 47793264.0, 'r2': 0.3757943211996265}
Validation statistic: Loss: 76263240.8600, dev_score: {'mae': 4334.2666, 'mse': 76263240.0, 'r2': -0.09441685393371135}
-----------------------
Epoch 11/100
Training statistic: Loss: 47408284.8390, train_score: {'mae': 2632.3665, 'mse': 47408290.0, 'r2': 0.3808223610525421}
Validation statistic: Loss: 76710314.5549, dev_score: {'mae': 4365.753, 'mse': 76710310.0, 'r2': -0.10083259284035262}
-----------------------
Epoch 12/100
Training statistic: Loss: 47858904.0107, train_score: {'mae': 2645.4448, 'mse': 47858904.0, 'r2': 0.3749370388803528}
Validation statistic: Loss: 77803127.8689, dev_score: {'mae': 4378.3013, 'mse': 77803120.0, 'r2': -0.11651504610502084}
-----------------------
Epoch 13/100
Training statistic: Loss: 47865735.4069, train_score: {'mae': 2641.8188, 'mse': 47865732.0, 'r2': 0.3748478197674703}
Validation statistic: Loss: 77135943.1828, dev_score: {'mae': 4358.424, 'mse': 77135944.0, 'r2': -0.10694062131780502}
-----------------------
Epoch 14/100
Training statistic: Loss: 47561236.4492, train_score: {'mae': 2648.192, 'mse': 47561230.0, 'r2': 0.37882473999116784}
Validation statistic: Loss: 76696097.2560, dev_score: {'mae': 4354.9214, 'mse': 76696090.0, 'r2': -0.10062858628995075}
-----------------------
Epoch 15/100
Training statistic: Loss: 49455071.7115, train_score: {'mae': 2648.306, 'mse': 49455080.0, 'r2': 0.3540902203819518}
Validation statistic: Loss: 77009499.9849, dev_score: {'mae': 4368.1074, 'mse': 77009500.0, 'r2': -0.10512609110282733}
-----------------------
Epoch 16/100
Training statistic: Loss: 52106770.8983, train_score: {'mae': 2647.265, 'mse': 52106776.0, 'r2': 0.31945764633444296}
Validation statistic: Loss: 77373611.0921, dev_score: {'mae': 4339.978, 'mse': 77373610.0, 'r2': -0.11035123749937337}
-----------------------
Epoch 17/100
Training statistic: Loss: 47969443.6079, train_score: {'mae': 2636.8438, 'mse': 47969436.0, 'r2': 0.3734933519932915}
Validation statistic: Loss: 77255225.9470, dev_score: {'mae': 4367.523, 'mse': 77255230.0, 'r2': -0.10865237657047455}
-----------------------
Epoch 18/100
Training statistic: Loss: 47150318.5390, train_score: {'mae': 2623.3784, 'mse': 47150316.0, 'r2': 0.3841915417081929}
Validation statistic: Loss: 77223261.9899, dev_score: {'mae': 4333.047, 'mse': 77223260.0, 'r2': -0.10819370256903782}
-----------------------
Epoch 19/100
Training statistic: Loss: 47044188.1940, train_score: {'mae': 2623.2659, 'mse': 47044188.0, 'r2': 0.3855776785406144}
Validation statistic: Loss: 77876891.7377, dev_score: {'mae': 4346.2905, 'mse': 77876890.0, 'r2': -0.11757356569912125}
-----------------------
Epoch 20/100
Training statistic: Loss: 46714802.8622, train_score: {'mae': 2625.337, 'mse': 46714800.0, 'r2': 0.3898796188124817}
Validation statistic: Loss: 76834677.8235, dev_score: {'mae': 4378.0796, 'mse': 76834680.0, 'r2': -0.10261731441212163}
-----------------------
Epoch 21/100
Training statistic: Loss: 47897419.2856, train_score: {'mae': 2635.6543, 'mse': 47897420.0, 'r2': 0.374434023495943}
Validation statistic: Loss: 77812422.3153, dev_score: {'mae': 4331.195, 'mse': 77812420.0, 'r2': -0.11664844347267112}
-----------------------
Epoch 22/100
Training statistic: Loss: 47212352.7393, train_score: {'mae': 2622.725, 'mse': 47212348.0, 'r2': 0.3833813280486513}
Validation statistic: Loss: 76888351.3644, dev_score: {'mae': 4315.6353, 'mse': 76888344.0, 'r2': -0.10338752357182246}
-----------------------
Epoch 23/100
Training statistic: Loss: 58118926.5999, train_score: {'mae': 2649.7036, 'mse': 58118924.0, 'r2': 0.24093564382553456}
Validation statistic: Loss: 77931880.0757, dev_score: {'mae': 4338.79, 'mse': 77931880.0, 'r2': -0.11836270696090878}
-----------------------
Epoch 24/100
Training statistic: Loss: 182253019.5339, train_score: {'mae': 2782.9045, 'mse': 182253020.0, 'r2': -1.38032217899196}
Validation statistic: Loss: 76751522.9559, dev_score: {'mae': 4275.4497, 'mse': 76751530.0, 'r2': -0.10142395697404494}
-----------------------
Epoch 25/100
Training statistic: Loss: 80105871.1196, train_score: {'mae': 2682.4858, 'mse': 80105864.0, 'r2': -0.046225642243165055}
Validation statistic: Loss: 78383629.2560, dev_score: {'mae': 4351.582, 'mse': 78383630.0, 'r2': -0.12484555138996267}
-----------------------
Epoch 26/100
Training statistic: Loss: 64758987.9465, train_score: {'mae': 2658.626, 'mse': 64758980.0, 'r2': 0.1542128855163648}
Validation statistic: Loss: 76390306.4086, dev_score: {'mae': 4273.407, 'mse': 76390300.0, 'r2': -0.09624033526122111}
-----------------------
Epoch 27/100
Training statistic: Loss: 188975324.1416, train_score: {'mae': 2731.501, 'mse': 188975340.0, 'r2': -1.468119186070525}
Validation statistic: Loss: 76170825.8335, dev_score: {'mae': 4254.351, 'mse': 76170830.0, 'r2': -0.0930907109676471}
-----------------------
Epoch 28/100
Training statistic: Loss: 110434396.0823, train_score: {'mae': 2671.0667, 'mse': 110434400.0, 'r2': -0.44233244504151337}
Validation statistic: Loss: 85895693.9496, dev_score: {'mae': 4332.1367, 'mse': 85895700.0, 'r2': -0.23264755897856304}
-----------------------
Epoch 29/100
Training statistic: Loss: 104745612.8349, train_score: {'mae': 2717.1802, 'mse': 104745630.0, 'r2': -0.36803388402550086}
Validation statistic: Loss: 76762674.9861, dev_score: {'mae': 4299.1543, 'mse': 76762680.0, 'r2': -0.10158401878681511}
-----------------------
Epoch 30/100
Training statistic: Loss: 49667472.3037, train_score: {'mae': 2610.4817, 'mse': 49667480.0, 'r2': 0.3513161701485428}
Validation statistic: Loss: 76215596.0757, dev_score: {'mae': 4267.2183, 'mse': 76215600.0, 'r2': -0.09373315797917003}
-----------------------
Epoch 31/100
Training statistic: Loss: 51219556.9271, train_score: {'mae': 2604.5295, 'mse': 51219570.0, 'r2': 0.33104510650612795}
Validation statistic: Loss: 76526872.2875, dev_score: {'mae': 4252.42, 'mse': 76526870.0, 'r2': -0.09820010876045027}
-----------------------
Epoch 32/100
Training statistic: Loss: 51747113.5882, train_score: {'mae': 2620.206, 'mse': 51747116.0, 'r2': 0.32415495188656995}
Validation statistic: Loss: 76720245.2409, dev_score: {'mae': 4247.5337, 'mse': 76720250.0, 'r2': -0.10097510553042821}
-----------------------
Epoch 33/100
Training statistic: Loss: 47725713.1327, train_score: {'mae': 2593.637, 'mse': 47725710.0, 'r2': 0.376676585419503}
Validation statistic: Loss: 79521426.0681, dev_score: {'mae': 4246.883, 'mse': 79521420.0, 'r2': -0.1411735201783002}
-----------------------
Epoch 34/100
Training statistic: Loss: 1054240710.4135, train_score: {'mae': 2956.769, 'mse': 1054240700.0, 'r2': -12.768948977353828}
Validation statistic: Loss: 8153390255.0996, dev_score: {'mae': 6465.772, 'mse': 8153390600.0, 'r2': -116.00536131204396}
-----------------------
Epoch 35/100
Training statistic: Loss: 495086835.2870, train_score: {'mae': 2845.7915, 'mse': 495086850.0, 'r2': -5.466099445789361}
Validation statistic: Loss: 3571721325.4779, dev_score: {'mae': 5669.9854, 'mse': 3571721500.0, 'r2': -50.25604531079906}
Early stopping (loss) triggered!
Early stopping by loss
Testing statistic: loss: 88927039.06772608, scores: {'mae': 2820.395, 'mse': 88927040.0, 'r2': 0.01164545565234143}
Finish training!
