=====Setting up data=====
Dataset name:news
train_option:synthetic
augment_option:compare_pca_gmm
mix_ratio:-1
n_sample:-1
Dataset name:news
Training dataset size: 100096 samples
Validation dataset size: 3200 samples

=====Setting up parameters for training=====
num_epochs: 100
learning_rate: 0.001
patience: 30
early_stop_criterion: loss
=====Setting up metrics for evaluating and plotting=====
metrics for evaluating: ['mae', 'mse', 'r2']
metric for plotting: mse
=====Setting up trainer=====
input_size: 58
model: DNN_News
----------------------------------------------------------------
        Layer (type)               Output Shape         Param #
================================================================
            Linear-1                  [-1, 512]          30,208
              ReLU-2                  [-1, 512]               0
       BatchNorm1d-3                  [-1, 512]           1,024
           Dropout-4                  [-1, 512]               0
            Linear-5                  [-1, 512]         262,656
              ReLU-6                  [-1, 512]               0
       BatchNorm1d-7                  [-1, 512]           1,024
           Dropout-8                  [-1, 512]               0
            Linear-9                  [-1, 256]         131,328
             ReLU-10                  [-1, 256]               0
      BatchNorm1d-11                  [-1, 256]             512
          Dropout-12                  [-1, 256]               0
           Linear-13                  [-1, 128]          32,896
             ReLU-14                  [-1, 128]               0
      BatchNorm1d-15                  [-1, 128]             256
          Dropout-16                  [-1, 128]               0
           Linear-17                    [-1, 1]             129
================================================================
Total params: 460,033
Trainable params: 460,033
Non-trainable params: 0
----------------------------------------------------------------
Input size (MB): 0.00
Forward/backward pass size (MB): 0.04
Params size (MB): 1.75
Estimated Total Size (MB): 1.80
----------------------------------------------------------------
=====Setting up output files=====
weight_dir, weight_file: /home/thuy/Research/minh_data_synth/TabularDA/output/corrected_v2_seed42_mnist28_news/news/weight/, news_seed42_ctgan_full_pca_gmm_synthetic.weights.pth
acc_dir, acc_file: /home/thuy/Research/minh_data_synth/TabularDA/output/corrected_v2_seed42_mnist28_news/news/acc/, news_seed42_ctgan_full_pca_gmm_synthetic.epochs.csv
report_file: news_seed42_ctgan_full_pca_gmm_synthetic.report.txt
==========================================================================================
Start training...
-----------------------
Epoch 1/100
Training statistic: Loss: 11254275.1302, train_score: {'mae': 2438.2524, 'mse': 11254274.0, 'r2': -0.9589525996264079}
Validation statistic: Loss: 79737701.7932, dev_score: {'mae': 3238.786, 'mse': 79737704.0, 'r2': -0.1442771775700673}
Saving model...
Model saved!
-------------------------------------------
-----------------------
Epoch 2/100
Training statistic: Loss: 8713382.2973, train_score: {'mae': 2036.8599, 'mse': 8713383.0, 'r2': -0.5166772387909881}
Validation statistic: Loss: 77008714.8714, dev_score: {'mae': 2985.5562, 'mse': 77008710.0, 'r2': -0.10511481128462918}
Saving model...
Model saved!
-------------------------------------------
-----------------------
Epoch 3/100
Training statistic: Loss: 6404998.1786, train_score: {'mae': 1613.1642, 'mse': 6404998.0, 'r2': -0.11487303098215484}
Validation statistic: Loss: 74544681.4262, dev_score: {'mae': 2766.7705, 'mse': 74544680.0, 'r2': -0.0697546333320389}
Saving model...
Model saved!
-------------------------------------------
-----------------------
Epoch 4/100
Training statistic: Loss: 4931329.9565, train_score: {'mae': 1237.7041, 'mse': 4931330.5, 'r2': 0.14163804286577708}
Validation statistic: Loss: 72499239.0391, dev_score: {'mae': 2614.9553, 'mse': 72499230.0, 'r2': -0.040401528512042484}
Saving model...
Model saved!
-------------------------------------------
-----------------------
Epoch 5/100
Training statistic: Loss: 4195569.6830, train_score: {'mae': 1090.3196, 'mse': 4195569.5, 'r2': 0.269706664578823}
Validation statistic: Loss: 71444064.9660, dev_score: {'mae': 2685.3984, 'mse': 71444060.0, 'r2': -0.02525924789242917}
Saving model...
Model saved!
-------------------------------------------
-----------------------
Epoch 6/100
Training statistic: Loss: 3972910.8837, train_score: {'mae': 1072.7787, 'mse': 3972911.0, 'r2': 0.30846331682653216}
Validation statistic: Loss: 71145978.6620, dev_score: {'mae': 2755.6897, 'mse': 71145980.0, 'r2': -0.020981554480414166}
Saving model...
Model saved!
-------------------------------------------
-----------------------
Epoch 7/100
Training statistic: Loss: 3874252.1133, train_score: {'mae': 1078.2324, 'mse': 3874252.0, 'r2': 0.32563615583045946}
Validation statistic: Loss: 71068039.6860, dev_score: {'mae': 2785.6892, 'mse': 71068040.0, 'r2': -0.019863062882795823}
Saving model...
Model saved!
-------------------------------------------
-----------------------
Epoch 8/100
Training statistic: Loss: 3713887.0361, train_score: {'mae': 1062.8542, 'mse': 3713886.8, 'r2': 0.3535497792204051}
Validation statistic: Loss: 71224113.8714, dev_score: {'mae': 2808.837, 'mse': 71224110.0, 'r2': -0.022102827739751918}
-----------------------
Epoch 9/100
Training statistic: Loss: 3669104.2574, train_score: {'mae': 1045.5413, 'mse': 3669104.5, 'r2': 0.36134480204741803}
Validation statistic: Loss: 71098965.9130, dev_score: {'mae': 2783.4277, 'mse': 71098970.0, 'r2': -0.020306859489099383}
-----------------------
Epoch 10/100
Training statistic: Loss: 3604375.8046, train_score: {'mae': 1043.7689, 'mse': 3604375.5, 'r2': 0.3726116302250694}
Validation statistic: Loss: 70922281.2812, dev_score: {'mae': 2807.1223, 'mse': 70922290.0, 'r2': -0.017771374150786112}
Saving model...
Model saved!
-------------------------------------------
-----------------------
Epoch 11/100
Training statistic: Loss: 3592377.4305, train_score: {'mae': 1044.2272, 'mse': 3592377.5, 'r2': 0.3747001016908985}
Validation statistic: Loss: 71051033.9483, dev_score: {'mae': 2802.6472, 'mse': 71051030.0, 'r2': -0.01961900491892221}
-----------------------
Epoch 12/100
Training statistic: Loss: 3511206.0335, train_score: {'mae': 1027.0918, 'mse': 3511206.0, 'r2': 0.3888290348583301}
Validation statistic: Loss: 70838374.5233, dev_score: {'mae': 2767.4836, 'mse': 70838376.0, 'r2': -0.01656724653538899}
Saving model...
Model saved!
-------------------------------------------
-----------------------
Epoch 13/100
Training statistic: Loss: 3456789.0794, train_score: {'mae': 1019.84576, 'mse': 3456789.0, 'r2': 0.39830101321857014}
Validation statistic: Loss: 71007522.7087, dev_score: {'mae': 2784.429, 'mse': 71007520.0, 'r2': -0.018994577882096353}
-----------------------
Epoch 14/100
Training statistic: Loss: 3392402.0167, train_score: {'mae': 1015.635, 'mse': 3392402.2, 'r2': 0.40950841450248376}
Validation statistic: Loss: 70864616.5385, dev_score: {'mae': 2780.7651, 'mse': 70864620.0, 'r2': -0.01694383976447633}
-----------------------
Epoch 15/100
Training statistic: Loss: 3385864.8716, train_score: {'mae': 1016.21826, 'mse': 3385864.8, 'r2': 0.4106462899393146}
Validation statistic: Loss: 71104742.4968, dev_score: {'mae': 2778.9963, 'mse': 71104744.0, 'r2': -0.020389744781637464}
-----------------------
Epoch 16/100
Training statistic: Loss: 3270000.2108, train_score: {'mae': 1002.6823, 'mse': 3270000.0, 'r2': 0.43081403863550305}
Validation statistic: Loss: 71517945.3594, dev_score: {'mae': 2812.2598, 'mse': 71517944.0, 'r2': -0.02631944615956927}
-----------------------
Epoch 17/100
Training statistic: Loss: 3234270.0542, train_score: {'mae': 995.6445, 'mse': 3234270.0, 'r2': 0.4370333360996157}
Validation statistic: Loss: 71630899.2926, dev_score: {'mae': 2822.0461, 'mse': 71630904.0, 'r2': -0.027940387737968697}
-----------------------
Epoch 18/100
Training statistic: Loss: 3195676.2022, train_score: {'mae': 993.72327, 'mse': 3195676.0, 'r2': 0.44375109789230904}
Validation statistic: Loss: 71549166.5889, dev_score: {'mae': 2799.6428, 'mse': 71549170.0, 'r2': -0.02676745027271732}
-----------------------
Epoch 19/100
Training statistic: Loss: 3100719.4770, train_score: {'mae': 981.47986, 'mse': 3100719.8, 'r2': 0.4602795470672727}
Validation statistic: Loss: 72126199.4678, dev_score: {'mae': 2840.8352, 'mse': 72126200.0, 'r2': -0.035048141188854354}
-----------------------
Epoch 20/100
Training statistic: Loss: 3178751.0662, train_score: {'mae': 979.40576, 'mse': 3178750.5, 'r2': 0.4466971360729497}
Validation statistic: Loss: 71396904.3556, dev_score: {'mae': 2786.516, 'mse': 71396900.0, 'r2': -0.024582418276944074}
-----------------------
Epoch 21/100
Training statistic: Loss: 3102753.5241, train_score: {'mae': 980.8292, 'mse': 3102753.8, 'r2': 0.4599254949794477}
Validation statistic: Loss: 71810904.9748, dev_score: {'mae': 2818.7686, 'mse': 71810900.0, 'r2': -0.030523505660057237}
-----------------------
Epoch 22/100
Training statistic: Loss: 3105253.5764, train_score: {'mae': 972.8157, 'mse': 3105254.0, 'r2': 0.45949032759721853}
Validation statistic: Loss: 71846472.1879, dev_score: {'mae': 2804.9924, 'mse': 71846470.0, 'r2': -0.031033942377899804}
-----------------------
Epoch 23/100
Training statistic: Loss: 3014947.0451, train_score: {'mae': 959.5634, 'mse': 3014947.2, 'r2': 0.475209350081345}
Validation statistic: Loss: 73020958.2144, dev_score: {'mae': 2856.317, 'mse': 73020960.0, 'r2': -0.0478884836274831}
-----------------------
Epoch 24/100
Training statistic: Loss: 3073536.2215, train_score: {'mae': 973.60376, 'mse': 3073536.2, 'r2': 0.4650111447442441}
Validation statistic: Loss: 71359778.6482, dev_score: {'mae': 2823.3364, 'mse': 71359780.0, 'r2': -0.0240496686602949}
-----------------------
Epoch 25/100
Training statistic: Loss: 3064243.1094, train_score: {'mae': 961.17, 'mse': 3064243.2, 'r2': 0.46662872864558935}
Validation statistic: Loss: 71240866.4792, dev_score: {'mae': 2787.5837, 'mse': 71240860.0, 'r2': -0.022343171454697552}
-----------------------
Epoch 26/100
Training statistic: Loss: 2975644.3059, train_score: {'mae': 958.5376, 'mse': 2975644.0, 'r2': 0.4820505021329855}
Validation statistic: Loss: 71312959.1753, dev_score: {'mae': 2795.3882, 'mse': 71312950.0, 'r2': -0.02337774355194977}
-----------------------
Epoch 27/100
Training statistic: Loss: 2882402.5079, train_score: {'mae': 952.50854, 'mse': 2882402.5, 'r2': 0.4982804468388855}
Validation statistic: Loss: 72050932.4741, dev_score: {'mae': 2841.1658, 'mse': 72050936.0, 'r2': -0.033968056739916985}
-----------------------
Epoch 28/100
Training statistic: Loss: 2897301.6890, train_score: {'mae': 950.4405, 'mse': 2897301.8, 'r2': 0.49568705113938616}
Validation statistic: Loss: 72227521.8121, dev_score: {'mae': 2834.801, 'mse': 72227530.0, 'r2': -0.036502268892249834}
-----------------------
Epoch 29/100
Training statistic: Loss: 2781090.2383, train_score: {'mae': 938.38654, 'mse': 2781090.2, 'r2': 0.5159151629893486}
Validation statistic: Loss: 72251640.4704, dev_score: {'mae': 2863.4597, 'mse': 72251640.0, 'r2': -0.036848342784292054}
-----------------------
Epoch 30/100
Training statistic: Loss: 2854097.4591, train_score: {'mae': 948.88824, 'mse': 2854097.8, 'r2': 0.5032073077706749}
Validation statistic: Loss: 72123551.4552, dev_score: {'mae': 2831.0996, 'mse': 72123550.0, 'r2': -0.03501018418995816}
-----------------------
Epoch 31/100
Training statistic: Loss: 2842775.9369, train_score: {'mae': 940.07574, 'mse': 2842776.0, 'r2': 0.5051779663633743}
Validation statistic: Loss: 72522705.4237, dev_score: {'mae': 2847.4539, 'mse': 72522700.0, 'r2': -0.04073831562618668}
-----------------------
Epoch 32/100
Training statistic: Loss: 2806577.7246, train_score: {'mae': 934.7929, 'mse': 2806577.5, 'r2': 0.511478733476443}
Validation statistic: Loss: 74826854.5826, dev_score: {'mae': 2875.215, 'mse': 74826856.0, 'r2': -0.07380396458764515}
-----------------------
Epoch 33/100
Training statistic: Loss: 2829146.8882, train_score: {'mae': 935.47314, 'mse': 2829146.8, 'r2': 0.5075502801113001}
Validation statistic: Loss: 72207010.6091, dev_score: {'mae': 2825.5183, 'mse': 72207016.0, 'r2': -0.03620794375897285}
-----------------------
Epoch 34/100
Training statistic: Loss: 2808057.8098, train_score: {'mae': 932.70874, 'mse': 2808057.8, 'r2': 0.5112211063847354}
Validation statistic: Loss: 73037220.4603, dev_score: {'mae': 2851.233, 'mse': 73037220.0, 'r2': -0.04812179853219378}
-----------------------
Epoch 35/100
Training statistic: Loss: 2764367.4351, train_score: {'mae': 934.26794, 'mse': 2764367.5, 'r2': 0.5188259841007503}
Validation statistic: Loss: 72576283.6608, dev_score: {'mae': 2843.2903, 'mse': 72576280.0, 'r2': -0.0415071694380198}
-----------------------
Epoch 36/100
Training statistic: Loss: 2727544.2834, train_score: {'mae': 920.80023, 'mse': 2727544.5, 'r2': 0.5252355310925658}
Validation statistic: Loss: 73634900.2068, dev_score: {'mae': 2869.2817, 'mse': 73634900.0, 'r2': -0.05669887604970825}
-----------------------
Epoch 37/100
Training statistic: Loss: 2692357.2310, train_score: {'mae': 917.47394, 'mse': 2692357.2, 'r2': 0.5313602920972793}
Validation statistic: Loss: 74662364.3304, dev_score: {'mae': 2860.0576, 'mse': 74662376.0, 'r2': -0.07144350801832}
-----------------------
Epoch 38/100
Training statistic: Loss: 2712041.4059, train_score: {'mae': 918.77545, 'mse': 2712041.2, 'r2': 0.5279340071601293}
Validation statistic: Loss: 72346569.4590, dev_score: {'mae': 2817.7747, 'mse': 72346570.0, 'r2': -0.03821061876671483}
-----------------------
Epoch 39/100
Training statistic: Loss: 2592238.5149, train_score: {'mae': 907.39343, 'mse': 2592238.5, 'r2': 0.5487872538179241}
Validation statistic: Loss: 72186870.5864, dev_score: {'mae': 2852.0203, 'mse': 72186870.0, 'r2': -0.03591883225829884}
-----------------------
Epoch 40/100
Training statistic: Loss: 2576873.2906, train_score: {'mae': 907.97186, 'mse': 2576873.5, 'r2': 0.5514617708026609}
Validation statistic: Loss: 73312099.0214, dev_score: {'mae': 2856.986, 'mse': 73312100.0, 'r2': -0.05206644534556992}
-----------------------
Epoch 41/100
Training statistic: Loss: 2571201.0316, train_score: {'mae': 906.4816, 'mse': 2571201.0, 'r2': 0.5524491023893086}
Validation statistic: Loss: 75629078.6217, dev_score: {'mae': 2885.2422, 'mse': 75629080.0, 'r2': -0.08531631898825753}
-----------------------
Epoch 42/100
Training statistic: Loss: 2582578.7671, train_score: {'mae': 902.61096, 'mse': 2582578.8, 'r2': 0.5504686617500447}
Validation statistic: Loss: 72348304.0227, dev_score: {'mae': 2819.0425, 'mse': 72348300.0, 'r2': -0.0382355512639978}
-----------------------
Epoch 43/100
Training statistic: Loss: 2610219.4431, train_score: {'mae': 904.31335, 'mse': 2610219.5, 'r2': 0.5456574412244712}
Validation statistic: Loss: 73451298.8878, dev_score: {'mae': 2841.1458, 'mse': 73451304.0, 'r2': -0.05406409939533097}
Early stopping (loss) triggered!
Early stopping by loss
Testing statistic: loss: 90493056.75621137, scores: {'mae': 2770.256, 'mse': 90493060.0, 'r2': -0.005759674109052204}
Finish training!
