=====Setting up data=====
Dataset name:mnist12
train_option:synthetic
augment_option:compare_rf
mix_ratio:-1
n_sample:-1
Training dataset size: 100096 samples
Validation dataset size: 6144 samples

=====Setting up parameters for training=====
num_epochs: 100
learning_rate: 0.001
patience: 30
early_stop_criterion: loss
=====Setting up trainer=====
input_size: 144
model: DNN_MNIST12
----------------------------------------------------------------
        Layer (type)               Output Shape         Param #
================================================================
           Dropout-1                  [-1, 144]               0
            Linear-2                 [-1, 1024]         148,480
         LeakyReLU-3                 [-1, 1024]               0
       BatchNorm1d-4                 [-1, 1024]           2,048
           Dropout-5                 [-1, 1024]               0
            Linear-6                 [-1, 1024]       1,049,600
         LeakyReLU-7                 [-1, 1024]               0
       BatchNorm1d-8                 [-1, 1024]           2,048
           Dropout-9                 [-1, 1024]               0
           Linear-10                  [-1, 256]         262,400
        LeakyReLU-11                  [-1, 256]               0
      BatchNorm1d-12                  [-1, 256]             512
          Dropout-13                  [-1, 256]               0
================================================================
Total params: 1,465,088
Trainable params: 1,465,088
Non-trainable params: 0
----------------------------------------------------------------
Input size (MB): 0.00
Forward/backward pass size (MB): 0.07
Params size (MB): 5.59
Estimated Total Size (MB): 5.66
----------------------------------------------------------------
=====Setting up output files=====
weight_dir, weight_file: /home/thuy/Research/minh_data_synth/TabularDA/output/corrected_v2/mnist12/weight/, mnist12_seed43_ctgan_full_rf_synthetic.weights.pth
acc_dir, acc_file: /home/thuy/Research/minh_data_synth/TabularDA/output/corrected_v2/mnist12/acc/, mnist12_seed43_ctgan_full_rf_synthetic.epochs.csv
report_file: mnist12_seed43_ctgan_full_rf_synthetic.report.txt
==========================================================================================
Start training...
-----------------------
Epoch 1/100
Training statistic: Loss: 2.3369, train_score: {'accuracy': 0.76305, 'balanced_accuracy': 0.7131387850817915, 'f1_macro': 0.7169328686002093, 'f1_micro': 0.76305, 'f1_weighted': 0.7610119603090284, 'precision_macro': 0.7282276315487342, 'precision_micro': 0.76305, 'precision_weighted': 0.7642899491053817, 'recall_macro': 0.7131387850817915, 'recall_micro': 0.76305, 'recall_weighted': 0.76305}
Validation statistic: Loss: 1.8315, dev_score: {'accuracy': 0.8309298856290402, 'balanced_accuracy': 0.8264029555936053, 'f1_macro': 0.8265685249118423, 'f1_micro': 0.8309298856290402, 'f1_weighted': 0.8302761104846511, 'precision_macro': 0.8322153492243698, 'precision_micro': 0.8309298856290402, 'precision_weighted': 0.8348332317482597, 'recall_macro': 0.8264029555936053, 'recall_micro': 0.8309298856290402, 'recall_weighted': 0.8309298856290402}
Saving model...
Model saved!
-------------------------------------------
-----------------------
Epoch 2/100
Training statistic: Loss: 1.9401, train_score: {'accuracy': 0.77567, 'balanced_accuracy': 0.7094992508350273, 'f1_macro': 0.7287188324563358, 'f1_micro': 0.77567, 'f1_weighted': 0.7706810310097877, 'precision_macro': 0.7581150994717333, 'precision_micro': 0.77567, 'precision_weighted': 0.7733067680108996, 'recall_macro': 0.7094992508350273, 'recall_micro': 0.77567, 'recall_weighted': 0.77567}
Validation statistic: Loss: 1.5696, dev_score: {'accuracy': 0.8402121664180342, 'balanced_accuracy': 0.8361997237210284, 'f1_macro': 0.8366944601161233, 'f1_micro': 0.8402121664180342, 'f1_weighted': 0.8400393141827927, 'precision_macro': 0.8425434688496771, 'precision_micro': 0.8402121664180342, 'precision_weighted': 0.8449534292424683, 'recall_macro': 0.8361997237210284, 'recall_micro': 0.8402121664180342, 'recall_weighted': 0.8402121664180342}
Saving model...
Model saved!
-------------------------------------------
-----------------------
Epoch 3/100
Training statistic: Loss: 1.7041, train_score: {'accuracy': 0.78131, 'balanced_accuracy': 0.7104913549679326, 'f1_macro': 0.7338535320454845, 'f1_micro': 0.78131, 'f1_weighted': 0.775063699795703, 'precision_macro': 0.773156705391057, 'precision_micro': 0.78131, 'precision_weighted': 0.7798250800670808, 'recall_macro': 0.7104913549679326, 'recall_micro': 0.78131, 'recall_weighted': 0.78131}
Validation statistic: Loss: 1.3648, dev_score: {'accuracy': 0.8506547323056523, 'balanced_accuracy': 0.847279421281956, 'f1_macro': 0.8474862585615399, 'f1_micro': 0.8506547323056523, 'f1_weighted': 0.8505153931313858, 'precision_macro': 0.8539534558089372, 'precision_micro': 0.8506547323056523, 'precision_weighted': 0.8563660763272642, 'recall_macro': 0.847279421281956, 'recall_micro': 0.8506547323056523, 'recall_weighted': 0.8506547323056523}
Saving model...
Model saved!
-------------------------------------------
-----------------------
Epoch 4/100
Training statistic: Loss: 1.5746, train_score: {'accuracy': 0.79135, 'balanced_accuracy': 0.7262088855973498, 'f1_macro': 0.748388138618606, 'f1_micro': 0.79135, 'f1_weighted': 0.7864388614752218, 'precision_macro': 0.7796467031366261, 'precision_micro': 0.79135, 'precision_weighted': 0.7886159468633539, 'recall_macro': 0.7262088855973498, 'recall_micro': 0.79135, 'recall_weighted': 0.79135}
Validation statistic: Loss: 1.2382, dev_score: {'accuracy': 0.8544670976297033, 'balanced_accuracy': 0.8510296549296699, 'f1_macro': 0.8513878544093615, 'f1_micro': 0.8544670976297033, 'f1_weighted': 0.8543201719454484, 'precision_macro': 0.8563953283055573, 'precision_micro': 0.8544670976297033, 'precision_weighted': 0.858584161737039, 'recall_macro': 0.8510296549296699, 'recall_micro': 0.8544670976297033, 'recall_weighted': 0.8544670976297033}
Saving model...
Model saved!
-------------------------------------------
-----------------------
Epoch 5/100
Training statistic: Loss: 1.4524, train_score: {'accuracy': 0.79336, 'balanced_accuracy': 0.7311146386400829, 'f1_macro': 0.7525277706232094, 'f1_micro': 0.79336, 'f1_weighted': 0.7890947940824201, 'precision_macro': 0.7820109061392186, 'precision_micro': 0.79336, 'precision_weighted': 0.7912482448736855, 'recall_macro': 0.7311146386400829, 'recall_micro': 0.79336, 'recall_weighted': 0.79336}
Validation statistic: Loss: 1.0847, dev_score: {'accuracy': 0.8567876678269518, 'balanced_accuracy': 0.8530301552762074, 'f1_macro': 0.8536436773026042, 'f1_micro': 0.8567876678269518, 'f1_weighted': 0.8566130872602203, 'precision_macro': 0.8585426952315286, 'precision_micro': 0.8567876678269518, 'precision_weighted': 0.8604939275397443, 'recall_macro': 0.8530301552762074, 'recall_micro': 0.8567876678269518, 'recall_weighted': 0.8567876678269518}
Saving model...
Model saved!
-------------------------------------------
-----------------------
Epoch 6/100
Training statistic: Loss: 1.3546, train_score: {'accuracy': 0.79849, 'balanced_accuracy': 0.7366213486359752, 'f1_macro': 0.7562582698429329, 'f1_micro': 0.79849, 'f1_weighted': 0.7938144144856611, 'precision_macro': 0.7862461923431298, 'precision_micro': 0.79849, 'precision_weighted': 0.7965558531354124, 'recall_macro': 0.7366213486359752, 'recall_micro': 0.79849, 'recall_weighted': 0.79849}
Validation statistic: Loss: 0.9928, dev_score: {'accuracy': 0.8567876678269518, 'balanced_accuracy': 0.8528946409322291, 'f1_macro': 0.8533208023983663, 'f1_micro': 0.8567876678269518, 'f1_weighted': 0.8564285968840935, 'precision_macro': 0.8601974770546403, 'precision_micro': 0.8567876678269518, 'precision_weighted': 0.8621945487770222, 'recall_macro': 0.8528946409322291, 'recall_micro': 0.8567876678269518, 'recall_weighted': 0.8567876678269518}
Saving model...
Model saved!
-------------------------------------------
-----------------------
Epoch 7/100
Training statistic: Loss: 1.2518, train_score: {'accuracy': 0.80092, 'balanced_accuracy': 0.7389240690940214, 'f1_macro': 0.7608452378877987, 'f1_micro': 0.80092, 'f1_weighted': 0.7967431819605337, 'precision_macro': 0.7912117644281289, 'precision_micro': 0.80092, 'precision_weighted': 0.7991073983836213, 'recall_macro': 0.7389240690940214, 'recall_micro': 0.80092, 'recall_weighted': 0.80092}
Validation statistic: Loss: 0.8991, dev_score: {'accuracy': 0.8639151334327864, 'balanced_accuracy': 0.8603799262069319, 'f1_macro': 0.8610621624456416, 'f1_micro': 0.8639151334327864, 'f1_weighted': 0.8637422865566232, 'precision_macro': 0.8660112745572766, 'precision_micro': 0.8639151334327864, 'precision_weighted': 0.86765518268032, 'recall_macro': 0.8603799262069319, 'recall_micro': 0.8639151334327864, 'recall_weighted': 0.8639151334327864}
Saving model...
Model saved!
-------------------------------------------
-----------------------
Epoch 8/100
Training statistic: Loss: 1.1801, train_score: {'accuracy': 0.80149, 'balanced_accuracy': 0.737209118409271, 'f1_macro': 0.7592467299100158, 'f1_micro': 0.80149, 'f1_weighted': 0.7964178336230648, 'precision_macro': 0.793683110558985, 'precision_micro': 0.80149, 'precision_weighted': 0.7998244832811887, 'recall_macro': 0.737209118409271, 'recall_micro': 0.80149, 'recall_weighted': 0.80149}
Validation statistic: Loss: 0.8292, dev_score: {'accuracy': 0.8692192938836399, 'balanced_accuracy': 0.8662084457700037, 'f1_macro': 0.8664267151230313, 'f1_micro': 0.8692192938836399, 'f1_weighted': 0.8690217937554103, 'precision_macro': 0.8706400684410042, 'precision_micro': 0.8692192938836399, 'precision_weighted': 0.8726235874316084, 'recall_macro': 0.8662084457700037, 'recall_micro': 0.8692192938836399, 'recall_weighted': 0.8692192938836399}
Saving model...
Model saved!
-------------------------------------------
-----------------------
Epoch 9/100
Training statistic: Loss: 1.1096, train_score: {'accuracy': 0.81072, 'balanced_accuracy': 0.7574504246554824, 'f1_macro': 0.773838487343921, 'f1_micro': 0.81072, 'f1_weighted': 0.8075699406919162, 'precision_macro': 0.7948779084991309, 'precision_micro': 0.81072, 'precision_weighted': 0.8083012773206072, 'recall_macro': 0.7574504246554824, 'recall_micro': 0.81072, 'recall_weighted': 0.81072}
Validation statistic: Loss: 0.7618, dev_score: {'accuracy': 0.8713741090667992, 'balanced_accuracy': 0.8682815540468123, 'f1_macro': 0.8690839980134069, 'f1_micro': 0.8713741090667992, 'f1_weighted': 0.8715436647172918, 'precision_macro': 0.8731149315678154, 'precision_micro': 0.8713741090667992, 'precision_weighted': 0.8747815177210985, 'recall_macro': 0.8682815540468123, 'recall_micro': 0.8713741090667992, 'recall_weighted': 0.8713741090667992}
Saving model...
Model saved!
-------------------------------------------
-----------------------
Epoch 10/100
Training statistic: Loss: 1.0532, train_score: {'accuracy': 0.81088, 'balanced_accuracy': 0.7536705883871864, 'f1_macro': 0.773434585122288, 'f1_micro': 0.81088, 'f1_weighted': 0.8071808620269691, 'precision_macro': 0.8008484830755819, 'precision_micro': 0.81088, 'precision_weighted': 0.8093915257977181, 'recall_macro': 0.7536705883871864, 'recall_micro': 0.81088, 'recall_weighted': 0.81088}
Validation statistic: Loss: 0.7092, dev_score: {'accuracy': 0.8761810044753854, 'balanced_accuracy': 0.8728766964477671, 'f1_macro': 0.8737874186830087, 'f1_micro': 0.8761810044753854, 'f1_weighted': 0.8761851414951688, 'precision_macro': 0.8787420544790058, 'precision_micro': 0.8761810044753854, 'precision_weighted': 0.8800253422968787, 'recall_macro': 0.8728766964477671, 'recall_micro': 0.8761810044753854, 'recall_weighted': 0.8761810044753854}
Saving model...
Model saved!
-------------------------------------------
-----------------------
Epoch 11/100
Training statistic: Loss: 1.0015, train_score: {'accuracy': 0.81279, 'balanced_accuracy': 0.7607173091878915, 'f1_macro': 0.7773026643966772, 'f1_micro': 0.81279, 'f1_weighted': 0.8095386833112904, 'precision_macro': 0.7997253346467471, 'precision_micro': 0.81279, 'precision_weighted': 0.811091721741159, 'recall_macro': 0.7607173091878915, 'recall_micro': 0.81279, 'recall_weighted': 0.81279}
Validation statistic: Loss: 0.6735, dev_score: {'accuracy': 0.8745234543344936, 'balanced_accuracy': 0.871385414617207, 'f1_macro': 0.8719487805737337, 'f1_micro': 0.8745234543344936, 'f1_weighted': 0.874402870322895, 'precision_macro': 0.8760032354124574, 'precision_micro': 0.8745234543344936, 'precision_weighted': 0.8775833602176574, 'recall_macro': 0.871385414617207, 'recall_micro': 0.8745234543344936, 'recall_weighted': 0.8745234543344936}
Saving model...
Model saved!
-------------------------------------------
-----------------------
Epoch 12/100
Training statistic: Loss: 0.9572, train_score: {'accuracy': 0.81417, 'balanced_accuracy': 0.7599025563001278, 'f1_macro': 0.7770363951646166, 'f1_micro': 0.81417, 'f1_weighted': 0.8104792841782432, 'precision_macro': 0.8014919626066712, 'precision_micro': 0.81417, 'precision_weighted': 0.812703819025178, 'recall_macro': 0.7599025563001278, 'recall_micro': 0.81417, 'recall_weighted': 0.81417}
Validation statistic: Loss: 0.6405, dev_score: {'accuracy': 0.8766782695176529, 'balanced_accuracy': 0.8733598712636234, 'f1_macro': 0.873944528696118, 'f1_micro': 0.8766782695176529, 'f1_weighted': 0.8764679118096366, 'precision_macro': 0.8778859947364873, 'precision_micro': 0.8766782695176529, 'precision_weighted': 0.8794411430014422, 'recall_macro': 0.8733598712636234, 'recall_micro': 0.8766782695176529, 'recall_weighted': 0.8766782695176529}
Saving model...
Model saved!
-------------------------------------------
-----------------------
Epoch 13/100
Training statistic: Loss: 0.9217, train_score: {'accuracy': 0.81804, 'balanced_accuracy': 0.7663878349286108, 'f1_macro': 0.7825011765447871, 'f1_micro': 0.81804, 'f1_weighted': 0.8151207988627316, 'precision_macro': 0.8047370843746245, 'precision_micro': 0.81804, 'precision_weighted': 0.8169797891983772, 'recall_macro': 0.7663878349286108, 'recall_micro': 0.81804, 'recall_weighted': 0.81804}
Validation statistic: Loss: 0.6202, dev_score: {'accuracy': 0.8798276147853472, 'balanced_accuracy': 0.8765926466978449, 'f1_macro': 0.877516103302429, 'f1_micro': 0.8798276147853472, 'f1_weighted': 0.8798438172807804, 'precision_macro': 0.8814063719540288, 'precision_micro': 0.8798276147853472, 'precision_weighted': 0.8826635444607107, 'recall_macro': 0.8765926466978449, 'recall_micro': 0.8798276147853472, 'recall_weighted': 0.8798276147853472}
Saving model...
Model saved!
-------------------------------------------
-----------------------
Epoch 14/100
Training statistic: Loss: 0.8810, train_score: {'accuracy': 0.81634, 'balanced_accuracy': 0.7591701829985806, 'f1_macro': 0.7788342836919635, 'f1_micro': 0.81634, 'f1_weighted': 0.8123904524723294, 'precision_macro': 0.8074496255930532, 'precision_micro': 0.81634, 'precision_weighted': 0.8149567322651934, 'recall_macro': 0.7591701829985806, 'recall_micro': 0.81634, 'recall_weighted': 0.81634}
Validation statistic: Loss: 0.5859, dev_score: {'accuracy': 0.8794961047571689, 'balanced_accuracy': 0.8763479936997512, 'f1_macro': 0.877096416943591, 'f1_micro': 0.8794961047571689, 'f1_weighted': 0.879446812321063, 'precision_macro': 0.8810296034034997, 'precision_micro': 0.8794961047571689, 'precision_weighted': 0.8824072327628235, 'recall_macro': 0.8763479936997512, 'recall_micro': 0.8794961047571689, 'recall_weighted': 0.8794961047571689}
Saving model...
Model saved!
-------------------------------------------
-----------------------
Epoch 15/100
Training statistic: Loss: 0.8438, train_score: {'accuracy': 0.82065, 'balanced_accuracy': 0.7709740027028864, 'f1_macro': 0.7862505073768309, 'f1_micro': 0.82065, 'f1_weighted': 0.8174713502433207, 'precision_macro': 0.8076762160911363, 'precision_micro': 0.82065, 'precision_weighted': 0.8191978446856834, 'recall_macro': 0.7709740027028864, 'recall_micro': 0.82065, 'recall_weighted': 0.82065}
Validation statistic: Loss: 0.5557, dev_score: {'accuracy': 0.8798276147853472, 'balanced_accuracy': 0.876988628879027, 'f1_macro': 0.877403609825047, 'f1_micro': 0.8798276147853472, 'f1_weighted': 0.8796992678026655, 'precision_macro': 0.8806741524548125, 'precision_micro': 0.8798276147853472, 'precision_weighted': 0.8822728418881995, 'recall_macro': 0.876988628879027, 'recall_micro': 0.8798276147853472, 'recall_weighted': 0.8798276147853472}
Saving model...
Model saved!
-------------------------------------------
-----------------------
Epoch 16/100
Training statistic: Loss: 0.8214, train_score: {'accuracy': 0.8194, 'balanced_accuracy': 0.7674407375298222, 'f1_macro': 0.7845342604079869, 'f1_micro': 0.8194, 'f1_weighted': 0.8164922605763465, 'precision_macro': 0.8066353055002574, 'precision_micro': 0.8194, 'precision_weighted': 0.8174334574317433, 'recall_macro': 0.7674407375298222, 'recall_micro': 0.8194, 'recall_weighted': 0.8194}
Validation statistic: Loss: 0.5434, dev_score: {'accuracy': 0.8793303497430798, 'balanced_accuracy': 0.8761540004741221, 'f1_macro': 0.8770042678640231, 'f1_micro': 0.8793303497430798, 'f1_weighted': 0.879344548034303, 'precision_macro': 0.8805897761257233, 'precision_micro': 0.8793303497430798, 'precision_weighted': 0.8819809272806851, 'recall_macro': 0.8761540004741221, 'recall_micro': 0.8793303497430798, 'recall_weighted': 0.8793303497430798}
Saving model...
Model saved!
-------------------------------------------
-----------------------
Epoch 17/100
Training statistic: Loss: 0.8028, train_score: {'accuracy': 0.82218, 'balanced_accuracy': 0.7700449460564179, 'f1_macro': 0.7873461422814393, 'f1_micro': 0.82218, 'f1_weighted': 0.8190967840852904, 'precision_macro': 0.8104619691220597, 'precision_micro': 0.82218, 'precision_weighted': 0.8206757446700705, 'recall_macro': 0.7700449460564179, 'recall_micro': 0.82218, 'recall_weighted': 0.82218}
Validation statistic: Loss: 0.5205, dev_score: {'accuracy': 0.8864578153489143, 'balanced_accuracy': 0.8837204109252712, 'f1_macro': 0.8841371435960902, 'f1_micro': 0.8864578153489143, 'f1_weighted': 0.8862650324398402, 'precision_macro': 0.8871932884259397, 'precision_micro': 0.8864578153489143, 'precision_weighted': 0.8885673442924963, 'recall_macro': 0.8837204109252712, 'recall_micro': 0.8864578153489143, 'recall_weighted': 0.8864578153489143}
Saving model...
Model saved!
-------------------------------------------
-----------------------
Epoch 18/100
Training statistic: Loss: 0.7810, train_score: {'accuracy': 0.82271, 'balanced_accuracy': 0.7711693489417367, 'f1_macro': 0.7888591693717689, 'f1_micro': 0.82271, 'f1_weighted': 0.819612211154541, 'precision_macro': 0.8120338279041984, 'precision_micro': 0.82271, 'precision_weighted': 0.821108746991363, 'recall_macro': 0.7711693489417367, 'recall_micro': 0.82271, 'recall_weighted': 0.82271}
Validation statistic: Loss: 0.5102, dev_score: {'accuracy': 0.8809878998839715, 'balanced_accuracy': 0.8779396622604715, 'f1_macro': 0.8788353290469193, 'f1_micro': 0.8809878998839715, 'f1_weighted': 0.8810903504225407, 'precision_macro': 0.882943198774063, 'precision_micro': 0.8809878998839715, 'precision_weighted': 0.8842565415336806, 'recall_macro': 0.8779396622604715, 'recall_micro': 0.8809878998839715, 'recall_weighted': 0.8809878998839715}
Saving model...
Model saved!
-------------------------------------------
-----------------------
Epoch 19/100
Training statistic: Loss: 0.7635, train_score: {'accuracy': 0.82349, 'balanced_accuracy': 0.771460887092747, 'f1_macro': 0.7886974716326253, 'f1_micro': 0.82349, 'f1_weighted': 0.8204455436457998, 'precision_macro': 0.8132550709980053, 'precision_micro': 0.82349, 'precision_weighted': 0.822310788051583, 'recall_macro': 0.771460887092747, 'recall_micro': 0.82349, 'recall_weighted': 0.82349}
Validation statistic: Loss: 0.4951, dev_score: {'accuracy': 0.8838057351234875, 'balanced_accuracy': 0.8808029502523134, 'f1_macro': 0.8814167040363348, 'f1_micro': 0.8838057351234875, 'f1_weighted': 0.8836784605843456, 'precision_macro': 0.8848095669742969, 'precision_micro': 0.8838057351234875, 'precision_weighted': 0.8862075726296955, 'recall_macro': 0.8808029502523134, 'recall_micro': 0.8838057351234875, 'recall_weighted': 0.8838057351234875}
Saving model...
Model saved!
-------------------------------------------
-----------------------
Epoch 20/100
Training statistic: Loss: 0.7487, train_score: {'accuracy': 0.82558, 'balanced_accuracy': 0.7746108614082992, 'f1_macro': 0.7920791310246318, 'f1_micro': 0.82558, 'f1_weighted': 0.8228216449791145, 'precision_macro': 0.8153126909731634, 'precision_micro': 0.82558, 'precision_weighted': 0.82424332072797, 'recall_macro': 0.7746108614082992, 'recall_micro': 0.82558, 'recall_weighted': 0.82558}
Validation statistic: Loss: 0.4784, dev_score: {'accuracy': 0.8857947952925576, 'balanced_accuracy': 0.8830798452686522, 'f1_macro': 0.8837147010944374, 'f1_micro': 0.8857947952925576, 'f1_weighted': 0.8858122784494737, 'precision_macro': 0.886383852445743, 'precision_micro': 0.8857947952925576, 'precision_weighted': 0.8877689052685599, 'recall_macro': 0.8830798452686522, 'recall_micro': 0.8857947952925576, 'recall_weighted': 0.8857947952925576}
Saving model...
Model saved!
-------------------------------------------
-----------------------
Epoch 21/100
Training statistic: Loss: 0.7341, train_score: {'accuracy': 0.82762, 'balanced_accuracy': 0.779293976821098, 'f1_macro': 0.7946338468141244, 'f1_micro': 0.82762, 'f1_weighted': 0.8248524663160408, 'precision_macro': 0.8155828272162549, 'precision_micro': 0.82762, 'precision_weighted': 0.8265984844837857, 'recall_macro': 0.779293976821098, 'recall_micro': 0.82762, 'recall_weighted': 0.82762}
Validation statistic: Loss: 0.4677, dev_score: {'accuracy': 0.8874523454334493, 'balanced_accuracy': 0.8845017149245844, 'f1_macro': 0.8852667556304576, 'f1_micro': 0.8874523454334493, 'f1_weighted': 0.8873756777583299, 'precision_macro': 0.8882759195878591, 'precision_micro': 0.8874523454334493, 'precision_weighted': 0.889417200784747, 'recall_macro': 0.8845017149245844, 'recall_micro': 0.8874523454334493, 'recall_weighted': 0.8874523454334493}
Saving model...
Model saved!
-------------------------------------------
-----------------------
Epoch 22/100
Training statistic: Loss: 0.7214, train_score: {'accuracy': 0.82776, 'balanced_accuracy': 0.7799392115897692, 'f1_macro': 0.7964183201984687, 'f1_micro': 0.82776, 'f1_weighted': 0.8248802128417815, 'precision_macro': 0.8185625300508621, 'precision_micro': 0.82776, 'precision_weighted': 0.8267504384773059, 'recall_macro': 0.7799392115897692, 'recall_micro': 0.82776, 'recall_weighted': 0.82776}
Validation statistic: Loss: 0.4614, dev_score: {'accuracy': 0.8886126305320736, 'balanced_accuracy': 0.8860906869120914, 'f1_macro': 0.8865061034493099, 'f1_micro': 0.8886126305320736, 'f1_weighted': 0.8885632428582784, 'precision_macro': 0.8891179506019593, 'precision_micro': 0.8886126305320736, 'precision_weighted': 0.890584409056409, 'recall_macro': 0.8860906869120914, 'recall_micro': 0.8886126305320736, 'recall_weighted': 0.8886126305320736}
Saving model...
Model saved!
-------------------------------------------
-----------------------
Epoch 23/100
Training statistic: Loss: 0.7137, train_score: {'accuracy': 0.83104, 'balanced_accuracy': 0.7835344511490219, 'f1_macro': 0.7984705614095463, 'f1_micro': 0.83104, 'f1_weighted': 0.8283715723569738, 'precision_macro': 0.8188597880613534, 'precision_micro': 0.83104, 'precision_weighted': 0.8296138699725768, 'recall_macro': 0.7835344511490219, 'recall_micro': 0.83104, 'recall_weighted': 0.83104}
Validation statistic: Loss: 0.4543, dev_score: {'accuracy': 0.8877838554616277, 'balanced_accuracy': 0.8851276969933497, 'f1_macro': 0.8855712008723318, 'f1_micro': 0.8877838554616277, 'f1_weighted': 0.8876450409748375, 'precision_macro': 0.8883888824722993, 'precision_micro': 0.8877838554616277, 'precision_weighted': 0.8897709427517981, 'recall_macro': 0.8851276969933497, 'recall_micro': 0.8877838554616277, 'recall_weighted': 0.8877838554616277}
Saving model...
Model saved!
-------------------------------------------
-----------------------
Epoch 24/100
Training statistic: Loss: 0.7101, train_score: {'accuracy': 0.82829, 'balanced_accuracy': 0.7777348191067321, 'f1_macro': 0.79574905468607, 'f1_micro': 0.82829, 'f1_weighted': 0.8250480176039227, 'precision_macro': 0.8212412987568547, 'precision_micro': 0.82829, 'precision_weighted': 0.8277093994120976, 'recall_macro': 0.7777348191067321, 'recall_micro': 0.82829, 'recall_weighted': 0.82829}
Validation statistic: Loss: 0.4563, dev_score: {'accuracy': 0.8869550803911819, 'balanced_accuracy': 0.8842098398510061, 'f1_macro': 0.8846709319252787, 'f1_micro': 0.8869550803911819, 'f1_weighted': 0.8866987712576401, 'precision_macro': 0.8879874401159654, 'precision_micro': 0.8869550803911819, 'precision_weighted': 0.8891690417837592, 'recall_macro': 0.8842098398510061, 'recall_micro': 0.8869550803911819, 'recall_weighted': 0.8869550803911819}
-----------------------
Epoch 25/100
Training statistic: Loss: 0.6942, train_score: {'accuracy': 0.83017, 'balanced_accuracy': 0.7815498717095802, 'f1_macro': 0.7996450682526731, 'f1_micro': 0.83017, 'f1_weighted': 0.827566296653054, 'precision_macro': 0.8227711684058605, 'precision_micro': 0.83017, 'precision_weighted': 0.8291333171288932, 'recall_macro': 0.7815498717095802, 'recall_micro': 0.83017, 'recall_weighted': 0.83017}
Validation statistic: Loss: 0.4457, dev_score: {'accuracy': 0.8862920603348251, 'balanced_accuracy': 0.8836581313183247, 'f1_macro': 0.8842038202285625, 'f1_micro': 0.8862920603348251, 'f1_weighted': 0.8862208285085088, 'precision_macro': 0.8873280273485171, 'precision_micro': 0.8862920603348251, 'precision_weighted': 0.888615629190124, 'recall_macro': 0.8836581313183247, 'recall_micro': 0.8862920603348251, 'recall_weighted': 0.8862920603348251}
Saving model...
Model saved!
-------------------------------------------
-----------------------
Epoch 26/100
Training statistic: Loss: 0.6878, train_score: {'accuracy': 0.83132, 'balanced_accuracy': 0.7822181476408989, 'f1_macro': 0.799164079841119, 'f1_micro': 0.83132, 'f1_weighted': 0.8284081619278117, 'precision_macro': 0.8224593880503074, 'precision_micro': 0.83132, 'precision_weighted': 0.8303924245160497, 'recall_macro': 0.7822181476408989, 'recall_micro': 0.83132, 'recall_weighted': 0.83132}
Validation statistic: Loss: 0.4376, dev_score: {'accuracy': 0.892756505884303, 'balanced_accuracy': 0.8904146605797386, 'f1_macro': 0.8909255395596356, 'f1_micro': 0.892756505884303, 'f1_weighted': 0.8928063562457393, 'precision_macro': 0.8935254928535585, 'precision_micro': 0.892756505884303, 'precision_weighted': 0.8948329990410686, 'recall_macro': 0.8904146605797386, 'recall_micro': 0.892756505884303, 'recall_weighted': 0.892756505884303}
Saving model...
Model saved!
-------------------------------------------
-----------------------
Epoch 27/100
Training statistic: Loss: 0.6858, train_score: {'accuracy': 0.83445, 'balanced_accuracy': 0.7852554295096621, 'f1_macro': 0.8027731813691454, 'f1_micro': 0.83445, 'f1_weighted': 0.8319087899170535, 'precision_macro': 0.8255521116422753, 'precision_micro': 0.83445, 'precision_weighted': 0.8332289333883245, 'recall_macro': 0.7852554295096621, 'recall_micro': 0.83445, 'recall_weighted': 0.83445}
Validation statistic: Loss: 0.4331, dev_score: {'accuracy': 0.8912647107575005, 'balanced_accuracy': 0.8888677794745741, 'f1_macro': 0.8894880334316875, 'f1_micro': 0.8912647107575005, 'f1_weighted': 0.891335585761094, 'precision_macro': 0.8924109336799511, 'precision_micro': 0.8912647107575005, 'precision_weighted': 0.8936009963304066, 'recall_macro': 0.8888677794745741, 'recall_micro': 0.8912647107575005, 'recall_weighted': 0.8912647107575005}
Saving model...
Model saved!
-------------------------------------------
-----------------------
Epoch 28/100
Training statistic: Loss: 0.6799, train_score: {'accuracy': 0.83646, 'balanced_accuracy': 0.7918063116534702, 'f1_macro': 0.8060829404652277, 'f1_micro': 0.83646, 'f1_weighted': 0.834285967059614, 'precision_macro': 0.823990770807652, 'precision_micro': 0.83646, 'precision_weighted': 0.8347972157235046, 'recall_macro': 0.7918063116534702, 'recall_micro': 0.83646, 'recall_weighted': 0.83646}
Validation statistic: Loss: 0.4247, dev_score: {'accuracy': 0.8924249958561247, 'balanced_accuracy': 0.8901710420529062, 'f1_macro': 0.8906337517820042, 'f1_micro': 0.8924249958561247, 'f1_weighted': 0.8924278941608638, 'precision_macro': 0.8925954318618153, 'precision_micro': 0.8924249958561247, 'precision_weighted': 0.8938612393335081, 'recall_macro': 0.8901710420529062, 'recall_micro': 0.8924249958561247, 'recall_weighted': 0.8924249958561247}
Saving model...
Model saved!
-------------------------------------------
-----------------------
Epoch 29/100
Training statistic: Loss: 0.6801, train_score: {'accuracy': 0.8349, 'balanced_accuracy': 0.7857291230042753, 'f1_macro': 0.8032534400621316, 'f1_micro': 0.8349, 'f1_weighted': 0.8322341381375666, 'precision_macro': 0.8264986270264725, 'precision_micro': 0.8349, 'precision_weighted': 0.8339290477452748, 'recall_macro': 0.7857291230042753, 'recall_micro': 0.8349, 'recall_weighted': 0.8349}
Validation statistic: Loss: 0.4256, dev_score: {'accuracy': 0.8924249958561247, 'balanced_accuracy': 0.8899909165738388, 'f1_macro': 0.8906533334074964, 'f1_micro': 0.8924249958561247, 'f1_weighted': 0.8925485006925351, 'precision_macro': 0.8934030900608043, 'precision_micro': 0.8924249958561247, 'precision_weighted': 0.8946476747399327, 'recall_macro': 0.8899909165738388, 'recall_micro': 0.8924249958561247, 'recall_weighted': 0.8924249958561247}
-----------------------
Epoch 30/100
Training statistic: Loss: 0.6761, train_score: {'accuracy': 0.83686, 'balanced_accuracy': 0.7906358368524516, 'f1_macro': 0.8058364070332606, 'f1_micro': 0.83686, 'f1_weighted': 0.8343759607054134, 'precision_macro': 0.8255563226033613, 'precision_micro': 0.83686, 'precision_weighted': 0.8354417087709873, 'recall_macro': 0.7906358368524516, 'recall_micro': 0.83686, 'recall_weighted': 0.83686}
Validation statistic: Loss: 0.4250, dev_score: {'accuracy': 0.8907674457152329, 'balanced_accuracy': 0.8882494173393731, 'f1_macro': 0.8888453732212316, 'f1_micro': 0.8907674457152329, 'f1_weighted': 0.8907774735004423, 'precision_macro': 0.8913548505212819, 'precision_micro': 0.8907674457152329, 'precision_weighted': 0.892601560347096, 'recall_macro': 0.8882494173393731, 'recall_micro': 0.8907674457152329, 'recall_weighted': 0.8907674457152329}
-----------------------
Epoch 31/100
Training statistic: Loss: 0.6696, train_score: {'accuracy': 0.83501, 'balanced_accuracy': 0.7880322525539893, 'f1_macro': 0.8039346797918256, 'f1_micro': 0.83501, 'f1_weighted': 0.8320580682606104, 'precision_macro': 0.8262629066767582, 'precision_micro': 0.83501, 'precision_weighted': 0.8340921937273554, 'recall_macro': 0.7880322525539893, 'recall_micro': 0.83501, 'recall_weighted': 0.83501}
Validation statistic: Loss: 0.4176, dev_score: {'accuracy': 0.8939167909829272, 'balanced_accuracy': 0.8915174034121357, 'f1_macro': 0.8920064731156611, 'f1_micro': 0.8939167909829272, 'f1_weighted': 0.8938936210900292, 'precision_macro': 0.8943039799105353, 'precision_micro': 0.8939167909829272, 'precision_weighted': 0.895588755186223, 'recall_macro': 0.8915174034121357, 'recall_micro': 0.8939167909829272, 'recall_weighted': 0.8939167909829272}
Saving model...
Model saved!
-------------------------------------------
-----------------------
Epoch 32/100
Training statistic: Loss: 0.6661, train_score: {'accuracy': 0.83662, 'balanced_accuracy': 0.7905004952135376, 'f1_macro': 0.8056619742633349, 'f1_micro': 0.83662, 'f1_weighted': 0.8339109276120001, 'precision_macro': 0.8266217824755578, 'precision_micro': 0.83662, 'precision_weighted': 0.8357950881409275, 'recall_macro': 0.7905004952135376, 'recall_micro': 0.83662, 'recall_weighted': 0.83662}
Validation statistic: Loss: 0.4145, dev_score: {'accuracy': 0.8949113210674623, 'balanced_accuracy': 0.8925049147777255, 'f1_macro': 0.8932267737988606, 'f1_micro': 0.8949113210674623, 'f1_weighted': 0.8948645792124358, 'precision_macro': 0.8957306945185879, 'precision_micro': 0.8949113210674623, 'precision_weighted': 0.89651240521152, 'recall_macro': 0.8925049147777255, 'recall_micro': 0.8949113210674623, 'recall_weighted': 0.8949113210674623}
Saving model...
Model saved!
-------------------------------------------
-----------------------
Epoch 33/100
Training statistic: Loss: 0.6699, train_score: {'accuracy': 0.83667, 'balanced_accuracy': 0.7887798603795348, 'f1_macro': 0.805209342768612, 'f1_micro': 0.83667, 'f1_weighted': 0.8339275276789743, 'precision_macro': 0.8279346208292756, 'precision_micro': 0.83667, 'precision_weighted': 0.8356459097258805, 'recall_macro': 0.7887798603795348, 'recall_micro': 0.83667, 'recall_weighted': 0.83667}
Validation statistic: Loss: 0.4168, dev_score: {'accuracy': 0.8947455660533731, 'balanced_accuracy': 0.8925907701513707, 'f1_macro': 0.8930303027363008, 'f1_micro': 0.8947455660533731, 'f1_weighted': 0.8946655166775089, 'precision_macro': 0.8949208079159832, 'precision_micro': 0.8947455660533731, 'precision_weighted': 0.895971524129446, 'recall_macro': 0.8925907701513707, 'recall_micro': 0.8947455660533731, 'recall_weighted': 0.8947455660533731}
-----------------------
Epoch 34/100
Training statistic: Loss: 0.6583, train_score: {'accuracy': 0.83716, 'balanced_accuracy': 0.7890507537042302, 'f1_macro': 0.8062422168809974, 'f1_micro': 0.83716, 'f1_weighted': 0.8343320312679015, 'precision_macro': 0.8300057467498043, 'precision_micro': 0.83716, 'precision_weighted': 0.8365983135363777, 'recall_macro': 0.7890507537042302, 'recall_micro': 0.83716, 'recall_weighted': 0.83716}
Validation statistic: Loss: 0.4118, dev_score: {'accuracy': 0.8949113210674623, 'balanced_accuracy': 0.8927023097358898, 'f1_macro': 0.8931647255846455, 'f1_micro': 0.8949113210674623, 'f1_weighted': 0.8949104505314847, 'precision_macro': 0.8953678269776864, 'precision_micro': 0.8949113210674623, 'precision_weighted': 0.896555759207012, 'recall_macro': 0.8927023097358898, 'recall_micro': 0.8949113210674623, 'recall_weighted': 0.8949113210674623}
Saving model...
Model saved!
-------------------------------------------
-----------------------
Epoch 35/100
Training statistic: Loss: 0.6609, train_score: {'accuracy': 0.84021, 'balanced_accuracy': 0.7968427885109138, 'f1_macro': 0.8098087468941506, 'f1_micro': 0.84021, 'f1_weighted': 0.8379914182731962, 'precision_macro': 0.8279876506719125, 'precision_micro': 0.84021, 'precision_weighted': 0.839549235244596, 'recall_macro': 0.7968427885109138, 'recall_micro': 0.84021, 'recall_weighted': 0.84021}
Validation statistic: Loss: 0.4123, dev_score: {'accuracy': 0.8940825459970164, 'balanced_accuracy': 0.8916880082397303, 'f1_macro': 0.8920435848222696, 'f1_micro': 0.8940825459970164, 'f1_weighted': 0.893904097863524, 'precision_macro': 0.8940594639733618, 'precision_micro': 0.8940825459970164, 'precision_weighted': 0.8953040172507342, 'recall_macro': 0.8916880082397303, 'recall_micro': 0.8940825459970164, 'recall_weighted': 0.8940825459970164}
-----------------------
Epoch 36/100
Training statistic: Loss: 0.6646, train_score: {'accuracy': 0.8396, 'balanced_accuracy': 0.7959812361616188, 'f1_macro': 0.8096781535630759, 'f1_micro': 0.8396, 'f1_weighted': 0.8371396682341549, 'precision_macro': 0.8286572236826103, 'precision_micro': 0.8396, 'precision_weighted': 0.8386793686836208, 'recall_macro': 0.7959812361616188, 'recall_micro': 0.8396, 'recall_weighted': 0.8396}
Validation statistic: Loss: 0.4085, dev_score: {'accuracy': 0.8954085861097298, 'balanced_accuracy': 0.8930290589984754, 'f1_macro': 0.8934841320609659, 'f1_micro': 0.8954085861097298, 'f1_weighted': 0.8953129760626577, 'precision_macro': 0.8955009553380915, 'precision_micro': 0.8954085861097298, 'precision_weighted': 0.8966942815908983, 'recall_macro': 0.8930290589984754, 'recall_micro': 0.8954085861097298, 'recall_weighted': 0.8954085861097298}
Saving model...
Model saved!
-------------------------------------------
-----------------------
Epoch 37/100
Training statistic: Loss: 0.6535, train_score: {'accuracy': 0.83969, 'balanced_accuracy': 0.7931040996877147, 'f1_macro': 0.8097913890904523, 'f1_micro': 0.83969, 'f1_weighted': 0.8369099879896182, 'precision_macro': 0.8324740540582068, 'precision_micro': 0.83969, 'precision_weighted': 0.8391005620244208, 'recall_macro': 0.7931040996877147, 'recall_micro': 0.83969, 'recall_weighted': 0.83969}
Validation statistic: Loss: 0.4097, dev_score: {'accuracy': 0.8914304657715896, 'balanced_accuracy': 0.8889420940308081, 'f1_macro': 0.8896545566246811, 'f1_micro': 0.8914304657715896, 'f1_weighted': 0.8914615149659799, 'precision_macro': 0.892906473573787, 'precision_micro': 0.8914304657715896, 'precision_weighted': 0.893891426666953, 'recall_macro': 0.8889420940308081, 'recall_micro': 0.8914304657715896, 'recall_weighted': 0.8914304657715896}
-----------------------
Epoch 38/100
Training statistic: Loss: 0.6534, train_score: {'accuracy': 0.84138, 'balanced_accuracy': 0.7958831637118132, 'f1_macro': 0.8126275263333034, 'f1_micro': 0.84138, 'f1_weighted': 0.8391322772535004, 'precision_macro': 0.833401219513709, 'precision_micro': 0.84138, 'precision_weighted': 0.8403609987635415, 'recall_macro': 0.7958831637118132, 'recall_micro': 0.84138, 'recall_weighted': 0.84138}
Validation statistic: Loss: 0.4109, dev_score: {'accuracy': 0.892756505884303, 'balanced_accuracy': 0.8904829345363806, 'f1_macro': 0.8910092480026808, 'f1_micro': 0.892756505884303, 'f1_weighted': 0.8927673033835547, 'precision_macro': 0.8937355195194122, 'precision_micro': 0.892756505884303, 'precision_weighted': 0.8948702071994595, 'recall_macro': 0.8904829345363806, 'recall_micro': 0.892756505884303, 'recall_weighted': 0.892756505884303}
-----------------------
Epoch 39/100
Training statistic: Loss: 0.6523, train_score: {'accuracy': 0.84137, 'balanced_accuracy': 0.7958224931286876, 'f1_macro': 0.8118126640237813, 'f1_micro': 0.84137, 'f1_weighted': 0.8388934847717092, 'precision_macro': 0.8333512650100783, 'precision_micro': 0.84137, 'precision_weighted': 0.8408029591335296, 'recall_macro': 0.7958224931286876, 'recall_micro': 0.84137, 'recall_weighted': 0.84137}
Validation statistic: Loss: 0.4091, dev_score: {'accuracy': 0.8934195259406597, 'balanced_accuracy': 0.8910759387987609, 'f1_macro': 0.8915506746026874, 'f1_micro': 0.8934195259406597, 'f1_weighted': 0.8933361208009872, 'precision_macro': 0.8938090679594277, 'precision_micro': 0.8934195259406597, 'precision_weighted': 0.8949461940667199, 'recall_macro': 0.8910759387987609, 'recall_micro': 0.8934195259406597, 'recall_weighted': 0.8934195259406597}
-----------------------
Epoch 40/100
Training statistic: Loss: 0.6479, train_score: {'accuracy': 0.84368, 'balanced_accuracy': 0.7987389579122504, 'f1_macro': 0.8143923200315527, 'f1_micro': 0.84368, 'f1_weighted': 0.8412944808689417, 'precision_macro': 0.8351263595984502, 'precision_micro': 0.84368, 'precision_weighted': 0.8427739662384005, 'recall_macro': 0.7987389579122504, 'recall_micro': 0.84368, 'recall_weighted': 0.84368}
Validation statistic: Loss: 0.4037, dev_score: {'accuracy': 0.8954085861097298, 'balanced_accuracy': 0.8930718287099608, 'f1_macro': 0.8935662624144494, 'f1_micro': 0.8954085861097298, 'f1_weighted': 0.895406360927211, 'precision_macro': 0.895928499195143, 'precision_micro': 0.8954085861097298, 'precision_weighted': 0.8971839047596841, 'recall_macro': 0.8930718287099608, 'recall_micro': 0.8954085861097298, 'recall_weighted': 0.8954085861097298}
Saving model...
Model saved!
-------------------------------------------
-----------------------
Epoch 41/100
Training statistic: Loss: 0.6508, train_score: {'accuracy': 0.84225, 'balanced_accuracy': 0.7970539153465322, 'f1_macro': 0.812453097670001, 'f1_micro': 0.84225, 'f1_weighted': 0.8398254517788207, 'precision_macro': 0.8336509755599041, 'precision_micro': 0.84225, 'precision_weighted': 0.8415170770532016, 'recall_macro': 0.7970539153465322, 'recall_micro': 0.84225, 'recall_weighted': 0.84225}
Validation statistic: Loss: 0.4033, dev_score: {'accuracy': 0.8967346262224433, 'balanced_accuracy': 0.8945964638370267, 'f1_macro': 0.8949262226257739, 'f1_micro': 0.8967346262224433, 'f1_weighted': 0.8966776398707438, 'precision_macro': 0.8966766725109873, 'precision_micro': 0.8967346262224433, 'precision_weighted': 0.897980514425836, 'recall_macro': 0.8945964638370267, 'recall_micro': 0.8967346262224433, 'recall_weighted': 0.8967346262224433}
Saving model...
Model saved!
-------------------------------------------
-----------------------
Epoch 42/100
Training statistic: Loss: 0.6506, train_score: {'accuracy': 0.84092, 'balanced_accuracy': 0.7938440084495891, 'f1_macro': 0.812039573834681, 'f1_micro': 0.84092, 'f1_weighted': 0.8384976887036928, 'precision_macro': 0.8361097277502564, 'precision_micro': 0.84092, 'precision_weighted': 0.8406708851632314, 'recall_macro': 0.7938440084495891, 'recall_micro': 0.84092, 'recall_weighted': 0.84092}
Validation statistic: Loss: 0.4036, dev_score: {'accuracy': 0.8959058511519974, 'balanced_accuracy': 0.893715552177688, 'f1_macro': 0.8941148536935705, 'f1_micro': 0.8959058511519974, 'f1_weighted': 0.895805480863987, 'precision_macro': 0.8961654844701956, 'precision_micro': 0.8959058511519974, 'precision_weighted': 0.8972858099375127, 'recall_macro': 0.893715552177688, 'recall_micro': 0.8959058511519974, 'recall_weighted': 0.8959058511519974}
-----------------------
Epoch 43/100
Training statistic: Loss: 0.6420, train_score: {'accuracy': 0.84377, 'balanced_accuracy': 0.8018789943572695, 'f1_macro': 0.8152112012679803, 'f1_micro': 0.84377, 'f1_weighted': 0.8413355328661941, 'precision_macro': 0.833342102184089, 'precision_micro': 0.84377, 'precision_weighted': 0.8429696157914401, 'recall_macro': 0.8018789943572695, 'recall_micro': 0.84377, 'recall_weighted': 0.84377}
Validation statistic: Loss: 0.3952, dev_score: {'accuracy': 0.896568871208354, 'balanced_accuracy': 0.8942924310191829, 'f1_macro': 0.894686439761581, 'f1_micro': 0.896568871208354, 'f1_weighted': 0.8964091140001532, 'precision_macro': 0.8967832352279512, 'precision_micro': 0.896568871208354, 'precision_weighted': 0.8978483153471764, 'recall_macro': 0.8942924310191829, 'recall_micro': 0.896568871208354, 'recall_weighted': 0.896568871208354}
Saving model...
Model saved!
-------------------------------------------
-----------------------
Epoch 44/100
Training statistic: Loss: 0.6464, train_score: {'accuracy': 0.84469, 'balanced_accuracy': 0.8003015022122097, 'f1_macro': 0.8157929544746285, 'f1_micro': 0.84469, 'f1_weighted': 0.8424752832243939, 'precision_macro': 0.835800896763082, 'precision_micro': 0.84469, 'precision_weighted': 0.8436592905234414, 'recall_macro': 0.8003015022122097, 'recall_micro': 0.84469, 'recall_weighted': 0.84469}
Validation statistic: Loss: 0.3999, dev_score: {'accuracy': 0.8969003812365324, 'balanced_accuracy': 0.8946126678984937, 'f1_macro': 0.8950069084783999, 'f1_micro': 0.8969003812365324, 'f1_weighted': 0.8968073737620488, 'precision_macro': 0.8966584662916309, 'precision_micro': 0.8969003812365324, 'precision_weighted': 0.8979303136309048, 'recall_macro': 0.8946126678984937, 'recall_micro': 0.8969003812365324, 'recall_weighted': 0.8969003812365324}
-----------------------
Epoch 45/100
Training statistic: Loss: 0.6413, train_score: {'accuracy': 0.84398, 'balanced_accuracy': 0.7993393601516954, 'f1_macro': 0.8146026115190749, 'f1_micro': 0.84398, 'f1_weighted': 0.8416383272101484, 'precision_macro': 0.8345641066968662, 'precision_micro': 0.84398, 'precision_weighted': 0.8428851389074785, 'recall_macro': 0.7993393601516954, 'recall_micro': 0.84398, 'recall_weighted': 0.84398}
Validation statistic: Loss: 0.3972, dev_score: {'accuracy': 0.8967346262224433, 'balanced_accuracy': 0.8942362998298767, 'f1_macro': 0.894978401840482, 'f1_micro': 0.8967346262224433, 'f1_weighted': 0.8966583413890015, 'precision_macro': 0.8971915376831211, 'precision_micro': 0.8967346262224433, 'precision_weighted': 0.8979941315334778, 'recall_macro': 0.8942362998298767, 'recall_micro': 0.8967346262224433, 'recall_weighted': 0.8967346262224433}
-----------------------
Epoch 46/100
Training statistic: Loss: 0.6452, train_score: {'accuracy': 0.84556, 'balanced_accuracy': 0.8003840709415609, 'f1_macro': 0.8172253134108969, 'f1_micro': 0.84556, 'f1_weighted': 0.8434628203910691, 'precision_macro': 0.8382332372125593, 'precision_micro': 0.84556, 'precision_weighted': 0.844725971629801, 'recall_macro': 0.8003840709415609, 'recall_micro': 0.84556, 'recall_weighted': 0.84556}
Validation statistic: Loss: 0.4020, dev_score: {'accuracy': 0.8949113210674623, 'balanced_accuracy': 0.8926045782521703, 'f1_macro': 0.89326244180904, 'f1_micro': 0.8949113210674623, 'f1_weighted': 0.8949684408945423, 'precision_macro': 0.8957707292235055, 'precision_micro': 0.8949113210674623, 'precision_weighted': 0.8967890807737235, 'recall_macro': 0.8926045782521703, 'recall_micro': 0.8949113210674623, 'recall_weighted': 0.8949113210674623}
-----------------------
Epoch 47/100
Training statistic: Loss: 0.6367, train_score: {'accuracy': 0.84514, 'balanced_accuracy': 0.7993628495722904, 'f1_macro': 0.8168953244793112, 'f1_micro': 0.84514, 'f1_weighted': 0.8426507819112975, 'precision_macro': 0.8401135847926963, 'precision_micro': 0.84514, 'precision_weighted': 0.8445855007751296, 'recall_macro': 0.7993628495722904, 'recall_micro': 0.84514, 'recall_weighted': 0.84514}
Validation statistic: Loss: 0.3971, dev_score: {'accuracy': 0.8957400961379082, 'balanced_accuracy': 0.8936134232872558, 'f1_macro': 0.8940580680138522, 'f1_micro': 0.8957400961379082, 'f1_weighted': 0.8957243962356314, 'precision_macro': 0.8959935725928305, 'precision_micro': 0.8957400961379082, 'precision_weighted': 0.8971262306085617, 'recall_macro': 0.8936134232872558, 'recall_micro': 0.8957400961379082, 'recall_weighted': 0.8957400961379082}
-----------------------
Epoch 48/100
Training statistic: Loss: 0.6415, train_score: {'accuracy': 0.84769, 'balanced_accuracy': 0.804242915980726, 'f1_macro': 0.8198081249413823, 'f1_micro': 0.84769, 'f1_weighted': 0.8454721149786705, 'precision_macro': 0.8400188344638062, 'precision_micro': 0.84769, 'precision_weighted': 0.8470899992005267, 'recall_macro': 0.804242915980726, 'recall_micro': 0.84769, 'recall_weighted': 0.84769}
Validation statistic: Loss: 0.3978, dev_score: {'accuracy': 0.8972318912647108, 'balanced_accuracy': 0.8949947749891324, 'f1_macro': 0.8955520462399296, 'f1_micro': 0.8972318912647108, 'f1_weighted': 0.8972762700913723, 'precision_macro': 0.897926915877982, 'precision_micro': 0.8972318912647108, 'precision_weighted': 0.8990459440709888, 'recall_macro': 0.8949947749891324, 'recall_micro': 0.8972318912647108, 'recall_weighted': 0.8972318912647108}
-----------------------
Epoch 49/100
Training statistic: Loss: 0.6395, train_score: {'accuracy': 0.84663, 'balanced_accuracy': 0.8007973004008481, 'f1_macro': 0.8174135497944439, 'f1_micro': 0.84663, 'f1_weighted': 0.8442963427804487, 'precision_macro': 0.8395382014495059, 'precision_micro': 0.84663, 'precision_weighted': 0.8459495950671941, 'recall_macro': 0.8007973004008481, 'recall_micro': 0.84663, 'recall_weighted': 0.84663}
Validation statistic: Loss: 0.4002, dev_score: {'accuracy': 0.8964031161942648, 'balanced_accuracy': 0.8939755268223575, 'f1_macro': 0.8945351989170358, 'f1_micro': 0.8964031161942648, 'f1_weighted': 0.89634372744434, 'precision_macro': 0.8970076443502553, 'precision_micro': 0.8964031161942648, 'precision_weighted': 0.8981142309128821, 'recall_macro': 0.8939755268223575, 'recall_micro': 0.8964031161942648, 'recall_weighted': 0.8964031161942648}
-----------------------
Epoch 50/100
Training statistic: Loss: 0.6361, train_score: {'accuracy': 0.84796, 'balanced_accuracy': 0.8038903972370394, 'f1_macro': 0.8191962736818414, 'f1_micro': 0.84796, 'f1_weighted': 0.8458421459542883, 'precision_macro': 0.839941048032437, 'precision_micro': 0.84796, 'precision_weighted': 0.8471943407621533, 'recall_macro': 0.8038903972370394, 'recall_micro': 0.84796, 'recall_weighted': 0.84796}
Validation statistic: Loss: 0.3920, dev_score: {'accuracy': 0.8997182164760484, 'balanced_accuracy': 0.8975906332160795, 'f1_macro': 0.8980708919732192, 'f1_micro': 0.8997182164760484, 'f1_weighted': 0.8997137548957926, 'precision_macro': 0.8999257780391214, 'precision_micro': 0.8997182164760484, 'precision_weighted': 0.9010335530393221, 'recall_macro': 0.8975906332160795, 'recall_micro': 0.8997182164760484, 'recall_weighted': 0.8997182164760484}
Saving model...
Model saved!
-------------------------------------------
-----------------------
Epoch 51/100
Training statistic: Loss: 0.6372, train_score: {'accuracy': 0.84868, 'balanced_accuracy': 0.8068329849094724, 'f1_macro': 0.8213524244805294, 'f1_micro': 0.84868, 'f1_weighted': 0.8465513532830206, 'precision_macro': 0.840411195550324, 'precision_micro': 0.84868, 'precision_weighted': 0.8480891225168408, 'recall_macro': 0.8068329849094724, 'recall_micro': 0.84868, 'recall_weighted': 0.84868}
Validation statistic: Loss: 0.3926, dev_score: {'accuracy': 0.898392176363335, 'balanced_accuracy': 0.8961627813597952, 'f1_macro': 0.8964967593003559, 'f1_micro': 0.898392176363335, 'f1_weighted': 0.8982899214580302, 'precision_macro': 0.8982329771946281, 'precision_micro': 0.898392176363335, 'precision_weighted': 0.8995087578284727, 'recall_macro': 0.8961627813597952, 'recall_micro': 0.898392176363335, 'recall_weighted': 0.898392176363335}
-----------------------
Epoch 52/100
Training statistic: Loss: 0.6345, train_score: {'accuracy': 0.85249, 'balanced_accuracy': 0.8129649954449715, 'f1_macro': 0.8253783742611633, 'f1_micro': 0.85249, 'f1_weighted': 0.85086886454345, 'precision_macro': 0.8406904757429878, 'precision_micro': 0.85249, 'precision_weighted': 0.8514727469130525, 'recall_macro': 0.8129649954449715, 'recall_micro': 0.85249, 'recall_weighted': 0.85249}
Validation statistic: Loss: 0.3920, dev_score: {'accuracy': 0.8992209514337809, 'balanced_accuracy': 0.8971798001776656, 'f1_macro': 0.8974460623583578, 'f1_micro': 0.8992209514337809, 'f1_weighted': 0.8991425613234927, 'precision_macro': 0.899068320130672, 'precision_micro': 0.8992209514337809, 'precision_weighted': 0.900366826715427, 'recall_macro': 0.8971798001776656, 'recall_micro': 0.8992209514337809, 'recall_weighted': 0.8992209514337809}
Saving model...
Model saved!
-------------------------------------------
-----------------------
Epoch 53/100
Training statistic: Loss: 0.6331, train_score: {'accuracy': 0.85057, 'balanced_accuracy': 0.8091291688115085, 'f1_macro': 0.8240823323587986, 'f1_micro': 0.85057, 'f1_weighted': 0.8486024785544748, 'precision_macro': 0.8430956433761366, 'precision_micro': 0.85057, 'precision_weighted': 0.8499202722400737, 'recall_macro': 0.8091291688115085, 'recall_micro': 0.85057, 'recall_weighted': 0.85057}
Validation statistic: Loss: 0.3880, dev_score: {'accuracy': 0.9008785015746726, 'balanced_accuracy': 0.8988135833813553, 'f1_macro': 0.8991480973203346, 'f1_micro': 0.9008785015746726, 'f1_weighted': 0.9007706289735256, 'precision_macro': 0.9006736746374594, 'precision_micro': 0.9008785015746726, 'precision_weighted': 0.9017976579383494, 'recall_macro': 0.8988135833813553, 'recall_micro': 0.9008785015746726, 'recall_weighted': 0.9008785015746726}
Saving model...
Model saved!
-------------------------------------------
-----------------------
Epoch 54/100
Training statistic: Loss: 0.6344, train_score: {'accuracy': 0.84969, 'balanced_accuracy': 0.8073586018810384, 'f1_macro': 0.8225151213644194, 'f1_micro': 0.84969, 'f1_weighted': 0.8475432065116303, 'precision_macro': 0.8420310153466908, 'precision_micro': 0.84969, 'precision_weighted': 0.849001257120346, 'recall_macro': 0.8073586018810384, 'recall_micro': 0.84969, 'recall_weighted': 0.84969}
Validation statistic: Loss: 0.3910, dev_score: {'accuracy': 0.896568871208354, 'balanced_accuracy': 0.8943817447582099, 'f1_macro': 0.8949322961588484, 'f1_micro': 0.896568871208354, 'f1_weighted': 0.8965802412028137, 'precision_macro': 0.8971299126951553, 'precision_micro': 0.896568871208354, 'precision_weighted': 0.8981519650131354, 'recall_macro': 0.8943817447582099, 'recall_micro': 0.896568871208354, 'recall_weighted': 0.896568871208354}
-----------------------
Epoch 55/100
Training statistic: Loss: 0.6294, train_score: {'accuracy': 0.84937, 'balanced_accuracy': 0.8045691667542453, 'f1_macro': 0.8204848160812024, 'f1_micro': 0.84937, 'f1_weighted': 0.8466941420886281, 'precision_macro': 0.8433050893165461, 'precision_micro': 0.84937, 'precision_weighted': 0.8490181090655291, 'recall_macro': 0.8045691667542453, 'recall_micro': 0.84937, 'recall_weighted': 0.84937}
Validation statistic: Loss: 0.3919, dev_score: {'accuracy': 0.8977291563069782, 'balanced_accuracy': 0.8956535037248063, 'f1_macro': 0.8960133292656737, 'f1_micro': 0.8977291563069782, 'f1_weighted': 0.8976433579987334, 'precision_macro': 0.8980339761689017, 'precision_micro': 0.8977291563069782, 'precision_weighted': 0.899135412347453, 'recall_macro': 0.8956535037248063, 'recall_micro': 0.8977291563069782, 'recall_weighted': 0.8977291563069782}
-----------------------
Epoch 56/100
Training statistic: Loss: 0.6285, train_score: {'accuracy': 0.85018, 'balanced_accuracy': 0.8080698956176068, 'f1_macro': 0.8222868664350287, 'f1_micro': 0.85018, 'f1_weighted': 0.8479872368087523, 'precision_macro': 0.8416160940128539, 'precision_micro': 0.85018, 'precision_weighted': 0.849405684552503, 'recall_macro': 0.8080698956176068, 'recall_micro': 0.85018, 'recall_weighted': 0.85018}
Validation statistic: Loss: 0.3884, dev_score: {'accuracy': 0.8985579313774241, 'balanced_accuracy': 0.8964928345760452, 'f1_macro': 0.8967505263790123, 'f1_micro': 0.8985579313774241, 'f1_weighted': 0.8983824840242051, 'precision_macro': 0.8984116094590631, 'precision_micro': 0.8985579313774241, 'precision_weighted': 0.899544019064891, 'recall_macro': 0.8964928345760452, 'recall_micro': 0.8985579313774241, 'recall_weighted': 0.8985579313774241}
-----------------------
Epoch 57/100
Training statistic: Loss: 0.6314, train_score: {'accuracy': 0.85035, 'balanced_accuracy': 0.8070245663326643, 'f1_macro': 0.823216434980799, 'f1_micro': 0.85035, 'f1_weighted': 0.8481947412596785, 'precision_macro': 0.8443633020940065, 'precision_micro': 0.85035, 'precision_weighted': 0.849714511023762, 'recall_macro': 0.8070245663326643, 'recall_micro': 0.85035, 'recall_weighted': 0.85035}
Validation statistic: Loss: 0.3880, dev_score: {'accuracy': 0.8982264213492458, 'balanced_accuracy': 0.8960114308392694, 'f1_macro': 0.8964857021619765, 'f1_micro': 0.8982264213492458, 'f1_weighted': 0.8981346049306919, 'precision_macro': 0.8985197668036093, 'precision_micro': 0.8982264213492458, 'precision_weighted': 0.8995318657184609, 'recall_macro': 0.8960114308392694, 'recall_micro': 0.8982264213492458, 'recall_weighted': 0.8982264213492458}
-----------------------
Epoch 58/100
Training statistic: Loss: 0.6316, train_score: {'accuracy': 0.85032, 'balanced_accuracy': 0.8055079563687672, 'f1_macro': 0.8236199678910436, 'f1_micro': 0.85032, 'f1_weighted': 0.8479735841396375, 'precision_macro': 0.8476435959225419, 'precision_micro': 0.85032, 'precision_weighted': 0.8501447536047113, 'recall_macro': 0.8055079563687672, 'recall_micro': 0.85032, 'recall_weighted': 0.85032}
Validation statistic: Loss: 0.3911, dev_score: {'accuracy': 0.9003812365324051, 'balanced_accuracy': 0.8984533062373294, 'f1_macro': 0.8986758902173481, 'f1_micro': 0.9003812365324051, 'f1_weighted': 0.9003241955802664, 'precision_macro': 0.9003060502899112, 'precision_micro': 0.9003812365324051, 'precision_weighted': 0.9016028112062111, 'recall_macro': 0.8984533062373294, 'recall_micro': 0.9003812365324051, 'recall_weighted': 0.9003812365324051}
-----------------------
Epoch 59/100
Training statistic: Loss: 0.6299, train_score: {'accuracy': 0.85127, 'balanced_accuracy': 0.808999355963891, 'f1_macro': 0.8237979298467026, 'f1_micro': 0.85127, 'f1_weighted': 0.8493372497721274, 'precision_macro': 0.8429380712504276, 'precision_micro': 0.85127, 'precision_weighted': 0.8505767713677745, 'recall_macro': 0.808999355963891, 'recall_micro': 0.85127, 'recall_weighted': 0.85127}
Validation statistic: Loss: 0.3899, dev_score: {'accuracy': 0.8982264213492458, 'balanced_accuracy': 0.8958273529242193, 'f1_macro': 0.8964245376518484, 'f1_micro': 0.8982264213492458, 'f1_weighted': 0.8981950262260336, 'precision_macro': 0.8987753454436861, 'precision_micro': 0.8982264213492458, 'precision_weighted': 0.8998294186895676, 'recall_macro': 0.8958273529242193, 'recall_micro': 0.8982264213492458, 'recall_weighted': 0.8982264213492458}
-----------------------
Epoch 60/100
Training statistic: Loss: 0.6299, train_score: {'accuracy': 0.85007, 'balanced_accuracy': 0.8061613837852502, 'f1_macro': 0.8216899300407132, 'f1_micro': 0.85007, 'f1_weighted': 0.8475803400379592, 'precision_macro': 0.8440692502609071, 'precision_micro': 0.85007, 'precision_weighted': 0.8497696319810497, 'recall_macro': 0.8061613837852502, 'recall_micro': 0.85007, 'recall_weighted': 0.85007}
Validation statistic: Loss: 0.3899, dev_score: {'accuracy': 0.8995524614619592, 'balanced_accuracy': 0.8973788821737742, 'f1_macro': 0.8977708853671011, 'f1_micro': 0.8995524614619592, 'f1_weighted': 0.8994284230714404, 'precision_macro': 0.8995253387505582, 'precision_micro': 0.8995524614619592, 'precision_weighted': 0.9006035385743166, 'recall_macro': 0.8973788821737742, 'recall_micro': 0.8995524614619592, 'recall_weighted': 0.8995524614619592}
-----------------------
Epoch 61/100
Training statistic: Loss: 0.6313, train_score: {'accuracy': 0.85245, 'balanced_accuracy': 0.8118142736269574, 'f1_macro': 0.8247695404371076, 'f1_micro': 0.85245, 'f1_weighted': 0.8502917255755735, 'precision_macro': 0.843169999720657, 'precision_micro': 0.85245, 'precision_weighted': 0.8522536772045243, 'recall_macro': 0.8118142736269574, 'recall_micro': 0.85245, 'recall_weighted': 0.85245}
Validation statistic: Loss: 0.3919, dev_score: {'accuracy': 0.8985579313774241, 'balanced_accuracy': 0.8961841524602153, 'f1_macro': 0.8966988255914317, 'f1_micro': 0.8985579313774241, 'f1_weighted': 0.8984576604913351, 'precision_macro': 0.8989331009429765, 'precision_micro': 0.8985579313774241, 'precision_weighted': 0.8999963064467732, 'recall_macro': 0.8961841524602153, 'recall_micro': 0.8985579313774241, 'recall_weighted': 0.8985579313774241}
-----------------------
Epoch 62/100
Training statistic: Loss: 0.6251, train_score: {'accuracy': 0.85295, 'balanced_accuracy': 0.812009027890905, 'f1_macro': 0.8265783928222141, 'f1_micro': 0.85295, 'f1_weighted': 0.8510489906912279, 'precision_macro': 0.8447305539577534, 'precision_micro': 0.85295, 'precision_weighted': 0.8520919785717597, 'recall_macro': 0.812009027890905, 'recall_micro': 0.85295, 'recall_weighted': 0.85295}
Validation statistic: Loss: 0.3877, dev_score: {'accuracy': 0.8972318912647108, 'balanced_accuracy': 0.8950201348126535, 'f1_macro': 0.895567556951336, 'f1_micro': 0.8972318912647108, 'f1_weighted': 0.8972774958112235, 'precision_macro': 0.897807610152423, 'precision_micro': 0.8972318912647108, 'precision_weighted': 0.898936120887372, 'recall_macro': 0.8950201348126535, 'recall_micro': 0.8972318912647108, 'recall_weighted': 0.8972318912647108}
Saving model...
Model saved!
-------------------------------------------
-----------------------
Epoch 63/100
Training statistic: Loss: 0.6270, train_score: {'accuracy': 0.85304, 'balanced_accuracy': 0.8099973033038139, 'f1_macro': 0.8265229345160193, 'f1_micro': 0.85304, 'f1_weighted': 0.8509439812838419, 'precision_macro': 0.8486544031310898, 'precision_micro': 0.85304, 'precision_weighted': 0.853359840880103, 'recall_macro': 0.8099973033038139, 'recall_micro': 0.85304, 'recall_weighted': 0.85304}
Validation statistic: Loss: 0.3871, dev_score: {'accuracy': 0.8982264213492458, 'balanced_accuracy': 0.8960694151479703, 'f1_macro': 0.8965468937152311, 'f1_micro': 0.8982264213492458, 'f1_weighted': 0.8982623461873709, 'precision_macro': 0.8986162159894988, 'precision_micro': 0.8982264213492458, 'precision_weighted': 0.8998058274819156, 'recall_macro': 0.8960694151479703, 'recall_micro': 0.8982264213492458, 'recall_weighted': 0.8982264213492458}
Saving model...
Model saved!
-------------------------------------------
-----------------------
Epoch 64/100
Training statistic: Loss: 0.6258, train_score: {'accuracy': 0.85307, 'balanced_accuracy': 0.8083574262661489, 'f1_macro': 0.8256225499963712, 'f1_micro': 0.85307, 'f1_weighted': 0.850654020288697, 'precision_macro': 0.8500025414792989, 'precision_micro': 0.85307, 'precision_weighted': 0.8530403116440367, 'recall_macro': 0.8083574262661489, 'recall_micro': 0.85307, 'recall_weighted': 0.85307}
Validation statistic: Loss: 0.3884, dev_score: {'accuracy': 0.8969003812365324, 'balanced_accuracy': 0.8946191053023164, 'f1_macro': 0.8950865061120629, 'f1_micro': 0.8969003812365324, 'f1_weighted': 0.8968285273144279, 'precision_macro': 0.897322490985348, 'precision_micro': 0.8969003812365324, 'precision_weighted': 0.8984354947595984, 'recall_macro': 0.8946191053023164, 'recall_micro': 0.8969003812365324, 'recall_weighted': 0.8969003812365324}
-----------------------
Epoch 65/100
Training statistic: Loss: 0.6216, train_score: {'accuracy': 0.85277, 'balanced_accuracy': 0.8088034679338145, 'f1_macro': 0.8250860516080248, 'f1_micro': 0.85277, 'f1_weighted': 0.850495020446356, 'precision_macro': 0.8470264264076125, 'precision_micro': 0.85277, 'precision_weighted': 0.852407613694596, 'recall_macro': 0.8088034679338145, 'recall_micro': 0.85277, 'recall_weighted': 0.85277}
Validation statistic: Loss: 0.3850, dev_score: {'accuracy': 0.8990551964196917, 'balanced_accuracy': 0.89687999163619, 'f1_macro': 0.8973716924428097, 'f1_micro': 0.8990551964196917, 'f1_weighted': 0.89899781078406, 'precision_macro': 0.899253388734448, 'precision_micro': 0.8990551964196917, 'precision_weighted': 0.900261413892277, 'recall_macro': 0.89687999163619, 'recall_micro': 0.8990551964196917, 'recall_weighted': 0.8990551964196917}
Saving model...
Model saved!
-------------------------------------------
-----------------------
Epoch 66/100
Training statistic: Loss: 0.6239, train_score: {'accuracy': 0.85634, 'balanced_accuracy': 0.8166866447660548, 'f1_macro': 0.8302289435945596, 'f1_micro': 0.85634, 'f1_weighted': 0.8544224211806112, 'precision_macro': 0.8475612868113218, 'precision_micro': 0.85634, 'precision_weighted': 0.8554004658668981, 'recall_macro': 0.8166866447660548, 'recall_micro': 0.85634, 'recall_weighted': 0.85634}
Validation statistic: Loss: 0.3875, dev_score: {'accuracy': 0.8992209514337809, 'balanced_accuracy': 0.8971477121315689, 'f1_macro': 0.8974583509131143, 'f1_micro': 0.8992209514337809, 'f1_weighted': 0.8990919481588691, 'precision_macro': 0.8992174246624138, 'precision_micro': 0.8992209514337809, 'precision_weighted': 0.9003381751264568, 'recall_macro': 0.8971477121315689, 'recall_micro': 0.8992209514337809, 'recall_weighted': 0.8992209514337809}
-----------------------
Epoch 67/100
Training statistic: Loss: 0.6253, train_score: {'accuracy': 0.85617, 'balanced_accuracy': 0.8176391120813461, 'f1_macro': 0.8308004459288518, 'f1_micro': 0.85617, 'f1_weighted': 0.8543836577320989, 'precision_macro': 0.8478126472014973, 'precision_micro': 0.85617, 'precision_weighted': 0.8556217777383769, 'recall_macro': 0.8176391120813461, 'recall_micro': 0.85617, 'recall_weighted': 0.85617}
Validation statistic: Loss: 0.3829, dev_score: {'accuracy': 0.8987236863915133, 'balanced_accuracy': 0.896662652436605, 'f1_macro': 0.8969952630478293, 'f1_micro': 0.8987236863915133, 'f1_weighted': 0.8986654790009023, 'precision_macro': 0.8987146910668861, 'precision_micro': 0.8987236863915133, 'precision_weighted': 0.8999240252927552, 'recall_macro': 0.896662652436605, 'recall_micro': 0.8987236863915133, 'recall_weighted': 0.8987236863915133}
Saving model...
Model saved!
-------------------------------------------
-----------------------
Epoch 68/100
Training statistic: Loss: 0.6186, train_score: {'accuracy': 0.85432, 'balanced_accuracy': 0.8117148701082402, 'f1_macro': 0.8283860757081826, 'f1_micro': 0.85432, 'f1_weighted': 0.8521358413903442, 'precision_macro': 0.8498445065506246, 'precision_micro': 0.85432, 'precision_weighted': 0.8540842858125038, 'recall_macro': 0.8117148701082402, 'recall_micro': 0.85432, 'recall_weighted': 0.85432}
Validation statistic: Loss: 0.3819, dev_score: {'accuracy': 0.898392176363335, 'balanced_accuracy': 0.8963555280707673, 'f1_macro': 0.896747010327157, 'f1_micro': 0.898392176363335, 'f1_weighted': 0.898397652306005, 'precision_macro': 0.8986382948199383, 'precision_micro': 0.898392176363335, 'precision_weighted': 0.8998284513271434, 'recall_macro': 0.8963555280707673, 'recall_micro': 0.898392176363335, 'recall_weighted': 0.898392176363335}
Saving model...
Model saved!
-------------------------------------------
-----------------------
Epoch 69/100
Training statistic: Loss: 0.6169, train_score: {'accuracy': 0.85796, 'balanced_accuracy': 0.8215746229990424, 'f1_macro': 0.833548746846251, 'f1_micro': 0.85796, 'f1_weighted': 0.8564242285531256, 'precision_macro': 0.8483092452677148, 'precision_micro': 0.85796, 'precision_weighted': 0.857430558932234, 'recall_macro': 0.8215746229990424, 'recall_micro': 0.85796, 'recall_weighted': 0.85796}
Validation statistic: Loss: 0.3774, dev_score: {'accuracy': 0.9007127465605834, 'balanced_accuracy': 0.8986607879812671, 'f1_macro': 0.8992736635639833, 'f1_micro': 0.9007127465605834, 'f1_weighted': 0.9008074262976093, 'precision_macro': 0.901299285003204, 'precision_micro': 0.9007127465605834, 'precision_weighted': 0.9022501800992027, 'recall_macro': 0.8986607879812671, 'recall_micro': 0.9007127465605834, 'recall_weighted': 0.9007127465605834}
Saving model...
Model saved!
-------------------------------------------
-----------------------
Epoch 70/100
Training statistic: Loss: 0.6159, train_score: {'accuracy': 0.8558, 'balanced_accuracy': 0.8135046948712462, 'f1_macro': 0.8290774650012354, 'f1_micro': 0.8558, 'f1_weighted': 0.8534780673740464, 'precision_macro': 0.8508095933283947, 'precision_micro': 0.8558, 'precision_weighted': 0.8556252193091677, 'recall_macro': 0.8135046948712462, 'recall_micro': 0.8558, 'recall_weighted': 0.8558}
Validation statistic: Loss: 0.3828, dev_score: {'accuracy': 0.8977291563069782, 'balanced_accuracy': 0.8957528559051651, 'f1_macro': 0.895940215553636, 'f1_micro': 0.8977291563069782, 'f1_weighted': 0.897612683425885, 'precision_macro': 0.8979448537856888, 'precision_micro': 0.8977291563069782, 'precision_weighted': 0.8992116386899874, 'recall_macro': 0.8957528559051651, 'recall_micro': 0.8977291563069782, 'recall_weighted': 0.8977291563069782}
-----------------------
Epoch 71/100
Training statistic: Loss: 0.6178, train_score: {'accuracy': 0.85729, 'balanced_accuracy': 0.8173139175137731, 'f1_macro': 0.8314393694764319, 'f1_micro': 0.85729, 'f1_weighted': 0.8551674296364313, 'precision_macro': 0.8503879961575136, 'precision_micro': 0.85729, 'precision_weighted': 0.856806857999827, 'recall_macro': 0.8173139175137731, 'recall_micro': 0.85729, 'recall_weighted': 0.85729}
Validation statistic: Loss: 0.3814, dev_score: {'accuracy': 0.901210011602851, 'balanced_accuracy': 0.8992902504098902, 'f1_macro': 0.8996351659546153, 'f1_micro': 0.901210011602851, 'f1_weighted': 0.9010740495038643, 'precision_macro': 0.9015058275520499, 'precision_micro': 0.901210011602851, 'precision_weighted': 0.9023983278127741, 'recall_macro': 0.8992902504098902, 'recall_micro': 0.901210011602851, 'recall_weighted': 0.901210011602851}
-----------------------
Epoch 72/100
Training statistic: Loss: 0.6150, train_score: {'accuracy': 0.85654, 'balanced_accuracy': 0.8152692469365441, 'f1_macro': 0.8309220057868687, 'f1_micro': 0.85654, 'f1_weighted': 0.8547363298376293, 'precision_macro': 0.8509615755184508, 'precision_micro': 0.85654, 'precision_weighted': 0.8562324728802527, 'recall_macro': 0.8152692469365441, 'recall_micro': 0.85654, 'recall_weighted': 0.85654}
Validation statistic: Loss: 0.3817, dev_score: {'accuracy': 0.8997182164760484, 'balanced_accuracy': 0.8977032184784581, 'f1_macro': 0.8981702053078614, 'f1_micro': 0.8997182164760484, 'f1_weighted': 0.8996975946932396, 'precision_macro': 0.8999929088351515, 'precision_micro': 0.8997182164760484, 'precision_weighted': 0.9009777903641266, 'recall_macro': 0.8977032184784581, 'recall_micro': 0.8997182164760484, 'recall_weighted': 0.8997182164760484}
-----------------------
Epoch 73/100
Training statistic: Loss: 0.6134, train_score: {'accuracy': 0.85954, 'balanced_accuracy': 0.8207159279411627, 'f1_macro': 0.8345849303277818, 'f1_micro': 0.85954, 'f1_weighted': 0.857605439954425, 'precision_macro': 0.8530154266384562, 'precision_micro': 0.85954, 'precision_weighted': 0.8591917954718375, 'recall_macro': 0.8207159279411627, 'recall_micro': 0.85954, 'recall_weighted': 0.85954}
Validation statistic: Loss: 0.3782, dev_score: {'accuracy': 0.9002154815183159, 'balanced_accuracy': 0.8980183490203117, 'f1_macro': 0.8986439399565589, 'f1_micro': 0.9002154815183159, 'f1_weighted': 0.9001801500944681, 'precision_macro': 0.9006862083229837, 'precision_micro': 0.9002154815183159, 'precision_weighted': 0.9014955329501978, 'recall_macro': 0.8980183490203117, 'recall_micro': 0.9002154815183159, 'recall_weighted': 0.9002154815183159}
-----------------------
Epoch 74/100
Training statistic: Loss: 0.6230, train_score: {'accuracy': 0.85747, 'balanced_accuracy': 0.8183368418284486, 'f1_macro': 0.8311466895617483, 'f1_micro': 0.85747, 'f1_weighted': 0.8553795397029046, 'precision_macro': 0.8494157727932705, 'precision_micro': 0.85747, 'precision_weighted': 0.857047964292837, 'recall_macro': 0.8183368418284486, 'recall_micro': 0.85747, 'recall_weighted': 0.85747}
Validation statistic: Loss: 0.3828, dev_score: {'accuracy': 0.9015415216310293, 'balanced_accuracy': 0.8993753800712933, 'f1_macro': 0.8998247271107299, 'f1_micro': 0.9015415216310293, 'f1_weighted': 0.9013782550324413, 'precision_macro': 0.9015750701754557, 'precision_micro': 0.9015415216310293, 'precision_weighted': 0.9024466079010397, 'recall_macro': 0.8993753800712933, 'recall_micro': 0.9015415216310293, 'recall_weighted': 0.9015415216310293}
-----------------------
Epoch 75/100
Training statistic: Loss: 0.6156, train_score: {'accuracy': 0.85816, 'balanced_accuracy': 0.8171399538189039, 'f1_macro': 0.83249687037754, 'f1_micro': 0.85816, 'f1_weighted': 0.8561896898259084, 'precision_macro': 0.8527136556321542, 'precision_micro': 0.85816, 'precision_weighted': 0.8577072062940316, 'recall_macro': 0.8171399538189039, 'recall_micro': 0.85816, 'recall_weighted': 0.85816}
Validation statistic: Loss: 0.3797, dev_score: {'accuracy': 0.9000497265042268, 'balanced_accuracy': 0.8979703250392304, 'f1_macro': 0.8983651653998163, 'f1_micro': 0.9000497265042268, 'f1_weighted': 0.8999574179305445, 'precision_macro': 0.9000744714503071, 'precision_micro': 0.9000497265042268, 'precision_weighted': 0.9011161992080555, 'recall_macro': 0.8979703250392304, 'recall_micro': 0.9000497265042268, 'recall_weighted': 0.9000497265042268}
-----------------------
Epoch 76/100
Training statistic: Loss: 0.6192, train_score: {'accuracy': 0.85795, 'balanced_accuracy': 0.8178962893786647, 'f1_macro': 0.8321629121971172, 'f1_micro': 0.85795, 'f1_weighted': 0.8557856819633228, 'precision_macro': 0.8521167869083385, 'precision_micro': 0.85795, 'precision_weighted': 0.8579668495044799, 'recall_macro': 0.8178962893786647, 'recall_micro': 0.85795, 'recall_weighted': 0.85795}
Validation statistic: Loss: 0.3811, dev_score: {'accuracy': 0.8997182164760484, 'balanced_accuracy': 0.8977563274550384, 'f1_macro': 0.897938269287782, 'f1_micro': 0.8997182164760484, 'f1_weighted': 0.8996018965043069, 'precision_macro': 0.8995796035850159, 'precision_micro': 0.8997182164760484, 'precision_weighted': 0.900861605077241, 'recall_macro': 0.8977563274550384, 'recall_micro': 0.8997182164760484, 'recall_weighted': 0.8997182164760484}
-----------------------
Epoch 77/100
Training statistic: Loss: 0.6108, train_score: {'accuracy': 0.85968, 'balanced_accuracy': 0.8202156122322215, 'f1_macro': 0.8340698459324557, 'f1_micro': 0.85968, 'f1_weighted': 0.8577997912126455, 'precision_macro': 0.8523604724191669, 'precision_micro': 0.85968, 'precision_weighted': 0.8592137397031472, 'recall_macro': 0.8202156122322215, 'recall_micro': 0.85968, 'recall_weighted': 0.85968}
Validation statistic: Loss: 0.3791, dev_score: {'accuracy': 0.9007127465605834, 'balanced_accuracy': 0.8985770028089581, 'f1_macro': 0.8991045616074042, 'f1_micro': 0.9007127465605834, 'f1_weighted': 0.9007197257825713, 'precision_macro': 0.900961778994932, 'precision_micro': 0.9007127465605834, 'precision_weighted': 0.9019947303165242, 'recall_macro': 0.8985770028089581, 'recall_micro': 0.9007127465605834, 'recall_weighted': 0.9007127465605834}
-----------------------
Epoch 78/100
Training statistic: Loss: 0.6105, train_score: {'accuracy': 0.85827, 'balanced_accuracy': 0.8164678457809023, 'f1_macro': 0.8329940178258468, 'f1_micro': 0.85827, 'f1_weighted': 0.8560236161853055, 'precision_macro': 0.855191059743381, 'precision_micro': 0.85827, 'precision_weighted': 0.8583751984129245, 'recall_macro': 0.8164678457809023, 'recall_micro': 0.85827, 'recall_weighted': 0.85827}
Validation statistic: Loss: 0.3771, dev_score: {'accuracy': 0.9028675617437427, 'balanced_accuracy': 0.9008039085175771, 'f1_macro': 0.9013525630788675, 'f1_micro': 0.9028675617437427, 'f1_weighted': 0.9028399672394545, 'precision_macro': 0.9033805744641945, 'precision_micro': 0.9028675617437427, 'precision_weighted': 0.9042220213172332, 'recall_macro': 0.9008039085175771, 'recall_micro': 0.9028675617437427, 'recall_weighted': 0.9028675617437427}
Saving model...
Model saved!
-------------------------------------------
-----------------------
Epoch 79/100
Training statistic: Loss: 0.6128, train_score: {'accuracy': 0.86003, 'balanced_accuracy': 0.8194241733202388, 'f1_macro': 0.8339292581574558, 'f1_micro': 0.86003, 'f1_weighted': 0.8580320731008824, 'precision_macro': 0.8538410595096166, 'precision_micro': 0.86003, 'precision_weighted': 0.8596819759040973, 'recall_macro': 0.8194241733202388, 'recall_micro': 0.86003, 'recall_weighted': 0.86003}
Validation statistic: Loss: 0.3779, dev_score: {'accuracy': 0.9020387866732968, 'balanced_accuracy': 0.9000124322314654, 'f1_macro': 0.9003923958087443, 'f1_micro': 0.9020387866732968, 'f1_weighted': 0.9019242128951326, 'precision_macro': 0.9020834601810099, 'precision_micro': 0.9020387866732968, 'precision_weighted': 0.903064364156439, 'recall_macro': 0.9000124322314654, 'recall_micro': 0.9020387866732968, 'recall_weighted': 0.9020387866732968}
-----------------------
Epoch 80/100
Training statistic: Loss: 0.6131, train_score: {'accuracy': 0.86085, 'balanced_accuracy': 0.8212672635005221, 'f1_macro': 0.8357443311641308, 'f1_micro': 0.86085, 'f1_weighted': 0.8590389817595308, 'precision_macro': 0.8547207701756723, 'precision_micro': 0.86085, 'precision_weighted': 0.8604789116656201, 'recall_macro': 0.8212672635005221, 'recall_micro': 0.86085, 'recall_weighted': 0.86085}
Validation statistic: Loss: 0.3765, dev_score: {'accuracy': 0.9020387866732968, 'balanced_accuracy': 0.9001668936809409, 'f1_macro': 0.9005487609642806, 'f1_micro': 0.9020387866732968, 'f1_weighted': 0.9020146509640259, 'precision_macro': 0.901954253731662, 'precision_micro': 0.9020387866732968, 'precision_weighted': 0.9029622762900608, 'recall_macro': 0.9001668936809409, 'recall_micro': 0.9020387866732968, 'recall_weighted': 0.9020387866732968}
Saving model...
Model saved!
-------------------------------------------
-----------------------
Epoch 81/100
Training statistic: Loss: 0.6096, train_score: {'accuracy': 0.86154, 'balanced_accuracy': 0.825742606940033, 'f1_macro': 0.8374702524618904, 'f1_micro': 0.86154, 'f1_weighted': 0.8596613328794528, 'precision_macro': 0.8539818171057704, 'precision_micro': 0.86154, 'precision_weighted': 0.861678922921547, 'recall_macro': 0.825742606940033, 'recall_micro': 0.86154, 'recall_weighted': 0.86154}
Validation statistic: Loss: 0.3744, dev_score: {'accuracy': 0.9015415216310293, 'balanced_accuracy': 0.8996340623762018, 'f1_macro': 0.8999507770634365, 'f1_micro': 0.9015415216310293, 'f1_weighted': 0.901417684664352, 'precision_macro': 0.9019836787969927, 'precision_micro': 0.9015415216310293, 'precision_weighted': 0.9029105572638274, 'recall_macro': 0.8996340623762018, 'recall_micro': 0.9015415216310293, 'recall_weighted': 0.9015415216310293}
Saving model...
Model saved!
-------------------------------------------
-----------------------
Epoch 82/100
Training statistic: Loss: 0.6149, train_score: {'accuracy': 0.85789, 'balanced_accuracy': 0.8136850140777735, 'f1_macro': 0.8313196896252141, 'f1_micro': 0.85789, 'f1_weighted': 0.8554593532157173, 'precision_macro': 0.8564217740745672, 'precision_micro': 0.85789, 'precision_weighted': 0.8579745453065232, 'recall_macro': 0.8136850140777735, 'recall_micro': 0.85789, 'recall_weighted': 0.85789}
Validation statistic: Loss: 0.3810, dev_score: {'accuracy': 0.9005469915464943, 'balanced_accuracy': 0.898503054296631, 'f1_macro': 0.8989089314456532, 'f1_micro': 0.9005469915464943, 'f1_weighted': 0.9004442528055527, 'precision_macro': 0.9006625591458259, 'precision_micro': 0.9005469915464943, 'precision_weighted': 0.9016334623993173, 'recall_macro': 0.898503054296631, 'recall_micro': 0.9005469915464943, 'recall_weighted': 0.9005469915464943}
-----------------------
Epoch 83/100
Training statistic: Loss: 0.6068, train_score: {'accuracy': 0.86124, 'balanced_accuracy': 0.8209803090779217, 'f1_macro': 0.835926817807976, 'f1_micro': 0.86124, 'f1_weighted': 0.8594092422500248, 'precision_macro': 0.8551810679178848, 'precision_micro': 0.86124, 'precision_weighted': 0.8606953745565281, 'recall_macro': 0.8209803090779217, 'recall_micro': 0.86124, 'recall_weighted': 0.86124}
Validation statistic: Loss: 0.3770, dev_score: {'accuracy': 0.9013757666169402, 'balanced_accuracy': 0.8994079099418745, 'f1_macro': 0.8998575161918841, 'f1_micro': 0.9013757666169402, 'f1_weighted': 0.9013147108786533, 'precision_macro': 0.9016917200662107, 'precision_micro': 0.9013757666169402, 'precision_weighted': 0.9025795013389221, 'recall_macro': 0.8994079099418745, 'recall_micro': 0.9013757666169402, 'recall_weighted': 0.9013757666169402}
-----------------------
Epoch 84/100
Training statistic: Loss: 0.6074, train_score: {'accuracy': 0.85902, 'balanced_accuracy': 0.8158798422525593, 'f1_macro': 0.8329334669651203, 'f1_micro': 0.85902, 'f1_weighted': 0.8566799392628452, 'precision_macro': 0.856575467873169, 'precision_micro': 0.85902, 'precision_weighted': 0.859175081433096, 'recall_macro': 0.8158798422525593, 'recall_micro': 0.85902, 'recall_weighted': 0.85902}
Validation statistic: Loss: 0.3762, dev_score: {'accuracy': 0.9020387866732968, 'balanced_accuracy': 0.9000536161224308, 'f1_macro': 0.9004263783813521, 'f1_micro': 0.9020387866732968, 'f1_weighted': 0.9018502564157398, 'precision_macro': 0.9020307542421924, 'precision_micro': 0.9020387866732968, 'precision_weighted': 0.9028344970893935, 'recall_macro': 0.9000536161224308, 'recall_micro': 0.9020387866732968, 'recall_weighted': 0.9020387866732968}
-----------------------
Epoch 85/100
Training statistic: Loss: 0.6107, train_score: {'accuracy': 0.86026, 'balanced_accuracy': 0.8197302735940403, 'f1_macro': 0.8341906533340941, 'f1_micro': 0.86026, 'f1_weighted': 0.8582692156270056, 'precision_macro': 0.854201552868951, 'precision_micro': 0.86026, 'precision_weighted': 0.8599015626954928, 'recall_macro': 0.8197302735940403, 'recall_micro': 0.86026, 'recall_weighted': 0.86026}
Validation statistic: Loss: 0.3750, dev_score: {'accuracy': 0.9027018067296536, 'balanced_accuracy': 0.9008834902460328, 'f1_macro': 0.9010897413005308, 'f1_micro': 0.9027018067296536, 'f1_weighted': 0.902519957599686, 'precision_macro': 0.90263048790829, 'precision_micro': 0.9027018067296536, 'precision_weighted': 0.9036110447235047, 'recall_macro': 0.9008834902460328, 'recall_micro': 0.9027018067296536, 'recall_weighted': 0.9027018067296536}
-----------------------
Epoch 86/100
Training statistic: Loss: 0.6118, train_score: {'accuracy': 0.86064, 'balanced_accuracy': 0.8196939304681031, 'f1_macro': 0.8356269416346622, 'f1_micro': 0.86064, 'f1_weighted': 0.8587049765596448, 'precision_macro': 0.8567874410597757, 'precision_micro': 0.86064, 'precision_weighted': 0.8607091664569053, 'recall_macro': 0.8196939304681031, 'recall_micro': 0.86064, 'recall_weighted': 0.86064}
Validation statistic: Loss: 0.3754, dev_score: {'accuracy': 0.9000497265042268, 'balanced_accuracy': 0.8979670451008317, 'f1_macro': 0.8984233468423272, 'f1_micro': 0.9000497265042268, 'f1_weighted': 0.8999328555110646, 'precision_macro': 0.9004217507145231, 'precision_micro': 0.9000497265042268, 'precision_weighted': 0.9012932797366489, 'recall_macro': 0.8979670451008317, 'recall_micro': 0.9000497265042268, 'recall_weighted': 0.9000497265042268}
-----------------------
Epoch 87/100
Training statistic: Loss: 0.6029, train_score: {'accuracy': 0.86084, 'balanced_accuracy': 0.8189084784157459, 'f1_macro': 0.8346895056436164, 'f1_micro': 0.86084, 'f1_weighted': 0.858557616034185, 'precision_macro': 0.8568411362187444, 'precision_micro': 0.86084, 'precision_weighted': 0.8608317490165841, 'recall_macro': 0.8189084784157459, 'recall_micro': 0.86084, 'recall_weighted': 0.86084}
Validation statistic: Loss: 0.3738, dev_score: {'accuracy': 0.9000497265042268, 'balanced_accuracy': 0.8980930003823572, 'f1_macro': 0.89844954891219, 'f1_micro': 0.9000497265042268, 'f1_weighted': 0.899898099268176, 'precision_macro': 0.9004492745957373, 'precision_micro': 0.9000497265042268, 'precision_weighted': 0.901314426800661, 'recall_macro': 0.8980930003823572, 'recall_micro': 0.9000497265042268, 'recall_weighted': 0.9000497265042268}
Saving model...
Model saved!
-------------------------------------------
-----------------------
Epoch 88/100
Training statistic: Loss: 0.6074, train_score: {'accuracy': 0.8617, 'balanced_accuracy': 0.8217608430128284, 'f1_macro': 0.8367034286925804, 'f1_micro': 0.8617, 'f1_weighted': 0.8596696844627222, 'precision_macro': 0.856950806558236, 'precision_micro': 0.8617, 'precision_weighted': 0.8615691839553054, 'recall_macro': 0.8217608430128284, 'recall_micro': 0.8617, 'recall_weighted': 0.8617}
Validation statistic: Loss: 0.3742, dev_score: {'accuracy': 0.9008785015746726, 'balanced_accuracy': 0.8989378520375194, 'f1_macro': 0.8993375050976218, 'f1_micro': 0.9008785015746726, 'f1_weighted': 0.9008401619244168, 'precision_macro': 0.9012045262934241, 'precision_micro': 0.9008785015746726, 'precision_weighted': 0.902190659591173, 'recall_macro': 0.8989378520375194, 'recall_micro': 0.9008785015746726, 'recall_weighted': 0.9008785015746726}
-----------------------
Epoch 89/100
Training statistic: Loss: 0.6085, train_score: {'accuracy': 0.86268, 'balanced_accuracy': 0.823968327279764, 'f1_macro': 0.8385446042879041, 'f1_micro': 0.86268, 'f1_weighted': 0.8608986636867172, 'precision_macro': 0.8568911288517705, 'precision_micro': 0.86268, 'precision_weighted': 0.8622597536205402, 'recall_macro': 0.823968327279764, 'recall_micro': 0.86268, 'recall_weighted': 0.86268}
Validation statistic: Loss: 0.3740, dev_score: {'accuracy': 0.9000497265042268, 'balanced_accuracy': 0.897794542986045, 'f1_macro': 0.8985365558106609, 'f1_micro': 0.9000497265042268, 'f1_weighted': 0.900065068135565, 'precision_macro': 0.900910215068607, 'precision_micro': 0.9000497265042268, 'precision_weighted': 0.9016296688410474, 'recall_macro': 0.897794542986045, 'recall_micro': 0.9000497265042268, 'recall_weighted': 0.9000497265042268}
-----------------------
Epoch 90/100
Training statistic: Loss: 0.6027, train_score: {'accuracy': 0.86205, 'balanced_accuracy': 0.8232250375279226, 'f1_macro': 0.8380436672973929, 'f1_micro': 0.86205, 'f1_weighted': 0.8603469765366135, 'precision_macro': 0.8563968503749617, 'precision_micro': 0.86205, 'precision_weighted': 0.8616640243002436, 'recall_macro': 0.8232250375279226, 'recall_micro': 0.86205, 'recall_weighted': 0.86205}
Validation statistic: Loss: 0.3752, dev_score: {'accuracy': 0.8982264213492458, 'balanced_accuracy': 0.8958767846354337, 'f1_macro': 0.8966026004235467, 'f1_micro': 0.8982264213492458, 'f1_weighted': 0.8982984974085019, 'precision_macro': 0.8991130355229702, 'precision_micro': 0.8982264213492458, 'precision_weighted': 0.9000761047956206, 'recall_macro': 0.8958767846354337, 'recall_micro': 0.8982264213492458, 'recall_weighted': 0.8982264213492458}
-----------------------
Epoch 91/100
Training statistic: Loss: 0.6032, train_score: {'accuracy': 0.86332, 'balanced_accuracy': 0.8245425577488289, 'f1_macro': 0.8385771675537972, 'f1_micro': 0.86332, 'f1_weighted': 0.8614138062938821, 'precision_macro': 0.8569294688859082, 'precision_micro': 0.86332, 'precision_weighted': 0.8627990694541307, 'recall_macro': 0.8245425577488289, 'recall_micro': 0.86332, 'recall_weighted': 0.86332}
Validation statistic: Loss: 0.3731, dev_score: {'accuracy': 0.8995524614619592, 'balanced_accuracy': 0.8974736548414481, 'f1_macro': 0.8978904572450613, 'f1_micro': 0.8995524614619592, 'f1_weighted': 0.8994489084792137, 'precision_macro': 0.89966301590186, 'precision_micro': 0.8995524614619592, 'precision_weighted': 0.9006372268177886, 'recall_macro': 0.8974736548414481, 'recall_micro': 0.8995524614619592, 'recall_weighted': 0.8995524614619592}
Saving model...
Model saved!
-------------------------------------------
-----------------------
Epoch 92/100
Training statistic: Loss: 0.6081, train_score: {'accuracy': 0.86289, 'balanced_accuracy': 0.8235489044452182, 'f1_macro': 0.8394197073025398, 'f1_micro': 0.86289, 'f1_weighted': 0.8612422086782583, 'precision_macro': 0.8587196032498973, 'precision_micro': 0.86289, 'precision_weighted': 0.8623189118866494, 'recall_macro': 0.8235489044452182, 'recall_micro': 0.86289, 'recall_weighted': 0.86289}
Validation statistic: Loss: 0.3752, dev_score: {'accuracy': 0.9018730316592077, 'balanced_accuracy': 0.8999813266905548, 'f1_macro': 0.9002900719314407, 'f1_micro': 0.9018730316592077, 'f1_weighted': 0.9018420188443816, 'precision_macro': 0.9022891578215788, 'precision_micro': 0.9018730316592077, 'precision_weighted': 0.9034148082994935, 'recall_macro': 0.8999813266905548, 'recall_micro': 0.9018730316592077, 'recall_weighted': 0.9018730316592077}
-----------------------
Epoch 93/100
Training statistic: Loss: 0.6067, train_score: {'accuracy': 0.8664, 'balanced_accuracy': 0.8303730505772287, 'f1_macro': 0.8427225769443718, 'f1_micro': 0.8664, 'f1_weighted': 0.8647719905105128, 'precision_macro': 0.8581945761603398, 'precision_micro': 0.8664, 'precision_weighted': 0.8657157730807576, 'recall_macro': 0.8303730505772287, 'recall_micro': 0.8664, 'recall_weighted': 0.8664}
Validation statistic: Loss: 0.3725, dev_score: {'accuracy': 0.9007127465605834, 'balanced_accuracy': 0.8986261295415655, 'f1_macro': 0.8991420829093248, 'f1_micro': 0.9007127465605834, 'f1_weighted': 0.900648030225376, 'precision_macro': 0.9010110390694084, 'precision_micro': 0.9007127465605834, 'precision_weighted': 0.9018693628812436, 'recall_macro': 0.8986261295415655, 'recall_micro': 0.9007127465605834, 'recall_weighted': 0.9007127465605834}
Saving model...
Model saved!
-------------------------------------------
-----------------------
Epoch 94/100
Training statistic: Loss: 0.6021, train_score: {'accuracy': 0.8657, 'balanced_accuracy': 0.8274337438682217, 'f1_macro': 0.8417418735366484, 'f1_micro': 0.8657, 'f1_weighted': 0.8640276894687012, 'precision_macro': 0.8601190180703249, 'precision_micro': 0.8657, 'precision_weighted': 0.86543031781838, 'recall_macro': 0.8274337438682217, 'recall_micro': 0.8657, 'recall_weighted': 0.8657}
Validation statistic: Loss: 0.3685, dev_score: {'accuracy': 0.9023702967014752, 'balanced_accuracy': 0.9004393311173546, 'f1_macro': 0.9007465467373962, 'f1_micro': 0.9023702967014752, 'f1_weighted': 0.9023409744785159, 'precision_macro': 0.9021946436411339, 'precision_micro': 0.9023702967014752, 'precision_weighted': 0.9033961048823967, 'recall_macro': 0.9004393311173546, 'recall_micro': 0.9023702967014752, 'recall_weighted': 0.9023702967014752}
Saving model...
Model saved!
-------------------------------------------
-----------------------
Epoch 95/100
Training statistic: Loss: 0.6059, train_score: {'accuracy': 0.8649, 'balanced_accuracy': 0.8277065508479783, 'f1_macro': 0.8414639296792974, 'f1_micro': 0.8649, 'f1_weighted': 0.8631118843597868, 'precision_macro': 0.8590985812545913, 'precision_micro': 0.8649, 'precision_weighted': 0.8646725553244058, 'recall_macro': 0.8277065508479783, 'recall_micro': 0.8649, 'recall_weighted': 0.8649}
Validation statistic: Loss: 0.3717, dev_score: {'accuracy': 0.9018730316592077, 'balanced_accuracy': 0.8997659880686533, 'f1_macro': 0.9002134068586953, 'f1_micro': 0.9018730316592077, 'f1_weighted': 0.9018534924319874, 'precision_macro': 0.9020908617213241, 'precision_micro': 0.9018730316592077, 'precision_weighted': 0.9031854408908828, 'recall_macro': 0.8997659880686533, 'recall_micro': 0.9018730316592077, 'recall_weighted': 0.9018730316592077}
-----------------------
Epoch 96/100
Training statistic: Loss: 0.5993, train_score: {'accuracy': 0.86684, 'balanced_accuracy': 0.8313812444670047, 'f1_macro': 0.8438753220036814, 'f1_micro': 0.86684, 'f1_weighted': 0.8654121771829816, 'precision_macro': 0.8592217423573892, 'precision_micro': 0.86684, 'precision_weighted': 0.8663307961083451, 'recall_macro': 0.8313812444670047, 'recall_micro': 0.86684, 'recall_weighted': 0.86684}
Validation statistic: Loss: 0.3688, dev_score: {'accuracy': 0.9008785015746726, 'balanced_accuracy': 0.8987258777490027, 'f1_macro': 0.8992458338816602, 'f1_micro': 0.9008785015746726, 'f1_weighted': 0.9009013226084065, 'precision_macro': 0.9013389281696812, 'precision_micro': 0.9008785015746726, 'precision_weighted': 0.9024187341799276, 'recall_macro': 0.8987258777490027, 'recall_micro': 0.9008785015746726, 'recall_weighted': 0.9008785015746726}
-----------------------
Epoch 97/100
Training statistic: Loss: 0.6017, train_score: {'accuracy': 0.86617, 'balanced_accuracy': 0.8266581111145763, 'f1_macro': 0.841878710064741, 'f1_micro': 0.86617, 'f1_weighted': 0.8642868401855343, 'precision_macro': 0.8619202142692124, 'precision_micro': 0.86617, 'precision_weighted': 0.8658810622456434, 'recall_macro': 0.8266581111145763, 'recall_micro': 0.86617, 'recall_weighted': 0.86617}
Validation statistic: Loss: 0.3715, dev_score: {'accuracy': 0.9023702967014752, 'balanced_accuracy': 0.9003502549686496, 'f1_macro': 0.90076976986042, 'f1_micro': 0.9023702967014752, 'f1_weighted': 0.9023038320481344, 'precision_macro': 0.9027204295551747, 'precision_micro': 0.9023702967014752, 'precision_weighted': 0.903696864460254, 'recall_macro': 0.9003502549686496, 'recall_micro': 0.9023702967014752, 'recall_weighted': 0.9023702967014752}
-----------------------
Epoch 98/100
Training statistic: Loss: 0.5938, train_score: {'accuracy': 0.86796, 'balanced_accuracy': 0.8316971333594813, 'f1_macro': 0.8442071641200833, 'f1_micro': 0.86796, 'f1_weighted': 0.8662916198796412, 'precision_macro': 0.8605637243666939, 'precision_micro': 0.86796, 'precision_weighted': 0.8674316953529867, 'recall_macro': 0.8316971333594813, 'recall_micro': 0.86796, 'recall_weighted': 0.86796}
Validation statistic: Loss: 0.3653, dev_score: {'accuracy': 0.903199071771921, 'balanced_accuracy': 0.9013587223903841, 'f1_macro': 0.901612776915864, 'f1_micro': 0.903199071771921, 'f1_weighted': 0.9030584238274582, 'precision_macro': 0.903136516678409, 'precision_micro': 0.903199071771921, 'precision_weighted': 0.904127993987567, 'recall_macro': 0.9013587223903841, 'recall_micro': 0.903199071771921, 'recall_weighted': 0.903199071771921}
Saving model...
Model saved!
-------------------------------------------
-----------------------
Epoch 99/100
Training statistic: Loss: 0.6009, train_score: {'accuracy': 0.86258, 'balanced_accuracy': 0.8220318835373341, 'f1_macro': 0.8383221545245527, 'f1_micro': 0.86258, 'f1_weighted': 0.8603282246603867, 'precision_macro': 0.8605115550128899, 'precision_micro': 0.86258, 'precision_weighted': 0.8627655236962851, 'recall_macro': 0.8220318835373341, 'recall_micro': 0.86258, 'recall_weighted': 0.86258}
Validation statistic: Loss: 0.3722, dev_score: {'accuracy': 0.903199071771921, 'balanced_accuracy': 0.9011032328980753, 'f1_macro': 0.9014551600423648, 'f1_micro': 0.903199071771921, 'f1_weighted': 0.9030032192116799, 'precision_macro': 0.9032760357763342, 'precision_micro': 0.903199071771921, 'precision_weighted': 0.9042142593411429, 'recall_macro': 0.9011032328980753, 'recall_micro': 0.903199071771921, 'recall_weighted': 0.903199071771921}
-----------------------
Epoch 100/100
Training statistic: Loss: 0.5988, train_score: {'accuracy': 0.86628, 'balanced_accuracy': 0.829107990019806, 'f1_macro': 0.8434686070746336, 'f1_micro': 0.86628, 'f1_weighted': 0.8647131565614532, 'precision_macro': 0.8608114485386839, 'precision_micro': 0.86628, 'precision_weighted': 0.8657355347614254, 'recall_macro': 0.829107990019806, 'recall_micro': 0.86628, 'recall_weighted': 0.86628}
Validation statistic: Loss: 0.3670, dev_score: {'accuracy': 0.9018730316592077, 'balanced_accuracy': 0.899792298196697, 'f1_macro': 0.9004502844174137, 'f1_micro': 0.9018730316592077, 'f1_weighted': 0.9019568629887542, 'precision_macro': 0.9024881358965986, 'precision_micro': 0.9018730316592077, 'precision_weighted': 0.9033540928615065, 'recall_macro': 0.899792298196697, 'recall_micro': 0.9018730316592077, 'recall_weighted': 0.9018730316592077}
Testing statistic: loss: 0.38375060919098347, scores: {'accuracy': 0.8958776461055403, 'balanced_accuracy': 0.8953959803009821, 'f1_macro': 0.8960977575192202, 'f1_micro': 0.8958776461055403, 'f1_weighted': 0.896194950844412, 'precision_macro': 0.8978695267200267, 'precision_micro': 0.8958776461055403, 'precision_weighted': 0.8975605846993249, 'recall_macro': 0.8953959803009821, 'recall_micro': 0.8958776461055403, 'recall_weighted': 0.8958776461055403}
Finish training!
