=====Setting up data=====
Dataset name:mnist12
train_option:synthetic
augment_option:compare_pca_gmm
mix_ratio:-1
n_sample:-1
Training dataset size: 100096 samples
Validation dataset size: 6144 samples

=====Setting up parameters for training=====
num_epochs: 100
learning_rate: 0.001
patience: 30
early_stop_criterion: loss
=====Setting up trainer=====
input_size: 144
model: DNN_MNIST12
----------------------------------------------------------------
        Layer (type)               Output Shape         Param #
================================================================
           Dropout-1                  [-1, 144]               0
            Linear-2                 [-1, 1024]         148,480
         LeakyReLU-3                 [-1, 1024]               0
       BatchNorm1d-4                 [-1, 1024]           2,048
           Dropout-5                 [-1, 1024]               0
            Linear-6                 [-1, 1024]       1,049,600
         LeakyReLU-7                 [-1, 1024]               0
       BatchNorm1d-8                 [-1, 1024]           2,048
           Dropout-9                 [-1, 1024]               0
           Linear-10                  [-1, 256]         262,400
        LeakyReLU-11                  [-1, 256]               0
      BatchNorm1d-12                  [-1, 256]             512
          Dropout-13                  [-1, 256]               0
================================================================
Total params: 1,465,088
Trainable params: 1,465,088
Non-trainable params: 0
----------------------------------------------------------------
Input size (MB): 0.00
Forward/backward pass size (MB): 0.07
Params size (MB): 5.59
Estimated Total Size (MB): 5.66
----------------------------------------------------------------
=====Setting up output files=====
weight_dir, weight_file: /home/thuy/Research/minh_data_synth/TabularDA/output/corrected_v2/mnist12/weight/, mnist12_seed43_ctgan_full_pca_gmm_synthetic.weights.pth
acc_dir, acc_file: /home/thuy/Research/minh_data_synth/TabularDA/output/corrected_v2/mnist12/acc/, mnist12_seed43_ctgan_full_pca_gmm_synthetic.epochs.csv
report_file: mnist12_seed43_ctgan_full_pca_gmm_synthetic.report.txt
==========================================================================================
Start training...
-----------------------
Epoch 1/100
Training statistic: Loss: 2.1836, train_score: {'accuracy': 0.80802, 'balanced_accuracy': 0.7758061247488188, 'f1_macro': 0.7829644808411438, 'f1_micro': 0.80802, 'f1_weighted': 0.8058871302800691, 'precision_macro': 0.7985376624356084, 'precision_micro': 0.80802, 'precision_weighted': 0.8108922378126967, 'recall_macro': 0.7758061247488188, 'recall_micro': 0.80802, 'recall_weighted': 0.80802}
Validation statistic: Loss: 1.9220, dev_score: {'accuracy': 0.7631360848665673, 'balanced_accuracy': 0.7566520303900895, 'f1_macro': 0.7586058133501203, 'f1_micro': 0.7631360848665673, 'f1_weighted': 0.7632722721408134, 'precision_macro': 0.7646244499668183, 'precision_micro': 0.7631360848665673, 'precision_weighted': 0.7673300792258294, 'recall_macro': 0.7566520303900895, 'recall_micro': 0.7631360848665673, 'recall_weighted': 0.7631360848665673}
Saving model...
Model saved!
-------------------------------------------
-----------------------
Epoch 2/100
Training statistic: Loss: 1.7390, train_score: {'accuracy': 0.8513, 'balanced_accuracy': 0.8099674220387214, 'f1_macro': 0.8272147355061522, 'f1_micro': 0.8513, 'f1_weighted': 0.8491659410292246, 'precision_macro': 0.855240031054399, 'precision_micro': 0.8513, 'precision_weighted': 0.8534315286497485, 'recall_macro': 0.8099674220387214, 'recall_micro': 0.8513, 'recall_weighted': 0.8513}
Validation statistic: Loss: 1.5737, dev_score: {'accuracy': 0.7780540361345931, 'balanced_accuracy': 0.7730067377765427, 'f1_macro': 0.7736667362319745, 'f1_micro': 0.7780540361345931, 'f1_weighted': 0.777710661779171, 'precision_macro': 0.7776999553202351, 'precision_micro': 0.7780540361345931, 'precision_weighted': 0.780662152223736, 'recall_macro': 0.7730067377765427, 'recall_micro': 0.7780540361345931, 'recall_weighted': 0.7780540361345931}
Saving model...
Model saved!
-------------------------------------------
-----------------------
Epoch 3/100
Training statistic: Loss: 1.5088, train_score: {'accuracy': 0.86817, 'balanced_accuracy': 0.8279659834850985, 'f1_macro': 0.8475601171323405, 'f1_micro': 0.86817, 'f1_weighted': 0.8661920601497989, 'precision_macro': 0.8765608232388891, 'precision_micro': 0.86817, 'precision_weighted': 0.8696984456652777, 'recall_macro': 0.8279659834850985, 'recall_micro': 0.86817, 'recall_weighted': 0.86817}
Validation statistic: Loss: 1.3895, dev_score: {'accuracy': 0.7865075418531411, 'balanced_accuracy': 0.7811723110392037, 'f1_macro': 0.7820983558534526, 'f1_micro': 0.7865075418531411, 'f1_weighted': 0.7860016631953625, 'precision_macro': 0.7860052989914454, 'precision_micro': 0.7865075418531411, 'precision_weighted': 0.7884508166929335, 'recall_macro': 0.7811723110392037, 'recall_micro': 0.7865075418531411, 'recall_weighted': 0.7865075418531411}
Saving model...
Model saved!
-------------------------------------------
-----------------------
Epoch 4/100
Training statistic: Loss: 1.3664, train_score: {'accuracy': 0.88152, 'balanced_accuracy': 0.8466626583018055, 'f1_macro': 0.8633320828815926, 'f1_micro': 0.88152, 'f1_weighted': 0.8802875074732689, 'precision_macro': 0.887877662258429, 'precision_micro': 0.88152, 'precision_weighted': 0.8835332652761723, 'recall_macro': 0.8466626583018055, 'recall_micro': 0.88152, 'recall_weighted': 0.88152}
Validation statistic: Loss: 1.2685, dev_score: {'accuracy': 0.7868390518813194, 'balanced_accuracy': 0.7820179546430797, 'f1_macro': 0.7825022533393562, 'f1_micro': 0.7868390518813194, 'f1_weighted': 0.7862835674766271, 'precision_macro': 0.7860033411894586, 'precision_micro': 0.7868390518813194, 'precision_weighted': 0.7886745203208333, 'recall_macro': 0.7820179546430797, 'recall_micro': 0.7868390518813194, 'recall_weighted': 0.7868390518813194}
Saving model...
Model saved!
-------------------------------------------
-----------------------
Epoch 5/100
Training statistic: Loss: 1.2392, train_score: {'accuracy': 0.89518, 'balanced_accuracy': 0.8660527570535239, 'f1_macro': 0.8793405958322884, 'f1_micro': 0.89518, 'f1_weighted': 0.8943633396189742, 'precision_macro': 0.8978826798745002, 'precision_micro': 0.89518, 'precision_weighted': 0.8963854818813286, 'recall_macro': 0.8660527570535239, 'recall_micro': 0.89518, 'recall_weighted': 0.89518}
Validation statistic: Loss: 1.1598, dev_score: {'accuracy': 0.7866732968672302, 'balanced_accuracy': 0.7818014184052743, 'f1_macro': 0.7827397305580295, 'f1_micro': 0.7866732968672302, 'f1_weighted': 0.7865055826310268, 'precision_macro': 0.7851851212356422, 'precision_micro': 0.7866732968672302, 'precision_weighted': 0.7878697747113939, 'recall_macro': 0.7818014184052743, 'recall_micro': 0.7866732968672302, 'recall_weighted': 0.7866732968672302}
Saving model...
Model saved!
-------------------------------------------
-----------------------
Epoch 6/100
Training statistic: Loss: 1.1256, train_score: {'accuracy': 0.90016, 'balanced_accuracy': 0.8684928914068235, 'f1_macro': 0.8843535583515854, 'f1_micro': 0.90016, 'f1_weighted': 0.8992568893714221, 'precision_macro': 0.9067785502576975, 'precision_micro': 0.90016, 'precision_weighted': 0.901911728576517, 'recall_macro': 0.8684928914068235, 'recall_micro': 0.90016, 'recall_weighted': 0.90016}
Validation statistic: Loss: 1.0799, dev_score: {'accuracy': 0.7901541521631029, 'balanced_accuracy': 0.7852210044035449, 'f1_macro': 0.7862056152288701, 'f1_micro': 0.7901541521631029, 'f1_weighted': 0.7901320046247358, 'precision_macro': 0.7891190833929385, 'precision_micro': 0.7901541521631029, 'precision_weighted': 0.792011494122771, 'recall_macro': 0.7852210044035449, 'recall_micro': 0.7901541521631029, 'recall_weighted': 0.7901541521631029}
Saving model...
Model saved!
-------------------------------------------
-----------------------
Epoch 7/100
Training statistic: Loss: 1.0266, train_score: {'accuracy': 0.90357, 'balanced_accuracy': 0.8695484241033073, 'f1_macro': 0.88694651709751, 'f1_micro': 0.90357, 'f1_weighted': 0.9024825527138504, 'precision_macro': 0.91134114366377, 'precision_micro': 0.90357, 'precision_weighted': 0.9051884271308087, 'recall_macro': 0.8695484241033073, 'recall_micro': 0.90357, 'recall_weighted': 0.90357}
Validation statistic: Loss: 1.0165, dev_score: {'accuracy': 0.7906514172053705, 'balanced_accuracy': 0.7861370214785137, 'f1_macro': 0.7863057861723615, 'f1_micro': 0.7906514172053705, 'f1_weighted': 0.7899745008297093, 'precision_macro': 0.7894453665238064, 'precision_micro': 0.7906514172053705, 'precision_weighted': 0.7921915797108497, 'recall_macro': 0.7861370214785137, 'recall_micro': 0.7906514172053705, 'recall_weighted': 0.7906514172053705}
Saving model...
Model saved!
-------------------------------------------
-----------------------
Epoch 8/100
Training statistic: Loss: 0.9436, train_score: {'accuracy': 0.9083, 'balanced_accuracy': 0.8833697115002103, 'f1_macro': 0.8964910509631959, 'f1_micro': 0.9083, 'f1_weighted': 0.9076122871738834, 'precision_macro': 0.913288977147556, 'precision_micro': 0.9083, 'precision_weighted': 0.9089637552915586, 'recall_macro': 0.8833697115002103, 'recall_micro': 0.9083, 'recall_weighted': 0.9083}
Validation statistic: Loss: 0.9582, dev_score: {'accuracy': 0.7870048068954086, 'balanced_accuracy': 0.7816887893237944, 'f1_macro': 0.7823314280018916, 'f1_micro': 0.7870048068954086, 'f1_weighted': 0.7862253489283639, 'precision_macro': 0.7855995773631321, 'precision_micro': 0.7870048068954086, 'precision_weighted': 0.788001751110499, 'recall_macro': 0.7816887893237944, 'recall_micro': 0.7870048068954086, 'recall_weighted': 0.7870048068954086}
Saving model...
Model saved!
-------------------------------------------
-----------------------
Epoch 9/100
Training statistic: Loss: 0.8642, train_score: {'accuracy': 0.91314, 'balanced_accuracy': 0.8842085797367943, 'f1_macro': 0.8985346264345857, 'f1_micro': 0.91314, 'f1_weighted': 0.9122617635182739, 'precision_macro': 0.9181934396255746, 'precision_micro': 0.91314, 'precision_weighted': 0.9142614096021551, 'recall_macro': 0.8842085797367943, 'recall_micro': 0.91314, 'recall_weighted': 0.91314}
Validation statistic: Loss: 0.8991, dev_score: {'accuracy': 0.7886623570363004, 'balanced_accuracy': 0.7833989832205228, 'f1_macro': 0.7844347763970996, 'f1_micro': 0.7886623570363004, 'f1_weighted': 0.788253179596882, 'precision_macro': 0.7880961382179514, 'precision_micro': 0.7886623570363004, 'precision_weighted': 0.7904088282362997, 'recall_macro': 0.7833989832205228, 'recall_micro': 0.7886623570363004, 'recall_weighted': 0.7886623570363004}
Saving model...
Model saved!
-------------------------------------------
-----------------------
Epoch 10/100
Training statistic: Loss: 0.8107, train_score: {'accuracy': 0.91736, 'balanced_accuracy': 0.8912165948541537, 'f1_macro': 0.9045442163138679, 'f1_micro': 0.91736, 'f1_weighted': 0.9167244586635939, 'precision_macro': 0.9219352352173449, 'precision_micro': 0.91736, 'precision_weighted': 0.91832712677665, 'recall_macro': 0.8912165948541537, 'recall_micro': 0.91736, 'recall_weighted': 0.91736}
Validation statistic: Loss: 0.8710, dev_score: {'accuracy': 0.7924747223603514, 'balanced_accuracy': 0.7873580325146168, 'f1_macro': 0.7881850392028799, 'f1_micro': 0.7924747223603514, 'f1_weighted': 0.7920283979384231, 'precision_macro': 0.7913569442062449, 'precision_micro': 0.7924747223603514, 'precision_weighted': 0.7938605498949062, 'recall_macro': 0.7873580325146168, 'recall_micro': 0.7924747223603514, 'recall_weighted': 0.7924747223603514}
Saving model...
Model saved!
-------------------------------------------
-----------------------
Epoch 11/100
Training statistic: Loss: 0.7565, train_score: {'accuracy': 0.92278, 'balanced_accuracy': 0.9028397395344238, 'f1_macro': 0.9127266081754397, 'f1_micro': 0.92278, 'f1_weighted': 0.922403695362575, 'precision_macro': 0.9246096152476578, 'precision_micro': 0.92278, 'precision_weighted': 0.923241884381137, 'recall_macro': 0.9028397395344238, 'recall_micro': 0.92278, 'recall_weighted': 0.92278}
Validation statistic: Loss: 0.8376, dev_score: {'accuracy': 0.7909829272335488, 'balanced_accuracy': 0.7855920930343488, 'f1_macro': 0.7871228565964035, 'f1_micro': 0.7909829272335488, 'f1_weighted': 0.7909792361810729, 'precision_macro': 0.7912345713072325, 'precision_micro': 0.7909829272335488, 'precision_weighted': 0.7934788645882865, 'recall_macro': 0.7855920930343488, 'recall_micro': 0.7909829272335488, 'recall_weighted': 0.7909829272335488}
Saving model...
Model saved!
-------------------------------------------
-----------------------
Epoch 12/100
Training statistic: Loss: 0.7089, train_score: {'accuracy': 0.92404, 'balanced_accuracy': 0.9020997410165705, 'f1_macro': 0.9137750529056714, 'f1_micro': 0.92404, 'f1_weighted': 0.9235130867664517, 'precision_macro': 0.9282050255526858, 'precision_micro': 0.92404, 'precision_weighted': 0.9246810864764206, 'recall_macro': 0.9020997410165705, 'recall_micro': 0.92404, 'recall_weighted': 0.92404}
Validation statistic: Loss: 0.8034, dev_score: {'accuracy': 0.7942980275153323, 'balanced_accuracy': 0.7891145767522002, 'f1_macro': 0.7901551810511916, 'f1_micro': 0.7942980275153323, 'f1_weighted': 0.7938733114397618, 'precision_macro': 0.7941903768447192, 'precision_micro': 0.7942980275153323, 'precision_weighted': 0.7963100712046411, 'recall_macro': 0.7891145767522002, 'recall_micro': 0.7942980275153323, 'recall_weighted': 0.7942980275153323}
Saving model...
Model saved!
-------------------------------------------
-----------------------
Epoch 13/100
Training statistic: Loss: 0.6688, train_score: {'accuracy': 0.9216, 'balanced_accuracy': 0.898179074158028, 'f1_macro': 0.9108551480148559, 'f1_micro': 0.9216, 'f1_weighted': 0.9211124336865425, 'precision_macro': 0.9267029256141743, 'precision_micro': 0.9216, 'precision_weighted': 0.9224846106686541, 'recall_macro': 0.898179074158028, 'recall_micro': 0.9216, 'recall_weighted': 0.9216}
Validation statistic: Loss: 0.7862, dev_score: {'accuracy': 0.7926404773744405, 'balanced_accuracy': 0.7873770353854177, 'f1_macro': 0.7884735588331391, 'f1_micro': 0.7926404773744405, 'f1_weighted': 0.7922613990583389, 'precision_macro': 0.7930970403950353, 'precision_micro': 0.7926404773744405, 'precision_weighted': 0.7952608796208362, 'recall_macro': 0.7873770353854177, 'recall_micro': 0.7926404773744405, 'recall_weighted': 0.7926404773744405}
Saving model...
Model saved!
-------------------------------------------
-----------------------
Epoch 14/100
Training statistic: Loss: 0.6395, train_score: {'accuracy': 0.925, 'balanced_accuracy': 0.9015401148052001, 'f1_macro': 0.9140493516139572, 'f1_micro': 0.925, 'f1_weighted': 0.92455709166637, 'precision_macro': 0.929212340945546, 'precision_micro': 0.925, 'precision_weighted': 0.9257546174013304, 'recall_macro': 0.9015401148052001, 'recall_micro': 0.925, 'recall_weighted': 0.925}
Validation statistic: Loss: 0.7685, dev_score: {'accuracy': 0.7909829272335488, 'balanced_accuracy': 0.7861638989031775, 'f1_macro': 0.787070835535953, 'f1_micro': 0.7909829272335488, 'f1_weighted': 0.7907248675722888, 'precision_macro': 0.789630371168254, 'precision_micro': 0.7909829272335488, 'precision_weighted': 0.7920892090285853, 'recall_macro': 0.7861638989031775, 'recall_micro': 0.7909829272335488, 'recall_weighted': 0.7909829272335488}
Saving model...
Model saved!
-------------------------------------------
-----------------------
Epoch 15/100
Training statistic: Loss: 0.6032, train_score: {'accuracy': 0.92413, 'balanced_accuracy': 0.9002628854420844, 'f1_macro': 0.91351466458989, 'f1_micro': 0.92413, 'f1_weighted': 0.9236746032265865, 'precision_macro': 0.9297728107677387, 'precision_micro': 0.92413, 'precision_weighted': 0.9251180927131096, 'recall_macro': 0.9002628854420844, 'recall_micro': 0.92413, 'recall_weighted': 0.92413}
Validation statistic: Loss: 0.7404, dev_score: {'accuracy': 0.7942980275153323, 'balanced_accuracy': 0.7892682461797832, 'f1_macro': 0.7902316688676975, 'f1_micro': 0.7942980275153323, 'f1_weighted': 0.7939726853209691, 'precision_macro': 0.7939330524786414, 'precision_micro': 0.7942980275153323, 'precision_weighted': 0.7963365967634631, 'recall_macro': 0.7892682461797832, 'recall_micro': 0.7942980275153323, 'recall_weighted': 0.7942980275153323}
Saving model...
Model saved!
-------------------------------------------
-----------------------
Epoch 16/100
Training statistic: Loss: 0.5846, train_score: {'accuracy': 0.92414, 'balanced_accuracy': 0.895806532931816, 'f1_macro': 0.9120210660619209, 'f1_micro': 0.92414, 'f1_weighted': 0.923413917810048, 'precision_macro': 0.9330780973215749, 'precision_micro': 0.92414, 'precision_weighted': 0.9253876990851069, 'recall_macro': 0.895806532931816, 'recall_micro': 0.92414, 'recall_weighted': 0.92414}
Validation statistic: Loss: 0.7321, dev_score: {'accuracy': 0.792971987402619, 'balanced_accuracy': 0.787977837600696, 'f1_macro': 0.7889035224317111, 'f1_micro': 0.792971987402619, 'f1_weighted': 0.7925333763830297, 'precision_macro': 0.7918360171483761, 'precision_micro': 0.792971987402619, 'precision_weighted': 0.7940852964505644, 'recall_macro': 0.787977837600696, 'recall_micro': 0.792971987402619, 'recall_weighted': 0.792971987402619}
Saving model...
Model saved!
-------------------------------------------
-----------------------
Epoch 17/100
Training statistic: Loss: 0.5657, train_score: {'accuracy': 0.92778, 'balanced_accuracy': 0.9060807570679227, 'f1_macro': 0.9173610751784602, 'f1_micro': 0.92778, 'f1_weighted': 0.9274133215535185, 'precision_macro': 0.9323480472426656, 'precision_micro': 0.92778, 'precision_weighted': 0.9291022532775387, 'recall_macro': 0.9060807570679227, 'recall_micro': 0.92778, 'recall_weighted': 0.92778}
Validation statistic: Loss: 0.7168, dev_score: {'accuracy': 0.7941322725012432, 'balanced_accuracy': 0.7899166991436152, 'f1_macro': 0.7904179128196173, 'f1_micro': 0.7941322725012432, 'f1_weighted': 0.7937975499118424, 'precision_macro': 0.7931502292620634, 'precision_micro': 0.7941322725012432, 'precision_weighted': 0.795612872928435, 'recall_macro': 0.7899166991436152, 'recall_micro': 0.7941322725012432, 'recall_weighted': 0.7941322725012432}
Saving model...
Model saved!
-------------------------------------------
-----------------------
Epoch 18/100
Training statistic: Loss: 0.5395, train_score: {'accuracy': 0.92585, 'balanced_accuracy': 0.900064618190552, 'f1_macro': 0.9144318201477057, 'f1_micro': 0.92585, 'f1_weighted': 0.9251915865320712, 'precision_macro': 0.932992779105931, 'precision_micro': 0.92585, 'precision_weighted': 0.9269718923842569, 'recall_macro': 0.900064618190552, 'recall_micro': 0.92585, 'recall_weighted': 0.92585}
Validation statistic: Loss: 0.7001, dev_score: {'accuracy': 0.7951268025857782, 'balanced_accuracy': 0.7901779478129647, 'f1_macro': 0.7909901260535334, 'f1_micro': 0.7951268025857782, 'f1_weighted': 0.7947025517449278, 'precision_macro': 0.793667457258411, 'precision_micro': 0.7951268025857782, 'precision_weighted': 0.7961089450247464, 'recall_macro': 0.7901779478129647, 'recall_micro': 0.7951268025857782, 'recall_weighted': 0.7951268025857782}
Saving model...
Model saved!
-------------------------------------------
-----------------------
Epoch 19/100
Training statistic: Loss: 0.5223, train_score: {'accuracy': 0.92832, 'balanced_accuracy': 0.9027227759372956, 'f1_macro': 0.9161695866969721, 'f1_micro': 0.92832, 'f1_weighted': 0.9276171516955586, 'precision_macro': 0.9343812243626592, 'precision_micro': 0.92832, 'precision_weighted': 0.9293849406557798, 'recall_macro': 0.9027227759372956, 'recall_micro': 0.92832, 'recall_weighted': 0.92832}
Validation statistic: Loss: 0.6933, dev_score: {'accuracy': 0.7947952925575998, 'balanced_accuracy': 0.7900190636499088, 'f1_macro': 0.7906314160291752, 'f1_micro': 0.7947952925575998, 'f1_weighted': 0.7941395064894172, 'precision_macro': 0.793416302070791, 'precision_micro': 0.7947952925575998, 'precision_weighted': 0.7956293657753635, 'recall_macro': 0.7900190636499088, 'recall_micro': 0.7947952925575998, 'recall_weighted': 0.7947952925575998}
Saving model...
Model saved!
-------------------------------------------
-----------------------
Epoch 20/100
Training statistic: Loss: 0.5065, train_score: {'accuracy': 0.93171, 'balanced_accuracy': 0.9126056401231439, 'f1_macro': 0.9240083316012135, 'f1_micro': 0.93171, 'f1_weighted': 0.9313017422302308, 'precision_macro': 0.9376326759898703, 'precision_micro': 0.93171, 'precision_weighted': 0.9322423445574606, 'recall_macro': 0.9126056401231439, 'recall_micro': 0.93171, 'recall_weighted': 0.93171}
Validation statistic: Loss: 0.6877, dev_score: {'accuracy': 0.792971987402619, 'balanced_accuracy': 0.787789026515121, 'f1_macro': 0.7886213271002214, 'f1_micro': 0.792971987402619, 'f1_weighted': 0.7923411730580878, 'precision_macro': 0.7922343922540522, 'precision_micro': 0.792971987402619, 'precision_weighted': 0.7943993908573446, 'recall_macro': 0.787789026515121, 'recall_micro': 0.792971987402619, 'recall_weighted': 0.792971987402619}
Saving model...
Model saved!
-------------------------------------------
-----------------------
Epoch 21/100
Training statistic: Loss: 0.4950, train_score: {'accuracy': 0.93461, 'balanced_accuracy': 0.9144944446350802, 'f1_macro': 0.9251604733414188, 'f1_micro': 0.93461, 'f1_weighted': 0.9341682124895707, 'precision_macro': 0.9384679394078604, 'precision_micro': 0.93461, 'precision_weighted': 0.9351903641448078, 'recall_macro': 0.9144944446350802, 'recall_micro': 0.93461, 'recall_weighted': 0.93461}
Validation statistic: Loss: 0.6741, dev_score: {'accuracy': 0.7966185977125808, 'balanced_accuracy': 0.791676719128505, 'f1_macro': 0.7926495904793345, 'f1_micro': 0.7966185977125808, 'f1_weighted': 0.7962137058684122, 'precision_macro': 0.7961321147179403, 'precision_micro': 0.7966185977125808, 'precision_weighted': 0.7982386626195589, 'recall_macro': 0.791676719128505, 'recall_micro': 0.7966185977125808, 'recall_weighted': 0.7966185977125808}
Saving model...
Model saved!
-------------------------------------------
-----------------------
Epoch 22/100
Training statistic: Loss: 0.4857, train_score: {'accuracy': 0.93194, 'balanced_accuracy': 0.9065090147779999, 'f1_macro': 0.9216866537480423, 'f1_micro': 0.93194, 'f1_weighted': 0.931490170874314, 'precision_macro': 0.9408013137869199, 'precision_micro': 0.93194, 'precision_weighted': 0.9334453812774003, 'recall_macro': 0.9065090147779999, 'recall_micro': 0.93194, 'recall_weighted': 0.93194}
Validation statistic: Loss: 0.6662, dev_score: {'accuracy': 0.7979446378252942, 'balanced_accuracy': 0.793269278484745, 'f1_macro': 0.7937467269177806, 'f1_micro': 0.7979446378252942, 'f1_weighted': 0.7973770664811511, 'precision_macro': 0.7959551700532624, 'precision_micro': 0.7979446378252942, 'precision_weighted': 0.7985106300972497, 'recall_macro': 0.793269278484745, 'recall_micro': 0.7979446378252942, 'recall_weighted': 0.7979446378252942}
Saving model...
Model saved!
-------------------------------------------
-----------------------
Epoch 23/100
Training statistic: Loss: 0.4783, train_score: {'accuracy': 0.93313, 'balanced_accuracy': 0.9109139092442021, 'f1_macro': 0.9224565857159057, 'f1_micro': 0.93313, 'f1_weighted': 0.9326874715618461, 'precision_macro': 0.9372509385818926, 'precision_micro': 0.93313, 'precision_weighted': 0.9340441122279406, 'recall_macro': 0.9109139092442021, 'recall_micro': 0.93313, 'recall_weighted': 0.93313}
Validation statistic: Loss: 0.6744, dev_score: {'accuracy': 0.7934692524448864, 'balanced_accuracy': 0.7884980678190596, 'f1_macro': 0.7895502559408776, 'f1_micro': 0.7934692524448864, 'f1_weighted': 0.7932647828409436, 'precision_macro': 0.7925823809628687, 'precision_micro': 0.7934692524448864, 'precision_weighted': 0.795010532991705, 'recall_macro': 0.7884980678190596, 'recall_micro': 0.7934692524448864, 'recall_weighted': 0.7934692524448864}
-----------------------
Epoch 24/100
Training statistic: Loss: 0.4719, train_score: {'accuracy': 0.93184, 'balanced_accuracy': 0.9075680380813675, 'f1_macro': 0.9219712938161452, 'f1_micro': 0.93184, 'f1_weighted': 0.9312738194438592, 'precision_macro': 0.9406203218461409, 'precision_micro': 0.93184, 'precision_weighted': 0.9332393516152557, 'recall_macro': 0.9075680380813675, 'recall_micro': 0.93184, 'recall_weighted': 0.93184}
Validation statistic: Loss: 0.6640, dev_score: {'accuracy': 0.79678435272667, 'balanced_accuracy': 0.7920970815598488, 'f1_macro': 0.7925302364152998, 'f1_micro': 0.79678435272667, 'f1_weighted': 0.7960677475292358, 'precision_macro': 0.794988573345163, 'precision_micro': 0.79678435272667, 'precision_weighted': 0.7973324317114613, 'recall_macro': 0.7920970815598488, 'recall_micro': 0.79678435272667, 'recall_weighted': 0.79678435272667}
Saving model...
Model saved!
-------------------------------------------
-----------------------
Epoch 25/100
Training statistic: Loss: 0.4706, train_score: {'accuracy': 0.93286, 'balanced_accuracy': 0.9110236457111363, 'f1_macro': 0.922947513795766, 'f1_micro': 0.93286, 'f1_weighted': 0.932379859168929, 'precision_macro': 0.9381243493009596, 'precision_micro': 0.93286, 'precision_weighted': 0.9338609440890727, 'recall_macro': 0.9110236457111363, 'recall_micro': 0.93286, 'recall_weighted': 0.93286}
Validation statistic: Loss: 0.6713, dev_score: {'accuracy': 0.7933034974307973, 'balanced_accuracy': 0.7882565309271052, 'f1_macro': 0.7890377049340338, 'f1_micro': 0.7933034974307973, 'f1_weighted': 0.7928409518372304, 'precision_macro': 0.7929110731202942, 'precision_micro': 0.7933034974307973, 'precision_weighted': 0.7953644072834416, 'recall_macro': 0.7882565309271052, 'recall_micro': 0.7933034974307973, 'recall_weighted': 0.7933034974307973}
-----------------------
Epoch 26/100
Training statistic: Loss: 0.4560, train_score: {'accuracy': 0.93701, 'balanced_accuracy': 0.9174148886025678, 'f1_macro': 0.9276514641227551, 'f1_micro': 0.93701, 'f1_weighted': 0.9366926245213995, 'precision_macro': 0.9400464329580475, 'precision_micro': 0.93701, 'precision_weighted': 0.9376426034957812, 'recall_macro': 0.9174148886025678, 'recall_micro': 0.93701, 'recall_weighted': 0.93701}
Validation statistic: Loss: 0.6587, dev_score: {'accuracy': 0.7956240676280457, 'balanced_accuracy': 0.7906054316116184, 'f1_macro': 0.791520075848469, 'f1_micro': 0.7956240676280457, 'f1_weighted': 0.7952113703569794, 'precision_macro': 0.7946319071862797, 'precision_micro': 0.7956240676280457, 'precision_weighted': 0.796936852006962, 'recall_macro': 0.7906054316116184, 'recall_micro': 0.7956240676280457, 'recall_weighted': 0.7956240676280457}
Saving model...
Model saved!
-------------------------------------------
-----------------------
Epoch 27/100
Training statistic: Loss: 0.4508, train_score: {'accuracy': 0.9359, 'balanced_accuracy': 0.9156921135490423, 'f1_macro': 0.9266788190812487, 'f1_micro': 0.9359, 'f1_weighted': 0.9354696826796659, 'precision_macro': 0.9406492984753202, 'precision_micro': 0.9359, 'precision_weighted': 0.9368632780687761, 'recall_macro': 0.9156921135490423, 'recall_micro': 0.9359, 'recall_weighted': 0.9359}
Validation statistic: Loss: 0.6555, dev_score: {'accuracy': 0.7981103928393833, 'balanced_accuracy': 0.7928926733313935, 'f1_macro': 0.7939436933257558, 'f1_micro': 0.7981103928393833, 'f1_weighted': 0.7976255953346254, 'precision_macro': 0.7982105113330924, 'precision_micro': 0.7981103928393833, 'precision_weighted': 0.8002543492467743, 'recall_macro': 0.7928926733313935, 'recall_micro': 0.7981103928393833, 'recall_weighted': 0.7981103928393833}
Saving model...
Model saved!
-------------------------------------------
-----------------------
Epoch 28/100
Training statistic: Loss: 0.4456, train_score: {'accuracy': 0.93625, 'balanced_accuracy': 0.9169207051840299, 'f1_macro': 0.9274458583143288, 'f1_micro': 0.93625, 'f1_weighted': 0.9358854118605764, 'precision_macro': 0.9401458171487137, 'precision_micro': 0.93625, 'precision_weighted': 0.9367176588424329, 'recall_macro': 0.9169207051840299, 'recall_micro': 0.93625, 'recall_weighted': 0.93625}
Validation statistic: Loss: 0.6607, dev_score: {'accuracy': 0.7903199071771921, 'balanced_accuracy': 0.7852016862429076, 'f1_macro': 0.7862862920103638, 'f1_micro': 0.7903199071771921, 'f1_weighted': 0.7900817385648812, 'precision_macro': 0.7895247200610747, 'precision_micro': 0.7903199071771921, 'precision_weighted': 0.7919447233494004, 'recall_macro': 0.7852016862429076, 'recall_micro': 0.7903199071771921, 'recall_weighted': 0.7903199071771921}
-----------------------
Epoch 29/100
Training statistic: Loss: 0.4423, train_score: {'accuracy': 0.9367, 'balanced_accuracy': 0.9142548077795025, 'f1_macro': 0.9263913832585757, 'f1_micro': 0.9367, 'f1_weighted': 0.9362414516491135, 'precision_macro': 0.9415469446526805, 'precision_micro': 0.9367, 'precision_weighted': 0.9374208986331911, 'recall_macro': 0.9142548077795025, 'recall_micro': 0.9367, 'recall_weighted': 0.9367}
Validation statistic: Loss: 0.6595, dev_score: {'accuracy': 0.7926404773744405, 'balanced_accuracy': 0.7874198156164729, 'f1_macro': 0.788801374188452, 'f1_micro': 0.7926404773744405, 'f1_weighted': 0.7924500351551373, 'precision_macro': 0.7928452013930946, 'precision_micro': 0.7926404773744405, 'precision_weighted': 0.7948353634115933, 'recall_macro': 0.7874198156164729, 'recall_micro': 0.7926404773744405, 'recall_weighted': 0.7926404773744405}
-----------------------
Epoch 30/100
Training statistic: Loss: 0.4379, train_score: {'accuracy': 0.93876, 'balanced_accuracy': 0.9210095324828298, 'f1_macro': 0.93014715459684, 'f1_micro': 0.93876, 'f1_weighted': 0.9384245253279523, 'precision_macro': 0.9414767964884995, 'precision_micro': 0.93876, 'precision_weighted': 0.9393169405373365, 'recall_macro': 0.9210095324828298, 'recall_micro': 0.93876, 'recall_weighted': 0.93876}
Validation statistic: Loss: 0.6559, dev_score: {'accuracy': 0.7952925575998674, 'balanced_accuracy': 0.7903428944920241, 'f1_macro': 0.7912380020659165, 'f1_micro': 0.7952925575998674, 'f1_weighted': 0.794757317173354, 'precision_macro': 0.7941602322661487, 'precision_micro': 0.7952925575998674, 'precision_weighted': 0.7962003924640643, 'recall_macro': 0.7903428944920241, 'recall_micro': 0.7952925575998674, 'recall_weighted': 0.7952925575998674}
-----------------------
Epoch 31/100
Training statistic: Loss: 0.4325, train_score: {'accuracy': 0.94033, 'balanced_accuracy': 0.9247293029719506, 'f1_macro': 0.9324088408948142, 'f1_micro': 0.94033, 'f1_weighted': 0.9401439361265436, 'precision_macro': 0.9415472345372347, 'precision_micro': 0.94033, 'precision_weighted': 0.9408810014682781, 'recall_macro': 0.9247293029719506, 'recall_micro': 0.94033, 'recall_weighted': 0.94033}
Validation statistic: Loss: 0.6481, dev_score: {'accuracy': 0.7964528426984916, 'balanced_accuracy': 0.7913310892665752, 'f1_macro': 0.7925657258267844, 'f1_micro': 0.7964528426984916, 'f1_weighted': 0.7962988665333056, 'precision_macro': 0.7957441472683414, 'precision_micro': 0.7964528426984916, 'precision_weighted': 0.7980252277878437, 'recall_macro': 0.7913310892665752, 'recall_micro': 0.7964528426984916, 'recall_weighted': 0.7964528426984916}
Saving model...
Model saved!
-------------------------------------------
-----------------------
Epoch 32/100
Training statistic: Loss: 0.4334, train_score: {'accuracy': 0.94216, 'balanced_accuracy': 0.9248020162334113, 'f1_macro': 0.9347258226924835, 'f1_micro': 0.94216, 'f1_weighted': 0.941831553143907, 'precision_macro': 0.9464234966385655, 'precision_micro': 0.94216, 'precision_weighted': 0.9425008859714977, 'recall_macro': 0.9248020162334113, 'recall_micro': 0.94216, 'recall_weighted': 0.94216}
Validation statistic: Loss: 0.6505, dev_score: {'accuracy': 0.7956240676280457, 'balanced_accuracy': 0.7905677459016869, 'f1_macro': 0.791409360380335, 'f1_micro': 0.7956240676280457, 'f1_weighted': 0.7950533630998371, 'precision_macro': 0.7943259584291755, 'precision_micro': 0.7956240676280457, 'precision_weighted': 0.7965008546448528, 'recall_macro': 0.7905677459016869, 'recall_micro': 0.7956240676280457, 'recall_weighted': 0.7956240676280457}
-----------------------
Epoch 33/100
Training statistic: Loss: 0.4331, train_score: {'accuracy': 0.93634, 'balanced_accuracy': 0.9146153949658459, 'f1_macro': 0.9264803588585956, 'f1_micro': 0.93634, 'f1_weighted': 0.9358690373821302, 'precision_macro': 0.9421292689128438, 'precision_micro': 0.93634, 'precision_weighted': 0.9376025367029001, 'recall_macro': 0.9146153949658459, 'recall_micro': 0.93634, 'recall_weighted': 0.93634}
Validation statistic: Loss: 0.6537, dev_score: {'accuracy': 0.7946295375435107, 'balanced_accuracy': 0.7897307421467081, 'f1_macro': 0.790603058147487, 'f1_micro': 0.7946295375435107, 'f1_weighted': 0.794272485486725, 'precision_macro': 0.7936076701221292, 'precision_micro': 0.7946295375435107, 'precision_weighted': 0.7960219076933103, 'recall_macro': 0.7897307421467081, 'recall_micro': 0.7946295375435107, 'recall_weighted': 0.7946295375435107}
-----------------------
Epoch 34/100
Training statistic: Loss: 0.4250, train_score: {'accuracy': 0.94346, 'balanced_accuracy': 0.9284457058124644, 'f1_macro': 0.9358678916819919, 'f1_micro': 0.94346, 'f1_weighted': 0.943100894480069, 'precision_macro': 0.9450344013116693, 'precision_micro': 0.94346, 'precision_weighted': 0.9437925310049816, 'recall_macro': 0.9284457058124644, 'recall_micro': 0.94346, 'recall_weighted': 0.94346}
Validation statistic: Loss: 0.6528, dev_score: {'accuracy': 0.7933034974307973, 'balanced_accuracy': 0.7880766769399267, 'f1_macro': 0.7889696526507907, 'f1_micro': 0.7933034974307973, 'f1_weighted': 0.7925916713174126, 'precision_macro': 0.7921115753819883, 'precision_micro': 0.7933034974307973, 'precision_weighted': 0.7940547557269878, 'recall_macro': 0.7880766769399267, 'recall_micro': 0.7933034974307973, 'recall_weighted': 0.7933034974307973}
-----------------------
Epoch 35/100
Training statistic: Loss: 0.4244, train_score: {'accuracy': 0.94245, 'balanced_accuracy': 0.9247796808493517, 'f1_macro': 0.934255132499711, 'f1_micro': 0.94245, 'f1_weighted': 0.9422145164451907, 'precision_macro': 0.9460625032941674, 'precision_micro': 0.94245, 'precision_weighted': 0.9434798415839251, 'recall_macro': 0.9247796808493517, 'recall_micro': 0.94245, 'recall_weighted': 0.94245}
Validation statistic: Loss: 0.6478, dev_score: {'accuracy': 0.7961213326703133, 'balanced_accuracy': 0.791149628503661, 'f1_macro': 0.7919601515958433, 'f1_micro': 0.7961213326703133, 'f1_weighted': 0.7955750013684318, 'precision_macro': 0.7949898680696316, 'precision_micro': 0.7961213326703133, 'precision_weighted': 0.7971642582540779, 'recall_macro': 0.791149628503661, 'recall_micro': 0.7961213326703133, 'recall_weighted': 0.7961213326703133}
Saving model...
Model saved!
-------------------------------------------
-----------------------
Epoch 36/100
Training statistic: Loss: 0.4301, train_score: {'accuracy': 0.94229, 'balanced_accuracy': 0.928073218657701, 'f1_macro': 0.9350398217694265, 'f1_micro': 0.94229, 'f1_weighted': 0.9420570660372417, 'precision_macro': 0.9435724420615805, 'precision_micro': 0.94229, 'precision_weighted': 0.9427678674781415, 'recall_macro': 0.928073218657701, 'recall_micro': 0.94229, 'recall_weighted': 0.94229}
Validation statistic: Loss: 0.6545, dev_score: {'accuracy': 0.7942980275153323, 'balanced_accuracy': 0.7892383940515927, 'f1_macro': 0.7901495730833036, 'f1_micro': 0.7942980275153323, 'f1_weighted': 0.7937427785308423, 'precision_macro': 0.7927295040791946, 'precision_micro': 0.7942980275153323, 'precision_weighted': 0.7948134208708336, 'recall_macro': 0.7892383940515927, 'recall_micro': 0.7942980275153323, 'recall_weighted': 0.7942980275153323}
-----------------------
Epoch 37/100
Training statistic: Loss: 0.4228, train_score: {'accuracy': 0.94194, 'balanced_accuracy': 0.9233952977458841, 'f1_macro': 0.9336716030036023, 'f1_micro': 0.94194, 'f1_weighted': 0.9415364698232579, 'precision_macro': 0.9464996162688657, 'precision_micro': 0.94194, 'precision_weighted': 0.94256602609636, 'recall_macro': 0.9233952977458841, 'recall_micro': 0.94194, 'recall_weighted': 0.94194}
Validation statistic: Loss: 0.6534, dev_score: {'accuracy': 0.7944637825294215, 'balanced_accuracy': 0.7891727508189341, 'f1_macro': 0.7900928475292449, 'f1_micro': 0.7944637825294215, 'f1_weighted': 0.7937900787255512, 'precision_macro': 0.7936654707010941, 'precision_micro': 0.7944637825294215, 'precision_weighted': 0.7956686402789422, 'recall_macro': 0.7891727508189341, 'recall_micro': 0.7944637825294215, 'recall_weighted': 0.7944637825294215}
-----------------------
Epoch 38/100
Training statistic: Loss: 0.4167, train_score: {'accuracy': 0.94388, 'balanced_accuracy': 0.9288097015678887, 'f1_macro': 0.9370187917615576, 'f1_micro': 0.94388, 'f1_weighted': 0.94368698601812, 'precision_macro': 0.946376990592875, 'precision_micro': 0.94388, 'precision_weighted': 0.9442318053213744, 'recall_macro': 0.9288097015678887, 'recall_micro': 0.94388, 'recall_weighted': 0.94388}
Validation statistic: Loss: 0.6472, dev_score: {'accuracy': 0.7949610475716891, 'balanced_accuracy': 0.789905315972171, 'f1_macro': 0.7909645321881358, 'f1_micro': 0.7949610475716891, 'f1_weighted': 0.794645470233416, 'precision_macro': 0.7943775401556836, 'precision_micro': 0.7949610475716891, 'precision_weighted': 0.7966038927271538, 'recall_macro': 0.789905315972171, 'recall_micro': 0.7949610475716891, 'recall_weighted': 0.7949610475716891}
Saving model...
Model saved!
-------------------------------------------
-----------------------
Epoch 39/100
Training statistic: Loss: 0.4194, train_score: {'accuracy': 0.94047, 'balanced_accuracy': 0.9197452264675071, 'f1_macro': 0.9316579858230734, 'f1_micro': 0.94047, 'f1_weighted': 0.9400806258556256, 'precision_macro': 0.9463312449680531, 'precision_micro': 0.94047, 'precision_weighted': 0.9413334034546754, 'recall_macro': 0.9197452264675071, 'recall_micro': 0.94047, 'recall_weighted': 0.94047}
Validation statistic: Loss: 0.6436, dev_score: {'accuracy': 0.7974473727830267, 'balanced_accuracy': 0.7926088081992759, 'f1_macro': 0.7933492785703531, 'f1_micro': 0.7974473727830267, 'f1_weighted': 0.7968764500297397, 'precision_macro': 0.7966112154725491, 'precision_micro': 0.7974473727830267, 'precision_weighted': 0.7987323383997551, 'recall_macro': 0.7926088081992759, 'recall_micro': 0.7974473727830267, 'recall_weighted': 0.7974473727830267}
Saving model...
Model saved!
-------------------------------------------
-----------------------
Epoch 40/100
Training statistic: Loss: 0.4187, train_score: {'accuracy': 0.94337, 'balanced_accuracy': 0.9258618113089714, 'f1_macro': 0.9348179124682392, 'f1_micro': 0.94337, 'f1_weighted': 0.9428850379761858, 'precision_macro': 0.9465620337099295, 'precision_micro': 0.94337, 'precision_weighted': 0.9440760711108417, 'recall_macro': 0.9258618113089714, 'recall_micro': 0.94337, 'recall_weighted': 0.94337}
Validation statistic: Loss: 0.6497, dev_score: {'accuracy': 0.7966185977125808, 'balanced_accuracy': 0.7916070478477606, 'f1_macro': 0.7922145387519264, 'f1_micro': 0.7966185977125808, 'f1_weighted': 0.7957744278278855, 'precision_macro': 0.7962128247871216, 'precision_micro': 0.7966185977125808, 'precision_weighted': 0.7981943454045085, 'recall_macro': 0.7916070478477606, 'recall_micro': 0.7966185977125808, 'recall_weighted': 0.7966185977125808}
-----------------------
Epoch 41/100
Training statistic: Loss: 0.4126, train_score: {'accuracy': 0.94358, 'balanced_accuracy': 0.9247937043402829, 'f1_macro': 0.9353699689862666, 'f1_micro': 0.94358, 'f1_weighted': 0.9430802286923275, 'precision_macro': 0.9487533638749943, 'precision_micro': 0.94358, 'precision_weighted': 0.944194221482627, 'recall_macro': 0.9247937043402829, 'recall_micro': 0.94358, 'recall_weighted': 0.94358}
Validation statistic: Loss: 0.6469, dev_score: {'accuracy': 0.7946295375435107, 'balanced_accuracy': 0.7892876822219786, 'f1_macro': 0.7901820518895957, 'f1_micro': 0.7946295375435107, 'f1_weighted': 0.793912583295679, 'precision_macro': 0.7936649143036705, 'precision_micro': 0.7946295375435107, 'precision_weighted': 0.7956943546249361, 'recall_macro': 0.7892876822219786, 'recall_micro': 0.7946295375435107, 'recall_weighted': 0.7946295375435107}
-----------------------
Epoch 42/100
Training statistic: Loss: 0.4179, train_score: {'accuracy': 0.94179, 'balanced_accuracy': 0.9196873226158715, 'f1_macro': 0.9323337455481961, 'f1_micro': 0.94179, 'f1_weighted': 0.9413616225547684, 'precision_macro': 0.9480734461848741, 'precision_micro': 0.94179, 'precision_weighted': 0.9427775181124809, 'recall_macro': 0.9196873226158715, 'recall_micro': 0.94179, 'recall_weighted': 0.94179}
Validation statistic: Loss: 0.6417, dev_score: {'accuracy': 0.79678435272667, 'balanced_accuracy': 0.7917379027454239, 'f1_macro': 0.7924758541392514, 'f1_micro': 0.79678435272667, 'f1_weighted': 0.7961613431503028, 'precision_macro': 0.7950827828262501, 'precision_micro': 0.79678435272667, 'precision_weighted': 0.7973488233670618, 'recall_macro': 0.7917379027454239, 'recall_micro': 0.79678435272667, 'recall_weighted': 0.79678435272667}
Saving model...
Model saved!
-------------------------------------------
-----------------------
Epoch 43/100
Training statistic: Loss: 0.4199, train_score: {'accuracy': 0.94246, 'balanced_accuracy': 0.9242130528163408, 'f1_macro': 0.9342378136120185, 'f1_micro': 0.94246, 'f1_weighted': 0.9420412976772158, 'precision_macro': 0.9466471832488145, 'precision_micro': 0.94246, 'precision_weighted': 0.94317819580339, 'recall_macro': 0.9242130528163408, 'recall_micro': 0.94246, 'recall_weighted': 0.94246}
Validation statistic: Loss: 0.6492, dev_score: {'accuracy': 0.7942980275153323, 'balanced_accuracy': 0.789130620366094, 'f1_macro': 0.789867452495922, 'f1_micro': 0.7942980275153323, 'f1_weighted': 0.7935703912929452, 'precision_macro': 0.7934054279587958, 'precision_micro': 0.7942980275153323, 'precision_weighted': 0.795518003444761, 'recall_macro': 0.789130620366094, 'recall_micro': 0.7942980275153323, 'recall_weighted': 0.7942980275153323}
-----------------------
Epoch 44/100
Training statistic: Loss: 0.4126, train_score: {'accuracy': 0.9463, 'balanced_accuracy': 0.9281680405663965, 'f1_macro': 0.93834766773985, 'f1_micro': 0.9463, 'f1_weighted': 0.9459693007223061, 'precision_macro': 0.9505295674729863, 'precision_micro': 0.9463, 'precision_weighted': 0.946714848610875, 'recall_macro': 0.9281680405663965, 'recall_micro': 0.9463, 'recall_weighted': 0.9463}
Validation statistic: Loss: 0.6447, dev_score: {'accuracy': 0.7938007624730649, 'balanced_accuracy': 0.7887969312962373, 'f1_macro': 0.7894150489880636, 'f1_micro': 0.7938007624730649, 'f1_weighted': 0.7931591811608177, 'precision_macro': 0.7915755374899648, 'precision_micro': 0.7938007624730649, 'precision_weighted': 0.7940199817083085, 'recall_macro': 0.7887969312962373, 'recall_micro': 0.7938007624730649, 'recall_weighted': 0.7938007624730649}
-----------------------
Epoch 45/100
Training statistic: Loss: 0.4086, train_score: {'accuracy': 0.94584, 'balanced_accuracy': 0.9256927188750866, 'f1_macro': 0.9374700356341735, 'f1_micro': 0.94584, 'f1_weighted': 0.9454951183022366, 'precision_macro': 0.9516622553941987, 'precision_micro': 0.94584, 'precision_weighted': 0.9464874912027913, 'recall_macro': 0.9256927188750866, 'recall_micro': 0.94584, 'recall_weighted': 0.94584}
Validation statistic: Loss: 0.6449, dev_score: {'accuracy': 0.7924747223603514, 'balanced_accuracy': 0.787126986811032, 'f1_macro': 0.7883133830512599, 'f1_micro': 0.7924747223603514, 'f1_weighted': 0.7921278613277121, 'precision_macro': 0.7911856427229769, 'precision_micro': 0.7924747223603514, 'precision_weighted': 0.7934490509725355, 'recall_macro': 0.787126986811032, 'recall_micro': 0.7924747223603514, 'recall_weighted': 0.7924747223603514}
-----------------------
Epoch 46/100
Training statistic: Loss: 0.4105, train_score: {'accuracy': 0.94531, 'balanced_accuracy': 0.927648913854112, 'f1_macro': 0.9372041490729608, 'f1_micro': 0.94531, 'f1_weighted': 0.9450906045414181, 'precision_macro': 0.9486885200474824, 'precision_micro': 0.94531, 'precision_weighted': 0.9460208913766491, 'recall_macro': 0.927648913854112, 'recall_micro': 0.94531, 'recall_weighted': 0.94531}
Validation statistic: Loss: 0.6505, dev_score: {'accuracy': 0.792971987402619, 'balanced_accuracy': 0.7879296520169994, 'f1_macro': 0.7890237353647999, 'f1_micro': 0.792971987402619, 'f1_weighted': 0.7928508669339644, 'precision_macro': 0.7918456421352513, 'precision_micro': 0.792971987402619, 'precision_weighted': 0.7943981884321973, 'recall_macro': 0.7879296520169994, 'recall_micro': 0.792971987402619, 'recall_weighted': 0.792971987402619}
-----------------------
Epoch 47/100
Training statistic: Loss: 0.4091, train_score: {'accuracy': 0.94768, 'balanced_accuracy': 0.9334136153896841, 'f1_macro': 0.9404213592104345, 'f1_micro': 0.94768, 'f1_weighted': 0.947498124100144, 'precision_macro': 0.9486687230657429, 'precision_micro': 0.94768, 'precision_weighted': 0.9481278099944338, 'recall_macro': 0.9334136153896841, 'recall_micro': 0.94768, 'recall_weighted': 0.94768}
Validation statistic: Loss: 0.6512, dev_score: {'accuracy': 0.7933034974307973, 'balanced_accuracy': 0.7881332311431809, 'f1_macro': 0.7890797057327612, 'f1_micro': 0.7933034974307973, 'f1_weighted': 0.7928059404327151, 'precision_macro': 0.7923431061083205, 'precision_micro': 0.7933034974307973, 'precision_weighted': 0.7945393903281835, 'recall_macro': 0.7881332311431809, 'recall_micro': 0.7933034974307973, 'recall_weighted': 0.7933034974307973}
-----------------------
Epoch 48/100
Training statistic: Loss: 0.4113, train_score: {'accuracy': 0.94496, 'balanced_accuracy': 0.9263280241912341, 'f1_macro': 0.9362065795719733, 'f1_micro': 0.94496, 'f1_weighted': 0.9445944155392725, 'precision_macro': 0.948577465806926, 'precision_micro': 0.94496, 'precision_weighted': 0.9456234682654411, 'recall_macro': 0.9263280241912341, 'recall_micro': 0.94496, 'recall_weighted': 0.94496}
Validation statistic: Loss: 0.6518, dev_score: {'accuracy': 0.7923089673462622, 'balanced_accuracy': 0.7869653342391496, 'f1_macro': 0.7879609222442356, 'f1_micro': 0.7923089673462622, 'f1_weighted': 0.7917506039581708, 'precision_macro': 0.7917940185396334, 'precision_micro': 0.7923089673462622, 'precision_weighted': 0.7939398033204793, 'recall_macro': 0.7869653342391496, 'recall_micro': 0.7923089673462622, 'recall_weighted': 0.7923089673462622}
-----------------------
Epoch 49/100
Training statistic: Loss: 0.4073, train_score: {'accuracy': 0.94643, 'balanced_accuracy': 0.92834851144884, 'f1_macro': 0.9380875902449871, 'f1_micro': 0.94643, 'f1_weighted': 0.9461204887811022, 'precision_macro': 0.9497990393435192, 'precision_micro': 0.94643, 'precision_weighted': 0.9469533651695036, 'recall_macro': 0.92834851144884, 'recall_micro': 0.94643, 'recall_weighted': 0.94643}
Validation statistic: Loss: 0.6605, dev_score: {'accuracy': 0.7914801922758163, 'balanced_accuracy': 0.7862564680281284, 'f1_macro': 0.7870116120632508, 'f1_micro': 0.7914801922758163, 'f1_weighted': 0.7908336845784261, 'precision_macro': 0.7900670312595591, 'precision_micro': 0.7914801922758163, 'precision_weighted': 0.7924109338167628, 'recall_macro': 0.7862564680281284, 'recall_micro': 0.7914801922758163, 'recall_weighted': 0.7914801922758163}
-----------------------
Epoch 50/100
Training statistic: Loss: 0.4054, train_score: {'accuracy': 0.94476, 'balanced_accuracy': 0.9251955017997415, 'f1_macro': 0.9368154249568864, 'f1_micro': 0.94476, 'f1_weighted': 0.944440689121004, 'precision_macro': 0.9506238670194301, 'precision_micro': 0.94476, 'precision_weighted': 0.9454333540965987, 'recall_macro': 0.9251955017997415, 'recall_micro': 0.94476, 'recall_weighted': 0.94476}
Validation statistic: Loss: 0.6488, dev_score: {'accuracy': 0.7951268025857782, 'balanced_accuracy': 0.7900040556518094, 'f1_macro': 0.7910496973718227, 'f1_micro': 0.7951268025857782, 'f1_weighted': 0.7947928037486052, 'precision_macro': 0.7936747460772924, 'precision_micro': 0.7951268025857782, 'precision_weighted': 0.7960069791707957, 'recall_macro': 0.7900040556518094, 'recall_micro': 0.7951268025857782, 'recall_weighted': 0.7951268025857782}
-----------------------
Epoch 51/100
Training statistic: Loss: 0.4076, train_score: {'accuracy': 0.95134, 'balanced_accuracy': 0.9369158064698497, 'f1_macro': 0.9447388109097391, 'f1_micro': 0.95134, 'f1_weighted': 0.9511355037679812, 'precision_macro': 0.953722659194533, 'precision_micro': 0.95134, 'precision_weighted': 0.9515672898870551, 'recall_macro': 0.9369158064698497, 'recall_micro': 0.95134, 'recall_weighted': 0.95134}
Validation statistic: Loss: 0.6491, dev_score: {'accuracy': 0.792971987402619, 'balanced_accuracy': 0.7878910709480809, 'f1_macro': 0.7888770239044892, 'f1_micro': 0.792971987402619, 'f1_weighted': 0.792579190551542, 'precision_macro': 0.7919583676492035, 'precision_micro': 0.792971987402619, 'precision_weighted': 0.7942143113837977, 'recall_macro': 0.7878910709480809, 'recall_micro': 0.792971987402619, 'recall_weighted': 0.792971987402619}
-----------------------
Epoch 52/100
Training statistic: Loss: 0.4055, train_score: {'accuracy': 0.94674, 'balanced_accuracy': 0.9314028945828483, 'f1_macro': 0.9393709231914148, 'f1_micro': 0.94674, 'f1_weighted': 0.9465204526472725, 'precision_macro': 0.9488992502599842, 'precision_micro': 0.94674, 'precision_weighted': 0.9472669388825437, 'recall_macro': 0.9314028945828483, 'recall_micro': 0.94674, 'recall_weighted': 0.94674}
Validation statistic: Loss: 0.6551, dev_score: {'accuracy': 0.7926404773744405, 'balanced_accuracy': 0.7873858342158712, 'f1_macro': 0.7884331713130189, 'f1_micro': 0.7926404773744405, 'f1_weighted': 0.7921932914183105, 'precision_macro': 0.7919287180721708, 'precision_micro': 0.7926404773744405, 'precision_weighted': 0.7941146829472144, 'recall_macro': 0.7873858342158712, 'recall_micro': 0.7926404773744405, 'recall_weighted': 0.7926404773744405}
-----------------------
Epoch 53/100
Training statistic: Loss: 0.4034, train_score: {'accuracy': 0.94577, 'balanced_accuracy': 0.9274374307943016, 'f1_macro': 0.9386435885320916, 'f1_micro': 0.94577, 'f1_weighted': 0.9454679587513631, 'precision_macro': 0.9518059377449164, 'precision_micro': 0.94577, 'precision_weighted': 0.9464266798275969, 'recall_macro': 0.9274374307943016, 'recall_micro': 0.94577, 'recall_weighted': 0.94577}
Validation statistic: Loss: 0.6519, dev_score: {'accuracy': 0.7928062323885298, 'balanced_accuracy': 0.7876458276853363, 'f1_macro': 0.7887254485422804, 'f1_micro': 0.7928062323885298, 'f1_weighted': 0.7924178798039024, 'precision_macro': 0.7920540858663998, 'precision_micro': 0.7928062323885298, 'precision_weighted': 0.7942002885452948, 'recall_macro': 0.7876458276853363, 'recall_micro': 0.7928062323885298, 'recall_weighted': 0.7928062323885298}
-----------------------
Epoch 54/100
Training statistic: Loss: 0.4047, train_score: {'accuracy': 0.94732, 'balanced_accuracy': 0.9309608363072217, 'f1_macro': 0.9398275963024891, 'f1_micro': 0.94732, 'f1_weighted': 0.9470205145966034, 'precision_macro': 0.950554021716307, 'precision_micro': 0.94732, 'precision_weighted': 0.9479051476600443, 'recall_macro': 0.9309608363072217, 'recall_micro': 0.94732, 'recall_weighted': 0.94732}
Validation statistic: Loss: 0.6448, dev_score: {'accuracy': 0.7961213326703133, 'balanced_accuracy': 0.7911074834836586, 'f1_macro': 0.7916973571967623, 'f1_micro': 0.7961213326703133, 'f1_weighted': 0.795414060526889, 'precision_macro': 0.7945588867666, 'precision_micro': 0.7961213326703133, 'precision_weighted': 0.7968743366527257, 'recall_macro': 0.7911074834836586, 'recall_micro': 0.7961213326703133, 'recall_weighted': 0.7961213326703133}
-----------------------
Epoch 55/100
Training statistic: Loss: 0.3981, train_score: {'accuracy': 0.95019, 'balanced_accuracy': 0.9337273542630717, 'f1_macro': 0.9428382508605241, 'f1_micro': 0.95019, 'f1_weighted': 0.9499403487412731, 'precision_macro': 0.9535562188735535, 'precision_micro': 0.95019, 'precision_weighted': 0.9506146417279508, 'recall_macro': 0.9337273542630717, 'recall_micro': 0.95019, 'recall_weighted': 0.95019}
Validation statistic: Loss: 0.6436, dev_score: {'accuracy': 0.7962870876844025, 'balanced_accuracy': 0.7914780034662553, 'f1_macro': 0.791967006034503, 'f1_micro': 0.7962870876844025, 'f1_weighted': 0.7956270314802651, 'precision_macro': 0.7944737873707856, 'precision_micro': 0.7962870876844025, 'precision_weighted': 0.7969086111360515, 'recall_macro': 0.7914780034662553, 'recall_micro': 0.7962870876844025, 'recall_weighted': 0.7962870876844025}
-----------------------
Epoch 56/100
Training statistic: Loss: 0.3969, train_score: {'accuracy': 0.94817, 'balanced_accuracy': 0.9302931952666083, 'f1_macro': 0.9403051252716838, 'f1_micro': 0.94817, 'f1_weighted': 0.9478916547992994, 'precision_macro': 0.9521901438079011, 'precision_micro': 0.94817, 'precision_weighted': 0.9486577686686111, 'recall_macro': 0.9302931952666083, 'recall_micro': 0.94817, 'recall_weighted': 0.94817}
Validation statistic: Loss: 0.6533, dev_score: {'accuracy': 0.793966517487154, 'balanced_accuracy': 0.788935429844462, 'f1_macro': 0.7900256158868573, 'f1_micro': 0.793966517487154, 'f1_weighted': 0.7937622872092822, 'precision_macro': 0.7930222068221389, 'precision_micro': 0.793966517487154, 'precision_weighted': 0.7954354126989243, 'recall_macro': 0.788935429844462, 'recall_micro': 0.793966517487154, 'recall_weighted': 0.793966517487154}
-----------------------
Epoch 57/100
Training statistic: Loss: 0.4009, train_score: {'accuracy': 0.94881, 'balanced_accuracy': 0.9318608363762131, 'f1_macro': 0.9412422078257769, 'f1_micro': 0.94881, 'f1_weighted': 0.948488816978963, 'precision_macro': 0.9529205929112422, 'precision_micro': 0.94881, 'precision_weighted': 0.9495000095545197, 'recall_macro': 0.9318608363762131, 'recall_micro': 0.94881, 'recall_weighted': 0.94881}
Validation statistic: Loss: 0.6484, dev_score: {'accuracy': 0.7952925575998674, 'balanced_accuracy': 0.7902846529486756, 'f1_macro': 0.7907930823179024, 'f1_micro': 0.7952925575998674, 'f1_weighted': 0.7944839083605612, 'precision_macro': 0.793633682492557, 'precision_micro': 0.7952925575998674, 'precision_weighted': 0.7959143778212368, 'recall_macro': 0.7902846529486756, 'recall_micro': 0.7952925575998674, 'recall_weighted': 0.7952925575998674}
-----------------------
Epoch 58/100
Training statistic: Loss: 0.3990, train_score: {'accuracy': 0.95065, 'balanced_accuracy': 0.9366512911366366, 'f1_macro': 0.9442569974691424, 'f1_micro': 0.95065, 'f1_weighted': 0.9504934636257657, 'precision_macro': 0.9529634756078241, 'precision_micro': 0.95065, 'precision_weighted': 0.9509991518493289, 'recall_macro': 0.9366512911366366, 'recall_micro': 0.95065, 'recall_weighted': 0.95065}
Validation statistic: Loss: 0.6466, dev_score: {'accuracy': 0.7951268025857782, 'balanced_accuracy': 0.7902263945559649, 'f1_macro': 0.7912060859126641, 'f1_micro': 0.7951268025857782, 'f1_weighted': 0.7947872761465207, 'precision_macro': 0.7941816692272063, 'precision_micro': 0.7951268025857782, 'precision_weighted': 0.7963702113168961, 'recall_macro': 0.7902263945559649, 'recall_micro': 0.7951268025857782, 'recall_weighted': 0.7951268025857782}
-----------------------
Epoch 59/100
Training statistic: Loss: 0.3992, train_score: {'accuracy': 0.94903, 'balanced_accuracy': 0.9305583182326964, 'f1_macro': 0.941210857331394, 'f1_micro': 0.94903, 'f1_weighted': 0.9487325778027929, 'precision_macro': 0.9536938703895672, 'precision_micro': 0.94903, 'precision_weighted': 0.9495065688978446, 'recall_macro': 0.9305583182326964, 'recall_micro': 0.94903, 'recall_weighted': 0.94903}
Validation statistic: Loss: 0.6534, dev_score: {'accuracy': 0.7926404773744405, 'balanced_accuracy': 0.7875930864293746, 'f1_macro': 0.7886896542057505, 'f1_micro': 0.7926404773744405, 'f1_weighted': 0.7925026378147307, 'precision_macro': 0.7921223024064317, 'precision_micro': 0.7926404773744405, 'precision_weighted': 0.7946360809139495, 'recall_macro': 0.7875930864293746, 'recall_micro': 0.7926404773744405, 'recall_weighted': 0.7926404773744405}
-----------------------
Epoch 60/100
Training statistic: Loss: 0.3981, train_score: {'accuracy': 0.95098, 'balanced_accuracy': 0.933818444389123, 'f1_macro': 0.9433106236806028, 'f1_micro': 0.95098, 'f1_weighted': 0.9506385577980483, 'precision_macro': 0.9551085354661515, 'precision_micro': 0.95098, 'precision_weighted': 0.9516505174013203, 'recall_macro': 0.933818444389123, 'recall_micro': 0.95098, 'recall_weighted': 0.95098}
Validation statistic: Loss: 0.6426, dev_score: {'accuracy': 0.7987734128957401, 'balanced_accuracy': 0.7937648084457244, 'f1_macro': 0.7944085647093995, 'f1_micro': 0.7987734128957401, 'f1_weighted': 0.7979121240220786, 'precision_macro': 0.7972175204023566, 'precision_micro': 0.7987734128957401, 'precision_weighted': 0.7991511958291064, 'recall_macro': 0.7937648084457244, 'recall_micro': 0.7987734128957401, 'recall_weighted': 0.7987734128957401}
-----------------------
Epoch 61/100
Training statistic: Loss: 0.4004, train_score: {'accuracy': 0.94697, 'balanced_accuracy': 0.9267731627413818, 'f1_macro': 0.9386185409081074, 'f1_micro': 0.94697, 'f1_weighted': 0.9465439946766018, 'precision_macro': 0.9533155184536563, 'precision_micro': 0.94697, 'precision_weighted': 0.9477634299030985, 'recall_macro': 0.9267731627413818, 'recall_micro': 0.94697, 'recall_weighted': 0.94697}
Validation statistic: Loss: 0.6519, dev_score: {'accuracy': 0.7934692524448864, 'balanced_accuracy': 0.7882776020738145, 'f1_macro': 0.7891309585947787, 'f1_micro': 0.7934692524448864, 'f1_weighted': 0.7928636944665439, 'precision_macro': 0.7922646782294376, 'precision_micro': 0.7934692524448864, 'precision_weighted': 0.7944673101146603, 'recall_macro': 0.7882776020738145, 'recall_micro': 0.7934692524448864, 'recall_weighted': 0.7934692524448864}
-----------------------
Epoch 62/100
Training statistic: Loss: 0.3958, train_score: {'accuracy': 0.94378, 'balanced_accuracy': 0.9236338524131611, 'f1_macro': 0.9352072524583743, 'f1_micro': 0.94378, 'f1_weighted': 0.9434085257064085, 'precision_macro': 0.9499551953280105, 'precision_micro': 0.94378, 'precision_weighted': 0.9450279367207651, 'recall_macro': 0.9236338524131611, 'recall_micro': 0.94378, 'recall_weighted': 0.94378}
Validation statistic: Loss: 0.6544, dev_score: {'accuracy': 0.7944637825294215, 'balanced_accuracy': 0.7894119678297915, 'f1_macro': 0.7904585811811634, 'f1_micro': 0.7944637825294215, 'f1_weighted': 0.7941351408822097, 'precision_macro': 0.7940872102820544, 'precision_micro': 0.7944637825294215, 'precision_weighted': 0.7962957915534892, 'recall_macro': 0.7894119678297915, 'recall_micro': 0.7944637825294215, 'recall_weighted': 0.7944637825294215}
-----------------------
Epoch 63/100
Training statistic: Loss: 0.3947, train_score: {'accuracy': 0.94927, 'balanced_accuracy': 0.9302406845048227, 'f1_macro': 0.940876102880473, 'f1_micro': 0.94927, 'f1_weighted': 0.9489419639846964, 'precision_macro': 0.953868239782875, 'precision_micro': 0.94927, 'precision_weighted': 0.9499313725437725, 'recall_macro': 0.9302406845048227, 'recall_micro': 0.94927, 'recall_weighted': 0.94927}
Validation statistic: Loss: 0.6480, dev_score: {'accuracy': 0.7961213326703133, 'balanced_accuracy': 0.7911356430654097, 'f1_macro': 0.7918563589768179, 'f1_micro': 0.7961213326703133, 'f1_weighted': 0.7955269923651039, 'precision_macro': 0.7944382397693119, 'precision_micro': 0.7961213326703133, 'precision_weighted': 0.7967470290055207, 'recall_macro': 0.7911356430654097, 'recall_micro': 0.7961213326703133, 'recall_weighted': 0.7961213326703133}
-----------------------
Epoch 64/100
Training statistic: Loss: 0.3940, train_score: {'accuracy': 0.94704, 'balanced_accuracy': 0.9285991233175246, 'f1_macro': 0.9389324845959075, 'f1_micro': 0.94704, 'f1_weighted': 0.9466733227421921, 'precision_macro': 0.9518978826614586, 'precision_micro': 0.94704, 'precision_weighted': 0.9479594611961429, 'recall_macro': 0.9285991233175246, 'recall_micro': 0.94704, 'recall_weighted': 0.94704}
Validation statistic: Loss: 0.6465, dev_score: {'accuracy': 0.7949610475716891, 'balanced_accuracy': 0.7897559306705406, 'f1_macro': 0.7903160377874412, 'f1_micro': 0.7949610475716891, 'f1_weighted': 0.7941127089424038, 'precision_macro': 0.7943568342939845, 'precision_micro': 0.7949610475716891, 'precision_weighted': 0.7965772902130226, 'recall_macro': 0.7897559306705406, 'recall_micro': 0.7949610475716891, 'recall_weighted': 0.7949610475716891}
-----------------------
Epoch 65/100
Training statistic: Loss: 0.3957, train_score: {'accuracy': 0.94722, 'balanced_accuracy': 0.9281512241540512, 'f1_macro': 0.9401312085723916, 'f1_micro': 0.94722, 'f1_weighted': 0.9468746167400243, 'precision_macro': 0.9547951441079103, 'precision_micro': 0.94722, 'precision_weighted': 0.9482367350286656, 'recall_macro': 0.9281512241540512, 'recall_micro': 0.94722, 'recall_weighted': 0.94722}
Validation statistic: Loss: 0.6494, dev_score: {'accuracy': 0.7942980275153323, 'balanced_accuracy': 0.7889957988614444, 'f1_macro': 0.7899917038976783, 'f1_micro': 0.7942980275153323, 'f1_weighted': 0.7937134367766533, 'precision_macro': 0.793376762142013, 'precision_micro': 0.7942980275153323, 'precision_weighted': 0.7954503825272694, 'recall_macro': 0.7889957988614444, 'recall_micro': 0.7942980275153323, 'recall_weighted': 0.7942980275153323}
-----------------------
Epoch 66/100
Training statistic: Loss: 0.3957, train_score: {'accuracy': 0.94998, 'balanced_accuracy': 0.9311681976897747, 'f1_macro': 0.9423221061715085, 'f1_micro': 0.94998, 'f1_weighted': 0.9496802100674644, 'precision_macro': 0.9555130906714044, 'precision_micro': 0.94998, 'precision_weighted': 0.9505609697923499, 'recall_macro': 0.9311681976897747, 'recall_micro': 0.94998, 'recall_weighted': 0.94998}
Validation statistic: Loss: 0.6478, dev_score: {'accuracy': 0.7947952925575998, 'balanced_accuracy': 0.7897956066557222, 'f1_macro': 0.7908390896289365, 'f1_micro': 0.7947952925575998, 'f1_weighted': 0.7945530381088207, 'precision_macro': 0.7939449267456993, 'precision_micro': 0.7947952925575998, 'precision_weighted': 0.7963332466909919, 'recall_macro': 0.7897956066557222, 'recall_micro': 0.7947952925575998, 'recall_weighted': 0.7947952925575998}
-----------------------
Epoch 67/100
Training statistic: Loss: 0.3983, train_score: {'accuracy': 0.94797, 'balanced_accuracy': 0.9278607556074924, 'f1_macro': 0.9398038233640558, 'f1_micro': 0.94797, 'f1_weighted': 0.9476086909451884, 'precision_macro': 0.9544425557840626, 'precision_micro': 0.94797, 'precision_weighted': 0.9488685671867318, 'recall_macro': 0.9278607556074924, 'recall_micro': 0.94797, 'recall_weighted': 0.94797}
Validation statistic: Loss: 0.6530, dev_score: {'accuracy': 0.7938007624730649, 'balanced_accuracy': 0.7887416337359789, 'f1_macro': 0.7897076484203932, 'f1_micro': 0.7938007624730649, 'f1_weighted': 0.793514488558424, 'precision_macro': 0.792990366025862, 'precision_micro': 0.7938007624730649, 'precision_weighted': 0.7954951196650657, 'recall_macro': 0.7887416337359789, 'recall_micro': 0.7938007624730649, 'recall_weighted': 0.7938007624730649}
-----------------------
Epoch 68/100
Training statistic: Loss: 0.3966, train_score: {'accuracy': 0.95011, 'balanced_accuracy': 0.9357258429063041, 'f1_macro': 0.9441121423579032, 'f1_micro': 0.95011, 'f1_weighted': 0.9499009985373769, 'precision_macro': 0.9538951870145669, 'precision_micro': 0.95011, 'precision_weighted': 0.9506035073612229, 'recall_macro': 0.9357258429063041, 'recall_micro': 0.95011, 'recall_weighted': 0.95011}
Validation statistic: Loss: 0.6536, dev_score: {'accuracy': 0.7949610475716891, 'balanced_accuracy': 0.7897778539718574, 'f1_macro': 0.7907132668265467, 'f1_micro': 0.7949610475716891, 'f1_weighted': 0.7944226054260544, 'precision_macro': 0.794480817618249, 'precision_micro': 0.7949610475716891, 'precision_weighted': 0.7966127859086858, 'recall_macro': 0.7897778539718574, 'recall_micro': 0.7949610475716891, 'recall_weighted': 0.7949610475716891}
-----------------------
Epoch 69/100
Training statistic: Loss: 0.3919, train_score: {'accuracy': 0.9511, 'balanced_accuracy': 0.9332761342495001, 'f1_macro': 0.9435701381114786, 'f1_micro': 0.9511, 'f1_weighted': 0.9508570584131865, 'precision_macro': 0.9563147154198293, 'precision_micro': 0.9511, 'precision_weighted': 0.9521033185444839, 'recall_macro': 0.9332761342495001, 'recall_micro': 0.9511, 'recall_weighted': 0.9511}
Validation statistic: Loss: 0.6487, dev_score: {'accuracy': 0.7949610475716891, 'balanced_accuracy': 0.7900634907534947, 'f1_macro': 0.7909119733954155, 'f1_micro': 0.7949610475716891, 'f1_weighted': 0.7945959276569167, 'precision_macro': 0.7940697696634162, 'precision_micro': 0.7949610475716891, 'precision_weighted': 0.79646887631766, 'recall_macro': 0.7900634907534947, 'recall_micro': 0.7949610475716891, 'recall_weighted': 0.7949610475716891}
-----------------------
Epoch 70/100
Training statistic: Loss: 0.3875, train_score: {'accuracy': 0.95316, 'balanced_accuracy': 0.9378188929978224, 'f1_macro': 0.9468410320640137, 'f1_micro': 0.95316, 'f1_weighted': 0.9529101942683008, 'precision_macro': 0.9573837076351601, 'precision_micro': 0.95316, 'precision_weighted': 0.9534726937281083, 'recall_macro': 0.9378188929978224, 'recall_micro': 0.95316, 'recall_weighted': 0.95316}
Validation statistic: Loss: 0.6513, dev_score: {'accuracy': 0.7941322725012432, 'balanced_accuracy': 0.78885674056193, 'f1_macro': 0.7898060002645726, 'f1_micro': 0.7941322725012432, 'f1_weighted': 0.793485860094834, 'precision_macro': 0.7933927814394626, 'precision_micro': 0.7941322725012432, 'precision_weighted': 0.7953930078184709, 'recall_macro': 0.78885674056193, 'recall_micro': 0.7941322725012432, 'recall_weighted': 0.7941322725012432}
-----------------------
Epoch 71/100
Training statistic: Loss: 0.3940, train_score: {'accuracy': 0.95324, 'balanced_accuracy': 0.9422410320664458, 'f1_macro': 0.9479315428515159, 'f1_micro': 0.95324, 'f1_weighted': 0.9530774594670973, 'precision_macro': 0.9545203497879982, 'precision_micro': 0.95324, 'precision_weighted': 0.9535708088602207, 'recall_macro': 0.9422410320664458, 'recall_micro': 0.95324, 'recall_weighted': 0.95324}
Validation statistic: Loss: 0.6466, dev_score: {'accuracy': 0.7976131277971159, 'balanced_accuracy': 0.7924584050093969, 'f1_macro': 0.7932324819349359, 'f1_micro': 0.7976131277971159, 'f1_weighted': 0.7968276349842975, 'precision_macro': 0.7968182240902373, 'precision_micro': 0.7976131277971159, 'precision_weighted': 0.7987303141191888, 'recall_macro': 0.7924584050093969, 'recall_micro': 0.7976131277971159, 'recall_weighted': 0.7976131277971159}
-----------------------
Epoch 72/100
Training statistic: Loss: 0.3966, train_score: {'accuracy': 0.94948, 'balanced_accuracy': 0.9344440893274875, 'f1_macro': 0.9425828281859495, 'f1_micro': 0.94948, 'f1_weighted': 0.9492348747691846, 'precision_macro': 0.9524246521336144, 'precision_micro': 0.94948, 'precision_weighted': 0.9500617371595702, 'recall_macro': 0.9344440893274875, 'recall_micro': 0.94948, 'recall_weighted': 0.94948}
Validation statistic: Loss: 0.6500, dev_score: {'accuracy': 0.7946295375435107, 'balanced_accuracy': 0.7895164001766083, 'f1_macro': 0.7901880175315623, 'f1_micro': 0.7946295375435107, 'f1_weighted': 0.7939409365794258, 'precision_macro': 0.7937812644736242, 'precision_micro': 0.7946295375435107, 'precision_weighted': 0.7960592257466259, 'recall_macro': 0.7895164001766083, 'recall_micro': 0.7946295375435107, 'recall_weighted': 0.7946295375435107}
-----------------------
Epoch 73/100
Training statistic: Loss: 0.3914, train_score: {'accuracy': 0.95147, 'balanced_accuracy': 0.9344124969893283, 'f1_macro': 0.9442441677460136, 'f1_micro': 0.95147, 'f1_weighted': 0.9511831339322468, 'precision_macro': 0.9563377028387772, 'precision_micro': 0.95147, 'precision_weighted': 0.9521993989494989, 'recall_macro': 0.9344124969893283, 'recall_micro': 0.95147, 'recall_weighted': 0.95147}
Validation statistic: Loss: 0.6549, dev_score: {'accuracy': 0.7949610475716891, 'balanced_accuracy': 0.7898280971303894, 'f1_macro': 0.7906523017808816, 'f1_micro': 0.7949610475716891, 'f1_weighted': 0.794298585270506, 'precision_macro': 0.7942057473102049, 'precision_micro': 0.7949610475716891, 'precision_weighted': 0.7962706650169924, 'recall_macro': 0.7898280971303894, 'recall_micro': 0.7949610475716891, 'recall_weighted': 0.7949610475716891}
Early stopping by loss triggered!
Testing statistic: loss: 0.6783134634825858, scores: {'accuracy': 0.7857793983591613, 'balanced_accuracy': 0.7851068956867034, 'f1_macro': 0.7851059390775806, 'f1_micro': 0.7857793983591613, 'f1_weighted': 0.7855121928990758, 'precision_macro': 0.7864969342921915, 'precision_micro': 0.7857793983591613, 'precision_weighted': 0.7866403019428574, 'recall_macro': 0.7851068956867034, 'recall_micro': 0.7857793983591613, 'recall_weighted': 0.7857793983591613}
Finish training!
