=====Setting up data=====
Dataset name:mnist12
train_option:mix
augment_option:compare_rf
mix_ratio:-1
n_sample:-1
Training dataset size: 154112 samples
Validation dataset size: 6144 samples

=====Setting up parameters for training=====
num_epochs: 100
learning_rate: 0.001
patience: 30
early_stop_criterion: loss
=====Setting up trainer=====
input_size: 144
model: DNN_MNIST12
----------------------------------------------------------------
        Layer (type)               Output Shape         Param #
================================================================
           Dropout-1                  [-1, 144]               0
            Linear-2                 [-1, 1024]         148,480
         LeakyReLU-3                 [-1, 1024]               0
       BatchNorm1d-4                 [-1, 1024]           2,048
           Dropout-5                 [-1, 1024]               0
            Linear-6                 [-1, 1024]       1,049,600
         LeakyReLU-7                 [-1, 1024]               0
       BatchNorm1d-8                 [-1, 1024]           2,048
           Dropout-9                 [-1, 1024]               0
           Linear-10                  [-1, 256]         262,400
        LeakyReLU-11                  [-1, 256]               0
      BatchNorm1d-12                  [-1, 256]             512
          Dropout-13                  [-1, 256]               0
================================================================
Total params: 1,465,088
Trainable params: 1,465,088
Non-trainable params: 0
----------------------------------------------------------------
Input size (MB): 0.00
Forward/backward pass size (MB): 0.07
Params size (MB): 5.59
Estimated Total Size (MB): 5.66
----------------------------------------------------------------
=====Setting up output files=====
weight_dir, weight_file: /home/thuy/Research/minh_data_synth/TabularDA/output/corrected_v2/mnist12/weight/, mnist12_seed43_ctgan_full_rf_mix.weights.pth
acc_dir, acc_file: /home/thuy/Research/minh_data_synth/TabularDA/output/corrected_v2/mnist12/acc/, mnist12_seed43_ctgan_full_rf_mix.epochs.csv
report_file: mnist12_seed43_ctgan_full_rf_mix.report.txt
==========================================================================================
Start training...
-----------------------
Epoch 1/100
Training statistic: Loss: 1.8537, train_score: {'accuracy': 0.8036912533907874, 'balanced_accuracy': 0.7797383244105441, 'f1_macro': 0.7881792985118115, 'f1_micro': 0.8036912533907874, 'f1_weighted': 0.801799103061522, 'precision_macro': 0.7998324194057116, 'precision_micro': 0.8036912533907874, 'precision_weighted': 0.8029817459947745, 'recall_macro': 0.7797383244105441, 'recall_micro': 0.8036912533907874, 'recall_weighted': 0.8036912533907874}
Validation statistic: Loss: 1.5273, dev_score: {'accuracy': 0.8567876678269518, 'balanced_accuracy': 0.8533184088377468, 'f1_macro': 0.8539168152062334, 'f1_micro': 0.8567876678269518, 'f1_weighted': 0.8565330234203214, 'precision_macro': 0.8587193383872584, 'precision_micro': 0.8567876678269518, 'precision_weighted': 0.8602800136156481, 'recall_macro': 0.8533184088377468, 'recall_micro': 0.8567876678269518, 'recall_weighted': 0.8567876678269518}
Saving model...
Model saved!
-------------------------------------------
-----------------------
Epoch 2/100
Training statistic: Loss: 1.5359, train_score: {'accuracy': 0.8182083663218555, 'balanced_accuracy': 0.7946749881629827, 'f1_macro': 0.8044697027417804, 'f1_micro': 0.8182083663218555, 'f1_weighted': 0.8162019600926351, 'precision_macro': 0.8177107874722604, 'precision_micro': 0.8182083663218555, 'precision_weighted': 0.8179381147083095, 'recall_macro': 0.7946749881629827, 'recall_micro': 0.8182083663218555, 'recall_weighted': 0.8182083663218555}
Validation statistic: Loss: 1.2252, dev_score: {'accuracy': 0.8751864743908503, 'balanced_accuracy': 0.8721444003894702, 'f1_macro': 0.872862692549465, 'f1_micro': 0.8751864743908503, 'f1_weighted': 0.8750132492436228, 'precision_macro': 0.8771667314052716, 'precision_micro': 0.8751864743908503, 'precision_weighted': 0.8782544594573607, 'recall_macro': 0.8721444003894702, 'recall_micro': 0.8751864743908503, 'recall_weighted': 0.8751864743908503}
Saving model...
Model saved!
-------------------------------------------
-----------------------
Epoch 3/100
Training statistic: Loss: 1.3218, train_score: {'accuracy': 0.8260996534582787, 'balanced_accuracy': 0.8034599073091959, 'f1_macro': 0.8128030445560126, 'f1_micro': 0.8260996534582787, 'f1_weighted': 0.8244814310413988, 'precision_macro': 0.825106056539283, 'precision_micro': 0.8260996534582787, 'precision_weighted': 0.8256677690371305, 'recall_macro': 0.8034599073091959, 'recall_micro': 0.8260996534582787, 'recall_weighted': 0.8260996534582787}
Validation statistic: Loss: 1.0222, dev_score: {'accuracy': 0.8829769600530416, 'balanced_accuracy': 0.8801782536417381, 'f1_macro': 0.8807341228347741, 'f1_micro': 0.8829769600530416, 'f1_weighted': 0.8826846813913923, 'precision_macro': 0.8832954015571435, 'precision_micro': 0.8829769600530416, 'precision_weighted': 0.8843195113387466, 'recall_macro': 0.8801782536417381, 'recall_micro': 0.8829769600530416, 'recall_weighted': 0.8829769600530416}
Saving model...
Model saved!
-------------------------------------------
-----------------------
Epoch 4/100
Training statistic: Loss: 1.1609, train_score: {'accuracy': 0.8335950783288123, 'balanced_accuracy': 0.8146094008109754, 'f1_macro': 0.8211944794177697, 'f1_micro': 0.8335950783288123, 'f1_weighted': 0.8322104429732655, 'precision_macro': 0.8301092700590683, 'precision_micro': 0.8335950783288123, 'precision_weighted': 0.8329926417922098, 'recall_macro': 0.8146094008109754, 'recall_micro': 0.8335950783288123, 'recall_weighted': 0.8335950783288123}
Validation statistic: Loss: 0.8553, dev_score: {'accuracy': 0.8925907508702138, 'balanced_accuracy': 0.8898885995076995, 'f1_macro': 0.8905584058826232, 'f1_micro': 0.8925907508702138, 'f1_weighted': 0.8922618342226388, 'precision_macro': 0.8934441679198191, 'precision_micro': 0.8925907508702138, 'precision_weighted': 0.8940624939278083, 'recall_macro': 0.8898885995076995, 'recall_micro': 0.8925907508702138, 'recall_weighted': 0.8925907508702138}
Saving model...
Model saved!
-------------------------------------------
-----------------------
Epoch 5/100
Training statistic: Loss: 1.0354, train_score: {'accuracy': 0.837527742806339, 'balanced_accuracy': 0.8190692618669905, 'f1_macro': 0.8264229471205405, 'f1_micro': 0.837527742806339, 'f1_weighted': 0.8361515090264589, 'precision_macro': 0.8362728845432915, 'precision_micro': 0.837527742806339, 'precision_weighted': 0.8374532566428882, 'recall_macro': 0.8190692618669905, 'recall_micro': 0.837527742806339, 'recall_weighted': 0.837527742806339}
Validation statistic: Loss: 0.7384, dev_score: {'accuracy': 0.8980606663351567, 'balanced_accuracy': 0.8959071865850022, 'f1_macro': 0.8963662581019924, 'f1_micro': 0.8980606663351567, 'f1_weighted': 0.8978542617096793, 'precision_macro': 0.8984648856287493, 'precision_micro': 0.8980606663351567, 'precision_weighted': 0.8992088301648413, 'recall_macro': 0.8959071865850022, 'recall_micro': 0.8980606663351567, 'recall_weighted': 0.8980606663351567}
Saving model...
Model saved!
-------------------------------------------
-----------------------
Epoch 6/100
Training statistic: Loss: 0.9408, train_score: {'accuracy': 0.84260905680948, 'balanced_accuracy': 0.8256321303818472, 'f1_macro': 0.8315590468467621, 'f1_micro': 0.84260905680948, 'f1_weighted': 0.8415700255584687, 'precision_macro': 0.8393935728485123, 'precision_micro': 0.84260905680948, 'precision_weighted': 0.8423921472693823, 'recall_macro': 0.8256321303818472, 'recall_micro': 0.84260905680948, 'recall_weighted': 0.84260905680948}
Validation statistic: Loss: 0.6507, dev_score: {'accuracy': 0.8995524614619592, 'balanced_accuracy': 0.8972209290070066, 'f1_macro': 0.8978364957485118, 'f1_micro': 0.8995524614619592, 'f1_weighted': 0.8993584458421491, 'precision_macro': 0.9000793115193252, 'precision_micro': 0.8995524614619592, 'precision_weighted': 0.9007141844156765, 'recall_macro': 0.8972209290070066, 'recall_micro': 0.8995524614619592, 'recall_weighted': 0.8995524614619592}
Saving model...
Model saved!
-------------------------------------------
-----------------------
Epoch 7/100
Training statistic: Loss: 0.8613, train_score: {'accuracy': 0.8458343608446792, 'balanced_accuracy': 0.8299693075247114, 'f1_macro': 0.8353281851932486, 'f1_micro': 0.8458343608446792, 'f1_weighted': 0.8448368500973457, 'precision_macro': 0.8420579128033049, 'precision_micro': 0.8458343608446792, 'precision_weighted': 0.8452091066756352, 'recall_macro': 0.8299693075247114, 'recall_micro': 0.8458343608446792, 'recall_weighted': 0.8458343608446792}
Validation statistic: Loss: 0.5874, dev_score: {'accuracy': 0.9010442565887619, 'balanced_accuracy': 0.8989382371560897, 'f1_macro': 0.8995238778449055, 'f1_micro': 0.9010442565887619, 'f1_weighted': 0.9009522758028611, 'precision_macro': 0.9015974966039998, 'precision_micro': 0.9010442565887619, 'precision_weighted': 0.9022715758929585, 'recall_macro': 0.8989382371560897, 'recall_micro': 0.9010442565887619, 'recall_weighted': 0.9010442565887619}
Saving model...
Model saved!
-------------------------------------------
-----------------------
Epoch 8/100
Training statistic: Loss: 0.7919, train_score: {'accuracy': 0.8479175048996067, 'balanced_accuracy': 0.8318931175025339, 'f1_macro': 0.8378964692334632, 'f1_micro': 0.8479175048996067, 'f1_weighted': 0.8470461890425312, 'precision_macro': 0.8455560537927866, 'precision_micro': 0.8479175048996067, 'precision_weighted': 0.8478960826385933, 'recall_macro': 0.8318931175025339, 'recall_micro': 0.8479175048996067, 'recall_weighted': 0.8479175048996067}
Validation statistic: Loss: 0.5276, dev_score: {'accuracy': 0.906845682081883, 'balanced_accuracy': 0.9050244037373764, 'f1_macro': 0.9054224526462498, 'f1_micro': 0.906845682081883, 'f1_weighted': 0.906729722135508, 'precision_macro': 0.9068263712277156, 'precision_micro': 0.906845682081883, 'precision_weighted': 0.9075725497851784, 'recall_macro': 0.9050244037373764, 'recall_micro': 0.906845682081883, 'recall_weighted': 0.906845682081883}
Saving model...
Model saved!
-------------------------------------------
-----------------------
Epoch 9/100
Training statistic: Loss: 0.7355, train_score: {'accuracy': 0.8490856230612484, 'balanced_accuracy': 0.8324731341533488, 'f1_macro': 0.8395194906400059, 'f1_micro': 0.8490856230612484, 'f1_weighted': 0.8481755409449571, 'precision_macro': 0.8484054907298917, 'precision_micro': 0.8490856230612484, 'precision_weighted': 0.8490392641878222, 'recall_macro': 0.8324731341533488, 'recall_micro': 0.8490856230612484, 'recall_weighted': 0.8490856230612484}
Validation statistic: Loss: 0.4817, dev_score: {'accuracy': 0.9058511519973479, 'balanced_accuracy': 0.9039837075718179, 'f1_macro': 0.9044755348655512, 'f1_micro': 0.9058511519973479, 'f1_weighted': 0.9058064886090863, 'precision_macro': 0.9060143991617045, 'precision_micro': 0.9058511519973479, 'precision_weighted': 0.9067644501941794, 'recall_macro': 0.9039837075718179, 'recall_micro': 0.9058511519973479, 'recall_weighted': 0.9058511519973479}
Saving model...
Model saved!
-------------------------------------------
-----------------------
Epoch 10/100
Training statistic: Loss: 0.6990, train_score: {'accuracy': 0.853089672537542, 'balanced_accuracy': 0.8395864309626033, 'f1_macro': 0.8441822103077877, 'f1_micro': 0.853089672537542, 'f1_weighted': 0.8524663088522654, 'precision_macro': 0.8498217295317512, 'precision_micro': 0.853089672537542, 'precision_weighted': 0.8527750475611832, 'recall_macro': 0.8395864309626033, 'recall_micro': 0.853089672537542, 'recall_weighted': 0.853089672537542}
Validation statistic: Loss: 0.4479, dev_score: {'accuracy': 0.9091662522791314, 'balanced_accuracy': 0.9073064176018251, 'f1_macro': 0.9078001930479305, 'f1_micro': 0.9091662522791314, 'f1_weighted': 0.9090381699805878, 'precision_macro': 0.9092166998148503, 'precision_micro': 0.9091662522791314, 'precision_weighted': 0.9097985021116068, 'recall_macro': 0.9073064176018251, 'recall_micro': 0.9091662522791314, 'recall_weighted': 0.9091662522791314}
Saving model...
Model saved!
-------------------------------------------
-----------------------
Epoch 11/100
Training statistic: Loss: 0.6647, train_score: {'accuracy': 0.8536932002543902, 'balanced_accuracy': 0.8399652602180305, 'f1_macro': 0.8444025046987722, 'f1_micro': 0.8536932002543902, 'f1_weighted': 0.8530167861018677, 'precision_macro': 0.849928375407867, 'precision_micro': 0.8536932002543902, 'precision_weighted': 0.8533510887651522, 'recall_macro': 0.8399652602180305, 'recall_micro': 0.8536932002543902, 'recall_weighted': 0.8536932002543902}
Validation statistic: Loss: 0.4223, dev_score: {'accuracy': 0.9080059671805072, 'balanced_accuracy': 0.9059969446405806, 'f1_macro': 0.9064604009919434, 'f1_micro': 0.9080059671805072, 'f1_weighted': 0.9078214212164706, 'precision_macro': 0.9082254909502485, 'precision_micro': 0.9080059671805072, 'precision_weighted': 0.9088922872979533, 'recall_macro': 0.9059969446405806, 'recall_micro': 0.9080059671805072, 'recall_weighted': 0.9080059671805072}
Saving model...
Model saved!
-------------------------------------------
-----------------------
Epoch 12/100
Training statistic: Loss: 0.6391, train_score: {'accuracy': 0.8541279997923346, 'balanced_accuracy': 0.8389933569932724, 'f1_macro': 0.8449873586365371, 'f1_micro': 0.8541279997923346, 'f1_weighted': 0.8532662043663736, 'precision_macro': 0.8525863322081708, 'precision_micro': 0.8541279997923346, 'precision_weighted': 0.8540091303692845, 'recall_macro': 0.8389933569932724, 'recall_micro': 0.8541279997923346, 'recall_weighted': 0.8541279997923346}
Validation statistic: Loss: 0.3993, dev_score: {'accuracy': 0.9071771921100613, 'balanced_accuracy': 0.9051035916325721, 'f1_macro': 0.9056756444147016, 'f1_micro': 0.9071771921100613, 'f1_weighted': 0.9070610284011985, 'precision_macro': 0.9079067260105729, 'precision_micro': 0.9071771921100613, 'precision_weighted': 0.9085379218298171, 'recall_macro': 0.9051035916325721, 'recall_micro': 0.9071771921100613, 'recall_weighted': 0.9071771921100613}
Saving model...
Model saved!
-------------------------------------------
-----------------------
Epoch 13/100
Training statistic: Loss: 0.6143, train_score: {'accuracy': 0.8578919360909575, 'balanced_accuracy': 0.8439697790540475, 'f1_macro': 0.8490293780226963, 'f1_micro': 0.8578919360909575, 'f1_weighted': 0.8572208569180138, 'precision_macro': 0.8551055922720596, 'precision_micro': 0.8578919360909575, 'precision_weighted': 0.8575474143577132, 'recall_macro': 0.8439697790540475, 'recall_micro': 0.8578919360909575, 'recall_weighted': 0.8578919360909575}
Validation statistic: Loss: 0.3763, dev_score: {'accuracy': 0.9119840875186475, 'balanced_accuracy': 0.910362313680875, 'f1_macro': 0.9107594816486564, 'f1_micro': 0.9119840875186475, 'f1_weighted': 0.9118693161461484, 'precision_macro': 0.9120053712610506, 'precision_micro': 0.9119840875186475, 'precision_weighted': 0.9125562336486266, 'recall_macro': 0.910362313680875, 'recall_micro': 0.9119840875186475, 'recall_weighted': 0.9119840875186475}
Saving model...
Model saved!
-------------------------------------------
-----------------------
Epoch 14/100
Training statistic: Loss: 0.6021, train_score: {'accuracy': 0.8577686347294509, 'balanced_accuracy': 0.8427334686755549, 'f1_macro': 0.8489536045546888, 'f1_micro': 0.8577686347294509, 'f1_weighted': 0.8568522651949317, 'precision_macro': 0.8567993180442238, 'precision_micro': 0.8577686347294509, 'precision_weighted': 0.8575203180140926, 'recall_macro': 0.8427334686755549, 'recall_micro': 0.8577686347294509, 'recall_weighted': 0.8577686347294509}
Validation statistic: Loss: 0.3671, dev_score: {'accuracy': 0.9146361677440743, 'balanced_accuracy': 0.9129664470615924, 'f1_macro': 0.9134378260373367, 'f1_micro': 0.9146361677440743, 'f1_weighted': 0.9145149438417248, 'precision_macro': 0.9148215279250325, 'precision_micro': 0.9146361677440743, 'precision_weighted': 0.9152561189909242, 'recall_macro': 0.9129664470615924, 'recall_micro': 0.9146361677440743, 'recall_weighted': 0.9146361677440743}
Saving model...
Model saved!
-------------------------------------------
-----------------------
Epoch 15/100
Training statistic: Loss: 0.5809, train_score: {'accuracy': 0.8602800887769803, 'balanced_accuracy': 0.8470727144783755, 'f1_macro': 0.8517426577674485, 'f1_micro': 0.8602800887769803, 'f1_weighted': 0.8596723998077533, 'precision_macro': 0.8576376795681325, 'precision_micro': 0.8602800887769803, 'precision_weighted': 0.8601282477139016, 'recall_macro': 0.8470727144783755, 'recall_micro': 0.8602800887769803, 'recall_weighted': 0.8602800887769803}
Validation statistic: Loss: 0.3474, dev_score: {'accuracy': 0.9141389027018068, 'balanced_accuracy': 0.9125497305616339, 'f1_macro': 0.9129986834708544, 'f1_micro': 0.9141389027018068, 'f1_weighted': 0.9140466846826786, 'precision_macro': 0.9142609765554178, 'precision_micro': 0.9141389027018068, 'precision_weighted': 0.9147323943886803, 'recall_macro': 0.9125497305616339, 'recall_micro': 0.9141389027018068, 'recall_weighted': 0.9141389027018068}
Saving model...
Model saved!
-------------------------------------------
-----------------------
Epoch 16/100
Training statistic: Loss: 0.5761, train_score: {'accuracy': 0.8621101405635521, 'balanced_accuracy': 0.8487523221440773, 'f1_macro': 0.8537966871469408, 'f1_micro': 0.8621101405635521, 'f1_weighted': 0.8614477089360493, 'precision_macro': 0.8601651880581734, 'precision_micro': 0.8621101405635521, 'precision_weighted': 0.8620252545475557, 'recall_macro': 0.8487523221440773, 'recall_micro': 0.8621101405635521, 'recall_weighted': 0.8621101405635521}
Validation statistic: Loss: 0.3432, dev_score: {'accuracy': 0.9159622078567876, 'balanced_accuracy': 0.9143924166633152, 'f1_macro': 0.9147577639076042, 'f1_micro': 0.9159622078567876, 'f1_weighted': 0.9158300938763267, 'precision_macro': 0.915825998415262, 'precision_micro': 0.9159622078567876, 'precision_weighted': 0.9163711483707984, 'recall_macro': 0.9143924166633152, 'recall_micro': 0.9159622078567876, 'recall_weighted': 0.9159622078567876}
Saving model...
Model saved!
-------------------------------------------
-----------------------
Epoch 17/100
Training statistic: Loss: 0.5662, train_score: {'accuracy': 0.8623113164691681, 'balanced_accuracy': 0.8478029629168656, 'f1_macro': 0.8538115159075351, 'f1_micro': 0.8623113164691681, 'f1_weighted': 0.8614748984142933, 'precision_macro': 0.8615368081346461, 'precision_micro': 0.8623113164691681, 'precision_weighted': 0.8622888360651396, 'recall_macro': 0.8478029629168656, 'recall_micro': 0.8623113164691681, 'recall_weighted': 0.8623113164691681}
Validation statistic: Loss: 0.3339, dev_score: {'accuracy': 0.9174540029835903, 'balanced_accuracy': 0.9157219708848807, 'f1_macro': 0.9162897499501076, 'f1_micro': 0.9174540029835903, 'f1_weighted': 0.9172931320140771, 'precision_macro': 0.9179064081825128, 'precision_micro': 0.9174540029835903, 'precision_weighted': 0.9181296844439008, 'recall_macro': 0.9157219708848807, 'recall_micro': 0.9174540029835903, 'recall_weighted': 0.9174540029835903}
Saving model...
Model saved!
-------------------------------------------
-----------------------
Epoch 18/100
Training statistic: Loss: 0.5535, train_score: {'accuracy': 0.8627915428245098, 'balanced_accuracy': 0.8500168230516701, 'f1_macro': 0.8545640666203079, 'f1_micro': 0.8627915428245098, 'f1_weighted': 0.8620063436689323, 'precision_macro': 0.8604294061779694, 'precision_micro': 0.8627915428245098, 'precision_weighted': 0.8625000842684075, 'recall_macro': 0.8500168230516701, 'recall_micro': 0.8627915428245098, 'recall_weighted': 0.8627915428245098}
Validation statistic: Loss: 0.3246, dev_score: {'accuracy': 0.9169567379413227, 'balanced_accuracy': 0.9151702942349044, 'f1_macro': 0.9158399599931417, 'f1_micro': 0.9169567379413227, 'f1_weighted': 0.9168480668321223, 'precision_macro': 0.9175318477765761, 'precision_micro': 0.9169567379413227, 'precision_weighted': 0.9177118588503514, 'recall_macro': 0.9151702942349044, 'recall_micro': 0.9169567379413227, 'recall_weighted': 0.9169567379413227}
Saving model...
Model saved!
-------------------------------------------
-----------------------
Epoch 19/100
Training statistic: Loss: 0.5547, train_score: {'accuracy': 0.8640115773488909, 'balanced_accuracy': 0.8501613472755192, 'f1_macro': 0.8556198570343267, 'f1_micro': 0.8640115773488909, 'f1_weighted': 0.8632346766082302, 'precision_macro': 0.86256404383609, 'precision_micro': 0.8640115773488909, 'precision_weighted': 0.8637817038910469, 'recall_macro': 0.8501613472755192, 'recall_micro': 0.8640115773488909, 'recall_weighted': 0.8640115773488909}
Validation statistic: Loss: 0.3235, dev_score: {'accuracy': 0.9186142880822145, 'balanced_accuracy': 0.9170864168924131, 'f1_macro': 0.9175140168230931, 'f1_micro': 0.9186142880822145, 'f1_weighted': 0.918416961135733, 'precision_macro': 0.9188739130433593, 'precision_micro': 0.9186142880822145, 'precision_weighted': 0.919118471760967, 'recall_macro': 0.9170864168924131, 'recall_micro': 0.9186142880822145, 'recall_weighted': 0.9186142880822145}
Saving model...
Model saved!
-------------------------------------------
-----------------------
Epoch 20/100
Training statistic: Loss: 0.5464, train_score: {'accuracy': 0.8644788246135475, 'balanced_accuracy': 0.8506090675268861, 'f1_macro': 0.8565653322627614, 'f1_micro': 0.8644788246135475, 'f1_weighted': 0.8637021707027573, 'precision_macro': 0.8639893080987393, 'precision_micro': 0.8644788246135475, 'precision_weighted': 0.8643699160902553, 'recall_macro': 0.8506090675268861, 'recall_micro': 0.8644788246135475, 'recall_weighted': 0.8644788246135475}
Validation statistic: Loss: 0.3188, dev_score: {'accuracy': 0.9176197579976795, 'balanced_accuracy': 0.9159669398656565, 'f1_macro': 0.9166105163971838, 'f1_micro': 0.9176197579976795, 'f1_weighted': 0.9176007757735627, 'precision_macro': 0.9182927622186018, 'precision_micro': 0.9176197579976795, 'precision_weighted': 0.9185676820312167, 'recall_macro': 0.9159669398656565, 'recall_micro': 0.9176197579976795, 'recall_weighted': 0.9176197579976795}
Saving model...
Model saved!
-------------------------------------------
-----------------------
Epoch 21/100
Training statistic: Loss: 0.5444, train_score: {'accuracy': 0.8636416732643711, 'balanced_accuracy': 0.8505385040904059, 'f1_macro': 0.8555015097812071, 'f1_micro': 0.8636416732643711, 'f1_weighted': 0.8628075215258744, 'precision_macro': 0.8622132524189192, 'precision_micro': 0.8636416732643711, 'precision_weighted': 0.8636493180152184, 'recall_macro': 0.8505385040904059, 'recall_micro': 0.8636416732643711, 'recall_weighted': 0.8636416732643711}
Validation statistic: Loss: 0.3127, dev_score: {'accuracy': 0.9187800430963037, 'balanced_accuracy': 0.9168375329476797, 'f1_macro': 0.9176173465056543, 'f1_micro': 0.9187800430963037, 'f1_weighted': 0.9186070854385021, 'precision_macro': 0.9195557318710733, 'precision_micro': 0.9187800430963037, 'precision_weighted': 0.9195453224841039, 'recall_macro': 0.9168375329476797, 'recall_micro': 0.9187800430963037, 'recall_weighted': 0.9187800430963037}
Saving model...
Model saved!
-------------------------------------------
-----------------------
Epoch 22/100
Training statistic: Loss: 0.5398, train_score: {'accuracy': 0.864913624151492, 'balanced_accuracy': 0.8506994098678253, 'f1_macro': 0.8570395211002786, 'f1_micro': 0.864913624151492, 'f1_weighted': 0.8641406197907086, 'precision_macro': 0.8650456531126649, 'precision_micro': 0.864913624151492, 'precision_weighted': 0.865069808884165, 'recall_macro': 0.8506994098678253, 'recall_micro': 0.864913624151492, 'recall_weighted': 0.864913624151492}
Validation statistic: Loss: 0.3116, dev_score: {'accuracy': 0.9194430631526603, 'balanced_accuracy': 0.9177182291343, 'f1_macro': 0.9183711175748315, 'f1_micro': 0.9194430631526603, 'f1_weighted': 0.9193515162275779, 'precision_macro': 0.9197436770703185, 'precision_micro': 0.9194430631526603, 'precision_weighted': 0.9199460157722728, 'recall_macro': 0.9177182291343, 'recall_micro': 0.9194430631526603, 'recall_weighted': 0.9194430631526603}
Saving model...
Model saved!
-------------------------------------------
-----------------------
Epoch 23/100
Training statistic: Loss: 0.5344, train_score: {'accuracy': 0.8658675873168326, 'balanced_accuracy': 0.8525815953471729, 'f1_macro': 0.8579230511303402, 'f1_micro': 0.8658675873168326, 'f1_weighted': 0.8651578411261146, 'precision_macro': 0.8646719130010352, 'precision_micro': 0.8658675873168326, 'precision_weighted': 0.8657996597212703, 'recall_macro': 0.8525815953471729, 'recall_micro': 0.8658675873168326, 'recall_weighted': 0.8658675873168326}
Validation statistic: Loss: 0.3079, dev_score: {'accuracy': 0.9201060832090171, 'balanced_accuracy': 0.918247113261816, 'f1_macro': 0.9190752132805178, 'f1_micro': 0.9201060832090171, 'f1_weighted': 0.9199725296818455, 'precision_macro': 0.9211108705980846, 'precision_micro': 0.9201060832090171, 'precision_weighted': 0.9209980568949211, 'recall_macro': 0.918247113261816, 'recall_micro': 0.9201060832090171, 'recall_weighted': 0.9201060832090171}
Saving model...
Model saved!
-------------------------------------------
-----------------------
Epoch 24/100
Training statistic: Loss: 0.5299, train_score: {'accuracy': 0.8680286059158695, 'balanced_accuracy': 0.8551108511038524, 'f1_macro': 0.8603096852984145, 'f1_micro': 0.8680286059158695, 'f1_weighted': 0.8673598189265334, 'precision_macro': 0.8669965528080865, 'precision_micro': 0.8680286059158695, 'precision_weighted': 0.8680574456486797, 'recall_macro': 0.8551108511038524, 'recall_micro': 0.8680286059158695, 'recall_weighted': 0.8680286059158695}
Validation statistic: Loss: 0.2956, dev_score: {'accuracy': 0.9220951433780872, 'balanced_accuracy': 0.9204892671408086, 'f1_macro': 0.9211088397826135, 'f1_micro': 0.9220951433780872, 'f1_weighted': 0.9219865728163431, 'precision_macro': 0.9225445537806719, 'precision_micro': 0.9220951433780872, 'precision_weighted': 0.9226662143715036, 'recall_macro': 0.9204892671408086, 'recall_micro': 0.9220951433780872, 'recall_weighted': 0.9220951433780872}
Saving model...
Model saved!
-------------------------------------------
-----------------------
Epoch 25/100
Training statistic: Loss: 0.5308, train_score: {'accuracy': 0.8660233364050515, 'balanced_accuracy': 0.8520581317328582, 'f1_macro': 0.8581402137506661, 'f1_micro': 0.8660233364050515, 'f1_weighted': 0.8653160687054752, 'precision_macro': 0.8656267579564199, 'precision_micro': 0.8660233364050515, 'precision_weighted': 0.866060383432404, 'recall_macro': 0.8520581317328582, 'recall_micro': 0.8660233364050515, 'recall_weighted': 0.8660233364050515}
Validation statistic: Loss: 0.3012, dev_score: {'accuracy': 0.9212663683076413, 'balanced_accuracy': 0.9198077720825444, 'f1_macro': 0.9203251936568663, 'f1_micro': 0.9212663683076413, 'f1_weighted': 0.921224741277322, 'precision_macro': 0.9216773464278358, 'precision_micro': 0.9212663683076413, 'precision_weighted': 0.9219802725148682, 'recall_macro': 0.9198077720825444, 'recall_micro': 0.9212663683076413, 'recall_weighted': 0.9212663683076413}
-----------------------
Epoch 26/100
Training statistic: Loss: 0.5290, train_score: {'accuracy': 0.8680415850065545, 'balanced_accuracy': 0.854597867615262, 'f1_macro': 0.8605864967961312, 'f1_micro': 0.8680415850065545, 'f1_weighted': 0.8673629404166722, 'precision_macro': 0.8679664624450043, 'precision_micro': 0.8680415850065545, 'precision_weighted': 0.8681152310848469, 'recall_macro': 0.854597867615262, 'recall_micro': 0.8680415850065545, 'recall_weighted': 0.8680415850065545}
Validation statistic: Loss: 0.2976, dev_score: {'accuracy': 0.9211006132935521, 'balanced_accuracy': 0.9196319942913327, 'f1_macro': 0.9201298366723483, 'f1_micro': 0.9211006132935521, 'f1_weighted': 0.9210301496541757, 'precision_macro': 0.9213818480812567, 'precision_micro': 0.9211006132935521, 'precision_weighted': 0.9216816337601446, 'recall_macro': 0.9196319942913327, 'recall_micro': 0.9211006132935521, 'recall_weighted': 0.9211006132935521}
-----------------------
Epoch 27/100
Training statistic: Loss: 0.5247, train_score: {'accuracy': 0.8695601386166885, 'balanced_accuracy': 0.8562345937828804, 'f1_macro': 0.8617413482228127, 'f1_micro': 0.8695601386166885, 'f1_weighted': 0.8688066520536468, 'precision_macro': 0.8687744481751943, 'precision_micro': 0.8695601386166885, 'precision_weighted': 0.8694423751341127, 'recall_macro': 0.8562345937828804, 'recall_micro': 0.8695601386166885, 'recall_weighted': 0.8695601386166885}
Validation statistic: Loss: 0.2943, dev_score: {'accuracy': 0.9222608983921764, 'balanced_accuracy': 0.9207246135848065, 'f1_macro': 0.921414049145433, 'f1_micro': 0.9222608983921764, 'f1_weighted': 0.9222186631484257, 'precision_macro': 0.922948200534579, 'precision_micro': 0.9222608983921764, 'precision_weighted': 0.9229893144928977, 'recall_macro': 0.9207246135848065, 'recall_micro': 0.9222608983921764, 'recall_weighted': 0.9222608983921764}
Saving model...
Model saved!
-------------------------------------------
-----------------------
Epoch 28/100
Training statistic: Loss: 0.5189, train_score: {'accuracy': 0.8695147117992913, 'balanced_accuracy': 0.8552309306556289, 'f1_macro': 0.862484933414386, 'f1_micro': 0.8695147117992913, 'f1_weighted': 0.8687321846874876, 'precision_macro': 0.8714761003357158, 'precision_micro': 0.8695147117992913, 'precision_weighted': 0.8699041136127594, 'recall_macro': 0.8552309306556289, 'recall_micro': 0.8695147117992913, 'recall_weighted': 0.8695147117992913}
Validation statistic: Loss: 0.2900, dev_score: {'accuracy': 0.922923918448533, 'balanced_accuracy': 0.9214618295218109, 'f1_macro': 0.9220146287366783, 'f1_micro': 0.922923918448533, 'f1_weighted': 0.9229346418177394, 'precision_macro': 0.9234748815214144, 'precision_micro': 0.922923918448533, 'precision_weighted': 0.9238066460312261, 'recall_macro': 0.9214618295218109, 'recall_micro': 0.922923918448533, 'recall_weighted': 0.922923918448533}
Saving model...
Model saved!
-------------------------------------------
-----------------------
Epoch 29/100
Training statistic: Loss: 0.5202, train_score: {'accuracy': 0.8694822640725791, 'balanced_accuracy': 0.8557852543298912, 'f1_macro': 0.862061790540162, 'f1_micro': 0.8694822640725791, 'f1_weighted': 0.8686647030975304, 'precision_macro': 0.8702598078727389, 'precision_micro': 0.8694822640725791, 'precision_weighted': 0.8697014027328297, 'recall_macro': 0.8557852543298912, 'recall_micro': 0.8694822640725791, 'recall_weighted': 0.8694822640725791}
Validation statistic: Loss: 0.2915, dev_score: {'accuracy': 0.9222608983921764, 'balanced_accuracy': 0.9208273571029517, 'f1_macro': 0.9213441977415098, 'f1_micro': 0.9222608983921764, 'f1_weighted': 0.9221749588760081, 'precision_macro': 0.9226398363671698, 'precision_micro': 0.9222608983921764, 'precision_weighted': 0.9228336958632477, 'recall_macro': 0.9208273571029517, 'recall_micro': 0.9222608983921764, 'recall_weighted': 0.9222608983921764}
-----------------------
Epoch 30/100
Training statistic: Loss: 0.5214, train_score: {'accuracy': 0.8699365322465508, 'balanced_accuracy': 0.8568716615935033, 'f1_macro': 0.8626277990670793, 'f1_micro': 0.8699365322465508, 'f1_weighted': 0.8692520709550285, 'precision_macro': 0.8699629436657214, 'precision_micro': 0.8699365322465508, 'precision_weighted': 0.8701391933300646, 'recall_macro': 0.8568716615935033, 'recall_micro': 0.8699365322465508, 'recall_weighted': 0.8699365322465508}
Validation statistic: Loss: 0.2920, dev_score: {'accuracy': 0.9204375932371954, 'balanced_accuracy': 0.9189320942413234, 'f1_macro': 0.9194841520952488, 'f1_micro': 0.9204375932371954, 'f1_weighted': 0.9203514673223655, 'precision_macro': 0.9207995702656552, 'precision_micro': 0.9204375932371954, 'precision_weighted': 0.920995221386516, 'recall_macro': 0.9189320942413234, 'recall_micro': 0.9204375932371954, 'recall_weighted': 0.9204375932371954}
-----------------------
Epoch 31/100
Training statistic: Loss: 0.5139, train_score: {'accuracy': 0.871714667670383, 'balanced_accuracy': 0.859928067282795, 'f1_macro': 0.8644294810641213, 'f1_micro': 0.871714667670383, 'f1_weighted': 0.8710390845044665, 'precision_macro': 0.8703393986079542, 'precision_micro': 0.871714667670383, 'precision_weighted': 0.8716508329108783, 'recall_macro': 0.859928067282795, 'recall_micro': 0.871714667670383, 'recall_weighted': 0.871714667670383}
Validation statistic: Loss: 0.2824, dev_score: {'accuracy': 0.9224266534062655, 'balanced_accuracy': 0.9209631966950897, 'f1_macro': 0.9215336186345302, 'f1_micro': 0.9224266534062655, 'f1_weighted': 0.922355365079831, 'precision_macro': 0.9228599228610527, 'precision_micro': 0.9224266534062655, 'precision_weighted': 0.9230045721272523, 'recall_macro': 0.9209631966950897, 'recall_micro': 0.9224266534062655, 'recall_weighted': 0.9224266534062655}
Saving model...
Model saved!
-------------------------------------------
-----------------------
Epoch 32/100
Training statistic: Loss: 0.5107, train_score: {'accuracy': 0.8716432826716161, 'balanced_accuracy': 0.8583034366682458, 'f1_macro': 0.8642154779581576, 'f1_micro': 0.8716432826716161, 'f1_weighted': 0.870834581765395, 'precision_macro': 0.8718368849245811, 'precision_micro': 0.8716432826716161, 'precision_weighted': 0.8715808495769516, 'recall_macro': 0.8583034366682458, 'recall_micro': 0.8716432826716161, 'recall_weighted': 0.8716432826716161}
Validation statistic: Loss: 0.2853, dev_score: {'accuracy': 0.922758163434444, 'balanced_accuracy': 0.9212520689700666, 'f1_macro': 0.9218960643765133, 'f1_micro': 0.922758163434444, 'f1_weighted': 0.9226214490028627, 'precision_macro': 0.9236784407323911, 'precision_micro': 0.922758163434444, 'precision_weighted': 0.9235763630618692, 'recall_macro': 0.9212520689700666, 'recall_micro': 0.922758163434444, 'recall_weighted': 0.922758163434444}
-----------------------
Epoch 33/100
Training statistic: Loss: 0.5150, train_score: {'accuracy': 0.8714031694939453, 'balanced_accuracy': 0.8582909047923243, 'f1_macro': 0.8640693767165709, 'f1_micro': 0.8714031694939453, 'f1_weighted': 0.87074720078037, 'precision_macro': 0.871664038115591, 'precision_micro': 0.8714031694939453, 'precision_weighted': 0.8718217043824341, 'recall_macro': 0.8582909047923243, 'recall_micro': 0.8714031694939453, 'recall_weighted': 0.8714031694939453}
Validation statistic: Loss: 0.2841, dev_score: {'accuracy': 0.9225924084203547, 'balanced_accuracy': 0.9211165376088133, 'f1_macro': 0.9217312901433681, 'f1_micro': 0.9225924084203547, 'f1_weighted': 0.9225431092384263, 'precision_macro': 0.9230874179933439, 'precision_micro': 0.9225924084203547, 'precision_weighted': 0.9232032725710483, 'recall_macro': 0.9211165376088133, 'recall_micro': 0.9225924084203547, 'recall_weighted': 0.9225924084203547}
-----------------------
Epoch 34/100
Training statistic: Loss: 0.5146, train_score: {'accuracy': 0.8711760354069594, 'balanced_accuracy': 0.8588807221914955, 'f1_macro': 0.8639369793767144, 'f1_micro': 0.8711760354069594, 'f1_weighted': 0.8704485152258046, 'precision_macro': 0.8702707716333702, 'precision_micro': 0.8711760354069594, 'precision_weighted': 0.870891906484409, 'recall_macro': 0.8588807221914955, 'recall_micro': 0.8711760354069594, 'recall_weighted': 0.8711760354069594}
Validation statistic: Loss: 0.2825, dev_score: {'accuracy': 0.9254102436598707, 'balanced_accuracy': 0.9239896810850091, 'f1_macro': 0.924397015985407, 'f1_micro': 0.9254102436598707, 'f1_weighted': 0.9252305112355589, 'precision_macro': 0.9254667628731561, 'precision_micro': 0.9254102436598707, 'precision_weighted': 0.925685828276553, 'recall_macro': 0.9239896810850091, 'recall_micro': 0.9254102436598707, 'recall_weighted': 0.9254102436598707}
-----------------------
Epoch 35/100
Training statistic: Loss: 0.5072, train_score: {'accuracy': 0.8733695017327086, 'balanced_accuracy': 0.8601156831437219, 'f1_macro': 0.8663258358143382, 'f1_micro': 0.8733695017327086, 'f1_weighted': 0.872692322213026, 'precision_macro': 0.8739325428416146, 'precision_micro': 0.8733695017327086, 'precision_weighted': 0.8733926210772921, 'recall_macro': 0.8601156831437219, 'recall_micro': 0.8733695017327086, 'recall_weighted': 0.8733695017327086}
Validation statistic: Loss: 0.2773, dev_score: {'accuracy': 0.9259075087021382, 'balanced_accuracy': 0.9245101088963427, 'f1_macro': 0.9250232466384816, 'f1_micro': 0.9259075087021382, 'f1_weighted': 0.9257742599360868, 'precision_macro': 0.9262115779316413, 'precision_micro': 0.9259075087021382, 'precision_weighted': 0.9262875113710993, 'recall_macro': 0.9245101088963427, 'recall_micro': 0.9259075087021382, 'recall_weighted': 0.9259075087021382}
Saving model...
Model saved!
-------------------------------------------
-----------------------
Epoch 36/100
Training statistic: Loss: 0.5069, train_score: {'accuracy': 0.8740703726296936, 'balanced_accuracy': 0.8632841753351643, 'f1_macro': 0.8671608515105221, 'f1_micro': 0.8740703726296936, 'f1_weighted': 0.8734977418953895, 'precision_macro': 0.8719490256718231, 'precision_micro': 0.8740703726296936, 'precision_weighted': 0.8738197440252593, 'recall_macro': 0.8632841753351643, 'recall_micro': 0.8740703726296936, 'recall_weighted': 0.8740703726296936}
Validation statistic: Loss: 0.2736, dev_score: {'accuracy': 0.9254102436598707, 'balanced_accuracy': 0.9239633445365334, 'f1_macro': 0.9245151806874687, 'f1_micro': 0.9254102436598707, 'f1_weighted': 0.9253362868566998, 'precision_macro': 0.9256517219813458, 'precision_micro': 0.9254102436598707, 'precision_weighted': 0.9258164711157049, 'recall_macro': 0.9239633445365334, 'recall_micro': 0.9254102436598707, 'recall_weighted': 0.9254102436598707}
Saving model...
Model saved!
-------------------------------------------
-----------------------
Epoch 37/100
Training statistic: Loss: 0.5045, train_score: {'accuracy': 0.8740119667216115, 'balanced_accuracy': 0.8612081009453751, 'f1_macro': 0.8671882363561961, 'f1_micro': 0.8740119667216115, 'f1_weighted': 0.8733406800221878, 'precision_macro': 0.8746279374221221, 'precision_micro': 0.8740119667216115, 'precision_weighted': 0.8741163167688439, 'recall_macro': 0.8612081009453751, 'recall_micro': 0.8740119667216115, 'recall_weighted': 0.8740119667216115}
Validation statistic: Loss: 0.2750, dev_score: {'accuracy': 0.926570528758495, 'balanced_accuracy': 0.9252030383330425, 'f1_macro': 0.9258196120937099, 'f1_micro': 0.926570528758495, 'f1_weighted': 0.9265144650441823, 'precision_macro': 0.9271157042996586, 'precision_micro': 0.926570528758495, 'precision_weighted': 0.927109361594764, 'recall_macro': 0.9252030383330425, 'recall_micro': 0.926570528758495, 'recall_weighted': 0.926570528758495}
-----------------------
Epoch 38/100
Training statistic: Loss: 0.5024, train_score: {'accuracy': 0.8751541267018833, 'balanced_accuracy': 0.8642027651612384, 'f1_macro': 0.8681774374789433, 'f1_micro': 0.8751541267018833, 'f1_weighted': 0.8745723411721646, 'precision_macro': 0.8730957783743719, 'precision_micro': 0.8751541267018833, 'precision_weighted': 0.874890399471662, 'recall_macro': 0.8642027651612384, 'recall_micro': 0.8751541267018833, 'recall_weighted': 0.8751541267018833}
Validation statistic: Loss: 0.2740, dev_score: {'accuracy': 0.9267362837725841, 'balanced_accuracy': 0.9254084749401077, 'f1_macro': 0.9258857796535876, 'f1_micro': 0.9267362837725841, 'f1_weighted': 0.9266246404730121, 'precision_macro': 0.9269573842350111, 'precision_micro': 0.9267362837725841, 'precision_weighted': 0.9270800902756402, 'recall_macro': 0.9254084749401077, 'recall_micro': 0.9267362837725841, 'recall_weighted': 0.9267362837725841}
-----------------------
Epoch 39/100
Training statistic: Loss: 0.5036, train_score: {'accuracy': 0.8748491180707879, 'balanced_accuracy': 0.862803169143876, 'f1_macro': 0.8675556600427037, 'f1_micro': 0.8748491180707879, 'f1_weighted': 0.8740310565279591, 'precision_macro': 0.8740951395803727, 'precision_micro': 0.8748491180707879, 'precision_weighted': 0.8748280432587643, 'recall_macro': 0.862803169143876, 'recall_micro': 0.8748491180707879, 'recall_weighted': 0.8748491180707879}
Validation statistic: Loss: 0.2766, dev_score: {'accuracy': 0.924747223603514, 'balanced_accuracy': 0.9233394335625466, 'f1_macro': 0.9237469399386677, 'f1_micro': 0.924747223603514, 'f1_weighted': 0.924544378772558, 'precision_macro': 0.9250313686202087, 'precision_micro': 0.924747223603514, 'precision_weighted': 0.9251850792886767, 'recall_macro': 0.9233394335625466, 'recall_micro': 0.924747223603514, 'recall_weighted': 0.924747223603514}
-----------------------
Epoch 40/100
Training statistic: Loss: 0.5009, train_score: {'accuracy': 0.875394239879554, 'balanced_accuracy': 0.8631074484421559, 'f1_macro': 0.8684786204357289, 'f1_micro': 0.875394239879554, 'f1_weighted': 0.8747859648941875, 'precision_macro': 0.8749438316826664, 'precision_micro': 0.875394239879554, 'precision_weighted': 0.875230967025925, 'recall_macro': 0.8631074484421559, 'recall_micro': 0.875394239879554, 'recall_weighted': 0.875394239879554}
Validation statistic: Loss: 0.2705, dev_score: {'accuracy': 0.9267362837725841, 'balanced_accuracy': 0.9253680638282559, 'f1_macro': 0.9259235404488942, 'f1_micro': 0.9267362837725841, 'f1_weighted': 0.9266429610623227, 'precision_macro': 0.927094441721934, 'precision_micro': 0.9267362837725841, 'precision_weighted': 0.9271439039377993, 'recall_macro': 0.9253680638282559, 'recall_micro': 0.9267362837725841, 'recall_weighted': 0.9267362837725841}
Saving model...
Model saved!
-------------------------------------------
-----------------------
Epoch 41/100
Training statistic: Loss: 0.5001, train_score: {'accuracy': 0.8756603112385947, 'balanced_accuracy': 0.8628568453914122, 'f1_macro': 0.8688275824126179, 'f1_micro': 0.8756603112385947, 'f1_weighted': 0.8749503309107842, 'precision_macro': 0.8764458133013273, 'precision_micro': 0.8756603112385947, 'precision_weighted': 0.8758578596704011, 'recall_macro': 0.8628568453914122, 'recall_micro': 0.8756603112385947, 'recall_weighted': 0.8756603112385947}
Validation statistic: Loss: 0.2715, dev_score: {'accuracy': 0.9260732637162274, 'balanced_accuracy': 0.924648715153331, 'f1_macro': 0.9253094147140581, 'f1_micro': 0.9260732637162274, 'f1_weighted': 0.9259858068419113, 'precision_macro': 0.9268827424648706, 'precision_micro': 0.9260732637162274, 'precision_weighted': 0.9267712112467507, 'recall_macro': 0.924648715153331, 'recall_micro': 0.9260732637162274, 'recall_weighted': 0.9260732637162274}
-----------------------
Epoch 42/100
Training statistic: Loss: 0.4964, train_score: {'accuracy': 0.8762962866821551, 'balanced_accuracy': 0.8636439756416474, 'f1_macro': 0.8695294900902264, 'f1_micro': 0.8762962866821551, 'f1_weighted': 0.8756335121084213, 'precision_macro': 0.8766188718455658, 'precision_micro': 0.8762962866821551, 'precision_weighted': 0.8762491030119621, 'recall_macro': 0.8636439756416474, 'recall_micro': 0.8762962866821551, 'recall_weighted': 0.8762962866821551}
Validation statistic: Loss: 0.2673, dev_score: {'accuracy': 0.9260732637162274, 'balanced_accuracy': 0.9246190137804762, 'f1_macro': 0.925224411297467, 'f1_micro': 0.9260732637162274, 'f1_weighted': 0.9260111915760851, 'precision_macro': 0.9265583796051728, 'precision_micro': 0.9260732637162274, 'precision_weighted': 0.926646427711417, 'recall_macro': 0.9246190137804762, 'recall_micro': 0.9260732637162274, 'recall_weighted': 0.9260732637162274}
Saving model...
Model saved!
-------------------------------------------
-----------------------
Epoch 43/100
Training statistic: Loss: 0.4985, train_score: {'accuracy': 0.8763546925902371, 'balanced_accuracy': 0.8649049459836622, 'f1_macro': 0.8694236023715263, 'f1_micro': 0.8763546925902371, 'f1_weighted': 0.8756883063844361, 'precision_macro': 0.875276269662745, 'precision_micro': 0.8763546925902371, 'precision_weighted': 0.8762948872398348, 'recall_macro': 0.8649049459836622, 'recall_micro': 0.8763546925902371, 'recall_weighted': 0.8763546925902371}
Validation statistic: Loss: 0.2679, dev_score: {'accuracy': 0.9272335488148516, 'balanced_accuracy': 0.9258257589118737, 'f1_macro': 0.926367930541185, 'f1_micro': 0.9272335488148516, 'f1_weighted': 0.9271411860635279, 'precision_macro': 0.9276820738163435, 'precision_micro': 0.9272335488148516, 'precision_weighted': 0.9277939069969886, 'recall_macro': 0.9258257589118737, 'recall_micro': 0.9272335488148516, 'recall_weighted': 0.9272335488148516}
-----------------------
Epoch 44/100
Training statistic: Loss: 0.4959, train_score: {'accuracy': 0.8762833075914701, 'balanced_accuracy': 0.8649031945256317, 'f1_macro': 0.8693898840509438, 'f1_micro': 0.8762833075914701, 'f1_weighted': 0.8757466509057821, 'precision_macro': 0.8749978201490702, 'precision_micro': 0.8762833075914701, 'precision_weighted': 0.8761909121868031, 'recall_macro': 0.8649031945256317, 'recall_micro': 0.8762833075914701, 'recall_weighted': 0.8762833075914701}
Validation statistic: Loss: 0.2660, dev_score: {'accuracy': 0.9255759986739599, 'balanced_accuracy': 0.924288259023937, 'f1_macro': 0.9247546651879344, 'f1_micro': 0.9255759986739599, 'f1_weighted': 0.925472826995325, 'precision_macro': 0.9258391349963399, 'precision_micro': 0.9255759986739599, 'precision_weighted': 0.9259642406991077, 'recall_macro': 0.924288259023937, 'recall_micro': 0.9255759986739599, 'recall_weighted': 0.9255759986739599}
Saving model...
Model saved!
-------------------------------------------
-----------------------
Epoch 45/100
Training statistic: Loss: 0.4952, train_score: {'accuracy': 0.8762184121380456, 'balanced_accuracy': 0.8634837481162899, 'f1_macro': 0.8695604576769698, 'f1_micro': 0.8762184121380456, 'f1_weighted': 0.8755679086414261, 'precision_macro': 0.8770103015134756, 'precision_micro': 0.8762184121380456, 'precision_weighted': 0.8762514723543557, 'recall_macro': 0.8634837481162899, 'recall_micro': 0.8762184121380456, 'recall_weighted': 0.8762184121380456}
Validation statistic: Loss: 0.2675, dev_score: {'accuracy': 0.9259075087021382, 'balanced_accuracy': 0.9245673759390776, 'f1_macro': 0.9251155349499257, 'f1_micro': 0.9259075087021382, 'f1_weighted': 0.9257806383130027, 'precision_macro': 0.9263233651711499, 'precision_micro': 0.9259075087021382, 'precision_weighted': 0.9262822102004875, 'recall_macro': 0.9245673759390776, 'recall_micro': 0.9259075087021382, 'recall_weighted': 0.9259075087021382}
-----------------------
Epoch 46/100
Training statistic: Loss: 0.4949, train_score: {'accuracy': 0.8760367048684569, 'balanced_accuracy': 0.8640179723565062, 'f1_macro': 0.8688484161981966, 'f1_micro': 0.8760367048684569, 'f1_weighted': 0.8753863054493585, 'precision_macro': 0.8753756482150891, 'precision_micro': 0.8760367048684569, 'precision_weighted': 0.8762956347289264, 'recall_macro': 0.8640179723565062, 'recall_micro': 0.8760367048684569, 'recall_weighted': 0.8760367048684569}
Validation statistic: Loss: 0.2676, dev_score: {'accuracy': 0.9244157135753357, 'balanced_accuracy': 0.9227493828823091, 'f1_macro': 0.9234869858168862, 'f1_micro': 0.9244157135753357, 'f1_weighted': 0.9243353634630158, 'precision_macro': 0.9252489629539914, 'precision_micro': 0.9244157135753357, 'precision_weighted': 0.925235325034552, 'recall_macro': 0.9227493828823091, 'recall_micro': 0.9244157135753357, 'recall_weighted': 0.9244157135753357}
-----------------------
Epoch 47/100
Training statistic: Loss: 0.4928, train_score: {'accuracy': 0.8773800407543447, 'balanced_accuracy': 0.8650246862329685, 'f1_macro': 0.8708493746526894, 'f1_micro': 0.8773800407543447, 'f1_weighted': 0.8767637607550557, 'precision_macro': 0.8779291093124953, 'precision_micro': 0.8773800407543447, 'precision_weighted': 0.8773588381787621, 'recall_macro': 0.8650246862329685, 'recall_micro': 0.8773800407543447, 'recall_weighted': 0.8773800407543447}
Validation statistic: Loss: 0.2637, dev_score: {'accuracy': 0.926570528758495, 'balanced_accuracy': 0.92517678084451, 'f1_macro': 0.9257692512401784, 'f1_micro': 0.926570528758495, 'f1_weighted': 0.9265132570542316, 'precision_macro': 0.9269798703958914, 'precision_micro': 0.926570528758495, 'precision_weighted': 0.9270515457780742, 'recall_macro': 0.92517678084451, 'recall_micro': 0.926570528758495, 'recall_weighted': 0.926570528758495}
Saving model...
Model saved!
-------------------------------------------
-----------------------
Epoch 48/100
Training statistic: Loss: 0.4937, train_score: {'accuracy': 0.8776720702947551, 'balanced_accuracy': 0.8650335322794657, 'f1_macro': 0.8706906716785184, 'f1_micro': 0.8776720702947551, 'f1_weighted': 0.8770262297360114, 'precision_macro': 0.8778177810760578, 'precision_micro': 0.8776720702947551, 'precision_weighted': 0.8778222332379241, 'recall_macro': 0.8650335322794657, 'recall_micro': 0.8776720702947551, 'recall_weighted': 0.8776720702947551}
Validation statistic: Loss: 0.2659, dev_score: {'accuracy': 0.9270677938007624, 'balanced_accuracy': 0.9255286375915208, 'f1_macro': 0.9262024106143902, 'f1_micro': 0.9270677938007624, 'f1_weighted': 0.9269794014520598, 'precision_macro': 0.9276808032263023, 'precision_micro': 0.9270677938007624, 'precision_weighted': 0.9276596463802396, 'recall_macro': 0.9255286375915208, 'recall_micro': 0.9270677938007624, 'recall_weighted': 0.9270677938007624}
-----------------------
Epoch 49/100
Training statistic: Loss: 0.4943, train_score: {'accuracy': 0.8775228107518788, 'balanced_accuracy': 0.8651221783352024, 'f1_macro': 0.870672143973127, 'f1_micro': 0.8775228107518788, 'f1_weighted': 0.8768423924827048, 'precision_macro': 0.8778710515913778, 'precision_micro': 0.8775228107518788, 'precision_weighted': 0.8777735243402088, 'recall_macro': 0.8651221783352024, 'recall_micro': 0.8775228107518788, 'recall_weighted': 0.8775228107518788}
Validation statistic: Loss: 0.2656, dev_score: {'accuracy': 0.9267362837725841, 'balanced_accuracy': 0.9253674911735903, 'f1_macro': 0.9260149218520025, 'f1_micro': 0.9267362837725841, 'f1_weighted': 0.926708509021632, 'precision_macro': 0.9276536986796776, 'precision_micro': 0.9267362837725841, 'precision_weighted': 0.9276241903304505, 'recall_macro': 0.9253674911735903, 'recall_micro': 0.9267362837725841, 'recall_weighted': 0.9267362837725841}
-----------------------
Epoch 50/100
Training statistic: Loss: 0.4950, train_score: {'accuracy': 0.8782950666476307, 'balanced_accuracy': 0.8659491497300404, 'f1_macro': 0.8715643365362556, 'f1_micro': 0.8782950666476307, 'f1_weighted': 0.87767983813313, 'precision_macro': 0.8785415879744809, 'precision_micro': 0.8782950666476307, 'precision_weighted': 0.8783825901246142, 'recall_macro': 0.8659491497300404, 'recall_micro': 0.8782950666476307, 'recall_weighted': 0.8782950666476307}
Validation statistic: Loss: 0.2626, dev_score: {'accuracy': 0.92756505884303, 'balanced_accuracy': 0.9261851488007068, 'f1_macro': 0.9268226997979279, 'f1_micro': 0.92756505884303, 'f1_weighted': 0.9275456503219078, 'precision_macro': 0.9282148105211997, 'precision_micro': 0.92756505884303, 'precision_weighted': 0.9282515708354121, 'recall_macro': 0.9261851488007068, 'recall_micro': 0.92756505884303, 'recall_weighted': 0.92756505884303}
Saving model...
Model saved!
-------------------------------------------
-----------------------
Epoch 51/100
Training statistic: Loss: 0.4916, train_score: {'accuracy': 0.879644892078861, 'balanced_accuracy': 0.8673712046587566, 'f1_macro': 0.8731426401297995, 'f1_micro': 0.879644892078861, 'f1_weighted': 0.8789563565453047, 'precision_macro': 0.8804784026052859, 'precision_micro': 0.879644892078861, 'precision_weighted': 0.8797348627480012, 'recall_macro': 0.8673712046587566, 'recall_micro': 0.879644892078861, 'recall_weighted': 0.879644892078861}
Validation statistic: Loss: 0.2618, dev_score: {'accuracy': 0.9277308138571192, 'balanced_accuracy': 0.926603564827864, 'f1_macro': 0.9269821339209431, 'f1_micro': 0.9277308138571192, 'f1_weighted': 0.9276378965228507, 'precision_macro': 0.928165383359211, 'precision_micro': 0.9277308138571192, 'precision_weighted': 0.9283101293874815, 'recall_macro': 0.926603564827864, 'recall_micro': 0.9277308138571192, 'recall_weighted': 0.9277308138571192}
Saving model...
Model saved!
-------------------------------------------
-----------------------
Epoch 52/100
Training statistic: Loss: 0.4910, train_score: {'accuracy': 0.8781458071047542, 'balanced_accuracy': 0.8641623379903992, 'f1_macro': 0.871332650055292, 'f1_micro': 0.8781458071047542, 'f1_weighted': 0.8773592612449412, 'precision_macro': 0.8805570481061606, 'precision_micro': 0.8781458071047542, 'precision_weighted': 0.8785469660783011, 'recall_macro': 0.8641623379903992, 'recall_micro': 0.8781458071047542, 'recall_weighted': 0.8781458071047542}
Validation statistic: Loss: 0.2648, dev_score: {'accuracy': 0.9272335488148516, 'balanced_accuracy': 0.9258549371422141, 'f1_macro': 0.9264609121393326, 'f1_micro': 0.9272335488148516, 'f1_weighted': 0.9271884243477759, 'precision_macro': 0.927834033898191, 'precision_micro': 0.9272335488148516, 'precision_weighted': 0.9278755265795671, 'recall_macro': 0.9258549371422141, 'recall_micro': 0.9272335488148516, 'recall_weighted': 0.9272335488148516}
-----------------------
Epoch 53/100
Training statistic: Loss: 0.4894, train_score: {'accuracy': 0.8790803016340675, 'balanced_accuracy': 0.8672105727764062, 'f1_macro': 0.8724431119246109, 'f1_micro': 0.8790803016340675, 'f1_weighted': 0.8784866977210264, 'precision_macro': 0.8791043344413565, 'precision_micro': 0.8790803016340675, 'precision_weighted': 0.8791705874401571, 'recall_macro': 0.8672105727764062, 'recall_micro': 0.8790803016340675, 'recall_weighted': 0.8790803016340675}
Validation statistic: Loss: 0.2600, dev_score: {'accuracy': 0.9270677938007624, 'balanced_accuracy': 0.9257832430860373, 'f1_macro': 0.9263699899917155, 'f1_micro': 0.9270677938007624, 'f1_weighted': 0.9269974801805517, 'precision_macro': 0.9276224900285188, 'precision_micro': 0.9270677938007624, 'precision_weighted': 0.9275633298949806, 'recall_macro': 0.9257832430860373, 'recall_micro': 0.9270677938007624, 'recall_weighted': 0.9270677938007624}
Saving model...
Model saved!
-------------------------------------------
-----------------------
Epoch 54/100
Training statistic: Loss: 0.4942, train_score: {'accuracy': 0.8777239866574947, 'balanced_accuracy': 0.8642753673755197, 'f1_macro': 0.8709067189687276, 'f1_micro': 0.8777239866574947, 'f1_weighted': 0.8769094156823377, 'precision_macro': 0.8793720307387719, 'precision_micro': 0.8777239866574947, 'precision_weighted': 0.8778135494662939, 'recall_macro': 0.8642753673755197, 'recall_micro': 0.8777239866574947, 'recall_weighted': 0.8777239866574947}
Validation statistic: Loss: 0.2672, dev_score: {'accuracy': 0.9262390187303166, 'balanced_accuracy': 0.9249720562166571, 'f1_macro': 0.9254633610911556, 'f1_micro': 0.9262390187303166, 'f1_weighted': 0.9261476436149109, 'precision_macro': 0.9267483616754089, 'precision_micro': 0.9262390187303166, 'precision_weighted': 0.9268142642317483, 'recall_macro': 0.9249720562166571, 'recall_micro': 0.9262390187303166, 'recall_weighted': 0.9262390187303166}
-----------------------
Epoch 55/100
Training statistic: Loss: 0.4839, train_score: {'accuracy': 0.8806637506976261, 'balanced_accuracy': 0.8689744610176809, 'f1_macro': 0.8740782979400228, 'f1_micro': 0.8806637506976261, 'f1_weighted': 0.8801068099417045, 'precision_macro': 0.8803367576636363, 'precision_micro': 0.8806637506976261, 'precision_weighted': 0.8805670584911278, 'recall_macro': 0.8689744610176809, 'recall_micro': 0.8806637506976261, 'recall_weighted': 0.8806637506976261}
Validation statistic: Loss: 0.2575, dev_score: {'accuracy': 0.9280623238852975, 'balanced_accuracy': 0.9268300091641326, 'f1_macro': 0.9272909909561051, 'f1_micro': 0.9280623238852975, 'f1_weighted': 0.9279817131536207, 'precision_macro': 0.9283251944810667, 'precision_micro': 0.9280623238852975, 'precision_weighted': 0.9284507096052876, 'recall_macro': 0.9268300091641326, 'recall_micro': 0.9280623238852975, 'recall_weighted': 0.9280623238852975}
Saving model...
Model saved!
-------------------------------------------
-----------------------
Epoch 56/100
Training statistic: Loss: 0.4869, train_score: {'accuracy': 0.8817020779524186, 'balanced_accuracy': 0.8705936006512507, 'f1_macro': 0.875005592484681, 'f1_micro': 0.8817020779524186, 'f1_weighted': 0.8810785234074531, 'precision_macro': 0.8806278092710306, 'precision_micro': 0.8817020779524186, 'precision_weighted': 0.8815577456602094, 'recall_macro': 0.8705936006512507, 'recall_micro': 0.8817020779524186, 'recall_weighted': 0.8817020779524186}
Validation statistic: Loss: 0.2580, dev_score: {'accuracy': 0.9277308138571192, 'balanced_accuracy': 0.9264573373052223, 'f1_macro': 0.9270366459251864, 'f1_micro': 0.9277308138571192, 'f1_weighted': 0.9276878056928806, 'precision_macro': 0.9283041720459282, 'precision_micro': 0.9277308138571192, 'precision_weighted': 0.928304346414529, 'recall_macro': 0.9264573373052223, 'recall_micro': 0.9277308138571192, 'recall_weighted': 0.9277308138571192}
-----------------------
Epoch 57/100
Training statistic: Loss: 0.4852, train_score: {'accuracy': 0.8808649266032422, 'balanced_accuracy': 0.8680222736563191, 'f1_macro': 0.8744045965440048, 'f1_micro': 0.8808649266032422, 'f1_weighted': 0.8802342509933654, 'precision_macro': 0.8822385485400744, 'precision_micro': 0.8808649266032422, 'precision_weighted': 0.8809235482853301, 'recall_macro': 0.8680222736563191, 'recall_micro': 0.8808649266032422, 'recall_weighted': 0.8808649266032422}
Validation statistic: Loss: 0.2585, dev_score: {'accuracy': 0.9283938339134759, 'balanced_accuracy': 0.9273249756325683, 'f1_macro': 0.9275817842268976, 'f1_micro': 0.9283938339134759, 'f1_weighted': 0.9282655332729146, 'precision_macro': 0.9283091710307227, 'precision_micro': 0.9283938339134759, 'precision_weighted': 0.9285899330191661, 'recall_macro': 0.9273249756325683, 'recall_micro': 0.9283938339134759, 'recall_weighted': 0.9283938339134759}
-----------------------
Epoch 58/100
Training statistic: Loss: 0.4834, train_score: {'accuracy': 0.8811245084169403, 'balanced_accuracy': 0.8705918014286519, 'f1_macro': 0.8746557122108196, 'f1_micro': 0.8811245084169403, 'f1_weighted': 0.8805281734832141, 'precision_macro': 0.880227936161886, 'precision_micro': 0.8811245084169403, 'precision_weighted': 0.8813366711667125, 'recall_macro': 0.8705918014286519, 'recall_micro': 0.8811245084169403, 'recall_weighted': 0.8811245084169403}
Validation statistic: Loss: 0.2565, dev_score: {'accuracy': 0.9278965688712083, 'balanced_accuracy': 0.9265438873718403, 'f1_macro': 0.9270876663937481, 'f1_micro': 0.9278965688712083, 'f1_weighted': 0.9278017717592074, 'precision_macro': 0.928323325137244, 'precision_micro': 0.9278965688712083, 'precision_weighted': 0.92837007815723, 'recall_macro': 0.9265438873718403, 'recall_micro': 0.9278965688712083, 'recall_weighted': 0.9278965688712083}
Saving model...
Model saved!
-------------------------------------------
-----------------------
Epoch 59/100
Training statistic: Loss: 0.4811, train_score: {'accuracy': 0.8811374875076252, 'balanced_accuracy': 0.869060239553351, 'f1_macro': 0.8746676794790936, 'f1_micro': 0.8811374875076252, 'f1_weighted': 0.880477709385658, 'precision_macro': 0.881840748219844, 'precision_micro': 0.8811374875076252, 'precision_weighted': 0.8812805081837388, 'recall_macro': 0.869060239553351, 'recall_micro': 0.8811374875076252, 'recall_weighted': 0.8811374875076252}
Validation statistic: Loss: 0.2548, dev_score: {'accuracy': 0.9277308138571192, 'balanced_accuracy': 0.9263985881966283, 'f1_macro': 0.9268780630497291, 'f1_micro': 0.9277308138571192, 'f1_weighted': 0.9276287222011199, 'precision_macro': 0.927964733393722, 'precision_micro': 0.9277308138571192, 'precision_weighted': 0.9281056951493042, 'recall_macro': 0.9263985881966283, 'recall_micro': 0.9277308138571192, 'recall_weighted': 0.9277308138571192}
Saving model...
Model saved!
-------------------------------------------
-----------------------
Epoch 60/100
Training statistic: Loss: 0.4823, train_score: {'accuracy': 0.8806961984243384, 'balanced_accuracy': 0.8689282987546596, 'f1_macro': 0.8745984378073388, 'f1_micro': 0.8806961984243384, 'f1_weighted': 0.8799949371013543, 'precision_macro': 0.8818448530810427, 'precision_micro': 0.8806961984243384, 'precision_weighted': 0.8809378941353901, 'recall_macro': 0.8689282987546596, 'recall_micro': 0.8806961984243384, 'recall_weighted': 0.8806961984243384}
Validation statistic: Loss: 0.2545, dev_score: {'accuracy': 0.9297198740261893, 'balanced_accuracy': 0.928542140716862, 'f1_macro': 0.9289888472778645, 'f1_micro': 0.9297198740261893, 'f1_weighted': 0.9296101055175496, 'precision_macro': 0.930099529588692, 'precision_micro': 0.9297198740261893, 'precision_weighted': 0.9301336352478606, 'recall_macro': 0.928542140716862, 'recall_micro': 0.9297198740261893, 'recall_weighted': 0.9297198740261893}
Saving model...
Model saved!
-------------------------------------------
-----------------------
Epoch 61/100
Training statistic: Loss: 0.4797, train_score: {'accuracy': 0.8814749438654328, 'balanced_accuracy': 0.8695494506467693, 'f1_macro': 0.8751250906616888, 'f1_micro': 0.8814749438654328, 'f1_weighted': 0.880890907133435, 'precision_macro': 0.8819366020905874, 'precision_micro': 0.8814749438654328, 'precision_weighted': 0.881463641136542, 'recall_macro': 0.8695494506467693, 'recall_micro': 0.8814749438654328, 'recall_weighted': 0.8814749438654328}
Validation statistic: Loss: 0.2532, dev_score: {'accuracy': 0.9285595889275651, 'balanced_accuracy': 0.9274379998999109, 'f1_macro': 0.9278180048818321, 'f1_micro': 0.9285595889275651, 'f1_weighted': 0.9285024721148595, 'precision_macro': 0.9288317467889975, 'precision_micro': 0.9285595889275651, 'precision_weighted': 0.9290493085093056, 'recall_macro': 0.9274379998999109, 'recall_micro': 0.9285595889275651, 'recall_weighted': 0.9285595889275651}
Saving model...
Model saved!
-------------------------------------------
-----------------------
Epoch 62/100
Training statistic: Loss: 0.4819, train_score: {'accuracy': 0.8821628356717328, 'balanced_accuracy': 0.8707076713892553, 'f1_macro': 0.8758246812187849, 'f1_micro': 0.8821628356717328, 'f1_weighted': 0.8815986531758936, 'precision_macro': 0.8821029490174512, 'precision_micro': 0.8821628356717328, 'precision_weighted': 0.8822636316474677, 'recall_macro': 0.8707076713892553, 'recall_micro': 0.8821628356717328, 'recall_weighted': 0.8821628356717328}
Validation statistic: Loss: 0.2564, dev_score: {'accuracy': 0.9278965688712083, 'balanced_accuracy': 0.926553711278903, 'f1_macro': 0.9270974507144001, 'f1_micro': 0.9278965688712083, 'f1_weighted': 0.9278407430510616, 'precision_macro': 0.9282141978544427, 'precision_micro': 0.9278965688712083, 'precision_weighted': 0.9283341108909259, 'recall_macro': 0.926553711278903, 'recall_micro': 0.9278965688712083, 'recall_weighted': 0.9278965688712083}
-----------------------
Epoch 63/100
Training statistic: Loss: 0.4830, train_score: {'accuracy': 0.8818059106778979, 'balanced_accuracy': 0.871070054996905, 'f1_macro': 0.8751891546236037, 'f1_micro': 0.8818059106778979, 'f1_weighted': 0.8811669705042361, 'precision_macro': 0.8805917716338868, 'precision_micro': 0.8818059106778979, 'precision_weighted': 0.8816563687086558, 'recall_macro': 0.871070054996905, 'recall_micro': 0.8818059106778979, 'recall_weighted': 0.8818059106778979}
Validation statistic: Loss: 0.2567, dev_score: {'accuracy': 0.9280623238852975, 'balanced_accuracy': 0.9266749798240606, 'f1_macro': 0.927216447977715, 'f1_micro': 0.9280623238852975, 'f1_weighted': 0.9279445939771911, 'precision_macro': 0.9285401906829633, 'precision_micro': 0.9280623238852975, 'precision_weighted': 0.9285802251560539, 'recall_macro': 0.9266749798240606, 'recall_micro': 0.9280623238852975, 'recall_weighted': 0.9280623238852975}
-----------------------
Epoch 64/100
Training statistic: Loss: 0.4829, train_score: {'accuracy': 0.8826430620270744, 'balanced_accuracy': 0.8710615746927358, 'f1_macro': 0.8763918613472244, 'f1_micro': 0.8826430620270744, 'f1_weighted': 0.8820766531855329, 'precision_macro': 0.8829470280293548, 'precision_micro': 0.8826430620270744, 'precision_weighted': 0.8826053032031614, 'recall_macro': 0.8710615746927358, 'recall_micro': 0.8826430620270744, 'recall_weighted': 0.8826430620270744}
Validation statistic: Loss: 0.2541, dev_score: {'accuracy': 0.929388363998011, 'balanced_accuracy': 0.9280753919319554, 'f1_macro': 0.9285865606441199, 'f1_micro': 0.929388363998011, 'f1_weighted': 0.9292858484090738, 'precision_macro': 0.9297099822239815, 'precision_micro': 0.929388363998011, 'precision_weighted': 0.9297748241235493, 'recall_macro': 0.9280753919319554, 'recall_micro': 0.929388363998011, 'recall_weighted': 0.929388363998011}
-----------------------
Epoch 65/100
Training statistic: Loss: 0.4797, train_score: {'accuracy': 0.883194673381183, 'balanced_accuracy': 0.8720906945957478, 'f1_macro': 0.8767802695505955, 'f1_micro': 0.883194673381183, 'f1_weighted': 0.8826156688121837, 'precision_macro': 0.8827785109296507, 'precision_micro': 0.883194673381183, 'precision_weighted': 0.8832496430601193, 'recall_macro': 0.8720906945957478, 'recall_micro': 0.883194673381183, 'recall_weighted': 0.883194673381183}
Validation statistic: Loss: 0.2542, dev_score: {'accuracy': 0.9297198740261893, 'balanced_accuracy': 0.9284945263250878, 'f1_macro': 0.9289671886032671, 'f1_micro': 0.9297198740261893, 'f1_weighted': 0.929635788902818, 'precision_macro': 0.9300261669200592, 'precision_micro': 0.9297198740261893, 'precision_weighted': 0.9301124850178663, 'recall_macro': 0.9284945263250878, 'recall_micro': 0.9297198740261893, 'recall_weighted': 0.9297198740261893}
-----------------------
Epoch 66/100
Training statistic: Loss: 0.4830, train_score: {'accuracy': 0.8827663633885809, 'balanced_accuracy': 0.8706513289613109, 'f1_macro': 0.8764452024761183, 'f1_micro': 0.8827663633885809, 'f1_weighted': 0.8821642567729497, 'precision_macro': 0.883646903444621, 'precision_micro': 0.8827663633885809, 'precision_weighted': 0.8828757969674851, 'recall_macro': 0.8706513289613109, 'recall_micro': 0.8827663633885809, 'recall_weighted': 0.8827663633885809}
Validation statistic: Loss: 0.2542, dev_score: {'accuracy': 0.929388363998011, 'balanced_accuracy': 0.9281656724079796, 'f1_macro': 0.9286219187954, 'f1_micro': 0.929388363998011, 'f1_weighted': 0.929291215308362, 'precision_macro': 0.9297824152137265, 'precision_micro': 0.929388363998011, 'precision_weighted': 0.9298718218536227, 'recall_macro': 0.9281656724079796, 'recall_micro': 0.929388363998011, 'recall_weighted': 0.929388363998011}
-----------------------
Epoch 67/100
Training statistic: Loss: 0.4784, train_score: {'accuracy': 0.8843692810881669, 'balanced_accuracy': 0.8733754668643787, 'f1_macro': 0.8782070692041369, 'f1_micro': 0.8843692810881669, 'f1_weighted': 0.8837878382571591, 'precision_macro': 0.8845774670248334, 'precision_micro': 0.8843692810881669, 'precision_weighted': 0.8846639831972497, 'recall_macro': 0.8733754668643787, 'recall_micro': 0.8843692810881669, 'recall_weighted': 0.8843692810881669}
Validation statistic: Loss: 0.2482, dev_score: {'accuracy': 0.9312116691529919, 'balanced_accuracy': 0.9300007806281163, 'f1_macro': 0.9305068402077769, 'f1_micro': 0.9312116691529919, 'f1_weighted': 0.9311048636129206, 'precision_macro': 0.9315509837549971, 'precision_micro': 0.9312116691529919, 'precision_weighted': 0.931516082963176, 'recall_macro': 0.9300007806281163, 'recall_micro': 0.9312116691529919, 'recall_weighted': 0.9312116691529919}
Saving model...
Model saved!
-------------------------------------------
-----------------------
Epoch 68/100
Training statistic: Loss: 0.4796, train_score: {'accuracy': 0.8835775565563877, 'balanced_accuracy': 0.8721588909382734, 'f1_macro': 0.8773325847004857, 'f1_micro': 0.8835775565563877, 'f1_weighted': 0.8829977364141355, 'precision_macro': 0.8834785200509959, 'precision_micro': 0.8835775565563877, 'precision_weighted': 0.8833715676825563, 'recall_macro': 0.8721588909382734, 'recall_micro': 0.8835775565563877, 'recall_weighted': 0.8835775565563877}
Validation statistic: Loss: 0.2531, dev_score: {'accuracy': 0.9282280788993867, 'balanced_accuracy': 0.926888462067154, 'f1_macro': 0.9274682720091556, 'f1_micro': 0.9282280788993867, 'f1_weighted': 0.9281621415368874, 'precision_macro': 0.9286611366330945, 'precision_micro': 0.9282280788993867, 'precision_weighted': 0.9286825518400282, 'recall_macro': 0.926888462067154, 'recall_micro': 0.9282280788993867, 'recall_weighted': 0.9282280788993867}
-----------------------
Epoch 69/100
Training statistic: Loss: 0.4793, train_score: {'accuracy': 0.8830064765662518, 'balanced_accuracy': 0.8710725270405536, 'f1_macro': 0.8762813138163483, 'f1_micro': 0.8830064765662518, 'f1_weighted': 0.8823416509661202, 'precision_macro': 0.8829729417375743, 'precision_micro': 0.8830064765662518, 'precision_weighted': 0.8830101468827666, 'recall_macro': 0.8710725270405536, 'recall_micro': 0.8830064765662518, 'recall_weighted': 0.8830064765662518}
Validation statistic: Loss: 0.2533, dev_score: {'accuracy': 0.9297198740261893, 'balanced_accuracy': 0.9284001597211688, 'f1_macro': 0.9289893695171244, 'f1_micro': 0.9297198740261893, 'f1_weighted': 0.9296625467403274, 'precision_macro': 0.9302034014116971, 'precision_micro': 0.9297198740261893, 'precision_weighted': 0.9302074589408477, 'recall_macro': 0.9284001597211688, 'recall_micro': 0.9297198740261893, 'recall_weighted': 0.9297198740261893}
-----------------------
Epoch 70/100
Training statistic: Loss: 0.4737, train_score: {'accuracy': 0.8844925824496735, 'balanced_accuracy': 0.8731016218970525, 'f1_macro': 0.8784385586189846, 'f1_micro': 0.8844925824496735, 'f1_weighted': 0.8839328626819939, 'precision_macro': 0.8850261526322164, 'precision_micro': 0.8844925824496735, 'precision_weighted': 0.884561468349355, 'recall_macro': 0.8731016218970525, 'recall_micro': 0.8844925824496735, 'recall_weighted': 0.8844925824496735}
Validation statistic: Loss: 0.2469, dev_score: {'accuracy': 0.9318746892093486, 'balanced_accuracy': 0.9308498916268023, 'f1_macro': 0.9312566555262244, 'f1_micro': 0.9318746892093486, 'f1_weighted': 0.9317929969536128, 'precision_macro': 0.9320877906221792, 'precision_micro': 0.9318746892093486, 'precision_weighted': 0.9321216940840733, 'recall_macro': 0.9308498916268023, 'recall_micro': 0.9318746892093486, 'recall_weighted': 0.9318746892093486}
Saving model...
Model saved!
-------------------------------------------
-----------------------
Epoch 71/100
Training statistic: Loss: 0.4786, train_score: {'accuracy': 0.8845055615403585, 'balanced_accuracy': 0.8745999924364328, 'f1_macro': 0.8782504221694115, 'f1_micro': 0.8845055615403585, 'f1_weighted': 0.8839760012947615, 'precision_macro': 0.8830437466007192, 'precision_micro': 0.8845055615403585, 'precision_weighted': 0.8845408067498639, 'recall_macro': 0.8745999924364328, 'recall_micro': 0.8845055615403585, 'recall_weighted': 0.8845055615403585}
Validation statistic: Loss: 0.2506, dev_score: {'accuracy': 0.9298856290402785, 'balanced_accuracy': 0.9286939286471009, 'f1_macro': 0.929220020175334, 'f1_micro': 0.9298856290402785, 'f1_weighted': 0.9298200782898896, 'precision_macro': 0.9303502204520022, 'precision_micro': 0.9298856290402785, 'precision_weighted': 0.930335790783241, 'recall_macro': 0.9286939286471009, 'recall_micro': 0.9298856290402785, 'recall_weighted': 0.9298856290402785}
-----------------------
Epoch 72/100
Training statistic: Loss: 0.4749, train_score: {'accuracy': 0.8854530351603567, 'balanced_accuracy': 0.8740839927144342, 'f1_macro': 0.8793026497156127, 'f1_micro': 0.8854530351603567, 'f1_weighted': 0.8849411133247187, 'precision_macro': 0.8856658900613035, 'precision_micro': 0.8854530351603567, 'precision_weighted': 0.8854964155911769, 'recall_macro': 0.8740839927144342, 'recall_micro': 0.8854530351603567, 'recall_weighted': 0.8854530351603567}
Validation statistic: Loss: 0.2489, dev_score: {'accuracy': 0.9312116691529919, 'balanced_accuracy': 0.9300279691519553, 'f1_macro': 0.930581332938113, 'f1_micro': 0.9312116691529919, 'f1_weighted': 0.9311708756803846, 'precision_macro': 0.9316682256596647, 'precision_micro': 0.9312116691529919, 'precision_weighted': 0.9316519983040934, 'recall_macro': 0.9300279691519553, 'recall_micro': 0.9312116691529919, 'recall_weighted': 0.9312116691529919}
-----------------------
Epoch 73/100
Training statistic: Loss: 0.4803, train_score: {'accuracy': 0.8838501174607707, 'balanced_accuracy': 0.8714928503982886, 'f1_macro': 0.8775234040964464, 'f1_micro': 0.8838501174607707, 'f1_weighted': 0.8831831018222245, 'precision_macro': 0.8849914188299832, 'precision_micro': 0.8838501174607707, 'precision_weighted': 0.8839935133383023, 'recall_macro': 0.8714928503982886, 'recall_micro': 0.8838501174607707, 'recall_weighted': 0.8838501174607707}
Validation statistic: Loss: 0.2519, dev_score: {'accuracy': 0.9295541190121002, 'balanced_accuracy': 0.9283354450785568, 'f1_macro': 0.928921976997603, 'f1_micro': 0.9295541190121002, 'f1_weighted': 0.9294888958013665, 'precision_macro': 0.9301887082607125, 'precision_micro': 0.9295541190121002, 'precision_weighted': 0.9300767831654287, 'recall_macro': 0.9283354450785568, 'recall_micro': 0.9295541190121002, 'recall_weighted': 0.9295541190121002}
-----------------------
Epoch 74/100
Training statistic: Loss: 0.4775, train_score: {'accuracy': 0.8856996378833699, 'balanced_accuracy': 0.8736384782171441, 'f1_macro': 0.8798621042146738, 'f1_micro': 0.8856996378833699, 'f1_weighted': 0.8851150819956655, 'precision_macro': 0.8874115858923173, 'precision_micro': 0.8856996378833699, 'precision_weighted': 0.885828748581194, 'recall_macro': 0.8736384782171441, 'recall_micro': 0.8856996378833699, 'recall_weighted': 0.8856996378833699}
Validation statistic: Loss: 0.2505, dev_score: {'accuracy': 0.9297198740261893, 'balanced_accuracy': 0.9285553761486532, 'f1_macro': 0.9290795193645378, 'f1_micro': 0.9297198740261893, 'f1_weighted': 0.9296329916784694, 'precision_macro': 0.9301657266894316, 'precision_micro': 0.9297198740261893, 'precision_weighted': 0.9300867337286969, 'recall_macro': 0.9285553761486532, 'recall_micro': 0.9297198740261893, 'recall_weighted': 0.9297198740261893}
-----------------------
Epoch 75/100
Training statistic: Loss: 0.4741, train_score: {'accuracy': 0.8852648383454255, 'balanced_accuracy': 0.8737985916639855, 'f1_macro': 0.8788677938380272, 'f1_micro': 0.8852648383454255, 'f1_weighted': 0.8846280667829127, 'precision_macro': 0.885275333727004, 'precision_micro': 0.8852648383454255, 'precision_weighted': 0.8852966354474948, 'recall_macro': 0.8737985916639855, 'recall_micro': 0.8852648383454255, 'recall_weighted': 0.8852648383454255}
Validation statistic: Loss: 0.2482, dev_score: {'accuracy': 0.9300513840543676, 'balanced_accuracy': 0.9288194440419346, 'f1_macro': 0.9293689999219545, 'f1_micro': 0.9300513840543676, 'f1_weighted': 0.9299430407815394, 'precision_macro': 0.9305555857924371, 'precision_micro': 0.9300513840543676, 'precision_weighted': 0.9304475473628221, 'recall_macro': 0.9288194440419346, 'recall_micro': 0.9300513840543676, 'recall_weighted': 0.9300513840543676}
-----------------------
Epoch 76/100
Training statistic: Loss: 0.4735, train_score: {'accuracy': 0.8865367892325464, 'balanced_accuracy': 0.8749028839499335, 'f1_macro': 0.8805394441200045, 'f1_micro': 0.8865367892325464, 'f1_weighted': 0.8859940011062781, 'precision_macro': 0.887293679763107, 'precision_micro': 0.8865367892325464, 'precision_weighted': 0.8865655624526871, 'recall_macro': 0.8749028839499335, 'recall_micro': 0.8865367892325464, 'recall_weighted': 0.8865367892325464}
Validation statistic: Loss: 0.2461, dev_score: {'accuracy': 0.9315431791811702, 'balanced_accuracy': 0.9304801437549015, 'f1_macro': 0.9309128699644598, 'f1_micro': 0.9315431791811702, 'f1_weighted': 0.9314686869422987, 'precision_macro': 0.9319400215087956, 'precision_micro': 0.9315431791811702, 'precision_weighted': 0.9319658772000985, 'recall_macro': 0.9304801437549015, 'recall_micro': 0.9315431791811702, 'recall_weighted': 0.9315431791811702}
Saving model...
Model saved!
-------------------------------------------
-----------------------
Epoch 77/100
Training statistic: Loss: 0.4734, train_score: {'accuracy': 0.8853946292522746, 'balanced_accuracy': 0.8750852988461266, 'f1_macro': 0.8791339295653955, 'f1_micro': 0.8853946292522746, 'f1_weighted': 0.8848463006921582, 'precision_macro': 0.8844753326596345, 'precision_micro': 0.8853946292522746, 'precision_weighted': 0.8854307701490759, 'recall_macro': 0.8750852988461266, 'recall_micro': 0.8853946292522746, 'recall_weighted': 0.8853946292522746}
Validation statistic: Loss: 0.2473, dev_score: {'accuracy': 0.9312116691529919, 'balanced_accuracy': 0.9301331234118718, 'f1_macro': 0.9305745576364517, 'f1_micro': 0.9312116691529919, 'f1_weighted': 0.9311068182369506, 'precision_macro': 0.9315747119980197, 'precision_micro': 0.9312116691529919, 'precision_weighted': 0.931539035165455, 'recall_macro': 0.9301331234118718, 'recall_micro': 0.9312116691529919, 'recall_weighted': 0.9312116691529919}
-----------------------
Epoch 78/100
Training statistic: Loss: 0.4731, train_score: {'accuracy': 0.8863161446909029, 'balanced_accuracy': 0.8739484706270352, 'f1_macro': 0.8802206338650731, 'f1_micro': 0.8863161446909029, 'f1_weighted': 0.8858042405046639, 'precision_macro': 0.8876384985542286, 'precision_micro': 0.8863161446909029, 'precision_weighted': 0.8863527392877553, 'recall_macro': 0.8739484706270352, 'recall_micro': 0.8863161446909029, 'recall_weighted': 0.8863161446909029}
Validation statistic: Loss: 0.2488, dev_score: {'accuracy': 0.9305486490966351, 'balanced_accuracy': 0.9293086994096511, 'f1_macro': 0.9297913426718459, 'f1_micro': 0.9305486490966351, 'f1_weighted': 0.9304526008659754, 'precision_macro': 0.9308308125799802, 'precision_micro': 0.9305486490966351, 'precision_weighted': 0.9308943528114816, 'recall_macro': 0.9293086994096511, 'recall_micro': 0.9305486490966351, 'recall_weighted': 0.9305486490966351}
-----------------------
Epoch 79/100
Training statistic: Loss: 0.4767, train_score: {'accuracy': 0.8848624865341934, 'balanced_accuracy': 0.8739950184736989, 'f1_macro': 0.8787087450181735, 'f1_micro': 0.8848624865341934, 'f1_weighted': 0.8844040900130915, 'precision_macro': 0.8845911067451395, 'precision_micro': 0.8848624865341934, 'precision_weighted': 0.8850280340757283, 'recall_macro': 0.8739950184736989, 'recall_micro': 0.8848624865341934, 'recall_weighted': 0.8848624865341934}
Validation statistic: Loss: 0.2512, dev_score: {'accuracy': 0.9292226089839217, 'balanced_accuracy': 0.9280146411829195, 'f1_macro': 0.928566601059184, 'f1_micro': 0.9292226089839217, 'f1_weighted': 0.9291451146475375, 'precision_macro': 0.9297779588579524, 'precision_micro': 0.9292226089839217, 'precision_weighted': 0.9297022240515594, 'recall_macro': 0.9280146411829195, 'recall_micro': 0.9292226089839217, 'recall_weighted': 0.9292226089839217}
-----------------------
Epoch 80/100
Training statistic: Loss: 0.4725, train_score: {'accuracy': 0.8866990278661077, 'balanced_accuracy': 0.8757235031044921, 'f1_macro': 0.8807483087197279, 'f1_micro': 0.8866990278661077, 'f1_weighted': 0.8861725683235138, 'precision_macro': 0.88676344210641, 'precision_micro': 0.8866990278661077, 'precision_weighted': 0.886567985395601, 'recall_macro': 0.8757235031044921, 'recall_micro': 0.8866990278661077, 'recall_weighted': 0.8866990278661077}
Validation statistic: Loss: 0.2460, dev_score: {'accuracy': 0.9335322393502403, 'balanced_accuracy': 0.9325201742254527, 'f1_macro': 0.9329768682878157, 'f1_micro': 0.9335322393502403, 'f1_weighted': 0.9334677552856008, 'precision_macro': 0.9338837798195199, 'precision_micro': 0.9335322393502403, 'precision_weighted': 0.9338365965052986, 'recall_macro': 0.9325201742254527, 'recall_micro': 0.9335322393502403, 'recall_weighted': 0.9335322393502403}
Saving model...
Model saved!
-------------------------------------------
-----------------------
Epoch 81/100
Training statistic: Loss: 0.4719, train_score: {'accuracy': 0.8865238101418614, 'balanced_accuracy': 0.8748183446963982, 'f1_macro': 0.8808634530249663, 'f1_micro': 0.8865238101418614, 'f1_weighted': 0.8860075008722117, 'precision_macro': 0.8882264549768797, 'precision_micro': 0.8865238101418614, 'precision_weighted': 0.8867846483087055, 'recall_macro': 0.8748183446963982, 'recall_micro': 0.8865238101418614, 'recall_weighted': 0.8865238101418614}
Validation statistic: Loss: 0.2461, dev_score: {'accuracy': 0.9308801591248135, 'balanced_accuracy': 0.9296628436453448, 'f1_macro': 0.930190710625135, 'f1_micro': 0.9308801591248135, 'f1_weighted': 0.9308372668484446, 'precision_macro': 0.9315068873718779, 'precision_micro': 0.9308801591248135, 'precision_weighted': 0.9315497104300973, 'recall_macro': 0.9296628436453448, 'recall_micro': 0.9308801591248135, 'recall_weighted': 0.9308801591248135}
-----------------------
Epoch 82/100
Training statistic: Loss: 0.4711, train_score: {'accuracy': 0.8874388360351474, 'balanced_accuracy': 0.8766434534951799, 'f1_macro': 0.881647365941251, 'f1_micro': 0.8874388360351474, 'f1_weighted': 0.8869645305553705, 'precision_macro': 0.8874948620586753, 'precision_micro': 0.8874388360351474, 'precision_weighted': 0.8873893714154493, 'recall_macro': 0.8766434534951799, 'recall_micro': 0.8874388360351474, 'recall_weighted': 0.8874388360351474}
Validation statistic: Loss: 0.2450, dev_score: {'accuracy': 0.930382894082546, 'balanced_accuracy': 0.9293253717470764, 'f1_macro': 0.9297596130136062, 'f1_micro': 0.930382894082546, 'f1_weighted': 0.9303294553791029, 'precision_macro': 0.9306758249531365, 'precision_micro': 0.930382894082546, 'precision_weighted': 0.9307456200187898, 'recall_macro': 0.9293253717470764, 'recall_micro': 0.930382894082546, 'recall_weighted': 0.930382894082546}
Saving model...
Model saved!
-------------------------------------------
-----------------------
Epoch 83/100
Training statistic: Loss: 0.4726, train_score: {'accuracy': 0.8848819551702207, 'balanced_accuracy': 0.8723826701489278, 'f1_macro': 0.8786273923749268, 'f1_micro': 0.8848819551702207, 'f1_weighted': 0.8842240458449487, 'precision_macro': 0.8867269889793663, 'precision_micro': 0.8848819551702207, 'precision_weighted': 0.8852372340488228, 'recall_macro': 0.8723826701489278, 'recall_micro': 0.8848819551702207, 'recall_weighted': 0.8848819551702207}
Validation statistic: Loss: 0.2476, dev_score: {'accuracy': 0.9317089341952594, 'balanced_accuracy': 0.9304920933618719, 'f1_macro': 0.931045277062738, 'f1_micro': 0.9317089341952594, 'f1_weighted': 0.9316249419534726, 'precision_macro': 0.932207931138137, 'precision_micro': 0.9317089341952594, 'precision_weighted': 0.9321308252210718, 'recall_macro': 0.9304920933618719, 'recall_micro': 0.9317089341952594, 'recall_weighted': 0.9317089341952594}
-----------------------
Epoch 84/100
Training statistic: Loss: 0.4735, train_score: {'accuracy': 0.8854984619777538, 'balanced_accuracy': 0.8729714978746639, 'f1_macro': 0.8792261277359573, 'f1_micro': 0.8854984619777538, 'f1_weighted': 0.88474331840635, 'precision_macro': 0.887164722443943, 'precision_micro': 0.8854984619777538, 'precision_weighted': 0.885590743223631, 'recall_macro': 0.8729714978746639, 'recall_micro': 0.8854984619777538, 'recall_weighted': 0.8854984619777538}
Validation statistic: Loss: 0.2486, dev_score: {'accuracy': 0.9312116691529919, 'balanced_accuracy': 0.930038309107996, 'f1_macro': 0.9305711557903619, 'f1_micro': 0.9312116691529919, 'f1_weighted': 0.9311511012630831, 'precision_macro': 0.9317989442498746, 'precision_micro': 0.9312116691529919, 'precision_weighted': 0.9317572760501907, 'recall_macro': 0.930038309107996, 'recall_micro': 0.9312116691529919, 'recall_weighted': 0.9312116691529919}
-----------------------
Epoch 85/100
Training statistic: Loss: 0.4681, train_score: {'accuracy': 0.8864654042337794, 'balanced_accuracy': 0.8751894939062792, 'f1_macro': 0.8803388584632325, 'f1_micro': 0.8864654042337794, 'f1_weighted': 0.8859273670623524, 'precision_macro': 0.886829290020415, 'precision_micro': 0.8864654042337794, 'precision_weighted': 0.8866261849372372, 'recall_macro': 0.8751894939062792, 'recall_micro': 0.8864654042337794, 'recall_weighted': 0.8864654042337794}
Validation statistic: Loss: 0.2453, dev_score: {'accuracy': 0.930382894082546, 'balanced_accuracy': 0.92920709590813, 'f1_macro': 0.9297483624345846, 'f1_micro': 0.930382894082546, 'f1_weighted': 0.9303522344144145, 'precision_macro': 0.9310182644397926, 'precision_micro': 0.930382894082546, 'precision_weighted': 0.9310246399555443, 'recall_macro': 0.92920709590813, 'recall_micro': 0.930382894082546, 'recall_weighted': 0.930382894082546}
-----------------------
Epoch 86/100
Training statistic: Loss: 0.4687, train_score: {'accuracy': 0.8878801251184342, 'balanced_accuracy': 0.8766254110341553, 'f1_macro': 0.8814834233713228, 'f1_micro': 0.8878801251184342, 'f1_weighted': 0.8872599299974431, 'precision_macro': 0.8877206144793982, 'precision_micro': 0.8878801251184342, 'precision_weighted': 0.8879512264836776, 'recall_macro': 0.8766254110341553, 'recall_micro': 0.8878801251184342, 'recall_weighted': 0.8878801251184342}
Validation statistic: Loss: 0.2431, dev_score: {'accuracy': 0.9310459141389027, 'balanced_accuracy': 0.9298091734444022, 'f1_macro': 0.9303473859319771, 'f1_micro': 0.9310459141389027, 'f1_weighted': 0.9309573299405699, 'precision_macro': 0.9314268174807626, 'precision_micro': 0.9310459141389027, 'precision_weighted': 0.9313897915674046, 'recall_macro': 0.9298091734444022, 'recall_micro': 0.9310459141389027, 'recall_weighted': 0.9310459141389027}
Saving model...
Model saved!
-------------------------------------------
-----------------------
Epoch 87/100
Training statistic: Loss: 0.4661, train_score: {'accuracy': 0.887906083299804, 'balanced_accuracy': 0.8757362247448748, 'f1_macro': 0.8820506729005266, 'f1_micro': 0.887906083299804, 'f1_weighted': 0.8873586874597458, 'precision_macro': 0.8894288844636652, 'precision_micro': 0.887906083299804, 'precision_weighted': 0.8878786734169573, 'recall_macro': 0.8757362247448748, 'recall_micro': 0.887906083299804, 'recall_weighted': 0.887906083299804}
Validation statistic: Loss: 0.2407, dev_score: {'accuracy': 0.9325377092657053, 'balanced_accuracy': 0.9314238892913711, 'f1_macro': 0.931873549030211, 'f1_micro': 0.9325377092657053, 'f1_weighted': 0.9324658840660689, 'precision_macro': 0.9327636721234815, 'precision_micro': 0.9325377092657053, 'precision_weighted': 0.9328200393701926, 'recall_macro': 0.9314238892913711, 'recall_micro': 0.9325377092657053, 'recall_weighted': 0.9325377092657053}
Saving model...
Model saved!
-------------------------------------------
-----------------------
Epoch 88/100
Training statistic: Loss: 0.4711, train_score: {'accuracy': 0.8867898815009021, 'balanced_accuracy': 0.8753675388932278, 'f1_macro': 0.880948565973591, 'f1_micro': 0.8867898815009021, 'f1_weighted': 0.8861922417732198, 'precision_macro': 0.8878798757033574, 'precision_micro': 0.8867898815009021, 'precision_weighted': 0.8870072328480024, 'recall_macro': 0.8753675388932278, 'recall_micro': 0.8867898815009021, 'recall_weighted': 0.8867898815009021}
Validation statistic: Loss: 0.2465, dev_score: {'accuracy': 0.9310459141389027, 'balanced_accuracy': 0.9298182281870349, 'f1_macro': 0.9303332636064752, 'f1_micro': 0.9310459141389027, 'f1_weighted': 0.930960492576859, 'precision_macro': 0.9314817048034607, 'precision_micro': 0.9310459141389027, 'precision_weighted': 0.9314843665704993, 'recall_macro': 0.9298182281870349, 'recall_micro': 0.9310459141389027, 'recall_weighted': 0.9310459141389027}
-----------------------
Epoch 89/100
Training statistic: Loss: 0.4691, train_score: {'accuracy': 0.887704907394188, 'balanced_accuracy': 0.8765103483669918, 'f1_macro': 0.8819072706305999, 'f1_micro': 0.887704907394188, 'f1_weighted': 0.8871878519693074, 'precision_macro': 0.8885237857083673, 'precision_micro': 0.887704907394188, 'precision_weighted': 0.887885267678948, 'recall_macro': 0.8765103483669918, 'recall_micro': 0.887704907394188, 'recall_weighted': 0.887704907394188}
Validation statistic: Loss: 0.2443, dev_score: {'accuracy': 0.9328692192938837, 'balanced_accuracy': 0.9316909358879772, 'f1_macro': 0.9322009754040819, 'f1_micro': 0.9328692192938837, 'f1_weighted': 0.9328151580985521, 'precision_macro': 0.9333499869068438, 'precision_micro': 0.9328692192938837, 'precision_weighted': 0.9333771456514501, 'recall_macro': 0.9316909358879772, 'recall_micro': 0.9328692192938837, 'recall_weighted': 0.9328692192938837}
-----------------------
Epoch 90/100
Training statistic: Loss: 0.4683, train_score: {'accuracy': 0.8875556478513116, 'balanced_accuracy': 0.8760794634892543, 'f1_macro': 0.8816400001771921, 'f1_micro': 0.8875556478513116, 'f1_weighted': 0.8869428155418213, 'precision_macro': 0.8889692177861104, 'precision_micro': 0.8875556478513116, 'precision_weighted': 0.8880084639833729, 'recall_macro': 0.8760794634892543, 'recall_micro': 0.8875556478513116, 'recall_weighted': 0.8875556478513116}
Validation statistic: Loss: 0.2462, dev_score: {'accuracy': 0.9328692192938837, 'balanced_accuracy': 0.9316693967473032, 'f1_macro': 0.9322386192093847, 'f1_micro': 0.9328692192938837, 'f1_weighted': 0.9327972819621231, 'precision_macro': 0.9334692951299589, 'precision_micro': 0.9328692192938837, 'precision_weighted': 0.9333666397487422, 'recall_macro': 0.9316693967473032, 'recall_micro': 0.9328692192938837, 'recall_weighted': 0.9328692192938837}
-----------------------
Epoch 91/100
Training statistic: Loss: 0.4700, train_score: {'accuracy': 0.8888535569198022, 'balanced_accuracy': 0.8784681864725821, 'f1_macro': 0.883094620919646, 'f1_micro': 0.8888535569198022, 'f1_weighted': 0.8884009597650082, 'precision_macro': 0.8886481928147354, 'precision_micro': 0.8888535569198022, 'precision_weighted': 0.8888590566148687, 'recall_macro': 0.8784681864725821, 'recall_micro': 0.8888535569198022, 'recall_weighted': 0.8888535569198022}
Validation statistic: Loss: 0.2421, dev_score: {'accuracy': 0.931377424167081, 'balanced_accuracy': 0.9301100123354246, 'f1_macro': 0.9306873316908041, 'f1_micro': 0.931377424167081, 'f1_weighted': 0.9313026385215026, 'precision_macro': 0.9317554644659862, 'precision_micro': 0.931377424167081, 'precision_weighted': 0.9316987527887354, 'recall_macro': 0.9301100123354246, 'recall_micro': 0.931377424167081, 'recall_weighted': 0.931377424167081}
-----------------------
Epoch 92/100
Training statistic: Loss: 0.4684, train_score: {'accuracy': 0.8883733305644607, 'balanced_accuracy': 0.878063891135025, 'f1_macro': 0.8822177198065108, 'f1_micro': 0.8883733305644607, 'f1_weighted': 0.8878415352225079, 'precision_macro': 0.8874976204303291, 'precision_micro': 0.8883733305644607, 'precision_weighted': 0.8883202079361547, 'recall_macro': 0.878063891135025, 'recall_micro': 0.8883733305644607, 'recall_weighted': 0.8883733305644607}
Validation statistic: Loss: 0.2436, dev_score: {'accuracy': 0.930382894082546, 'balanced_accuracy': 0.9291166383638112, 'f1_macro': 0.929712338497308, 'f1_micro': 0.930382894082546, 'f1_weighted': 0.9303297873914943, 'precision_macro': 0.9309199274521136, 'precision_micro': 0.930382894082546, 'precision_weighted': 0.930865695368576, 'recall_macro': 0.9291166383638112, 'recall_micro': 0.930382894082546, 'recall_weighted': 0.930382894082546}
-----------------------
Epoch 93/100
Training statistic: Loss: 0.4674, train_score: {'accuracy': 0.8885809960154192, 'balanced_accuracy': 0.8768041916455811, 'f1_macro': 0.8826437597630548, 'f1_micro': 0.8885809960154192, 'f1_weighted': 0.8879465261667333, 'precision_macro': 0.8899839978246596, 'precision_micro': 0.8885809960154192, 'precision_weighted': 0.8886387008216141, 'recall_macro': 0.8768041916455811, 'recall_micro': 0.8885809960154192, 'recall_weighted': 0.8885809960154192}
Validation statistic: Loss: 0.2423, dev_score: {'accuracy': 0.9318746892093486, 'balanced_accuracy': 0.9308171651851284, 'f1_macro': 0.9312454478452616, 'f1_micro': 0.9318746892093486, 'f1_weighted': 0.9317847281563955, 'precision_macro': 0.9322072138330487, 'precision_micro': 0.9318746892093486, 'precision_weighted': 0.9322075070237174, 'recall_macro': 0.9308171651851284, 'recall_micro': 0.9318746892093486, 'recall_weighted': 0.9318746892093486}
-----------------------
Epoch 94/100
Training statistic: Loss: 0.4673, train_score: {'accuracy': 0.887004036497203, 'balanced_accuracy': 0.8755282172192823, 'f1_macro': 0.8810008103714733, 'f1_micro': 0.887004036497203, 'f1_weighted': 0.8863520627709087, 'precision_macro': 0.888197406021666, 'precision_micro': 0.887004036497203, 'precision_weighted': 0.8874295757378988, 'recall_macro': 0.8755282172192823, 'recall_micro': 0.887004036497203, 'recall_weighted': 0.887004036497203}
Validation statistic: Loss: 0.2445, dev_score: {'accuracy': 0.9315431791811702, 'balanced_accuracy': 0.9302080510200404, 'f1_macro': 0.9309448885856362, 'f1_micro': 0.9315431791811702, 'f1_weighted': 0.9315132243150943, 'precision_macro': 0.9323839720068798, 'precision_micro': 0.9315431791811702, 'precision_weighted': 0.9321553685022234, 'recall_macro': 0.9302080510200404, 'recall_micro': 0.9315431791811702, 'recall_weighted': 0.9315431791811702}
-----------------------
Epoch 95/100
Training statistic: Loss: 0.4673, train_score: {'accuracy': 0.8879320414811739, 'balanced_accuracy': 0.87607123572293, 'f1_macro': 0.8822533994900263, 'f1_micro': 0.8879320414811739, 'f1_weighted': 0.887404690761992, 'precision_macro': 0.8895620057409979, 'precision_micro': 0.8879320414811739, 'precision_weighted': 0.8880410485909789, 'recall_macro': 0.87607123572293, 'recall_micro': 0.8879320414811739, 'recall_weighted': 0.8879320414811739}
Validation statistic: Loss: 0.2424, dev_score: {'accuracy': 0.9322061992375269, 'balanced_accuracy': 0.9310320953920647, 'f1_macro': 0.9315598339529002, 'f1_micro': 0.9322061992375269, 'f1_weighted': 0.9321658963325452, 'precision_macro': 0.9326445687111701, 'precision_micro': 0.9322061992375269, 'precision_weighted': 0.9326691795764142, 'recall_macro': 0.9310320953920647, 'recall_micro': 0.9322061992375269, 'recall_weighted': 0.9322061992375269}
-----------------------
Epoch 96/100
Training statistic: Loss: 0.4673, train_score: {'accuracy': 0.8895284696354173, 'balanced_accuracy': 0.8784000800340938, 'f1_macro': 0.883842800062609, 'f1_micro': 0.8895284696354173, 'f1_weighted': 0.8890157452909309, 'precision_macro': 0.8903507655548368, 'precision_micro': 0.8895284696354173, 'precision_weighted': 0.8895694837078357, 'recall_macro': 0.8784000800340938, 'recall_micro': 0.8895284696354173, 'recall_weighted': 0.8895284696354173}
Validation statistic: Loss: 0.2410, dev_score: {'accuracy': 0.9333664843361512, 'balanced_accuracy': 0.9323570457723758, 'f1_macro': 0.9327295138376508, 'f1_micro': 0.9333664843361512, 'f1_weighted': 0.9332936392900079, 'precision_macro': 0.9334839962107881, 'precision_micro': 0.9333664843361512, 'precision_weighted': 0.933589845947118, 'recall_macro': 0.9323570457723758, 'recall_micro': 0.9333664843361512, 'recall_weighted': 0.9333664843361512}
-----------------------
Epoch 97/100
Training statistic: Loss: 0.4672, train_score: {'accuracy': 0.888392799200488, 'balanced_accuracy': 0.8759535859432332, 'f1_macro': 0.8828965761347968, 'f1_micro': 0.888392799200488, 'f1_weighted': 0.8878221807824013, 'precision_macro': 0.8911773545882197, 'precision_micro': 0.888392799200488, 'precision_weighted': 0.888743863746937, 'recall_macro': 0.8759535859432332, 'recall_micro': 0.888392799200488, 'recall_weighted': 0.888392799200488}
Validation statistic: Loss: 0.2421, dev_score: {'accuracy': 0.9322061992375269, 'balanced_accuracy': 0.9310753865384178, 'f1_macro': 0.9316824219699118, 'f1_micro': 0.9322061992375269, 'f1_weighted': 0.9321706463615989, 'precision_macro': 0.9328097354904823, 'precision_micro': 0.9322061992375269, 'precision_weighted': 0.9326340300650001, 'recall_macro': 0.9310753865384178, 'recall_micro': 0.9322061992375269, 'recall_weighted': 0.9322061992375269}
-----------------------
Epoch 98/100
Training statistic: Loss: 0.4609, train_score: {'accuracy': 0.888535569198022, 'balanced_accuracy': 0.8771099654381065, 'f1_macro': 0.8830524718057561, 'f1_micro': 0.888535569198022, 'f1_weighted': 0.8880209647954928, 'precision_macro': 0.8902378451863383, 'precision_micro': 0.888535569198022, 'precision_weighted': 0.8887235294572942, 'recall_macro': 0.8771099654381065, 'recall_micro': 0.888535569198022, 'recall_weighted': 0.888535569198022}
Validation statistic: Loss: 0.2378, dev_score: {'accuracy': 0.9320404442234378, 'balanced_accuracy': 0.9309800518709709, 'f1_macro': 0.9313780470575057, 'f1_micro': 0.9320404442234378, 'f1_weighted': 0.9319567641373668, 'precision_macro': 0.932323285142397, 'precision_micro': 0.9320404442234378, 'precision_weighted': 0.9324029412617862, 'recall_macro': 0.9309800518709709, 'recall_micro': 0.9320404442234378, 'recall_weighted': 0.9320404442234378}
Saving model...
Model saved!
-------------------------------------------
-----------------------
Epoch 99/100
Training statistic: Loss: 0.4659, train_score: {'accuracy': 0.8882824769296663, 'balanced_accuracy': 0.8771140640149925, 'f1_macro': 0.882228279768953, 'f1_micro': 0.8882824769296663, 'f1_weighted': 0.8876798634924405, 'precision_macro': 0.8887640934510926, 'precision_micro': 0.8882824769296663, 'precision_weighted': 0.8884572790147979, 'recall_macro': 0.8771140640149925, 'recall_micro': 0.8882824769296663, 'recall_weighted': 0.8882824769296663}
Validation statistic: Loss: 0.2439, dev_score: {'accuracy': 0.9307144041107244, 'balanced_accuracy': 0.9294615565292436, 'f1_macro': 0.9300139038535642, 'f1_micro': 0.9307144041107244, 'f1_weighted': 0.9306320706890553, 'precision_macro': 0.9312393020357975, 'precision_micro': 0.9307144041107244, 'precision_weighted': 0.9311932526954345, 'recall_macro': 0.9294615565292436, 'recall_micro': 0.9307144041107244, 'recall_weighted': 0.9307144041107244}
-----------------------
Epoch 100/100
Training statistic: Loss: 0.4680, train_score: {'accuracy': 0.889093670097473, 'balanced_accuracy': 0.8788193538862897, 'f1_macro': 0.8829233286722749, 'f1_micro': 0.889093670097473, 'f1_weighted': 0.8885076124329365, 'precision_macro': 0.8882982284314499, 'precision_micro': 0.889093670097473, 'precision_weighted': 0.8890725070842711, 'recall_macro': 0.8788193538862897, 'recall_micro': 0.889093670097473, 'recall_weighted': 0.889093670097473}
Validation statistic: Loss: 0.2419, dev_score: {'accuracy': 0.9317089341952594, 'balanced_accuracy': 0.930545484070153, 'f1_macro': 0.9309596297461425, 'f1_micro': 0.9317089341952594, 'f1_weighted': 0.9315908091356742, 'precision_macro': 0.9318206133385898, 'precision_micro': 0.9317089341952594, 'precision_weighted': 0.9319094261390929, 'recall_macro': 0.930545484070153, 'recall_micro': 0.9317089341952594, 'recall_weighted': 0.9317089341952594}
Testing statistic: loss: 0.2518143530047967, scores: {'accuracy': 0.9272764104122354, 'balanced_accuracy': 0.9270220335802131, 'f1_macro': 0.9273319377690072, 'f1_micro': 0.9272764104122354, 'f1_weighted': 0.9273301002037214, 'precision_macro': 0.9280777038433298, 'precision_micro': 0.9272764104122354, 'precision_weighted': 0.9277998646655876, 'recall_macro': 0.9270220335802131, 'recall_micro': 0.9272764104122354, 'recall_weighted': 0.9272764104122354}
Finish training!
