Downloading full Intrusion dataset from https://ndownloader.figshare.com/files/5976045
Loaded full Intrusion dataset: 4898431 rows, 41 features
Directory /home/thuy/Research/minh_data_synth/TabularDA/data/corrected_v2/intrusion/seed_42 created.
INTRUSION_PREPARATION_PASSED
	Command being timed: "/home/thuy/miniconda3/envs/env/bin/python /home/thuy/Research/minh_data_synth/TabularDA/.cache/intrusion_memory_fix/prepare.py"
	User time (seconds): 294.00
	System time (seconds): 8.83
	Percent of CPU this job got: 99%
	Elapsed (wall clock) time (h:mm:ss or m:ss): 5:05.65
	Average shared text size (kbytes): 0
	Average unshared data size (kbytes): 0
	Average stack size (kbytes): 0
	Average total size (kbytes): 0
	Maximum resident set size (kbytes): 11902688
	Average resident set size (kbytes): 0
	Major (requiring I/O) page faults: 1
	Minor (reclaiming a frame) page faults: 2014381
	Voluntary context switches: 1842
	Involuntary context switches: 95187
	Swaps: 0
	File system inputs: 944
	File system outputs: 4346320
	Socket messages sent: 0
	Socket messages received: 0
	Signals delivered: 0
	Page size (bytes): 4096
	Exit status: 0
