=====Setting up data=====
Dataset name:adult
train_option:mix
augment_option:compare_xgb
mix_ratio:-1
n_sample:-1
Training dataset size: 134400 samples
Validation dataset size: 3840 samples

=====Setting up parameters for training=====
num_epochs: 100
learning_rate: 0.001
patience: 30
early_stop_criterion: loss
=====Setting up trainer=====
input_size: 107
model: DNN_Adult
----------------------------------------------------------------
        Layer (type)               Output Shape         Param #
================================================================
            Linear-1                  [-1, 128]          13,824
       BatchNorm1d-2                  [-1, 128]             256
              ReLU-3                  [-1, 128]               0
           Dropout-4                  [-1, 128]               0
            Linear-5                   [-1, 64]           8,256
       BatchNorm1d-6                   [-1, 64]             128
              ReLU-7                   [-1, 64]               0
           Dropout-8                   [-1, 64]               0
            Linear-9                   [-1, 32]           2,080
      BatchNorm1d-10                   [-1, 32]              64
             ReLU-11                   [-1, 32]               0
          Dropout-12                   [-1, 32]               0
           Linear-13                   [-1, 16]             528
      BatchNorm1d-14                   [-1, 16]              32
             ReLU-15                   [-1, 16]               0
          Dropout-16                   [-1, 16]               0
           Linear-17                    [-1, 1]              17
          Sigmoid-18                    [-1, 1]               0
================================================================
Total params: 25,185
Trainable params: 25,185
Non-trainable params: 0
----------------------------------------------------------------
Input size (MB): 0.00
Forward/backward pass size (MB): 0.01
Params size (MB): 0.10
Estimated Total Size (MB): 0.10
----------------------------------------------------------------
=====Setting up output files=====
weight_dir, weight_file: /home/thuy/Research/minh_data_synth/TabularDA/output/pilot_ctgan_v1/adult/weight/, adult_seed42_ctgan_full_xgb_mix.weights.pth
acc_dir, acc_file: /home/thuy/Research/minh_data_synth/TabularDA/output/pilot_ctgan_v1/adult/acc/, adult_seed42_ctgan_full_xgb_mix.epochs.csv
report_file: adult_seed42_ctgan_full_xgb_mix.report.txt
==========================================================================================
Start training...
-----------------------
Epoch 1/100
Training statistic: Loss: 0.2678, train_score: {'accuracy': 0.8895144474232947, 'balanced_accuracy': 0.786084977448473, 'f1_macro': 0.8042383737690172, 'f1_micro': 0.8895144474232947, 'f1_weighted': 0.8857849542555563, 'f1_binary': 0.6750339510229114, 'pr_auc': 0.7486212719343591, 'precision_macro': 0.8275750061143395, 'precision_micro': 0.8895144474232947, 'precision_weighted': 0.8843236996661973, 'precision_binary': 0.7376609698884581, 'recall_macro': 0.786084977448473, 'recall_micro': 0.8895144474232947, 'recall_weighted': 0.8895144474232947, 'recall_binary': 0.6222087623662427, 'roc_auc': 0.9301080192618079}
Validation statistic: Loss: 0.4208, dev_score: {'accuracy': 0.8489528795811518, 'balanced_accuracy': 0.7342528373799, 'f1_macro': 0.7629395946287933, 'f1_micro': 0.8489528795811518, 'f1_weighted': 0.8371779187988863, 'f1_binary': 0.6201448321263989, 'pr_auc': 0.7533188655556609, 'precision_macro': 0.8218983128539836, 'precision_micro': 0.8489528795811518, 'precision_weighted': 0.842437444933554, 'precision_binary': 0.782392026578073, 'recall_macro': 0.7342528373799, 'recall_micro': 0.8489528795811518, 'recall_weighted': 0.8489528795811518, 'recall_binary': 0.5136314067611778, 'roc_auc': 0.9007308650360192}
Saving model...
Model saved!
-------------------------------------------
-----------------------
Epoch 2/100
Training statistic: Loss: 0.2593, train_score: {'accuracy': 0.8935954721477509, 'balanced_accuracy': 0.8011019014982446, 'f1_macro': 0.8148481079849845, 'f1_micro': 0.8935954721477509, 'f1_weighted': 0.8910578452616764, 'f1_binary': 0.6940995118609232, 'pr_auc': 0.7622214301737034, 'precision_macro': 0.8312886927236174, 'precision_micro': 0.8935954721477509, 'precision_weighted': 0.8897051756339357, 'precision_binary': 0.7387321697124367, 'recall_macro': 0.8011019014982446, 'recall_micro': 0.8935954721477509, 'recall_weighted': 0.8935954721477509, 'recall_binary': 0.6545527962850798, 'roc_auc': 0.9352602662995911}
Validation statistic: Loss: 0.4364, dev_score: {'accuracy': 0.8531413612565445, 'balanced_accuracy': 0.7440959996634174, 'f1_macro': 0.7719841945983421, 'f1_micro': 0.8531413612565445, 'f1_weighted': 0.8427073771271663, 'f1_binary': 0.6359506813757301, 'pr_auc': 0.7636242423192149, 'precision_macro': 0.8258259523121851, 'precision_micro': 0.8531413612565445, 'precision_weighted': 0.846917866061601, 'precision_binary': 0.7852564102564102, 'recall_macro': 0.7440959996634174, 'recall_micro': 0.8531413612565445, 'recall_weighted': 0.8531413612565445, 'recall_binary': 0.5343511450381679, 'roc_auc': 0.9059775714289471}
-----------------------
Epoch 3/100
Training statistic: Loss: 0.2596, train_score: {'accuracy': 0.896514745308311, 'balanced_accuracy': 0.8159846897226202, 'f1_macro': 0.8237253813335796, 'f1_micro': 0.896514745308311, 'f1_weighted': 0.895217345417328, 'f1_binary': 0.7104517419569928, 'pr_auc': 0.7686662982123846, 'precision_macro': 0.8322420250538094, 'precision_micro': 0.896514745308311, 'precision_weighted': 0.8942636705980561, 'precision_binary': 0.7339733930339691, 'recall_macro': 0.8159846897226202, 'recall_micro': 0.896514745308311, 'recall_weighted': 0.896514745308311, 'recall_binary': 0.6883908742176459, 'roc_auc': 0.9374909508462781}
Validation statistic: Loss: 0.4589, dev_score: {'accuracy': 0.8536649214659686, 'balanced_accuracy': 0.7496627600297665, 'f1_macro': 0.7756103127750846, 'f1_micro': 0.8536649214659686, 'f1_weighted': 0.844414774763587, 'f1_binary': 0.6432673899170389, 'pr_auc': 0.7645881261762613, 'precision_macro': 0.8225503518563455, 'precision_micro': 0.8536649214659686, 'precision_weighted': 0.8470715960010722, 'precision_binary': 0.7753846153846153, 'recall_macro': 0.7496627600297665, 'recall_micro': 0.8536649214659686, 'recall_weighted': 0.8536649214659686, 'recall_binary': 0.549618320610687, 'roc_auc': 0.906820906135908}
-----------------------
Epoch 4/100
Training statistic: Loss: 0.2548, train_score: {'accuracy': 0.8998212689901698, 'balanced_accuracy': 0.8271363417134625, 'f1_macro': 0.8313400558802142, 'f1_micro': 0.8998212689901698, 'f1_weighted': 0.8991697834650482, 'f1_binary': 0.7238689547581904, 'pr_auc': 0.7780649328790027, 'precision_macro': 0.8357587968646294, 'precision_micro': 0.8998212689901698, 'precision_weighted': 0.8986138584849442, 'precision_binary': 0.7361696797628492, 'recall_macro': 0.8271363417134625, 'recall_micro': 0.8998212689901698, 'recall_weighted': 0.8998212689901698, 'recall_binary': 0.7119725418938018, 'roc_auc': 0.9394564520794881}
Validation statistic: Loss: 0.4645, dev_score: {'accuracy': 0.856020942408377, 'balanced_accuracy': 0.7575542316807604, 'f1_macro': 0.7817917298130865, 'f1_micro': 0.856020942408377, 'f1_weighted': 0.8479583439128382, 'f1_binary': 0.6545226130653267, 'pr_auc': 0.7636699048524196, 'precision_macro': 0.8229688512041453, 'precision_micro': 0.856020942408377, 'precision_weighted': 0.8495443383019607, 'precision_binary': 0.7718518518518519, 'recall_macro': 0.7575542316807604, 'recall_micro': 0.856020942408377, 'recall_weighted': 0.856020942408377, 'recall_binary': 0.5681570338058888, 'roc_auc': 0.9060895151896038}
-----------------------
Epoch 5/100
Training statistic: Loss: 0.2502, train_score: {'accuracy': 0.902025618111409, 'balanced_accuracy': 0.8266753476377441, 'f1_macro': 0.8336434586424343, 'f1_micro': 0.902025618111409, 'f1_weighted': 0.900959678674442, 'f1_binary': 0.7269859716111895, 'pr_auc': 0.7864237322382739, 'precision_macro': 0.8412107157471991, 'precision_micro': 0.902025618111409, 'precision_weighted': 0.9001587562733878, 'precision_binary': 0.7478119796780942, 'recall_macro': 0.8266753476377441, 'recall_micro': 0.902025618111409, 'recall_weighted': 0.902025618111409, 'recall_binary': 0.7072885120129214, 'roc_auc': 0.9422500544980369}
Validation statistic: Loss: 0.4662, dev_score: {'accuracy': 0.8570680628272251, 'balanced_accuracy': 0.7586161948061851, 'f1_macro': 0.783177919850304, 'f1_micro': 0.8570680628272251, 'f1_weighted': 0.848983222071006, 'f1_binary': 0.6566037735849056, 'pr_auc': 0.7659017679841117, 'precision_macro': 0.8250575679755384, 'precision_micro': 0.8570680628272251, 'precision_weighted': 0.8507539474320663, 'precision_binary': 0.7756315007429421, 'recall_macro': 0.7586161948061851, 'recall_micro': 0.8570680628272251, 'recall_weighted': 0.8570680628272251, 'recall_binary': 0.569247546346783, 'roc_auc': 0.9069377333492109}
-----------------------
Epoch 6/100
Training statistic: Loss: 0.2453, train_score: {'accuracy': 0.9052204349121239, 'balanced_accuracy': 0.8408833557284799, 'f1_macro': 0.8419673776255042, 'f1_micro': 0.9052204349121239, 'f1_weighted': 0.9050692881529844, 'f1_binary': 0.7419871469986011, 'pr_auc': 0.7906332494828324, 'precision_macro': 0.8430647739923539, 'precision_micro': 0.9052204349121239, 'precision_weighted': 0.9049240940984006, 'precision_binary': 0.7450533344190212, 'recall_macro': 0.8408833557284799, 'recall_micro': 0.9052204349121239, 'recall_weighted': 0.9052204349121239, 'recall_binary': 0.7389460932768019, 'roc_auc': 0.9439409442504693}
Validation statistic: Loss: 0.4547, dev_score: {'accuracy': 0.8570680628272251, 'balanced_accuracy': 0.7668226491528525, 'f1_macro': 0.7874707911427618, 'f1_micro': 0.8570680628272251, 'f1_weighted': 0.8507005173849137, 'f1_binary': 0.6658506731946144, 'pr_auc': 0.7694385846009388, 'precision_macro': 0.8192553119287539, 'precision_micro': 0.8570680628272251, 'precision_weighted': 0.8507289595751762, 'precision_binary': 0.7587168758716876, 'recall_macro': 0.7668226491528525, 'recall_micro': 0.8570680628272251, 'recall_weighted': 0.8570680628272251, 'recall_binary': 0.5932388222464559, 'roc_auc': 0.909304329631551}
-----------------------
Epoch 7/100
Training statistic: Loss: 0.2481, train_score: {'accuracy': 0.906076854334227, 'balanced_accuracy': 0.8402678314078651, 'f1_macro': 0.8427495173473198, 'f1_micro': 0.906076854334227, 'f1_weighted': 0.9057320297236943, 'f1_binary': 0.7429584641095667, 'pr_auc': 0.7967404448813611, 'precision_macro': 0.8453018627336294, 'precision_micro': 0.906076854334227, 'precision_weighted': 0.9054185850911849, 'precision_binary': 0.7500514382124193, 'recall_macro': 0.8402678314078651, 'recall_micro': 0.906076854334227, 'recall_weighted': 0.906076854334227, 'recall_binary': 0.7359983848172824, 'roc_auc': 0.9450045619435856}
Validation statistic: Loss: 0.4711, dev_score: {'accuracy': 0.8602094240837697, 'balanced_accuracy': 0.7685164559206417, 'f1_macro': 0.7908330257167466, 'f1_micro': 0.8602094240837697, 'f1_weighted': 0.8534609926062502, 'f1_binary': 0.6703703703703704, 'pr_auc': 0.7703922312569492, 'precision_macro': 0.8262084078912001, 'precision_micro': 0.8602094240837697, 'precision_weighted': 0.8541810748996685, 'precision_binary': 0.7724039829302988, 'recall_macro': 0.7685164559206417, 'recall_micro': 0.8602094240837697, 'recall_weighted': 0.8602094240837697, 'recall_binary': 0.5921483097055616, 'roc_auc': 0.909525399776338}
-----------------------
Epoch 8/100
Training statistic: Loss: 0.2399, train_score: {'accuracy': 0.9083556747095621, 'balanced_accuracy': 0.8498832291586386, 'f1_macro': 0.8483472908880713, 'f1_micro': 0.9083556747095621, 'f1_weighted': 0.9085560152437011, 'f1_binary': 0.7529510961214165, 'pr_auc': 0.8039833631440353, 'precision_macro': 0.8468370540256691, 'precision_micro': 0.9083556747095621, 'precision_weighted': 0.9087678157076582, 'precision_binary': 0.7487124206491795, 'recall_macro': 0.8498832291586386, 'recall_micro': 0.9083556747095621, 'recall_weighted': 0.9083556747095621, 'recall_binary': 0.7572380375529982, 'roc_auc': 0.9464214152226472}
Validation statistic: Loss: 0.4541, dev_score: {'accuracy': 0.8602094240837697, 'balanced_accuracy': 0.7744847863545815, 'f1_macro': 0.7937885456142308, 'f1_micro': 0.8602094240837697, 'f1_weighted': 0.8546335016292235, 'f1_binary': 0.6767554479418886, 'pr_auc': 0.7700980971498496, 'precision_macro': 0.8222494184059361, 'precision_micro': 0.8602094240837697, 'precision_weighted': 0.8543296615021818, 'precision_binary': 0.7605442176870748, 'recall_macro': 0.7744847863545815, 'recall_micro': 0.8602094240837697, 'recall_weighted': 0.8602094240837697, 'recall_binary': 0.6095965103598692, 'roc_auc': 0.9093118426356219}
-----------------------
Epoch 9/100
Training statistic: Loss: 0.2395, train_score: {'accuracy': 0.9087354781054513, 'balanced_accuracy': 0.8445538590071697, 'f1_macro': 0.8471595870415268, 'f1_micro': 0.9087354781054513, 'f1_weighted': 0.9083879753939761, 'f1_binary': 0.7501478113723011, 'pr_auc': 0.8057831172999074, 'precision_macro': 0.8498419955721246, 'precision_micro': 0.9087354781054513, 'precision_weighted': 0.908074479293184, 'precision_binary': 0.7575770054356779, 'recall_macro': 0.8445538590071697, 'recall_micro': 0.9087354781054513, 'recall_weighted': 0.9087354781054513, 'recall_binary': 0.7428629113668483, 'roc_auc': 0.9470816190383458}
Validation statistic: Loss: 0.4491, dev_score: {'accuracy': 0.8612565445026178, 'balanced_accuracy': 0.7718165429587938, 'f1_macro': 0.7933301348468299, 'f1_micro': 0.8612565445026178, 'f1_weighted': 0.854929152918243, 'f1_binary': 0.6748466257668712, 'pr_auc': 0.7708340206112612, 'precision_macro': 0.8266340629741195, 'precision_micro': 0.8612565445026178, 'precision_weighted': 0.8553559712095403, 'precision_binary': 0.7713884992987378, 'recall_macro': 0.7718165429587938, 'recall_micro': 0.8612565445026178, 'recall_weighted': 0.8612565445026178, 'recall_binary': 0.5997818974918212, 'roc_auc': 0.910808808696753}
-----------------------
Epoch 10/100
Training statistic: Loss: 0.2357, train_score: {'accuracy': 0.9100238308013107, 'balanced_accuracy': 0.8491560097874409, 'f1_macro': 0.8500635597713738, 'f1_micro': 0.9100238308013107, 'f1_weighted': 0.9099066160833426, 'f1_binary': 0.7552467385138968, 'pr_auc': 0.8109827310817298, 'precision_macro': 0.8509801922835907, 'precision_micro': 0.9100238308013107, 'precision_weighted': 0.9097934355592163, 'precision_binary': 0.757795032318387, 'recall_macro': 0.8491560097874409, 'recall_micro': 0.9100238308013107, 'recall_weighted': 0.9100238308013107, 'recall_binary': 0.7527155259438724, 'roc_auc': 0.9480353100268396}
Validation statistic: Loss: 0.4460, dev_score: {'accuracy': 0.8604712041884817, 'balanced_accuracy': 0.7716728567559374, 'f1_macro': 0.7926233745069731, 'f1_micro': 0.8604712041884817, 'f1_weighted': 0.8542919281671452, 'f1_binary': 0.674006116207951, 'pr_auc': 0.7714044799345943, 'precision_macro': 0.824710538083975, 'precision_micro': 0.8604712041884817, 'precision_weighted': 0.854501092984793, 'precision_binary': 0.7674094707520891, 'recall_macro': 0.7716728567559374, 'recall_micro': 0.8604712041884817, 'recall_weighted': 0.8604712041884817, 'recall_binary': 0.6008724100327154, 'roc_auc': 0.910551488307324}
-----------------------
Epoch 11/100
Training statistic: Loss: 0.2401, train_score: {'accuracy': 0.9109025915996425, 'balanced_accuracy': 0.8478354690507701, 'f1_macro': 0.8506919031343106, 'f1_micro': 0.9109025915996425, 'f1_weighted': 0.9105340066083335, 'f1_binary': 0.7558765915768854, 'pr_auc': 0.8167953474110436, 'precision_macro': 0.8536394464753712, 'precision_micro': 0.9109025915996425, 'precision_weighted': 0.910205774531902, 'precision_binary': 0.7640143546590769, 'recall_macro': 0.8478354690507701, 'recall_micro': 0.9109025915996425, 'recall_weighted': 0.9109025915996425, 'recall_binary': 0.7479103573591762, 'roc_auc': 0.9486803048136572}
Validation statistic: Loss: 0.4676, dev_score: {'accuracy': 0.8591623036649214, 'balanced_accuracy': 0.7674544927952169, 'f1_macro': 0.7894561281220047, 'f1_micro': 0.8591623036649214, 'f1_weighted': 0.8524390510647857, 'f1_binary': 0.6683107274969173, 'pr_auc': 0.772496708158347, 'precision_macro': 0.8242045467481758, 'precision_micro': 0.8591623036649214, 'precision_weighted': 0.8530120592945065, 'precision_binary': 0.7687943262411348, 'recall_macro': 0.7674544927952169, 'recall_micro': 0.8591623036649214, 'recall_weighted': 0.8591623036649214, 'recall_binary': 0.5910577971646674, 'roc_auc': 0.9102498411938764}
-----------------------
Epoch 12/100
Training statistic: Loss: 0.2414, train_score: {'accuracy': 0.911148346738159, 'balanced_accuracy': 0.8441582045035136, 'f1_macro': 0.8498552788126139, 'f1_micro': 0.911148346738159, 'f1_weighted': 0.9104017850972453, 'f1_binary': 0.7539238939878313, 'pr_auc': 0.8175884384495956, 'precision_macro': 0.8559240646422444, 'precision_micro': 0.911148346738159, 'precision_weighted': 0.9098192501285268, 'precision_binary': 0.7705311973018549, 'recall_macro': 0.8441582045035136, 'recall_micro': 0.911148346738159, 'recall_weighted': 0.911148346738159, 'recall_binary': 0.7380173632142136, 'roc_auc': 0.9494141333594455}
Validation statistic: Loss: 0.4737, dev_score: {'accuracy': 0.8591623036649214, 'balanced_accuracy': 0.7663354308388532, 'f1_macro': 0.7888848894849645, 'f1_micro': 0.8591623036649214, 'f1_weighted': 0.8522110893767043, 'f1_binary': 0.6670792079207921, 'pr_auc': 0.7723596437833409, 'precision_macro': 0.8249932732209102, 'precision_micro': 0.8591623036649214, 'precision_weighted': 0.8530113138740094, 'precision_binary': 0.771101573676681, 'recall_macro': 0.7663354308388532, 'recall_micro': 0.8591623036649214, 'recall_weighted': 0.8591623036649214, 'recall_binary': 0.5877862595419847, 'roc_auc': 0.9104502505774683}
-----------------------
Epoch 13/100
Training statistic: Loss: 0.2294, train_score: {'accuracy': 0.9129505510872803, 'balanced_accuracy': 0.8529189336619448, 'f1_macro': 0.8546186447784878, 'f1_micro': 0.9129505510872803, 'f1_weighted': 0.9127400111524508, 'f1_binary': 0.7625297117201308, 'pr_auc': 0.8251674530286807, 'precision_macro': 0.8563498735222445, 'precision_micro': 0.9129505510872803, 'precision_weighted': 0.9125434378308147, 'precision_binary': 0.7673153978248426, 'recall_macro': 0.8529189336619448, 'recall_micro': 0.9129505510872803, 'recall_weighted': 0.9129505510872803, 'recall_binary': 0.7578033515041389, 'roc_auc': 0.9505431807748717}
Validation statistic: Loss: 0.4382, dev_score: {'accuracy': 0.8604712041884817, 'balanced_accuracy': 0.7731649393644224, 'f1_macro': 0.7933578272195542, 'f1_micro': 0.8604712041884817, 'f1_weighted': 0.8545829841604315, 'f1_binary': 0.6755934266585514, 'pr_auc': 0.7739901590020287, 'precision_macro': 0.8237310817524721, 'precision_micro': 0.8604712041884817, 'precision_weighted': 0.8545443770049699, 'precision_binary': 0.7644628099173554, 'recall_macro': 0.7731649393644224, 'recall_micro': 0.8604712041884817, 'recall_weighted': 0.8604712041884817, 'recall_binary': 0.6052344601962922, 'roc_auc': 0.9111878397521309}
-----------------------
Epoch 14/100
Training statistic: Loss: 0.2322, train_score: {'accuracy': 0.913941018766756, 'balanced_accuracy': 0.8568072382795207, 'f1_macro': 0.8569187644024427, 'f1_micro': 0.913941018766756, 'f1_weighted': 0.9139275653623997, 'f1_binary': 0.7665926075540295, 'pr_auc': 0.8291886701735784, 'precision_macro': 0.857030423516564, 'precision_micro': 0.913941018766756, 'precision_weighted': 0.9139141709803424, 'precision_binary': 0.7669024045261669, 'recall_macro': 0.8568072382795207, 'recall_micro': 0.913941018766756, 'recall_weighted': 0.913941018766756, 'recall_binary': 0.7662830607712497, 'roc_auc': 0.9511987642521157}
Validation statistic: Loss: 0.4603, dev_score: {'accuracy': 0.8607329842931937, 'balanced_accuracy': 0.7733371749827482, 'f1_macro': 0.7936543200149137, 'f1_micro': 0.8607329842931937, 'f1_weighted': 0.8548197136130147, 'f1_binary': 0.6760048721071864, 'pr_auc': 0.7739909545789678, 'precision_macro': 0.824277199041836, 'precision_micro': 0.8607329842931937, 'precision_weighted': 0.8548262241512016, 'precision_binary': 0.7655172413793103, 'recall_macro': 0.7733371749827482, 'recall_micro': 0.8607329842931937, 'recall_weighted': 0.8607329842931937, 'recall_binary': 0.6052344601962922, 'roc_auc': 0.9114703287051976}
-----------------------
Epoch 15/100
Training statistic: Loss: 0.2340, train_score: {'accuracy': 0.9139335716413465, 'balanced_accuracy': 0.8656615937241933, 'f1_macro': 0.8593846459125303, 'f1_micro': 0.9139335716413465, 'f1_weighted': 0.9146608036875906, 'f1_binary': 0.7718037318590186, 'pr_auc': 0.8378151254286358, 'precision_macro': 0.8535067683945773, 'precision_micro': 0.9139335716413465, 'precision_weighted': 0.9155665305754266, 'precision_binary': 0.755177743431221, 'recall_macro': 0.8656615937241933, 'recall_micro': 0.9139335716413465, 'recall_weighted': 0.9139335716413465, 'recall_binary': 0.789178275792449, 'roc_auc': 0.9522914147494969}
Validation statistic: Loss: 0.4734, dev_score: {'accuracy': 0.862565445026178, 'balanced_accuracy': 0.7820032373534542, 'f1_macro': 0.7992768763058138, 'f1_micro': 0.862565445026178, 'f1_weighted': 0.8578741245476055, 'f1_binary': 0.6865671641791045, 'pr_auc': 0.7765806695570379, 'precision_macro': 0.8234417465605284, 'precision_micro': 0.862565445026178, 'precision_weighted': 0.857165559560867, 'precision_binary': 0.758575197889182, 'recall_macro': 0.7820032373534542, 'recall_micro': 0.862565445026178, 'recall_weighted': 0.862565445026178, 'recall_binary': 0.6270447110141767, 'roc_auc': 0.9109568148769502}
-----------------------
Epoch 16/100
Training statistic: Loss: 0.2341, train_score: {'accuracy': 0.9151846887101579, 'balanced_accuracy': 0.8423204723496884, 'f1_macro': 0.8540927747887854, 'f1_micro': 0.9151846887101579, 'f1_weighted': 0.9136807514582869, 'f1_binary': 0.759680108037391, 'pr_auc': 0.8437466784861524, 'precision_macro': 0.8675045695704535, 'precision_micro': 0.9151846887101579, 'precision_weighted': 0.9128935494092677, 'precision_binary': 0.79558914523115, 'recall_macro': 0.8423204723496884, 'recall_micro': 0.9151846887101579, 'recall_weighted': 0.9151846887101579, 'recall_binary': 0.7268726024631537, 'roc_auc': 0.9530116711662978}
Validation statistic: Loss: 0.4734, dev_score: {'accuracy': 0.8589005235602094, 'balanced_accuracy': 0.7616869473950725, 'f1_macro': 0.7862547936124131, 'f1_micro': 0.8589005235602094, 'f1_weighted': 0.8510389964306994, 'f1_binary': 0.6616446955430006, 'pr_auc': 0.7772533971606019, 'precision_macro': 0.8277699986449253, 'precision_micro': 0.8589005235602094, 'precision_weighted': 0.8528207370897205, 'precision_binary': 0.7795857988165681, 'recall_macro': 0.7616869473950725, 'recall_micro': 0.8589005235602094, 'recall_weighted': 0.8589005235602094, 'recall_binary': 0.5747001090512541, 'roc_auc': 0.9112926461589204}
-----------------------
Epoch 17/100
Training statistic: Loss: 0.2261, train_score: {'accuracy': 0.9170166815609175, 'balanced_accuracy': 0.8548023990916616, 'f1_macro': 0.8600282331821336, 'f1_micro': 0.9170166815609175, 'f1_weighted': 0.9163974515631275, 'f1_binary': 0.7707154468198935, 'pr_auc': 0.8507210645464114, 'precision_macro': 0.8655540171632197, 'precision_micro': 0.9170166815609175, 'precision_weighted': 0.9159103281559792, 'precision_binary': 0.7857682302592934, 'recall_macro': 0.8548023990916616, 'recall_micro': 0.9170166815609175, 'recall_weighted': 0.9170166815609175, 'recall_binary': 0.7562285483545326, 'roc_auc': 0.9541924729354992}
Validation statistic: Loss: 0.4692, dev_score: {'accuracy': 0.8581151832460733, 'balanced_accuracy': 0.7693766948867621, 'f1_macro': 0.789589430894309, 'f1_micro': 0.8581151832460733, 'f1_weighted': 0.8520170199633934, 'f1_binary': 0.6695121951219513, 'pr_auc': 0.7761300777500681, 'precision_macro': 0.8202557152752563, 'precision_micro': 0.8581151832460733, 'precision_weighted': 0.8519275364168075, 'precision_binary': 0.7593360995850622, 'recall_macro': 0.7693766948867621, 'recall_micro': 0.8581151832460733, 'recall_weighted': 0.8581151832460733, 'recall_binary': 0.5986913849509269, 'roc_auc': 0.9107922800877969}
-----------------------
Epoch 18/100
Training statistic: Loss: 0.2412, train_score: {'accuracy': 0.9147527554364016, 'balanced_accuracy': 0.822025444879719, 'f1_macro': 0.8468967746505267, 'f1_micro': 0.9147527554364016, 'f1_weighted': 0.9112269315004947, 'f1_binary': 0.7449704801158517, 'pr_auc': 0.8522679999433426, 'precision_macro': 0.8802420933404479, 'precision_micro': 0.9147527554364016, 'precision_weighted': 0.9113435247806018, 'precision_binary': 0.8309642147117297, 'recall_macro': 0.822025444879719, 'recall_micro': 0.9147527554364016, 'recall_weighted': 0.9147527554364016, 'recall_binary': 0.6751059963658389, 'roc_auc': 0.954269228589217}
Validation statistic: Loss: 0.5024, dev_score: {'accuracy': 0.8578534031413613, 'balanced_accuracy': 0.748688323401768, 'f1_macro': 0.7782222992513856, 'f1_micro': 0.8578534031413613, 'f1_weighted': 0.8473124575412466, 'f1_binary': 0.6453298497713913, 'pr_auc': 0.7768105026990124, 'precision_macro': 0.8363100741484311, 'precision_micro': 0.8578534031413613, 'precision_weighted': 0.8528166526129216, 'precision_binary': 0.8045602605863192, 'recall_macro': 0.748688323401768, 'recall_micro': 0.8578534031413613, 'recall_weighted': 0.8578534031413613, 'recall_binary': 0.5387131952017448, 'roc_auc': 0.910992501646287}
-----------------------
Epoch 19/100
Training statistic: Loss: 0.2280, train_score: {'accuracy': 0.9184018468871016, 'balanced_accuracy': 0.8440428177173331, 'f1_macro': 0.8585360507512505, 'f1_micro': 0.9184018468871016, 'f1_weighted': 0.9166179279908803, 'f1_binary': 0.7665096852558229, 'pr_auc': 0.8584123999318671, 'precision_macro': 0.8755261139768367, 'precision_micro': 0.9184018468871016, 'precision_weighted': 0.9159205108391355, 'precision_binary': 0.8115242306651024, 'recall_macro': 0.8440428177173331, 'recall_micro': 0.9184018468871016, 'recall_weighted': 0.9184018468871016, 'recall_binary': 0.7262265293761356, 'roc_auc': 0.9555212870313919}
Validation statistic: Loss: 0.4794, dev_score: {'accuracy': 0.8578534031413613, 'balanced_accuracy': 0.7580138397047991, 'f1_macro': 0.7834638702975454, 'f1_micro': 0.8578534031413613, 'f1_weighted': 0.8494476185011265, 'f1_binary': 0.6565464895635673, 'pr_auc': 0.7770716033921174, 'precision_macro': 0.8277587536457618, 'precision_micro': 0.8578534031413613, 'precision_weighted': 0.8517426918071824, 'precision_binary': 0.7816265060240963, 'recall_macro': 0.7580138397047991, 'recall_micro': 0.8578534031413613, 'recall_weighted': 0.8578534031413613, 'recall_binary': 0.5659760087241004, 'roc_auc': 0.9111341217730239}
-----------------------
Epoch 20/100
Training statistic: Loss: 0.2279, train_score: {'accuracy': 0.9187518617813524, 'balanced_accuracy': 0.840632585946301, 'f1_macro': 0.8579197266269164, 'f1_micro': 0.9187518617813524, 'f1_weighted': 0.9165959017878293, 'f1_binary': 0.7649517407790417, 'pr_auc': 0.8600641831985745, 'precision_macro': 0.8788523130860568, 'precision_micro': 0.9187518617813524, 'precision_weighted': 0.9160204938762071, 'precision_binary': 0.8199621264606716, 'recall_macro': 0.840632585946301, 'recall_micro': 0.9187518617813524, 'recall_weighted': 0.9187518617813524, 'recall_binary': 0.7168584696143752, 'roc_auc': 0.9553535978000536}
Validation statistic: Loss: 0.4846, dev_score: {'accuracy': 0.8596858638743455, 'balanced_accuracy': 0.7581004270767164, 'f1_macro': 0.7849446102551693, 'f1_micro': 0.8596858638743455, 'f1_weighted': 0.850857634095171, 'f1_binary': 0.6581632653061225, 'pr_auc': 0.7790311761631475, 'precision_macro': 0.8330441939700992, 'precision_micro': 0.8596858638743455, 'precision_weighted': 0.8540570440216613, 'precision_binary': 0.7926267281105991, 'recall_macro': 0.7581004270767164, 'recall_micro': 0.8596858638743455, 'recall_weighted': 0.8596858638743455, 'recall_binary': 0.5627044711014176, 'roc_auc': 0.9108381094126297}
-----------------------
Epoch 21/100
Training statistic: Loss: 0.2227, train_score: {'accuracy': 0.9194667858206732, 'balanced_accuracy': 0.8453206642922861, 'f1_macro': 0.8602343379166248, 'f1_micro': 0.9194667858206732, 'f1_weighted': 0.9176603235470367, 'f1_binary': 0.7692471833390235, 'pr_auc': 0.8630463887661487, 'precision_macro': 0.8777831456973026, 'precision_micro': 0.9194667858206732, 'precision_weighted': 0.9169995096818463, 'precision_binary': 0.815647766867279, 'recall_macro': 0.8453206642922861, 'recall_micro': 0.9194667858206732, 'recall_weighted': 0.9194667858206732, 'recall_binary': 0.7278417120936806, 'roc_auc': 0.9565547032854391}
Validation statistic: Loss: 0.4601, dev_score: {'accuracy': 0.8581151832460733, 'balanced_accuracy': 0.7585590959752462, 'f1_macro': 0.7839636151003844, 'f1_micro': 0.8581151832460733, 'f1_weighted': 0.8497656769133148, 'f1_binary': 0.6573957016434893, 'pr_auc': 0.7804506043295006, 'precision_macro': 0.8280614372698782, 'precision_micro': 0.8581151832460733, 'precision_weighted': 0.8520320153858314, 'precision_binary': 0.7819548872180451, 'recall_macro': 0.7585590959752462, 'recall_micro': 0.8581151832460733, 'recall_weighted': 0.8581151832460733, 'recall_binary': 0.5670665212649946, 'roc_auc': 0.9128286798412202}
-----------------------
Epoch 22/100
Training statistic: Loss: 0.2218, train_score: {'accuracy': 0.922371164730414, 'balanced_accuracy': 0.8477418344684936, 'f1_macro': 0.864571746975936, 'f1_micro': 0.922371164730414, 'f1_weighted': 0.9204116614200107, 'f1_binary': 0.7760976028868459, 'pr_auc': 0.8695696359070163, 'precision_macro': 0.8847526891751836, 'precision_micro': 0.922371164730414, 'precision_weighted': 0.9199041346679815, 'precision_binary': 0.8290578679271259, 'recall_macro': 0.8477418344684936, 'recall_micro': 0.922371164730414, 'recall_weighted': 0.922371164730414, 'recall_binary': 0.7294972743791641, 'roc_auc': 0.9572668059902794}
Validation statistic: Loss: 0.4787, dev_score: {'accuracy': 0.8575916230366493, 'balanced_accuracy': 0.7585876453907157, 'f1_macro': 0.7835703969028638, 'f1_micro': 0.8575916230366493, 'f1_weighted': 0.8493744054533104, 'f1_binary': 0.6569987389659521, 'pr_auc': 0.7792738029808823, 'precision_macro': 0.8265499504511107, 'precision_micro': 0.8575916230366493, 'precision_weighted': 0.8513882912065014, 'precision_binary': 0.7787742899850523, 'recall_macro': 0.7585876453907157, 'recall_micro': 0.8575916230366493, 'recall_weighted': 0.8575916230366493, 'recall_binary': 0.5681570338058888, 'roc_auc': 0.9112396794802203}
-----------------------
Epoch 23/100
Training statistic: Loss: 0.2170, train_score: {'accuracy': 0.9230190646410485, 'balanced_accuracy': 0.8370458587949019, 'f1_macro': 0.8621452318078877, 'f1_micro': 0.9230190646410485, 'f1_weighted': 0.9199621041124724, 'f1_binary': 0.7705387466980399, 'pr_auc': 0.8690167896456831, 'precision_macro': 0.8953281323380564, 'precision_micro': 0.9230190646410485, 'precision_weighted': 0.920370885802699, 'precision_binary': 0.8556497732202721, 'recall_macro': 0.8370458587949019, 'recall_micro': 0.9230190646410485, 'recall_weighted': 0.9230190646410485, 'recall_binary': 0.7008277811427418, 'roc_auc': 0.9576690444117082}
Validation statistic: Loss: 0.4537, dev_score: {'accuracy': 0.8578534031413613, 'balanced_accuracy': 0.7520455092708592, 'f1_macro': 0.7801516678556843, 'f1_micro': 0.8578534031413613, 'f1_weighted': 0.8481021946180597, 'f1_binary': 0.6494512588766946, 'pr_auc': 0.7807524669568382, 'precision_macro': 0.8330120467576196, 'precision_micro': 0.8578534031413613, 'precision_weighted': 0.8523136640417006, 'precision_binary': 0.7958860759493671, 'recall_macro': 0.7520455092708592, 'recall_micro': 0.8578534031413613, 'recall_weighted': 0.8578534031413613, 'recall_binary': 0.5485278080697928, 'roc_auc': 0.9119939850889408}
-----------------------
Epoch 24/100
Training statistic: Loss: 0.2188, train_score: {'accuracy': 0.9260277033065237, 'balanced_accuracy': 0.8455618881034663, 'f1_macro': 0.8685785448428108, 'f1_micro': 0.9260277033065237, 'f1_weighted': 0.9234192898197728, 'f1_binary': 0.781687509615596, 'pr_auc': 0.8722665670165546, 'precision_macro': 0.8980914447322075, 'precision_micro': 0.9260277033065237, 'precision_weighted': 0.9236010546336567, 'precision_binary': 0.8576733867078229, 'recall_macro': 0.8455618881034663, 'recall_micro': 0.9260277033065237, 'recall_weighted': 0.9260277033065237, 'recall_binary': 0.7180698566525339, 'roc_auc': 0.9583246324978608}
Validation statistic: Loss: 0.4731, dev_score: {'accuracy': 0.8583769633507854, 'balanced_accuracy': 0.7538820631159959, 'f1_macro': 0.7815914417139822, 'f1_micro': 0.8583769633507854, 'f1_weighted': 0.8489186143279738, 'f1_binary': 0.6520900321543408, 'pr_auc': 0.7776253712269772, 'precision_macro': 0.8329105331912068, 'precision_micro': 0.8583769633507854, 'precision_weighted': 0.8527911661695571, 'precision_binary': 0.7946708463949843, 'recall_macro': 0.7538820631159959, 'recall_micro': 0.8583769633507854, 'recall_weighted': 0.8583769633507854, 'recall_binary': 0.5528898582333697, 'roc_auc': 0.9114879842647642}
-----------------------
Epoch 25/100
Training statistic: Loss: 0.2161, train_score: {'accuracy': 0.9267798629728925, 'balanced_accuracy': 0.8498821893889121, 'f1_macro': 0.8708012210378813, 'f1_micro': 0.9267798629728925, 'f1_weighted': 0.9244758137879401, 'f1_binary': 0.7857578662947791, 'pr_auc': 0.872747704474413, 'precision_macro': 0.896944574364031, 'precision_micro': 0.9267798629728925, 'precision_weighted': 0.924420947449909, 'precision_binary': 0.8534103280162825, 'recall_macro': 0.8498821893889121, 'recall_micro': 0.9267798629728925, 'recall_weighted': 0.9267798629728925, 'recall_binary': 0.7280436099333737, 'roc_auc': 0.9582980490518559}
Validation statistic: Loss: 0.4726, dev_score: {'accuracy': 0.8586387434554974, 'balanced_accuracy': 0.7555463813428067, 'f1_macro': 0.7827221788958646, 'f1_micro': 0.8586387434554974, 'f1_weighted': 0.8494937897087214, 'f1_binary': 0.6542893725992317, 'pr_auc': 0.7781242195224912, 'precision_macro': 0.8321870231337363, 'precision_micro': 0.8586387434554974, 'precision_weighted': 0.8529511008250474, 'precision_binary': 0.7922480620155039, 'recall_macro': 0.7555463813428067, 'recall_micro': 0.8586387434554974, 'recall_weighted': 0.8586387434554974, 'recall_binary': 0.5572519083969466, 'roc_auc': 0.9107881479355581}
-----------------------
Epoch 26/100
Training statistic: Loss: 0.2168, train_score: {'accuracy': 0.9258713136729223, 'balanced_accuracy': 0.8371851851728948, 'f1_macro': 0.8658478448205779, 'f1_micro': 0.9258713136729223, 'f1_weighted': 0.9224832153976897, 'f1_binary': 0.7761133603238867, 'pr_auc': 0.8731931227018265, 'precision_macro': 0.9052254101118773, 'precision_micro': 0.9258713136729223, 'precision_weighted': 0.923665080538672, 'precision_binary': 0.876009139375476, 'recall_macro': 0.8371851851728948, 'recall_micro': 0.9258713136729223, 'recall_weighted': 0.9258713136729223, 'recall_binary': 0.6966686856450636, 'roc_auc': 0.9589801706234466}
Validation statistic: Loss: 0.4698, dev_score: {'accuracy': 0.8583769633507854, 'balanced_accuracy': 0.749405815290541, 'f1_macro': 0.7790391600276236, 'f1_micro': 0.8583769633507854, 'f1_weighted': 0.8478748425963433, 'f1_binary': 0.6466361854996734, 'pr_auc': 0.7790596083023886, 'precision_macro': 0.8372803639755264, 'precision_micro': 0.8583769633507854, 'precision_weighted': 0.853444656552403, 'precision_binary': 0.8061889250814332, 'recall_macro': 0.749405815290541, 'recall_micro': 0.8583769633507854, 'recall_weighted': 0.8583769633507854, 'recall_binary': 0.5398037077426391, 'roc_auc': 0.9113339676813106}
-----------------------
Epoch 27/100
Training statistic: Loss: 0.2301, train_score: {'accuracy': 0.9256106642835865, 'balanced_accuracy': 0.8319006523255321, 'f1_macro': 0.8638464253899247, 'f1_micro': 0.9256106642835865, 'f1_weighted': 0.9217241494999836, 'f1_binary': 0.7721435251716509, 'pr_auc': 0.8738736484351792, 'precision_macro': 0.9096407659314562, 'precision_micro': 0.9256106642835865, 'precision_weighted': 0.9237198331030853, 'precision_binary': 0.8873335430428856, 'recall_macro': 0.8319006523255321, 'recall_micro': 0.9256106642835865, 'recall_weighted': 0.9256106642835865, 'recall_binary': 0.6834241873611953, 'roc_auc': 0.9585753333307708}
Validation statistic: Loss: 0.5073, dev_score: {'accuracy': 0.8581151832460733, 'balanced_accuracy': 0.7469954557594878, 'f1_macro': 0.7774294805641555, 'f1_micro': 0.8581151832460733, 'f1_weighted': 0.8470998307929767, 'f1_binary': 0.6434210526315789, 'pr_auc': 0.7772900617085627, 'precision_macro': 0.8389510328370581, 'precision_micro': 0.8581151832460733, 'precision_weighted': 0.8535110950835402, 'precision_binary': 0.8109452736318408, 'recall_macro': 0.7469954557594878, 'recall_micro': 0.8581151832460733, 'recall_weighted': 0.8581151832460733, 'recall_binary': 0.5332606324972737, 'roc_auc': 0.9109876181936409}
-----------------------
Epoch 28/100
Training statistic: Loss: 0.2170, train_score: {'accuracy': 0.9269362526064939, 'balanced_accuracy': 0.8358225420583398, 'f1_macro': 0.8668099773905324, 'f1_micro': 0.9269362526064939, 'f1_weighted': 0.9232901962370619, 'f1_binary': 0.7773213191402437, 'pr_auc': 0.8746757894760495, 'precision_macro': 0.910539116997006, 'precision_micro': 0.9269362526064939, 'precision_weighted': 0.9250613052980562, 'precision_binary': 0.8875298020109879, 'recall_macro': 0.8358225420583398, 'recall_micro': 0.9269362526064939, 'recall_weighted': 0.9269362526064939, 'recall_binary': 0.6914597213809812, 'roc_auc': 0.9588886900605822}
Validation statistic: Loss: 0.4779, dev_score: {'accuracy': 0.8578534031413613, 'balanced_accuracy': 0.7468232201411618, 'f1_macro': 0.7771290187094679, 'f1_micro': 0.8578534031413613, 'f1_weighted': 0.8468630889494594, 'f1_binary': 0.6429980276134122, 'pr_auc': 0.7758230469132275, 'precision_macro': 0.8382590359460973, 'precision_micro': 0.8578534031413613, 'precision_weighted': 0.8531573564858348, 'precision_binary': 0.8096026490066225, 'recall_macro': 0.7468232201411618, 'recall_micro': 0.8578534031413613, 'recall_weighted': 0.8578534031413613, 'recall_binary': 0.5332606324972737, 'roc_auc': 0.9104417984478884}
-----------------------
Epoch 29/100
Training statistic: Loss: 0.2182, train_score: {'accuracy': 0.9279341674113792, 'balanced_accuracy': 0.8395591702670768, 'f1_macro': 0.8692625745357113, 'f1_micro': 0.9279341674113792, 'f1_weighted': 0.9245392961877913, 'f1_binary': 0.7816807670614777, 'pr_auc': 0.8775624215321044, 'precision_macro': 0.9104113991067074, 'precision_micro': 0.9279341674113792, 'precision_weighted': 0.9260172693654394, 'precision_binary': 0.8856850715746422, 'recall_macro': 0.8395591702670768, 'recall_micro': 0.9279341674113792, 'recall_weighted': 0.9279341674113792, 'recall_binary': 0.6995356349687059, 'roc_auc': 0.9594410358340875}
Validation statistic: Loss: 0.4814, dev_score: {'accuracy': 0.8570680628272251, 'balanced_accuracy': 0.7470525545904267, 'f1_macro': 0.7766688481675392, 'f1_micro': 0.8570680628272251, 'f1_weighted': 0.846334136262712, 'f1_binary': 0.6426701570680629, 'pr_auc': 0.7804367148284659, 'precision_macro': 0.8354245093204006, 'precision_micro': 0.8570680628272251, 'precision_weighted': 0.8519695814006754, 'precision_binary': 0.8036006546644845, 'recall_macro': 0.7470525545904267, 'recall_micro': 0.8570680628272251, 'recall_weighted': 0.8570680628272251, 'recall_binary': 0.5354416575790621, 'roc_auc': 0.911052981329058}
-----------------------
Epoch 30/100
Training statistic: Loss: 0.2046, train_score: {'accuracy': 0.930548108430146, 'balanced_accuracy': 0.850458089080778, 'f1_macro': 0.8758808043930735, 'f1_micro': 0.930548108430146, 'f1_weighted': 0.9278698301251743, 'f1_binary': 0.7935081037994863, 'pr_auc': 0.8792674540600781, 'precision_macro': 0.9091550147041302, 'precision_micro': 0.930548108430146, 'precision_weighted': 0.9285498147007053, 'precision_binary': 0.8784254130104416, 'recall_macro': 0.850458089080778, 'recall_micro': 0.930548108430146, 'recall_weighted': 0.930548108430146, 'recall_binary': 0.7235614778921865, 'roc_auc': 0.9602342092370101}
Validation statistic: Loss: 0.4576, dev_score: {'accuracy': 0.856282722513089, 'balanced_accuracy': 0.7513851162130252, 'f1_macro': 0.7785736616496841, 'f1_micro': 0.856282722513089, 'f1_weighted': 0.846770831280582, 'f1_binary': 0.6473988439306358, 'pr_auc': 0.7779680545362956, 'precision_macro': 0.828812893081761, 'precision_micro': 0.856282722513089, 'precision_weighted': 0.850291271526886, 'precision_binary': 0.7875, 'recall_macro': 0.7513851162130252, 'recall_micro': 0.856282722513089, 'recall_weighted': 0.856282722513089, 'recall_binary': 0.549618320610687, 'roc_auc': 0.91082120515347}
-----------------------
Epoch 31/100
Training statistic: Loss: 0.2206, train_score: {'accuracy': 0.9299597855227882, 'balanced_accuracy': 0.8444883203302662, 'f1_macro': 0.8733951529867314, 'f1_micro': 0.9299597855227882, 'f1_weighted': 0.9268055770013358, 'f1_binary': 0.7887703537338574, 'pr_auc': 0.8789560954940921, 'precision_macro': 0.9128745964497477, 'precision_micro': 0.9299597855227882, 'precision_weighted': 0.9281549866348489, 'precision_binary': 0.888663967611336, 'recall_macro': 0.8444883203302662, 'recall_micro': 0.9299597855227882, 'recall_weighted': 0.9299597855227882, 'recall_binary': 0.7090652130022209, 'roc_auc': 0.9601671066653212}
Validation statistic: Loss: 0.5130, dev_score: {'accuracy': 0.8568062827225131, 'balanced_accuracy': 0.7491184428848283, 'f1_macro': 0.7776744286012356, 'f1_micro': 0.8568062827225131, 'f1_weighted': 0.8466326832238145, 'f1_binary': 0.6450356911096691, 'pr_auc': 0.7762371920396692, 'precision_macro': 0.8325300455697827, 'precision_micro': 0.8568062827225131, 'precision_weighted': 0.8512752271348382, 'precision_binary': 0.7964743589743589, 'recall_macro': 0.7491184428848283, 'recall_micro': 0.8568062827225131, 'recall_weighted': 0.8568062827225131, 'recall_binary': 0.5419847328244275, 'roc_auc': 0.910435412394428}
-----------------------
Epoch 32/100
Training statistic: Loss: 0.2113, train_score: {'accuracy': 0.9315907059874888, 'balanced_accuracy': 0.8510035257319364, 'f1_macro': 0.8774146208317286, 'f1_micro': 0.9315907059874888, 'f1_weighted': 0.9288487653958576, 'f1_binary': 0.795921087709944, 'pr_auc': 0.88173601993116, 'precision_macro': 0.9123178967319311, 'precision_micro': 0.9315907059874888, 'precision_weighted': 0.9297338285811251, 'precision_binary': 0.884723662764854, 'recall_macro': 0.8510035257319364, 'recall_micro': 0.9315907059874888, 'recall_weighted': 0.9315907059874888, 'recall_binary': 0.7233192004845548, 'roc_auc': 0.9608954751295515}
Validation statistic: Loss: 0.4821, dev_score: {'accuracy': 0.8583769633507854, 'balanced_accuracy': 0.7538820631159959, 'f1_macro': 0.7815914417139822, 'f1_micro': 0.8583769633507854, 'f1_weighted': 0.8489186143279738, 'f1_binary': 0.6520900321543408, 'pr_auc': 0.779442273722037, 'precision_macro': 0.8329105331912068, 'precision_micro': 0.8583769633507854, 'precision_weighted': 0.8527911661695571, 'precision_binary': 0.7946708463949843, 'recall_macro': 0.7538820631159959, 'recall_micro': 0.8583769633507854, 'recall_weighted': 0.8583769633507854, 'recall_binary': 0.5528898582333697, 'roc_auc': 0.91136251709678}
Early stopping by loss triggered!
Testing statistic: loss: 0.41354296210495545, scores: {'accuracy': 0.8428736477260792, 'balanced_accuracy': 0.7234205364934921, 'f1_macro': 0.7514186680576437, 'f1_micro': 0.8428736477260792, 'f1_weighted': 0.8301728869132506, 'f1_binary': 0.600640683395622, 'pr_auc': 0.7448140075908871, 'precision_macro': 0.8107578260464438, 'precision_micro': 0.8428736477260792, 'precision_weighted': 0.8350412350798673, 'precision_binary': 0.764266304347826, 'recall_macro': 0.7234205364934921, 'recall_micro': 0.8428736477260792, 'recall_weighted': 0.8428736477260792, 'recall_binary': 0.4947229551451187, 'roc_auc': 0.9007372595508237}
Finish training!
