=====Setting up data=====
Dataset name:covertype
train_option:synthetic
augment_option:compare_rf
mix_ratio:-1
n_sample:-1
Training dataset size: 100096 samples
Validation dataset size: 57216 samples

=====Setting up parameters for training=====
num_epochs: 100
learning_rate: 0.001
patience: 30
early_stop_criterion: loss
=====Setting up trainer=====
input_size: 98
model: DNN_Covertype
----------------------------------------------------------------
        Layer (type)               Output Shape         Param #
================================================================
            Linear-1                  [-1, 150]          14,850
              ReLU-2                  [-1, 150]               0
           Dropout-3                  [-1, 150]               0
            Linear-4                  [-1, 250]          37,750
              ReLU-5                  [-1, 250]               0
           Dropout-6                  [-1, 250]               0
            Linear-7                  [-1, 300]          75,300
              ReLU-8                  [-1, 300]               0
           Dropout-9                  [-1, 300]               0
           Linear-10                  [-1, 250]          75,250
             ReLU-11                  [-1, 250]               0
          Dropout-12                  [-1, 250]               0
           Linear-13                  [-1, 150]          37,650
             ReLU-14                  [-1, 150]               0
          Dropout-15                  [-1, 150]               0
           Linear-16                    [-1, 7]           1,057
================================================================
Total params: 241,857
Trainable params: 241,857
Non-trainable params: 0
----------------------------------------------------------------
Input size (MB): 0.00
Forward/backward pass size (MB): 0.03
Params size (MB): 0.92
Estimated Total Size (MB): 0.95
----------------------------------------------------------------
=====Setting up output files=====
weight_dir, weight_file: /home/thuy/Research/minh_data_synth/TabularDA/output/pilot_ctgan_v1/covertype/weight/, covertype_seed42_ctgan_full_rf_synthetic.weights.pth
acc_dir, acc_file: /home/thuy/Research/minh_data_synth/TabularDA/output/pilot_ctgan_v1/covertype/acc/, covertype_seed42_ctgan_full_rf_synthetic.epochs.csv
report_file: covertype_seed42_ctgan_full_rf_synthetic.report.txt
==========================================================================================
Start training...
-----------------------
Epoch 1/100
Training statistic: Loss: 0.3805, train_score: {'accuracy': 0.84218, 'balanced_accuracy': 0.5407802785488308, 'f1_macro': 0.5090121720918045, 'f1_micro': 0.84218, 'f1_weighted': 0.8358345208530712, 'precision_macro': 0.5465772250415369, 'precision_micro': 0.84218, 'precision_weighted': 0.8478289482468917, 'recall_macro': 0.5407802785488308, 'recall_micro': 0.84218, 'recall_weighted': 0.84218}
Validation statistic: Loss: 0.8152, dev_score: {'accuracy': 0.7197422111696818, 'balanced_accuracy': 0.46151259215852614, 'f1_macro': 0.43293464837632056, 'f1_micro': 0.7197422111696818, 'f1_weighted': 0.7061864126377772, 'precision_macro': 0.4557215526916135, 'precision_micro': 0.7197422111696818, 'precision_weighted': 0.7059423718583869, 'recall_macro': 0.46151259215852614, 'recall_micro': 0.7197422111696818, 'recall_weighted': 0.7197422111696818}
Saving model...
Model saved!
-------------------------------------------
-----------------------
Epoch 2/100
Training statistic: Loss: 0.3321, train_score: {'accuracy': 0.86354, 'balanced_accuracy': 0.6125996606073069, 'f1_macro': 0.6049687495360655, 'f1_micro': 0.86354, 'f1_weighted': 0.8583412144813354, 'precision_macro': 0.6477969377204891, 'precision_micro': 0.86354, 'precision_weighted': 0.8633195483014028, 'recall_macro': 0.6125996606073069, 'recall_micro': 0.86354, 'recall_weighted': 0.86354}
Validation statistic: Loss: 0.8346, dev_score: {'accuracy': 0.7365895518467277, 'balanced_accuracy': 0.4560750144987385, 'f1_macro': 0.4568109895748279, 'f1_micro': 0.7365895518467277, 'f1_weighted': 0.7223140150496199, 'precision_macro': 0.5286463355287985, 'precision_micro': 0.7365895518467277, 'precision_weighted': 0.7190336776817221, 'recall_macro': 0.4560750144987385, 'recall_micro': 0.7365895518467277, 'recall_weighted': 0.7365895518467277}
-----------------------
Epoch 3/100
Training statistic: Loss: 0.3072, train_score: {'accuracy': 0.87413, 'balanced_accuracy': 0.6246936710860405, 'f1_macro': 0.62879613897929, 'f1_micro': 0.87413, 'f1_weighted': 0.8693861595362653, 'precision_macro': 0.6726019396584071, 'precision_micro': 0.87413, 'precision_weighted': 0.8723290998236022, 'recall_macro': 0.6246936710860405, 'recall_micro': 0.87413, 'recall_weighted': 0.87413}
Validation statistic: Loss: 0.8556, dev_score: {'accuracy': 0.7429642212920965, 'balanced_accuracy': 0.49936485129170677, 'f1_macro': 0.5134278001321508, 'f1_micro': 0.7429642212920965, 'f1_weighted': 0.7307190906465579, 'precision_macro': 0.5728964139765669, 'precision_micro': 0.7429642212920965, 'precision_weighted': 0.7273494830358295, 'recall_macro': 0.49936485129170677, 'recall_micro': 0.7429642212920965, 'recall_weighted': 0.7429642212920965}
-----------------------
Epoch 4/100
Training statistic: Loss: 0.2918, train_score: {'accuracy': 0.88327, 'balanced_accuracy': 0.6441569100554589, 'f1_macro': 0.6462751644363545, 'f1_micro': 0.88327, 'f1_weighted': 0.8793011468177903, 'precision_macro': 0.6778995324241024, 'precision_micro': 0.88327, 'precision_weighted': 0.881065479309567, 'recall_macro': 0.6441569100554589, 'recall_micro': 0.88327, 'recall_weighted': 0.88327}
Validation statistic: Loss: 0.8458, dev_score: {'accuracy': 0.7513528659743262, 'balanced_accuracy': 0.5212570027885789, 'f1_macro': 0.5315614560031812, 'f1_micro': 0.7513528659743262, 'f1_weighted': 0.7396133896096002, 'precision_macro': 0.5775379493528893, 'precision_micro': 0.7513528659743262, 'precision_weighted': 0.7359725346062779, 'recall_macro': 0.5212570027885789, 'recall_micro': 0.7513528659743262, 'recall_weighted': 0.7513528659743262}
-----------------------
Epoch 5/100
Training statistic: Loss: 0.2769, train_score: {'accuracy': 0.88836, 'balanced_accuracy': 0.6393961562513877, 'f1_macro': 0.6571619923164437, 'f1_micro': 0.88836, 'f1_weighted': 0.8852741274725727, 'precision_macro': 0.693799300030758, 'precision_micro': 0.88836, 'precision_weighted': 0.885089182920832, 'recall_macro': 0.6393961562513877, 'recall_micro': 0.88836, 'recall_weighted': 0.88836}
Validation statistic: Loss: 0.8165, dev_score: {'accuracy': 0.7560463039176196, 'balanced_accuracy': 0.4771166907093959, 'f1_macro': 0.49874717089546144, 'f1_micro': 0.7560463039176196, 'f1_weighted': 0.7439893866420763, 'precision_macro': 0.5695291355740071, 'precision_micro': 0.7560463039176196, 'precision_weighted': 0.7398506881926236, 'recall_macro': 0.4771166907093959, 'recall_micro': 0.7560463039176196, 'recall_weighted': 0.7560463039176196}
-----------------------
Epoch 6/100
Training statistic: Loss: 0.2716, train_score: {'accuracy': 0.89078, 'balanced_accuracy': 0.6455930706659947, 'f1_macro': 0.6543789637995093, 'f1_micro': 0.89078, 'f1_weighted': 0.8863757356816332, 'precision_macro': 0.6983878789150025, 'precision_micro': 0.89078, 'precision_weighted': 0.888674928854385, 'recall_macro': 0.6455930706659947, 'recall_micro': 0.89078, 'recall_weighted': 0.89078}
Validation statistic: Loss: 0.8460, dev_score: {'accuracy': 0.7585681511707325, 'balanced_accuracy': 0.5138439865784353, 'f1_macro': 0.5287274789211792, 'f1_micro': 0.7585681511707325, 'f1_weighted': 0.7454589333901263, 'precision_macro': 0.5917509509894426, 'precision_micro': 0.7585681511707325, 'precision_weighted': 0.7433439576601245, 'recall_macro': 0.5138439865784353, 'recall_micro': 0.7585681511707325, 'recall_weighted': 0.7585681511707325}
-----------------------
Epoch 7/100
Training statistic: Loss: 0.2665, train_score: {'accuracy': 0.89332, 'balanced_accuracy': 0.6647053529337903, 'f1_macro': 0.6680908205841093, 'f1_micro': 0.89332, 'f1_weighted': 0.8902609446129445, 'precision_macro': 0.6879525970418762, 'precision_micro': 0.89332, 'precision_weighted': 0.890329059537911, 'recall_macro': 0.6647053529337903, 'recall_micro': 0.89332, 'recall_weighted': 0.89332}
Validation statistic: Loss: 0.8171, dev_score: {'accuracy': 0.7584980998581461, 'balanced_accuracy': 0.5149542965591294, 'f1_macro': 0.532487105239637, 'f1_micro': 0.7584980998581461, 'f1_weighted': 0.7462654006218833, 'precision_macro': 0.5900728461400041, 'precision_micro': 0.7584980998581461, 'precision_weighted': 0.7432380006660326, 'recall_macro': 0.5149542965591294, 'recall_micro': 0.7584980998581461, 'recall_weighted': 0.7584980998581461}
-----------------------
Epoch 8/100
Training statistic: Loss: 0.2550, train_score: {'accuracy': 0.89586, 'balanced_accuracy': 0.6476514585420333, 'f1_macro': 0.6605243987246974, 'f1_micro': 0.89586, 'f1_weighted': 0.8920593907571522, 'precision_macro': 0.7030973921738081, 'precision_micro': 0.89586, 'precision_weighted': 0.8944736727969406, 'recall_macro': 0.6476514585420333, 'recall_micro': 0.89586, 'recall_weighted': 0.89586}
Validation statistic: Loss: 0.8417, dev_score: {'accuracy': 0.7642423074902366, 'balanced_accuracy': 0.5088151534631111, 'f1_macro': 0.5294149411343969, 'f1_micro': 0.7642423074902366, 'f1_weighted': 0.7518035525552129, 'precision_macro': 0.6005962141997812, 'precision_micro': 0.7642423074902366, 'precision_weighted': 0.7498511138980611, 'recall_macro': 0.5088151534631111, 'recall_micro': 0.7642423074902366, 'recall_weighted': 0.7642423074902366}
-----------------------
Epoch 9/100
Training statistic: Loss: 0.2454, train_score: {'accuracy': 0.90032, 'balanced_accuracy': 0.6709504917015615, 'f1_macro': 0.6742893095756823, 'f1_micro': 0.90032, 'f1_weighted': 0.8972499491162595, 'precision_macro': 0.6988739415198085, 'precision_micro': 0.90032, 'precision_weighted': 0.8984739352735553, 'recall_macro': 0.6709504917015615, 'recall_micro': 0.90032, 'recall_weighted': 0.90032}
Validation statistic: Loss: 0.8336, dev_score: {'accuracy': 0.7687956428083571, 'balanced_accuracy': 0.5294536186037532, 'f1_macro': 0.546191333649943, 'f1_micro': 0.7687956428083571, 'f1_weighted': 0.7570661298456329, 'precision_macro': 0.6019480226022912, 'precision_micro': 0.7687956428083571, 'precision_weighted': 0.7538896726781102, 'recall_macro': 0.5294536186037532, 'recall_micro': 0.7687956428083571, 'recall_weighted': 0.7687956428083571}
-----------------------
Epoch 10/100
Training statistic: Loss: 0.2405, train_score: {'accuracy': 0.90054, 'balanced_accuracy': 0.6791391697147194, 'f1_macro': 0.6845934968921542, 'f1_micro': 0.90054, 'f1_weighted': 0.8990932572711788, 'precision_macro': 0.6926517119777413, 'precision_micro': 0.90054, 'precision_weighted': 0.8981616432641257, 'recall_macro': 0.6791391697147194, 'recall_micro': 0.90054, 'recall_weighted': 0.90054}
Validation statistic: Loss: 0.8291, dev_score: {'accuracy': 0.7706169769356054, 'balanced_accuracy': 0.5230291383134807, 'f1_macro': 0.5487550596625498, 'f1_micro': 0.7706169769356054, 'f1_weighted': 0.7602678502703544, 'precision_macro': 0.6043520442763678, 'precision_micro': 0.7706169769356054, 'precision_weighted': 0.75488565902066, 'recall_macro': 0.5230291383134807, 'recall_micro': 0.7706169769356054, 'recall_weighted': 0.7706169769356054}
-----------------------
Epoch 11/100
Training statistic: Loss: 0.2355, train_score: {'accuracy': 0.90361, 'balanced_accuracy': 0.6730055519943056, 'f1_macro': 0.684263388290584, 'f1_micro': 0.90361, 'f1_weighted': 0.9020195274617197, 'precision_macro': 0.7013099781919429, 'precision_micro': 0.90361, 'precision_weighted': 0.9010560291430277, 'recall_macro': 0.6730055519943056, 'recall_micro': 0.90361, 'recall_weighted': 0.90361}
Validation statistic: Loss: 0.8321, dev_score: {'accuracy': 0.7721756186406543, 'balanced_accuracy': 0.5197985048606337, 'f1_macro': 0.5468883132920671, 'f1_micro': 0.7721756186406543, 'f1_weighted': 0.761543207157372, 'precision_macro': 0.6062612141912233, 'precision_micro': 0.7721756186406543, 'precision_weighted': 0.7567257577990844, 'recall_macro': 0.5197985048606337, 'recall_micro': 0.7721756186406543, 'recall_weighted': 0.7721756186406543}
-----------------------
Epoch 12/100
Training statistic: Loss: 0.2333, train_score: {'accuracy': 0.90412, 'balanced_accuracy': 0.6969698274621413, 'f1_macro': 0.6926998506740462, 'f1_micro': 0.90412, 'f1_weighted': 0.9025960527815908, 'precision_macro': 0.694445818763855, 'precision_micro': 0.90412, 'precision_weighted': 0.9018086818657342, 'recall_macro': 0.6969698274621413, 'recall_micro': 0.90412, 'recall_weighted': 0.90412}
Validation statistic: Loss: 0.8278, dev_score: {'accuracy': 0.7728586189383724, 'balanced_accuracy': 0.5493862812025984, 'f1_macro': 0.5656997549179795, 'f1_micro': 0.7728586189383724, 'f1_weighted': 0.7628754729461334, 'precision_macro': 0.599331395981958, 'precision_micro': 0.7728586189383724, 'precision_weighted': 0.7577212220416113, 'recall_macro': 0.5493862812025984, 'recall_micro': 0.7728586189383724, 'recall_weighted': 0.7728586189383724}
-----------------------
Epoch 13/100
Training statistic: Loss: 0.2260, train_score: {'accuracy': 0.90697, 'balanced_accuracy': 0.6938445167190223, 'f1_macro': 0.6887815232571822, 'f1_micro': 0.90697, 'f1_weighted': 0.9045412143574467, 'precision_macro': 0.7006208810834028, 'precision_micro': 0.90697, 'precision_weighted': 0.9052743267013993, 'recall_macro': 0.6938445167190223, 'recall_micro': 0.90697, 'recall_weighted': 0.90697}
Validation statistic: Loss: 0.8399, dev_score: {'accuracy': 0.7749076198315266, 'balanced_accuracy': 0.5336025751773227, 'f1_macro': 0.5470602292355283, 'f1_micro': 0.7749076198315266, 'f1_weighted': 0.76299197901651, 'precision_macro': 0.5959334238769829, 'precision_micro': 0.7749076198315266, 'precision_weighted': 0.7602270227386739, 'recall_macro': 0.5336025751773227, 'recall_micro': 0.7749076198315266, 'recall_weighted': 0.7749076198315266}
-----------------------
Epoch 14/100
Training statistic: Loss: 0.2235, train_score: {'accuracy': 0.90759, 'balanced_accuracy': 0.6492203171503717, 'f1_macro': 0.6706589281868894, 'f1_micro': 0.90759, 'f1_weighted': 0.9052182136945046, 'precision_macro': 0.7193010591529843, 'precision_micro': 0.90759, 'precision_weighted': 0.9052916276625412, 'recall_macro': 0.6492203171503717, 'recall_micro': 0.90759, 'recall_weighted': 0.90759}
Validation statistic: Loss: 0.8045, dev_score: {'accuracy': 0.7762911332551093, 'balanced_accuracy': 0.5268507410152894, 'f1_macro': 0.5549590610407419, 'f1_micro': 0.7762911332551093, 'f1_weighted': 0.7657858120997398, 'precision_macro': 0.6201250763361529, 'precision_micro': 0.7762911332551093, 'precision_weighted': 0.7614714755046356, 'recall_macro': 0.5268507410152894, 'recall_micro': 0.7762911332551093, 'recall_weighted': 0.7762911332551093}
Saving model...
Model saved!
-------------------------------------------
-----------------------
Epoch 15/100
Training statistic: Loss: 0.2176, train_score: {'accuracy': 0.91049, 'balanced_accuracy': 0.6560312914848081, 'f1_macro': 0.6787154544438408, 'f1_micro': 0.91049, 'f1_weighted': 0.9080680102951646, 'precision_macro': 0.7281684561662303, 'precision_micro': 0.91049, 'precision_weighted': 0.9080933081493131, 'recall_macro': 0.6560312914848081, 'recall_micro': 0.91049, 'recall_weighted': 0.91049}
Validation statistic: Loss: 0.8155, dev_score: {'accuracy': 0.7770616976935605, 'balanced_accuracy': 0.5130094876225668, 'f1_macro': 0.5370928438301495, 'f1_micro': 0.7770616976935605, 'f1_weighted': 0.7656733375061804, 'precision_macro': 0.6271935669108445, 'precision_micro': 0.7770616976935605, 'precision_weighted': 0.7622464011527071, 'recall_macro': 0.5130094876225668, 'recall_micro': 0.7770616976935605, 'recall_weighted': 0.7770616976935605}
-----------------------
Epoch 16/100
Training statistic: Loss: 0.2193, train_score: {'accuracy': 0.91045, 'balanced_accuracy': 0.6313285027864884, 'f1_macro': 0.6484760472697674, 'f1_micro': 0.91045, 'f1_weighted': 0.9078977275932651, 'precision_macro': 0.7211928612430029, 'precision_micro': 0.91045, 'precision_weighted': 0.907948698644954, 'recall_macro': 0.6313285027864884, 'recall_micro': 0.91045, 'recall_weighted': 0.91045}
Validation statistic: Loss: 0.8374, dev_score: {'accuracy': 0.7786553650549027, 'balanced_accuracy': 0.5205877048829096, 'f1_macro': 0.5521780276126329, 'f1_micro': 0.7786553650549027, 'f1_weighted': 0.7679391453828838, 'precision_macro': 0.6408012787816257, 'precision_micro': 0.7786553650549027, 'precision_weighted': 0.7638380422886024, 'recall_macro': 0.5205877048829096, 'recall_micro': 0.7786553650549027, 'recall_weighted': 0.7786553650549027}
-----------------------
Epoch 17/100
Training statistic: Loss: 0.2098, train_score: {'accuracy': 0.91222, 'balanced_accuracy': 0.6674527016254784, 'f1_macro': 0.698880936955453, 'f1_micro': 0.91222, 'f1_weighted': 0.9099868680237692, 'precision_macro': 0.851497638317856, 'precision_micro': 0.91222, 'precision_weighted': 0.9116110738054511, 'recall_macro': 0.6674527016254784, 'recall_micro': 0.91222, 'recall_weighted': 0.91222}
Validation statistic: Loss: 0.8701, dev_score: {'accuracy': 0.7797936988844328, 'balanced_accuracy': 0.5074045458975337, 'f1_macro': 0.5329218235682823, 'f1_micro': 0.7797936988844328, 'f1_weighted': 0.7684564045058602, 'precision_macro': 0.7640731526269983, 'precision_micro': 0.7797936988844328, 'precision_weighted': 0.7818133806519878, 'recall_macro': 0.5074045458975337, 'recall_micro': 0.7797936988844328, 'recall_weighted': 0.7797936988844328}
-----------------------
Epoch 18/100
Training statistic: Loss: 0.2111, train_score: {'accuracy': 0.91388, 'balanced_accuracy': 0.6903441608532125, 'f1_macro': 0.7098995706039938, 'f1_micro': 0.91388, 'f1_weighted': 0.9118776573424414, 'precision_macro': 0.8688414013953448, 'precision_micro': 0.91388, 'precision_weighted': 0.9130255255208602, 'recall_macro': 0.6903441608532125, 'recall_micro': 0.91388, 'recall_weighted': 0.91388}
Validation statistic: Loss: 0.8220, dev_score: {'accuracy': 0.7828584438100908, 'balanced_accuracy': 0.5383728254198722, 'f1_macro': 0.5655131853185177, 'f1_micro': 0.7828584438100908, 'f1_weighted': 0.7722091713574748, 'precision_macro': 0.768758008752348, 'precision_micro': 0.7828584438100908, 'precision_weighted': 0.7844390909389547, 'recall_macro': 0.5383728254198722, 'recall_micro': 0.7828584438100908, 'recall_weighted': 0.7828584438100908}
-----------------------
Epoch 19/100
Training statistic: Loss: 0.2051, train_score: {'accuracy': 0.91606, 'balanced_accuracy': 0.6943330069346334, 'f1_macro': 0.7101095669503674, 'f1_micro': 0.91606, 'f1_weighted': 0.9145354976337905, 'precision_macro': 0.8406257149840975, 'precision_micro': 0.91606, 'precision_weighted': 0.9154854145606469, 'recall_macro': 0.6943330069346334, 'recall_micro': 0.91606, 'recall_weighted': 0.91606}
Validation statistic: Loss: 0.8190, dev_score: {'accuracy': 0.7840142904677676, 'balanced_accuracy': 0.5439477872680621, 'f1_macro': 0.5706457979437325, 'f1_micro': 0.7840142904677676, 'f1_weighted': 0.7743972640103004, 'precision_macro': 0.7633486240264563, 'precision_micro': 0.7840142904677676, 'precision_weighted': 0.7857883469326934, 'recall_macro': 0.5439477872680621, 'recall_micro': 0.7840142904677676, 'recall_weighted': 0.7840142904677676}
-----------------------
Epoch 20/100
Training statistic: Loss: 0.2092, train_score: {'accuracy': 0.91481, 'balanced_accuracy': 0.6633868152249728, 'f1_macro': 0.6959387986168996, 'f1_micro': 0.91481, 'f1_weighted': 0.9123958912154357, 'precision_macro': 0.8746277315263213, 'precision_micro': 0.91481, 'precision_weighted': 0.9143672894787028, 'recall_macro': 0.6633868152249728, 'recall_micro': 0.91481, 'recall_weighted': 0.91481}
Validation statistic: Loss: 0.8085, dev_score: {'accuracy': 0.7851175986410045, 'balanced_accuracy': 0.5365733724871772, 'f1_macro': 0.564720517204265, 'f1_micro': 0.7851175986410045, 'f1_weighted': 0.774676510990806, 'precision_macro': 0.7812983806473529, 'precision_micro': 0.7851175986410045, 'precision_weighted': 0.7874942307259951, 'recall_macro': 0.5365733724871772, 'recall_micro': 0.7851175986410045, 'recall_weighted': 0.7851175986410045}
-----------------------
Epoch 21/100
Training statistic: Loss: 0.1988, train_score: {'accuracy': 0.9171, 'balanced_accuracy': 0.7041323741376049, 'f1_macro': 0.7322476620240702, 'f1_micro': 0.9171, 'f1_weighted': 0.9159809159869036, 'precision_macro': 0.8368551274357214, 'precision_micro': 0.9171, 'precision_weighted': 0.9166986886732339, 'recall_macro': 0.7041323741376049, 'recall_micro': 0.9171, 'recall_weighted': 0.9171}
Validation statistic: Loss: 0.8309, dev_score: {'accuracy': 0.7859582143920422, 'balanced_accuracy': 0.5548851107320438, 'f1_macro': 0.5827871519940349, 'f1_micro': 0.7859582143920422, 'f1_weighted': 0.7769111605874114, 'precision_macro': 0.7557626165094729, 'precision_micro': 0.7859582143920422, 'precision_weighted': 0.7865048372718684, 'recall_macro': 0.5548851107320438, 'recall_micro': 0.7859582143920422, 'recall_weighted': 0.7859582143920422}
-----------------------
Epoch 22/100
Training statistic: Loss: 0.1978, train_score: {'accuracy': 0.91626, 'balanced_accuracy': 0.6686122637269168, 'f1_macro': 0.7020200283726677, 'f1_micro': 0.91626, 'f1_weighted': 0.9136761269704888, 'precision_macro': 0.850167168145149, 'precision_micro': 0.91626, 'precision_weighted': 0.9156772549672434, 'recall_macro': 0.6686122637269168, 'recall_micro': 0.91626, 'recall_weighted': 0.91626}
Validation statistic: Loss: 0.8897, dev_score: {'accuracy': 0.7834188543107826, 'balanced_accuracy': 0.533912876821254, 'f1_macro': 0.5618636475483597, 'f1_micro': 0.7834188543107826, 'f1_weighted': 0.7724247718747324, 'precision_macro': 0.7678058603058047, 'precision_micro': 0.7834188543107826, 'precision_weighted': 0.7844062820283996, 'recall_macro': 0.533912876821254, 'recall_micro': 0.7834188543107826, 'recall_weighted': 0.7834188543107826}
-----------------------
Epoch 23/100
Training statistic: Loss: 0.1945, train_score: {'accuracy': 0.9211, 'balanced_accuracy': 0.7243463680368424, 'f1_macro': 0.741839750987836, 'f1_micro': 0.9211, 'f1_weighted': 0.9196413192198344, 'precision_macro': 0.860410261507436, 'precision_micro': 0.9211, 'precision_weighted': 0.920691356575543, 'recall_macro': 0.7243463680368424, 'recall_micro': 0.9211, 'recall_weighted': 0.9211}
Validation statistic: Loss: 0.8185, dev_score: {'accuracy': 0.7864835992364407, 'balanced_accuracy': 0.5504550508387435, 'f1_macro': 0.5774143283384879, 'f1_micro': 0.7864835992364407, 'f1_weighted': 0.776598356721093, 'precision_macro': 0.7637754832916342, 'precision_micro': 0.7864835992364407, 'precision_weighted': 0.7890891283139371, 'recall_macro': 0.5504550508387435, 'recall_micro': 0.7864835992364407, 'recall_weighted': 0.7864835992364407}
-----------------------
Epoch 24/100
Training statistic: Loss: 0.1920, train_score: {'accuracy': 0.92089, 'balanced_accuracy': 0.7475003567982043, 'f1_macro': 0.7588063550778266, 'f1_micro': 0.92089, 'f1_weighted': 0.9198634143082861, 'precision_macro': 0.8357265569396984, 'precision_micro': 0.92089, 'precision_weighted': 0.9211396928105828, 'recall_macro': 0.7475003567982043, 'recall_micro': 0.92089, 'recall_weighted': 0.92089}
Validation statistic: Loss: 0.8104, dev_score: {'accuracy': 0.7878846254881701, 'balanced_accuracy': 0.5652039292622488, 'f1_macro': 0.5806276116280686, 'f1_micro': 0.7878846254881701, 'f1_weighted': 0.7782450828033645, 'precision_macro': 0.7370256166238575, 'precision_micro': 0.7878846254881701, 'precision_weighted': 0.7888077885363307, 'recall_macro': 0.5652039292622488, 'recall_micro': 0.7878846254881701, 'recall_weighted': 0.7878846254881701}
-----------------------
Epoch 25/100
Training statistic: Loss: 0.1885, train_score: {'accuracy': 0.92222, 'balanced_accuracy': 0.7090980177797531, 'f1_macro': 0.7393644436218498, 'f1_micro': 0.92222, 'f1_weighted': 0.9206954052857739, 'precision_macro': 0.8520545774860898, 'precision_micro': 0.92222, 'precision_weighted': 0.9213646262008257, 'recall_macro': 0.7090980177797531, 'recall_micro': 0.92222, 'recall_weighted': 0.92222}
Validation statistic: Loss: 0.8897, dev_score: {'accuracy': 0.7876744715504107, 'balanced_accuracy': 0.5513085502634169, 'f1_macro': 0.5779960292468468, 'f1_micro': 0.7876744715504107, 'f1_weighted': 0.7778792593475214, 'precision_macro': 0.7490735443808776, 'precision_micro': 0.7876744715504107, 'precision_weighted': 0.7881564084374953, 'recall_macro': 0.5513085502634169, 'recall_micro': 0.7876744715504107, 'recall_weighted': 0.7876744715504107}
-----------------------
Epoch 26/100
Training statistic: Loss: 0.1861, train_score: {'accuracy': 0.9238, 'balanced_accuracy': 0.7185661900018546, 'f1_macro': 0.7593110913267223, 'f1_micro': 0.9238, 'f1_weighted': 0.9222266974275073, 'precision_macro': 0.8599574172702839, 'precision_micro': 0.9238, 'precision_weighted': 0.9229406110175471, 'recall_macro': 0.7185661900018546, 'recall_micro': 0.9238, 'recall_weighted': 0.9238}
Validation statistic: Loss: 0.8829, dev_score: {'accuracy': 0.7915448065708132, 'balanced_accuracy': 0.554283969536037, 'f1_macro': 0.5881142369215558, 'f1_micro': 0.7915448065708132, 'f1_weighted': 0.7824445232268803, 'precision_macro': 0.7641083325484688, 'precision_micro': 0.7915448065708132, 'precision_weighted': 0.7920556174372233, 'recall_macro': 0.554283969536037, 'recall_micro': 0.7915448065708132, 'recall_weighted': 0.7915448065708132}
-----------------------
Epoch 27/100
Training statistic: Loss: 0.1876, train_score: {'accuracy': 0.92235, 'balanced_accuracy': 0.7227613895571886, 'f1_macro': 0.7486076707643878, 'f1_micro': 0.92235, 'f1_weighted': 0.9207291751695486, 'precision_macro': 0.8576015124479685, 'precision_micro': 0.92235, 'precision_weighted': 0.9217087698500293, 'recall_macro': 0.7227613895571886, 'recall_micro': 0.92235, 'recall_weighted': 0.92235}
Validation statistic: Loss: 0.8423, dev_score: {'accuracy': 0.7896359083028318, 'balanced_accuracy': 0.5581333296813703, 'f1_macro': 0.5859180015013722, 'f1_micro': 0.7896359083028318, 'f1_weighted': 0.7796638588613519, 'precision_macro': 0.772463696284056, 'precision_micro': 0.7896359083028318, 'precision_weighted': 0.7919799690767502, 'recall_macro': 0.5581333296813703, 'recall_micro': 0.7896359083028318, 'recall_weighted': 0.7896359083028318}
-----------------------
Epoch 28/100
Training statistic: Loss: 0.1832, train_score: {'accuracy': 0.92507, 'balanced_accuracy': 0.7292098108013889, 'f1_macro': 0.7591167884560897, 'f1_micro': 0.92507, 'f1_weighted': 0.9238207925874836, 'precision_macro': 0.8640074864479843, 'precision_micro': 0.92507, 'precision_weighted': 0.9244302484775138, 'recall_macro': 0.7292098108013889, 'recall_micro': 0.92507, 'recall_weighted': 0.92507}
Validation statistic: Loss: 0.8550, dev_score: {'accuracy': 0.7915097809145198, 'balanced_accuracy': 0.5490250425250205, 'f1_macro': 0.58213705981772, 'f1_micro': 0.7915097809145198, 'f1_weighted': 0.7819807963770867, 'precision_macro': 0.7775716278178615, 'precision_micro': 0.7915097809145198, 'precision_weighted': 0.7935997688629493, 'recall_macro': 0.5490250425250205, 'recall_micro': 0.7915097809145198, 'recall_weighted': 0.7915097809145198}
-----------------------
Epoch 29/100
Training statistic: Loss: 0.1831, train_score: {'accuracy': 0.92479, 'balanced_accuracy': 0.6947445064620181, 'f1_macro': 0.7381282503285035, 'f1_micro': 0.92479, 'f1_weighted': 0.9227472554952318, 'precision_macro': 0.8648090639290936, 'precision_micro': 0.92479, 'precision_weighted': 0.9239663720169946, 'recall_macro': 0.6947445064620181, 'recall_micro': 0.92479, 'recall_weighted': 0.92479}
Validation statistic: Loss: 0.8593, dev_score: {'accuracy': 0.7919300887900387, 'balanced_accuracy': 0.5477883448307689, 'f1_macro': 0.5851141855227203, 'f1_micro': 0.7919300887900387, 'f1_weighted': 0.7823645402925454, 'precision_macro': 0.777001052631535, 'precision_micro': 0.7919300887900387, 'precision_weighted': 0.7932459942578488, 'recall_macro': 0.5477883448307689, 'recall_micro': 0.7919300887900387, 'recall_weighted': 0.7919300887900387}
-----------------------
Epoch 30/100
Training statistic: Loss: 0.1785, train_score: {'accuracy': 0.92579, 'balanced_accuracy': 0.7481179670156709, 'f1_macro': 0.7753659070694712, 'f1_micro': 0.92579, 'f1_weighted': 0.9246202971931934, 'precision_macro': 0.8441744611533235, 'precision_micro': 0.92579, 'precision_weighted': 0.9250191719244594, 'recall_macro': 0.7481179670156709, 'recall_micro': 0.92579, 'recall_weighted': 0.92579}
Validation statistic: Loss: 0.9011, dev_score: {'accuracy': 0.7911244986952943, 'balanced_accuracy': 0.5604721792743649, 'f1_macro': 0.5919385026859422, 'f1_micro': 0.7911244986952943, 'f1_weighted': 0.7816904077861198, 'precision_macro': 0.7600049814153582, 'precision_micro': 0.7911244986952943, 'precision_weighted': 0.7910925581530762, 'recall_macro': 0.5604721792743649, 'recall_micro': 0.7911244986952943, 'recall_weighted': 0.7911244986952943}
-----------------------
Epoch 31/100
Training statistic: Loss: 0.1743, train_score: {'accuracy': 0.92808, 'balanced_accuracy': 0.7552289030743699, 'f1_macro': 0.7872048700625507, 'f1_micro': 0.92808, 'f1_weighted': 0.9271222387605277, 'precision_macro': 0.8422201917053377, 'precision_micro': 0.92808, 'precision_weighted': 0.9271117194578388, 'recall_macro': 0.7552289030743699, 'recall_micro': 0.92808, 'recall_weighted': 0.92808}
Validation statistic: Loss: 0.8945, dev_score: {'accuracy': 0.7923328838374109, 'balanced_accuracy': 0.5584420433758154, 'f1_macro': 0.5977855863830898, 'f1_micro': 0.7923328838374109, 'f1_weighted': 0.7839219969407585, 'precision_macro': 0.7614814767753499, 'precision_micro': 0.7923328838374109, 'precision_weighted': 0.7910380110300144, 'recall_macro': 0.5584420433758154, 'recall_micro': 0.7923328838374109, 'recall_weighted': 0.7923328838374109}
-----------------------
Epoch 32/100
Training statistic: Loss: 0.1737, train_score: {'accuracy': 0.9284, 'balanced_accuracy': 0.7473226082523319, 'f1_macro': 0.7854524609720572, 'f1_micro': 0.9284, 'f1_weighted': 0.9271035742696409, 'precision_macro': 0.8660464579982172, 'precision_micro': 0.9284, 'precision_weighted': 0.9279679732888778, 'recall_macro': 0.7473226082523319, 'recall_micro': 0.9284, 'recall_weighted': 0.9284}
Validation statistic: Loss: 0.8341, dev_score: {'accuracy': 0.7956953468415614, 'balanced_accuracy': 0.565155358849618, 'f1_macro': 0.606014008232961, 'f1_micro': 0.7956953468415614, 'f1_weighted': 0.7872801246121837, 'precision_macro': 0.7733863904977364, 'precision_micro': 0.7956953468415614, 'precision_weighted': 0.796185054678967, 'recall_macro': 0.565155358849618, 'recall_micro': 0.7956953468415614, 'recall_weighted': 0.7956953468415614}
-----------------------
Epoch 33/100
Training statistic: Loss: 0.1748, train_score: {'accuracy': 0.92839, 'balanced_accuracy': 0.7475206358131192, 'f1_macro': 0.7861920740126587, 'f1_micro': 0.92839, 'f1_weighted': 0.9274060424701399, 'precision_macro': 0.8743147638095877, 'precision_micro': 0.92839, 'precision_weighted': 0.9276558537932243, 'recall_macro': 0.7475206358131192, 'recall_micro': 0.92839, 'recall_weighted': 0.92839}
Validation statistic: Loss: 0.8268, dev_score: {'accuracy': 0.7948547310905238, 'balanced_accuracy': 0.5589695202447721, 'f1_macro': 0.5943170457641188, 'f1_micro': 0.7948547310905238, 'f1_weighted': 0.7859565225259062, 'precision_macro': 0.7782915616661122, 'precision_micro': 0.7948547310905238, 'precision_weighted': 0.7961313908122096, 'recall_macro': 0.5589695202447721, 'recall_micro': 0.7948547310905238, 'recall_weighted': 0.7948547310905238}
-----------------------
Epoch 34/100
Training statistic: Loss: 0.1677, train_score: {'accuracy': 0.9299, 'balanced_accuracy': 0.7276434843717218, 'f1_macro': 0.7638873890778158, 'f1_micro': 0.9299, 'f1_weighted': 0.928842319520349, 'precision_macro': 0.8802868577779244, 'precision_micro': 0.9299, 'precision_weighted': 0.9293588705214816, 'recall_macro': 0.7276434843717218, 'recall_micro': 0.9299, 'recall_weighted': 0.9299}
Validation statistic: Loss: 0.9149, dev_score: {'accuracy': 0.7948897567468171, 'balanced_accuracy': 0.5588699221168041, 'f1_macro': 0.593745702089372, 'f1_micro': 0.7948897567468171, 'f1_weighted': 0.786084423416252, 'precision_macro': 0.7792706045577181, 'precision_micro': 0.7948897567468171, 'precision_weighted': 0.795938141748876, 'recall_macro': 0.5588699221168041, 'recall_micro': 0.7948897567468171, 'recall_weighted': 0.7948897567468171}
-----------------------
Epoch 35/100
Training statistic: Loss: 0.1717, train_score: {'accuracy': 0.92842, 'balanced_accuracy': 0.717467392869081, 'f1_macro': 0.7578991755946894, 'f1_micro': 0.92842, 'f1_weighted': 0.9268665073349847, 'precision_macro': 0.8778392071327428, 'precision_micro': 0.92842, 'precision_weighted': 0.9278363685955204, 'recall_macro': 0.717467392869081, 'recall_micro': 0.92842, 'recall_weighted': 0.92842}
Validation statistic: Loss: 0.8803, dev_score: {'accuracy': 0.7927006532284898, 'balanced_accuracy': 0.5539677945706022, 'f1_macro': 0.5872666925216272, 'f1_micro': 0.7927006532284898, 'f1_weighted': 0.7832843657871174, 'precision_macro': 0.7825423961212686, 'precision_micro': 0.7927006532284898, 'precision_weighted': 0.7938729737109359, 'recall_macro': 0.5539677945706022, 'recall_micro': 0.7927006532284898, 'recall_weighted': 0.7927006532284898}
-----------------------
Epoch 36/100
Training statistic: Loss: 0.1677, train_score: {'accuracy': 0.93254, 'balanced_accuracy': 0.7528556093677201, 'f1_macro': 0.7891361909858715, 'f1_micro': 0.93254, 'f1_weighted': 0.9316155186287228, 'precision_macro': 0.871398221427049, 'precision_micro': 0.93254, 'precision_weighted': 0.9318439838472098, 'recall_macro': 0.7528556093677201, 'recall_micro': 0.93254, 'recall_weighted': 0.93254}
Validation statistic: Loss: 0.9067, dev_score: {'accuracy': 0.7950123465438433, 'balanced_accuracy': 0.5608756809706454, 'f1_macro': 0.600436826217834, 'f1_micro': 0.7950123465438433, 'f1_weighted': 0.7868052864396926, 'precision_macro': 0.7760842613188386, 'precision_micro': 0.7950123465438433, 'precision_weighted': 0.7956331342796238, 'recall_macro': 0.5608756809706454, 'recall_micro': 0.7950123465438433, 'recall_weighted': 0.7950123465438433}
-----------------------
Epoch 37/100
Training statistic: Loss: 0.1688, train_score: {'accuracy': 0.9289, 'balanced_accuracy': 0.75859717433976, 'f1_macro': 0.7853295859345026, 'f1_micro': 0.9289, 'f1_weighted': 0.9282757955953466, 'precision_macro': 0.8647455790066322, 'precision_micro': 0.9289, 'precision_weighted': 0.9284922932757006, 'recall_macro': 0.75859717433976, 'recall_micro': 0.9289, 'recall_weighted': 0.9289}
Validation statistic: Loss: 0.8925, dev_score: {'accuracy': 0.7946270643246178, 'balanced_accuracy': 0.5604067578954001, 'f1_macro': 0.596044919849059, 'f1_micro': 0.7946270643246178, 'f1_weighted': 0.7862910601033564, 'precision_macro': 0.7687996312057919, 'precision_micro': 0.7946270643246178, 'precision_weighted': 0.7954645059126181, 'recall_macro': 0.5604067578954001, 'recall_micro': 0.7946270643246178, 'recall_weighted': 0.7946270643246178}
-----------------------
Epoch 38/100
Training statistic: Loss: 0.1631, train_score: {'accuracy': 0.93316, 'balanced_accuracy': 0.7495005413078764, 'f1_macro': 0.7848789291199588, 'f1_micro': 0.93316, 'f1_weighted': 0.9323051859309754, 'precision_macro': 0.8580924194814464, 'precision_micro': 0.93316, 'precision_weighted': 0.9327309122459079, 'recall_macro': 0.7495005413078764, 'recall_micro': 0.93316, 'recall_weighted': 0.93316}
Validation statistic: Loss: 0.9174, dev_score: {'accuracy': 0.7971839372340239, 'balanced_accuracy': 0.570397589029079, 'f1_macro': 0.6180292339482312, 'f1_micro': 0.7971839372340239, 'f1_weighted': 0.7901509984377357, 'precision_macro': 0.7755110897562298, 'precision_micro': 0.7971839372340239, 'precision_weighted': 0.7970551536956968, 'recall_macro': 0.570397589029079, 'recall_micro': 0.7971839372340239, 'recall_weighted': 0.7971839372340239}
-----------------------
Epoch 39/100
Training statistic: Loss: 0.1635, train_score: {'accuracy': 0.93556, 'balanced_accuracy': 0.7712436145685756, 'f1_macro': 0.7991356619540608, 'f1_micro': 0.93556, 'f1_weighted': 0.9348268910422353, 'precision_macro': 0.8700987056337535, 'precision_micro': 0.93556, 'precision_weighted': 0.9352686437838046, 'recall_macro': 0.7712436145685756, 'recall_micro': 0.93556, 'recall_weighted': 0.93556}
Validation statistic: Loss: 0.8397, dev_score: {'accuracy': 0.7960280905763472, 'balanced_accuracy': 0.5669112121198527, 'f1_macro': 0.6020999662266208, 'f1_micro': 0.7960280905763472, 'f1_weighted': 0.7875074362614964, 'precision_macro': 0.7604240115264578, 'precision_micro': 0.7960280905763472, 'precision_weighted': 0.7952160096144968, 'recall_macro': 0.5669112121198527, 'recall_micro': 0.7960280905763472, 'recall_weighted': 0.7960280905763472}
-----------------------
Epoch 40/100
Training statistic: Loss: 0.1617, train_score: {'accuracy': 0.93315, 'balanced_accuracy': 0.7053794929588474, 'f1_macro': 0.7495974722231445, 'f1_micro': 0.93315, 'f1_weighted': 0.9312283961806328, 'precision_macro': 0.88994167232655, 'precision_micro': 0.93315, 'precision_weighted': 0.9327749704561769, 'recall_macro': 0.7053794929588474, 'recall_micro': 0.93315, 'recall_weighted': 0.93315}
Validation statistic: Loss: 0.8546, dev_score: {'accuracy': 0.796080629060787, 'balanced_accuracy': 0.5260851770530788, 'f1_macro': 0.5564433400033469, 'f1_micro': 0.796080629060787, 'f1_weighted': 0.7853838673389362, 'precision_macro': 0.7962154557175418, 'precision_micro': 0.796080629060787, 'precision_weighted': 0.7981773224949779, 'recall_macro': 0.5260851770530788, 'recall_micro': 0.796080629060787, 'recall_weighted': 0.796080629060787}
-----------------------
Epoch 41/100
Training statistic: Loss: 0.1602, train_score: {'accuracy': 0.93507, 'balanced_accuracy': 0.747360198873138, 'f1_macro': 0.7877164031729544, 'f1_micro': 0.93507, 'f1_weighted': 0.9340629410862572, 'precision_macro': 0.8800508830755895, 'precision_micro': 0.93507, 'precision_weighted': 0.9346282637265886, 'recall_macro': 0.747360198873138, 'recall_micro': 0.93507, 'recall_weighted': 0.93507}
Validation statistic: Loss: 0.8546, dev_score: {'accuracy': 0.7980070401569149, 'balanced_accuracy': 0.5669439739644753, 'f1_macro': 0.5997343534532166, 'f1_micro': 0.7980070401569149, 'f1_weighted': 0.7895032230058048, 'precision_macro': 0.7751840680630347, 'precision_micro': 0.7980070401569149, 'precision_weighted': 0.7981409422913116, 'recall_macro': 0.5669439739644753, 'recall_micro': 0.7980070401569149, 'recall_weighted': 0.7980070401569149}
-----------------------
Epoch 42/100
Training statistic: Loss: 0.1589, train_score: {'accuracy': 0.93465, 'balanced_accuracy': 0.7544518877019177, 'f1_macro': 0.7919497029801669, 'f1_micro': 0.93465, 'f1_weighted': 0.9338040744151798, 'precision_macro': 0.8614295247942316, 'precision_micro': 0.93465, 'precision_weighted': 0.9338980899689375, 'recall_macro': 0.7544518877019177, 'recall_micro': 0.93465, 'recall_weighted': 0.93465}
Validation statistic: Loss: 0.8629, dev_score: {'accuracy': 0.7985324250013135, 'balanced_accuracy': 0.5803230673585332, 'f1_macro': 0.6233997036861195, 'f1_micro': 0.7985324250013135, 'f1_weighted': 0.7914202885824014, 'precision_macro': 0.7848736901844776, 'precision_micro': 0.7985324250013135, 'precision_weighted': 0.7986895800164713, 'recall_macro': 0.5803230673585332, 'recall_micro': 0.7985324250013135, 'recall_weighted': 0.7985324250013135}
-----------------------
Epoch 43/100
Training statistic: Loss: 0.1546, train_score: {'accuracy': 0.93749, 'balanced_accuracy': 0.7768581285869722, 'f1_macro': 0.8050439619331694, 'f1_micro': 0.93749, 'f1_weighted': 0.9368672773335969, 'precision_macro': 0.8635896423495671, 'precision_micro': 0.93749, 'precision_weighted': 0.9371745235171546, 'recall_macro': 0.7768581285869722, 'recall_micro': 0.93749, 'recall_weighted': 0.93749}
Validation statistic: Loss: 0.9190, dev_score: {'accuracy': 0.7978319118754488, 'balanced_accuracy': 0.5828128002193075, 'f1_macro': 0.6179257449616108, 'f1_micro': 0.7978319118754488, 'f1_weighted': 0.7897681060516353, 'precision_macro': 0.772791266320105, 'precision_micro': 0.7978319118754488, 'precision_weighted': 0.7980133587000938, 'recall_macro': 0.5828128002193075, 'recall_micro': 0.7978319118754488, 'recall_weighted': 0.7978319118754488}
-----------------------
Epoch 44/100
Training statistic: Loss: 0.1531, train_score: {'accuracy': 0.93661, 'balanced_accuracy': 0.7670259168390529, 'f1_macro': 0.8034379644311417, 'f1_micro': 0.93661, 'f1_weighted': 0.9358046486568516, 'precision_macro': 0.876953563022116, 'precision_micro': 0.93661, 'precision_weighted': 0.9364252372662455, 'recall_macro': 0.7670259168390529, 'recall_micro': 0.93661, 'recall_weighted': 0.93661}
Validation statistic: Loss: 0.9278, dev_score: {'accuracy': 0.7978494247035954, 'balanced_accuracy': 0.573632988130525, 'f1_macro': 0.6145885897392764, 'f1_micro': 0.7978494247035954, 'f1_weighted': 0.7902580675511429, 'precision_macro': 0.7747935127347718, 'precision_micro': 0.7978494247035954, 'precision_weighted': 0.7978121512395814, 'recall_macro': 0.573632988130525, 'recall_micro': 0.7978494247035954, 'recall_weighted': 0.7978494247035954}
-----------------------
Epoch 45/100
Training statistic: Loss: 0.1542, train_score: {'accuracy': 0.93761, 'balanced_accuracy': 0.776075270615065, 'f1_macro': 0.80663377730648, 'f1_micro': 0.93761, 'f1_weighted': 0.937143107778027, 'precision_macro': 0.8733200975850007, 'precision_micro': 0.93761, 'precision_weighted': 0.9372665953623986, 'recall_macro': 0.776075270615065, 'recall_micro': 0.93761, 'recall_weighted': 0.93761}
Validation statistic: Loss: 0.9617, dev_score: {'accuracy': 0.7958354494667343, 'balanced_accuracy': 0.5734305244258711, 'f1_macro': 0.6123320053430241, 'f1_micro': 0.7958354494667343, 'f1_weighted': 0.7883975056240036, 'precision_macro': 0.7669468590326716, 'precision_micro': 0.7958354494667343, 'precision_weighted': 0.7958210626645961, 'recall_macro': 0.5734305244258711, 'recall_micro': 0.7958354494667343, 'recall_weighted': 0.7958354494667343}
Early stopping by loss triggered!
Testing statistic: loss: 0.7839207796096802, scores: {'accuracy': 0.7759, 'balanced_accuracy': 0.5092456532332935, 'f1_macro': 0.5405965481711005, 'f1_micro': 0.7759, 'f1_weighted': 0.7650606247071382, 'precision_macro': 0.6397526896948251, 'precision_micro': 0.7759, 'precision_weighted': 0.7619887600779343, 'recall_macro': 0.5092456532332935, 'recall_micro': 0.7759, 'recall_weighted': 0.7759}
Finish training!
