/home/thuy/miniconda3/envs/env/lib/python3.10/site-packages/sklearn/metrics/_classification.py:2480: UserWarning: y_pred contains classes not in y_true
  warnings.warn("y_pred contains classes not in y_true")
/home/thuy/miniconda3/envs/env/lib/python3.10/site-packages/sklearn/metrics/_classification.py:2480: UserWarning: y_pred contains classes not in y_true
  warnings.warn("y_pred contains classes not in y_true")
/home/thuy/miniconda3/envs/env/lib/python3.10/site-packages/sklearn/metrics/_classification.py:2480: UserWarning: y_pred contains classes not in y_true
  warnings.warn("y_pred contains classes not in y_true")
/home/thuy/miniconda3/envs/env/lib/python3.10/site-packages/sklearn/metrics/_classification.py:2480: UserWarning: y_pred contains classes not in y_true
  warnings.warn("y_pred contains classes not in y_true")
/home/thuy/miniconda3/envs/env/lib/python3.10/site-packages/sklearn/metrics/_classification.py:2480: UserWarning: y_pred contains classes not in y_true
  warnings.warn("y_pred contains classes not in y_true")
=====Setting up data=====
Dataset name:mnist28
train_option:synthetic
augment_option:xgb
mix_ratio:-1
n_sample:-1
Training dataset size: 100096 samples
Validation dataset size: 6144 samples

=====Setting up parameters for training=====
num_epochs: 100
learning_rate: 0.001
patience: 30
early_stop_criterion: loss
=====Setting up trainer=====
input_size: 784
model: DNN_MNIST28
----------------------------------------------------------------
        Layer (type)               Output Shape         Param #
================================================================
           Dropout-1                  [-1, 784]               0
            Linear-2                  [-1, 512]         401,920
         LeakyReLU-3                  [-1, 512]               0
       BatchNorm1d-4                  [-1, 512]           1,024
           Dropout-5                  [-1, 512]               0
            Linear-6                 [-1, 1024]         525,312
         LeakyReLU-7                 [-1, 1024]               0
       BatchNorm1d-8                 [-1, 1024]           2,048
           Dropout-9                 [-1, 1024]               0
           Linear-10                  [-1, 256]         262,400
        LeakyReLU-11                  [-1, 256]               0
      BatchNorm1d-12                  [-1, 256]             512
          Dropout-13                  [-1, 256]               0
           Linear-14                  [-1, 128]          32,896
        LeakyReLU-15                  [-1, 128]               0
      BatchNorm1d-16                  [-1, 128]             256
          Dropout-17                  [-1, 128]               0
================================================================
Total params: 1,226,368
Trainable params: 1,226,368
Non-trainable params: 0
----------------------------------------------------------------
Input size (MB): 0.00
Forward/backward pass size (MB): 0.06
Params size (MB): 4.68
Estimated Total Size (MB): 4.75
----------------------------------------------------------------
=====Setting up output files=====
weight_dir, weight_file: /home/thuy/Research/minh_data_synth/TabularDA/output/pilot_ctgan_v1/mnist28/weight/, mnist28_seed42_ctgan_xonly_xgb_synthetic.weights.pth
acc_dir, acc_file: /home/thuy/Research/minh_data_synth/TabularDA/output/pilot_ctgan_v1/mnist28/acc/, mnist28_seed42_ctgan_xonly_xgb_synthetic.epochs.csv
report_file: mnist28_seed42_ctgan_xonly_xgb_synthetic.report.txt
==========================================================================================
Start training...
-----------------------
Epoch 1/100
Training statistic: Loss: 2.1401, train_score: {'accuracy': 0.68305, 'balanced_accuracy': 0.614662291203787, 'f1_macro': 0.6265341152860548, 'f1_micro': 0.68305, 'f1_weighted': 0.6757668091182985, 'precision_macro': 0.647934408245185, 'precision_micro': 0.68305, 'precision_weighted': 0.6748562128889835, 'recall_macro': 0.614662291203787, 'recall_micro': 0.68305, 'recall_weighted': 0.68305}
Validation statistic: Loss: 1.7870, dev_score: {'accuracy': 0.7725841206696502, 'balanced_accuracy': 0.769132271922771, 'f1_macro': 0.638573273390844, 'f1_micro': 0.7725841206696502, 'f1_weighted': 0.7708711377411701, 'precision_macro': 0.6549385139653644, 'precision_micro': 0.7725841206696502, 'precision_weighted': 0.7911309759123735, 'recall_macro': 0.6409435599356424, 'recall_micro': 0.7725841206696502, 'recall_weighted': 0.7725841206696502}
Saving model...
Model saved!
-------------------------------------------
-----------------------
Epoch 2/100
Training statistic: Loss: 1.8210, train_score: {'accuracy': 0.71131, 'balanced_accuracy': 0.634082306922841, 'f1_macro': 0.545060877133687, 'f1_micro': 0.71131, 'f1_weighted': 0.703774089173705, 'precision_macro': 0.5773199511138756, 'precision_micro': 0.71131, 'precision_weighted': 0.7043368297965678, 'recall_macro': 0.5284019224357008, 'recall_micro': 0.71131, 'recall_weighted': 0.71131}
Validation statistic: Loss: 1.4958, dev_score: {'accuracy': 0.8138571191778551, 'balanced_accuracy': 0.8118452297026538, 'f1_macro': 0.578927417474927, 'f1_micro': 0.8138571191778551, 'f1_weighted': 0.8136239939430319, 'precision_macro': 0.5892427383198368, 'precision_micro': 0.8138571191778551, 'precision_weighted': 0.8289088930883018, 'recall_macro': 0.5798894497876098, 'recall_micro': 0.8138571191778551, 'recall_weighted': 0.8138571191778551}
Saving model...
Model saved!
-------------------------------------------
-----------------------
Epoch 3/100
Training statistic: Loss: 1.6412, train_score: {'accuracy': 0.72832, 'balanced_accuracy': 0.665582535973498, 'f1_macro': 0.5672713560589059, 'f1_micro': 0.72832, 'f1_weighted': 0.7233905752811414, 'precision_macro': 0.588143304127065, 'precision_micro': 0.72832, 'precision_weighted': 0.7244173348595492, 'recall_macro': 0.5546521133112484, 'recall_micro': 0.72832, 'recall_weighted': 0.72832}
Validation statistic: Loss: 1.2457, dev_score: {'accuracy': 0.8310956406431295, 'balanced_accuracy': 0.8281401509809374, 'f1_macro': 0.6895253866044625, 'f1_micro': 0.8310956406431295, 'f1_weighted': 0.8304302400599195, 'precision_macro': 0.7049370260939307, 'precision_micro': 0.8310956406431295, 'precision_weighted': 0.8486177671748025, 'recall_macro': 0.6901167924841145, 'recall_micro': 0.8310956406431295, 'recall_weighted': 0.8310956406431295}
Saving model...
Model saved!
-------------------------------------------
-----------------------
Epoch 4/100
Training statistic: Loss: 1.4911, train_score: {'accuracy': 0.73838, 'balanced_accuracy': 0.6864150386621638, 'f1_macro': 0.6959853524370189, 'f1_micro': 0.73838, 'f1_weighted': 0.7337416620447059, 'precision_macro': 0.7142963217802073, 'precision_micro': 0.73838, 'precision_weighted': 0.7341156318112988, 'recall_macro': 0.6864150386621638, 'recall_micro': 0.73838, 'recall_weighted': 0.73838}
Validation statistic: Loss: 1.1136, dev_score: {'accuracy': 0.8387203712912316, 'balanced_accuracy': 0.8357805374778249, 'f1_macro': 0.835203234123686, 'f1_micro': 0.8387203712912316, 'f1_weighted': 0.8380377638055151, 'precision_macro': 0.850131797978765, 'precision_micro': 0.8387203712912316, 'precision_weighted': 0.852602267993168, 'recall_macro': 0.8357805374778249, 'recall_micro': 0.8387203712912316, 'recall_weighted': 0.8387203712912316}
Saving model...
Model saved!
-------------------------------------------
-----------------------
Epoch 5/100
Training statistic: Loss: 1.4112, train_score: {'accuracy': 0.74433, 'balanced_accuracy': 0.6883639218276504, 'f1_macro': 0.7028069069038381, 'f1_micro': 0.74433, 'f1_weighted': 0.7397701265671481, 'precision_macro': 0.7251748445165694, 'precision_micro': 0.74433, 'precision_weighted': 0.7396853970133856, 'recall_macro': 0.6883639218276504, 'recall_micro': 0.74433, 'recall_weighted': 0.74433}
Validation statistic: Loss: 1.0495, dev_score: {'accuracy': 0.8451848168407095, 'balanced_accuracy': 0.8420399570661582, 'f1_macro': 0.8417847051878585, 'f1_micro': 0.8451848168407095, 'f1_weighted': 0.8445633708423453, 'precision_macro': 0.8594749263506719, 'precision_micro': 0.8451848168407095, 'precision_weighted': 0.8615227849058164, 'recall_macro': 0.8420399570661582, 'recall_micro': 0.8451848168407095, 'recall_weighted': 0.8451848168407095}
Saving model...
Model saved!
-------------------------------------------
-----------------------
Epoch 6/100
Training statistic: Loss: 1.3310, train_score: {'accuracy': 0.74906, 'balanced_accuracy': 0.6990049359443904, 'f1_macro': 0.7101547839198619, 'f1_micro': 0.74906, 'f1_weighted': 0.744584524448072, 'precision_macro': 0.7271288870896317, 'precision_micro': 0.74906, 'precision_weighted': 0.7445174127269137, 'recall_macro': 0.6990049359443904, 'recall_micro': 0.74906, 'recall_weighted': 0.74906}
Validation statistic: Loss: 0.9369, dev_score: {'accuracy': 0.8496602022211172, 'balanced_accuracy': 0.847043925054642, 'f1_macro': 0.8455647282379246, 'f1_micro': 0.8496602022211172, 'f1_weighted': 0.8483972618833334, 'precision_macro': 0.8578026764125528, 'precision_micro': 0.8496602022211172, 'precision_weighted': 0.860649206631397, 'recall_macro': 0.847043925054642, 'recall_micro': 0.8496602022211172, 'recall_weighted': 0.8496602022211172}
Saving model...
Model saved!
-------------------------------------------
-----------------------
Epoch 7/100
Training statistic: Loss: 1.2558, train_score: {'accuracy': 0.75165, 'balanced_accuracy': 0.7100835078184252, 'f1_macro': 0.7155121093707135, 'f1_micro': 0.75165, 'f1_weighted': 0.7483417449360824, 'precision_macro': 0.7277716223353392, 'precision_micro': 0.75165, 'precision_weighted': 0.7492261446114261, 'recall_macro': 0.7100835078184252, 'recall_micro': 0.75165, 'recall_weighted': 0.75165}
Validation statistic: Loss: 0.8684, dev_score: {'accuracy': 0.8519807724183657, 'balanced_accuracy': 0.8493673216733197, 'f1_macro': 0.8486375633617049, 'f1_micro': 0.8519807724183657, 'f1_weighted': 0.8513691955345571, 'precision_macro': 0.8608412432654438, 'precision_micro': 0.8519807724183657, 'precision_weighted': 0.8635123183511733, 'recall_macro': 0.8493673216733197, 'recall_micro': 0.8519807724183657, 'recall_weighted': 0.8519807724183657}
Saving model...
Model saved!
-------------------------------------------
-----------------------
Epoch 8/100
Training statistic: Loss: 1.1960, train_score: {'accuracy': 0.75531, 'balanced_accuracy': 0.7078945189152874, 'f1_macro': 0.7182518255927681, 'f1_micro': 0.75531, 'f1_weighted': 0.7516706323538738, 'precision_macro': 0.7342601304933649, 'precision_micro': 0.75531, 'precision_weighted': 0.751231751739128, 'recall_macro': 0.7078945189152874, 'recall_micro': 0.75531, 'recall_weighted': 0.75531}
Validation statistic: Loss: 0.7888, dev_score: {'accuracy': 0.8582794629537543, 'balanced_accuracy': 0.855992912509979, 'f1_macro': 0.8556560382940498, 'f1_micro': 0.8582794629537543, 'f1_weighted': 0.8579364189647901, 'precision_macro': 0.866057906502396, 'precision_micro': 0.8582794629537543, 'precision_weighted': 0.8681746545744481, 'recall_macro': 0.855992912509979, 'recall_micro': 0.8582794629537543, 'recall_weighted': 0.8582794629537543}
Saving model...
Model saved!
-------------------------------------------
-----------------------
Epoch 9/100
Training statistic: Loss: 1.1368, train_score: {'accuracy': 0.76001, 'balanced_accuracy': 0.7145675078970999, 'f1_macro': 0.7248494496323309, 'f1_micro': 0.76001, 'f1_weighted': 0.7566111539035633, 'precision_macro': 0.7394203177391747, 'precision_micro': 0.76001, 'precision_weighted': 0.7565219414851572, 'recall_macro': 0.7145675078970999, 'recall_micro': 0.76001, 'recall_weighted': 0.76001}
Validation statistic: Loss: 0.7676, dev_score: {'accuracy': 0.8587767279960219, 'balanced_accuracy': 0.8560629554963652, 'f1_macro': 0.8559323231713517, 'f1_micro': 0.8587767279960219, 'f1_weighted': 0.8583247522168064, 'precision_macro': 0.8688566787387682, 'precision_micro': 0.8587767279960219, 'precision_weighted': 0.8706555690136405, 'recall_macro': 0.8560629554963652, 'recall_micro': 0.8587767279960219, 'recall_weighted': 0.8587767279960219}
Saving model...
Model saved!
-------------------------------------------
-----------------------
Epoch 10/100
Training statistic: Loss: 1.0725, train_score: {'accuracy': 0.75989, 'balanced_accuracy': 0.7124533556999685, 'f1_macro': 0.722701520285319, 'f1_micro': 0.75989, 'f1_weighted': 0.7562276571093077, 'precision_macro': 0.7392881109280692, 'precision_micro': 0.75989, 'precision_weighted': 0.7560359486535612, 'recall_macro': 0.7124533556999685, 'recall_micro': 0.75989, 'recall_weighted': 0.75989}
Validation statistic: Loss: 0.6962, dev_score: {'accuracy': 0.8610972981932703, 'balanced_accuracy': 0.8591156168186126, 'f1_macro': 0.8583998180780729, 'f1_micro': 0.8610972981932703, 'f1_weighted': 0.8605595408453551, 'precision_macro': 0.868692755819982, 'precision_micro': 0.8610972981932703, 'precision_weighted': 0.870861994806027, 'recall_macro': 0.8591156168186126, 'recall_micro': 0.8610972981932703, 'recall_weighted': 0.8610972981932703}
Saving model...
Model saved!
-------------------------------------------
-----------------------
Epoch 11/100
Training statistic: Loss: 1.0458, train_score: {'accuracy': 0.7614, 'balanced_accuracy': 0.7131769105849506, 'f1_macro': 0.7249343154169321, 'f1_micro': 0.7614, 'f1_weighted': 0.7582780861050049, 'precision_macro': 0.7426141109337416, 'precision_micro': 0.7614, 'precision_weighted': 0.7586693829348761, 'recall_macro': 0.7131769105849506, 'recall_micro': 0.7614, 'recall_weighted': 0.7614}
Validation statistic: Loss: 0.6741, dev_score: {'accuracy': 0.8640808884468755, 'balanced_accuracy': 0.8623444244200991, 'f1_macro': 0.8613983978909514, 'f1_micro': 0.8640808884468755, 'f1_weighted': 0.8635053742523446, 'precision_macro': 0.8718473879814782, 'precision_micro': 0.8640808884468755, 'precision_weighted': 0.8742116899640832, 'recall_macro': 0.8623444244200991, 'recall_micro': 0.8640808884468755, 'recall_weighted': 0.8640808884468755}
Saving model...
Model saved!
-------------------------------------------
-----------------------
Epoch 12/100
Training statistic: Loss: 1.0044, train_score: {'accuracy': 0.76539, 'balanced_accuracy': 0.7164015781502209, 'f1_macro': 0.7287989980323335, 'f1_micro': 0.76539, 'f1_weighted': 0.7622398043430865, 'precision_macro': 0.7483894229080474, 'precision_micro': 0.76539, 'precision_weighted': 0.7621670949809458, 'recall_macro': 0.7164015781502209, 'recall_micro': 0.76539, 'recall_weighted': 0.76539}
Validation statistic: Loss: 0.6401, dev_score: {'accuracy': 0.8627548483341622, 'balanced_accuracy': 0.860895409409601, 'f1_macro': 0.8606195870143718, 'f1_micro': 0.8627548483341622, 'f1_weighted': 0.8626865899081885, 'precision_macro': 0.8715544759388398, 'precision_micro': 0.8627548483341622, 'precision_weighted': 0.8737367485094639, 'recall_macro': 0.860895409409601, 'recall_micro': 0.8627548483341622, 'recall_weighted': 0.8627548483341622}
Saving model...
Model saved!
-------------------------------------------
-----------------------
Epoch 13/100
Training statistic: Loss: 0.9782, train_score: {'accuracy': 0.76687, 'balanced_accuracy': 0.7224690469933088, 'f1_macro': 0.7337992110115045, 'f1_micro': 0.76687, 'f1_weighted': 0.7645458945557322, 'precision_macro': 0.7490401532702784, 'precision_micro': 0.76687, 'precision_weighted': 0.7646261284174493, 'recall_macro': 0.7224690469933088, 'recall_micro': 0.76687, 'recall_weighted': 0.76687}
Validation statistic: Loss: 0.6111, dev_score: {'accuracy': 0.8670644787004806, 'balanced_accuracy': 0.865688036076261, 'f1_macro': 0.8652071270606255, 'f1_micro': 0.8670644787004806, 'f1_weighted': 0.8671486544487074, 'precision_macro': 0.8743533546755737, 'precision_micro': 0.8670644787004806, 'precision_weighted': 0.8768097460387092, 'recall_macro': 0.865688036076261, 'recall_micro': 0.8670644787004806, 'recall_weighted': 0.8670644787004806}
Saving model...
Model saved!
-------------------------------------------
-----------------------
Epoch 14/100
Training statistic: Loss: 0.9377, train_score: {'accuracy': 0.7717, 'balanced_accuracy': 0.7341525198381407, 'f1_macro': 0.7394852705598602, 'f1_micro': 0.7717, 'f1_weighted': 0.7695573689754381, 'precision_macro': 0.7470352640937031, 'precision_micro': 0.7717, 'precision_weighted': 0.768869333194912, 'recall_macro': 0.7341525198381407, 'recall_micro': 0.7717, 'recall_weighted': 0.7717}
Validation statistic: Loss: 0.5891, dev_score: {'accuracy': 0.8668987236863915, 'balanced_accuracy': 0.8648369251790436, 'f1_macro': 0.8643741008217812, 'f1_micro': 0.8668987236863915, 'f1_weighted': 0.8665682520740402, 'precision_macro': 0.8749348039087582, 'precision_micro': 0.8668987236863915, 'precision_weighted': 0.8770648037712281, 'recall_macro': 0.8648369251790436, 'recall_micro': 0.8668987236863915, 'recall_weighted': 0.8668987236863915}
Saving model...
Model saved!
-------------------------------------------
-----------------------
Epoch 15/100
Training statistic: Loss: 0.9093, train_score: {'accuracy': 0.77364, 'balanced_accuracy': 0.7322610926358777, 'f1_macro': 0.7412979212707718, 'f1_micro': 0.77364, 'f1_weighted': 0.7705909931690367, 'precision_macro': 0.7541106110630278, 'precision_micro': 0.77364, 'precision_weighted': 0.7699157205706474, 'recall_macro': 0.7322610926358777, 'recall_micro': 0.77364, 'recall_weighted': 0.77364}
Validation statistic: Loss: 0.5682, dev_score: {'accuracy': 0.8654069285595889, 'balanced_accuracy': 0.8634003095818205, 'f1_macro': 0.8631703822347703, 'f1_micro': 0.8654069285595889, 'f1_weighted': 0.8653100661119641, 'precision_macro': 0.8752880268690127, 'precision_micro': 0.8654069285595889, 'precision_weighted': 0.8773424835772827, 'recall_macro': 0.8634003095818205, 'recall_micro': 0.8654069285595889, 'recall_weighted': 0.8654069285595889}
Saving model...
Model saved!
-------------------------------------------
-----------------------
Epoch 16/100
Training statistic: Loss: 0.8928, train_score: {'accuracy': 0.7745, 'balanced_accuracy': 0.7309027950119465, 'f1_macro': 0.7411879388703838, 'f1_micro': 0.7745, 'f1_weighted': 0.771564113549972, 'precision_macro': 0.7555143924410754, 'precision_micro': 0.7745, 'precision_weighted': 0.7708716609723977, 'recall_macro': 0.7309027950119465, 'recall_micro': 0.7745, 'recall_weighted': 0.7745}
Validation statistic: Loss: 0.5595, dev_score: {'accuracy': 0.8672302337145699, 'balanced_accuracy': 0.8654689712812859, 'f1_macro': 0.8646370159058341, 'f1_micro': 0.8672302337145699, 'f1_weighted': 0.8668682391665552, 'precision_macro': 0.8746882893289742, 'precision_micro': 0.8672302337145699, 'precision_weighted': 0.8772433936679987, 'recall_macro': 0.8654689712812859, 'recall_micro': 0.8672302337145699, 'recall_weighted': 0.8672302337145699}
Saving model...
Model saved!
-------------------------------------------
-----------------------
Epoch 17/100
Training statistic: Loss: 0.8730, train_score: {'accuracy': 0.77345, 'balanced_accuracy': 0.7333564626987719, 'f1_macro': 0.7398496590419943, 'f1_micro': 0.77345, 'f1_weighted': 0.7707051466013749, 'precision_macro': 0.7503803947579171, 'precision_micro': 0.77345, 'precision_weighted': 0.7707037676406723, 'recall_macro': 0.7333564626987719, 'recall_micro': 0.77345, 'recall_weighted': 0.77345}
Validation statistic: Loss: 0.5384, dev_score: {'accuracy': 0.8649096635173213, 'balanced_accuracy': 0.8626576380105447, 'f1_macro': 0.8622456001446658, 'f1_micro': 0.8649096635173213, 'f1_weighted': 0.8645515126066703, 'precision_macro': 0.8751491662873192, 'precision_micro': 0.8649096635173213, 'precision_weighted': 0.87727355288685, 'recall_macro': 0.8626576380105447, 'recall_micro': 0.8649096635173213, 'recall_weighted': 0.8649096635173213}
Saving model...
Model saved!
-------------------------------------------
-----------------------
Epoch 18/100
Training statistic: Loss: 0.8593, train_score: {'accuracy': 0.77813, 'balanced_accuracy': 0.7410302381884855, 'f1_macro': 0.7475679631407525, 'f1_micro': 0.77813, 'f1_weighted': 0.7763901581129293, 'precision_macro': 0.7566505647673158, 'precision_micro': 0.77813, 'precision_weighted': 0.7764313288787985, 'recall_macro': 0.7410302381884855, 'recall_micro': 0.77813, 'recall_weighted': 0.77813}
Validation statistic: Loss: 0.5385, dev_score: {'accuracy': 0.8622575832918946, 'balanced_accuracy': 0.8604723170409615, 'f1_macro': 0.8598150969448959, 'f1_micro': 0.8622575832918946, 'f1_weighted': 0.8619484692651095, 'precision_macro': 0.8724904133865798, 'precision_micro': 0.8622575832918946, 'precision_weighted': 0.8748124092692718, 'recall_macro': 0.8604723170409615, 'recall_micro': 0.8622575832918946, 'recall_weighted': 0.8622575832918946}
-----------------------
Epoch 19/100
Training statistic: Loss: 0.8318, train_score: {'accuracy': 0.78198, 'balanced_accuracy': 0.7357554777037165, 'f1_macro': 0.748579872925908, 'f1_micro': 0.78198, 'f1_weighted': 0.7787999712615347, 'precision_macro': 0.767602271486273, 'precision_micro': 0.78198, 'precision_weighted': 0.7790604655656628, 'recall_macro': 0.7357554777037165, 'recall_micro': 0.78198, 'recall_weighted': 0.78198}
Validation statistic: Loss: 0.5198, dev_score: {'accuracy': 0.8630863583623405, 'balanced_accuracy': 0.8616063422163052, 'f1_macro': 0.8612424301612845, 'f1_micro': 0.8630863583623405, 'f1_weighted': 0.8632503400031469, 'precision_macro': 0.8738188880928088, 'precision_micro': 0.8630863583623405, 'precision_weighted': 0.8762465495868633, 'recall_macro': 0.8616063422163052, 'recall_micro': 0.8630863583623405, 'recall_weighted': 0.8630863583623405}
Saving model...
Model saved!
-------------------------------------------
-----------------------
Epoch 20/100
Training statistic: Loss: 0.8173, train_score: {'accuracy': 0.78279, 'balanced_accuracy': 0.7385489759182152, 'f1_macro': 0.7504257325589417, 'f1_micro': 0.78279, 'f1_weighted': 0.7801535436747107, 'precision_macro': 0.7663661599265016, 'precision_micro': 0.78279, 'precision_weighted': 0.7795920615468899, 'recall_macro': 0.7385489759182152, 'recall_micro': 0.78279, 'recall_weighted': 0.78279}
Validation statistic: Loss: 0.4917, dev_score: {'accuracy': 0.8728659041936019, 'balanced_accuracy': 0.8711647512764372, 'f1_macro': 0.870744602483031, 'f1_micro': 0.8728659041936019, 'f1_weighted': 0.8726751261047205, 'precision_macro': 0.8802248479262331, 'precision_micro': 0.8728659041936019, 'precision_weighted': 0.8822350334582421, 'recall_macro': 0.8711647512764372, 'recall_micro': 0.8728659041936019, 'recall_weighted': 0.8728659041936019}
Saving model...
Model saved!
-------------------------------------------
-----------------------
Epoch 21/100
Training statistic: Loss: 0.8103, train_score: {'accuracy': 0.78528, 'balanced_accuracy': 0.7449014670400762, 'f1_macro': 0.7547249555238557, 'f1_micro': 0.78528, 'f1_weighted': 0.7827518936484356, 'precision_macro': 0.7682161686160482, 'precision_micro': 0.78528, 'precision_weighted': 0.7822761317285634, 'recall_macro': 0.7449014670400762, 'recall_micro': 0.78528, 'recall_weighted': 0.78528}
Validation statistic: Loss: 0.4938, dev_score: {'accuracy': 0.8693850488977292, 'balanced_accuracy': 0.8674101639171241, 'f1_macro': 0.8674195408229946, 'f1_micro': 0.8693850488977292, 'f1_weighted': 0.8694684283186527, 'precision_macro': 0.8793114613031815, 'precision_micro': 0.8693850488977292, 'precision_weighted': 0.8812094179192475, 'recall_macro': 0.8674101639171241, 'recall_micro': 0.8693850488977292, 'recall_weighted': 0.8693850488977292}
-----------------------
Epoch 22/100
Training statistic: Loss: 0.7964, train_score: {'accuracy': 0.78868, 'balanced_accuracy': 0.7463835069929873, 'f1_macro': 0.75765424864952, 'f1_micro': 0.78868, 'f1_weighted': 0.7861138155167028, 'precision_macro': 0.7738924209571408, 'precision_micro': 0.78868, 'precision_weighted': 0.7860661584279804, 'recall_macro': 0.7463835069929873, 'recall_micro': 0.78868, 'recall_weighted': 0.78868}
Validation statistic: Loss: 0.4923, dev_score: {'accuracy': 0.8715398640808885, 'balanced_accuracy': 0.8696155346974426, 'f1_macro': 0.8696968173024893, 'f1_micro': 0.8715398640808885, 'f1_weighted': 0.8716268470873392, 'precision_macro': 0.8801463527435542, 'precision_micro': 0.8715398640808885, 'precision_weighted': 0.8819067849472394, 'recall_macro': 0.8696155346974426, 'recall_micro': 0.8715398640808885, 'recall_weighted': 0.8715398640808885}
-----------------------
Epoch 23/100
Training statistic: Loss: 0.7865, train_score: {'accuracy': 0.78964, 'balanced_accuracy': 0.7426174200974298, 'f1_macro': 0.7575358358265551, 'f1_micro': 0.78964, 'f1_weighted': 0.7867129777854068, 'precision_macro': 0.7791284140367272, 'precision_micro': 0.78964, 'precision_weighted': 0.7868940141409699, 'recall_macro': 0.7426174200974298, 'recall_micro': 0.78964, 'recall_weighted': 0.78964}
Validation statistic: Loss: 0.4980, dev_score: {'accuracy': 0.8683905188131941, 'balanced_accuracy': 0.8671883746300034, 'f1_macro': 0.8665733618447767, 'f1_micro': 0.8683905188131941, 'f1_weighted': 0.8682792317094368, 'precision_macro': 0.8756445497873446, 'precision_micro': 0.8683905188131941, 'precision_weighted': 0.877776050821163, 'recall_macro': 0.8671883746300034, 'recall_micro': 0.8683905188131941, 'recall_weighted': 0.8683905188131941}
-----------------------
Epoch 24/100
Training statistic: Loss: 0.7745, train_score: {'accuracy': 0.79227, 'balanced_accuracy': 0.7484325027216097, 'f1_macro': 0.761031182373103, 'f1_micro': 0.79227, 'f1_weighted': 0.7900280141692649, 'precision_macro': 0.7790945794704414, 'precision_micro': 0.79227, 'precision_weighted': 0.7898928547303459, 'recall_macro': 0.7484325027216097, 'recall_micro': 0.79227, 'recall_weighted': 0.79227}
Validation statistic: Loss: 0.4752, dev_score: {'accuracy': 0.8736946792640478, 'balanced_accuracy': 0.8724238595226396, 'f1_macro': 0.8719720041568151, 'f1_micro': 0.8736946792640478, 'f1_weighted': 0.8736384727468041, 'precision_macro': 0.8794720717077051, 'precision_micro': 0.8736946792640478, 'precision_weighted': 0.8814334731028745, 'recall_macro': 0.8724238595226396, 'recall_micro': 0.8736946792640478, 'recall_weighted': 0.8736946792640478}
Saving model...
Model saved!
-------------------------------------------
-----------------------
Epoch 25/100
Training statistic: Loss: 0.7693, train_score: {'accuracy': 0.79289, 'balanced_accuracy': 0.7514450266937971, 'f1_macro': 0.7623010569323948, 'f1_micro': 0.79289, 'f1_weighted': 0.7904458849987873, 'precision_macro': 0.7779536368764118, 'precision_micro': 0.79289, 'precision_weighted': 0.7907746328071671, 'recall_macro': 0.7514450266937971, 'recall_micro': 0.79289, 'recall_weighted': 0.79289}
Validation statistic: Loss: 0.4686, dev_score: {'accuracy': 0.8741919443063153, 'balanced_accuracy': 0.8727425608427849, 'f1_macro': 0.8726407222530692, 'f1_micro': 0.8741919443063153, 'f1_weighted': 0.8744603050116321, 'precision_macro': 0.8816569969453527, 'precision_micro': 0.8741919443063153, 'precision_weighted': 0.8837650477710117, 'recall_macro': 0.8727425608427849, 'recall_micro': 0.8741919443063153, 'recall_weighted': 0.8741919443063153}
Saving model...
Model saved!
-------------------------------------------
-----------------------
Epoch 26/100
Training statistic: Loss: 0.7597, train_score: {'accuracy': 0.79371, 'balanced_accuracy': 0.7459038216353242, 'f1_macro': 0.7603554514530108, 'f1_micro': 0.79371, 'f1_weighted': 0.7903239791001065, 'precision_macro': 0.7843737900708545, 'precision_micro': 0.79371, 'precision_weighted': 0.7911410683257771, 'recall_macro': 0.7459038216353242, 'recall_micro': 0.79371, 'recall_weighted': 0.79371}
Validation statistic: Loss: 0.4666, dev_score: {'accuracy': 0.8753522294049395, 'balanced_accuracy': 0.8735016652905625, 'f1_macro': 0.8727996367130337, 'f1_micro': 0.8753522294049395, 'f1_weighted': 0.8748203706918262, 'precision_macro': 0.8814570816829275, 'precision_micro': 0.8753522294049395, 'precision_weighted': 0.88351605964219, 'recall_macro': 0.8735016652905625, 'recall_micro': 0.8753522294049395, 'recall_weighted': 0.8753522294049395}
Saving model...
Model saved!
-------------------------------------------
-----------------------
Epoch 27/100
Training statistic: Loss: 0.7544, train_score: {'accuracy': 0.79809, 'balanced_accuracy': 0.763195156197239, 'f1_macro': 0.7696741144844109, 'f1_micro': 0.79809, 'f1_weighted': 0.7959456698881934, 'precision_macro': 0.779576867941371, 'precision_micro': 0.79809, 'precision_weighted': 0.7960036253053222, 'recall_macro': 0.763195156197239, 'recall_micro': 0.79809, 'recall_weighted': 0.79809}
Validation statistic: Loss: 0.4523, dev_score: {'accuracy': 0.8760152494612962, 'balanced_accuracy': 0.8737680283173155, 'f1_macro': 0.8735701994842744, 'f1_micro': 0.8760152494612962, 'f1_weighted': 0.8757735220730284, 'precision_macro': 0.8836444343101583, 'precision_micro': 0.8760152494612962, 'precision_weighted': 0.8856538085242367, 'recall_macro': 0.8737680283173155, 'recall_micro': 0.8760152494612962, 'recall_weighted': 0.8760152494612962}
Saving model...
Model saved!
-------------------------------------------
-----------------------
Epoch 28/100
Training statistic: Loss: 0.7447, train_score: {'accuracy': 0.79987, 'balanced_accuracy': 0.7579306714302777, 'f1_macro': 0.7691734812458562, 'f1_micro': 0.79987, 'f1_weighted': 0.7971662344638321, 'precision_macro': 0.7874812280874914, 'precision_micro': 0.79987, 'precision_weighted': 0.7976688982750224, 'recall_macro': 0.7579306714302777, 'recall_micro': 0.79987, 'recall_weighted': 0.79987}
Validation statistic: Loss: 0.4546, dev_score: {'accuracy': 0.8718713741090668, 'balanced_accuracy': 0.8700758729464889, 'f1_macro': 0.8700865687054149, 'f1_micro': 0.8718713741090668, 'f1_weighted': 0.871955426918132, 'precision_macro': 0.8817956119223496, 'precision_micro': 0.8718713741090668, 'precision_weighted': 0.8836235705935237, 'recall_macro': 0.8700758729464889, 'recall_micro': 0.8718713741090668, 'recall_weighted': 0.8718713741090668}
-----------------------
Epoch 29/100
Training statistic: Loss: 0.7460, train_score: {'accuracy': 0.79939, 'balanced_accuracy': 0.7586508909583948, 'f1_macro': 0.7704333050843923, 'f1_micro': 0.79939, 'f1_weighted': 0.7979338693045172, 'precision_macro': 0.7870451014906352, 'precision_micro': 0.79939, 'precision_weighted': 0.7980409245060963, 'recall_macro': 0.7586508909583948, 'recall_micro': 0.79939, 'recall_weighted': 0.79939}
Validation statistic: Loss: 0.4530, dev_score: {'accuracy': 0.8756837394331178, 'balanced_accuracy': 0.8739079516812905, 'f1_macro': 0.8738493064555766, 'f1_micro': 0.8756837394331178, 'f1_weighted': 0.875831444236324, 'precision_macro': 0.8830602754787764, 'precision_micro': 0.8756837394331178, 'precision_weighted': 0.8850826710846079, 'recall_macro': 0.8739079516812905, 'recall_micro': 0.8756837394331178, 'recall_weighted': 0.8756837394331178}
-----------------------
Epoch 30/100
Training statistic: Loss: 0.7306, train_score: {'accuracy': 0.80423, 'balanced_accuracy': 0.7719715848763673, 'f1_macro': 0.7774301641584882, 'f1_micro': 0.80423, 'f1_weighted': 0.8024040162292083, 'precision_macro': 0.7847615131971242, 'precision_micro': 0.80423, 'precision_weighted': 0.8019116182813562, 'recall_macro': 0.7719715848763673, 'recall_micro': 0.80423, 'recall_weighted': 0.80423}
Validation statistic: Loss: 0.4406, dev_score: {'accuracy': 0.8773412895740096, 'balanced_accuracy': 0.8754067298699123, 'f1_macro': 0.8751831511838196, 'f1_micro': 0.8773412895740096, 'f1_weighted': 0.8772346231787111, 'precision_macro': 0.8836850134529648, 'precision_micro': 0.8773412895740096, 'precision_weighted': 0.8857064877499539, 'recall_macro': 0.8754067298699123, 'recall_micro': 0.8773412895740096, 'recall_weighted': 0.8773412895740096}
Saving model...
Model saved!
-------------------------------------------
-----------------------
Epoch 31/100
Training statistic: Loss: 0.7201, train_score: {'accuracy': 0.80493, 'balanced_accuracy': 0.7698253911211466, 'f1_macro': 0.7769448273955246, 'f1_micro': 0.80493, 'f1_weighted': 0.8030777704072284, 'precision_macro': 0.7860171032653577, 'precision_micro': 0.80493, 'precision_weighted': 0.8026141668189725, 'recall_macro': 0.7698253911211466, 'recall_micro': 0.80493, 'recall_weighted': 0.80493}
Validation statistic: Loss: 0.4309, dev_score: {'accuracy': 0.8799933697994364, 'balanced_accuracy': 0.8779664322281855, 'f1_macro': 0.8776850422057901, 'f1_micro': 0.8799933697994364, 'f1_weighted': 0.8796231280260727, 'precision_macro': 0.8865455464905185, 'precision_micro': 0.8799933697994364, 'precision_weighted': 0.8882341301647505, 'recall_macro': 0.8779664322281855, 'recall_micro': 0.8799933697994364, 'recall_weighted': 0.8799933697994364}
Saving model...
Model saved!
-------------------------------------------
-----------------------
Epoch 32/100
Training statistic: Loss: 0.7220, train_score: {'accuracy': 0.8064, 'balanced_accuracy': 0.7699251092411655, 'f1_macro': 0.7785288152365131, 'f1_micro': 0.8064, 'f1_weighted': 0.8042460290722843, 'precision_macro': 0.7914172751152166, 'precision_micro': 0.8064, 'precision_weighted': 0.8046745325888823, 'recall_macro': 0.7699251092411655, 'recall_micro': 0.8064, 'recall_weighted': 0.8064}
Validation statistic: Loss: 0.4340, dev_score: {'accuracy': 0.8770097795458313, 'balanced_accuracy': 0.8748238989770108, 'f1_macro': 0.8743909300212721, 'f1_micro': 0.8770097795458313, 'f1_weighted': 0.8765171443601609, 'precision_macro': 0.8841209736170319, 'precision_micro': 0.8770097795458313, 'precision_weighted': 0.8860125302619797, 'recall_macro': 0.8748238989770108, 'recall_micro': 0.8770097795458313, 'recall_weighted': 0.8770097795458313}
-----------------------
Epoch 33/100
Training statistic: Loss: 0.7157, train_score: {'accuracy': 0.80577, 'balanced_accuracy': 0.7632349220128313, 'f1_macro': 0.7754494057886065, 'f1_micro': 0.80577, 'f1_weighted': 0.8032875638141654, 'precision_macro': 0.792738702282182, 'precision_micro': 0.80577, 'precision_weighted': 0.8035082166171256, 'recall_macro': 0.7632349220128313, 'recall_micro': 0.80577, 'recall_weighted': 0.80577}
Validation statistic: Loss: 0.4307, dev_score: {'accuracy': 0.8801591248135257, 'balanced_accuracy': 0.8784390466857197, 'f1_macro': 0.8781477490664822, 'f1_micro': 0.8801591248135257, 'f1_weighted': 0.8800001489545791, 'precision_macro': 0.8865558284514558, 'precision_micro': 0.8801591248135257, 'precision_weighted': 0.8884023486884179, 'recall_macro': 0.8784390466857197, 'recall_micro': 0.8801591248135257, 'recall_weighted': 0.8801591248135257}
Saving model...
Model saved!
-------------------------------------------
-----------------------
Epoch 34/100
Training statistic: Loss: 0.7145, train_score: {'accuracy': 0.81025, 'balanced_accuracy': 0.7736175334169242, 'f1_macro': 0.783661425516213, 'f1_micro': 0.81025, 'f1_weighted': 0.8084409098650275, 'precision_macro': 0.7962305969393081, 'precision_micro': 0.81025, 'precision_weighted': 0.8082155316769032, 'recall_macro': 0.7736175334169242, 'recall_micro': 0.81025, 'recall_weighted': 0.81025}
Validation statistic: Loss: 0.4257, dev_score: {'accuracy': 0.8813194099121499, 'balanced_accuracy': 0.8796073424883207, 'f1_macro': 0.8793745639737187, 'f1_micro': 0.8813194099121499, 'f1_weighted': 0.8811234975071833, 'precision_macro': 0.8881003841104024, 'precision_micro': 0.8813194099121499, 'precision_weighted': 0.8897188361430732, 'recall_macro': 0.8796073424883207, 'recall_micro': 0.8813194099121499, 'recall_weighted': 0.8813194099121499}
Saving model...
Model saved!
-------------------------------------------
-----------------------
Epoch 35/100
Training statistic: Loss: 0.7082, train_score: {'accuracy': 0.81143, 'balanced_accuracy': 0.7757561913272504, 'f1_macro': 0.7843938532782437, 'f1_micro': 0.81143, 'f1_weighted': 0.8090170379751561, 'precision_macro': 0.7973989153107903, 'precision_micro': 0.81143, 'precision_weighted': 0.8091073555772179, 'recall_macro': 0.7757561913272504, 'recall_micro': 0.81143, 'recall_weighted': 0.81143}
Validation statistic: Loss: 0.4191, dev_score: {'accuracy': 0.8831427150671308, 'balanced_accuracy': 0.88128530836272, 'f1_macro': 0.8808433402380956, 'f1_micro': 0.8831427150671308, 'f1_weighted': 0.8827926872536194, 'precision_macro': 0.8891410304506622, 'precision_micro': 0.8831427150671308, 'precision_weighted': 0.8910378067885717, 'recall_macro': 0.88128530836272, 'recall_micro': 0.8831427150671308, 'recall_weighted': 0.8831427150671308}
Saving model...
Model saved!
-------------------------------------------
-----------------------
Epoch 36/100
Training statistic: Loss: 0.6977, train_score: {'accuracy': 0.81229, 'balanced_accuracy': 0.7795897946432249, 'f1_macro': 0.7866627215992625, 'f1_micro': 0.81229, 'f1_weighted': 0.8105689942910749, 'precision_macro': 0.7964580055894365, 'precision_micro': 0.81229, 'precision_weighted': 0.8103697471527878, 'recall_macro': 0.7795897946432249, 'recall_micro': 0.81229, 'recall_weighted': 0.81229}
Validation statistic: Loss: 0.4196, dev_score: {'accuracy': 0.8793303497430798, 'balanced_accuracy': 0.8776309320276029, 'f1_macro': 0.8774582796400174, 'f1_micro': 0.8793303497430798, 'f1_weighted': 0.879292508528212, 'precision_macro': 0.8867348275337447, 'precision_micro': 0.8793303497430798, 'precision_weighted': 0.8886008524530574, 'recall_macro': 0.8776309320276029, 'recall_micro': 0.8793303497430798, 'recall_weighted': 0.8793303497430798}
-----------------------
Epoch 37/100
Training statistic: Loss: 0.6974, train_score: {'accuracy': 0.815, 'balanced_accuracy': 0.7790978613114603, 'f1_macro': 0.789517766216286, 'f1_micro': 0.815, 'f1_weighted': 0.8140031978836708, 'precision_macro': 0.8028949217127741, 'precision_micro': 0.815, 'precision_weighted': 0.8139889624390482, 'recall_macro': 0.7790978613114603, 'recall_micro': 0.815, 'recall_weighted': 0.815}
Validation statistic: Loss: 0.4253, dev_score: {'accuracy': 0.8773412895740096, 'balanced_accuracy': 0.8757211897286841, 'f1_macro': 0.8755943446782123, 'f1_micro': 0.8773412895740096, 'f1_weighted': 0.8773414652991662, 'precision_macro': 0.8842700668614608, 'precision_micro': 0.8773412895740096, 'precision_weighted': 0.8860222447839546, 'recall_macro': 0.8757211897286841, 'recall_micro': 0.8773412895740096, 'recall_weighted': 0.8773412895740096}
-----------------------
Epoch 38/100
Training statistic: Loss: 0.6866, train_score: {'accuracy': 0.8169, 'balanced_accuracy': 0.782211174811585, 'f1_macro': 0.7905995222601314, 'f1_micro': 0.8169, 'f1_weighted': 0.8150030687329614, 'precision_macro': 0.8023355515062874, 'precision_micro': 0.8169, 'precision_weighted': 0.8150220634799578, 'recall_macro': 0.782211174811585, 'recall_micro': 0.8169, 'recall_weighted': 0.8169}
Validation statistic: Loss: 0.4194, dev_score: {'accuracy': 0.8809878998839715, 'balanced_accuracy': 0.8794978440424378, 'f1_macro': 0.879293882435288, 'f1_micro': 0.8809878998839715, 'f1_weighted': 0.8810422160628861, 'precision_macro': 0.8888619234403532, 'precision_micro': 0.8809878998839715, 'precision_weighted': 0.8907267495909656, 'recall_macro': 0.8794978440424378, 'recall_micro': 0.8809878998839715, 'recall_weighted': 0.8809878998839715}
-----------------------
Epoch 39/100
Training statistic: Loss: 0.6869, train_score: {'accuracy': 0.81845, 'balanced_accuracy': 0.780522160419886, 'f1_macro': 0.7924090426927225, 'f1_micro': 0.81845, 'f1_weighted': 0.8171135980708136, 'precision_macro': 0.8082204825778071, 'precision_micro': 0.81845, 'precision_weighted': 0.817419043451902, 'recall_macro': 0.780522160419886, 'recall_micro': 0.81845, 'recall_weighted': 0.81845}
Validation statistic: Loss: 0.4107, dev_score: {'accuracy': 0.884303000165755, 'balanced_accuracy': 0.882978978604793, 'f1_macro': 0.8829597381211762, 'f1_micro': 0.884303000165755, 'f1_weighted': 0.8845696642221347, 'precision_macro': 0.8915691086946765, 'precision_micro': 0.884303000165755, 'precision_weighted': 0.8933974870835384, 'recall_macro': 0.882978978604793, 'recall_micro': 0.884303000165755, 'recall_weighted': 0.884303000165755}
Saving model...
Model saved!
-------------------------------------------
-----------------------
Epoch 40/100
Training statistic: Loss: 0.6804, train_score: {'accuracy': 0.82186, 'balanced_accuracy': 0.7860660966454248, 'f1_macro': 0.7961605545580144, 'f1_micro': 0.82186, 'f1_weighted': 0.8198947178920517, 'precision_macro': 0.8103022260836441, 'precision_micro': 0.82186, 'precision_weighted': 0.820021792207416, 'recall_macro': 0.7860660966454248, 'recall_micro': 0.82186, 'recall_weighted': 0.82186}
Validation statistic: Loss: 0.4076, dev_score: {'accuracy': 0.8839714901375767, 'balanced_accuracy': 0.8822227690140132, 'f1_macro': 0.8821014488921941, 'f1_micro': 0.8839714901375767, 'f1_weighted': 0.8839538433688784, 'precision_macro': 0.8905743250321718, 'precision_micro': 0.8839714901375767, 'precision_weighted': 0.8923907537168826, 'recall_macro': 0.8822227690140132, 'recall_micro': 0.8839714901375767, 'recall_weighted': 0.8839714901375767}
Saving model...
Model saved!
-------------------------------------------
-----------------------
Epoch 41/100
Training statistic: Loss: 0.6723, train_score: {'accuracy': 0.82434, 'balanced_accuracy': 0.7854415460092299, 'f1_macro': 0.7982900927804696, 'f1_micro': 0.82434, 'f1_weighted': 0.8227119088266996, 'precision_macro': 0.8161656531572484, 'precision_micro': 0.82434, 'precision_weighted': 0.822971231509585, 'recall_macro': 0.7854415460092299, 'recall_micro': 0.82434, 'recall_weighted': 0.82434}
Validation statistic: Loss: 0.4063, dev_score: {'accuracy': 0.8839714901375767, 'balanced_accuracy': 0.8828582870182142, 'f1_macro': 0.8826629275597003, 'f1_micro': 0.8839714901375767, 'f1_weighted': 0.8842690533466652, 'precision_macro': 0.8906475518837954, 'precision_micro': 0.8839714901375767, 'precision_weighted': 0.8926834723640922, 'recall_macro': 0.8828582870182142, 'recall_micro': 0.8839714901375767, 'recall_weighted': 0.8839714901375767}
Saving model...
Model saved!
-------------------------------------------
-----------------------
Epoch 42/100
Training statistic: Loss: 0.6718, train_score: {'accuracy': 0.82521, 'balanced_accuracy': 0.790973021987454, 'f1_macro': 0.7998410867156507, 'f1_micro': 0.82521, 'f1_weighted': 0.8238194143236361, 'precision_macro': 0.8118104245625253, 'precision_micro': 0.82521, 'precision_weighted': 0.8239880414338906, 'recall_macro': 0.790973021987454, 'recall_micro': 0.82521, 'recall_weighted': 0.82521}
Validation statistic: Loss: 0.4084, dev_score: {'accuracy': 0.8838057351234875, 'balanced_accuracy': 0.88234443634568, 'f1_macro': 0.8820068039891649, 'f1_micro': 0.8838057351234875, 'f1_weighted': 0.8837514287367216, 'precision_macro': 0.8893836275757655, 'precision_micro': 0.8838057351234875, 'precision_weighted': 0.8913200321099892, 'recall_macro': 0.88234443634568, 'recall_micro': 0.8838057351234875, 'recall_weighted': 0.8838057351234875}
-----------------------
Epoch 43/100
Training statistic: Loss: 0.6716, train_score: {'accuracy': 0.82485, 'balanced_accuracy': 0.7913541707719446, 'f1_macro': 0.7999487504180365, 'f1_micro': 0.82485, 'f1_weighted': 0.8236940546572553, 'precision_macro': 0.8111267124168343, 'precision_micro': 0.82485, 'precision_weighted': 0.8238327957479248, 'recall_macro': 0.7913541707719446, 'recall_micro': 0.82485, 'recall_weighted': 0.82485}
Validation statistic: Loss: 0.4011, dev_score: {'accuracy': 0.8838057351234875, 'balanced_accuracy': 0.8821131097272005, 'f1_macro': 0.8820141168881263, 'f1_micro': 0.8838057351234875, 'f1_weighted': 0.8838150760520851, 'precision_macro': 0.8904493649396681, 'precision_micro': 0.8838057351234875, 'precision_weighted': 0.8922423329224844, 'recall_macro': 0.8821131097272005, 'recall_micro': 0.8838057351234875, 'recall_weighted': 0.8838057351234875}
Saving model...
Model saved!
-------------------------------------------
-----------------------
Epoch 44/100
Training statistic: Loss: 0.6624, train_score: {'accuracy': 0.8291, 'balanced_accuracy': 0.7952867783977728, 'f1_macro': 0.8047275550800116, 'f1_micro': 0.8291, 'f1_weighted': 0.8274886495917401, 'precision_macro': 0.8170301568381128, 'precision_micro': 0.8291, 'precision_weighted': 0.8277860944071079, 'recall_macro': 0.7952867783977728, 'recall_micro': 0.8291, 'recall_weighted': 0.8291}
Validation statistic: Loss: 0.4006, dev_score: {'accuracy': 0.8836399801093983, 'balanced_accuracy': 0.8818563703123402, 'f1_macro': 0.88181616233872, 'f1_micro': 0.8836399801093983, 'f1_weighted': 0.8836148862909508, 'precision_macro': 0.8904765935013522, 'precision_micro': 0.8836399801093983, 'precision_weighted': 0.8921254179310898, 'recall_macro': 0.8818563703123402, 'recall_micro': 0.8836399801093983, 'recall_weighted': 0.8836399801093983}
Saving model...
Model saved!
-------------------------------------------
-----------------------
Epoch 45/100
Training statistic: Loss: 0.6576, train_score: {'accuracy': 0.83037, 'balanced_accuracy': 0.7978527239164686, 'f1_macro': 0.8063862796319203, 'f1_micro': 0.83037, 'f1_weighted': 0.8296259596436183, 'precision_macro': 0.8174903459598839, 'precision_micro': 0.83037, 'precision_weighted': 0.8302367722869946, 'recall_macro': 0.7978527239164686, 'recall_micro': 0.83037, 'recall_weighted': 0.83037}
Validation statistic: Loss: 0.4074, dev_score: {'accuracy': 0.8829769600530416, 'balanced_accuracy': 0.8811340893027699, 'f1_macro': 0.8809404219463334, 'f1_micro': 0.8829769600530416, 'f1_weighted': 0.8827460716607541, 'precision_macro': 0.8909544533505273, 'precision_micro': 0.8829769600530416, 'precision_weighted': 0.8925458619377754, 'recall_macro': 0.8811340893027699, 'recall_micro': 0.8829769600530416, 'recall_weighted': 0.8829769600530416}
-----------------------
Epoch 46/100
Training statistic: Loss: 0.6464, train_score: {'accuracy': 0.83289, 'balanced_accuracy': 0.7998256198945922, 'f1_macro': 0.8096344965692751, 'f1_micro': 0.83289, 'f1_weighted': 0.8314290811479963, 'precision_macro': 0.8216947224706667, 'precision_micro': 0.83289, 'precision_weighted': 0.8311156211639856, 'recall_macro': 0.7998256198945922, 'recall_micro': 0.83289, 'recall_weighted': 0.83289}
Validation statistic: Loss: 0.4023, dev_score: {'accuracy': 0.8814851649262391, 'balanced_accuracy': 0.8794567479775474, 'f1_macro': 0.8791137172843287, 'f1_micro': 0.8814851649262391, 'f1_weighted': 0.8811649391725759, 'precision_macro': 0.8890426406943523, 'precision_micro': 0.8814851649262391, 'precision_weighted': 0.8909263975044385, 'recall_macro': 0.8794567479775474, 'recall_micro': 0.8814851649262391, 'recall_weighted': 0.8814851649262391}
-----------------------
Epoch 47/100
Training statistic: Loss: 0.6516, train_score: {'accuracy': 0.83353, 'balanced_accuracy': 0.8029033418219956, 'f1_macro': 0.8099730535913023, 'f1_micro': 0.83353, 'f1_weighted': 0.8328882689715373, 'precision_macro': 0.8192548409491904, 'precision_micro': 0.83353, 'precision_weighted': 0.8333504289870072, 'recall_macro': 0.8029033418219956, 'recall_micro': 0.83353, 'recall_weighted': 0.83353}
Validation statistic: Loss: 0.4045, dev_score: {'accuracy': 0.8816509199403282, 'balanced_accuracy': 0.8800389783822011, 'f1_macro': 0.879823626192809, 'f1_micro': 0.8816509199403282, 'f1_weighted': 0.8816344839641294, 'precision_macro': 0.8902229184838433, 'precision_micro': 0.8816509199403282, 'precision_weighted': 0.8921376426929052, 'recall_macro': 0.8800389783822011, 'recall_micro': 0.8816509199403282, 'recall_weighted': 0.8816509199403282}
-----------------------
Epoch 48/100
Training statistic: Loss: 0.6373, train_score: {'accuracy': 0.8355, 'balanced_accuracy': 0.8017912869055668, 'f1_macro': 0.8104380848030346, 'f1_micro': 0.8355, 'f1_weighted': 0.8335122180259823, 'precision_macro': 0.8226164167031458, 'precision_micro': 0.8355, 'precision_weighted': 0.8337521150309841, 'recall_macro': 0.8017912869055668, 'recall_micro': 0.8355, 'recall_weighted': 0.8355}
Validation statistic: Loss: 0.3990, dev_score: {'accuracy': 0.8831427150671308, 'balanced_accuracy': 0.8814633969660539, 'f1_macro': 0.8813070852612256, 'f1_micro': 0.8831427150671308, 'f1_weighted': 0.8831193733486107, 'precision_macro': 0.8914100969873029, 'precision_micro': 0.8831427150671308, 'precision_weighted': 0.8931827394230193, 'recall_macro': 0.8814633969660539, 'recall_micro': 0.8831427150671308, 'recall_weighted': 0.8831427150671308}
Saving model...
Model saved!
-------------------------------------------
-----------------------
Epoch 49/100
Training statistic: Loss: 0.6482, train_score: {'accuracy': 0.83599, 'balanced_accuracy': 0.8019328984771885, 'f1_macro': 0.812576555959913, 'f1_micro': 0.83599, 'f1_weighted': 0.8348363721792597, 'precision_macro': 0.8257659781870295, 'precision_micro': 0.83599, 'precision_weighted': 0.834891747510297, 'recall_macro': 0.8019328984771885, 'recall_micro': 0.83599, 'recall_weighted': 0.83599}
Validation statistic: Loss: 0.3951, dev_score: {'accuracy': 0.887120835405271, 'balanced_accuracy': 0.885491168707938, 'f1_macro': 0.8856882447285944, 'f1_micro': 0.887120835405271, 'f1_weighted': 0.8874191226114366, 'precision_macro': 0.894351782027813, 'precision_micro': 0.887120835405271, 'precision_weighted': 0.8960724546182236, 'recall_macro': 0.885491168707938, 'recall_micro': 0.887120835405271, 'recall_weighted': 0.887120835405271}
Saving model...
Model saved!
-------------------------------------------
-----------------------
Epoch 50/100
Training statistic: Loss: 0.6365, train_score: {'accuracy': 0.83935, 'balanced_accuracy': 0.8074999480067128, 'f1_macro': 0.8154666462260739, 'f1_micro': 0.83935, 'f1_weighted': 0.8377406006903219, 'precision_macro': 0.826871318658269, 'precision_micro': 0.83935, 'precision_weighted': 0.8379476805432376, 'recall_macro': 0.8074999480067128, 'recall_micro': 0.83935, 'recall_weighted': 0.83935}
Validation statistic: Loss: 0.3919, dev_score: {'accuracy': 0.8891098955743412, 'balanced_accuracy': 0.8871740636715391, 'f1_macro': 0.8869849465595196, 'f1_micro': 0.8891098955743412, 'f1_weighted': 0.888808832453399, 'precision_macro': 0.8956265871783892, 'precision_micro': 0.8891098955743412, 'precision_weighted': 0.8971694963443161, 'recall_macro': 0.8871740636715391, 'recall_micro': 0.8891098955743412, 'recall_weighted': 0.8891098955743412}
Saving model...
Model saved!
-------------------------------------------
-----------------------
Epoch 51/100
Training statistic: Loss: 0.6358, train_score: {'accuracy': 0.83952, 'balanced_accuracy': 0.809641033140332, 'f1_macro': 0.8163738732731831, 'f1_micro': 0.83952, 'f1_weighted': 0.8378470535989174, 'precision_macro': 0.8258597108971818, 'precision_micro': 0.83952, 'precision_weighted': 0.8378441002063652, 'recall_macro': 0.809641033140332, 'recall_micro': 0.83952, 'recall_weighted': 0.83952}
Validation statistic: Loss: 0.3893, dev_score: {'accuracy': 0.8894414056025195, 'balanced_accuracy': 0.8877950898269484, 'f1_macro': 0.8876289898003668, 'f1_micro': 0.8894414056025195, 'f1_weighted': 0.8892196258648695, 'precision_macro': 0.8954590084468673, 'precision_micro': 0.8894414056025195, 'precision_weighted': 0.8968642639246245, 'recall_macro': 0.8877950898269484, 'recall_micro': 0.8894414056025195, 'recall_weighted': 0.8894414056025195}
Saving model...
Model saved!
-------------------------------------------
-----------------------
Epoch 52/100
Training statistic: Loss: 0.6229, train_score: {'accuracy': 0.84149, 'balanced_accuracy': 0.8098235089350577, 'f1_macro': 0.8188292286739811, 'f1_micro': 0.84149, 'f1_weighted': 0.8401749786029828, 'precision_macro': 0.8296518347605188, 'precision_micro': 0.84149, 'precision_weighted': 0.8398201895788603, 'recall_macro': 0.8098235089350577, 'recall_micro': 0.84149, 'recall_weighted': 0.84149}
Validation statistic: Loss: 0.3877, dev_score: {'accuracy': 0.8877838554616277, 'balanced_accuracy': 0.8863188528440489, 'f1_macro': 0.8863397180862389, 'f1_micro': 0.8877838554616277, 'f1_weighted': 0.8878951500368951, 'precision_macro': 0.8952520360260413, 'precision_micro': 0.8877838554616277, 'precision_weighted': 0.8967490633798613, 'recall_macro': 0.8863188528440489, 'recall_micro': 0.8877838554616277, 'recall_weighted': 0.8877838554616277}
Saving model...
Model saved!
-------------------------------------------
-----------------------
Epoch 53/100
Training statistic: Loss: 0.6267, train_score: {'accuracy': 0.83987, 'balanced_accuracy': 0.8124594774330504, 'f1_macro': 0.8176810203027008, 'f1_micro': 0.83987, 'f1_weighted': 0.8382597176626931, 'precision_macro': 0.8255303000214094, 'precision_micro': 0.83987, 'precision_weighted': 0.8388251453255349, 'recall_macro': 0.8124594774330504, 'recall_micro': 0.83987, 'recall_weighted': 0.83987}
Validation statistic: Loss: 0.3850, dev_score: {'accuracy': 0.886126305320736, 'balanced_accuracy': 0.884377406086462, 'f1_macro': 0.8844283610177934, 'f1_micro': 0.886126305320736, 'f1_weighted': 0.8860744128256629, 'precision_macro': 0.8941072127065921, 'precision_micro': 0.886126305320736, 'precision_weighted': 0.8954723417141675, 'recall_macro': 0.884377406086462, 'recall_micro': 0.886126305320736, 'recall_weighted': 0.886126305320736}
Saving model...
Model saved!
-------------------------------------------
-----------------------
Epoch 54/100
Training statistic: Loss: 0.6252, train_score: {'accuracy': 0.84392, 'balanced_accuracy': 0.8149335117302842, 'f1_macro': 0.820552082593464, 'f1_micro': 0.84392, 'f1_weighted': 0.8426792716586426, 'precision_macro': 0.8281358027562413, 'precision_micro': 0.84392, 'precision_weighted': 0.8426638638866927, 'recall_macro': 0.8149335117302842, 'recall_micro': 0.84392, 'recall_weighted': 0.84392}
Validation statistic: Loss: 0.3911, dev_score: {'accuracy': 0.8857947952925576, 'balanced_accuracy': 0.8841971201975196, 'f1_macro': 0.8842737988738174, 'f1_micro': 0.8857947952925576, 'f1_weighted': 0.8858722077152271, 'precision_macro': 0.8936503710105421, 'precision_micro': 0.8857947952925576, 'precision_weighted': 0.8950894955185669, 'recall_macro': 0.8841971201975196, 'recall_micro': 0.8857947952925576, 'recall_weighted': 0.8857947952925576}
-----------------------
Epoch 55/100
Training statistic: Loss: 0.6225, train_score: {'accuracy': 0.8459, 'balanced_accuracy': 0.8203927306290172, 'f1_macro': 0.8251313566768189, 'f1_micro': 0.8459, 'f1_weighted': 0.8450863904135695, 'precision_macro': 0.831173964341336, 'precision_micro': 0.8459, 'precision_weighted': 0.8451650515488122, 'recall_macro': 0.8203927306290172, 'recall_micro': 0.8459, 'recall_weighted': 0.8459}
Validation statistic: Loss: 0.3851, dev_score: {'accuracy': 0.8882811205038953, 'balanced_accuracy': 0.8867046790808683, 'f1_macro': 0.887118366887856, 'f1_micro': 0.8882811205038953, 'f1_weighted': 0.8885809189578564, 'precision_macro': 0.8964623124385398, 'precision_micro': 0.8882811205038953, 'precision_weighted': 0.897698718681887, 'recall_macro': 0.8867046790808683, 'recall_micro': 0.8882811205038953, 'recall_weighted': 0.8882811205038953}
-----------------------
Epoch 56/100
Training statistic: Loss: 0.6161, train_score: {'accuracy': 0.84474, 'balanced_accuracy': 0.8105927713676913, 'f1_macro': 0.8223253395880151, 'f1_micro': 0.84474, 'f1_weighted': 0.8430002242943964, 'precision_macro': 0.8388771048171906, 'precision_micro': 0.84474, 'precision_weighted': 0.844049652055631, 'recall_macro': 0.8105927713676913, 'recall_micro': 0.84474, 'recall_weighted': 0.84474}
Validation statistic: Loss: 0.3923, dev_score: {'accuracy': 0.8829769600530416, 'balanced_accuracy': 0.8816891220941085, 'f1_macro': 0.8816907626780907, 'f1_micro': 0.8829769600530416, 'f1_weighted': 0.8832428627300538, 'precision_macro': 0.8919703820360709, 'precision_micro': 0.8829769600530416, 'precision_weighted': 0.8936689595760753, 'recall_macro': 0.8816891220941085, 'recall_micro': 0.8829769600530416, 'recall_weighted': 0.8829769600530416}
-----------------------
Epoch 57/100
Training statistic: Loss: 0.6175, train_score: {'accuracy': 0.8473, 'balanced_accuracy': 0.8186018947843265, 'f1_macro': 0.825649397232494, 'f1_micro': 0.8473, 'f1_weighted': 0.8465653453257669, 'precision_macro': 0.8348657610716866, 'precision_micro': 0.8473, 'precision_weighted': 0.8472088806728384, 'recall_macro': 0.8186018947843265, 'recall_micro': 0.8473, 'recall_weighted': 0.8473}
Validation statistic: Loss: 0.3941, dev_score: {'accuracy': 0.8844687551798441, 'balanced_accuracy': 0.8829101340899923, 'f1_macro': 0.8829391264312146, 'f1_micro': 0.8844687551798441, 'f1_weighted': 0.8846837016991301, 'precision_macro': 0.8929791212416374, 'precision_micro': 0.8844687551798441, 'precision_weighted': 0.8947787591088212, 'recall_macro': 0.8829101340899923, 'recall_micro': 0.8844687551798441, 'recall_weighted': 0.8844687551798441}
-----------------------
Epoch 58/100
Training statistic: Loss: 0.6081, train_score: {'accuracy': 0.84783, 'balanced_accuracy': 0.8227550638631944, 'f1_macro': 0.8275310558326157, 'f1_micro': 0.84783, 'f1_weighted': 0.847318296252395, 'precision_macro': 0.833338898737739, 'precision_micro': 0.84783, 'precision_weighted': 0.847840300088941, 'recall_macro': 0.8227550638631944, 'recall_micro': 0.84783, 'recall_weighted': 0.84783}
Validation statistic: Loss: 0.3798, dev_score: {'accuracy': 0.886126305320736, 'balanced_accuracy': 0.884632571065004, 'f1_macro': 0.884719055566824, 'f1_micro': 0.886126305320736, 'f1_weighted': 0.8862583464073355, 'precision_macro': 0.893936891167705, 'precision_micro': 0.886126305320736, 'precision_weighted': 0.8954041988773207, 'recall_macro': 0.884632571065004, 'recall_micro': 0.886126305320736, 'recall_weighted': 0.886126305320736}
Saving model...
Model saved!
-------------------------------------------
-----------------------
Epoch 59/100
Training statistic: Loss: 0.6064, train_score: {'accuracy': 0.84975, 'balanced_accuracy': 0.8215085036577765, 'f1_macro': 0.8291580354501866, 'f1_micro': 0.84975, 'f1_weighted': 0.8485090522457127, 'precision_macro': 0.8392868067215851, 'precision_micro': 0.84975, 'precision_weighted': 0.8488227140318385, 'recall_macro': 0.8215085036577765, 'recall_micro': 0.84975, 'recall_weighted': 0.84975}
Validation statistic: Loss: 0.3821, dev_score: {'accuracy': 0.8892756505884303, 'balanced_accuracy': 0.8876742049474652, 'f1_macro': 0.8877123768098383, 'f1_micro': 0.8892756505884303, 'f1_weighted': 0.8892984648583503, 'precision_macro': 0.8958799168697918, 'precision_micro': 0.8892756505884303, 'precision_weighted': 0.8973110096141523, 'recall_macro': 0.8876742049474652, 'recall_micro': 0.8892756505884303, 'recall_weighted': 0.8892756505884303}
-----------------------
Epoch 60/100
Training statistic: Loss: 0.5964, train_score: {'accuracy': 0.85205, 'balanced_accuracy': 0.8243603734205383, 'f1_macro': 0.8297861276167948, 'f1_micro': 0.85205, 'f1_weighted': 0.850648327277901, 'precision_macro': 0.8382649867364125, 'precision_micro': 0.85205, 'precision_weighted': 0.8511186139919598, 'recall_macro': 0.8243603734205383, 'recall_micro': 0.85205, 'recall_weighted': 0.85205}
Validation statistic: Loss: 0.3779, dev_score: {'accuracy': 0.890933200729322, 'balanced_accuracy': 0.889355716593111, 'f1_macro': 0.8892581168760231, 'f1_micro': 0.890933200729322, 'f1_weighted': 0.8909218273713453, 'precision_macro': 0.8972446978752311, 'precision_micro': 0.890933200729322, 'precision_weighted': 0.8988747802290885, 'recall_macro': 0.889355716593111, 'recall_micro': 0.890933200729322, 'recall_weighted': 0.890933200729322}
Saving model...
Model saved!
-------------------------------------------
-----------------------
Epoch 61/100
Training statistic: Loss: 0.5970, train_score: {'accuracy': 0.85111, 'balanced_accuracy': 0.8188661828264173, 'f1_macro': 0.8293716613986334, 'f1_micro': 0.85111, 'f1_weighted': 0.8499711230707772, 'precision_macro': 0.8432928226621913, 'precision_micro': 0.85111, 'precision_weighted': 0.8506396150813555, 'recall_macro': 0.8188661828264173, 'recall_micro': 0.85111, 'recall_weighted': 0.85111}
Validation statistic: Loss: 0.3912, dev_score: {'accuracy': 0.8848002652080226, 'balanced_accuracy': 0.8833266310523049, 'f1_macro': 0.8830730831893367, 'f1_micro': 0.8848002652080226, 'f1_weighted': 0.8847600498302234, 'precision_macro': 0.8921921253195901, 'precision_micro': 0.8848002652080226, 'precision_weighted': 0.8939348730229049, 'recall_macro': 0.8833266310523049, 'recall_micro': 0.8848002652080226, 'recall_weighted': 0.8848002652080226}
-----------------------
Epoch 62/100
Training statistic: Loss: 0.5965, train_score: {'accuracy': 0.85375, 'balanced_accuracy': 0.821567864752471, 'f1_macro': 0.8320640860553444, 'f1_micro': 0.85375, 'f1_weighted': 0.8524031171592348, 'precision_macro': 0.8456808925223, 'precision_micro': 0.85375, 'precision_weighted': 0.8528967171855367, 'recall_macro': 0.821567864752471, 'recall_micro': 0.85375, 'recall_weighted': 0.85375}
Validation statistic: Loss: 0.3894, dev_score: {'accuracy': 0.8862920603348251, 'balanced_accuracy': 0.8848132679389298, 'f1_macro': 0.8847141665761444, 'f1_micro': 0.8862920603348251, 'f1_weighted': 0.8863481453313834, 'precision_macro': 0.8931308193503129, 'precision_micro': 0.8862920603348251, 'precision_weighted': 0.8947934242107559, 'recall_macro': 0.8848132679389298, 'recall_micro': 0.8862920603348251, 'recall_weighted': 0.8862920603348251}
-----------------------
Epoch 63/100
Training statistic: Loss: 0.5811, train_score: {'accuracy': 0.85957, 'balanced_accuracy': 0.8327271190060601, 'f1_macro': 0.8388530317701093, 'f1_micro': 0.85957, 'f1_weighted': 0.8585408059960654, 'precision_macro': 0.846407535804542, 'precision_micro': 0.85957, 'precision_weighted': 0.8583640410078145, 'recall_macro': 0.8327271190060601, 'recall_micro': 0.85957, 'recall_weighted': 0.85957}
Validation statistic: Loss: 0.3774, dev_score: {'accuracy': 0.8891098955743412, 'balanced_accuracy': 0.887615097965802, 'f1_macro': 0.8876446281580865, 'f1_micro': 0.8891098955743412, 'f1_weighted': 0.8891772071301427, 'precision_macro': 0.8957945408910835, 'precision_micro': 0.8891098955743412, 'precision_weighted': 0.8972220805212625, 'recall_macro': 0.887615097965802, 'recall_micro': 0.8891098955743412, 'recall_weighted': 0.8891098955743412}
Saving model...
Model saved!
-------------------------------------------
-----------------------
Epoch 64/100
Training statistic: Loss: 0.5856, train_score: {'accuracy': 0.85854, 'balanced_accuracy': 0.8287860668304834, 'f1_macro': 0.8376160023925594, 'f1_micro': 0.85854, 'f1_weighted': 0.8577569483745878, 'precision_macro': 0.8488020544824222, 'precision_micro': 0.85854, 'precision_weighted': 0.8578797127157376, 'recall_macro': 0.8287860668304834, 'recall_micro': 0.85854, 'recall_weighted': 0.85854}
Validation statistic: Loss: 0.3848, dev_score: {'accuracy': 0.886126305320736, 'balanced_accuracy': 0.884704013092839, 'f1_macro': 0.8847013935942192, 'f1_micro': 0.886126305320736, 'f1_weighted': 0.8862840256167291, 'precision_macro': 0.8931906142212439, 'precision_micro': 0.886126305320736, 'precision_weighted': 0.8948089817575233, 'recall_macro': 0.884704013092839, 'recall_micro': 0.886126305320736, 'recall_weighted': 0.886126305320736}
-----------------------
Epoch 65/100
Training statistic: Loss: 0.5872, train_score: {'accuracy': 0.85612, 'balanced_accuracy': 0.8332795247510918, 'f1_macro': 0.8368030749151251, 'f1_micro': 0.85612, 'f1_weighted': 0.8557872885701288, 'precision_macro': 0.8408209717955357, 'precision_micro': 0.85612, 'precision_weighted': 0.8558976245992215, 'recall_macro': 0.8332795247510918, 'recall_micro': 0.85612, 'recall_weighted': 0.85612}
Validation statistic: Loss: 0.3745, dev_score: {'accuracy': 0.8910989557434112, 'balanced_accuracy': 0.8897954292998531, 'f1_macro': 0.8896416311353388, 'f1_micro': 0.8910989557434112, 'f1_weighted': 0.8911966360861199, 'precision_macro': 0.8960181294593544, 'precision_micro': 0.8910989557434112, 'precision_weighted': 0.8977354979983758, 'recall_macro': 0.8897954292998531, 'recall_micro': 0.8910989557434112, 'recall_weighted': 0.8910989557434112}
Saving model...
Model saved!
-------------------------------------------
-----------------------
Epoch 66/100
Training statistic: Loss: 0.5869, train_score: {'accuracy': 0.86131, 'balanced_accuracy': 0.8320484543024967, 'f1_macro': 0.8414068824213545, 'f1_micro': 0.86131, 'f1_weighted': 0.8604888435020196, 'precision_macro': 0.8531567964055551, 'precision_micro': 0.86131, 'precision_weighted': 0.8608288440141754, 'recall_macro': 0.8320484543024967, 'recall_micro': 0.86131, 'recall_weighted': 0.86131}
Validation statistic: Loss: 0.3785, dev_score: {'accuracy': 0.8901044256588762, 'balanced_accuracy': 0.88871509010568, 'f1_macro': 0.8885259431961121, 'f1_micro': 0.8901044256588762, 'f1_weighted': 0.8902090343390416, 'precision_macro': 0.8967039373914003, 'precision_micro': 0.8901044256588762, 'precision_weighted': 0.898573308216956, 'recall_macro': 0.88871509010568, 'recall_micro': 0.8901044256588762, 'recall_weighted': 0.8901044256588762}
-----------------------
Epoch 67/100
Training statistic: Loss: 0.5804, train_score: {'accuracy': 0.85915, 'balanced_accuracy': 0.8324367218695116, 'f1_macro': 0.8397685181288213, 'f1_micro': 0.85915, 'f1_weighted': 0.8583705444972543, 'precision_macro': 0.8490544537079545, 'precision_micro': 0.85915, 'precision_weighted': 0.8587028020010631, 'recall_macro': 0.8324367218695116, 'recall_micro': 0.85915, 'recall_weighted': 0.85915}
Validation statistic: Loss: 0.3743, dev_score: {'accuracy': 0.8902701806729654, 'balanced_accuracy': 0.8889462225001242, 'f1_macro': 0.8888918782004845, 'f1_micro': 0.8902701806729654, 'f1_weighted': 0.8905935648975238, 'precision_macro': 0.8974165967980534, 'precision_micro': 0.8902701806729654, 'precision_weighted': 0.8993763345032952, 'recall_macro': 0.8889462225001242, 'recall_micro': 0.8902701806729654, 'recall_weighted': 0.8902701806729654}
Saving model...
Model saved!
-------------------------------------------
-----------------------
Epoch 68/100
Training statistic: Loss: 0.5776, train_score: {'accuracy': 0.86459, 'balanced_accuracy': 0.8390452405266797, 'f1_macro': 0.8458410371430556, 'f1_micro': 0.86459, 'f1_weighted': 0.8639699036089653, 'precision_macro': 0.8542477013737164, 'precision_micro': 0.86459, 'precision_weighted': 0.86435327953393, 'recall_macro': 0.8390452405266797, 'recall_micro': 0.86459, 'recall_weighted': 0.86459}
Validation statistic: Loss: 0.3750, dev_score: {'accuracy': 0.8884468755179844, 'balanced_accuracy': 0.8869926969365514, 'f1_macro': 0.88693528420888, 'f1_micro': 0.8884468755179844, 'f1_weighted': 0.88852578257802, 'precision_macro': 0.8952886587754729, 'precision_micro': 0.8884468755179844, 'precision_weighted': 0.896908309633733, 'recall_macro': 0.8869926969365514, 'recall_micro': 0.8884468755179844, 'recall_weighted': 0.8884468755179844}
-----------------------
Epoch 69/100
Training statistic: Loss: 0.5708, train_score: {'accuracy': 0.86412, 'balanced_accuracy': 0.8401794781561472, 'f1_macro': 0.8443250585390414, 'f1_micro': 0.86412, 'f1_weighted': 0.8636250177651656, 'precision_macro': 0.8493593489337717, 'precision_micro': 0.86412, 'precision_weighted': 0.8639190737987011, 'recall_macro': 0.8401794781561472, 'recall_micro': 0.86412, 'recall_weighted': 0.86412}
Validation statistic: Loss: 0.3723, dev_score: {'accuracy': 0.8919277308138571, 'balanced_accuracy': 0.8906998566975165, 'f1_macro': 0.8904821931326301, 'f1_micro': 0.8919277308138571, 'f1_weighted': 0.8919747844051296, 'precision_macro': 0.8972335780046536, 'precision_micro': 0.8919277308138571, 'precision_weighted': 0.8989415280159737, 'recall_macro': 0.8906998566975165, 'recall_micro': 0.8919277308138571, 'recall_weighted': 0.8919277308138571}
Saving model...
Model saved!
-------------------------------------------
-----------------------
Epoch 70/100
Training statistic: Loss: 0.5682, train_score: {'accuracy': 0.86529, 'balanced_accuracy': 0.8398506954079699, 'f1_macro': 0.8466554265899259, 'f1_micro': 0.86529, 'f1_weighted': 0.8645435544363183, 'precision_macro': 0.8546945709240683, 'precision_micro': 0.86529, 'precision_weighted': 0.8646486107255184, 'recall_macro': 0.8398506954079699, 'recall_micro': 0.86529, 'recall_weighted': 0.86529}
Validation statistic: Loss: 0.3685, dev_score: {'accuracy': 0.8915962207856788, 'balanced_accuracy': 0.8903515613796161, 'f1_macro': 0.8902058804732922, 'f1_micro': 0.8915962207856788, 'f1_weighted': 0.8916941598534194, 'precision_macro': 0.8970342332579209, 'precision_micro': 0.8915962207856788, 'precision_weighted': 0.8986433897153039, 'recall_macro': 0.8903515613796161, 'recall_micro': 0.8915962207856788, 'recall_weighted': 0.8915962207856788}
Saving model...
Model saved!
-------------------------------------------
-----------------------
Epoch 71/100
Training statistic: Loss: 0.5632, train_score: {'accuracy': 0.86611, 'balanced_accuracy': 0.8425770871176301, 'f1_macro': 0.8478090369733386, 'f1_micro': 0.86611, 'f1_weighted': 0.8656578675314117, 'precision_macro': 0.8544118371258618, 'precision_micro': 0.86611, 'precision_weighted': 0.8659817853325867, 'recall_macro': 0.8425770871176301, 'recall_micro': 0.86611, 'recall_weighted': 0.86611}
Validation statistic: Loss: 0.3593, dev_score: {'accuracy': 0.8922592408420355, 'balanced_accuracy': 0.8911120438889648, 'f1_macro': 0.8911400355968674, 'f1_micro': 0.8922592408420355, 'f1_weighted': 0.8925571411539414, 'precision_macro': 0.8976347364111849, 'precision_micro': 0.8922592408420355, 'precision_weighted': 0.8992598322608282, 'recall_macro': 0.8911120438889648, 'recall_micro': 0.8922592408420355, 'recall_weighted': 0.8922592408420355}
Saving model...
Model saved!
-------------------------------------------
-----------------------
Epoch 72/100
Training statistic: Loss: 0.5630, train_score: {'accuracy': 0.86651, 'balanced_accuracy': 0.8401978023331461, 'f1_macro': 0.8479331147732176, 'f1_micro': 0.86651, 'f1_weighted': 0.8659069457778933, 'precision_macro': 0.8571342797296518, 'precision_micro': 0.86651, 'precision_weighted': 0.8662434890628075, 'recall_macro': 0.8401978023331461, 'recall_micro': 0.86651, 'recall_weighted': 0.86651}
Validation statistic: Loss: 0.3713, dev_score: {'accuracy': 0.8907674457152329, 'balanced_accuracy': 0.889742633274051, 'f1_macro': 0.889605749913885, 'f1_micro': 0.8907674457152329, 'f1_weighted': 0.8909794557498102, 'precision_macro': 0.8976459973658534, 'precision_micro': 0.8907674457152329, 'precision_weighted': 0.8992428105286355, 'recall_macro': 0.889742633274051, 'recall_micro': 0.8907674457152329, 'recall_weighted': 0.8907674457152329}
-----------------------
Epoch 73/100
Training statistic: Loss: 0.5534, train_score: {'accuracy': 0.87108, 'balanced_accuracy': 0.8422857365069006, 'f1_macro': 0.8512364550816859, 'f1_micro': 0.87108, 'f1_weighted': 0.8702466888871693, 'precision_macro': 0.862832761296249, 'precision_micro': 0.87108, 'precision_weighted': 0.8704270368214025, 'recall_macro': 0.8422857365069006, 'recall_micro': 0.87108, 'recall_weighted': 0.87108}
Validation statistic: Loss: 0.3689, dev_score: {'accuracy': 0.8896071606166086, 'balanced_accuracy': 0.8886048917351989, 'f1_macro': 0.8884260778518074, 'f1_micro': 0.8896071606166086, 'f1_weighted': 0.8898562185277347, 'precision_macro': 0.8966047482563525, 'precision_micro': 0.8896071606166086, 'precision_weighted': 0.8984076704783632, 'recall_macro': 0.8886048917351989, 'recall_micro': 0.8896071606166086, 'recall_weighted': 0.8896071606166086}
-----------------------
Epoch 74/100
Training statistic: Loss: 0.5516, train_score: {'accuracy': 0.87049, 'balanced_accuracy': 0.8433072091047107, 'f1_macro': 0.8512267229549455, 'f1_micro': 0.87049, 'f1_weighted': 0.869941308656607, 'precision_macro': 0.8616995606652452, 'precision_micro': 0.87049, 'precision_weighted': 0.8703920176203986, 'recall_macro': 0.8433072091047107, 'recall_micro': 0.87049, 'recall_weighted': 0.87049}
Validation statistic: Loss: 0.3659, dev_score: {'accuracy': 0.8935852809547489, 'balanced_accuracy': 0.8925513831956833, 'f1_macro': 0.8924833117710949, 'f1_micro': 0.8935852809547489, 'f1_weighted': 0.893759851691197, 'precision_macro': 0.8995510526046662, 'precision_micro': 0.8935852809547489, 'precision_weighted': 0.9010149609255703, 'recall_macro': 0.8925513831956833, 'recall_micro': 0.8935852809547489, 'recall_weighted': 0.8935852809547489}
-----------------------
Epoch 75/100
Training statistic: Loss: 0.5535, train_score: {'accuracy': 0.8733, 'balanced_accuracy': 0.8476349578777483, 'f1_macro': 0.8548134642395755, 'f1_micro': 0.8733, 'f1_weighted': 0.8727030866430889, 'precision_macro': 0.8633208693864146, 'precision_micro': 0.8733, 'precision_weighted': 0.8727845603462093, 'recall_macro': 0.8476349578777483, 'recall_micro': 0.8733, 'recall_weighted': 0.8733}
Validation statistic: Loss: 0.3668, dev_score: {'accuracy': 0.890933200729322, 'balanced_accuracy': 0.8896129306615803, 'f1_macro': 0.8894018315328391, 'f1_micro': 0.890933200729322, 'f1_weighted': 0.8909706754578346, 'precision_macro': 0.8978165436671388, 'precision_micro': 0.890933200729322, 'precision_weighted': 0.8995294109028285, 'recall_macro': 0.8896129306615803, 'recall_micro': 0.890933200729322, 'recall_weighted': 0.890933200729322}
-----------------------
Epoch 76/100
Training statistic: Loss: 0.5443, train_score: {'accuracy': 0.87237, 'balanced_accuracy': 0.8460052287962935, 'f1_macro': 0.8541029025612643, 'f1_micro': 0.87237, 'f1_weighted': 0.8716985111950408, 'precision_macro': 0.863864274701062, 'precision_micro': 0.87237, 'precision_weighted': 0.8718978912784047, 'recall_macro': 0.8460052287962935, 'recall_micro': 0.87237, 'recall_weighted': 0.87237}
Validation statistic: Loss: 0.3642, dev_score: {'accuracy': 0.8919277308138571, 'balanced_accuracy': 0.8906601382570255, 'f1_macro': 0.8908438899961238, 'f1_micro': 0.8919277308138571, 'f1_weighted': 0.8921408804859466, 'precision_macro': 0.8993482412313805, 'precision_micro': 0.8919277308138571, 'precision_weighted': 0.9005728789213947, 'recall_macro': 0.8906601382570255, 'recall_micro': 0.8919277308138571, 'recall_weighted': 0.8919277308138571}
-----------------------
Epoch 77/100
Training statistic: Loss: 0.5394, train_score: {'accuracy': 0.87469, 'balanced_accuracy': 0.8470919746969626, 'f1_macro': 0.8557777395030909, 'f1_micro': 0.87469, 'f1_weighted': 0.8740661921118015, 'precision_macro': 0.8665772028893015, 'precision_micro': 0.87469, 'precision_weighted': 0.8747335162436197, 'recall_macro': 0.8470919746969626, 'recall_micro': 0.87469, 'recall_weighted': 0.87469}
Validation statistic: Loss: 0.3587, dev_score: {'accuracy': 0.8930880159124813, 'balanced_accuracy': 0.8919634578724276, 'f1_macro': 0.891997842801801, 'f1_micro': 0.8930880159124813, 'f1_weighted': 0.8932660616750353, 'precision_macro': 0.8996976136624932, 'precision_micro': 0.8930880159124813, 'precision_weighted': 0.9010249744797063, 'recall_macro': 0.8919634578724276, 'recall_micro': 0.8930880159124813, 'recall_weighted': 0.8930880159124813}
Saving model...
Model saved!
-------------------------------------------
-----------------------
Epoch 78/100
Training statistic: Loss: 0.5460, train_score: {'accuracy': 0.87645, 'balanced_accuracy': 0.8508933846103179, 'f1_macro': 0.8582563507076431, 'f1_micro': 0.87645, 'f1_weighted': 0.8756386570110981, 'precision_macro': 0.8671316998406702, 'precision_micro': 0.87645, 'precision_weighted': 0.8757397931346254, 'recall_macro': 0.8508933846103179, 'recall_micro': 0.87645, 'recall_weighted': 0.87645}
Validation statistic: Loss: 0.3598, dev_score: {'accuracy': 0.8922592408420355, 'balanced_accuracy': 0.8908661105756048, 'f1_macro': 0.8908912902395851, 'f1_micro': 0.8922592408420355, 'f1_weighted': 0.8923715906036697, 'precision_macro': 0.8994775746506338, 'precision_micro': 0.8922592408420355, 'precision_weighted': 0.9009312640804004, 'recall_macro': 0.8908661105756048, 'recall_micro': 0.8922592408420355, 'recall_weighted': 0.8922592408420355}
-----------------------
Epoch 79/100
Training statistic: Loss: 0.5340, train_score: {'accuracy': 0.87699, 'balanced_accuracy': 0.8490796214694936, 'f1_macro': 0.8582514750281458, 'f1_micro': 0.87699, 'f1_weighted': 0.8761516285950435, 'precision_macro': 0.8695876674342135, 'precision_micro': 0.87699, 'precision_weighted': 0.876370040745673, 'recall_macro': 0.8490796214694936, 'recall_micro': 0.87699, 'recall_weighted': 0.87699}
Validation statistic: Loss: 0.3618, dev_score: {'accuracy': 0.892756505884303, 'balanced_accuracy': 0.8914996784244051, 'f1_macro': 0.8914870475105756, 'f1_micro': 0.892756505884303, 'f1_weighted': 0.892924690315537, 'precision_macro': 0.8989278534598313, 'precision_micro': 0.892756505884303, 'precision_weighted': 0.9004377290166755, 'recall_macro': 0.8914996784244051, 'recall_micro': 0.892756505884303, 'recall_weighted': 0.892756505884303}
-----------------------
Epoch 80/100
Training statistic: Loss: 0.5438, train_score: {'accuracy': 0.87579, 'balanced_accuracy': 0.8460589621309202, 'f1_macro': 0.8569277609477235, 'f1_micro': 0.87579, 'f1_weighted': 0.8750162015398609, 'precision_macro': 0.8701144025950642, 'precision_micro': 0.87579, 'precision_weighted': 0.8754656602259044, 'recall_macro': 0.8460589621309202, 'recall_micro': 0.87579, 'recall_weighted': 0.87579}
Validation statistic: Loss: 0.3624, dev_score: {'accuracy': 0.8924249958561247, 'balanced_accuracy': 0.8912292095586298, 'f1_macro': 0.8911348211876859, 'f1_micro': 0.8924249958561247, 'f1_weighted': 0.8925527529824735, 'precision_macro': 0.8994112296604095, 'precision_micro': 0.8924249958561247, 'precision_weighted': 0.9009430012586382, 'recall_macro': 0.8912292095586298, 'recall_micro': 0.8924249958561247, 'recall_weighted': 0.8924249958561247}
-----------------------
Epoch 81/100
Training statistic: Loss: 0.5318, train_score: {'accuracy': 0.87707, 'balanced_accuracy': 0.8549446364235662, 'f1_macro': 0.8602054168934654, 'f1_micro': 0.87707, 'f1_weighted': 0.8767616219559553, 'precision_macro': 0.8664615740437496, 'precision_micro': 0.87707, 'precision_weighted': 0.8770047762521771, 'recall_macro': 0.8549446364235662, 'recall_micro': 0.87707, 'recall_weighted': 0.87707}
Validation statistic: Loss: 0.3595, dev_score: {'accuracy': 0.8929222608983922, 'balanced_accuracy': 0.891567788818518, 'f1_macro': 0.8915418463654283, 'f1_micro': 0.8929222608983922, 'f1_weighted': 0.8929863454414158, 'precision_macro': 0.8992436137423299, 'precision_micro': 0.8929222608983922, 'precision_weighted': 0.9006738890747812, 'recall_macro': 0.891567788818518, 'recall_micro': 0.8929222608983922, 'recall_weighted': 0.8929222608983922}
-----------------------
Epoch 82/100
Training statistic: Loss: 0.5250, train_score: {'accuracy': 0.88138, 'balanced_accuracy': 0.8544536134311294, 'f1_macro': 0.8634721842943357, 'f1_micro': 0.88138, 'f1_weighted': 0.8807133270828692, 'precision_macro': 0.8742605955656796, 'precision_micro': 0.88138, 'precision_weighted': 0.8809056135195459, 'recall_macro': 0.8544536134311294, 'recall_micro': 0.88138, 'recall_weighted': 0.88138}
Validation statistic: Loss: 0.3538, dev_score: {'accuracy': 0.8939167909829272, 'balanced_accuracy': 0.8928912750521928, 'f1_macro': 0.8926692156956759, 'f1_micro': 0.8939167909829272, 'f1_weighted': 0.8940577977210615, 'precision_macro': 0.8985339887893049, 'precision_micro': 0.8939167909829272, 'precision_weighted': 0.9002397144255088, 'recall_macro': 0.8928912750521928, 'recall_micro': 0.8939167909829272, 'recall_weighted': 0.8939167909829272}
Saving model...
Model saved!
-------------------------------------------
-----------------------
Epoch 83/100
Training statistic: Loss: 0.5293, train_score: {'accuracy': 0.87754, 'balanced_accuracy': 0.8484212251296283, 'f1_macro': 0.8583812254403563, 'f1_micro': 0.87754, 'f1_weighted': 0.8767620468471932, 'precision_macro': 0.8707894253851464, 'precision_micro': 0.87754, 'precision_weighted': 0.8769540979668794, 'recall_macro': 0.8484212251296283, 'recall_micro': 0.87754, 'recall_weighted': 0.87754}
Validation statistic: Loss: 0.3594, dev_score: {'accuracy': 0.8929222608983922, 'balanced_accuracy': 0.8917721858414221, 'f1_macro': 0.8917072769983692, 'f1_micro': 0.8929222608983922, 'f1_weighted': 0.8931326247073641, 'precision_macro': 0.8993414542617522, 'precision_micro': 0.8929222608983922, 'precision_weighted': 0.9009266457554218, 'recall_macro': 0.8917721858414221, 'recall_micro': 0.8929222608983922, 'recall_weighted': 0.8929222608983922}
-----------------------
Epoch 84/100
Training statistic: Loss: 0.5248, train_score: {'accuracy': 0.88248, 'balanced_accuracy': 0.8571635036523265, 'f1_macro': 0.864667923976637, 'f1_micro': 0.88248, 'f1_weighted': 0.8819271594145924, 'precision_macro': 0.8737321172575649, 'precision_micro': 0.88248, 'precision_weighted': 0.8822317287066472, 'recall_macro': 0.8571635036523265, 'recall_micro': 0.88248, 'recall_weighted': 0.88248}
Validation statistic: Loss: 0.3585, dev_score: {'accuracy': 0.8902701806729654, 'balanced_accuracy': 0.8891991864038571, 'f1_macro': 0.8892674002587002, 'f1_micro': 0.8902701806729654, 'f1_weighted': 0.8905654871561888, 'precision_macro': 0.8968385436634876, 'precision_micro': 0.8902701806729654, 'precision_weighted': 0.8982744332175578, 'recall_macro': 0.8891991864038571, 'recall_micro': 0.8902701806729654, 'recall_weighted': 0.8902701806729654}
-----------------------
Epoch 85/100
Training statistic: Loss: 0.5188, train_score: {'accuracy': 0.88216, 'balanced_accuracy': 0.861259256849257, 'f1_macro': 0.8657976177273994, 'f1_micro': 0.88216, 'f1_weighted': 0.8817492346305167, 'precision_macro': 0.8716677577772034, 'precision_micro': 0.88216, 'precision_weighted': 0.8823642995496346, 'recall_macro': 0.861259256849257, 'recall_micro': 0.88216, 'recall_weighted': 0.88216}
Validation statistic: Loss: 0.3545, dev_score: {'accuracy': 0.8929222608983922, 'balanced_accuracy': 0.8916231068100273, 'f1_macro': 0.8914307768730725, 'f1_micro': 0.8929222608983922, 'f1_weighted': 0.8928263594085241, 'precision_macro': 0.8988822032876804, 'precision_micro': 0.8929222608983922, 'precision_weighted': 0.9002847009329928, 'recall_macro': 0.8916231068100273, 'recall_micro': 0.8929222608983922, 'recall_weighted': 0.8929222608983922}
-----------------------
Epoch 86/100
Training statistic: Loss: 0.5168, train_score: {'accuracy': 0.88359, 'balanced_accuracy': 0.8546746851764769, 'f1_macro': 0.8651156690491195, 'f1_micro': 0.88359, 'f1_weighted': 0.8828072691411368, 'precision_macro': 0.8785859920161432, 'precision_micro': 0.88359, 'precision_weighted': 0.8833580176603053, 'recall_macro': 0.8546746851764769, 'recall_micro': 0.88359, 'recall_weighted': 0.88359}
Validation statistic: Loss: 0.3584, dev_score: {'accuracy': 0.8939167909829272, 'balanced_accuracy': 0.8928220114618102, 'f1_macro': 0.8927914260610195, 'f1_micro': 0.8939167909829272, 'f1_weighted': 0.8941500075941304, 'precision_macro': 0.9001903602607138, 'precision_micro': 0.8939167909829272, 'precision_weighted': 0.9017332184634549, 'recall_macro': 0.8928220114618102, 'recall_micro': 0.8939167909829272, 'recall_weighted': 0.8939167909829272}
-----------------------
Epoch 87/100
Training statistic: Loss: 0.5307, train_score: {'accuracy': 0.88304, 'balanced_accuracy': 0.8581109427081112, 'f1_macro': 0.8659431692213332, 'f1_micro': 0.88304, 'f1_weighted': 0.8826104980702041, 'precision_macro': 0.8751174309849695, 'precision_micro': 0.88304, 'precision_weighted': 0.8830252021207794, 'recall_macro': 0.8581109427081112, 'recall_micro': 0.88304, 'recall_weighted': 0.88304}
Validation statistic: Loss: 0.3590, dev_score: {'accuracy': 0.8924249958561247, 'balanced_accuracy': 0.891524532771937, 'f1_macro': 0.8914916667678463, 'f1_micro': 0.8924249958561247, 'f1_weighted': 0.8927686106287935, 'precision_macro': 0.8993740958291919, 'precision_micro': 0.8924249958561247, 'precision_weighted': 0.9009691132387089, 'recall_macro': 0.891524532771937, 'recall_micro': 0.8924249958561247, 'recall_weighted': 0.8924249958561247}
-----------------------
Epoch 88/100
Training statistic: Loss: 0.5159, train_score: {'accuracy': 0.88674, 'balanced_accuracy': 0.8647686489768246, 'f1_macro': 0.870430561398057, 'f1_micro': 0.88674, 'f1_weighted': 0.8862050120905116, 'precision_macro': 0.8773587231690121, 'precision_micro': 0.88674, 'precision_weighted': 0.8865230274158918, 'recall_macro': 0.8647686489768246, 'recall_micro': 0.88674, 'recall_weighted': 0.88674}
Validation statistic: Loss: 0.3531, dev_score: {'accuracy': 0.8939167909829272, 'balanced_accuracy': 0.8930300935291813, 'f1_macro': 0.8928338308442865, 'f1_micro': 0.8939167909829272, 'f1_weighted': 0.8940625311620755, 'precision_macro': 0.8991715999134623, 'precision_micro': 0.8939167909829272, 'precision_weighted': 0.9007089062624543, 'recall_macro': 0.8930300935291813, 'recall_micro': 0.8939167909829272, 'recall_weighted': 0.8939167909829272}
Saving model...
Model saved!
-------------------------------------------
-----------------------
Epoch 89/100
Training statistic: Loss: 0.5136, train_score: {'accuracy': 0.88851, 'balanced_accuracy': 0.8642153222205767, 'f1_macro': 0.8711472867276777, 'f1_micro': 0.88851, 'f1_weighted': 0.8879609465595444, 'precision_macro': 0.879409504864116, 'precision_micro': 0.88851, 'precision_weighted': 0.8881510492896565, 'recall_macro': 0.8642153222205767, 'recall_micro': 0.88851, 'recall_weighted': 0.88851}
Validation statistic: Loss: 0.3545, dev_score: {'accuracy': 0.8920934858279463, 'balanced_accuracy': 0.8909975836537958, 'f1_macro': 0.8909903643186056, 'f1_micro': 0.8920934858279463, 'f1_weighted': 0.8923020737780596, 'precision_macro': 0.8982931223925956, 'precision_micro': 0.8920934858279463, 'precision_weighted': 0.8997278589125121, 'recall_macro': 0.8909975836537958, 'recall_micro': 0.8920934858279463, 'recall_weighted': 0.8920934858279463}
-----------------------
Epoch 90/100
Training statistic: Loss: 0.5050, train_score: {'accuracy': 0.88752, 'balanced_accuracy': 0.8639221754683579, 'f1_macro': 0.870307516527596, 'f1_micro': 0.88752, 'f1_weighted': 0.8869592173937344, 'precision_macro': 0.8786269935588672, 'precision_micro': 0.88752, 'precision_weighted': 0.8874498821612623, 'recall_macro': 0.8639221754683579, 'recall_micro': 0.88752, 'recall_weighted': 0.88752}
Validation statistic: Loss: 0.3571, dev_score: {'accuracy': 0.8929222608983922, 'balanced_accuracy': 0.8918169728307147, 'f1_macro': 0.8917116765015838, 'f1_micro': 0.8929222608983922, 'f1_weighted': 0.8929741143685959, 'precision_macro': 0.899708046468238, 'precision_micro': 0.8929222608983922, 'precision_weighted': 0.9010516504748918, 'recall_macro': 0.8918169728307147, 'recall_micro': 0.8929222608983922, 'recall_weighted': 0.8929222608983922}
-----------------------
Epoch 91/100
Training statistic: Loss: 0.5075, train_score: {'accuracy': 0.8879, 'balanced_accuracy': 0.862299815705818, 'f1_macro': 0.8708245011624213, 'f1_micro': 0.8879, 'f1_weighted': 0.8872580970946812, 'precision_macro': 0.8814015757002321, 'precision_micro': 0.8879, 'precision_weighted': 0.8877508138416603, 'recall_macro': 0.862299815705818, 'recall_micro': 0.8879, 'recall_weighted': 0.8879}
Validation statistic: Loss: 0.3555, dev_score: {'accuracy': 0.8939167909829272, 'balanced_accuracy': 0.8930074191505877, 'f1_macro': 0.892781488767229, 'f1_micro': 0.8939167909829272, 'f1_weighted': 0.8940533698768065, 'precision_macro': 0.8998853749526685, 'precision_micro': 0.8939167909829272, 'precision_weighted': 0.9014650083579432, 'recall_macro': 0.8930074191505877, 'recall_micro': 0.8939167909829272, 'recall_weighted': 0.8939167909829272}
-----------------------
Epoch 92/100
Training statistic: Loss: 0.5087, train_score: {'accuracy': 0.88866, 'balanced_accuracy': 0.86535184084468, 'f1_macro': 0.8720686233272563, 'f1_micro': 0.88866, 'f1_weighted': 0.8882259984319014, 'precision_macro': 0.8799193546224565, 'precision_micro': 0.88866, 'precision_weighted': 0.8885101572160947, 'recall_macro': 0.86535184084468, 'recall_micro': 0.88866, 'recall_weighted': 0.88866}
Validation statistic: Loss: 0.3566, dev_score: {'accuracy': 0.8915962207856788, 'balanced_accuracy': 0.8902737291178143, 'f1_macro': 0.8901194297977275, 'f1_micro': 0.8915962207856788, 'f1_weighted': 0.8916350723367625, 'precision_macro': 0.8974150255515374, 'precision_micro': 0.8915962207856788, 'precision_weighted': 0.8990393365646749, 'recall_macro': 0.8902737291178143, 'recall_micro': 0.8915962207856788, 'recall_weighted': 0.8915962207856788}
-----------------------
Epoch 93/100
Training statistic: Loss: 0.5035, train_score: {'accuracy': 0.88753, 'balanced_accuracy': 0.8647943589679423, 'f1_macro': 0.8717102603665042, 'f1_micro': 0.88753, 'f1_weighted': 0.8868965904421188, 'precision_macro': 0.8803709940997123, 'precision_micro': 0.88753, 'precision_weighted': 0.8875651608078916, 'recall_macro': 0.8647943589679423, 'recall_micro': 0.88753, 'recall_weighted': 0.88753}
Validation statistic: Loss: 0.3548, dev_score: {'accuracy': 0.8942483010111056, 'balanced_accuracy': 0.8927912419674302, 'f1_macro': 0.8926486530438911, 'f1_micro': 0.8942483010111056, 'f1_weighted': 0.894170868859956, 'precision_macro': 0.8997833760024406, 'precision_micro': 0.8942483010111056, 'precision_weighted': 0.9012684774556855, 'recall_macro': 0.8927912419674302, 'recall_micro': 0.8942483010111056, 'recall_weighted': 0.8942483010111056}
-----------------------
Epoch 94/100
Training statistic: Loss: 0.4954, train_score: {'accuracy': 0.89083, 'balanced_accuracy': 0.867896497828591, 'f1_macro': 0.8745438977228128, 'f1_micro': 0.89083, 'f1_weighted': 0.890082975170985, 'precision_macro': 0.8828918699722921, 'precision_micro': 0.89083, 'precision_weighted': 0.8904680850633496, 'recall_macro': 0.867896497828591, 'recall_micro': 0.89083, 'recall_weighted': 0.89083}
Validation statistic: Loss: 0.3520, dev_score: {'accuracy': 0.8924249958561247, 'balanced_accuracy': 0.8909860771047287, 'f1_macro': 0.8908255645637052, 'f1_micro': 0.8924249958561247, 'f1_weighted': 0.8923010301567418, 'precision_macro': 0.8989296087931236, 'precision_micro': 0.8924249958561247, 'precision_weighted': 0.900336216322064, 'recall_macro': 0.8909860771047287, 'recall_micro': 0.8924249958561247, 'recall_weighted': 0.8924249958561247}
Saving model...
Model saved!
-------------------------------------------
-----------------------
Epoch 95/100
Training statistic: Loss: 0.4965, train_score: {'accuracy': 0.89439, 'balanced_accuracy': 0.8743761901063921, 'f1_macro': 0.8792854114225113, 'f1_micro': 0.89439, 'f1_weighted': 0.8941307654841272, 'precision_macro': 0.8850633439071341, 'precision_micro': 0.89439, 'precision_weighted': 0.8943315577053323, 'recall_macro': 0.8743761901063921, 'recall_micro': 0.89439, 'recall_weighted': 0.89439}
Validation statistic: Loss: 0.3494, dev_score: {'accuracy': 0.8924249958561247, 'balanced_accuracy': 0.8909390634547721, 'f1_macro': 0.8908764104379948, 'f1_micro': 0.8924249958561247, 'f1_weighted': 0.8924388297150522, 'precision_macro': 0.8976977717010328, 'precision_micro': 0.8924249958561247, 'precision_weighted': 0.8992489544815423, 'recall_macro': 0.8909390634547721, 'recall_micro': 0.8924249958561247, 'recall_weighted': 0.8924249958561247}
Saving model...
Model saved!
-------------------------------------------
-----------------------
Epoch 96/100
Training statistic: Loss: 0.4935, train_score: {'accuracy': 0.89298, 'balanced_accuracy': 0.8708341053890905, 'f1_macro': 0.8769469328210292, 'f1_micro': 0.89298, 'f1_weighted': 0.8922916254818092, 'precision_macro': 0.884461503799557, 'precision_micro': 0.89298, 'precision_weighted': 0.8923395679116883, 'recall_macro': 0.8708341053890905, 'recall_micro': 0.89298, 'recall_weighted': 0.89298}
Validation statistic: Loss: 0.3596, dev_score: {'accuracy': 0.8897729156306978, 'balanced_accuracy': 0.8881274916248418, 'f1_macro': 0.8878229631739961, 'f1_micro': 0.8897729156306978, 'f1_weighted': 0.8895132604924428, 'precision_macro': 0.8971471750471803, 'precision_micro': 0.8897729156306978, 'precision_weighted': 0.8987198406895919, 'recall_macro': 0.8881274916248418, 'recall_micro': 0.8897729156306978, 'recall_weighted': 0.8897729156306978}
-----------------------
Epoch 97/100
Training statistic: Loss: 0.4919, train_score: {'accuracy': 0.89393, 'balanced_accuracy': 0.8706867880983753, 'f1_macro': 0.8783911972952299, 'f1_micro': 0.89393, 'f1_weighted': 0.8935678640856317, 'precision_macro': 0.8878849379672864, 'precision_micro': 0.89393, 'precision_weighted': 0.8943446041549288, 'recall_macro': 0.8706867880983753, 'recall_micro': 0.89393, 'recall_weighted': 0.89393}
Validation statistic: Loss: 0.3628, dev_score: {'accuracy': 0.8879496104757169, 'balanced_accuracy': 0.886813302536007, 'f1_macro': 0.8867875204748401, 'f1_micro': 0.8879496104757169, 'f1_weighted': 0.8881438661645638, 'precision_macro': 0.89632774625215, 'precision_micro': 0.8879496104757169, 'precision_weighted': 0.897818864041188, 'recall_macro': 0.886813302536007, 'recall_micro': 0.8879496104757169, 'recall_weighted': 0.8879496104757169}
-----------------------
Epoch 98/100
Training statistic: Loss: 0.4967, train_score: {'accuracy': 0.89382, 'balanced_accuracy': 0.8719368438577237, 'f1_macro': 0.8780640316726551, 'f1_micro': 0.89382, 'f1_weighted': 0.8934275521800852, 'precision_macro': 0.8853977851010336, 'precision_micro': 0.89382, 'precision_weighted': 0.8936425321783655, 'recall_macro': 0.8719368438577237, 'recall_micro': 0.89382, 'recall_weighted': 0.89382}
Validation statistic: Loss: 0.3629, dev_score: {'accuracy': 0.8910989557434112, 'balanced_accuracy': 0.8898489310798106, 'f1_macro': 0.8899423713515884, 'f1_micro': 0.8910989557434112, 'f1_weighted': 0.8912914766563715, 'precision_macro': 0.8986611425097907, 'precision_micro': 0.8910989557434112, 'precision_weighted': 0.8999757160771528, 'recall_macro': 0.8898489310798106, 'recall_micro': 0.8910989557434112, 'recall_weighted': 0.8910989557434112}
-----------------------
Epoch 99/100
Training statistic: Loss: 0.4976, train_score: {'accuracy': 0.89474, 'balanced_accuracy': 0.8697368082210287, 'f1_macro': 0.8780974081020784, 'f1_micro': 0.89474, 'f1_weighted': 0.8944134038186518, 'precision_macro': 0.8881770621042449, 'precision_micro': 0.89474, 'precision_weighted': 0.8947562144169983, 'recall_macro': 0.8697368082210287, 'recall_micro': 0.89474, 'recall_weighted': 0.89474}
Validation statistic: Loss: 0.3601, dev_score: {'accuracy': 0.8910989557434112, 'balanced_accuracy': 0.8900926893894342, 'f1_macro': 0.8899243538410516, 'f1_micro': 0.8910989557434112, 'f1_weighted': 0.8912993853274869, 'precision_macro': 0.8979291900256463, 'precision_micro': 0.8910989557434112, 'precision_weighted': 0.8996092127605757, 'recall_macro': 0.8900926893894342, 'recall_micro': 0.8910989557434112, 'recall_weighted': 0.8910989557434112}
-----------------------
Epoch 100/100
Training statistic: Loss: 0.4870, train_score: {'accuracy': 0.89447, 'balanced_accuracy': 0.8700353208596514, 'f1_macro': 0.8784245337890082, 'f1_micro': 0.89447, 'f1_weighted': 0.8941234957280554, 'precision_macro': 0.889017832699366, 'precision_micro': 0.89447, 'precision_weighted': 0.8948883592669954, 'recall_macro': 0.8700353208596514, 'recall_micro': 0.89447, 'recall_weighted': 0.89447}
Validation statistic: Loss: 0.3595, dev_score: {'accuracy': 0.8887783855461627, 'balanced_accuracy': 0.8874034861584004, 'f1_macro': 0.8875951234620378, 'f1_micro': 0.8887783855461627, 'f1_weighted': 0.8890080447786032, 'precision_macro': 0.8968440164941784, 'precision_micro': 0.8887783855461627, 'precision_weighted': 0.8981783817918115, 'recall_macro': 0.8874034861584004, 'recall_micro': 0.8887783855461627, 'recall_weighted': 0.8887783855461627}
Testing statistic: loss: 0.377338130997148, scores: {'accuracy': 0.8868631621594247, 'balanced_accuracy': 0.8871923794639626, 'f1_macro': 0.8873404030412573, 'f1_micro': 0.8868631621594247, 'f1_weighted': 0.8872847221005415, 'precision_macro': 0.8951138459818037, 'precision_micro': 0.8868631621594247, 'precision_weighted': 0.8954154998163117, 'recall_macro': 0.8871923794639626, 'recall_micro': 0.8868631621594247, 'recall_weighted': 0.8868631621594247}
Finish training!
