/home/thuy/miniconda3/envs/env/lib/python3.10/site-packages/sklearn/metrics/_classification.py:2480: UserWarning: y_pred contains classes not in y_true
  warnings.warn("y_pred contains classes not in y_true")
/home/thuy/miniconda3/envs/env/lib/python3.10/site-packages/sklearn/metrics/_classification.py:2480: UserWarning: y_pred contains classes not in y_true
  warnings.warn("y_pred contains classes not in y_true")
/home/thuy/miniconda3/envs/env/lib/python3.10/site-packages/sklearn/metrics/_classification.py:2480: UserWarning: y_pred contains classes not in y_true
  warnings.warn("y_pred contains classes not in y_true")
/home/thuy/miniconda3/envs/env/lib/python3.10/site-packages/sklearn/metrics/_classification.py:2480: UserWarning: y_pred contains classes not in y_true
  warnings.warn("y_pred contains classes not in y_true")
=====Setting up data=====
Dataset name:mnist28
train_option:mix
augment_option:compare_rf
mix_ratio:-1
n_sample:-1
Training dataset size: 154112 samples
Validation dataset size: 6144 samples

=====Setting up parameters for training=====
num_epochs: 100
learning_rate: 0.001
patience: 30
early_stop_criterion: loss
=====Setting up trainer=====
input_size: 784
model: DNN_MNIST28
----------------------------------------------------------------
        Layer (type)               Output Shape         Param #
================================================================
           Dropout-1                  [-1, 784]               0
            Linear-2                  [-1, 512]         401,920
         LeakyReLU-3                  [-1, 512]               0
       BatchNorm1d-4                  [-1, 512]           1,024
           Dropout-5                  [-1, 512]               0
            Linear-6                 [-1, 1024]         525,312
         LeakyReLU-7                 [-1, 1024]               0
       BatchNorm1d-8                 [-1, 1024]           2,048
           Dropout-9                 [-1, 1024]               0
           Linear-10                  [-1, 256]         262,400
        LeakyReLU-11                  [-1, 256]               0
      BatchNorm1d-12                  [-1, 256]             512
          Dropout-13                  [-1, 256]               0
           Linear-14                  [-1, 128]          32,896
        LeakyReLU-15                  [-1, 128]               0
      BatchNorm1d-16                  [-1, 128]             256
          Dropout-17                  [-1, 128]               0
================================================================
Total params: 1,226,368
Trainable params: 1,226,368
Non-trainable params: 0
----------------------------------------------------------------
Input size (MB): 0.00
Forward/backward pass size (MB): 0.06
Params size (MB): 4.68
Estimated Total Size (MB): 4.75
----------------------------------------------------------------
=====Setting up output files=====
weight_dir, weight_file: /home/thuy/Research/minh_data_synth/TabularDA/output/pilot_ctgan_v1/mnist28/weight/, mnist28_seed42_ctgan_full_rf_mix.weights.pth
acc_dir, acc_file: /home/thuy/Research/minh_data_synth/TabularDA/output/pilot_ctgan_v1/mnist28/acc/, mnist28_seed42_ctgan_full_rf_mix.epochs.csv
report_file: mnist28_seed42_ctgan_full_rf_mix.report.txt
==========================================================================================
Start training...
-----------------------
Epoch 1/100
Training statistic: Loss: 1.6829, train_score: {'accuracy': 0.7891027554609524, 'balanced_accuracy': 0.7324330104849186, 'f1_macro': 0.37986972175818695, 'f1_micro': 0.7891027554609524, 'f1_weighted': 0.7890520346254375, 'precision_macro': 0.4036033373859646, 'precision_micro': 0.7891027554609524, 'precision_weighted': 0.8002991048956284, 'recall_macro': 0.3662165052424593, 'recall_micro': 0.7891027554609524, 'recall_weighted': 0.7891027554609524}
Validation statistic: Loss: 1.7393, dev_score: {'accuracy': 0.8133598541355876, 'balanced_accuracy': 0.8075447986892337, 'f1_macro': 0.4826585563573212, 'f1_micro': 0.8133598541355876, 'f1_weighted': 0.8247915286119741, 'precision_macro': 0.4972089240757943, 'precision_micro': 0.8133598541355876, 'precision_weighted': 0.8472294944987789, 'recall_macro': 0.4750263521701374, 'recall_micro': 0.8133598541355876, 'recall_weighted': 0.8133598541355876}
Saving model...
Model saved!
-------------------------------------------
-----------------------
Epoch 2/100
Training statistic: Loss: 1.3360, train_score: {'accuracy': 0.8081690396770802, 'balanced_accuracy': 0.7655527473104484, 'f1_macro': 0.3742586603282133, 'f1_micro': 0.8081690396770802, 'f1_weighted': 0.8087882716553276, 'precision_macro': 0.3894275312385767, 'precision_micro': 0.8081690396770802, 'precision_weighted': 0.8156646916638518, 'recall_macro': 0.3645489272906898, 'recall_micro': 0.8081690396770802, 'recall_weighted': 0.8081690396770802}
Validation statistic: Loss: 1.2711, dev_score: {'accuracy': 0.8559588927565058, 'balanced_accuracy': 0.8513187783446596, 'f1_macro': 0.6617496690287678, 'f1_micro': 0.8559588927565058, 'f1_weighted': 0.8635880745405442, 'precision_macro': 0.6752493784222331, 'precision_micro': 0.8559588927565058, 'precision_weighted': 0.8793236476095591, 'recall_macro': 0.6548605987266612, 'recall_micro': 0.8559588927565058, 'recall_weighted': 0.8559588927565058}
Saving model...
Model saved!
-------------------------------------------
-----------------------
Epoch 3/100
Training statistic: Loss: 1.0902, train_score: {'accuracy': 0.8209729126377406, 'balanced_accuracy': 0.7752698193382817, 'f1_macro': 0.7950158781716679, 'f1_micro': 0.8209729126377406, 'f1_weighted': 0.8173651453474557, 'precision_macro': 0.8299830119609476, 'precision_micro': 0.8209729126377406, 'precision_weighted': 0.8226726319067535, 'recall_macro': 0.7752698193382817, 'recall_micro': 0.8209729126377406, 'recall_weighted': 0.8209729126377406}
Validation statistic: Loss: 0.8958, dev_score: {'accuracy': 0.8756837394331178, 'balanced_accuracy': 0.8716361695177325, 'f1_macro': 0.8712362888933491, 'f1_micro': 0.8756837394331178, 'f1_weighted': 0.8742349533610003, 'precision_macro': 0.8825888939601952, 'precision_micro': 0.8756837394331178, 'precision_weighted': 0.8837983981502071, 'recall_macro': 0.8716361695177325, 'recall_micro': 0.8756837394331178, 'recall_weighted': 0.8756837394331178}
Saving model...
Model saved!
-------------------------------------------
-----------------------
Epoch 4/100
Training statistic: Loss: 0.9634, train_score: {'accuracy': 0.8255285734681428, 'balanced_accuracy': 0.7837977640016751, 'f1_macro': 0.8010518394039643, 'f1_micro': 0.8255285734681428, 'f1_weighted': 0.8220524905553349, 'precision_macro': 0.8342561000941732, 'precision_micro': 0.8255285734681428, 'precision_weighted': 0.8273722219700705, 'recall_macro': 0.7837977640016751, 'recall_micro': 0.8255285734681428, 'recall_weighted': 0.8255285734681428}
Validation statistic: Loss: 0.7463, dev_score: {'accuracy': 0.8852975302502901, 'balanced_accuracy': 0.8809703639847069, 'f1_macro': 0.8801087142645054, 'f1_micro': 0.8852975302502901, 'f1_weighted': 0.8831188052067581, 'precision_macro': 0.892738701833778, 'precision_micro': 0.8852975302502901, 'precision_weighted': 0.8935351381108625, 'recall_macro': 0.8809703639847069, 'recall_micro': 0.8852975302502901, 'recall_weighted': 0.8852975302502901}
Saving model...
Model saved!
-------------------------------------------
-----------------------
Epoch 5/100
Training statistic: Loss: 0.8592, train_score: {'accuracy': 0.8311485197347074, 'balanced_accuracy': 0.7924208328070348, 'f1_macro': 0.8108817330981107, 'f1_micro': 0.8311485197347074, 'f1_weighted': 0.8285192522702256, 'precision_macro': 0.8386325342011751, 'precision_micro': 0.8311485197347074, 'precision_weighted': 0.8316223955262111, 'recall_macro': 0.7924208328070348, 'recall_micro': 0.8311485197347074, 'recall_weighted': 0.8311485197347074}
Validation statistic: Loss: 0.6314, dev_score: {'accuracy': 0.8939167909829272, 'balanced_accuracy': 0.8901346759753299, 'f1_macro': 0.8910473970864112, 'f1_micro': 0.8939167909829272, 'f1_weighted': 0.8931701393643738, 'precision_macro': 0.8986885217084563, 'precision_micro': 0.8939167909829272, 'precision_weighted': 0.898771660976067, 'recall_macro': 0.8901346759753299, 'recall_micro': 0.8939167909829272, 'recall_weighted': 0.8939167909829272}
Saving model...
Model saved!
-------------------------------------------
-----------------------
Epoch 6/100
Training statistic: Loss: 0.7868, train_score: {'accuracy': 0.8380598855244201, 'balanced_accuracy': 0.804767314795356, 'f1_macro': 0.8200021136411019, 'f1_micro': 0.8380598855244201, 'f1_weighted': 0.8359626429659425, 'precision_macro': 0.8416349266401559, 'precision_micro': 0.8380598855244201, 'precision_weighted': 0.8379827622278911, 'recall_macro': 0.804767314795356, 'recall_micro': 0.8380598855244201, 'recall_weighted': 0.8380598855244201}
Validation statistic: Loss: 0.5513, dev_score: {'accuracy': 0.9020387866732968, 'balanced_accuracy': 0.8985819696221886, 'f1_macro': 0.8994567398218895, 'f1_micro': 0.9020387866732968, 'f1_weighted': 0.901501186120697, 'precision_macro': 0.9064102640605002, 'precision_micro': 0.9020387866732968, 'precision_weighted': 0.9067162643395043, 'recall_macro': 0.8985819696221886, 'recall_micro': 0.9020387866732968, 'recall_weighted': 0.9020387866732968}
Saving model...
Model saved!
-------------------------------------------
-----------------------
Epoch 7/100
Training statistic: Loss: 0.7239, train_score: {'accuracy': 0.8406037872986618, 'balanced_accuracy': 0.8055630865439982, 'f1_macro': 0.8224128868059747, 'f1_micro': 0.8406037872986618, 'f1_weighted': 0.8384595253906566, 'precision_macro': 0.848758741517667, 'precision_micro': 0.8406037872986618, 'precision_weighted': 0.8417289597076933, 'recall_macro': 0.8055630865439982, 'recall_micro': 0.8406037872986618, 'recall_weighted': 0.8406037872986618}
Validation statistic: Loss: 0.4906, dev_score: {'accuracy': 0.9081717221945964, 'balanced_accuracy': 0.9053514673862001, 'f1_macro': 0.9055752033269233, 'f1_micro': 0.9081717221945964, 'f1_weighted': 0.9075354869865622, 'precision_macro': 0.9110815403357277, 'precision_micro': 0.9081717221945964, 'precision_weighted': 0.91185522424971, 'recall_macro': 0.9053514673862001, 'recall_micro': 0.9081717221945964, 'recall_weighted': 0.9081717221945964}
Saving model...
Model saved!
-------------------------------------------
-----------------------
Epoch 8/100
Training statistic: Loss: 0.6681, train_score: {'accuracy': 0.8439329240593404, 'balanced_accuracy': 0.8104900468552731, 'f1_macro': 0.8273250794654323, 'f1_micro': 0.8439329240593404, 'f1_weighted': 0.8420003683749369, 'precision_macro': 0.8514705954713756, 'precision_micro': 0.8439329240593404, 'precision_weighted': 0.8444416943646306, 'recall_macro': 0.8104900468552731, 'recall_micro': 0.8439329240593404, 'recall_weighted': 0.8439329240593404}
Validation statistic: Loss: 0.4406, dev_score: {'accuracy': 0.910658047405934, 'balanced_accuracy': 0.9076055066992188, 'f1_macro': 0.9083627744563663, 'f1_micro': 0.910658047405934, 'f1_weighted': 0.9102657469408367, 'precision_macro': 0.9143486719365583, 'precision_micro': 0.910658047405934, 'precision_weighted': 0.9148110497418207, 'recall_macro': 0.9076055066992188, 'recall_micro': 0.910658047405934, 'recall_weighted': 0.910658047405934}
Saving model...
Model saved!
-------------------------------------------
-----------------------
Epoch 9/100
Training statistic: Loss: 0.6293, train_score: {'accuracy': 0.8481446389865926, 'balanced_accuracy': 0.8197309545464243, 'f1_macro': 0.8340351984054555, 'f1_micro': 0.8481446389865926, 'f1_weighted': 0.846568944205188, 'precision_macro': 0.8522523124520625, 'precision_micro': 0.8481446389865926, 'precision_weighted': 0.8477977516602755, 'recall_macro': 0.8197309545464243, 'recall_micro': 0.8481446389865926, 'recall_weighted': 0.8481446389865926}
Validation statistic: Loss: 0.4034, dev_score: {'accuracy': 0.9159622078567876, 'balanced_accuracy': 0.9133576240241901, 'f1_macro': 0.9142451707395555, 'f1_micro': 0.9159622078567876, 'f1_weighted': 0.9157713185586598, 'precision_macro': 0.9175627377424244, 'precision_micro': 0.9159622078567876, 'precision_weighted': 0.917944189081838, 'recall_macro': 0.9133576240241901, 'recall_micro': 0.9159622078567876, 'recall_weighted': 0.9159622078567876}
Saving model...
Model saved!
-------------------------------------------
-----------------------
Epoch 10/100
Training statistic: Loss: 0.5967, train_score: {'accuracy': 0.8518566589224759, 'balanced_accuracy': 0.8237617534856465, 'f1_macro': 0.8376231403253567, 'f1_micro': 0.8518566589224759, 'f1_weighted': 0.8502476681349693, 'precision_macro': 0.856890785932741, 'precision_micro': 0.8518566589224759, 'precision_weighted': 0.8518497944873366, 'recall_macro': 0.8237617534856465, 'recall_micro': 0.8518566589224759, 'recall_weighted': 0.8518566589224759}
Validation statistic: Loss: 0.3705, dev_score: {'accuracy': 0.9215978783358196, 'balanced_accuracy': 0.9189165536919293, 'f1_macro': 0.9198849656464457, 'f1_micro': 0.9215978783358196, 'f1_weighted': 0.921176521406761, 'precision_macro': 0.9244069664267152, 'precision_micro': 0.9215978783358196, 'precision_weighted': 0.9241397946995509, 'recall_macro': 0.9189165536919293, 'recall_micro': 0.9215978783358196, 'recall_weighted': 0.9215978783358196}
Saving model...
Model saved!
-------------------------------------------
-----------------------
Epoch 11/100
Training statistic: Loss: 0.5646, train_score: {'accuracy': 0.8546471634197308, 'balanced_accuracy': 0.8283110230599073, 'f1_macro': 0.8431217276175239, 'f1_micro': 0.8546471634197308, 'f1_weighted': 0.8533802074031598, 'precision_macro': 0.8627116305069749, 'precision_micro': 0.8546471634197308, 'precision_weighted': 0.8552099945995195, 'recall_macro': 0.8283110230599073, 'recall_micro': 0.8546471634197308, 'recall_weighted': 0.8546471634197308}
Validation statistic: Loss: 0.3356, dev_score: {'accuracy': 0.92756505884303, 'balanced_accuracy': 0.9257698560068512, 'f1_macro': 0.9263442788200908, 'f1_micro': 0.92756505884303, 'f1_weighted': 0.9273219844382734, 'precision_macro': 0.9286371306445877, 'precision_micro': 0.92756505884303, 'precision_weighted': 0.9287375762570133, 'recall_macro': 0.9257698560068512, 'recall_micro': 0.92756505884303, 'recall_weighted': 0.92756505884303}
Saving model...
Model saved!
-------------------------------------------
-----------------------
Epoch 12/100
Training statistic: Loss: 0.5503, train_score: {'accuracy': 0.854478435240827, 'balanced_accuracy': 0.8269113233446277, 'f1_macro': 0.8421966179992726, 'f1_micro': 0.854478435240827, 'f1_weighted': 0.852916916171801, 'precision_macro': 0.8624309976797608, 'precision_micro': 0.854478435240827, 'precision_weighted': 0.8546788247527417, 'recall_macro': 0.8269113233446277, 'recall_micro': 0.854478435240827, 'recall_weighted': 0.854478435240827}
Validation statistic: Loss: 0.3319, dev_score: {'accuracy': 0.9250787336316924, 'balanced_accuracy': 0.9229840888902384, 'f1_macro': 0.9238672682019266, 'f1_micro': 0.9250787336316924, 'f1_weighted': 0.9247793282327686, 'precision_macro': 0.9270553467312327, 'precision_micro': 0.9250787336316924, 'precision_weighted': 0.9267102538523885, 'recall_macro': 0.9229840888902384, 'recall_micro': 0.9250787336316924, 'recall_weighted': 0.9250787336316924}
Saving model...
Model saved!
-------------------------------------------
-----------------------
Epoch 13/100
Training statistic: Loss: 0.5384, train_score: {'accuracy': 0.855666022038496, 'balanced_accuracy': 0.8283541360291838, 'f1_macro': 0.8430105801239163, 'f1_micro': 0.855666022038496, 'f1_weighted': 0.8543410321424133, 'precision_macro': 0.8633132389008271, 'precision_micro': 0.855666022038496, 'precision_weighted': 0.8564223666273355, 'recall_macro': 0.8283541360291838, 'recall_micro': 0.855666022038496, 'recall_weighted': 0.855666022038496}
Validation statistic: Loss: 0.3231, dev_score: {'accuracy': 0.9235869385048898, 'balanced_accuracy': 0.9209802761967557, 'f1_macro': 0.921716931031713, 'f1_micro': 0.9235869385048898, 'f1_weighted': 0.9232385568501049, 'precision_macro': 0.9261988742998997, 'precision_micro': 0.9235869385048898, 'precision_weighted': 0.9264329452063382, 'recall_macro': 0.9209802761967557, 'recall_micro': 0.9235869385048898, 'recall_weighted': 0.9235869385048898}
Saving model...
Model saved!
-------------------------------------------
-----------------------
Epoch 14/100
Training statistic: Loss: 0.5183, train_score: {'accuracy': 0.8590340960712293, 'balanced_accuracy': 0.8352873541520067, 'f1_macro': 0.84841872443671, 'f1_micro': 0.8590340960712293, 'f1_weighted': 0.8579529506235167, 'precision_macro': 0.8651674013870793, 'precision_micro': 0.8590340960712293, 'precision_weighted': 0.8592345466397818, 'recall_macro': 0.8352873541520067, 'recall_micro': 0.8590340960712293, 'recall_weighted': 0.8590340960712293}
Validation statistic: Loss: 0.2933, dev_score: {'accuracy': 0.9320404442234378, 'balanced_accuracy': 0.9299781475844524, 'f1_macro': 0.9309213068314574, 'f1_micro': 0.9320404442234378, 'f1_weighted': 0.9318361845004005, 'precision_macro': 0.9339449419938187, 'precision_micro': 0.9320404442234378, 'precision_weighted': 0.9336406383488812, 'recall_macro': 0.9299781475844524, 'recall_micro': 0.9320404442234378, 'recall_weighted': 0.9320404442234378}
Saving model...
Model saved!
-------------------------------------------
-----------------------
Epoch 15/100
Training statistic: Loss: 0.5139, train_score: {'accuracy': 0.8577491660934234, 'balanced_accuracy': 0.8279961015053422, 'f1_macro': 0.8447826636397565, 'f1_micro': 0.8577491660934234, 'f1_weighted': 0.8559474266397147, 'precision_macro': 0.8690967184794876, 'precision_micro': 0.8577491660934234, 'precision_weighted': 0.8587887265438638, 'recall_macro': 0.8279961015053422, 'recall_micro': 0.8577491660934234, 'recall_weighted': 0.8577491660934234}
Validation statistic: Loss: 0.3010, dev_score: {'accuracy': 0.924747223603514, 'balanced_accuracy': 0.9219539800601735, 'f1_macro': 0.922896023381831, 'f1_micro': 0.924747223603514, 'f1_weighted': 0.9241953106768165, 'precision_macro': 0.928250154963149, 'precision_micro': 0.924747223603514, 'precision_weighted': 0.9278375377242801, 'recall_macro': 0.9219539800601735, 'recall_micro': 0.924747223603514, 'recall_weighted': 0.924747223603514}
-----------------------
Epoch 16/100
Training statistic: Loss: 0.4959, train_score: {'accuracy': 0.8618375796591691, 'balanced_accuracy': 0.8376158953220092, 'f1_macro': 0.850609147673406, 'f1_micro': 0.8618375796591691, 'f1_weighted': 0.8606142648792262, 'precision_macro': 0.8670738816203784, 'precision_micro': 0.8618375796591691, 'precision_weighted': 0.8617675597846113, 'recall_macro': 0.8376158953220092, 'recall_micro': 0.8618375796591691, 'recall_weighted': 0.8618375796591691}
Validation statistic: Loss: 0.2727, dev_score: {'accuracy': 0.9356870545333996, 'balanced_accuracy': 0.9339050576733892, 'f1_macro': 0.9346083778633897, 'f1_micro': 0.9356870545333996, 'f1_weighted': 0.9353447133154507, 'precision_macro': 0.9369633631166963, 'precision_micro': 0.9356870545333996, 'precision_weighted': 0.9366092454855961, 'recall_macro': 0.9339050576733892, 'recall_micro': 0.9356870545333996, 'recall_weighted': 0.9356870545333996}
Saving model...
Model saved!
-------------------------------------------
-----------------------
Epoch 17/100
Training statistic: Loss: 0.4815, train_score: {'accuracy': 0.8643490337066985, 'balanced_accuracy': 0.8412881370300415, 'f1_macro': 0.8543058401037221, 'f1_micro': 0.8643490337066985, 'f1_weighted': 0.8633868967108989, 'precision_macro': 0.8710683540530383, 'precision_micro': 0.8643490337066985, 'precision_weighted': 0.8647876809661705, 'recall_macro': 0.8412881370300415, 'recall_micro': 0.8643490337066985, 'recall_weighted': 0.8643490337066985}
Validation statistic: Loss: 0.2548, dev_score: {'accuracy': 0.9386706447870048, 'balanced_accuracy': 0.9369093462392492, 'f1_macro': 0.9375821625982741, 'f1_micro': 0.9386706447870048, 'f1_weighted': 0.9384175574832679, 'precision_macro': 0.9397002242828526, 'precision_micro': 0.9386706447870048, 'precision_weighted': 0.9395692395885069, 'recall_macro': 0.9369093462392492, 'recall_micro': 0.9386706447870048, 'recall_weighted': 0.9386706447870048}
Saving model...
Model saved!
-------------------------------------------
-----------------------
Epoch 18/100
Training statistic: Loss: 0.4821, train_score: {'accuracy': 0.8636741209910833, 'balanced_accuracy': 0.8395561333980585, 'f1_macro': 0.8533419667528441, 'f1_micro': 0.8636741209910833, 'f1_weighted': 0.8626399841857495, 'precision_macro': 0.8710352872554606, 'precision_micro': 0.8636741209910833, 'precision_weighted': 0.8641479927404158, 'recall_macro': 0.8395561333980585, 'recall_micro': 0.8636741209910833, 'recall_weighted': 0.8636741209910833}
Validation statistic: Loss: 0.2587, dev_score: {'accuracy': 0.937013094646113, 'balanced_accuracy': 0.9352057788085352, 'f1_macro': 0.9357798712608428, 'f1_micro': 0.937013094646113, 'f1_weighted': 0.936752572729606, 'precision_macro': 0.9376684074640093, 'precision_micro': 0.937013094646113, 'precision_weighted': 0.9377479917528406, 'recall_macro': 0.9352057788085352, 'recall_micro': 0.937013094646113, 'recall_weighted': 0.937013094646113}
-----------------------
Epoch 19/100
Training statistic: Loss: 0.4737, train_score: {'accuracy': 0.8649266032421769, 'balanced_accuracy': 0.8412191000588747, 'f1_macro': 0.8546121796321454, 'f1_micro': 0.8649266032421769, 'f1_weighted': 0.8635546168951419, 'precision_macro': 0.8723664004317604, 'precision_micro': 0.8649266032421769, 'precision_weighted': 0.8651903229696356, 'recall_macro': 0.8412191000588747, 'recall_micro': 0.8649266032421769, 'recall_weighted': 0.8649266032421769}
Validation statistic: Loss: 0.2612, dev_score: {'accuracy': 0.9343610144206862, 'balanced_accuracy': 0.9324629993799031, 'f1_macro': 0.9333115177608805, 'f1_micro': 0.9343610144206862, 'f1_weighted': 0.933896095701679, 'precision_macro': 0.9359907418501413, 'precision_micro': 0.9343610144206862, 'precision_weighted': 0.9352405879684431, 'recall_macro': 0.9324629993799031, 'recall_micro': 0.9343610144206862, 'recall_weighted': 0.9343610144206862}
-----------------------
Epoch 20/100
Training statistic: Loss: 0.4666, train_score: {'accuracy': 0.8659195036795722, 'balanced_accuracy': 0.8400639943064426, 'f1_macro': 0.8550549956656985, 'f1_micro': 0.8659195036795722, 'f1_weighted': 0.8648614710953304, 'precision_macro': 0.8752947131045621, 'precision_micro': 0.8659195036795722, 'precision_weighted': 0.8670179089398526, 'recall_macro': 0.8400639943064426, 'recall_micro': 0.8659195036795722, 'recall_weighted': 0.8659195036795722}
Validation statistic: Loss: 0.2578, dev_score: {'accuracy': 0.9355212995193105, 'balanced_accuracy': 0.9334431114805861, 'f1_macro': 0.9344198140087769, 'f1_micro': 0.9355212995193105, 'f1_weighted': 0.9353311822264263, 'precision_macro': 0.9378041983423705, 'precision_micro': 0.9355212995193105, 'precision_weighted': 0.9374669630631719, 'recall_macro': 0.9334431114805861, 'recall_micro': 0.9355212995193105, 'recall_weighted': 0.9355212995193105}
-----------------------
Epoch 21/100
Training statistic: Loss: 0.4586, train_score: {'accuracy': 0.8680740327332667, 'balanced_accuracy': 0.8455513177116144, 'f1_macro': 0.859209573823031, 'f1_micro': 0.8680740327332667, 'f1_weighted': 0.8670441376272024, 'precision_macro': 0.8762381434242819, 'precision_micro': 0.8680740327332667, 'precision_weighted': 0.8683990699931351, 'recall_macro': 0.8455513177116144, 'recall_micro': 0.8680740327332667, 'recall_weighted': 0.8680740327332667}
Validation statistic: Loss: 0.2401, dev_score: {'accuracy': 0.9381733797447372, 'balanced_accuracy': 0.9364316608875223, 'f1_macro': 0.9371671135673763, 'f1_micro': 0.9381733797447372, 'f1_weighted': 0.9379453511045084, 'precision_macro': 0.9391778792249695, 'precision_micro': 0.9381733797447372, 'precision_weighted': 0.9389539858042715, 'recall_macro': 0.9364316608875223, 'recall_micro': 0.9381733797447372, 'recall_weighted': 0.9381733797447372}
Saving model...
Model saved!
-------------------------------------------
-----------------------
Epoch 22/100
Training statistic: Loss: 0.4649, train_score: {'accuracy': 0.8667436759380638, 'balanced_accuracy': 0.8425504598939769, 'f1_macro': 0.8562860023102233, 'f1_micro': 0.8667436759380638, 'f1_weighted': 0.8657625184207, 'precision_macro': 0.8739825038380402, 'precision_micro': 0.8667436759380638, 'precision_weighted': 0.8672883842361512, 'recall_macro': 0.8425504598939769, 'recall_micro': 0.8667436759380638, 'recall_weighted': 0.8667436759380638}
Validation statistic: Loss: 0.2556, dev_score: {'accuracy': 0.9351897894911321, 'balanced_accuracy': 0.9329762114292872, 'f1_macro': 0.9340455791825167, 'f1_micro': 0.9351897894911321, 'f1_weighted': 0.9349728127645922, 'precision_macro': 0.9375654692015459, 'precision_micro': 0.9351897894911321, 'precision_weighted': 0.9371068739251985, 'recall_macro': 0.9329762114292872, 'recall_micro': 0.9351897894911321, 'recall_weighted': 0.9351897894911321}
-----------------------
Epoch 23/100
Training statistic: Loss: 0.4486, train_score: {'accuracy': 0.870196114060249, 'balanced_accuracy': 0.8489907159446057, 'f1_macro': 0.8619499481029302, 'f1_micro': 0.870196114060249, 'f1_weighted': 0.8694206659030196, 'precision_macro': 0.8778216636594003, 'precision_micro': 0.870196114060249, 'precision_weighted': 0.8705879294641167, 'recall_macro': 0.8489907159446057, 'recall_micro': 0.870196114060249, 'recall_weighted': 0.870196114060249}
Validation statistic: Loss: 0.2269, dev_score: {'accuracy': 0.9421515000828775, 'balanced_accuracy': 0.9405584026946808, 'f1_macro': 0.9411512893157552, 'f1_micro': 0.9421515000828775, 'f1_weighted': 0.941903317805768, 'precision_macro': 0.9427183234072976, 'precision_micro': 0.9421515000828775, 'precision_weighted': 0.9426013450469098, 'recall_macro': 0.9405584026946808, 'recall_micro': 0.9421515000828775, 'recall_weighted': 0.9421515000828775}
Saving model...
Model saved!
-------------------------------------------
-----------------------
Epoch 24/100
Training statistic: Loss: 0.4499, train_score: {'accuracy': 0.8700338754266876, 'balanced_accuracy': 0.846577433314059, 'f1_macro': 0.8606671017420805, 'f1_micro': 0.8700338754266876, 'f1_weighted': 0.8690848440120644, 'precision_macro': 0.8789506375003457, 'precision_micro': 0.8700338754266876, 'precision_weighted': 0.8708151933280057, 'recall_macro': 0.846577433314059, 'recall_micro': 0.8700338754266876, 'recall_weighted': 0.8700338754266876}
Validation statistic: Loss: 0.2319, dev_score: {'accuracy': 0.9409912149842533, 'balanced_accuracy': 0.9392083206559075, 'f1_macro': 0.9399097482486498, 'f1_micro': 0.9409912149842533, 'f1_weighted': 0.9407825890518748, 'precision_macro': 0.9420042765894527, 'precision_micro': 0.9409912149842533, 'precision_weighted': 0.9419115869751717, 'recall_macro': 0.9392083206559075, 'recall_micro': 0.9409912149842533, 'recall_weighted': 0.9409912149842533}
-----------------------
Epoch 25/100
Training statistic: Loss: 0.4469, train_score: {'accuracy': 0.8737069580905161, 'balanced_accuracy': 0.8518465410311666, 'f1_macro': 0.8646774899958587, 'f1_micro': 0.8737069580905161, 'f1_weighted': 0.8729628722042001, 'precision_macro': 0.8801741515883276, 'precision_micro': 0.8737069580905161, 'precision_weighted': 0.8740071198627191, 'recall_macro': 0.8518465410311666, 'recall_micro': 0.8737069580905161, 'recall_weighted': 0.8737069580905161}
Validation statistic: Loss: 0.2276, dev_score: {'accuracy': 0.9441405602519476, 'balanced_accuracy': 0.9424836582098642, 'f1_macro': 0.9432207685486524, 'f1_micro': 0.9441405602519476, 'f1_weighted': 0.9439459441240075, 'precision_macro': 0.9452430568443428, 'precision_micro': 0.9441405602519476, 'precision_weighted': 0.9450105946246528, 'recall_macro': 0.9424836582098642, 'recall_micro': 0.9441405602519476, 'recall_weighted': 0.9441405602519476}
-----------------------
Epoch 26/100
Training statistic: Loss: 0.4453, train_score: {'accuracy': 0.8733500330966812, 'balanced_accuracy': 0.851619786943521, 'f1_macro': 0.8636569158145658, 'f1_micro': 0.8733500330966812, 'f1_weighted': 0.8724296914027241, 'precision_macro': 0.8794528824521697, 'precision_micro': 0.8733500330966812, 'precision_weighted': 0.8737868228052115, 'recall_macro': 0.851619786943521, 'recall_micro': 0.8733500330966812, 'recall_weighted': 0.8733500330966812}
Validation statistic: Loss: 0.2302, dev_score: {'accuracy': 0.9408254599701641, 'balanced_accuracy': 0.9389445244809125, 'f1_macro': 0.9401314636580154, 'f1_micro': 0.9408254599701641, 'f1_weighted': 0.9406537655582511, 'precision_macro': 0.9431158964816604, 'precision_micro': 0.9408254599701641, 'precision_weighted': 0.9422518514452586, 'recall_macro': 0.9389445244809125, 'recall_micro': 0.9408254599701641, 'recall_weighted': 0.9408254599701641}
-----------------------
Epoch 27/100
Training statistic: Loss: 0.4441, train_score: {'accuracy': 0.8730255558295585, 'balanced_accuracy': 0.848057406558788, 'f1_macro': 0.8631993736571107, 'f1_micro': 0.8730255558295585, 'f1_weighted': 0.8719364554656306, 'precision_macro': 0.8826923617920193, 'precision_micro': 0.8730255558295585, 'precision_weighted': 0.8737280887699821, 'recall_macro': 0.848057406558788, 'recall_micro': 0.8730255558295585, 'recall_weighted': 0.8730255558295585}
Validation statistic: Loss: 0.2391, dev_score: {'accuracy': 0.9390021548151831, 'balanced_accuracy': 0.936809513050853, 'f1_macro': 0.9377794481312508, 'f1_micro': 0.9390021548151831, 'f1_weighted': 0.9387263206318855, 'precision_macro': 0.9409233613424165, 'precision_micro': 0.9390021548151831, 'precision_weighted': 0.9405434886556586, 'recall_macro': 0.936809513050853, 'recall_micro': 0.9390021548151831, 'recall_weighted': 0.9390021548151831}
-----------------------
Epoch 28/100
Training statistic: Loss: 0.4419, train_score: {'accuracy': 0.8724025594766831, 'balanced_accuracy': 0.851768865298542, 'f1_macro': 0.8635094641165617, 'f1_micro': 0.8724025594766831, 'f1_weighted': 0.8714347990149051, 'precision_macro': 0.8794243889138809, 'precision_micro': 0.8724025594766831, 'precision_weighted': 0.8731267110469537, 'recall_macro': 0.851768865298542, 'recall_micro': 0.8724025594766831, 'recall_weighted': 0.8724025594766831}
Validation statistic: Loss: 0.2345, dev_score: {'accuracy': 0.9391679098292723, 'balanced_accuracy': 0.9376053690823485, 'f1_macro': 0.9382585237497609, 'f1_micro': 0.9391679098292723, 'f1_weighted': 0.938978480149846, 'precision_macro': 0.9406098094041733, 'precision_micro': 0.9391679098292723, 'precision_weighted': 0.9404229782697048, 'recall_macro': 0.9376053690823485, 'recall_micro': 0.9391679098292723, 'recall_weighted': 0.9391679098292723}
-----------------------
Epoch 29/100
Training statistic: Loss: 0.4365, train_score: {'accuracy': 0.8749464612509248, 'balanced_accuracy': 0.85182661639995, 'f1_macro': 0.8660555359638605, 'f1_micro': 0.8749464612509248, 'f1_weighted': 0.8740584574856076, 'precision_macro': 0.8840126133223905, 'precision_micro': 0.8749464612509248, 'precision_weighted': 0.8755509865925521, 'recall_macro': 0.85182661639995, 'recall_micro': 0.8749464612509248, 'recall_weighted': 0.8749464612509248}
Validation statistic: Loss: 0.2350, dev_score: {'accuracy': 0.9380076247306481, 'balanced_accuracy': 0.9360624559676956, 'f1_macro': 0.9368997207365364, 'f1_micro': 0.9380076247306481, 'f1_weighted': 0.9377596885038558, 'precision_macro': 0.9392107876472204, 'precision_micro': 0.9380076247306481, 'precision_weighted': 0.9389462831704776, 'recall_macro': 0.9360624559676956, 'recall_micro': 0.9380076247306481, 'recall_weighted': 0.9380076247306481}
-----------------------
Epoch 30/100
Training statistic: Loss: 0.4361, train_score: {'accuracy': 0.8769192830350305, 'balanced_accuracy': 0.853357546319741, 'f1_macro': 0.8681462570424887, 'f1_micro': 0.8769192830350305, 'f1_weighted': 0.8759858802041239, 'precision_macro': 0.8872052330407281, 'precision_micro': 0.8769192830350305, 'precision_weighted': 0.8778817483663002, 'recall_macro': 0.853357546319741, 'recall_micro': 0.8769192830350305, 'recall_weighted': 0.8769192830350305}
Validation statistic: Loss: 0.2318, dev_score: {'accuracy': 0.9403281949278965, 'balanced_accuracy': 0.9387052517864589, 'f1_macro': 0.9392381090238533, 'f1_micro': 0.9403281949278965, 'f1_weighted': 0.9400961034622599, 'precision_macro': 0.941567349333635, 'precision_micro': 0.9403281949278965, 'precision_weighted': 0.9415871981917272, 'recall_macro': 0.9387052517864589, 'recall_micro': 0.9403281949278965, 'recall_weighted': 0.9403281949278965}
-----------------------
Epoch 31/100
Training statistic: Loss: 0.4239, train_score: {'accuracy': 0.879287967085026, 'balanced_accuracy': 0.8582575077965815, 'f1_macro': 0.870985765333548, 'f1_micro': 0.879287967085026, 'f1_weighted': 0.8783891148419604, 'precision_macro': 0.8866229598521542, 'precision_micro': 0.879287967085026, 'precision_weighted': 0.8795526540886467, 'recall_macro': 0.8582575077965815, 'recall_micro': 0.879287967085026, 'recall_weighted': 0.879287967085026}
Validation statistic: Loss: 0.2154, dev_score: {'accuracy': 0.9453008453505719, 'balanced_accuracy': 0.944121375236989, 'f1_macro': 0.9442705889146591, 'f1_micro': 0.9453008453505719, 'f1_weighted': 0.9449501969001783, 'precision_macro': 0.9452006820933925, 'precision_micro': 0.9453008453505719, 'precision_weighted': 0.945386221719808, 'recall_macro': 0.944121375236989, 'recall_micro': 0.9453008453505719, 'recall_weighted': 0.9453008453505719}
Saving model...
Model saved!
-------------------------------------------
-----------------------
Epoch 32/100
Training statistic: Loss: 0.4252, train_score: {'accuracy': 0.8775877062053032, 'balanced_accuracy': 0.8573995551728414, 'f1_macro': 0.8692946086913789, 'f1_micro': 0.8775877062053032, 'f1_weighted': 0.8767345797283785, 'precision_macro': 0.8844020828776354, 'precision_micro': 0.8775877062053032, 'precision_weighted': 0.8780991339608528, 'recall_macro': 0.8573995551728414, 'recall_micro': 0.8775877062053032, 'recall_weighted': 0.8775877062053032}
Validation statistic: Loss: 0.2189, dev_score: {'accuracy': 0.9434775401955909, 'balanced_accuracy': 0.941853585063541, 'f1_macro': 0.9425678694825234, 'f1_micro': 0.9434775401955909, 'f1_weighted': 0.9432943481531432, 'precision_macro': 0.9444588974002345, 'precision_micro': 0.9434775401955909, 'precision_weighted': 0.9442727908616904, 'recall_macro': 0.941853585063541, 'recall_micro': 0.9434775401955909, 'recall_weighted': 0.9434775401955909}
-----------------------
Epoch 33/100
Training statistic: Loss: 0.4230, train_score: {'accuracy': 0.8792490298129713, 'balanced_accuracy': 0.8569166086010144, 'f1_macro': 0.8708432411303931, 'f1_micro': 0.8792490298129713, 'f1_weighted': 0.8784055513950693, 'precision_macro': 0.8886209953903537, 'precision_micro': 0.8792490298129713, 'precision_weighted': 0.8799628038910503, 'recall_macro': 0.8569166086010144, 'recall_micro': 0.8792490298129713, 'recall_weighted': 0.8792490298129713}
Validation statistic: Loss: 0.2239, dev_score: {'accuracy': 0.9413227250124316, 'balanced_accuracy': 0.9397105219851701, 'f1_macro': 0.9405147583135539, 'f1_micro': 0.9413227250124316, 'f1_weighted': 0.9410526550331569, 'precision_macro': 0.9434016107011833, 'precision_micro': 0.9413227250124316, 'precision_weighted': 0.9428156247471186, 'recall_macro': 0.9397105219851701, 'recall_micro': 0.9413227250124316, 'recall_weighted': 0.9413227250124316}
-----------------------
Epoch 34/100
Training statistic: Loss: 0.4263, train_score: {'accuracy': 0.8789764689085883, 'balanced_accuracy': 0.855518194071229, 'f1_macro': 0.8695830901309991, 'f1_micro': 0.8789764689085883, 'f1_weighted': 0.8780424438039146, 'precision_macro': 0.8877098727995311, 'precision_micro': 0.8789764689085883, 'precision_weighted': 0.8795884933076006, 'recall_macro': 0.855518194071229, 'recall_micro': 0.8789764689085883, 'recall_weighted': 0.8789764689085883}
Validation statistic: Loss: 0.2357, dev_score: {'accuracy': 0.937013094646113, 'balanced_accuracy': 0.9347989841218883, 'f1_macro': 0.9360054769802864, 'f1_micro': 0.937013094646113, 'f1_weighted': 0.9366990087619625, 'precision_macro': 0.939489083558847, 'precision_micro': 0.937013094646113, 'precision_weighted': 0.9386308528477176, 'recall_macro': 0.9347989841218883, 'recall_micro': 0.937013094646113, 'recall_weighted': 0.937013094646113}
-----------------------
Epoch 35/100
Training statistic: Loss: 0.4196, train_score: {'accuracy': 0.8818124002232404, 'balanced_accuracy': 0.8621662880427701, 'f1_macro': 0.8744523656725216, 'f1_micro': 0.8818124002232404, 'f1_weighted': 0.8811272858085638, 'precision_macro': 0.889416077498492, 'precision_micro': 0.8818124002232404, 'precision_weighted': 0.8822497303347641, 'recall_macro': 0.8621662880427701, 'recall_micro': 0.8818124002232404, 'recall_weighted': 0.8818124002232404}
Validation statistic: Loss: 0.2130, dev_score: {'accuracy': 0.9453008453505719, 'balanced_accuracy': 0.9438283682147229, 'f1_macro': 0.944559660081867, 'f1_micro': 0.9453008453505719, 'f1_weighted': 0.9451111282020628, 'precision_macro': 0.9462951142494745, 'precision_micro': 0.9453008453505719, 'precision_weighted': 0.9459136200348498, 'recall_macro': 0.9438283682147229, 'recall_micro': 0.9453008453505719, 'recall_weighted': 0.9453008453505719}
Saving model...
Model saved!
-------------------------------------------
-----------------------
Epoch 36/100
Training statistic: Loss: 0.4191, train_score: {'accuracy': 0.8800861811621478, 'balanced_accuracy': 0.8561443979289814, 'f1_macro': 0.871578981951701, 'f1_micro': 0.8800861811621478, 'f1_weighted': 0.8793019325104617, 'precision_macro': 0.8910578896628449, 'precision_micro': 0.8800861811621478, 'precision_weighted': 0.8811578482561215, 'recall_macro': 0.8561443979289814, 'recall_micro': 0.8800861811621478, 'recall_weighted': 0.8800861811621478}
Validation statistic: Loss: 0.2229, dev_score: {'accuracy': 0.94364329520968, 'balanced_accuracy': 0.9418174944625652, 'f1_macro': 0.9425924585901087, 'f1_micro': 0.94364329520968, 'f1_weighted': 0.9434105344113083, 'precision_macro': 0.9449156352270366, 'precision_micro': 0.94364329520968, 'precision_weighted': 0.9446809140895782, 'recall_macro': 0.9418174944625652, 'recall_micro': 0.94364329520968, 'recall_weighted': 0.94364329520968}
-----------------------
Epoch 37/100
Training statistic: Loss: 0.4118, train_score: {'accuracy': 0.8838371383700858, 'balanced_accuracy': 0.8647548269432356, 'f1_macro': 0.8766747479662282, 'f1_micro': 0.8838371383700858, 'f1_weighted': 0.8831591113939249, 'precision_macro': 0.8912568891122856, 'precision_micro': 0.8838371383700858, 'precision_weighted': 0.8842110300247903, 'recall_macro': 0.8647548269432356, 'recall_micro': 0.8838371383700858, 'recall_weighted': 0.8838371383700858}
Validation statistic: Loss: 0.2183, dev_score: {'accuracy': 0.9439748052378585, 'balanced_accuracy': 0.9424504372021859, 'f1_macro': 0.9430456936064374, 'f1_micro': 0.9439748052378585, 'f1_weighted': 0.9437748156000466, 'precision_macro': 0.9447471176575185, 'precision_micro': 0.9439748052378585, 'precision_weighted': 0.9446523758049775, 'recall_macro': 0.9424504372021859, 'recall_micro': 0.9439748052378585, 'recall_weighted': 0.9439748052378585}
-----------------------
Epoch 38/100
Training statistic: Loss: 0.4098, train_score: {'accuracy': 0.8856671901566576, 'balanced_accuracy': 0.8651918376792395, 'f1_macro': 0.8782749204960085, 'f1_micro': 0.8856671901566576, 'f1_weighted': 0.885011583923718, 'precision_macro': 0.8942926434908754, 'precision_micro': 0.8856671901566576, 'precision_weighted': 0.8862596163584929, 'recall_macro': 0.8651918376792395, 'recall_micro': 0.8856671901566576, 'recall_weighted': 0.8856671901566576}
Validation statistic: Loss: 0.2086, dev_score: {'accuracy': 0.9476214155478203, 'balanced_accuracy': 0.9460918047614415, 'f1_macro': 0.9469011573559494, 'f1_micro': 0.9476214155478203, 'f1_weighted': 0.9474772908222773, 'precision_macro': 0.9487940245601383, 'precision_micro': 0.9476214155478203, 'precision_weighted': 0.9483939223119028, 'recall_macro': 0.9460918047614415, 'recall_micro': 0.9476214155478203, 'recall_weighted': 0.9476214155478203}
Saving model...
Model saved!
-------------------------------------------
-----------------------
Epoch 39/100
Training statistic: Loss: 0.4138, train_score: {'accuracy': 0.8835126611029631, 'balanced_accuracy': 0.8627317576317557, 'f1_macro': 0.8751969617638403, 'f1_micro': 0.8835126611029631, 'f1_weighted': 0.8826407523089673, 'precision_macro': 0.890660939071671, 'precision_micro': 0.8835126611029631, 'precision_weighted': 0.8837954173130518, 'recall_macro': 0.8627317576317557, 'recall_micro': 0.8835126611029631, 'recall_weighted': 0.8835126611029631}
Validation statistic: Loss: 0.2230, dev_score: {'accuracy': 0.9457981103928393, 'balanced_accuracy': 0.9441356405706834, 'f1_macro': 0.9447472902507226, 'f1_micro': 0.9457981103928393, 'f1_weighted': 0.9455730227485932, 'precision_macro': 0.9465011418752448, 'precision_micro': 0.9457981103928393, 'precision_weighted': 0.9464687658684168, 'recall_macro': 0.9441356405706834, 'recall_micro': 0.9457981103928393, 'recall_weighted': 0.9457981103928393}
-----------------------
Epoch 40/100
Training statistic: Loss: 0.4112, train_score: {'accuracy': 0.8851155788025491, 'balanced_accuracy': 0.8652320123107862, 'f1_macro': 0.876160493905096, 'f1_micro': 0.8851155788025491, 'f1_weighted': 0.884357479607185, 'precision_macro': 0.8894860996123256, 'precision_micro': 0.8851155788025491, 'precision_weighted': 0.8852217291273271, 'recall_macro': 0.8652320123107862, 'recall_micro': 0.8851155788025491, 'recall_weighted': 0.8851155788025491}
Validation statistic: Loss: 0.2293, dev_score: {'accuracy': 0.9408254599701641, 'balanced_accuracy': 0.9392216672651108, 'f1_macro': 0.9400058414934784, 'f1_micro': 0.9408254599701641, 'f1_weighted': 0.9406795934573056, 'precision_macro': 0.9418645010867503, 'precision_micro': 0.9408254599701641, 'precision_weighted': 0.9416270547296632, 'recall_macro': 0.9392216672651108, 'recall_micro': 0.9408254599701641, 'recall_weighted': 0.9408254599701641}
-----------------------
Epoch 41/100
Training statistic: Loss: 0.4022, train_score: {'accuracy': 0.8873674510363804, 'balanced_accuracy': 0.8679816726777704, 'f1_macro': 0.8797298931590483, 'f1_micro': 0.8873674510363804, 'f1_weighted': 0.8867653070985756, 'precision_macro': 0.8937071748540699, 'precision_micro': 0.8873674510363804, 'precision_weighted': 0.8876508872396279, 'recall_macro': 0.8679816726777704, 'recall_micro': 0.8873674510363804, 'recall_weighted': 0.8873674510363804}
Validation statistic: Loss: 0.2114, dev_score: {'accuracy': 0.9451350903364827, 'balanced_accuracy': 0.943761235152307, 'f1_macro': 0.9445376580110262, 'f1_micro': 0.9451350903364827, 'f1_weighted': 0.9449718250282833, 'precision_macro': 0.9461852907582301, 'precision_micro': 0.9451350903364827, 'precision_weighted': 0.9456898944097893, 'recall_macro': 0.943761235152307, 'recall_micro': 0.9451350903364827, 'recall_weighted': 0.9451350903364827}
-----------------------
Epoch 42/100
Training statistic: Loss: 0.4029, train_score: {'accuracy': 0.8878866146637766, 'balanced_accuracy': 0.8675141138703418, 'f1_macro': 0.8806847769045852, 'f1_micro': 0.8878866146637766, 'f1_weighted': 0.8872610179230165, 'precision_macro': 0.8967298772383433, 'precision_micro': 0.8878866146637766, 'precision_weighted': 0.8885192242099409, 'recall_macro': 0.8675141138703418, 'recall_micro': 0.8878866146637766, 'recall_weighted': 0.8878866146637766}
Validation statistic: Loss: 0.2065, dev_score: {'accuracy': 0.9466268854632852, 'balanced_accuracy': 0.9452155347154724, 'f1_macro': 0.9459700028252149, 'f1_micro': 0.9466268854632852, 'f1_weighted': 0.9464062922589792, 'precision_macro': 0.9477209139320729, 'precision_micro': 0.9466268854632852, 'precision_weighted': 0.9471809561301257, 'recall_macro': 0.9452155347154724, 'recall_micro': 0.9466268854632852, 'recall_weighted': 0.9466268854632852}
Saving model...
Model saved!
-------------------------------------------
-----------------------
Epoch 43/100
Training statistic: Loss: 0.3979, train_score: {'accuracy': 0.8886004646514465, 'balanced_accuracy': 0.8703415244114117, 'f1_macro': 0.8817716396831561, 'f1_micro': 0.8886004646514465, 'f1_weighted': 0.8879356426714328, 'precision_macro': 0.8955133944232673, 'precision_micro': 0.8886004646514465, 'precision_weighted': 0.8889629463666175, 'recall_macro': 0.8703415244114117, 'recall_micro': 0.8886004646514465, 'recall_weighted': 0.8886004646514465}
Validation statistic: Loss: 0.2066, dev_score: {'accuracy': 0.9449693353223935, 'balanced_accuracy': 0.9434025701948814, 'f1_macro': 0.9443011153149505, 'f1_micro': 0.9449693353223935, 'f1_weighted': 0.9448121740578528, 'precision_macro': 0.9461496702098262, 'precision_micro': 0.9449693353223935, 'precision_weighted': 0.945623490715129, 'recall_macro': 0.9434025701948814, 'recall_micro': 0.9449693353223935, 'recall_weighted': 0.9449693353223935}
-----------------------
Epoch 44/100
Training statistic: Loss: 0.4000, train_score: {'accuracy': 0.8887172764676107, 'balanced_accuracy': 0.8701353879885192, 'f1_macro': 0.8805804677346373, 'f1_micro': 0.8887172764676107, 'f1_weighted': 0.8880687810511169, 'precision_macro': 0.8934484056726288, 'precision_micro': 0.8887172764676107, 'precision_weighted': 0.8889225690088812, 'recall_macro': 0.8701353879885192, 'recall_micro': 0.8887172764676107, 'recall_weighted': 0.8887172764676107}
Validation statistic: Loss: 0.2280, dev_score: {'accuracy': 0.9413227250124316, 'balanced_accuracy': 0.939446888821967, 'f1_macro': 0.9404658289475132, 'f1_micro': 0.9413227250124316, 'f1_weighted': 0.9410936408754531, 'precision_macro': 0.9427370664689334, 'precision_micro': 0.9413227250124316, 'precision_weighted': 0.9421095868945918, 'recall_macro': 0.939446888821967, 'recall_micro': 0.9413227250124316, 'recall_weighted': 0.9413227250124316}
-----------------------
Epoch 45/100
Training statistic: Loss: 0.3904, train_score: {'accuracy': 0.8920009864108921, 'balanced_accuracy': 0.8752995675372383, 'f1_macro': 0.8856559006013078, 'f1_micro': 0.8920009864108921, 'f1_weighted': 0.8915628117554734, 'precision_macro': 0.8981019392454934, 'precision_micro': 0.8920009864108921, 'precision_weighted': 0.8924141484883988, 'recall_macro': 0.8752995675372383, 'recall_micro': 0.8920009864108921, 'recall_weighted': 0.8920009864108921}
Validation statistic: Loss: 0.1894, dev_score: {'accuracy': 0.9515995358859606, 'balanced_accuracy': 0.9503519255601303, 'f1_macro': 0.9511234694822368, 'f1_micro': 0.9515995358859606, 'f1_weighted': 0.9515186515657038, 'precision_macro': 0.9525951155039868, 'precision_micro': 0.9515995358859606, 'precision_weighted': 0.9521304281537116, 'recall_macro': 0.9503519255601303, 'recall_micro': 0.9515995358859606, 'recall_weighted': 0.9515995358859606}
Saving model...
Model saved!
-------------------------------------------
-----------------------
Epoch 46/100
Training statistic: Loss: 0.3972, train_score: {'accuracy': 0.8902617882591146, 'balanced_accuracy': 0.8705517298677066, 'f1_macro': 0.8825270298588622, 'f1_micro': 0.8902617882591146, 'f1_weighted': 0.8895780703927292, 'precision_macro': 0.8969586408941925, 'precision_micro': 0.8902617882591146, 'precision_weighted': 0.8905763001753005, 'recall_macro': 0.8705517298677066, 'recall_micro': 0.8902617882591146, 'recall_weighted': 0.8902617882591146}
Validation statistic: Loss: 0.2179, dev_score: {'accuracy': 0.94364329520968, 'balanced_accuracy': 0.9421208834926759, 'f1_macro': 0.9430919737793646, 'f1_micro': 0.94364329520968, 'f1_weighted': 0.9434746725346947, 'precision_macro': 0.9454322641591164, 'precision_micro': 0.94364329520968, 'precision_weighted': 0.9446661506458881, 'recall_macro': 0.9421208834926759, 'recall_micro': 0.94364329520968, 'recall_weighted': 0.94364329520968}
-----------------------
Epoch 47/100
Training statistic: Loss: 0.3940, train_score: {'accuracy': 0.8923903591314393, 'balanced_accuracy': 0.8731457268869827, 'f1_macro': 0.885209613463655, 'f1_micro': 0.8923903591314393, 'f1_weighted': 0.8917398390854099, 'precision_macro': 0.9000183440133517, 'precision_micro': 0.8923903591314393, 'precision_weighted': 0.8929450186189284, 'recall_macro': 0.8731457268869827, 'recall_micro': 0.8923903591314393, 'recall_weighted': 0.8923903591314393}
Validation statistic: Loss: 0.2041, dev_score: {'accuracy': 0.945466600364661, 'balanced_accuracy': 0.9440115457923209, 'f1_macro': 0.9448128354190996, 'f1_micro': 0.945466600364661, 'f1_weighted': 0.9453037744819047, 'precision_macro': 0.9468455227055242, 'precision_micro': 0.945466600364661, 'precision_weighted': 0.9463431131493307, 'recall_macro': 0.9440115457923209, 'recall_micro': 0.945466600364661, 'recall_weighted': 0.945466600364661}
-----------------------
Epoch 48/100
Training statistic: Loss: 0.3863, train_score: {'accuracy': 0.8916375718717147, 'balanced_accuracy': 0.871736553073665, 'f1_macro': 0.8842929974749861, 'f1_micro': 0.8916375718717147, 'f1_weighted': 0.8910468742258577, 'precision_macro': 0.8994589813423666, 'precision_micro': 0.8916375718717147, 'precision_weighted': 0.8921652581362737, 'recall_macro': 0.871736553073665, 'recall_micro': 0.8916375718717147, 'recall_weighted': 0.8916375718717147}
Validation statistic: Loss: 0.2039, dev_score: {'accuracy': 0.9476214155478203, 'balanced_accuracy': 0.9462694102695555, 'f1_macro': 0.9470269258834187, 'f1_micro': 0.9476214155478203, 'f1_weighted': 0.9474313998911604, 'precision_macro': 0.9487410043805911, 'precision_micro': 0.9476214155478203, 'precision_weighted': 0.9481957015284735, 'recall_macro': 0.9462694102695555, 'recall_micro': 0.9476214155478203, 'recall_weighted': 0.9476214155478203}
-----------------------
Epoch 49/100
Training statistic: Loss: 0.3882, train_score: {'accuracy': 0.8936233727465054, 'balanced_accuracy': 0.8755104966837012, 'f1_macro': 0.8864547253745254, 'f1_micro': 0.8936233727465054, 'f1_weighted': 0.8929294747602002, 'precision_macro': 0.8995766743580246, 'precision_micro': 0.8936233727465054, 'precision_weighted': 0.8937302331755733, 'recall_macro': 0.8755104966837012, 'recall_micro': 0.8936233727465054, 'recall_weighted': 0.8936233727465054}
Validation statistic: Loss: 0.2037, dev_score: {'accuracy': 0.9476214155478203, 'balanced_accuracy': 0.9462467294880422, 'f1_macro': 0.946957915853908, 'f1_micro': 0.9476214155478203, 'f1_weighted': 0.9474343969556313, 'precision_macro': 0.9485657525641891, 'precision_micro': 0.9476214155478203, 'precision_weighted': 0.9481395787747683, 'recall_macro': 0.9462467294880422, 'recall_micro': 0.9476214155478203, 'recall_weighted': 0.9476214155478203}
-----------------------
Epoch 50/100
Training statistic: Loss: 0.3823, train_score: {'accuracy': 0.8949277713603385, 'balanced_accuracy': 0.8760069862328036, 'f1_macro': 0.8876938250185067, 'f1_micro': 0.8949277713603385, 'f1_weighted': 0.8942606591142997, 'precision_macro': 0.9018969727167873, 'precision_micro': 0.8949277713603385, 'precision_weighted': 0.8952389501107899, 'recall_macro': 0.8760069862328036, 'recall_micro': 0.8949277713603385, 'recall_weighted': 0.8949277713603385}
Validation statistic: Loss: 0.1986, dev_score: {'accuracy': 0.9479529255759986, 'balanced_accuracy': 0.9464287140319391, 'f1_macro': 0.9473314321618677, 'f1_micro': 0.9479529255759986, 'f1_weighted': 0.9478019662768888, 'precision_macro': 0.9493096145137286, 'precision_micro': 0.9479529255759986, 'precision_weighted': 0.9487013579263813, 'recall_macro': 0.9464287140319391, 'recall_micro': 0.9479529255759986, 'recall_weighted': 0.9479529255759986}
-----------------------
Epoch 51/100
Training statistic: Loss: 0.3842, train_score: {'accuracy': 0.8955897049852687, 'balanced_accuracy': 0.879604311846274, 'f1_macro': 0.8895028720477527, 'f1_micro': 0.8955897049852687, 'f1_weighted': 0.8951281050538427, 'precision_macro': 0.9011119247535664, 'precision_micro': 0.8955897049852687, 'precision_weighted': 0.8958394198631054, 'recall_macro': 0.879604311846274, 'recall_micro': 0.8955897049852687, 'recall_weighted': 0.8955897049852687}
Validation statistic: Loss: 0.1876, dev_score: {'accuracy': 0.9501077407591579, 'balanced_accuracy': 0.9487118656934989, 'f1_macro': 0.9495133508117114, 'f1_micro': 0.9501077407591579, 'f1_weighted': 0.9499798379522323, 'precision_macro': 0.9510958014890925, 'precision_micro': 0.9501077407591579, 'precision_weighted': 0.9506206547552284, 'recall_macro': 0.9487118656934989, 'recall_micro': 0.9501077407591579, 'recall_weighted': 0.9501077407591579}
Saving model...
Model saved!
-------------------------------------------
-----------------------
Epoch 52/100
Training statistic: Loss: 0.3799, train_score: {'accuracy': 0.8969849572338962, 'balanced_accuracy': 0.8790595003241937, 'f1_macro': 0.8902034612429466, 'f1_micro': 0.8969849572338962, 'f1_weighted': 0.8964677453188685, 'precision_macro': 0.903385102761673, 'precision_micro': 0.8969849572338962, 'precision_weighted': 0.8972934848713775, 'recall_macro': 0.8790595003241937, 'recall_micro': 0.8969849572338962, 'recall_weighted': 0.8969849572338962}
Validation statistic: Loss: 0.1966, dev_score: {'accuracy': 0.9499419857450688, 'balanced_accuracy': 0.948511508064201, 'f1_macro': 0.9492670290697729, 'f1_micro': 0.9499419857450688, 'f1_weighted': 0.9497723029514523, 'precision_macro': 0.9509114596358794, 'precision_micro': 0.9499419857450688, 'precision_weighted': 0.9504822816793959, 'recall_macro': 0.948511508064201, 'recall_micro': 0.9499419857450688, 'recall_weighted': 0.9499419857450688}
-----------------------
Epoch 53/100
Training statistic: Loss: 0.3745, train_score: {'accuracy': 0.8958103495269122, 'balanced_accuracy': 0.8789614501833999, 'f1_macro': 0.8890598334894717, 'f1_micro': 0.8958103495269122, 'f1_weighted': 0.8952957341302282, 'precision_macro': 0.9005875618816066, 'precision_micro': 0.8958103495269122, 'precision_weighted': 0.8958662100573858, 'recall_macro': 0.8789614501833999, 'recall_micro': 0.8958103495269122, 'recall_weighted': 0.8958103495269122}
Validation statistic: Loss: 0.1846, dev_score: {'accuracy': 0.9515995358859606, 'balanced_accuracy': 0.9504466436933363, 'f1_macro': 0.9510325566119062, 'f1_micro': 0.9515995358859606, 'f1_weighted': 0.9514990419529773, 'precision_macro': 0.952307613928, 'precision_micro': 0.9515995358859606, 'precision_weighted': 0.9520810101174271, 'recall_macro': 0.9504466436933363, 'recall_micro': 0.9515995358859606, 'recall_weighted': 0.9515995358859606}
Saving model...
Model saved!
-------------------------------------------
-----------------------
Epoch 54/100
Training statistic: Loss: 0.3770, train_score: {'accuracy': 0.898198502212935, 'balanced_accuracy': 0.8807588119554168, 'f1_macro': 0.8916739801998579, 'f1_micro': 0.898198502212935, 'f1_weighted': 0.8977136590800973, 'precision_macro': 0.9045416957616794, 'precision_micro': 0.898198502212935, 'precision_weighted': 0.8985022359263832, 'recall_macro': 0.8807588119554168, 'recall_micro': 0.898198502212935, 'recall_weighted': 0.898198502212935}
Validation statistic: Loss: 0.1939, dev_score: {'accuracy': 0.9496104757168904, 'balanced_accuracy': 0.9482715106644702, 'f1_macro': 0.9490229542249686, 'f1_micro': 0.9496104757168904, 'f1_weighted': 0.9494900211215493, 'precision_macro': 0.9506440436043588, 'precision_micro': 0.9496104757168904, 'precision_weighted': 0.9502235603406252, 'recall_macro': 0.9482715106644702, 'recall_micro': 0.9496104757168904, 'recall_weighted': 0.9496104757168904}
-----------------------
Epoch 55/100
Training statistic: Loss: 0.3829, train_score: {'accuracy': 0.8968421872363622, 'balanced_accuracy': 0.8767077254741542, 'f1_macro': 0.8894518951795962, 'f1_micro': 0.8968421872363622, 'f1_weighted': 0.8962273898284149, 'precision_macro': 0.9049946860293415, 'precision_micro': 0.8968421872363622, 'precision_weighted': 0.8975355755286394, 'recall_macro': 0.8767077254741542, 'recall_micro': 0.8968421872363622, 'recall_weighted': 0.8968421872363622}
Validation statistic: Loss: 0.2064, dev_score: {'accuracy': 0.9451350903364827, 'balanced_accuracy': 0.9435566428271758, 'f1_macro': 0.9442990366200725, 'f1_micro': 0.9451350903364827, 'f1_weighted': 0.9449664519781837, 'precision_macro': 0.9462144520831262, 'precision_micro': 0.9451350903364827, 'precision_weighted': 0.9459452552229294, 'recall_macro': 0.9435566428271758, 'recall_micro': 0.9451350903364827, 'recall_weighted': 0.9451350903364827}
-----------------------
Epoch 56/100
Training statistic: Loss: 0.3781, train_score: {'accuracy': 0.8970238945059509, 'balanced_accuracy': 0.8800951184015819, 'f1_macro': 0.890033401065431, 'f1_micro': 0.8970238945059509, 'f1_weighted': 0.8965060671686014, 'precision_macro': 0.9022440028537335, 'precision_micro': 0.8970238945059509, 'precision_weighted': 0.8974021671804531, 'recall_macro': 0.8800951184015819, 'recall_micro': 0.8970238945059509, 'recall_weighted': 0.8970238945059509}
Validation statistic: Loss: 0.1984, dev_score: {'accuracy': 0.9476214155478203, 'balanced_accuracy': 0.9461833640996083, 'f1_macro': 0.9470100893179308, 'f1_micro': 0.9476214155478203, 'f1_weighted': 0.9474939958221125, 'precision_macro': 0.948785453280237, 'precision_micro': 0.9476214155478203, 'precision_weighted': 0.9483041212662404, 'recall_macro': 0.9461833640996083, 'recall_micro': 0.9476214155478203, 'recall_weighted': 0.9476214155478203}
-----------------------
Epoch 57/100
Training statistic: Loss: 0.3746, train_score: {'accuracy': 0.8980297740340312, 'balanced_accuracy': 0.8802367380893228, 'f1_macro': 0.8914296289058841, 'f1_micro': 0.8980297740340312, 'f1_weighted': 0.897392453715591, 'precision_macro': 0.9052663498030089, 'precision_micro': 0.8980297740340312, 'precision_weighted': 0.8985077859296174, 'recall_macro': 0.8802367380893228, 'recall_micro': 0.8980297740340312, 'recall_weighted': 0.8980297740340312}
Validation statistic: Loss: 0.2042, dev_score: {'accuracy': 0.9477871705619095, 'balanced_accuracy': 0.9463702191163355, 'f1_macro': 0.9471645420189774, 'f1_micro': 0.9477871705619095, 'f1_weighted': 0.9477017367226321, 'precision_macro': 0.9489482397781721, 'precision_micro': 0.9477871705619095, 'precision_weighted': 0.9485826314747757, 'recall_macro': 0.9463702191163355, 'recall_micro': 0.9477871705619095, 'recall_weighted': 0.9477871705619095}
-----------------------
Epoch 58/100
Training statistic: Loss: 0.3707, train_score: {'accuracy': 0.9006775085337522, 'balanced_accuracy': 0.8820865264464877, 'f1_macro': 0.8939425372488431, 'f1_micro': 0.9006775085337522, 'f1_weighted': 0.9002102955327882, 'precision_macro': 0.9081437470330253, 'precision_micro': 0.9006775085337522, 'precision_weighted': 0.9012139381715484, 'recall_macro': 0.8820865264464877, 'recall_micro': 0.9006775085337522, 'recall_weighted': 0.9006775085337522}
Validation statistic: Loss: 0.1921, dev_score: {'accuracy': 0.9504392507873363, 'balanced_accuracy': 0.9491906330661093, 'f1_macro': 0.9498462333874006, 'f1_micro': 0.9504392507873363, 'f1_weighted': 0.9503361400217692, 'precision_macro': 0.9512847690985481, 'precision_micro': 0.9504392507873363, 'precision_weighted': 0.9509987058826496, 'recall_macro': 0.9491906330661093, 'recall_micro': 0.9504392507873363, 'recall_weighted': 0.9504392507873363}
-----------------------
Epoch 59/100
Training statistic: Loss: 0.3660, train_score: {'accuracy': 0.9007748517138889, 'balanced_accuracy': 0.8835212618739308, 'f1_macro': 0.8936112718264762, 'f1_micro': 0.9007748517138889, 'f1_weighted': 0.9001638036249566, 'precision_macro': 0.9060476151679886, 'precision_micro': 0.9007748517138889, 'precision_weighted': 0.9010585445565166, 'recall_macro': 0.8835212618739308, 'recall_micro': 0.9007748517138889, 'recall_weighted': 0.9007748517138889}
Validation statistic: Loss: 0.1970, dev_score: {'accuracy': 0.949113210674623, 'balanced_accuracy': 0.947722898229293, 'f1_macro': 0.9484508770773609, 'f1_micro': 0.949113210674623, 'f1_weighted': 0.948981718418099, 'precision_macro': 0.9501966850813236, 'precision_micro': 0.949113210674623, 'precision_weighted': 0.9498383511686097, 'recall_macro': 0.947722898229293, 'recall_micro': 0.949113210674623, 'recall_weighted': 0.949113210674623}
-----------------------
Epoch 60/100
Training statistic: Loss: 0.3620, train_score: {'accuracy': 0.9019040326034758, 'balanced_accuracy': 0.8823504607615901, 'f1_macro': 0.8953837421399113, 'f1_micro': 0.9019040326034758, 'f1_weighted': 0.9013236195468964, 'precision_macro': 0.9110154469144245, 'precision_micro': 0.9019040326034758, 'precision_weighted': 0.9024847960139762, 'recall_macro': 0.8823504607615901, 'recall_micro': 0.9019040326034758, 'recall_weighted': 0.9019040326034758}
Validation statistic: Loss: 0.1950, dev_score: {'accuracy': 0.9479529255759986, 'balanced_accuracy': 0.9465410257123381, 'f1_macro': 0.9472836665643228, 'f1_micro': 0.9479529255759986, 'f1_weighted': 0.947843711940115, 'precision_macro': 0.9489665706458826, 'precision_micro': 0.9479529255759986, 'precision_weighted': 0.9486451481541165, 'recall_macro': 0.9465410257123381, 'recall_micro': 0.9479529255759986, 'recall_weighted': 0.9479529255759986}
-----------------------
Epoch 61/100
Training statistic: Loss: 0.3554, train_score: {'accuracy': 0.9040326034758005, 'balanced_accuracy': 0.8862014479124836, 'f1_macro': 0.8978081399638821, 'f1_micro': 0.9040326034758005, 'f1_weighted': 0.9035652468474202, 'precision_macro': 0.911427999884743, 'precision_micro': 0.9040326034758005, 'precision_weighted': 0.9044327299694565, 'recall_macro': 0.8862014479124836, 'recall_micro': 0.9040326034758005, 'recall_weighted': 0.9040326034758005}
Validation statistic: Loss: 0.1804, dev_score: {'accuracy': 0.9537543510691199, 'balanced_accuracy': 0.9524641046556054, 'f1_macro': 0.9531824488994992, 'f1_micro': 0.9537543510691199, 'f1_weighted': 0.9536003133248535, 'precision_macro': 0.954585858848897, 'precision_micro': 0.9537543510691199, 'precision_weighted': 0.9541248111707573, 'recall_macro': 0.9524641046556054, 'recall_micro': 0.9537543510691199, 'recall_weighted': 0.9537543510691199}
Saving model...
Model saved!
-------------------------------------------
-----------------------
Epoch 62/100
Training statistic: Loss: 0.3603, train_score: {'accuracy': 0.9027346944073098, 'balanced_accuracy': 0.8853595427032946, 'f1_macro': 0.8962110400330212, 'f1_micro': 0.9027346944073098, 'f1_weighted': 0.9022791818272481, 'precision_macro': 0.9094369538554741, 'precision_micro': 0.9027346944073098, 'precision_weighted': 0.9032572721385942, 'recall_macro': 0.8853595427032946, 'recall_micro': 0.9027346944073098, 'recall_weighted': 0.9027346944073098}
Validation statistic: Loss: 0.1978, dev_score: {'accuracy': 0.9486159456323554, 'balanced_accuracy': 0.9468938686485379, 'f1_macro': 0.9476709945455051, 'f1_micro': 0.9486159456323554, 'f1_weighted': 0.948467372588832, 'precision_macro': 0.949860393164115, 'precision_micro': 0.9486159456323554, 'precision_weighted': 0.9496649645240195, 'recall_macro': 0.9468938686485379, 'recall_micro': 0.9486159456323554, 'recall_weighted': 0.9486159456323554}
-----------------------
Epoch 63/100
Training statistic: Loss: 0.3623, train_score: {'accuracy': 0.902981297130323, 'balanced_accuracy': 0.8841997247222739, 'f1_macro': 0.8962491214465136, 'f1_micro': 0.902981297130323, 'f1_weighted': 0.9023468479207144, 'precision_macro': 0.9110127125936964, 'precision_micro': 0.902981297130323, 'precision_weighted': 0.9035065512233666, 'recall_macro': 0.8841997247222739, 'recall_micro': 0.902981297130323, 'recall_weighted': 0.902981297130323}
Validation statistic: Loss: 0.2068, dev_score: {'accuracy': 0.9464611304491961, 'balanced_accuracy': 0.9448681711492298, 'f1_macro': 0.9456359924271982, 'f1_micro': 0.9464611304491961, 'f1_weighted': 0.9462632779471122, 'precision_macro': 0.9480006839594421, 'precision_micro': 0.9464611304491961, 'precision_weighted': 0.9476191729671691, 'recall_macro': 0.9448681711492298, 'recall_micro': 0.9464611304491961, 'recall_weighted': 0.9464611304491961}
-----------------------
Epoch 64/100
Training statistic: Loss: 0.3575, train_score: {'accuracy': 0.9044674030137448, 'balanced_accuracy': 0.8859983868738602, 'f1_macro': 0.8977464648367933, 'f1_micro': 0.9044674030137448, 'f1_weighted': 0.9038394216700365, 'precision_macro': 0.9120945569084082, 'precision_micro': 0.9044674030137448, 'precision_weighted': 0.9048995626849574, 'recall_macro': 0.8859983868738602, 'recall_micro': 0.9044674030137448, 'recall_weighted': 0.9044674030137448}
Validation statistic: Loss: 0.1974, dev_score: {'accuracy': 0.9481186805900879, 'balanced_accuracy': 0.9466449756362142, 'f1_macro': 0.9473260685706922, 'f1_micro': 0.9481186805900879, 'f1_weighted': 0.9480035587483834, 'precision_macro': 0.9491254129622881, 'precision_micro': 0.9481186805900879, 'precision_weighted': 0.9489683518738321, 'recall_macro': 0.9466449756362142, 'recall_micro': 0.9481186805900879, 'recall_weighted': 0.9481186805900879}
-----------------------
Epoch 65/100
Training statistic: Loss: 0.3537, train_score: {'accuracy': 0.9058172284449751, 'balanced_accuracy': 0.888541265790099, 'f1_macro': 0.8998131153935089, 'f1_micro': 0.9058172284449751, 'f1_weighted': 0.9053961760938398, 'precision_macro': 0.9129670681872307, 'precision_micro': 0.9058172284449751, 'precision_weighted': 0.9062038617253658, 'recall_macro': 0.888541265790099, 'recall_micro': 0.9058172284449751, 'recall_weighted': 0.9058172284449751}
Validation statistic: Loss: 0.1893, dev_score: {'accuracy': 0.9512680258577823, 'balanced_accuracy': 0.9499315797871726, 'f1_macro': 0.950703743982122, 'f1_micro': 0.9512680258577823, 'f1_weighted': 0.9511612677645704, 'precision_macro': 0.9523458219341464, 'precision_micro': 0.9512680258577823, 'precision_weighted': 0.9519086649084454, 'recall_macro': 0.9499315797871726, 'recall_micro': 0.9512680258577823, 'recall_weighted': 0.9512680258577823}
-----------------------
Epoch 66/100
Training statistic: Loss: 0.3529, train_score: {'accuracy': 0.9063428816177138, 'balanced_accuracy': 0.8900654638539024, 'f1_macro': 0.9004520788398361, 'f1_micro': 0.9063428816177138, 'f1_weighted': 0.9059386335299817, 'precision_macro': 0.9128132398121604, 'precision_micro': 0.9063428816177138, 'precision_weighted': 0.9068028680556424, 'recall_macro': 0.8900654638539024, 'recall_micro': 0.9063428816177138, 'recall_weighted': 0.9063428816177138}
Validation statistic: Loss: 0.1848, dev_score: {'accuracy': 0.9527598209845848, 'balanced_accuracy': 0.9514895302037347, 'f1_macro': 0.9521350205824545, 'f1_micro': 0.9527598209845848, 'f1_weighted': 0.9526784075904018, 'precision_macro': 0.953546564294691, 'precision_micro': 0.9527598209845848, 'precision_weighted': 0.9533452276757709, 'recall_macro': 0.9514895302037347, 'recall_micro': 0.9527598209845848, 'recall_weighted': 0.9527598209845848}
-----------------------
Epoch 67/100
Training statistic: Loss: 0.3491, train_score: {'accuracy': 0.906057341622646, 'balanced_accuracy': 0.8869393684819465, 'f1_macro': 0.8992700637834214, 'f1_micro': 0.906057341622646, 'f1_weighted': 0.9055573319762249, 'precision_macro': 0.9138705679095581, 'precision_micro': 0.906057341622646, 'precision_weighted': 0.9066303641091523, 'recall_macro': 0.8869393684819465, 'recall_micro': 0.906057341622646, 'recall_weighted': 0.906057341622646}
Validation statistic: Loss: 0.1877, dev_score: {'accuracy': 0.9502734957732472, 'balanced_accuracy': 0.9488305827448891, 'f1_macro': 0.949632225013582, 'f1_micro': 0.9502734957732472, 'f1_weighted': 0.950159774054848, 'precision_macro': 0.9513968806116575, 'precision_micro': 0.9502734957732472, 'precision_weighted': 0.9509878621667875, 'recall_macro': 0.9488305827448891, 'recall_micro': 0.9502734957732472, 'recall_weighted': 0.9502734957732472}
-----------------------
Epoch 68/100
Training statistic: Loss: 0.3520, train_score: {'accuracy': 0.906816618427713, 'balanced_accuracy': 0.8893969353171624, 'f1_macro': 0.9003736085788117, 'f1_micro': 0.906816618427713, 'f1_weighted': 0.906300412774539, 'precision_macro': 0.9136252178658884, 'precision_micro': 0.906816618427713, 'precision_weighted': 0.9072146418155589, 'recall_macro': 0.8893969353171624, 'recall_micro': 0.906816618427713, 'recall_weighted': 0.906816618427713}
Validation statistic: Loss: 0.1962, dev_score: {'accuracy': 0.9479529255759986, 'balanced_accuracy': 0.9464545519268054, 'f1_macro': 0.9470823000550836, 'f1_micro': 0.9479529255759986, 'f1_weighted': 0.9477685100747586, 'precision_macro': 0.9488877645212084, 'precision_micro': 0.9479529255759986, 'precision_weighted': 0.948726845506489, 'recall_macro': 0.9464545519268054, 'recall_micro': 0.9479529255759986, 'recall_weighted': 0.9479529255759986}
-----------------------
Epoch 69/100
Training statistic: Loss: 0.3456, train_score: {'accuracy': 0.9076537697768894, 'balanced_accuracy': 0.8899872231789463, 'f1_macro': 0.90114064342466, 'f1_micro': 0.9076537697768894, 'f1_weighted': 0.9072561530540781, 'precision_macro': 0.9141366800687087, 'precision_micro': 0.9076537697768894, 'precision_weighted': 0.9080932743340197, 'recall_macro': 0.8899872231789463, 'recall_micro': 0.9076537697768894, 'recall_weighted': 0.9076537697768894}
Validation statistic: Loss: 0.1756, dev_score: {'accuracy': 0.9519310459141389, 'balanced_accuracy': 0.9508047959130023, 'f1_macro': 0.9513155979220942, 'f1_micro': 0.9519310459141389, 'f1_weighted': 0.9518277277957745, 'precision_macro': 0.9524593790157774, 'precision_micro': 0.9519310459141389, 'precision_weighted': 0.952338427833019, 'recall_macro': 0.9508047959130023, 'recall_micro': 0.9519310459141389, 'recall_weighted': 0.9519310459141389}
Saving model...
Model saved!
-------------------------------------------
-----------------------
Epoch 70/100
Training statistic: Loss: 0.3480, train_score: {'accuracy': 0.9081988915856555, 'balanced_accuracy': 0.8918325323108036, 'f1_macro': 0.9020051649417035, 'f1_micro': 0.9081988915856555, 'f1_weighted': 0.9077774025155387, 'precision_macro': 0.9140641620423893, 'precision_micro': 0.9081988915856555, 'precision_weighted': 0.9085395941652489, 'recall_macro': 0.8918325323108036, 'recall_micro': 0.9081988915856555, 'recall_weighted': 0.9081988915856555}
Validation statistic: Loss: 0.1932, dev_score: {'accuracy': 0.9514337808718714, 'balanced_accuracy': 0.9500192258130975, 'f1_macro': 0.9508383308181431, 'f1_micro': 0.9514337808718714, 'f1_weighted': 0.9513235655844037, 'precision_macro': 0.9526793977562871, 'precision_micro': 0.9514337808718714, 'precision_weighted': 0.9522155280190936, 'recall_macro': 0.9500192258130975, 'recall_micro': 0.9514337808718714, 'recall_weighted': 0.9514337808718714}
-----------------------
Epoch 71/100
Training statistic: Loss: 0.3415, train_score: {'accuracy': 0.9098926629200358, 'balanced_accuracy': 0.8945780977821919, 'f1_macro': 0.9039961441911863, 'f1_micro': 0.9098926629200358, 'f1_weighted': 0.909510207830088, 'precision_macro': 0.9148800532909963, 'precision_micro': 0.9098926629200358, 'precision_weighted': 0.9100735002322137, 'recall_macro': 0.8945780977821919, 'recall_micro': 0.9098926629200358, 'recall_weighted': 0.9098926629200358}
Validation statistic: Loss: 0.1794, dev_score: {'accuracy': 0.9534228410409414, 'balanced_accuracy': 0.952246841565078, 'f1_macro': 0.9528969448102066, 'f1_micro': 0.9534228410409414, 'f1_weighted': 0.953321737012203, 'precision_macro': 0.9543535173105141, 'precision_micro': 0.9534228410409414, 'precision_weighted': 0.9540177268960108, 'recall_macro': 0.952246841565078, 'recall_micro': 0.9534228410409414, 'recall_weighted': 0.9534228410409414}
-----------------------
Epoch 72/100
Training statistic: Loss: 0.3466, train_score: {'accuracy': 0.9083157034018197, 'balanced_accuracy': 0.8917389604044923, 'f1_macro': 0.9017967107594727, 'f1_micro': 0.9083157034018197, 'f1_weighted': 0.9079528922494684, 'precision_macro': 0.9134447064750179, 'precision_micro': 0.9083157034018197, 'precision_weighted': 0.9086390801397343, 'recall_macro': 0.8917389604044923, 'recall_micro': 0.9083157034018197, 'recall_weighted': 0.9083157034018197}
Validation statistic: Loss: 0.1958, dev_score: {'accuracy': 0.9507707608155147, 'balanced_accuracy': 0.9495743962230485, 'f1_macro': 0.9501625760148545, 'f1_micro': 0.9507707608155147, 'f1_weighted': 0.950648527789932, 'precision_macro': 0.951545904565245, 'precision_micro': 0.9507707608155147, 'precision_weighted': 0.9513061818746148, 'recall_macro': 0.9495743962230485, 'recall_micro': 0.9507707608155147, 'recall_weighted': 0.9507707608155147}
-----------------------
Epoch 73/100
Training statistic: Loss: 0.3416, train_score: {'accuracy': 0.9106649188157878, 'balanced_accuracy': 0.8963072741091063, 'f1_macro': 0.904709607549921, 'f1_micro': 0.9106649188157878, 'f1_weighted': 0.9102171414042765, 'precision_macro': 0.914663416033887, 'precision_micro': 0.9106649188157878, 'precision_weighted': 0.9107861969250073, 'recall_macro': 0.8963072741091063, 'recall_micro': 0.9106649188157878, 'recall_weighted': 0.9106649188157878}
Validation statistic: Loss: 0.1826, dev_score: {'accuracy': 0.9520968009282281, 'balanced_accuracy': 0.9509061961556616, 'f1_macro': 0.9516232348729525, 'f1_micro': 0.9520968009282281, 'f1_weighted': 0.9519925350245864, 'precision_macro': 0.9531506944909129, 'precision_micro': 0.9520968009282281, 'precision_weighted': 0.9526845088470095, 'recall_macro': 0.9509061961556616, 'recall_micro': 0.9520968009282281, 'recall_weighted': 0.9520968009282281}
-----------------------
Epoch 74/100
Training statistic: Loss: 0.3475, train_score: {'accuracy': 0.9100549015535971, 'balanced_accuracy': 0.8906357849539571, 'f1_macro': 0.902789172102454, 'f1_micro': 0.9100549015535971, 'f1_weighted': 0.9095130274833603, 'precision_macro': 0.9177685074936844, 'precision_micro': 0.9100549015535971, 'precision_weighted': 0.9106524277511098, 'recall_macro': 0.8906357849539571, 'recall_micro': 0.9100549015535971, 'recall_weighted': 0.9100549015535971}
Validation statistic: Loss: 0.2190, dev_score: {'accuracy': 0.9477871705619095, 'balanced_accuracy': 0.9461288209327419, 'f1_macro': 0.9470344517939744, 'f1_micro': 0.9477871705619095, 'f1_weighted': 0.9476904076977958, 'precision_macro': 0.9495614902797292, 'precision_micro': 0.9477871705619095, 'precision_weighted': 0.94914433066619, 'recall_macro': 0.9461288209327419, 'recall_micro': 0.9477871705619095, 'recall_weighted': 0.9477871705619095}
-----------------------
Epoch 75/100
Training statistic: Loss: 0.3404, train_score: {'accuracy': 0.9134294651316729, 'balanced_accuracy': 0.8987619222757349, 'f1_macro': 0.9081392880492073, 'f1_micro': 0.9134294651316729, 'f1_weighted': 0.9130026863074647, 'precision_macro': 0.9191728822177296, 'precision_micro': 0.9134294651316729, 'precision_weighted': 0.9137011230327923, 'recall_macro': 0.8987619222757349, 'recall_micro': 0.9134294651316729, 'recall_weighted': 0.9134294651316729}
Validation statistic: Loss: 0.1866, dev_score: {'accuracy': 0.9520968009282281, 'balanced_accuracy': 0.9508152462186873, 'f1_macro': 0.95161286926431, 'f1_micro': 0.9520968009282281, 'f1_weighted': 0.9520197804375554, 'precision_macro': 0.9533011073637851, 'precision_micro': 0.9520968009282281, 'precision_weighted': 0.9528063733230894, 'recall_macro': 0.9508152462186873, 'recall_micro': 0.9520968009282281, 'recall_weighted': 0.9520968009282281}
-----------------------
Epoch 76/100
Training statistic: Loss: 0.3332, train_score: {'accuracy': 0.9147468428361909, 'balanced_accuracy': 0.8994686102523637, 'f1_macro': 0.9093814832212864, 'f1_micro': 0.9147468428361909, 'f1_weighted': 0.914407321163225, 'precision_macro': 0.9206902873598171, 'precision_micro': 0.9147468428361909, 'precision_weighted': 0.9150115951706715, 'recall_macro': 0.8994686102523637, 'recall_micro': 0.9147468428361909, 'recall_weighted': 0.9147468428361909}
Validation statistic: Loss: 0.1863, dev_score: {'accuracy': 0.9514337808718714, 'balanced_accuracy': 0.9502154251598498, 'f1_macro': 0.9508371051489473, 'f1_micro': 0.9514337808718714, 'f1_weighted': 0.9513596558461215, 'precision_macro': 0.9523897459899546, 'precision_micro': 0.9514337808718714, 'precision_weighted': 0.9521801628824694, 'recall_macro': 0.9502154251598498, 'recall_micro': 0.9514337808718714, 'recall_weighted': 0.9514337808718714}
-----------------------
Epoch 77/100
Training statistic: Loss: 0.3383, train_score: {'accuracy': 0.9126052928731813, 'balanced_accuracy': 0.8961217293245497, 'f1_macro': 0.9070058505320814, 'f1_micro': 0.9126052928731813, 'f1_weighted': 0.9122116564859943, 'precision_macro': 0.9201292244405019, 'precision_micro': 0.9126052928731813, 'precision_weighted': 0.9132052498351627, 'recall_macro': 0.8961217293245497, 'recall_micro': 0.9126052928731813, 'recall_weighted': 0.9126052928731813}
Validation statistic: Loss: 0.2068, dev_score: {'accuracy': 0.9467926404773744, 'balanced_accuracy': 0.9453169869746143, 'f1_macro': 0.9461793776462016, 'f1_micro': 0.9467926404773744, 'f1_weighted': 0.9467458206048074, 'precision_macro': 0.9485274814168612, 'precision_micro': 0.9467926404773744, 'precision_weighted': 0.9481149817928647, 'recall_macro': 0.9453169869746143, 'recall_micro': 0.9467926404773744, 'recall_weighted': 0.9467926404773744}
-----------------------
Epoch 78/100
Training statistic: Loss: 0.3360, train_score: {'accuracy': 0.9125923137824964, 'balanced_accuracy': 0.8960381184094324, 'f1_macro': 0.906965779447043, 'f1_micro': 0.9125923137824964, 'f1_weighted': 0.9123132195246912, 'precision_macro': 0.9195707882896877, 'precision_micro': 0.9125923137824964, 'precision_weighted': 0.9131766160981634, 'recall_macro': 0.8960381184094324, 'recall_micro': 0.9125923137824964, 'recall_weighted': 0.9125923137824964}
Validation statistic: Loss: 0.1965, dev_score: {'accuracy': 0.9506050058014255, 'balanced_accuracy': 0.9492499690211161, 'f1_macro': 0.9499506820651318, 'f1_micro': 0.9506050058014255, 'f1_weighted': 0.950514131367543, 'precision_macro': 0.9515910753952788, 'precision_micro': 0.9506050058014255, 'precision_weighted': 0.9513344330654688, 'recall_macro': 0.9492499690211161, 'recall_micro': 0.9506050058014255, 'recall_weighted': 0.9506050058014255}
-----------------------
Epoch 79/100
Training statistic: Loss: 0.3327, train_score: {'accuracy': 0.9137409633081106, 'balanced_accuracy': 0.8976475987205097, 'f1_macro': 0.9079731657787049, 'f1_micro': 0.9137409633081106, 'f1_weighted': 0.9133892767815431, 'precision_macro': 0.9198634531210634, 'precision_micro': 0.9137409633081106, 'precision_weighted': 0.9141073615260701, 'recall_macro': 0.8976475987205097, 'recall_micro': 0.9137409633081106, 'recall_weighted': 0.9137409633081106}
Validation statistic: Loss: 0.1889, dev_score: {'accuracy': 0.9519310459141389, 'balanced_accuracy': 0.9507150375807383, 'f1_macro': 0.9513944245173063, 'f1_micro': 0.9519310459141389, 'f1_weighted': 0.9518520539020621, 'precision_macro': 0.9528458609870242, 'precision_micro': 0.9519310459141389, 'precision_weighted': 0.9525256379860322, 'recall_macro': 0.9507150375807383, 'recall_micro': 0.9519310459141389, 'recall_weighted': 0.9519310459141389}
-----------------------
Epoch 80/100
Training statistic: Loss: 0.3305, train_score: {'accuracy': 0.9125468869650992, 'balanced_accuracy': 0.8950352583681683, 'f1_macro': 0.9062172103958515, 'f1_micro': 0.9125468869650992, 'f1_weighted': 0.9121574480341186, 'precision_macro': 0.9194739637993852, 'precision_micro': 0.9125468869650992, 'precision_weighted': 0.9131156057932407, 'recall_macro': 0.8950352583681683, 'recall_micro': 0.9125468869650992, 'recall_weighted': 0.9125468869650992}
Validation statistic: Loss: 0.1918, dev_score: {'accuracy': 0.9484501906182662, 'balanced_accuracy': 0.946951578180298, 'f1_macro': 0.947898648581428, 'f1_micro': 0.9484501906182662, 'f1_weighted': 0.9483714305693914, 'precision_macro': 0.9502365186985093, 'precision_micro': 0.9484501906182662, 'precision_weighted': 0.9496441679251266, 'recall_macro': 0.946951578180298, 'recall_micro': 0.9484501906182662, 'recall_weighted': 0.9484501906182662}
-----------------------
Epoch 81/100
Training statistic: Loss: 0.3293, train_score: {'accuracy': 0.9160317728139966, 'balanced_accuracy': 0.8994255642651448, 'f1_macro': 0.9098134990140796, 'f1_micro': 0.9160317728139966, 'f1_weighted': 0.9155181836707244, 'precision_macro': 0.9222362081362265, 'precision_micro': 0.9160317728139966, 'precision_weighted': 0.9163111166137705, 'recall_macro': 0.8994255642651448, 'recall_micro': 0.9160317728139966, 'recall_weighted': 0.9160317728139966}
Validation statistic: Loss: 0.1915, dev_score: {'accuracy': 0.9520968009282281, 'balanced_accuracy': 0.9508896911889273, 'f1_macro': 0.9514170330871894, 'f1_micro': 0.9520968009282281, 'f1_weighted': 0.9520303130209906, 'precision_macro': 0.952750192851864, 'precision_micro': 0.9520968009282281, 'precision_weighted': 0.95274972606336, 'recall_macro': 0.9508896911889273, 'recall_micro': 0.9520968009282281, 'recall_weighted': 0.9520968009282281}
-----------------------
Epoch 82/100
Training statistic: Loss: 0.3237, train_score: {'accuracy': 0.9177839500564591, 'balanced_accuracy': 0.9042951056119122, 'f1_macro': 0.9124382689980427, 'f1_micro': 0.9177839500564591, 'f1_weighted': 0.9174154982311812, 'precision_macro': 0.9219563629614106, 'precision_micro': 0.9177839500564591, 'precision_weighted': 0.9178889844772975, 'recall_macro': 0.9042951056119122, 'recall_micro': 0.9177839500564591, 'recall_weighted': 0.9177839500564591}
Validation statistic: Loss: 0.1775, dev_score: {'accuracy': 0.9554119012100116, 'balanced_accuracy': 0.9541352702443385, 'f1_macro': 0.9549936672872817, 'f1_micro': 0.9554119012100116, 'f1_weighted': 0.9552841788214181, 'precision_macro': 0.9565529779576127, 'precision_micro': 0.9554119012100116, 'precision_weighted': 0.9558535438308989, 'recall_macro': 0.9541352702443385, 'recall_micro': 0.9554119012100116, 'recall_weighted': 0.9554119012100116}
-----------------------
Epoch 83/100
Training statistic: Loss: 0.3239, train_score: {'accuracy': 0.9169143509805703, 'balanced_accuracy': 0.9027056552797129, 'f1_macro': 0.9113865384073152, 'f1_micro': 0.9169143509805703, 'f1_weighted': 0.9165837526301629, 'precision_macro': 0.921534288844914, 'precision_micro': 0.9169143509805703, 'precision_weighted': 0.9172618258256924, 'recall_macro': 0.9027056552797129, 'recall_micro': 0.9169143509805703, 'recall_weighted': 0.9169143509805703}
Validation statistic: Loss: 0.1823, dev_score: {'accuracy': 0.9537543510691199, 'balanced_accuracy': 0.9525063595480608, 'f1_macro': 0.9532240309227784, 'f1_micro': 0.9537543510691199, 'f1_weighted': 0.9536610251230524, 'precision_macro': 0.9547621071153435, 'precision_micro': 0.9537543510691199, 'precision_weighted': 0.9543555540547006, 'recall_macro': 0.9525063595480608, 'recall_micro': 0.9537543510691199, 'recall_weighted': 0.9537543510691199}
-----------------------
Epoch 84/100
Training statistic: Loss: 0.3193, train_score: {'accuracy': 0.9168040287097486, 'balanced_accuracy': 0.901266768189853, 'f1_macro': 0.9104133796819477, 'f1_micro': 0.9168040287097486, 'f1_weighted': 0.9162990456801484, 'precision_macro': 0.9215522004405814, 'precision_micro': 0.9168040287097486, 'precision_weighted': 0.9170278686078877, 'recall_macro': 0.901266768189853, 'recall_micro': 0.9168040287097486, 'recall_weighted': 0.9168040287097486}
Validation statistic: Loss: 0.1835, dev_score: {'accuracy': 0.9527598209845848, 'balanced_accuracy': 0.9513192576188247, 'f1_macro': 0.9520983191264379, 'f1_micro': 0.9527598209845848, 'f1_weighted': 0.9525975839099037, 'precision_macro': 0.95381391680224, 'precision_micro': 0.9527598209845848, 'precision_weighted': 0.9533456312550462, 'recall_macro': 0.9513192576188247, 'recall_micro': 0.9527598209845848, 'recall_weighted': 0.9527598209845848}
-----------------------
Epoch 85/100
Training statistic: Loss: 0.3253, train_score: {'accuracy': 0.9162134800835854, 'balanced_accuracy': 0.8991646369271097, 'f1_macro': 0.9103887481266962, 'f1_micro': 0.9162134800835854, 'f1_weighted': 0.9157871798826581, 'precision_macro': 0.9239831412688903, 'precision_micro': 0.9162134800835854, 'precision_weighted': 0.9168421661435293, 'recall_macro': 0.8991646369271097, 'recall_micro': 0.9162134800835854, 'recall_weighted': 0.9162134800835854}
Validation statistic: Loss: 0.1899, dev_score: {'accuracy': 0.9522625559423172, 'balanced_accuracy': 0.9507708089763142, 'f1_macro': 0.9514569814342032, 'f1_micro': 0.9522625559423172, 'f1_weighted': 0.9521401886621542, 'precision_macro': 0.9532509311194464, 'precision_micro': 0.9522625559423172, 'precision_weighted': 0.9530797750352873, 'recall_macro': 0.9507708089763142, 'recall_micro': 0.9522625559423172, 'recall_weighted': 0.9522625559423172}
-----------------------
Epoch 86/100
Training statistic: Loss: 0.3149, train_score: {'accuracy': 0.9190039845808403, 'balanced_accuracy': 0.9040218899715671, 'f1_macro': 0.9137011455544597, 'f1_micro': 0.9190039845808403, 'f1_weighted': 0.918679053423886, 'precision_macro': 0.9249459167260812, 'precision_micro': 0.9190039845808403, 'precision_weighted': 0.9194253438323815, 'recall_macro': 0.9040218899715671, 'recall_micro': 0.9190039845808403, 'recall_weighted': 0.9190039845808403}
Validation statistic: Loss: 0.1811, dev_score: {'accuracy': 0.9547488811536549, 'balanced_accuracy': 0.9536209236582811, 'f1_macro': 0.9541867998684692, 'f1_micro': 0.9547488811536549, 'f1_weighted': 0.9546633454841665, 'precision_macro': 0.9553804869639985, 'precision_micro': 0.9547488811536549, 'precision_weighted': 0.9551838982405982, 'recall_macro': 0.9536209236582811, 'recall_micro': 0.9547488811536549, 'recall_weighted': 0.9547488811536549}
-----------------------
Epoch 87/100
Training statistic: Loss: 0.3227, train_score: {'accuracy': 0.9163497605357769, 'balanced_accuracy': 0.8996573776891706, 'f1_macro': 0.9104305442618731, 'f1_micro': 0.9163497605357769, 'f1_weighted': 0.9159041448993076, 'precision_macro': 0.9231935559571809, 'precision_micro': 0.9163497605357769, 'precision_weighted': 0.916841829671548, 'recall_macro': 0.8996573776891706, 'recall_micro': 0.9163497605357769, 'recall_weighted': 0.9163497605357769}
Validation statistic: Loss: 0.1911, dev_score: {'accuracy': 0.9512680258577823, 'balanced_accuracy': 0.9498446043544343, 'f1_macro': 0.950608363280758, 'f1_micro': 0.9512680258577823, 'f1_weighted': 0.9511169121619943, 'precision_macro': 0.9524980558485172, 'precision_micro': 0.9512680258577823, 'precision_weighted': 0.9520608363472227, 'recall_macro': 0.9498446043544343, 'recall_micro': 0.9512680258577823, 'recall_weighted': 0.9512680258577823}
-----------------------
Epoch 88/100
Training statistic: Loss: 0.3153, train_score: {'accuracy': 0.9198541150207017, 'balanced_accuracy': 0.9052666461387817, 'f1_macro': 0.9146973338038595, 'f1_micro': 0.9198541150207017, 'f1_weighted': 0.9194748729657901, 'precision_macro': 0.9256087825066505, 'precision_micro': 0.9198541150207017, 'precision_weighted': 0.9201059770110912, 'recall_macro': 0.9052666461387817, 'recall_micro': 0.9198541150207017, 'recall_weighted': 0.9198541150207017}
Validation statistic: Loss: 0.1753, dev_score: {'accuracy': 0.9564064312945466, 'balanced_accuracy': 0.9553518252450347, 'f1_macro': 0.9560148824505588, 'f1_micro': 0.9564064312945466, 'f1_weighted': 0.9563119339232269, 'precision_macro': 0.9572145519593148, 'precision_micro': 0.9564064312945466, 'precision_weighted': 0.956744308467248, 'recall_macro': 0.9553518252450347, 'recall_micro': 0.9564064312945466, 'recall_weighted': 0.9564064312945466}
Saving model...
Model saved!
-------------------------------------------
-----------------------
Epoch 89/100
Training statistic: Loss: 0.3173, train_score: {'accuracy': 0.9208664840941244, 'balanced_accuracy': 0.9064917817341449, 'f1_macro': 0.9150588732449331, 'f1_micro': 0.9208664840941244, 'f1_weighted': 0.9205160112515698, 'precision_macro': 0.9250373393253778, 'precision_micro': 0.9208664840941244, 'precision_weighted': 0.9210324508788941, 'recall_macro': 0.9064917817341449, 'recall_micro': 0.9208664840941244, 'recall_weighted': 0.9208664840941244}
Validation statistic: Loss: 0.1946, dev_score: {'accuracy': 0.9514337808718714, 'balanced_accuracy': 0.95018911084946, 'f1_macro': 0.9508473854103159, 'f1_micro': 0.9514337808718714, 'f1_weighted': 0.9513049609619452, 'precision_macro': 0.9522980255170053, 'precision_micro': 0.9514337808718714, 'precision_weighted': 0.9519572092047223, 'recall_macro': 0.95018911084946, 'recall_micro': 0.9514337808718714, 'recall_weighted': 0.9514337808718714}
-----------------------
Epoch 90/100
Training statistic: Loss: 0.3182, train_score: {'accuracy': 0.9203797681934404, 'balanced_accuracy': 0.9039167953801922, 'f1_macro': 0.914403522368862, 'f1_micro': 0.9203797681934404, 'f1_weighted': 0.9200126336561266, 'precision_macro': 0.9272628206372225, 'precision_micro': 0.9203797681934404, 'precision_weighted': 0.9209910177416963, 'recall_macro': 0.9039167953801922, 'recall_micro': 0.9203797681934404, 'recall_weighted': 0.9203797681934404}
Validation statistic: Loss: 0.1831, dev_score: {'accuracy': 0.9535885960550307, 'balanced_accuracy': 0.9522944779348146, 'f1_macro': 0.9531032608057316, 'f1_micro': 0.9535885960550307, 'f1_weighted': 0.9535629474407998, 'precision_macro': 0.9547699425096082, 'precision_micro': 0.9535885960550307, 'precision_weighted': 0.9543640631359963, 'recall_macro': 0.9522944779348146, 'recall_micro': 0.9535885960550307, 'recall_weighted': 0.9535885960550307}
-----------------------
Epoch 91/100
Training statistic: Loss: 0.3129, train_score: {'accuracy': 0.922164393162615, 'balanced_accuracy': 0.9074813451113645, 'f1_macro': 0.9165903745487178, 'f1_micro': 0.922164393162615, 'f1_weighted': 0.9218248250969266, 'precision_macro': 0.9272126851325357, 'precision_micro': 0.922164393162615, 'precision_weighted': 0.9224231731586022, 'recall_macro': 0.9074813451113645, 'recall_micro': 0.922164393162615, 'recall_weighted': 0.922164393162615}
Validation statistic: Loss: 0.1797, dev_score: {'accuracy': 0.9542516161113874, 'balanced_accuracy': 0.9530226972717436, 'f1_macro': 0.953775700926354, 'f1_micro': 0.9542516161113874, 'f1_weighted': 0.9541346244751271, 'precision_macro': 0.955289507580672, 'precision_micro': 0.9542516161113874, 'precision_weighted': 0.9547689367396933, 'recall_macro': 0.9530226972717436, 'recall_micro': 0.9542516161113874, 'recall_weighted': 0.9542516161113874}
-----------------------
Epoch 92/100
Training statistic: Loss: 0.3105, train_score: {'accuracy': 0.9220216231650811, 'balanced_accuracy': 0.907068886626749, 'f1_macro': 0.9165908697314892, 'f1_micro': 0.9220216231650811, 'f1_weighted': 0.9217751214972638, 'precision_macro': 0.9275572248769206, 'precision_micro': 0.9220216231650811, 'precision_weighted': 0.9224613270019008, 'recall_macro': 0.907068886626749, 'recall_micro': 0.9220216231650811, 'recall_weighted': 0.9220216231650811}
Validation statistic: Loss: 0.1788, dev_score: {'accuracy': 0.9550803911818333, 'balanced_accuracy': 0.9539024270501765, 'f1_macro': 0.9546113972946928, 'f1_micro': 0.9550803911818333, 'f1_weighted': 0.9550264487132899, 'precision_macro': 0.9557719993344038, 'precision_micro': 0.9550803911818333, 'precision_weighted': 0.9554164062385858, 'recall_macro': 0.9539024270501765, 'recall_micro': 0.9550803911818333, 'recall_weighted': 0.9550803911818333}
-----------------------
Epoch 93/100
Training statistic: Loss: 0.3076, train_score: {'accuracy': 0.9219826858930263, 'balanced_accuracy': 0.90563141175722, 'f1_macro': 0.9161551428362259, 'f1_micro': 0.9219826858930263, 'f1_weighted': 0.9215872259139183, 'precision_macro': 0.9283978052603427, 'precision_micro': 0.9219826858930263, 'precision_weighted': 0.9223901115198673, 'recall_macro': 0.90563141175722, 'recall_micro': 0.9219826858930263, 'recall_weighted': 0.9219826858930263}
Validation statistic: Loss: 0.1859, dev_score: {'accuracy': 0.9534228410409414, 'balanced_accuracy': 0.9520955378832274, 'f1_macro': 0.9528620171169437, 'f1_micro': 0.9534228410409414, 'f1_weighted': 0.9533654594964291, 'precision_macro': 0.9543968788658764, 'precision_micro': 0.9534228410409414, 'precision_weighted': 0.954050523162583, 'recall_macro': 0.9520955378832274, 'recall_micro': 0.9534228410409414, 'recall_weighted': 0.9534228410409414}
-----------------------
Epoch 94/100
Training statistic: Loss: 0.3105, train_score: {'accuracy': 0.9222552467974093, 'balanced_accuracy': 0.9079976402163117, 'f1_macro': 0.9171288835564569, 'f1_micro': 0.9222552467974093, 'f1_weighted': 0.9219981966263346, 'precision_macro': 0.9275459587409369, 'precision_micro': 0.9222552467974093, 'precision_weighted': 0.9225508442633586, 'recall_macro': 0.9079976402163117, 'recall_micro': 0.9222552467974093, 'recall_weighted': 0.9222552467974093}
Validation statistic: Loss: 0.1858, dev_score: {'accuracy': 0.9530913310127631, 'balanced_accuracy': 0.9516681900954653, 'f1_macro': 0.9524669116637818, 'f1_micro': 0.9530913310127631, 'f1_weighted': 0.953029311827175, 'precision_macro': 0.9540867740345093, 'precision_micro': 0.9530913310127631, 'precision_weighted': 0.9537624092191007, 'recall_macro': 0.9516681900954653, 'recall_micro': 0.9530913310127631, 'recall_weighted': 0.9530913310127631}
-----------------------
Epoch 95/100
Training statistic: Loss: 0.3091, train_score: {'accuracy': 0.9229626072397368, 'balanced_accuracy': 0.9084729795138529, 'f1_macro': 0.9179573110457409, 'f1_micro': 0.9229626072397368, 'f1_weighted': 0.9225835787986046, 'precision_macro': 0.9290345941079391, 'precision_micro': 0.9229626072397368, 'precision_weighted': 0.9232920832929383, 'recall_macro': 0.9084729795138529, 'recall_micro': 0.9229626072397368, 'recall_weighted': 0.9229626072397368}
Validation statistic: Loss: 0.1839, dev_score: {'accuracy': 0.9515995358859606, 'balanced_accuracy': 0.9501676399375736, 'f1_macro': 0.9508056838061233, 'f1_micro': 0.9515995358859606, 'f1_weighted': 0.9514644694874914, 'precision_macro': 0.9522979146515775, 'precision_micro': 0.9515995358859606, 'precision_weighted': 0.952154127006088, 'recall_macro': 0.9501676399375736, 'recall_micro': 0.9515995358859606, 'recall_weighted': 0.9515995358859606}
-----------------------
Epoch 96/100
Training statistic: Loss: 0.3075, train_score: {'accuracy': 0.9235596454112425, 'balanced_accuracy': 0.9083983778664264, 'f1_macro': 0.9182382003038352, 'f1_micro': 0.9235596454112425, 'f1_weighted': 0.9231931671296888, 'precision_macro': 0.9298729838866191, 'precision_micro': 0.9235596454112425, 'precision_weighted': 0.9240039927004144, 'recall_macro': 0.9083983778664264, 'recall_micro': 0.9235596454112425, 'recall_weighted': 0.9235596454112425}
Validation statistic: Loss: 0.1835, dev_score: {'accuracy': 0.9535885960550307, 'balanced_accuracy': 0.9522795884601745, 'f1_macro': 0.9529387004040322, 'f1_micro': 0.9535885960550307, 'f1_weighted': 0.9534845395300965, 'precision_macro': 0.9544349580232712, 'precision_micro': 0.9535885960550307, 'precision_weighted': 0.9541924948209937, 'recall_macro': 0.9522795884601745, 'recall_micro': 0.9535885960550307, 'recall_weighted': 0.9535885960550307}
-----------------------
Epoch 97/100
Training statistic: Loss: 0.3081, train_score: {'accuracy': 0.9223720586135735, 'balanced_accuracy': 0.9058183597814986, 'f1_macro': 0.9165268556547133, 'f1_micro': 0.9223720586135735, 'f1_weighted': 0.9219534421196645, 'precision_macro': 0.9293243133077775, 'precision_micro': 0.9223720586135735, 'precision_weighted': 0.9228091496796377, 'recall_macro': 0.9058183597814986, 'recall_micro': 0.9223720586135735, 'recall_weighted': 0.9223720586135735}
Validation statistic: Loss: 0.1829, dev_score: {'accuracy': 0.9534228410409414, 'balanced_accuracy': 0.9520982302309285, 'f1_macro': 0.9527223745018949, 'f1_micro': 0.9534228410409414, 'f1_weighted': 0.953321704663615, 'precision_macro': 0.954141867773702, 'precision_micro': 0.9534228410409414, 'precision_weighted': 0.9539870866628853, 'recall_macro': 0.9520982302309285, 'recall_micro': 0.9534228410409414, 'recall_weighted': 0.9534228410409414}
-----------------------
Epoch 98/100
Training statistic: Loss: 0.3031, train_score: {'accuracy': 0.925428634469869, 'balanced_accuracy': 0.9126793434313549, 'f1_macro': 0.9200616658501867, 'f1_micro': 0.925428634469869, 'f1_weighted': 0.9250525141709743, 'precision_macro': 0.928697344086177, 'precision_micro': 0.925428634469869, 'precision_weighted': 0.925486942563082, 'recall_macro': 0.9126793434313549, 'recall_micro': 0.925428634469869, 'recall_weighted': 0.925428634469869}
Validation statistic: Loss: 0.1810, dev_score: {'accuracy': 0.9527598209845848, 'balanced_accuracy': 0.9514459284911767, 'f1_macro': 0.9521074092776394, 'f1_micro': 0.9527598209845848, 'f1_weighted': 0.9526197174155476, 'precision_macro': 0.9536199864257654, 'precision_micro': 0.9527598209845848, 'precision_weighted': 0.9533113592367886, 'recall_macro': 0.9514459284911767, 'recall_micro': 0.9527598209845848, 'recall_weighted': 0.9527598209845848}
-----------------------
Epoch 99/100
Training statistic: Loss: 0.3046, train_score: {'accuracy': 0.9251495840201436, 'balanced_accuracy': 0.9112190502176458, 'f1_macro': 0.9196808411558186, 'f1_micro': 0.9251495840201436, 'f1_weighted': 0.9248110161171207, 'precision_macro': 0.9294127990945092, 'precision_micro': 0.9251495840201436, 'precision_weighted': 0.9252946968150333, 'recall_macro': 0.9112190502176458, 'recall_micro': 0.9251495840201436, 'recall_weighted': 0.9251495840201436}
Validation statistic: Loss: 0.1789, dev_score: {'accuracy': 0.9527598209845848, 'balanced_accuracy': 0.9513238015002576, 'f1_macro': 0.9521550126389515, 'f1_micro': 0.9527598209845848, 'f1_weighted': 0.9526700295054574, 'precision_macro': 0.9537366581391827, 'precision_micro': 0.9527598209845848, 'precision_weighted': 0.9533146240764453, 'recall_macro': 0.9513238015002576, 'recall_micro': 0.9527598209845848, 'recall_weighted': 0.9527598209845848}
-----------------------
Epoch 100/100
Training statistic: Loss: 0.3099, train_score: {'accuracy': 0.9236050722286396, 'balanced_accuracy': 0.9075102430998017, 'f1_macro': 0.9177732800739327, 'f1_micro': 0.9236050722286396, 'f1_weighted': 0.9232771530260183, 'precision_macro': 0.929541192412765, 'precision_micro': 0.9236050722286396, 'precision_weighted': 0.9239204658008151, 'recall_macro': 0.9075102430998017, 'recall_micro': 0.9236050722286396, 'recall_weighted': 0.9236050722286396}
Validation statistic: Loss: 0.1910, dev_score: {'accuracy': 0.9525940659704956, 'balanced_accuracy': 0.951216656113248, 'f1_macro': 0.9519374449895665, 'f1_micro': 0.9525940659704956, 'f1_weighted': 0.9524881140470586, 'precision_macro': 0.9535050145696926, 'precision_micro': 0.9525940659704956, 'precision_weighted': 0.9532105214281882, 'recall_macro': 0.951216656113248, 'recall_micro': 0.9525940659704956, 'recall_weighted': 0.9525940659704956}
Testing statistic: loss: 0.18340981073332668, scores: {'accuracy': 0.9532057125493771, 'balanced_accuracy': 0.9531055494860796, 'f1_macro': 0.9531181799785238, 'f1_micro': 0.9532057125493771, 'f1_weighted': 0.9531287101820678, 'precision_macro': 0.953685826441873, 'precision_micro': 0.9532057125493771, 'precision_weighted': 0.9536090936892242, 'recall_macro': 0.9531055494860796, 'recall_micro': 0.9532057125493771, 'recall_weighted': 0.9532057125493771}
Finish training!
