/home/thuy/miniconda3/envs/env/lib/python3.10/site-packages/sklearn/metrics/_classification.py:2480: UserWarning: y_pred contains classes not in y_true
  warnings.warn("y_pred contains classes not in y_true")
/home/thuy/miniconda3/envs/env/lib/python3.10/site-packages/sklearn/metrics/_classification.py:2480: UserWarning: y_pred contains classes not in y_true
  warnings.warn("y_pred contains classes not in y_true")
/home/thuy/miniconda3/envs/env/lib/python3.10/site-packages/sklearn/metrics/_classification.py:2480: UserWarning: y_pred contains classes not in y_true
  warnings.warn("y_pred contains classes not in y_true")
/home/thuy/miniconda3/envs/env/lib/python3.10/site-packages/sklearn/metrics/_classification.py:2480: UserWarning: y_pred contains classes not in y_true
  warnings.warn("y_pred contains classes not in y_true")
/home/thuy/miniconda3/envs/env/lib/python3.10/site-packages/sklearn/metrics/_classification.py:2480: UserWarning: y_pred contains classes not in y_true
  warnings.warn("y_pred contains classes not in y_true")
/home/thuy/miniconda3/envs/env/lib/python3.10/site-packages/sklearn/metrics/_classification.py:2480: UserWarning: y_pred contains classes not in y_true
  warnings.warn("y_pred contains classes not in y_true")
/home/thuy/miniconda3/envs/env/lib/python3.10/site-packages/sklearn/metrics/_classification.py:2480: UserWarning: y_pred contains classes not in y_true
  warnings.warn("y_pred contains classes not in y_true")
/home/thuy/miniconda3/envs/env/lib/python3.10/site-packages/sklearn/metrics/_classification.py:2480: UserWarning: y_pred contains classes not in y_true
  warnings.warn("y_pred contains classes not in y_true")
=====Setting up data=====
Dataset name:mnist28
train_option:synthetic
augment_option:compare_dnn
mix_ratio:-1
n_sample:-1
Training dataset size: 100096 samples
Validation dataset size: 6144 samples

=====Setting up parameters for training=====
num_epochs: 100
learning_rate: 0.001
patience: 30
early_stop_criterion: loss
=====Setting up trainer=====
input_size: 784
model: DNN_MNIST28
----------------------------------------------------------------
        Layer (type)               Output Shape         Param #
================================================================
           Dropout-1                  [-1, 784]               0
            Linear-2                  [-1, 512]         401,920
         LeakyReLU-3                  [-1, 512]               0
       BatchNorm1d-4                  [-1, 512]           1,024
           Dropout-5                  [-1, 512]               0
            Linear-6                 [-1, 1024]         525,312
         LeakyReLU-7                 [-1, 1024]               0
       BatchNorm1d-8                 [-1, 1024]           2,048
           Dropout-9                 [-1, 1024]               0
           Linear-10                  [-1, 256]         262,400
        LeakyReLU-11                  [-1, 256]               0
      BatchNorm1d-12                  [-1, 256]             512
          Dropout-13                  [-1, 256]               0
           Linear-14                  [-1, 128]          32,896
        LeakyReLU-15                  [-1, 128]               0
      BatchNorm1d-16                  [-1, 128]             256
          Dropout-17                  [-1, 128]               0
================================================================
Total params: 1,226,368
Trainable params: 1,226,368
Non-trainable params: 0
----------------------------------------------------------------
Input size (MB): 0.00
Forward/backward pass size (MB): 0.06
Params size (MB): 4.68
Estimated Total Size (MB): 4.75
----------------------------------------------------------------
=====Setting up output files=====
weight_dir, weight_file: /home/thuy/Research/minh_data_synth/TabularDA/output/pilot_ctgan_v1/mnist28/weight/, mnist28_seed42_ctgan_full_dnn_synthetic.weights.pth
acc_dir, acc_file: /home/thuy/Research/minh_data_synth/TabularDA/output/pilot_ctgan_v1/mnist28/acc/, mnist28_seed42_ctgan_full_dnn_synthetic.epochs.csv
report_file: mnist28_seed42_ctgan_full_dnn_synthetic.report.txt
==========================================================================================
Start training...
-----------------------
Epoch 1/100
Training statistic: Loss: 2.1224, train_score: {'accuracy': 0.70482, 'balanced_accuracy': 0.5492735746700974, 'f1_macro': 0.410585543894402, 'f1_micro': 0.70482, 'f1_weighted': 0.6890181465394336, 'precision_macro': 0.4719830065963429, 'precision_micro': 0.70482, 'precision_weighted': 0.6960777718005549, 'recall_macro': 0.3923382676214981, 'recall_micro': 0.70482, 'recall_weighted': 0.70482}
Validation statistic: Loss: 2.1278, dev_score: {'accuracy': 0.7407591579645284, 'balanced_accuracy': 0.7326447903593856, 'f1_macro': 0.3145465865455515, 'f1_micro': 0.7407591579645284, 'f1_weighted': 0.7295341075863591, 'precision_macro': 0.3346945148136915, 'precision_micro': 0.7407591579645284, 'precision_weighted': 0.7729974927441401, 'recall_macro': 0.3185412131997329, 'recall_micro': 0.7407591579645284, 'recall_weighted': 0.7407591579645284}
Saving model...
Model saved!
-------------------------------------------
-----------------------
Epoch 2/100
Training statistic: Loss: 1.7698, train_score: {'accuracy': 0.73967, 'balanced_accuracy': 0.5871545478237008, 'f1_macro': 0.5599152254716556, 'f1_micro': 0.73967, 'f1_weighted': 0.7250204018240229, 'precision_macro': 0.6396360301455829, 'precision_micro': 0.73967, 'precision_weighted': 0.7332647319297985, 'recall_macro': 0.5337768616579098, 'recall_micro': 0.73967, 'recall_weighted': 0.73967}
Validation statistic: Loss: 1.7247, dev_score: {'accuracy': 0.7709265705287585, 'balanced_accuracy': 0.7636665527177235, 'f1_macro': 0.6785222072260774, 'f1_micro': 0.7709265705287585, 'f1_weighted': 0.7521440048800213, 'precision_macro': 0.7276389119715475, 'precision_micro': 0.7709265705287585, 'precision_weighted': 0.8032178645701232, 'recall_macro': 0.694242320652476, 'recall_micro': 0.7709265705287585, 'recall_weighted': 0.7709265705287585}
Saving model...
Model saved!
-------------------------------------------
-----------------------
Epoch 3/100
Training statistic: Loss: 1.5640, train_score: {'accuracy': 0.75761, 'balanced_accuracy': 0.621824760599045, 'f1_macro': 0.5898672505366774, 'f1_micro': 0.75761, 'f1_weighted': 0.7454116510168617, 'precision_macro': 0.6601279137886572, 'precision_micro': 0.75761, 'precision_weighted': 0.7523960471475309, 'recall_macro': 0.5652952369082228, 'recall_micro': 0.75761, 'recall_weighted': 0.75761}
Validation statistic: Loss: 1.5196, dev_score: {'accuracy': 0.7861760318249627, 'balanced_accuracy': 0.7806231516988228, 'f1_macro': 0.6365764477201442, 'f1_micro': 0.7861760318249627, 'f1_weighted': 0.7690214497298877, 'precision_macro': 0.6819577908669577, 'precision_micro': 0.7861760318249627, 'precision_weighted': 0.8217516734081026, 'recall_macro': 0.6505192930823523, 'recall_micro': 0.7861760318249627, 'recall_weighted': 0.7861760318249627}
Saving model...
Model saved!
-------------------------------------------
-----------------------
Epoch 4/100
Training statistic: Loss: 1.4149, train_score: {'accuracy': 0.77622, 'balanced_accuracy': 0.6514913748593065, 'f1_macro': 0.6737543494599065, 'f1_micro': 0.77622, 'f1_weighted': 0.7668893510402098, 'precision_macro': 0.7381451950883332, 'precision_micro': 0.77622, 'precision_weighted': 0.7713909580711235, 'recall_macro': 0.6514913748593065, 'recall_micro': 0.77622, 'recall_weighted': 0.77622}
Validation statistic: Loss: 1.3601, dev_score: {'accuracy': 0.809050223769269, 'balanced_accuracy': 0.8063961851017762, 'f1_macro': 0.5686083897634352, 'f1_micro': 0.809050223769269, 'f1_weighted': 0.7996521351919296, 'precision_macro': 0.5950320703074088, 'precision_micro': 0.809050223769269, 'precision_weighted': 0.8369983866262325, 'recall_macro': 0.5759972750726973, 'recall_micro': 0.809050223769269, 'recall_weighted': 0.809050223769269}
Saving model...
Model saved!
-------------------------------------------
-----------------------
Epoch 5/100
Training statistic: Loss: 1.2974, train_score: {'accuracy': 0.78939, 'balanced_accuracy': 0.6815413239698396, 'f1_macro': 0.7011024020264788, 'f1_micro': 0.78939, 'f1_weighted': 0.7821202936263768, 'precision_macro': 0.7560107321404883, 'precision_micro': 0.78939, 'precision_weighted': 0.7871133490202088, 'recall_macro': 0.6815413239698396, 'recall_micro': 0.78939, 'recall_weighted': 0.78939}
Validation statistic: Loss: 1.1033, dev_score: {'accuracy': 0.8420354715730151, 'balanced_accuracy': 0.8392793277411317, 'f1_macro': 0.8343716442444071, 'f1_micro': 0.8420354715730151, 'f1_weighted': 0.8375058653649702, 'precision_macro': 0.8524666820000139, 'precision_micro': 0.8420354715730151, 'precision_weighted': 0.8556723356928271, 'recall_macro': 0.8392793277411317, 'recall_micro': 0.8420354715730151, 'recall_weighted': 0.8420354715730151}
Saving model...
Model saved!
-------------------------------------------
-----------------------
Epoch 6/100
Training statistic: Loss: 1.2015, train_score: {'accuracy': 0.79994, 'balanced_accuracy': 0.692072486951876, 'f1_macro': 0.7145066777088156, 'f1_micro': 0.79994, 'f1_weighted': 0.7929020688107502, 'precision_macro': 0.7683641153690947, 'precision_micro': 0.79994, 'precision_weighted': 0.79714077256752, 'recall_macro': 0.692072486951876, 'recall_micro': 0.79994, 'recall_weighted': 0.79994}
Validation statistic: Loss: 1.0075, dev_score: {'accuracy': 0.8496602022211172, 'balanced_accuracy': 0.8478112036195503, 'f1_macro': 0.7675556760145128, 'f1_micro': 0.8496602022211172, 'f1_weighted': 0.8469350004413514, 'precision_macro': 0.7779834447898388, 'precision_micro': 0.8496602022211172, 'precision_weighted': 0.8590739097516454, 'recall_macro': 0.7707374578359548, 'recall_micro': 0.8496602022211172, 'recall_weighted': 0.8496602022211172}
Saving model...
Model saved!
-------------------------------------------
-----------------------
Epoch 7/100
Training statistic: Loss: 1.1247, train_score: {'accuracy': 0.80134, 'balanced_accuracy': 0.7054603712833967, 'f1_macro': 0.7250553534319204, 'f1_micro': 0.80134, 'f1_weighted': 0.7951976870750485, 'precision_macro': 0.7757604741324935, 'precision_micro': 0.80134, 'precision_weighted': 0.8006423522632796, 'recall_macro': 0.7054603712833967, 'recall_micro': 0.80134, 'recall_weighted': 0.80134}
Validation statistic: Loss: 0.8750, dev_score: {'accuracy': 0.8667329686723023, 'balanced_accuracy': 0.8639040143977841, 'f1_macro': 0.8619190955914832, 'f1_micro': 0.8667329686723023, 'f1_weighted': 0.8644064852932957, 'precision_macro': 0.8730738712802534, 'precision_micro': 0.8667329686723023, 'precision_weighted': 0.8751250285986139, 'recall_macro': 0.8639040143977841, 'recall_micro': 0.8667329686723023, 'recall_weighted': 0.8667329686723023}
Saving model...
Model saved!
-------------------------------------------
-----------------------
Epoch 8/100
Training statistic: Loss: 1.0553, train_score: {'accuracy': 0.80797, 'balanced_accuracy': 0.7104998381446114, 'f1_macro': 0.733116380596164, 'f1_micro': 0.80797, 'f1_weighted': 0.8023592257933176, 'precision_macro': 0.7833507104950279, 'precision_micro': 0.80797, 'precision_weighted': 0.8074787228795091, 'recall_macro': 0.7104998381446114, 'recall_micro': 0.80797, 'recall_weighted': 0.80797}
Validation statistic: Loss: 0.8043, dev_score: {'accuracy': 0.8741919443063153, 'balanced_accuracy': 0.8720084122507693, 'f1_macro': 0.8702420957386019, 'f1_micro': 0.8741919443063153, 'f1_weighted': 0.8726380603589141, 'precision_macro': 0.8772808202822902, 'precision_micro': 0.8741919443063153, 'precision_weighted': 0.8797960631605806, 'recall_macro': 0.8720084122507693, 'recall_micro': 0.8741919443063153, 'recall_weighted': 0.8741919443063153}
Saving model...
Model saved!
-------------------------------------------
-----------------------
Epoch 9/100
Training statistic: Loss: 1.0057, train_score: {'accuracy': 0.80963, 'balanced_accuracy': 0.7227319661805287, 'f1_macro': 0.7433552584479934, 'f1_micro': 0.80963, 'f1_weighted': 0.8043502379140474, 'precision_macro': 0.7852212051682107, 'precision_micro': 0.80963, 'precision_weighted': 0.8096465252512366, 'recall_macro': 0.7227319661805287, 'recall_micro': 0.80963, 'recall_weighted': 0.80963}
Validation statistic: Loss: 0.7457, dev_score: {'accuracy': 0.8766782695176529, 'balanced_accuracy': 0.873898687691419, 'f1_macro': 0.8727363260766368, 'f1_micro': 0.8766782695176529, 'f1_weighted': 0.8752784942962087, 'precision_macro': 0.8790353256416555, 'precision_micro': 0.8766782695176529, 'precision_weighted': 0.8812062003333911, 'recall_macro': 0.873898687691419, 'recall_micro': 0.8766782695176529, 'recall_weighted': 0.8766782695176529}
Saving model...
Model saved!
-------------------------------------------
-----------------------
Epoch 10/100
Training statistic: Loss: 0.9364, train_score: {'accuracy': 0.81982, 'balanced_accuracy': 0.7326485003411214, 'f1_macro': 0.7485678084756809, 'f1_micro': 0.81982, 'f1_weighted': 0.8145932165497046, 'precision_macro': 0.7951329275980319, 'precision_micro': 0.81982, 'precision_weighted': 0.8198572889700941, 'recall_macro': 0.7326485003411214, 'recall_micro': 0.81982, 'recall_weighted': 0.81982}
Validation statistic: Loss: 0.6830, dev_score: {'accuracy': 0.8780043096303664, 'balanced_accuracy': 0.8752404205354027, 'f1_macro': 0.8748618780271732, 'f1_micro': 0.8780043096303664, 'f1_weighted': 0.8771026863321648, 'precision_macro': 0.8828697924767994, 'precision_micro': 0.8780043096303664, 'precision_weighted': 0.8845046560065348, 'recall_macro': 0.8752404205354027, 'recall_micro': 0.8780043096303664, 'recall_weighted': 0.8780043096303664}
Saving model...
Model saved!
-------------------------------------------
-----------------------
Epoch 11/100
Training statistic: Loss: 0.8792, train_score: {'accuracy': 0.8245, 'balanced_accuracy': 0.7321533243753066, 'f1_macro': 0.7539165844407728, 'f1_micro': 0.8245, 'f1_weighted': 0.8189711361419301, 'precision_macro': 0.8056085710619227, 'precision_micro': 0.8245, 'precision_weighted': 0.8242409775958276, 'recall_macro': 0.7321533243753066, 'recall_micro': 0.8245, 'recall_weighted': 0.8245}
Validation statistic: Loss: 0.6563, dev_score: {'accuracy': 0.8735289242499585, 'balanced_accuracy': 0.8708735333248587, 'f1_macro': 0.8704567150748026, 'f1_micro': 0.8735289242499585, 'f1_weighted': 0.8728287141405396, 'precision_macro': 0.8802990180955772, 'precision_micro': 0.8735289242499585, 'precision_weighted': 0.8822658720297127, 'recall_macro': 0.8708735333248587, 'recall_micro': 0.8735289242499585, 'recall_weighted': 0.8735289242499585}
Saving model...
Model saved!
-------------------------------------------
-----------------------
Epoch 12/100
Training statistic: Loss: 0.8386, train_score: {'accuracy': 0.829, 'balanced_accuracy': 0.7458895411578501, 'f1_macro': 0.7657538771180502, 'f1_micro': 0.829, 'f1_weighted': 0.8252496765929348, 'precision_macro': 0.8053986107991502, 'precision_micro': 0.829, 'precision_weighted': 0.8288051094614831, 'recall_macro': 0.7458895411578501, 'recall_micro': 0.829, 'recall_weighted': 0.829}
Validation statistic: Loss: 0.5884, dev_score: {'accuracy': 0.8814851649262391, 'balanced_accuracy': 0.879177116799284, 'f1_macro': 0.8788789875948311, 'f1_micro': 0.8814851649262391, 'f1_weighted': 0.8808589002874097, 'precision_macro': 0.8844986709791904, 'precision_micro': 0.8814851649262391, 'precision_weighted': 0.8860347562996397, 'recall_macro': 0.879177116799284, 'recall_micro': 0.8814851649262391, 'recall_weighted': 0.8814851649262391}
Saving model...
Model saved!
-------------------------------------------
-----------------------
Epoch 13/100
Training statistic: Loss: 0.8078, train_score: {'accuracy': 0.82998, 'balanced_accuracy': 0.7466628594997743, 'f1_macro': 0.7621084544047753, 'f1_micro': 0.82998, 'f1_weighted': 0.8250471459135078, 'precision_macro': 0.8090129971691645, 'precision_micro': 0.82998, 'precision_weighted': 0.8302010064002927, 'recall_macro': 0.7466628594997743, 'recall_micro': 0.82998, 'recall_weighted': 0.82998}
Validation statistic: Loss: 0.5949, dev_score: {'accuracy': 0.8776727996021879, 'balanced_accuracy': 0.874132235299389, 'f1_macro': 0.8737605836259515, 'f1_micro': 0.8776727996021879, 'f1_weighted': 0.8763718259272876, 'precision_macro': 0.8841500645252782, 'precision_micro': 0.8776727996021879, 'precision_weighted': 0.8855171793091521, 'recall_macro': 0.874132235299389, 'recall_micro': 0.8776727996021879, 'recall_weighted': 0.8776727996021879}
-----------------------
Epoch 14/100
Training statistic: Loss: 0.7771, train_score: {'accuracy': 0.83435, 'balanced_accuracy': 0.7470707313894227, 'f1_macro': 0.7706393506737463, 'f1_micro': 0.83435, 'f1_weighted': 0.8295523344986915, 'precision_macro': 0.8199116624289777, 'precision_micro': 0.83435, 'precision_weighted': 0.834089975390374, 'recall_macro': 0.7470707313894227, 'recall_micro': 0.83435, 'recall_weighted': 0.83435}
Validation statistic: Loss: 0.5857, dev_score: {'accuracy': 0.873031659207691, 'balanced_accuracy': 0.8694474654814668, 'f1_macro': 0.8697623863967534, 'f1_micro': 0.873031659207691, 'f1_weighted': 0.8726039964645478, 'precision_macro': 0.8764007470811576, 'precision_micro': 0.873031659207691, 'precision_weighted': 0.8784098647023688, 'recall_macro': 0.8694474654814668, 'recall_micro': 0.873031659207691, 'recall_weighted': 0.873031659207691}
Saving model...
Model saved!
-------------------------------------------
-----------------------
Epoch 15/100
Training statistic: Loss: 0.7425, train_score: {'accuracy': 0.83687, 'balanced_accuracy': 0.750603680994606, 'f1_macro': 0.7752336094432272, 'f1_micro': 0.83687, 'f1_weighted': 0.8326132474694788, 'precision_macro': 0.8232065760187177, 'precision_micro': 0.83687, 'precision_weighted': 0.8372594616866311, 'recall_macro': 0.750603680994606, 'recall_micro': 0.83687, 'recall_weighted': 0.83687}
Validation statistic: Loss: 0.5691, dev_score: {'accuracy': 0.8740261892922261, 'balanced_accuracy': 0.8713194134483931, 'f1_macro': 0.8713835151305773, 'f1_micro': 0.8740261892922261, 'f1_weighted': 0.8738562904783461, 'precision_macro': 0.8772823944859676, 'precision_micro': 0.8740261892922261, 'precision_weighted': 0.8793977446795272, 'recall_macro': 0.8713194134483931, 'recall_micro': 0.8740261892922261, 'recall_weighted': 0.8740261892922261}
Saving model...
Model saved!
-------------------------------------------
-----------------------
Epoch 16/100
Training statistic: Loss: 0.7246, train_score: {'accuracy': 0.83982, 'balanced_accuracy': 0.7638627400489585, 'f1_macro': 0.7781282904778541, 'f1_micro': 0.83982, 'f1_weighted': 0.8357773694674914, 'precision_macro': 0.8191426814825956, 'precision_micro': 0.83982, 'precision_weighted': 0.8403567835410647, 'recall_macro': 0.7638627400489585, 'recall_micro': 0.83982, 'recall_weighted': 0.83982}
Validation statistic: Loss: 0.5376, dev_score: {'accuracy': 0.8799933697994364, 'balanced_accuracy': 0.877023342244428, 'f1_macro': 0.8770647167788248, 'f1_micro': 0.8799933697994364, 'f1_weighted': 0.8794050473449508, 'precision_macro': 0.8846645497296821, 'precision_micro': 0.8799933697994364, 'precision_weighted': 0.8862290523807345, 'recall_macro': 0.877023342244428, 'recall_micro': 0.8799933697994364, 'recall_weighted': 0.8799933697994364}
Saving model...
Model saved!
-------------------------------------------
-----------------------
Epoch 17/100
Training statistic: Loss: 0.7038, train_score: {'accuracy': 0.84323, 'balanced_accuracy': 0.7704457541894282, 'f1_macro': 0.788635161701592, 'f1_micro': 0.84323, 'f1_weighted': 0.8400216398012168, 'precision_macro': 0.823908810542117, 'precision_micro': 0.84323, 'precision_weighted': 0.8429519623345553, 'recall_macro': 0.7704457541894282, 'recall_micro': 0.84323, 'recall_weighted': 0.84323}
Validation statistic: Loss: 0.5135, dev_score: {'accuracy': 0.8849660202221117, 'balanced_accuracy': 0.8820116055754077, 'f1_macro': 0.8816501580826934, 'f1_micro': 0.8849660202221117, 'f1_weighted': 0.8841572904214905, 'precision_macro': 0.8895416144109083, 'precision_micro': 0.8849660202221117, 'precision_weighted': 0.8913459317159823, 'recall_macro': 0.8820116055754077, 'recall_micro': 0.8849660202221117, 'recall_weighted': 0.8849660202221117}
Saving model...
Model saved!
-------------------------------------------
-----------------------
Epoch 18/100
Training statistic: Loss: 0.6808, train_score: {'accuracy': 0.84258, 'balanced_accuracy': 0.7726406273399553, 'f1_macro': 0.7890224126015738, 'f1_micro': 0.84258, 'f1_weighted': 0.8390868953755528, 'precision_macro': 0.8218425209836051, 'precision_micro': 0.84258, 'precision_weighted': 0.8438819948769328, 'recall_macro': 0.7726406273399553, 'recall_micro': 0.84258, 'recall_weighted': 0.84258}
Validation statistic: Loss: 0.4945, dev_score: {'accuracy': 0.8836399801093983, 'balanced_accuracy': 0.8808676832721976, 'f1_macro': 0.8803213762272788, 'f1_micro': 0.8836399801093983, 'f1_weighted': 0.8827995956346645, 'precision_macro': 0.8874238710504105, 'precision_micro': 0.8836399801093983, 'precision_weighted': 0.8893855261290076, 'recall_macro': 0.8808676832721976, 'recall_micro': 0.8836399801093983, 'recall_weighted': 0.8836399801093983}
Saving model...
Model saved!
-------------------------------------------
-----------------------
Epoch 19/100
Training statistic: Loss: 0.6687, train_score: {'accuracy': 0.84418, 'balanced_accuracy': 0.7793803757166542, 'f1_macro': 0.791347471786551, 'f1_micro': 0.84418, 'f1_weighted': 0.8412227605299609, 'precision_macro': 0.8213305335346724, 'precision_micro': 0.84418, 'precision_weighted': 0.8460178787309744, 'recall_macro': 0.7793803757166542, 'recall_micro': 0.84418, 'recall_weighted': 0.84418}
Validation statistic: Loss: 0.4732, dev_score: {'accuracy': 0.8884468755179844, 'balanced_accuracy': 0.8859259869870453, 'f1_macro': 0.8854832624577776, 'f1_micro': 0.8884468755179844, 'f1_weighted': 0.8878051498131863, 'precision_macro': 0.890896369581248, 'precision_micro': 0.8884468755179844, 'precision_weighted': 0.8928205598854386, 'recall_macro': 0.8859259869870453, 'recall_micro': 0.8884468755179844, 'recall_weighted': 0.8884468755179844}
Saving model...
Model saved!
-------------------------------------------
-----------------------
Epoch 20/100
Training statistic: Loss: 0.6525, train_score: {'accuracy': 0.85184, 'balanced_accuracy': 0.7811178525812266, 'f1_macro': 0.7989839555969352, 'f1_micro': 0.85184, 'f1_weighted': 0.8489276974936455, 'precision_macro': 0.8322502856400817, 'precision_micro': 0.85184, 'precision_weighted': 0.8519700838478916, 'recall_macro': 0.7811178525812266, 'recall_micro': 0.85184, 'recall_weighted': 0.85184}
Validation statistic: Loss: 0.4692, dev_score: {'accuracy': 0.889938670644787, 'balanced_accuracy': 0.8877134585424988, 'f1_macro': 0.8869993500844912, 'f1_micro': 0.889938670644787, 'f1_weighted': 0.8892990009637103, 'precision_macro': 0.8916311813185906, 'precision_micro': 0.889938670644787, 'precision_weighted': 0.8938578251577621, 'recall_macro': 0.8877134585424988, 'recall_micro': 0.889938670644787, 'recall_weighted': 0.889938670644787}
Saving model...
Model saved!
-------------------------------------------
-----------------------
Epoch 21/100
Training statistic: Loss: 0.6440, train_score: {'accuracy': 0.84788, 'balanced_accuracy': 0.7726218209558533, 'f1_macro': 0.793342693592487, 'f1_micro': 0.84788, 'f1_weighted': 0.844182490149137, 'precision_macro': 0.8345491595695768, 'precision_micro': 0.84788, 'precision_weighted': 0.8489839044931712, 'recall_macro': 0.7726218209558533, 'recall_micro': 0.84788, 'recall_weighted': 0.84788}
Validation statistic: Loss: 0.4606, dev_score: {'accuracy': 0.8914304657715896, 'balanced_accuracy': 0.8887074313758454, 'f1_macro': 0.888369383148167, 'f1_micro': 0.8914304657715896, 'f1_weighted': 0.8907320238188715, 'precision_macro': 0.8934092042799279, 'precision_micro': 0.8914304657715896, 'precision_weighted': 0.8952117625480072, 'recall_macro': 0.8887074313758454, 'recall_micro': 0.8914304657715896, 'recall_weighted': 0.8914304657715896}
Saving model...
Model saved!
-------------------------------------------
-----------------------
Epoch 22/100
Training statistic: Loss: 0.6260, train_score: {'accuracy': 0.85344, 'balanced_accuracy': 0.7809858974851628, 'f1_macro': 0.7992342729265981, 'f1_micro': 0.85344, 'f1_weighted': 0.849740389359882, 'precision_macro': 0.838365661695909, 'precision_micro': 0.85344, 'precision_weighted': 0.8545642236957437, 'recall_macro': 0.7809858974851628, 'recall_micro': 0.85344, 'recall_weighted': 0.85344}
Validation statistic: Loss: 0.4491, dev_score: {'accuracy': 0.8887783855461627, 'balanced_accuracy': 0.8858124641639622, 'f1_macro': 0.8855448353271427, 'f1_micro': 0.8887783855461627, 'f1_weighted': 0.8877372677923933, 'precision_macro': 0.8918629690590374, 'precision_micro': 0.8887783855461627, 'precision_weighted': 0.8931304395784572, 'recall_macro': 0.8858124641639622, 'recall_micro': 0.8887783855461627, 'recall_weighted': 0.8887783855461627}
Saving model...
Model saved!
-------------------------------------------
-----------------------
Epoch 23/100
Training statistic: Loss: 0.6099, train_score: {'accuracy': 0.85805, 'balanced_accuracy': 0.794110800759609, 'f1_macro': 0.8082626141875398, 'f1_micro': 0.85805, 'f1_weighted': 0.8552273440710458, 'precision_macro': 0.8363839082587861, 'precision_micro': 0.85805, 'precision_weighted': 0.8580025010055947, 'recall_macro': 0.794110800759609, 'recall_micro': 0.85805, 'recall_weighted': 0.85805}
Validation statistic: Loss: 0.4371, dev_score: {'accuracy': 0.8950770760815515, 'balanced_accuracy': 0.8927056278241485, 'f1_macro': 0.892969262085043, 'f1_micro': 0.8950770760815515, 'f1_weighted': 0.8949688400944336, 'precision_macro': 0.897098667662435, 'precision_micro': 0.8950770760815515, 'precision_weighted': 0.8986620977063053, 'recall_macro': 0.8927056278241485, 'recall_micro': 0.8950770760815515, 'recall_weighted': 0.8950770760815515}
Saving model...
Model saved!
-------------------------------------------
-----------------------
Epoch 24/100
Training statistic: Loss: 0.6092, train_score: {'accuracy': 0.85725, 'balanced_accuracy': 0.7933940894727349, 'f1_macro': 0.8097086808962424, 'f1_micro': 0.85725, 'f1_weighted': 0.8543727808392544, 'precision_macro': 0.8411211602520833, 'precision_micro': 0.85725, 'precision_weighted': 0.8583568336790077, 'recall_macro': 0.7933940894727349, 'recall_micro': 0.85725, 'recall_weighted': 0.85725}
Validation statistic: Loss: 0.4236, dev_score: {'accuracy': 0.8957400961379082, 'balanced_accuracy': 0.8930195317404636, 'f1_macro': 0.8928086343759032, 'f1_micro': 0.8957400961379082, 'f1_weighted': 0.8952750298050842, 'precision_macro': 0.897012896722811, 'precision_micro': 0.8957400961379082, 'precision_weighted': 0.8990709464002935, 'recall_macro': 0.8930195317404636, 'recall_micro': 0.8957400961379082, 'recall_weighted': 0.8957400961379082}
Saving model...
Model saved!
-------------------------------------------
-----------------------
Epoch 25/100
Training statistic: Loss: 0.5922, train_score: {'accuracy': 0.86274, 'balanced_accuracy': 0.7947222739811628, 'f1_macro': 0.8134810145265614, 'f1_micro': 0.86274, 'f1_weighted': 0.8601436895663678, 'precision_macro': 0.8457602661500804, 'precision_micro': 0.86274, 'precision_weighted': 0.8625598676483776, 'recall_macro': 0.7947222739811628, 'recall_micro': 0.86274, 'recall_weighted': 0.86274}
Validation statistic: Loss: 0.4462, dev_score: {'accuracy': 0.8834742250953092, 'balanced_accuracy': 0.8799997301431868, 'f1_macro': 0.8802752244263374, 'f1_micro': 0.8834742250953092, 'f1_weighted': 0.8830066652658235, 'precision_macro': 0.8892990109872982, 'precision_micro': 0.8834742250953092, 'precision_weighted': 0.8909790057819824, 'recall_macro': 0.8799997301431868, 'recall_micro': 0.8834742250953092, 'recall_weighted': 0.8834742250953092}
-----------------------
Epoch 26/100
Training statistic: Loss: 0.5886, train_score: {'accuracy': 0.86181, 'balanced_accuracy': 0.7998264807388048, 'f1_macro': 0.8166645016749708, 'f1_micro': 0.86181, 'f1_weighted': 0.8594735507590959, 'precision_macro': 0.8433957527578009, 'precision_micro': 0.86181, 'precision_weighted': 0.8613794309242837, 'recall_macro': 0.7998264807388048, 'recall_micro': 0.86181, 'recall_weighted': 0.86181}
Validation statistic: Loss: 0.4159, dev_score: {'accuracy': 0.896568871208354, 'balanced_accuracy': 0.8942329717558135, 'f1_macro': 0.8942108966277376, 'f1_micro': 0.896568871208354, 'f1_weighted': 0.8961980182053259, 'precision_macro': 0.8991937836665356, 'precision_micro': 0.896568871208354, 'precision_weighted': 0.9006833592607552, 'recall_macro': 0.8942329717558135, 'recall_micro': 0.896568871208354, 'recall_weighted': 0.896568871208354}
Saving model...
Model saved!
-------------------------------------------
-----------------------
Epoch 27/100
Training statistic: Loss: 0.5749, train_score: {'accuracy': 0.86313, 'balanced_accuracy': 0.7968729705941635, 'f1_macro': 0.8142014827184274, 'f1_micro': 0.86313, 'f1_weighted': 0.8604129171132591, 'precision_macro': 0.8466829651504033, 'precision_micro': 0.86313, 'precision_weighted': 0.8633010123978498, 'recall_macro': 0.7968729705941635, 'recall_micro': 0.86313, 'recall_weighted': 0.86313}
Validation statistic: Loss: 0.4162, dev_score: {'accuracy': 0.8944140560251947, 'balanced_accuracy': 0.8916013781131745, 'f1_macro': 0.89196258950077, 'f1_micro': 0.8944140560251947, 'f1_weighted': 0.8942339318167117, 'precision_macro': 0.8975107099201798, 'precision_micro': 0.8944140560251947, 'precision_weighted': 0.899119765273526, 'recall_macro': 0.8916013781131745, 'recall_micro': 0.8944140560251947, 'recall_weighted': 0.8944140560251947}
-----------------------
Epoch 28/100
Training statistic: Loss: 0.5759, train_score: {'accuracy': 0.86356, 'balanced_accuracy': 0.802308220373343, 'f1_macro': 0.8176529880077792, 'f1_micro': 0.86356, 'f1_weighted': 0.8611186973879412, 'precision_macro': 0.8464910817946857, 'precision_micro': 0.86356, 'precision_weighted': 0.8647387428924713, 'recall_macro': 0.802308220373343, 'recall_micro': 0.86356, 'recall_weighted': 0.86356}
Validation statistic: Loss: 0.4153, dev_score: {'accuracy': 0.8940825459970164, 'balanced_accuracy': 0.8915289105440813, 'f1_macro': 0.8918809322480825, 'f1_micro': 0.8940825459970164, 'f1_weighted': 0.8938646567189622, 'precision_macro': 0.898145309678992, 'precision_micro': 0.8940825459970164, 'precision_weighted': 0.8994049879644062, 'recall_macro': 0.8915289105440813, 'recall_micro': 0.8940825459970164, 'recall_weighted': 0.8940825459970164}
Saving model...
Model saved!
-------------------------------------------
-----------------------
Epoch 29/100
Training statistic: Loss: 0.5639, train_score: {'accuracy': 0.86432, 'balanced_accuracy': 0.7950074635738129, 'f1_macro': 0.8137666265887044, 'f1_micro': 0.86432, 'f1_weighted': 0.861460995469109, 'precision_macro': 0.8501539946532943, 'precision_micro': 0.86432, 'precision_weighted': 0.8649385162625185, 'recall_macro': 0.7950074635738129, 'recall_micro': 0.86432, 'recall_weighted': 0.86432}
Validation statistic: Loss: 0.4133, dev_score: {'accuracy': 0.8950770760815515, 'balanced_accuracy': 0.8928159691182016, 'f1_macro': 0.8928648451139457, 'f1_micro': 0.8950770760815515, 'f1_weighted': 0.8947302360052319, 'precision_macro': 0.897653507488112, 'precision_micro': 0.8950770760815515, 'precision_weighted': 0.899044927049788, 'recall_macro': 0.8928159691182016, 'recall_micro': 0.8950770760815515, 'recall_weighted': 0.8950770760815515}
Saving model...
Model saved!
-------------------------------------------
-----------------------
Epoch 30/100
Training statistic: Loss: 0.5618, train_score: {'accuracy': 0.86935, 'balanced_accuracy': 0.8014826136152194, 'f1_macro': 0.820644778388794, 'f1_micro': 0.86935, 'f1_weighted': 0.8664021020561565, 'precision_macro': 0.8584316955645781, 'precision_micro': 0.86935, 'precision_weighted': 0.8699269237576005, 'recall_macro': 0.8014826136152194, 'recall_micro': 0.86935, 'recall_weighted': 0.86935}
Validation statistic: Loss: 0.4123, dev_score: {'accuracy': 0.8914304657715896, 'balanced_accuracy': 0.8890069288818916, 'f1_macro': 0.8887412287535268, 'f1_micro': 0.8914304657715896, 'f1_weighted': 0.8907640679390356, 'precision_macro': 0.895499843218165, 'precision_micro': 0.8914304657715896, 'precision_weighted': 0.8969174216777511, 'recall_macro': 0.8890069288818916, 'recall_micro': 0.8914304657715896, 'recall_weighted': 0.8914304657715896}
Saving model...
Model saved!
-------------------------------------------
-----------------------
Epoch 31/100
Training statistic: Loss: 0.5423, train_score: {'accuracy': 0.87104, 'balanced_accuracy': 0.8075628291878283, 'f1_macro': 0.825415272810235, 'f1_micro': 0.87104, 'f1_weighted': 0.868457075547335, 'precision_macro': 0.8572106552366121, 'precision_micro': 0.87104, 'precision_weighted': 0.8720368039154052, 'recall_macro': 0.8075628291878283, 'recall_micro': 0.87104, 'recall_weighted': 0.87104}
Validation statistic: Loss: 0.4109, dev_score: {'accuracy': 0.8886126305320736, 'balanced_accuracy': 0.8862245911315718, 'f1_macro': 0.8859779779772626, 'f1_micro': 0.8886126305320736, 'f1_weighted': 0.8881888633278769, 'precision_macro': 0.891807053539074, 'precision_micro': 0.8886126305320736, 'precision_weighted': 0.8937035408399584, 'recall_macro': 0.8862245911315718, 'recall_micro': 0.8886126305320736, 'recall_weighted': 0.8886126305320736}
Saving model...
Model saved!
-------------------------------------------
-----------------------
Epoch 32/100
Training statistic: Loss: 0.5531, train_score: {'accuracy': 0.86929, 'balanced_accuracy': 0.8069215481732203, 'f1_macro': 0.8223878320877104, 'f1_micro': 0.86929, 'f1_weighted': 0.866781987891168, 'precision_macro': 0.8537515191633809, 'precision_micro': 0.86929, 'precision_weighted': 0.8703479507607371, 'recall_macro': 0.8069215481732203, 'recall_micro': 0.86929, 'recall_weighted': 0.86929}
Validation statistic: Loss: 0.4170, dev_score: {'accuracy': 0.8917619757997679, 'balanced_accuracy': 0.8889446244685496, 'f1_macro': 0.8891585317414407, 'f1_micro': 0.8917619757997679, 'f1_weighted': 0.8913660907057754, 'precision_macro': 0.8959179520397077, 'precision_micro': 0.8917619757997679, 'precision_weighted': 0.8973322938039467, 'recall_macro': 0.8889446244685496, 'recall_micro': 0.8917619757997679, 'recall_weighted': 0.8917619757997679}
-----------------------
Epoch 33/100
Training statistic: Loss: 0.5477, train_score: {'accuracy': 0.86897, 'balanced_accuracy': 0.8029057262484696, 'f1_macro': 0.8237267373651884, 'f1_micro': 0.86897, 'f1_weighted': 0.8663252087168944, 'precision_macro': 0.8595411779519676, 'precision_micro': 0.86897, 'precision_weighted': 0.8702630766892436, 'recall_macro': 0.8029057262484696, 'recall_micro': 0.86897, 'recall_weighted': 0.86897}
Validation statistic: Loss: 0.4063, dev_score: {'accuracy': 0.8907674457152329, 'balanced_accuracy': 0.88787510219554, 'f1_macro': 0.8881827288148157, 'f1_micro': 0.8907674457152329, 'f1_weighted': 0.8903378311629213, 'precision_macro': 0.8959695395973416, 'precision_micro': 0.8907674457152329, 'precision_weighted': 0.8971687019359342, 'recall_macro': 0.88787510219554, 'recall_micro': 0.8907674457152329, 'recall_weighted': 0.8907674457152329}
Saving model...
Model saved!
-------------------------------------------
-----------------------
Epoch 34/100
Training statistic: Loss: 0.5377, train_score: {'accuracy': 0.87245, 'balanced_accuracy': 0.8069342655609107, 'f1_macro': 0.8300472355663924, 'f1_micro': 0.87245, 'f1_weighted': 0.8701667661639519, 'precision_macro': 0.8662518009965291, 'precision_micro': 0.87245, 'precision_weighted': 0.8736776778995649, 'recall_macro': 0.8069342655609107, 'recall_micro': 0.87245, 'recall_weighted': 0.87245}
Validation statistic: Loss: 0.4095, dev_score: {'accuracy': 0.8917619757997679, 'balanced_accuracy': 0.8885010880960446, 'f1_macro': 0.8887640746049973, 'f1_micro': 0.8917619757997679, 'f1_weighted': 0.8910905277865517, 'precision_macro': 0.8966168114427286, 'precision_micro': 0.8917619757997679, 'precision_weighted': 0.8977100250748512, 'recall_macro': 0.8885010880960446, 'recall_micro': 0.8917619757997679, 'recall_weighted': 0.8917619757997679}
-----------------------
Epoch 35/100
Training statistic: Loss: 0.5318, train_score: {'accuracy': 0.8797, 'balanced_accuracy': 0.8242926934665983, 'f1_macro': 0.8385954411351444, 'f1_micro': 0.8797, 'f1_weighted': 0.8776908880386314, 'precision_macro': 0.8625049496722796, 'precision_micro': 0.8797, 'precision_weighted': 0.8800480985315492, 'recall_macro': 0.8242926934665983, 'recall_micro': 0.8797, 'recall_weighted': 0.8797}
Validation statistic: Loss: 0.3948, dev_score: {'accuracy': 0.8937510359688381, 'balanced_accuracy': 0.8913280350014834, 'f1_macro': 0.890668168295071, 'f1_micro': 0.8937510359688381, 'f1_weighted': 0.8927226286789213, 'precision_macro': 0.8973819224057287, 'precision_micro': 0.8937510359688381, 'precision_weighted': 0.8987198190741904, 'recall_macro': 0.8913280350014834, 'recall_micro': 0.8937510359688381, 'recall_weighted': 0.8937510359688381}
Saving model...
Model saved!
-------------------------------------------
-----------------------
Epoch 36/100
Training statistic: Loss: 0.5301, train_score: {'accuracy': 0.87561, 'balanced_accuracy': 0.8113370273268187, 'f1_macro': 0.8310670740017434, 'f1_micro': 0.87561, 'f1_weighted': 0.8732557744489654, 'precision_macro': 0.8649982518093637, 'precision_micro': 0.87561, 'precision_weighted': 0.8764875313070601, 'recall_macro': 0.8113370273268187, 'recall_micro': 0.87561, 'recall_weighted': 0.87561}
Validation statistic: Loss: 0.4043, dev_score: {'accuracy': 0.8952428310956406, 'balanced_accuracy': 0.8930152252195309, 'f1_macro': 0.8930130360913994, 'f1_micro': 0.8952428310956406, 'f1_weighted': 0.8949406614909844, 'precision_macro': 0.8992907095684946, 'precision_micro': 0.8952428310956406, 'precision_weighted': 0.9007328694021001, 'recall_macro': 0.8930152252195309, 'recall_micro': 0.8952428310956406, 'recall_weighted': 0.8952428310956406}
-----------------------
Epoch 37/100
Training statistic: Loss: 0.5287, train_score: {'accuracy': 0.87727, 'balanced_accuracy': 0.8228296015401131, 'f1_macro': 0.8370739811207144, 'f1_micro': 0.87727, 'f1_weighted': 0.8751349539558974, 'precision_macro': 0.8635038479397382, 'precision_micro': 0.87727, 'precision_weighted': 0.8778983807066815, 'recall_macro': 0.8228296015401131, 'recall_micro': 0.87727, 'recall_weighted': 0.87727}
Validation statistic: Loss: 0.3964, dev_score: {'accuracy': 0.8964031161942648, 'balanced_accuracy': 0.8937399003171207, 'f1_macro': 0.8939853969974084, 'f1_micro': 0.8964031161942648, 'f1_weighted': 0.8961611037331557, 'precision_macro': 0.9020048102192101, 'precision_micro': 0.8964031161942648, 'precision_weighted': 0.9033784081194401, 'recall_macro': 0.8937399003171207, 'recall_micro': 0.8964031161942648, 'recall_weighted': 0.8964031161942648}
-----------------------
Epoch 38/100
Training statistic: Loss: 0.5198, train_score: {'accuracy': 0.87869, 'balanced_accuracy': 0.8220157652294059, 'f1_macro': 0.8382648436647763, 'f1_micro': 0.87869, 'f1_weighted': 0.8765885490627133, 'precision_macro': 0.8674649321756542, 'precision_micro': 0.87869, 'precision_weighted': 0.8804050200692436, 'recall_macro': 0.8220157652294059, 'recall_micro': 0.87869, 'recall_weighted': 0.87869}
Validation statistic: Loss: 0.3905, dev_score: {'accuracy': 0.896568871208354, 'balanced_accuracy': 0.8945859804337235, 'f1_macro': 0.8943878861765219, 'f1_micro': 0.896568871208354, 'f1_weighted': 0.8963623073653695, 'precision_macro': 0.8993303265029281, 'precision_micro': 0.896568871208354, 'precision_weighted': 0.9011074519956748, 'recall_macro': 0.8945859804337235, 'recall_micro': 0.896568871208354, 'recall_weighted': 0.896568871208354}
Saving model...
Model saved!
-------------------------------------------
-----------------------
Epoch 39/100
Training statistic: Loss: 0.5142, train_score: {'accuracy': 0.88226, 'balanced_accuracy': 0.8283848584548302, 'f1_macro': 0.8414239472578282, 'f1_micro': 0.88226, 'f1_weighted': 0.8804889464669206, 'precision_macro': 0.863676841990405, 'precision_micro': 0.88226, 'precision_weighted': 0.8822125500591864, 'recall_macro': 0.8283848584548302, 'recall_micro': 0.88226, 'recall_weighted': 0.88226}
Validation statistic: Loss: 0.3970, dev_score: {'accuracy': 0.896568871208354, 'balanced_accuracy': 0.893991819125322, 'f1_macro': 0.8943424226885066, 'f1_micro': 0.896568871208354, 'f1_weighted': 0.896503324320436, 'precision_macro': 0.900661318357502, 'precision_micro': 0.896568871208354, 'precision_weighted': 0.9022086692129143, 'recall_macro': 0.893991819125322, 'recall_micro': 0.896568871208354, 'recall_weighted': 0.896568871208354}
-----------------------
Epoch 40/100
Training statistic: Loss: 0.5133, train_score: {'accuracy': 0.88636, 'balanced_accuracy': 0.8279204467120141, 'f1_macro': 0.8425573178121196, 'f1_micro': 0.88636, 'f1_weighted': 0.8842539674183613, 'precision_macro': 0.8718816903481871, 'precision_micro': 0.88636, 'precision_weighted': 0.886856307506663, 'recall_macro': 0.8279204467120141, 'recall_micro': 0.88636, 'recall_weighted': 0.88636}
Validation statistic: Loss: 0.3869, dev_score: {'accuracy': 0.8995524614619592, 'balanced_accuracy': 0.8970400719316176, 'f1_macro': 0.8967410442231231, 'f1_micro': 0.8995524614619592, 'f1_weighted': 0.8988305130773716, 'precision_macro': 0.9035570837468787, 'precision_micro': 0.8995524614619592, 'precision_weighted': 0.9049605645634496, 'recall_macro': 0.8970400719316176, 'recall_micro': 0.8995524614619592, 'recall_weighted': 0.8995524614619592}
Saving model...
Model saved!
-------------------------------------------
-----------------------
Epoch 41/100
Training statistic: Loss: 0.5108, train_score: {'accuracy': 0.88338, 'balanced_accuracy': 0.8299405588810082, 'f1_macro': 0.8445470687627159, 'f1_micro': 0.88338, 'f1_weighted': 0.8813782418876241, 'precision_macro': 0.8716025178157828, 'precision_micro': 0.88338, 'precision_weighted': 0.8844827519088309, 'recall_macro': 0.8299405588810082, 'recall_micro': 0.88338, 'recall_weighted': 0.88338}
Validation statistic: Loss: 0.3745, dev_score: {'accuracy': 0.905022376926902, 'balanced_accuracy': 0.9026274150033675, 'f1_macro': 0.9022919947433339, 'f1_micro': 0.905022376926902, 'f1_weighted': 0.9042537708944325, 'precision_macro': 0.9077730324034418, 'precision_micro': 0.905022376926902, 'precision_weighted': 0.9090441570787969, 'recall_macro': 0.9026274150033675, 'recall_micro': 0.905022376926902, 'recall_weighted': 0.905022376926902}
Saving model...
Model saved!
-------------------------------------------
-----------------------
Epoch 42/100
Training statistic: Loss: 0.5132, train_score: {'accuracy': 0.88306, 'balanced_accuracy': 0.8262256604000713, 'f1_macro': 0.8434666814618602, 'f1_micro': 0.88306, 'f1_weighted': 0.881117234362758, 'precision_macro': 0.8719791481575419, 'precision_micro': 0.88306, 'precision_weighted': 0.8838941513273837, 'recall_macro': 0.8262256604000713, 'recall_micro': 0.88306, 'recall_weighted': 0.88306}
Validation statistic: Loss: 0.3634, dev_score: {'accuracy': 0.9045251118846345, 'balanced_accuracy': 0.9025828632606278, 'f1_macro': 0.9024606104931564, 'f1_micro': 0.9045251118846345, 'f1_weighted': 0.9041591947613044, 'precision_macro': 0.9054660058382442, 'precision_micro': 0.9045251118846345, 'precision_weighted': 0.9068571287503162, 'recall_macro': 0.9025828632606278, 'recall_micro': 0.9045251118846345, 'recall_weighted': 0.9045251118846345}
Saving model...
Model saved!
-------------------------------------------
-----------------------
Epoch 43/100
Training statistic: Loss: 0.4997, train_score: {'accuracy': 0.88594, 'balanced_accuracy': 0.8289781002633715, 'f1_macro': 0.846348007496178, 'f1_micro': 0.88594, 'f1_weighted': 0.8838005123957279, 'precision_macro': 0.8780444478479701, 'precision_micro': 0.88594, 'precision_weighted': 0.8872990213057146, 'recall_macro': 0.8289781002633715, 'recall_micro': 0.88594, 'recall_weighted': 0.88594}
Validation statistic: Loss: 0.3631, dev_score: {'accuracy': 0.9056853969832588, 'balanced_accuracy': 0.9033697870851405, 'f1_macro': 0.9033255306237973, 'f1_micro': 0.9056853969832588, 'f1_weighted': 0.9049357237349296, 'precision_macro': 0.9087184284953986, 'precision_micro': 0.9056853969832588, 'precision_weighted': 0.9094612878476037, 'recall_macro': 0.9033697870851405, 'recall_micro': 0.9056853969832588, 'recall_weighted': 0.9056853969832588}
Saving model...
Model saved!
-------------------------------------------
-----------------------
Epoch 44/100
Training statistic: Loss: 0.4972, train_score: {'accuracy': 0.8901, 'balanced_accuracy': 0.8348572639675321, 'f1_macro': 0.8515650968733791, 'f1_micro': 0.8901, 'f1_weighted': 0.8881491471134211, 'precision_macro': 0.8786754587305872, 'precision_micro': 0.8901, 'precision_weighted': 0.8902649477097216, 'recall_macro': 0.8348572639675321, 'recall_micro': 0.8901, 'recall_weighted': 0.8901}
Validation statistic: Loss: 0.3814, dev_score: {'accuracy': 0.9027018067296536, 'balanced_accuracy': 0.9004757442947444, 'f1_macro': 0.9007401791506545, 'f1_micro': 0.9027018067296536, 'f1_weighted': 0.9024893282481393, 'precision_macro': 0.9042640577745551, 'precision_micro': 0.9027018067296536, 'precision_weighted': 0.905484240353189, 'recall_macro': 0.9004757442947444, 'recall_micro': 0.9027018067296536, 'recall_weighted': 0.9027018067296536}
-----------------------
Epoch 45/100
Training statistic: Loss: 0.4904, train_score: {'accuracy': 0.89179, 'balanced_accuracy': 0.8366971804712715, 'f1_macro': 0.8542598556604986, 'f1_micro': 0.89179, 'f1_weighted': 0.8899457912759418, 'precision_macro': 0.8818287242776212, 'precision_micro': 0.89179, 'precision_weighted': 0.8920019115473489, 'recall_macro': 0.8366971804712715, 'recall_micro': 0.89179, 'recall_weighted': 0.89179}
Validation statistic: Loss: 0.3776, dev_score: {'accuracy': 0.9035305818000995, 'balanced_accuracy': 0.9013982014325039, 'f1_macro': 0.9014721369018301, 'f1_micro': 0.9035305818000995, 'f1_weighted': 0.9032415511620825, 'precision_macro': 0.9049472917442097, 'precision_micro': 0.9035305818000995, 'precision_weighted': 0.9062401425490743, 'recall_macro': 0.9013982014325039, 'recall_micro': 0.9035305818000995, 'recall_weighted': 0.9035305818000995}
-----------------------
Epoch 46/100
Training statistic: Loss: 0.4905, train_score: {'accuracy': 0.8884, 'balanced_accuracy': 0.834038735115243, 'f1_macro': 0.8516730142931401, 'f1_micro': 0.8884, 'f1_weighted': 0.886514781920821, 'precision_macro': 0.879959509232991, 'precision_micro': 0.8884, 'precision_weighted': 0.8893273305142985, 'recall_macro': 0.834038735115243, 'recall_micro': 0.8884, 'recall_weighted': 0.8884}
Validation statistic: Loss: 0.3680, dev_score: {'accuracy': 0.9015415216310293, 'balanced_accuracy': 0.899293490521595, 'f1_macro': 0.8993493931028063, 'f1_micro': 0.9015415216310293, 'f1_weighted': 0.9012202102286027, 'precision_macro': 0.9044689567957906, 'precision_micro': 0.9015415216310293, 'precision_weighted': 0.905805332248047, 'recall_macro': 0.899293490521595, 'recall_micro': 0.9015415216310293, 'recall_weighted': 0.9015415216310293}
-----------------------
Epoch 47/100
Training statistic: Loss: 0.4918, train_score: {'accuracy': 0.89233, 'balanced_accuracy': 0.838346634544493, 'f1_macro': 0.8536582391328131, 'f1_micro': 0.89233, 'f1_weighted': 0.8904040630335017, 'precision_macro': 0.8815587426944751, 'precision_micro': 0.89233, 'precision_weighted': 0.8926494053600278, 'recall_macro': 0.838346634544493, 'recall_micro': 0.89233, 'recall_weighted': 0.89233}
Validation statistic: Loss: 0.3691, dev_score: {'accuracy': 0.9020387866732968, 'balanced_accuracy': 0.899896745372005, 'f1_macro': 0.8997488675364632, 'f1_micro': 0.9020387866732968, 'f1_weighted': 0.9015436775734227, 'precision_macro': 0.9037104782770091, 'precision_micro': 0.9020387866732968, 'precision_weighted': 0.9050251092085305, 'recall_macro': 0.899896745372005, 'recall_micro': 0.9020387866732968, 'recall_weighted': 0.9020387866732968}
-----------------------
Epoch 48/100
Training statistic: Loss: 0.4836, train_score: {'accuracy': 0.89438, 'balanced_accuracy': 0.843656643430265, 'f1_macro': 0.8597641797933975, 'f1_micro': 0.89438, 'f1_weighted': 0.8928375404270952, 'precision_macro': 0.8833844012061125, 'precision_micro': 0.89438, 'precision_weighted': 0.8945997160223826, 'recall_macro': 0.843656643430265, 'recall_micro': 0.89438, 'recall_weighted': 0.89438}
Validation statistic: Loss: 0.3630, dev_score: {'accuracy': 0.9046908668987237, 'balanced_accuracy': 0.9024423327572622, 'f1_macro': 0.9024494537121897, 'f1_micro': 0.9046908668987237, 'f1_weighted': 0.9043312304270796, 'precision_macro': 0.9062678231007993, 'precision_micro': 0.9046908668987237, 'precision_weighted': 0.9076336153772182, 'recall_macro': 0.9024423327572622, 'recall_micro': 0.9046908668987237, 'recall_weighted': 0.9046908668987237}
Saving model...
Model saved!
-------------------------------------------
-----------------------
Epoch 49/100
Training statistic: Loss: 0.4870, train_score: {'accuracy': 0.89084, 'balanced_accuracy': 0.8303730522969424, 'f1_macro': 0.8516653590339031, 'f1_micro': 0.89084, 'f1_weighted': 0.8886616126649644, 'precision_macro': 0.8874236840903356, 'precision_micro': 0.89084, 'precision_weighted': 0.8921633725044446, 'recall_macro': 0.8303730522969424, 'recall_micro': 0.89084, 'recall_weighted': 0.89084}
Validation statistic: Loss: 0.3728, dev_score: {'accuracy': 0.8997182164760484, 'balanced_accuracy': 0.8975475670855513, 'f1_macro': 0.8972735660912308, 'f1_micro': 0.8997182164760484, 'f1_weighted': 0.8991901338770105, 'precision_macro': 0.9018049504611456, 'precision_micro': 0.8997182164760484, 'precision_weighted': 0.9032935161844152, 'recall_macro': 0.8975475670855513, 'recall_micro': 0.8997182164760484, 'recall_weighted': 0.8997182164760484}
-----------------------
Epoch 50/100
Training statistic: Loss: 0.4737, train_score: {'accuracy': 0.89583, 'balanced_accuracy': 0.8432497018943905, 'f1_macro': 0.8605027071450865, 'f1_micro': 0.89583, 'f1_weighted': 0.894029704821743, 'precision_macro': 0.8875092596081313, 'precision_micro': 0.89583, 'precision_weighted': 0.8966239569078678, 'recall_macro': 0.8432497018943905, 'recall_micro': 0.89583, 'recall_weighted': 0.89583}
Validation statistic: Loss: 0.3739, dev_score: {'accuracy': 0.8998839714901375, 'balanced_accuracy': 0.8977874338361544, 'f1_macro': 0.8977275942241052, 'f1_micro': 0.8998839714901375, 'f1_weighted': 0.8995695168071431, 'precision_macro': 0.9022134512967341, 'precision_micro': 0.8998839714901375, 'precision_weighted': 0.9036569809618558, 'recall_macro': 0.8977874338361544, 'recall_micro': 0.8998839714901375, 'recall_weighted': 0.8998839714901375}
-----------------------
Epoch 51/100
Training statistic: Loss: 0.4663, train_score: {'accuracy': 0.89869, 'balanced_accuracy': 0.8535036529056598, 'f1_macro': 0.8628124987709951, 'f1_micro': 0.89869, 'f1_weighted': 0.8973337456003623, 'precision_macro': 0.8822431952767269, 'precision_micro': 0.89869, 'precision_weighted': 0.8994049409688663, 'recall_macro': 0.8535036529056598, 'recall_micro': 0.89869, 'recall_weighted': 0.89869}
Validation statistic: Loss: 0.3720, dev_score: {'accuracy': 0.89938670644787, 'balanced_accuracy': 0.8971696023715084, 'f1_macro': 0.897037637940012, 'f1_micro': 0.89938670644787, 'f1_weighted': 0.8988792053975114, 'precision_macro': 0.9020761126940711, 'precision_micro': 0.89938670644787, 'precision_weighted': 0.9033445932050631, 'recall_macro': 0.8971696023715084, 'recall_micro': 0.89938670644787, 'recall_weighted': 0.89938670644787}
-----------------------
Epoch 52/100
Training statistic: Loss: 0.4707, train_score: {'accuracy': 0.90183, 'balanced_accuracy': 0.8533931449028465, 'f1_macro': 0.8663396346224236, 'f1_micro': 0.90183, 'f1_weighted': 0.9003784774649836, 'precision_macro': 0.8885595000915382, 'precision_micro': 0.90183, 'precision_weighted': 0.9025414674657145, 'recall_macro': 0.8533931449028465, 'recall_micro': 0.90183, 'recall_weighted': 0.90183}
Validation statistic: Loss: 0.3597, dev_score: {'accuracy': 0.9043593568705454, 'balanced_accuracy': 0.9026388947770971, 'f1_macro': 0.9023257229720908, 'f1_micro': 0.9043593568705454, 'f1_weighted': 0.9039463549583171, 'precision_macro': 0.906411351939257, 'precision_micro': 0.9043593568705454, 'precision_weighted': 0.9077768333377554, 'recall_macro': 0.9026388947770971, 'recall_micro': 0.9043593568705454, 'recall_weighted': 0.9043593568705454}
Saving model...
Model saved!
-------------------------------------------
-----------------------
Epoch 53/100
Training statistic: Loss: 0.4721, train_score: {'accuracy': 0.89842, 'balanced_accuracy': 0.8500717718684655, 'f1_macro': 0.864205257370244, 'f1_micro': 0.89842, 'f1_weighted': 0.8969113376259861, 'precision_macro': 0.8869618224784915, 'precision_micro': 0.89842, 'precision_weighted': 0.8991674141054533, 'recall_macro': 0.8500717718684655, 'recall_micro': 0.89842, 'recall_weighted': 0.89842}
Validation statistic: Loss: 0.3652, dev_score: {'accuracy': 0.9038620918282778, 'balanced_accuracy': 0.9017485174811941, 'f1_macro': 0.9016788133328868, 'f1_micro': 0.9038620918282778, 'f1_weighted': 0.9033706766637514, 'precision_macro': 0.9062647271575852, 'precision_micro': 0.9038620918282778, 'precision_weighted': 0.9073792902667354, 'recall_macro': 0.9017485174811941, 'recall_micro': 0.9038620918282778, 'recall_weighted': 0.9038620918282778}
-----------------------
Epoch 54/100
Training statistic: Loss: 0.4688, train_score: {'accuracy': 0.89525, 'balanced_accuracy': 0.8351868017422175, 'f1_macro': 0.8578598306493586, 'f1_micro': 0.89525, 'f1_weighted': 0.8931628527543638, 'precision_macro': 0.8933264923441332, 'precision_micro': 0.89525, 'precision_weighted': 0.8963194016884982, 'recall_macro': 0.8351868017422175, 'recall_micro': 0.89525, 'recall_weighted': 0.89525}
Validation statistic: Loss: 0.3700, dev_score: {'accuracy': 0.8988894414056026, 'balanced_accuracy': 0.8966708752970535, 'f1_macro': 0.8966057035564804, 'f1_micro': 0.8988894414056026, 'f1_weighted': 0.8984007930297845, 'precision_macro': 0.9019819119350012, 'precision_micro': 0.8988894414056026, 'precision_weighted': 0.9031279695365183, 'recall_macro': 0.8966708752970535, 'recall_micro': 0.8988894414056026, 'recall_weighted': 0.8988894414056026}
-----------------------
Epoch 55/100
Training statistic: Loss: 0.4693, train_score: {'accuracy': 0.89891, 'balanced_accuracy': 0.8544085476613399, 'f1_macro': 0.8676358849985275, 'f1_micro': 0.89891, 'f1_weighted': 0.8976066891525901, 'precision_macro': 0.8875033730486607, 'precision_micro': 0.89891, 'precision_weighted': 0.8996708624502479, 'recall_macro': 0.8544085476613399, 'recall_micro': 0.89891, 'recall_weighted': 0.89891}
Validation statistic: Loss: 0.3679, dev_score: {'accuracy': 0.9017072766451185, 'balanced_accuracy': 0.8992625298107783, 'f1_macro': 0.8990485109012173, 'f1_micro': 0.9017072766451185, 'f1_weighted': 0.9009851328522018, 'precision_macro': 0.9040511665256252, 'precision_micro': 0.9017072766451185, 'precision_weighted': 0.9052046057401136, 'recall_macro': 0.8992625298107783, 'recall_micro': 0.9017072766451185, 'recall_weighted': 0.9017072766451185}
-----------------------
Epoch 56/100
Training statistic: Loss: 0.4618, train_score: {'accuracy': 0.90175, 'balanced_accuracy': 0.8516049576209201, 'f1_macro': 0.8667500810707075, 'f1_micro': 0.90175, 'f1_weighted': 0.9001554218079993, 'precision_macro': 0.8918172991569444, 'precision_micro': 0.90175, 'precision_weighted': 0.9025690709794515, 'recall_macro': 0.8516049576209201, 'recall_micro': 0.90175, 'recall_weighted': 0.90175}
Validation statistic: Loss: 0.3639, dev_score: {'accuracy': 0.9003812365324051, 'balanced_accuracy': 0.897873311942004, 'f1_macro': 0.8978985587908147, 'f1_micro': 0.9003812365324051, 'f1_weighted': 0.89988688534715, 'precision_macro': 0.9030420897835223, 'precision_micro': 0.9003812365324051, 'precision_weighted': 0.904337786186866, 'recall_macro': 0.897873311942004, 'recall_micro': 0.9003812365324051, 'recall_weighted': 0.9003812365324051}
-----------------------
Epoch 57/100
Training statistic: Loss: 0.4611, train_score: {'accuracy': 0.89939, 'balanced_accuracy': 0.8482124422458192, 'f1_macro': 0.8639599892432273, 'f1_micro': 0.89939, 'f1_weighted': 0.8979594482880885, 'precision_macro': 0.8895275997568607, 'precision_micro': 0.89939, 'precision_weighted': 0.9002703822852605, 'recall_macro': 0.8482124422458192, 'recall_micro': 0.89939, 'recall_weighted': 0.89939}
Validation statistic: Loss: 0.3764, dev_score: {'accuracy': 0.8980606663351567, 'balanced_accuracy': 0.8949913720958953, 'f1_macro': 0.8953734979846131, 'f1_micro': 0.8980606663351567, 'f1_weighted': 0.8974404196931217, 'precision_macro': 0.9014895635325162, 'precision_micro': 0.8980606663351567, 'precision_weighted': 0.9023431246793177, 'recall_macro': 0.8949913720958953, 'recall_micro': 0.8980606663351567, 'recall_weighted': 0.8980606663351567}
-----------------------
Epoch 58/100
Training statistic: Loss: 0.4538, train_score: {'accuracy': 0.90276, 'balanced_accuracy': 0.8510419682276245, 'f1_macro': 0.8672392388889522, 'f1_micro': 0.90276, 'f1_weighted': 0.9011571899754415, 'precision_macro': 0.8945422588486014, 'precision_micro': 0.90276, 'precision_weighted': 0.9032810541618278, 'recall_macro': 0.8510419682276245, 'recall_micro': 0.90276, 'recall_weighted': 0.90276}
Validation statistic: Loss: 0.3751, dev_score: {'accuracy': 0.8975634012928891, 'balanced_accuracy': 0.895333045730835, 'f1_macro': 0.8947150615566641, 'f1_micro': 0.8975634012928891, 'f1_weighted': 0.8967633235904359, 'precision_macro': 0.9001464456533274, 'precision_micro': 0.8975634012928891, 'precision_weighted': 0.9017778348903434, 'recall_macro': 0.895333045730835, 'recall_micro': 0.8975634012928891, 'recall_weighted': 0.8975634012928891}
-----------------------
Epoch 59/100
Training statistic: Loss: 0.4511, train_score: {'accuracy': 0.90218, 'balanced_accuracy': 0.8528297688903852, 'f1_macro': 0.8714481999740368, 'f1_micro': 0.90218, 'f1_weighted': 0.9006911135910178, 'precision_macro': 0.8962246863606586, 'precision_micro': 0.90218, 'precision_weighted': 0.9025449177985513, 'recall_macro': 0.8528297688903852, 'recall_micro': 0.90218, 'recall_weighted': 0.90218}
Validation statistic: Loss: 0.3726, dev_score: {'accuracy': 0.9000497265042268, 'balanced_accuracy': 0.8979785169375264, 'f1_macro': 0.8975817019553487, 'f1_micro': 0.9000497265042268, 'f1_weighted': 0.8994503027397416, 'precision_macro': 0.9009857855955831, 'precision_micro': 0.9000497265042268, 'precision_weighted': 0.9025076111432172, 'recall_macro': 0.8979785169375264, 'recall_micro': 0.9000497265042268, 'recall_weighted': 0.9000497265042268}
-----------------------
Epoch 60/100
Training statistic: Loss: 0.4515, train_score: {'accuracy': 0.90241, 'balanced_accuracy': 0.8525222903672048, 'f1_macro': 0.8726350656353347, 'f1_micro': 0.90241, 'f1_weighted': 0.900915937946197, 'precision_macro': 0.900591507613699, 'precision_micro': 0.90241, 'precision_weighted': 0.9034285601264523, 'recall_macro': 0.8525222903672048, 'recall_micro': 0.90241, 'recall_weighted': 0.90241}
Validation statistic: Loss: 0.3660, dev_score: {'accuracy': 0.8978949113210675, 'balanced_accuracy': 0.8954452703594047, 'f1_macro': 0.8950602135548336, 'f1_micro': 0.8978949113210675, 'f1_weighted': 0.8972283535617093, 'precision_macro': 0.9002981884087747, 'precision_micro': 0.8978949113210675, 'precision_weighted': 0.9019592347797131, 'recall_macro': 0.8954452703594047, 'recall_micro': 0.8978949113210675, 'recall_weighted': 0.8978949113210675}
-----------------------
Epoch 61/100
Training statistic: Loss: 0.4489, train_score: {'accuracy': 0.90513, 'balanced_accuracy': 0.8634367126208975, 'f1_macro': 0.8766000414015844, 'f1_micro': 0.90513, 'f1_weighted': 0.9039996856776169, 'precision_macro': 0.8964665614273708, 'precision_micro': 0.90513, 'precision_weighted': 0.9062438606512127, 'recall_macro': 0.8634367126208975, 'recall_micro': 0.90513, 'recall_weighted': 0.90513}
Validation statistic: Loss: 0.3563, dev_score: {'accuracy': 0.904027846842367, 'balanced_accuracy': 0.9012208554420725, 'f1_macro': 0.9013661055847797, 'f1_micro': 0.904027846842367, 'f1_weighted': 0.9032766071486389, 'precision_macro': 0.9064484789568411, 'precision_micro': 0.904027846842367, 'precision_weighted': 0.9072270416778215, 'recall_macro': 0.9012208554420725, 'recall_micro': 0.904027846842367, 'recall_weighted': 0.904027846842367}
Saving model...
Model saved!
-------------------------------------------
-----------------------
Epoch 62/100
Training statistic: Loss: 0.4523, train_score: {'accuracy': 0.90593, 'balanced_accuracy': 0.8614622702139041, 'f1_macro': 0.874408774572019, 'f1_micro': 0.90593, 'f1_weighted': 0.9045319220986762, 'precision_macro': 0.8971466155608694, 'precision_micro': 0.90593, 'precision_weighted': 0.9072605446712987, 'recall_macro': 0.8614622702139041, 'recall_micro': 0.90593, 'recall_weighted': 0.90593}
Validation statistic: Loss: 0.3530, dev_score: {'accuracy': 0.9038620918282778, 'balanced_accuracy': 0.9015612968676793, 'f1_macro': 0.9017970590807695, 'f1_micro': 0.9038620918282778, 'f1_weighted': 0.9035264966531101, 'precision_macro': 0.9060592431161891, 'precision_micro': 0.9038620918282778, 'precision_weighted': 0.907071457861368, 'recall_macro': 0.9015612968676793, 'recall_micro': 0.9038620918282778, 'recall_weighted': 0.9038620918282778}
Saving model...
Model saved!
-------------------------------------------
-----------------------
Epoch 63/100
Training statistic: Loss: 0.4403, train_score: {'accuracy': 0.90749, 'balanced_accuracy': 0.8621242702501842, 'f1_macro': 0.8767876491559814, 'f1_micro': 0.90749, 'f1_weighted': 0.906224960424142, 'precision_macro': 0.8993024070813794, 'precision_micro': 0.90749, 'precision_weighted': 0.9080475548461684, 'recall_macro': 0.8621242702501842, 'recall_micro': 0.90749, 'recall_weighted': 0.90749}
Validation statistic: Loss: 0.3436, dev_score: {'accuracy': 0.9078402121664181, 'balanced_accuracy': 0.9056758647328296, 'f1_macro': 0.9059356737534294, 'f1_micro': 0.9078402121664181, 'f1_weighted': 0.9076806948660744, 'precision_macro': 0.9100914686658388, 'precision_micro': 0.9078402121664181, 'precision_weighted': 0.9112916871694458, 'recall_macro': 0.9056758647328296, 'recall_micro': 0.9078402121664181, 'recall_weighted': 0.9078402121664181}
Saving model...
Model saved!
-------------------------------------------
-----------------------
Epoch 64/100
Training statistic: Loss: 0.4441, train_score: {'accuracy': 0.90955, 'balanced_accuracy': 0.8638691162534649, 'f1_macro': 0.8812444502160955, 'f1_micro': 0.90955, 'f1_weighted': 0.908267071297135, 'precision_macro': 0.9058086834696331, 'precision_micro': 0.90955, 'precision_weighted': 0.9102357505606323, 'recall_macro': 0.8638691162534649, 'recall_micro': 0.90955, 'recall_weighted': 0.90955}
Validation statistic: Loss: 0.3580, dev_score: {'accuracy': 0.9023702967014752, 'balanced_accuracy': 0.8998065017561199, 'f1_macro': 0.8997198458166598, 'f1_micro': 0.9023702967014752, 'f1_weighted': 0.9017623040191545, 'precision_macro': 0.904654134122205, 'precision_micro': 0.9023702967014752, 'precision_weighted': 0.9059507237546065, 'recall_macro': 0.8998065017561199, 'recall_micro': 0.9023702967014752, 'recall_weighted': 0.9023702967014752}
-----------------------
Epoch 65/100
Training statistic: Loss: 0.4386, train_score: {'accuracy': 0.91027, 'balanced_accuracy': 0.8683873715668595, 'f1_macro': 0.88120426424758, 'f1_micro': 0.91027, 'f1_weighted': 0.9092586049227044, 'precision_macro': 0.9004793485072659, 'precision_micro': 0.91027, 'precision_weighted': 0.910854821072723, 'recall_macro': 0.8683873715668595, 'recall_micro': 0.91027, 'recall_weighted': 0.91027}
Validation statistic: Loss: 0.3311, dev_score: {'accuracy': 0.9090004972650423, 'balanced_accuracy': 0.9068096586926455, 'f1_macro': 0.9068860975634703, 'f1_micro': 0.9090004972650423, 'f1_weighted': 0.9086164656605275, 'precision_macro': 0.909664146978806, 'precision_micro': 0.9090004972650423, 'precision_weighted': 0.9108390140947308, 'recall_macro': 0.9068096586926455, 'recall_micro': 0.9090004972650423, 'recall_weighted': 0.9090004972650423}
Saving model...
Model saved!
-------------------------------------------
-----------------------
Epoch 66/100
Training statistic: Loss: 0.4439, train_score: {'accuracy': 0.91203, 'balanced_accuracy': 0.8718398122499431, 'f1_macro': 0.8807763099205695, 'f1_micro': 0.91203, 'f1_weighted': 0.9110297034121836, 'precision_macro': 0.8970454189588031, 'precision_micro': 0.91203, 'precision_weighted': 0.9124520452028289, 'recall_macro': 0.8718398122499431, 'recall_micro': 0.91203, 'recall_weighted': 0.91203}
Validation statistic: Loss: 0.3322, dev_score: {'accuracy': 0.9109895574341124, 'balanced_accuracy': 0.9088476242207063, 'f1_macro': 0.9089543614266244, 'f1_micro': 0.9109895574341124, 'f1_weighted': 0.9107340871927503, 'precision_macro': 0.9127222377542397, 'precision_micro': 0.9109895574341124, 'precision_weighted': 0.9140361136537376, 'recall_macro': 0.9088476242207063, 'recall_micro': 0.9109895574341124, 'recall_weighted': 0.9109895574341124}
-----------------------
Epoch 67/100
Training statistic: Loss: 0.4316, train_score: {'accuracy': 0.91175, 'balanced_accuracy': 0.8636752329171322, 'f1_macro': 0.8805869845540245, 'f1_micro': 0.91175, 'f1_weighted': 0.9103736336238146, 'precision_macro': 0.9062770257503278, 'precision_micro': 0.91175, 'precision_weighted': 0.912380053386869, 'recall_macro': 0.8636752329171322, 'recall_micro': 0.91175, 'recall_weighted': 0.91175}
Validation statistic: Loss: 0.3418, dev_score: {'accuracy': 0.9075087021382396, 'balanced_accuracy': 0.905136151910957, 'f1_macro': 0.9051707019318608, 'f1_micro': 0.9075087021382396, 'f1_weighted': 0.9070162628296813, 'precision_macro': 0.9104993931487394, 'precision_micro': 0.9075087021382396, 'precision_weighted': 0.9115885797332965, 'recall_macro': 0.905136151910957, 'recall_micro': 0.9075087021382396, 'recall_weighted': 0.9075087021382396}
-----------------------
Epoch 68/100
Training statistic: Loss: 0.4351, train_score: {'accuracy': 0.91058, 'balanced_accuracy': 0.872005870007879, 'f1_macro': 0.8858810610628307, 'f1_micro': 0.91058, 'f1_weighted': 0.9095518695370176, 'precision_macro': 0.9048096414993008, 'precision_micro': 0.91058, 'precision_weighted': 0.9117365517280477, 'recall_macro': 0.872005870007879, 'recall_micro': 0.91058, 'recall_weighted': 0.91058}
Validation statistic: Loss: 0.3386, dev_score: {'accuracy': 0.9096635173213989, 'balanced_accuracy': 0.9079923522113296, 'f1_macro': 0.9079151955255081, 'f1_micro': 0.9096635173213989, 'f1_weighted': 0.9095195309739853, 'precision_macro': 0.9107164393578795, 'precision_micro': 0.9096635173213989, 'precision_weighted': 0.9121806729844114, 'recall_macro': 0.9079923522113296, 'recall_micro': 0.9096635173213989, 'recall_weighted': 0.9096635173213989}
-----------------------
Epoch 69/100
Training statistic: Loss: 0.4203, train_score: {'accuracy': 0.91514, 'balanced_accuracy': 0.8769624201738987, 'f1_macro': 0.8866753768848671, 'f1_micro': 0.91514, 'f1_weighted': 0.9142192629973215, 'precision_macro': 0.9026552815401686, 'precision_micro': 0.91514, 'precision_weighted': 0.9155340471212801, 'recall_macro': 0.8769624201738987, 'recall_micro': 0.91514, 'recall_weighted': 0.91514}
Validation statistic: Loss: 0.3353, dev_score: {'accuracy': 0.9083374772086855, 'balanced_accuracy': 0.9062174841629348, 'f1_macro': 0.9063862885484039, 'f1_micro': 0.9083374772086855, 'f1_weighted': 0.9080476303634126, 'precision_macro': 0.9099514147296199, 'precision_micro': 0.9083374772086855, 'precision_weighted': 0.9110647352829886, 'recall_macro': 0.9062174841629348, 'recall_micro': 0.9083374772086855, 'recall_weighted': 0.9083374772086855}
-----------------------
Epoch 70/100
Training statistic: Loss: 0.4268, train_score: {'accuracy': 0.91474, 'balanced_accuracy': 0.8735395948490228, 'f1_macro': 0.8876722812877764, 'f1_micro': 0.91474, 'f1_weighted': 0.9137931660711857, 'precision_macro': 0.9070917417266025, 'precision_micro': 0.91474, 'precision_weighted': 0.9151613691135736, 'recall_macro': 0.8735395948490228, 'recall_micro': 0.91474, 'recall_weighted': 0.91474}
Validation statistic: Loss: 0.3487, dev_score: {'accuracy': 0.9027018067296536, 'balanced_accuracy': 0.9003383617019031, 'f1_macro': 0.9007098174978209, 'f1_micro': 0.9027018067296536, 'f1_weighted': 0.9025127323632948, 'precision_macro': 0.904760988435455, 'precision_micro': 0.9027018067296536, 'precision_weighted': 0.9058861160664524, 'recall_macro': 0.9003383617019031, 'recall_micro': 0.9027018067296536, 'recall_weighted': 0.9027018067296536}
-----------------------
Epoch 71/100
Training statistic: Loss: 0.4197, train_score: {'accuracy': 0.91491, 'balanced_accuracy': 0.8726078225778704, 'f1_macro': 0.8871665860054938, 'f1_micro': 0.91491, 'f1_weighted': 0.913885651993831, 'precision_macro': 0.9077904176501089, 'precision_micro': 0.91491, 'precision_weighted': 0.9155856996261732, 'recall_macro': 0.8726078225778704, 'recall_micro': 0.91491, 'recall_weighted': 0.91491}
Validation statistic: Loss: 0.3543, dev_score: {'accuracy': 0.9043593568705454, 'balanced_accuracy': 0.9019665644155932, 'f1_macro': 0.9019323096345084, 'f1_micro': 0.9043593568705454, 'f1_weighted': 0.9038644695057401, 'precision_macro': 0.9058006914244807, 'precision_micro': 0.9043593568705454, 'precision_weighted': 0.9071144613833644, 'recall_macro': 0.9019665644155932, 'recall_micro': 0.9043593568705454, 'recall_weighted': 0.9043593568705454}
-----------------------
Epoch 72/100
Training statistic: Loss: 0.4259, train_score: {'accuracy': 0.91306, 'balanced_accuracy': 0.8718525865074682, 'f1_macro': 0.8848749236428874, 'f1_micro': 0.91306, 'f1_weighted': 0.9119293741155764, 'precision_macro': 0.9058842008152862, 'precision_micro': 0.91306, 'precision_weighted': 0.9143197724234249, 'recall_macro': 0.8718525865074682, 'recall_micro': 0.91306, 'recall_weighted': 0.91306}
Validation statistic: Loss: 0.3476, dev_score: {'accuracy': 0.9056853969832588, 'balanced_accuracy': 0.9035193358846667, 'f1_macro': 0.9038115797931635, 'f1_micro': 0.9056853969832588, 'f1_weighted': 0.9054068448920395, 'precision_macro': 0.9076232920211902, 'precision_micro': 0.9056853969832588, 'precision_weighted': 0.9085761480219318, 'recall_macro': 0.9035193358846667, 'recall_micro': 0.9056853969832588, 'recall_weighted': 0.9056853969832588}
-----------------------
Epoch 73/100
Training statistic: Loss: 0.4200, train_score: {'accuracy': 0.91801, 'balanced_accuracy': 0.8783986118414197, 'f1_macro': 0.8912074703008004, 'f1_micro': 0.91801, 'f1_weighted': 0.9172194031983174, 'precision_macro': 0.9084566050791008, 'precision_micro': 0.91801, 'precision_weighted': 0.9183688675108299, 'recall_macro': 0.8783986118414197, 'recall_micro': 0.91801, 'recall_weighted': 0.91801}
Validation statistic: Loss: 0.3432, dev_score: {'accuracy': 0.9055196419691696, 'balanced_accuracy': 0.9029985380396572, 'f1_macro': 0.9032936531055992, 'f1_micro': 0.9055196419691696, 'f1_weighted': 0.9051747642684516, 'precision_macro': 0.9080048456767782, 'precision_micro': 0.9055196419691696, 'precision_weighted': 0.9091026886444684, 'recall_macro': 0.9029985380396572, 'recall_micro': 0.9055196419691696, 'recall_weighted': 0.9055196419691696}
-----------------------
Epoch 74/100
Training statistic: Loss: 0.4212, train_score: {'accuracy': 0.9176, 'balanced_accuracy': 0.8818146295513378, 'f1_macro': 0.8920419875541823, 'f1_micro': 0.9176, 'f1_weighted': 0.9166429678225264, 'precision_macro': 0.9082712614594399, 'precision_micro': 0.9176, 'precision_weighted': 0.9184909962121224, 'recall_macro': 0.8818146295513378, 'recall_micro': 0.9176, 'recall_weighted': 0.9176}
Validation statistic: Loss: 0.3604, dev_score: {'accuracy': 0.903199071771921, 'balanced_accuracy': 0.9003764340422722, 'f1_macro': 0.9004742636072184, 'f1_micro': 0.903199071771921, 'f1_weighted': 0.9026701834427158, 'precision_macro': 0.9052449631841368, 'precision_micro': 0.903199071771921, 'precision_weighted': 0.9065918055422395, 'recall_macro': 0.9003764340422722, 'recall_micro': 0.903199071771921, 'recall_weighted': 0.903199071771921}
-----------------------
Epoch 75/100
Training statistic: Loss: 0.4122, train_score: {'accuracy': 0.91775, 'balanced_accuracy': 0.8724161403372799, 'f1_macro': 0.8893563294363558, 'f1_micro': 0.91775, 'f1_weighted': 0.9167280635802924, 'precision_macro': 0.9135546423762941, 'precision_micro': 0.91775, 'precision_weighted': 0.9185989223033305, 'recall_macro': 0.8724161403372799, 'recall_micro': 0.91775, 'recall_weighted': 0.91775}
Validation statistic: Loss: 0.3583, dev_score: {'accuracy': 0.8990551964196917, 'balanced_accuracy': 0.8968866863978471, 'f1_macro': 0.8969577845406533, 'f1_micro': 0.8990551964196917, 'f1_weighted': 0.8989654070129023, 'precision_macro': 0.9021881107879546, 'precision_micro': 0.8990551964196917, 'precision_weighted': 0.9038634143973409, 'recall_macro': 0.8968866863978471, 'recall_micro': 0.8990551964196917, 'recall_weighted': 0.8990551964196917}
-----------------------
Epoch 76/100
Training statistic: Loss: 0.4080, train_score: {'accuracy': 0.91846, 'balanced_accuracy': 0.8816857084851304, 'f1_macro': 0.8952640039493949, 'f1_micro': 0.91846, 'f1_weighted': 0.9176138240469195, 'precision_macro': 0.9128183902233294, 'precision_micro': 0.91846, 'precision_weighted': 0.9190711166675307, 'recall_macro': 0.8816857084851304, 'recall_micro': 0.91846, 'recall_weighted': 0.91846}
Validation statistic: Loss: 0.3336, dev_score: {'accuracy': 0.9083374772086855, 'balanced_accuracy': 0.9061512830800813, 'f1_macro': 0.9061876550836059, 'f1_micro': 0.9083374772086855, 'f1_weighted': 0.9079411552697164, 'precision_macro': 0.9098413200382349, 'precision_micro': 0.9083374772086855, 'precision_weighted': 0.91102897089976, 'recall_macro': 0.9061512830800813, 'recall_micro': 0.9083374772086855, 'recall_weighted': 0.9083374772086855}
-----------------------
Epoch 77/100
Training statistic: Loss: 0.4057, train_score: {'accuracy': 0.92059, 'balanced_accuracy': 0.8801216560235148, 'f1_macro': 0.8944201805095036, 'f1_micro': 0.92059, 'f1_weighted': 0.9196599482299878, 'precision_macro': 0.914198387671642, 'precision_micro': 0.92059, 'precision_weighted': 0.9211037342221613, 'recall_macro': 0.8801216560235148, 'recall_micro': 0.92059, 'recall_weighted': 0.92059}
Validation statistic: Loss: 0.3417, dev_score: {'accuracy': 0.903199071771921, 'balanced_accuracy': 0.9008297303158317, 'f1_macro': 0.9010081262859412, 'f1_micro': 0.903199071771921, 'f1_weighted': 0.9029107455558875, 'precision_macro': 0.9048774170047365, 'precision_micro': 0.903199071771921, 'precision_weighted': 0.9061967915705619, 'recall_macro': 0.9008297303158317, 'recall_micro': 0.903199071771921, 'recall_weighted': 0.903199071771921}
-----------------------
Epoch 78/100
Training statistic: Loss: 0.4086, train_score: {'accuracy': 0.91916, 'balanced_accuracy': 0.883765494225738, 'f1_macro': 0.8930078210573951, 'f1_micro': 0.91916, 'f1_weighted': 0.9183353321007779, 'precision_macro': 0.9070469862231156, 'precision_micro': 0.91916, 'precision_weighted': 0.9198097262398333, 'recall_macro': 0.883765494225738, 'recall_micro': 0.91916, 'recall_weighted': 0.91916}
Validation statistic: Loss: 0.3357, dev_score: {'accuracy': 0.9063484170396154, 'balanced_accuracy': 0.9044556525125176, 'f1_macro': 0.904296716285575, 'f1_micro': 0.9063484170396154, 'f1_weighted': 0.9061049467709663, 'precision_macro': 0.907149891192479, 'precision_micro': 0.9063484170396154, 'precision_weighted': 0.9087639095412181, 'recall_macro': 0.9044556525125176, 'recall_micro': 0.9063484170396154, 'recall_weighted': 0.9063484170396154}
-----------------------
Epoch 79/100
Training statistic: Loss: 0.4111, train_score: {'accuracy': 0.9209, 'balanced_accuracy': 0.8891484075804392, 'f1_macro': 0.895463421951242, 'f1_micro': 0.9209, 'f1_weighted': 0.920267568654956, 'precision_macro': 0.9061372955220991, 'precision_micro': 0.9209, 'precision_weighted': 0.9216519976514066, 'recall_macro': 0.8891484075804392, 'recall_micro': 0.9209, 'recall_weighted': 0.9209}
Validation statistic: Loss: 0.3455, dev_score: {'accuracy': 0.9053538869550803, 'balanced_accuracy': 0.9029619789993433, 'f1_macro': 0.9033837310665781, 'f1_micro': 0.9053538869550803, 'f1_weighted': 0.9050123279616454, 'precision_macro': 0.9074288042761731, 'precision_micro': 0.9053538869550803, 'precision_weighted': 0.9081474193385695, 'recall_macro': 0.9029619789993433, 'recall_micro': 0.9053538869550803, 'recall_weighted': 0.9053538869550803}
-----------------------
Epoch 80/100
Training statistic: Loss: 0.4016, train_score: {'accuracy': 0.92315, 'balanced_accuracy': 0.8868140977978634, 'f1_macro': 0.898299445711569, 'f1_micro': 0.92315, 'f1_weighted': 0.9223387667671638, 'precision_macro': 0.9139206061016976, 'precision_micro': 0.92315, 'precision_weighted': 0.9234784338242439, 'recall_macro': 0.8868140977978634, 'recall_micro': 0.92315, 'recall_weighted': 0.92315}
Validation statistic: Loss: 0.3281, dev_score: {'accuracy': 0.9104922923918448, 'balanced_accuracy': 0.9082249483546907, 'f1_macro': 0.9084625921917551, 'f1_micro': 0.9104922923918448, 'f1_weighted': 0.9101980961305134, 'precision_macro': 0.9117758789731519, 'precision_micro': 0.9104922923918448, 'precision_weighted': 0.9128716097568645, 'recall_macro': 0.9082249483546907, 'recall_micro': 0.9104922923918448, 'recall_weighted': 0.9104922923918448}
Saving model...
Model saved!
-------------------------------------------
-----------------------
Epoch 81/100
Training statistic: Loss: 0.4019, train_score: {'accuracy': 0.92369, 'balanced_accuracy': 0.8876991157337695, 'f1_macro': 0.8985304089713247, 'f1_micro': 0.92369, 'f1_weighted': 0.9228868590187407, 'precision_macro': 0.9137357388536305, 'precision_micro': 0.92369, 'precision_weighted': 0.923858491168411, 'recall_macro': 0.8876991157337695, 'recall_micro': 0.92369, 'recall_weighted': 0.92369}
Validation statistic: Loss: 0.3341, dev_score: {'accuracy': 0.9108238024200233, 'balanced_accuracy': 0.9088797422781013, 'f1_macro': 0.9088694619260262, 'f1_micro': 0.9108238024200233, 'f1_weighted': 0.9104294952708037, 'precision_macro': 0.912304772556279, 'precision_micro': 0.9108238024200233, 'precision_weighted': 0.913368353139356, 'recall_macro': 0.9088797422781013, 'recall_micro': 0.9108238024200233, 'recall_weighted': 0.9108238024200233}
-----------------------
Epoch 82/100
Training statistic: Loss: 0.3904, train_score: {'accuracy': 0.92393, 'balanced_accuracy': 0.8846064221043646, 'f1_macro': 0.8975583822305386, 'f1_micro': 0.92393, 'f1_weighted': 0.9228841383577526, 'precision_macro': 0.9174300039405605, 'precision_micro': 0.92393, 'precision_weighted': 0.9246804044974224, 'recall_macro': 0.8846064221043646, 'recall_micro': 0.92393, 'recall_weighted': 0.92393}
Validation statistic: Loss: 0.3532, dev_score: {'accuracy': 0.9036963368141886, 'balanced_accuracy': 0.9013602856715537, 'f1_macro': 0.9009465706349367, 'f1_micro': 0.9036963368141886, 'f1_weighted': 0.9030223068542078, 'precision_macro': 0.9046830259992371, 'precision_micro': 0.9036963368141886, 'precision_weighted': 0.9063072238541188, 'recall_macro': 0.9013602856715537, 'recall_micro': 0.9036963368141886, 'recall_weighted': 0.9036963368141886}
-----------------------
Epoch 83/100
Training statistic: Loss: 0.4001, train_score: {'accuracy': 0.92457, 'balanced_accuracy': 0.8877643995717868, 'f1_macro': 0.9005067633808521, 'f1_micro': 0.92457, 'f1_weighted': 0.9237742532973772, 'precision_macro': 0.9185638970805716, 'precision_micro': 0.92457, 'precision_weighted': 0.9249132596836561, 'recall_macro': 0.8877643995717868, 'recall_micro': 0.92457, 'recall_weighted': 0.92457}
Validation statistic: Loss: 0.3481, dev_score: {'accuracy': 0.9045251118846345, 'balanced_accuracy': 0.9025473256034211, 'f1_macro': 0.9023088887368923, 'f1_micro': 0.9045251118846345, 'f1_weighted': 0.9041996834412164, 'precision_macro': 0.9047111177258186, 'precision_micro': 0.9045251118846345, 'precision_weighted': 0.9064369622630505, 'recall_macro': 0.9025473256034211, 'recall_micro': 0.9045251118846345, 'recall_weighted': 0.9045251118846345}
-----------------------
Epoch 84/100
Training statistic: Loss: 0.4023, train_score: {'accuracy': 0.92471, 'balanced_accuracy': 0.8901932749609273, 'f1_macro': 0.9019184424618656, 'f1_micro': 0.92471, 'f1_weighted': 0.9240848113127645, 'precision_macro': 0.91663773157191, 'precision_micro': 0.92471, 'precision_weighted': 0.9249535772897095, 'recall_macro': 0.8901932749609273, 'recall_micro': 0.92471, 'recall_weighted': 0.92471}
Validation statistic: Loss: 0.3424, dev_score: {'accuracy': 0.905022376926902, 'balanced_accuracy': 0.9028949515489574, 'f1_macro': 0.9029851250538753, 'f1_micro': 0.905022376926902, 'f1_weighted': 0.9048703843483087, 'precision_macro': 0.9060023346052584, 'precision_micro': 0.905022376926902, 'precision_weighted': 0.9075643152525589, 'recall_macro': 0.9028949515489574, 'recall_micro': 0.905022376926902, 'recall_weighted': 0.905022376926902}
-----------------------
Epoch 85/100
Training statistic: Loss: 0.3991, train_score: {'accuracy': 0.92255, 'balanced_accuracy': 0.8822095647023926, 'f1_macro': 0.8975391755878368, 'f1_micro': 0.92255, 'f1_weighted': 0.9215694192282801, 'precision_macro': 0.9191872401121802, 'precision_micro': 0.92255, 'precision_weighted': 0.9235858660427457, 'recall_macro': 0.8822095647023926, 'recall_micro': 0.92255, 'recall_weighted': 0.92255}
Validation statistic: Loss: 0.3500, dev_score: {'accuracy': 0.9015415216310293, 'balanced_accuracy': 0.8991610274121478, 'f1_macro': 0.8990169487778525, 'f1_micro': 0.9015415216310293, 'f1_weighted': 0.901079071880321, 'precision_macro': 0.9027592609989428, 'precision_micro': 0.9015415216310293, 'precision_weighted': 0.9044083478911135, 'recall_macro': 0.8991610274121478, 'recall_micro': 0.9015415216310293, 'recall_weighted': 0.9015415216310293}
-----------------------
Epoch 86/100
Training statistic: Loss: 0.3920, train_score: {'accuracy': 0.92785, 'balanced_accuracy': 0.8882044218847573, 'f1_macro': 0.9022608322511912, 'f1_micro': 0.92785, 'f1_weighted': 0.9269068120621533, 'precision_macro': 0.9219307589897646, 'precision_micro': 0.92785, 'precision_weighted': 0.9280579165004048, 'recall_macro': 0.8882044218847573, 'recall_micro': 0.92785, 'recall_weighted': 0.92785}
Validation statistic: Loss: 0.3406, dev_score: {'accuracy': 0.9060169070114371, 'balanced_accuracy': 0.904003217471573, 'f1_macro': 0.9038267876257116, 'f1_micro': 0.9060169070114371, 'f1_weighted': 0.9057412515466012, 'precision_macro': 0.9059038056159088, 'precision_micro': 0.9060169070114371, 'precision_weighted': 0.90768981364287, 'recall_macro': 0.904003217471573, 'recall_micro': 0.9060169070114371, 'recall_weighted': 0.9060169070114371}
-----------------------
Epoch 87/100
Training statistic: Loss: 0.3956, train_score: {'accuracy': 0.92563, 'balanced_accuracy': 0.8899861988650194, 'f1_macro': 0.9014913447049764, 'f1_micro': 0.92563, 'f1_weighted': 0.9246893821986981, 'precision_macro': 0.9190975605293896, 'precision_micro': 0.92563, 'precision_weighted': 0.9262708223921565, 'recall_macro': 0.8899861988650194, 'recall_micro': 0.92563, 'recall_weighted': 0.92563}
Validation statistic: Loss: 0.3350, dev_score: {'accuracy': 0.9103265373777557, 'balanced_accuracy': 0.9083496748394028, 'f1_macro': 0.9082116673541728, 'f1_micro': 0.9103265373777557, 'f1_weighted': 0.9100686000692189, 'precision_macro': 0.9105229264700316, 'precision_micro': 0.9103265373777557, 'precision_weighted': 0.9121914667371868, 'recall_macro': 0.9083496748394028, 'recall_micro': 0.9103265373777557, 'recall_weighted': 0.9103265373777557}
-----------------------
Epoch 88/100
Training statistic: Loss: 0.3867, train_score: {'accuracy': 0.92496, 'balanced_accuracy': 0.8837690802836494, 'f1_macro': 0.9007881489511638, 'f1_micro': 0.92496, 'f1_weighted': 0.9237696183936392, 'precision_macro': 0.9256331229317036, 'precision_micro': 0.92496, 'precision_weighted': 0.9258859047417421, 'recall_macro': 0.8837690802836494, 'recall_micro': 0.92496, 'recall_weighted': 0.92496}
Validation statistic: Loss: 0.3309, dev_score: {'accuracy': 0.9085032322227747, 'balanced_accuracy': 0.906614928433729, 'f1_macro': 0.9066012915446372, 'f1_micro': 0.9085032322227747, 'f1_weighted': 0.9083333662326982, 'precision_macro': 0.90887915462702, 'precision_micro': 0.9085032322227747, 'precision_weighted': 0.9103948177734064, 'recall_macro': 0.906614928433729, 'recall_micro': 0.9085032322227747, 'recall_weighted': 0.9085032322227747}
-----------------------
Epoch 89/100
Training statistic: Loss: 0.3846, train_score: {'accuracy': 0.92912, 'balanced_accuracy': 0.8927813561311115, 'f1_macro': 0.9030218566506625, 'f1_micro': 0.92912, 'f1_weighted': 0.9282559307763577, 'precision_macro': 0.9191302074094659, 'precision_micro': 0.92912, 'precision_weighted': 0.9294478958807788, 'recall_macro': 0.8927813561311115, 'recall_micro': 0.92912, 'recall_weighted': 0.92912}
Validation statistic: Loss: 0.3362, dev_score: {'accuracy': 0.9048566219128129, 'balanced_accuracy': 0.9023819387792649, 'f1_macro': 0.9024467079909441, 'f1_micro': 0.9048566219128129, 'f1_weighted': 0.9043810895632123, 'precision_macro': 0.9063060074387824, 'precision_micro': 0.9048566219128129, 'precision_weighted': 0.9075967115606466, 'recall_macro': 0.9023819387792649, 'recall_micro': 0.9048566219128129, 'recall_weighted': 0.9048566219128129}
-----------------------
Epoch 90/100
Training statistic: Loss: 0.3853, train_score: {'accuracy': 0.92732, 'balanced_accuracy': 0.8898780473820654, 'f1_macro': 0.9027776374868669, 'f1_micro': 0.92732, 'f1_weighted': 0.9265309360705197, 'precision_macro': 0.9205616196293891, 'precision_micro': 0.92732, 'precision_weighted': 0.9277353947674951, 'recall_macro': 0.8898780473820654, 'recall_micro': 0.92732, 'recall_weighted': 0.92732}
Validation statistic: Loss: 0.3316, dev_score: {'accuracy': 0.9070114370959722, 'balanced_accuracy': 0.904605177982208, 'f1_macro': 0.9046873290965636, 'f1_micro': 0.9070114370959722, 'f1_weighted': 0.9065901873097647, 'precision_macro': 0.9089847365757766, 'precision_micro': 0.9070114370959722, 'precision_weighted': 0.9102252395938584, 'recall_macro': 0.904605177982208, 'recall_micro': 0.9070114370959722, 'recall_weighted': 0.9070114370959722}
-----------------------
Epoch 91/100
Training statistic: Loss: 0.3820, train_score: {'accuracy': 0.92744, 'balanced_accuracy': 0.89425289238446, 'f1_macro': 0.9056877128633216, 'f1_micro': 0.92744, 'f1_weighted': 0.9267292495669374, 'precision_macro': 0.9213690502131715, 'precision_micro': 0.92744, 'precision_weighted': 0.9279329468768908, 'recall_macro': 0.89425289238446, 'recall_micro': 0.92744, 'recall_weighted': 0.92744}
Validation statistic: Loss: 0.3251, dev_score: {'accuracy': 0.9090004972650423, 'balanced_accuracy': 0.9069000032516513, 'f1_macro': 0.9068965137465629, 'f1_micro': 0.9090004972650423, 'f1_weighted': 0.9087056701689544, 'precision_macro': 0.9097722689842247, 'precision_micro': 0.9090004972650423, 'precision_weighted': 0.9111726833048168, 'recall_macro': 0.9069000032516513, 'recall_micro': 0.9090004972650423, 'recall_weighted': 0.9090004972650423}
Saving model...
Model saved!
-------------------------------------------
-----------------------
Epoch 92/100
Training statistic: Loss: 0.3765, train_score: {'accuracy': 0.93187, 'balanced_accuracy': 0.90306286334741, 'f1_macro': 0.910768990232279, 'f1_micro': 0.93187, 'f1_weighted': 0.9313554486418083, 'precision_macro': 0.9215829599014604, 'precision_micro': 0.93187, 'precision_weighted': 0.9322337268366333, 'recall_macro': 0.90306286334741, 'recall_micro': 0.93187, 'recall_weighted': 0.93187}
Validation statistic: Loss: 0.3209, dev_score: {'accuracy': 0.9094977623073098, 'balanced_accuracy': 0.9072156321807407, 'f1_macro': 0.9072775140150036, 'f1_micro': 0.9094977623073098, 'f1_weighted': 0.9092130771004887, 'precision_macro': 0.9097467169556037, 'precision_micro': 0.9094977623073098, 'precision_weighted': 0.9112639027140975, 'recall_macro': 0.9072156321807407, 'recall_micro': 0.9094977623073098, 'recall_weighted': 0.9094977623073098}
Saving model...
Model saved!
-------------------------------------------
-----------------------
Epoch 93/100
Training statistic: Loss: 0.3823, train_score: {'accuracy': 0.93035, 'balanced_accuracy': 0.8938158498316096, 'f1_macro': 0.9067276788364806, 'f1_micro': 0.93035, 'f1_weighted': 0.9295417613157652, 'precision_macro': 0.9253794303312779, 'precision_micro': 0.93035, 'precision_weighted': 0.9310967770273195, 'recall_macro': 0.8938158498316096, 'recall_micro': 0.93035, 'recall_weighted': 0.93035}
Validation statistic: Loss: 0.3326, dev_score: {'accuracy': 0.9043593568705454, 'balanced_accuracy': 0.9017158117368445, 'f1_macro': 0.9021279995205257, 'f1_micro': 0.9043593568705454, 'f1_weighted': 0.9040915417835688, 'precision_macro': 0.9058576785047208, 'precision_micro': 0.9043593568705454, 'precision_weighted': 0.9070370004232947, 'recall_macro': 0.9017158117368445, 'recall_micro': 0.9043593568705454, 'recall_weighted': 0.9043593568705454}
-----------------------
Epoch 94/100
Training statistic: Loss: 0.3715, train_score: {'accuracy': 0.93437, 'balanced_accuracy': 0.8999878749597252, 'f1_macro': 0.913162589874163, 'f1_micro': 0.93437, 'f1_weighted': 0.9337474629054998, 'precision_macro': 0.9296931763609972, 'precision_micro': 0.93437, 'precision_weighted': 0.9345606310987377, 'recall_macro': 0.8999878749597252, 'recall_micro': 0.93437, 'recall_weighted': 0.93437}
Validation statistic: Loss: 0.3278, dev_score: {'accuracy': 0.9075087021382396, 'balanced_accuracy': 0.9054253782001196, 'f1_macro': 0.9055200954061068, 'f1_micro': 0.9075087021382396, 'f1_weighted': 0.9073878258553997, 'precision_macro': 0.9085178595640444, 'precision_micro': 0.9075087021382396, 'precision_weighted': 0.9100850056227221, 'recall_macro': 0.9054253782001196, 'recall_micro': 0.9075087021382396, 'recall_weighted': 0.9075087021382396}
-----------------------
Epoch 95/100
Training statistic: Loss: 0.3760, train_score: {'accuracy': 0.93235, 'balanced_accuracy': 0.8970112949467769, 'f1_macro': 0.9081856520674254, 'f1_micro': 0.93235, 'f1_weighted': 0.9315400766321159, 'precision_macro': 0.9244051973546945, 'precision_micro': 0.93235, 'precision_weighted': 0.9326429897357905, 'recall_macro': 0.8970112949467769, 'recall_micro': 0.93235, 'recall_weighted': 0.93235}
Validation statistic: Loss: 0.3295, dev_score: {'accuracy': 0.9091662522791314, 'balanced_accuracy': 0.9074853178138766, 'f1_macro': 0.9073165829188365, 'f1_micro': 0.9091662522791314, 'f1_weighted': 0.9089649077320189, 'precision_macro': 0.9097213322249825, 'precision_micro': 0.9091662522791314, 'precision_weighted': 0.91127503229764, 'recall_macro': 0.9074853178138766, 'recall_micro': 0.9091662522791314, 'recall_weighted': 0.9091662522791314}
-----------------------
Epoch 96/100
Training statistic: Loss: 0.3797, train_score: {'accuracy': 0.93177, 'balanced_accuracy': 0.8987993553192659, 'f1_macro': 0.9111226749176776, 'f1_micro': 0.93177, 'f1_weighted': 0.9311267968385131, 'precision_macro': 0.9280029681499794, 'precision_micro': 0.93177, 'precision_weighted': 0.932678695989793, 'recall_macro': 0.8987993553192659, 'recall_micro': 0.93177, 'recall_weighted': 0.93177}
Validation statistic: Loss: 0.3367, dev_score: {'accuracy': 0.9013757666169402, 'balanced_accuracy': 0.8990855760254645, 'f1_macro': 0.8992280386548911, 'f1_micro': 0.9013757666169402, 'f1_weighted': 0.9010627528165649, 'precision_macro': 0.903820797410815, 'precision_micro': 0.9013757666169402, 'precision_weighted': 0.9050659167919908, 'recall_macro': 0.8990855760254645, 'recall_micro': 0.9013757666169402, 'recall_weighted': 0.9013757666169402}
-----------------------
Epoch 97/100
Training statistic: Loss: 0.3759, train_score: {'accuracy': 0.93106, 'balanced_accuracy': 0.895135083797749, 'f1_macro': 0.9070871924960799, 'f1_micro': 0.93106, 'f1_weighted': 0.9302497195801102, 'precision_macro': 0.9250441232338013, 'precision_micro': 0.93106, 'precision_weighted': 0.9317396210001406, 'recall_macro': 0.895135083797749, 'recall_micro': 0.93106, 'recall_weighted': 0.93106}
Validation statistic: Loss: 0.3333, dev_score: {'accuracy': 0.9055196419691696, 'balanced_accuracy': 0.903512329292307, 'f1_macro': 0.9034578246718843, 'f1_micro': 0.9055196419691696, 'f1_weighted': 0.9051681905232933, 'precision_macro': 0.9064033524234454, 'precision_micro': 0.9055196419691696, 'precision_weighted': 0.907744279398664, 'recall_macro': 0.903512329292307, 'recall_micro': 0.9055196419691696, 'recall_weighted': 0.9055196419691696}
-----------------------
Epoch 98/100
Training statistic: Loss: 0.3743, train_score: {'accuracy': 0.93131, 'balanced_accuracy': 0.8939844954337112, 'f1_macro': 0.906213246143059, 'f1_micro': 0.93131, 'f1_weighted': 0.9303177122128939, 'precision_macro': 0.9254014074072549, 'precision_micro': 0.93131, 'precision_weighted': 0.9319458389902197, 'recall_macro': 0.8939844954337112, 'recall_micro': 0.93131, 'recall_weighted': 0.93131}
Validation statistic: Loss: 0.3328, dev_score: {'accuracy': 0.9075087021382396, 'balanced_accuracy': 0.9054559495099037, 'f1_macro': 0.9055505713041179, 'f1_micro': 0.9075087021382396, 'f1_weighted': 0.9071938948131854, 'precision_macro': 0.9088269836195947, 'precision_micro': 0.9075087021382396, 'precision_weighted': 0.9099657980756162, 'recall_macro': 0.9054559495099037, 'recall_micro': 0.9075087021382396, 'recall_weighted': 0.9075087021382396}
-----------------------
Epoch 99/100
Training statistic: Loss: 0.3660, train_score: {'accuracy': 0.93643, 'balanced_accuracy': 0.9032341171775581, 'f1_macro': 0.9141331187582986, 'f1_micro': 0.93643, 'f1_weighted': 0.9358105733009945, 'precision_macro': 0.9288004963787898, 'precision_micro': 0.93643, 'precision_weighted': 0.9366259745746941, 'recall_macro': 0.9032341171775581, 'recall_micro': 0.93643, 'recall_weighted': 0.93643}
Validation statistic: Loss: 0.3271, dev_score: {'accuracy': 0.9098292723354882, 'balanced_accuracy': 0.9082317148079021, 'f1_macro': 0.9082522651426185, 'f1_micro': 0.9098292723354882, 'f1_weighted': 0.9097816577692431, 'precision_macro': 0.9105302118716139, 'precision_micro': 0.9098292723354882, 'precision_weighted': 0.9119657363569098, 'recall_macro': 0.9082317148079021, 'recall_micro': 0.9098292723354882, 'recall_weighted': 0.9098292723354882}
-----------------------
Epoch 100/100
Training statistic: Loss: 0.3691, train_score: {'accuracy': 0.93525, 'balanced_accuracy': 0.9010058545442163, 'f1_macro': 0.9133245137444124, 'f1_micro': 0.93525, 'f1_weighted': 0.9345611442596456, 'precision_macro': 0.9296763433306898, 'precision_micro': 0.93525, 'precision_weighted': 0.9355183671908999, 'recall_macro': 0.9010058545442163, 'recall_micro': 0.93525, 'recall_weighted': 0.93525}
Validation statistic: Loss: 0.3270, dev_score: {'accuracy': 0.906845682081883, 'balanced_accuracy': 0.90500735535657, 'f1_macro': 0.9049328531957102, 'f1_micro': 0.906845682081883, 'f1_weighted': 0.906735059602021, 'precision_macro': 0.906975157427625, 'precision_micro': 0.906845682081883, 'precision_weighted': 0.9087324409408488, 'recall_macro': 0.90500735535657, 'recall_micro': 0.906845682081883, 'recall_weighted': 0.906845682081883}
Testing statistic: loss: 0.33871698452565946, scores: {'accuracy': 0.9094500151929504, 'balanced_accuracy': 0.9087210048292327, 'f1_macro': 0.9091878148205936, 'f1_micro': 0.9094500151929504, 'f1_weighted': 0.9094514548464401, 'precision_macro': 0.9116179744814394, 'precision_micro': 0.9094500151929504, 'precision_weighted': 0.9113540355137402, 'recall_macro': 0.9087210048292327, 'recall_micro': 0.9094500151929504, 'recall_weighted': 0.9094500151929504}
Finish training!
