=====Setting up data=====
Dataset name:covertype
train_option:synthetic
augment_option:compare_dnn
mix_ratio:-1
n_sample:-1
Training dataset size: 100096 samples
Validation dataset size: 57216 samples

=====Setting up parameters for training=====
num_epochs: 100
learning_rate: 0.001
patience: 30
early_stop_criterion: loss
=====Setting up trainer=====
input_size: 98
model: DNN_Covertype
----------------------------------------------------------------
        Layer (type)               Output Shape         Param #
================================================================
            Linear-1                  [-1, 150]          14,850
              ReLU-2                  [-1, 150]               0
           Dropout-3                  [-1, 150]               0
            Linear-4                  [-1, 250]          37,750
              ReLU-5                  [-1, 250]               0
           Dropout-6                  [-1, 250]               0
            Linear-7                  [-1, 300]          75,300
              ReLU-8                  [-1, 300]               0
           Dropout-9                  [-1, 300]               0
           Linear-10                  [-1, 250]          75,250
             ReLU-11                  [-1, 250]               0
          Dropout-12                  [-1, 250]               0
           Linear-13                  [-1, 150]          37,650
             ReLU-14                  [-1, 150]               0
          Dropout-15                  [-1, 150]               0
           Linear-16                    [-1, 7]           1,057
================================================================
Total params: 241,857
Trainable params: 241,857
Non-trainable params: 0
----------------------------------------------------------------
Input size (MB): 0.00
Forward/backward pass size (MB): 0.03
Params size (MB): 0.92
Estimated Total Size (MB): 0.95
----------------------------------------------------------------
=====Setting up output files=====
weight_dir, weight_file: /home/thuy/Research/minh_data_synth/TabularDA/output/corrected_v2/covertype/weight/, covertype_seed43_ctgan_full_dnn_synthetic.weights.pth
acc_dir, acc_file: /home/thuy/Research/minh_data_synth/TabularDA/output/corrected_v2/covertype/acc/, covertype_seed43_ctgan_full_dnn_synthetic.epochs.csv
report_file: covertype_seed43_ctgan_full_dnn_synthetic.report.txt
==========================================================================================
Start training...
-----------------------
Epoch 1/100
Training statistic: Loss: 0.6947, train_score: {'accuracy': 0.70426, 'balanced_accuracy': 0.5292996492504317, 'f1_macro': 0.5510063482597075, 'f1_micro': 0.70426, 'f1_weighted': 0.6917282063156485, 'precision_macro': 0.6438501484907043, 'precision_micro': 0.70426, 'precision_weighted': 0.6994752054107112, 'recall_macro': 0.5292996492504317, 'recall_micro': 0.70426, 'recall_weighted': 0.70426}
Validation statistic: Loss: 0.6558, dev_score: {'accuracy': 0.7165373636188508, 'balanced_accuracy': 0.49118042754778957, 'f1_macro': 0.48222832087952716, 'f1_micro': 0.7165373636188508, 'f1_weighted': 0.7074723255096633, 'precision_macro': 0.6363357315681412, 'precision_micro': 0.7165373636188508, 'precision_weighted': 0.7173729527705649, 'recall_macro': 0.49118042754778957, 'recall_micro': 0.7165373636188508, 'recall_weighted': 0.7165373636188508}
Saving model...
Model saved!
-------------------------------------------
-----------------------
Epoch 2/100
Training statistic: Loss: 0.6076, train_score: {'accuracy': 0.73972, 'balanced_accuracy': 0.5975960707745263, 'f1_macro': 0.6236326853605634, 'f1_micro': 0.73972, 'f1_weighted': 0.7312475991264343, 'precision_macro': 0.7024367342190619, 'precision_micro': 0.73972, 'precision_weighted': 0.7477589078982669, 'recall_macro': 0.5975960707745263, 'recall_micro': 0.73972, 'recall_weighted': 0.73972}
Validation statistic: Loss: 0.6075, dev_score: {'accuracy': 0.7349433460009457, 'balanced_accuracy': 0.5096794307351126, 'f1_macro': 0.4987906423943772, 'f1_micro': 0.7349433460009457, 'f1_weighted': 0.7260655694630445, 'precision_macro': 0.5775053694891407, 'precision_micro': 0.7349433460009457, 'precision_weighted': 0.7310327539572686, 'recall_macro': 0.5096794307351126, 'recall_micro': 0.7349433460009457, 'recall_weighted': 0.7349433460009457}
Saving model...
Model saved!
-------------------------------------------
-----------------------
Epoch 3/100
Training statistic: Loss: 0.5426, train_score: {'accuracy': 0.76895, 'balanced_accuracy': 0.6286918529503245, 'f1_macro': 0.6590957227997477, 'f1_micro': 0.76895, 'f1_weighted': 0.7628803650994684, 'precision_macro': 0.7342546567336491, 'precision_micro': 0.76895, 'precision_weighted': 0.7718120518349081, 'recall_macro': 0.6286918529503245, 'recall_micro': 0.76895, 'recall_weighted': 0.76895}
Validation statistic: Loss: 0.5760, dev_score: {'accuracy': 0.7492338137685854, 'balanced_accuracy': 0.5361460696390786, 'f1_macro': 0.5438746175553136, 'f1_micro': 0.7492338137685854, 'f1_weighted': 0.7425276126393928, 'precision_macro': 0.6336827829486532, 'precision_micro': 0.7492338137685854, 'precision_weighted': 0.7460255693468267, 'recall_macro': 0.5361460696390786, 'recall_micro': 0.7492338137685854, 'recall_weighted': 0.7492338137685854}
Saving model...
Model saved!
-------------------------------------------
-----------------------
Epoch 4/100
Training statistic: Loss: 0.5074, train_score: {'accuracy': 0.7847, 'balanced_accuracy': 0.6511644460429088, 'f1_macro': 0.6809785342729366, 'f1_micro': 0.7847, 'f1_weighted': 0.7792041203074147, 'precision_macro': 0.7551569710750811, 'precision_micro': 0.7847, 'precision_weighted': 0.7877149805504077, 'recall_macro': 0.6511644460429088, 'recall_micro': 0.7847, 'recall_weighted': 0.7847}
Validation statistic: Loss: 0.5614, dev_score: {'accuracy': 0.7568343811842174, 'balanced_accuracy': 0.5376952337248035, 'f1_macro': 0.550793361046918, 'f1_micro': 0.7568343811842174, 'f1_weighted': 0.7503701352575484, 'precision_macro': 0.6347508244127421, 'precision_micro': 0.7568343811842174, 'precision_weighted': 0.7530855238557447, 'recall_macro': 0.5376952337248035, 'recall_micro': 0.7568343811842174, 'recall_weighted': 0.7568343811842174}
Saving model...
Model saved!
-------------------------------------------
-----------------------
Epoch 5/100
Training statistic: Loss: 0.4883, train_score: {'accuracy': 0.79507, 'balanced_accuracy': 0.6600421580680396, 'f1_macro': 0.6875881715567534, 'f1_micro': 0.79507, 'f1_weighted': 0.7889822346408687, 'precision_macro': 0.7552861707854973, 'precision_micro': 0.79507, 'precision_weighted': 0.7956666498011175, 'recall_macro': 0.6600421580680396, 'recall_micro': 0.79507, 'recall_weighted': 0.79507}
Validation statistic: Loss: 0.5613, dev_score: {'accuracy': 0.7632090506295862, 'balanced_accuracy': 0.550918773984035, 'f1_macro': 0.5665378324254385, 'f1_micro': 0.7632090506295862, 'f1_weighted': 0.7570579179643169, 'precision_macro': 0.6446993910168418, 'precision_micro': 0.7632090506295862, 'precision_weighted': 0.7590856452382327, 'recall_macro': 0.550918773984035, 'recall_micro': 0.7632090506295862, 'recall_weighted': 0.7632090506295862}
Saving model...
Model saved!
-------------------------------------------
-----------------------
Epoch 6/100
Training statistic: Loss: 0.4609, train_score: {'accuracy': 0.80619, 'balanced_accuracy': 0.6727755573103866, 'f1_macro': 0.7032449436429745, 'f1_micro': 0.80619, 'f1_weighted': 0.8023168162178786, 'precision_macro': 0.7738599362426933, 'precision_micro': 0.80619, 'precision_weighted': 0.8084932140384216, 'recall_macro': 0.6727755573103866, 'recall_micro': 0.80619, 'recall_weighted': 0.80619}
Validation statistic: Loss: 0.5419, dev_score: {'accuracy': 0.7711248489518573, 'balanced_accuracy': 0.55397206507454, 'f1_macro': 0.56583050691109, 'f1_micro': 0.7711248489518573, 'f1_weighted': 0.7671776912505701, 'precision_macro': 0.6245020115446129, 'precision_micro': 0.7711248489518573, 'precision_weighted': 0.7676382651921206, 'recall_macro': 0.55397206507454, 'recall_micro': 0.7711248489518573, 'recall_weighted': 0.7711248489518573}
Saving model...
Model saved!
-------------------------------------------
-----------------------
Epoch 7/100
Training statistic: Loss: 0.4324, train_score: {'accuracy': 0.81933, 'balanced_accuracy': 0.7123671711959775, 'f1_macro': 0.7360124589398344, 'f1_micro': 0.81933, 'f1_weighted': 0.8173164088430332, 'precision_macro': 0.776082690830714, 'precision_micro': 0.81933, 'precision_weighted': 0.819333678649707, 'recall_macro': 0.7123671711959775, 'recall_micro': 0.81933, 'recall_weighted': 0.81933}
Validation statistic: Loss: 0.5385, dev_score: {'accuracy': 0.7762385947706695, 'balanced_accuracy': 0.5841224738004845, 'f1_macro': 0.5996022514262809, 'f1_micro': 0.7762385947706695, 'f1_weighted': 0.7737765839813868, 'precision_macro': 0.6465339030727926, 'precision_micro': 0.7762385947706695, 'precision_weighted': 0.7733922251265943, 'recall_macro': 0.5841224738004845, 'recall_micro': 0.7762385947706695, 'recall_weighted': 0.7762385947706695}
Saving model...
Model saved!
-------------------------------------------
-----------------------
Epoch 8/100
Training statistic: Loss: 0.4203, train_score: {'accuracy': 0.82498, 'balanced_accuracy': 0.7215644823539765, 'f1_macro': 0.7446394427230343, 'f1_micro': 0.82498, 'f1_weighted': 0.823220802293779, 'precision_macro': 0.7853261789027381, 'precision_micro': 0.82498, 'precision_weighted': 0.8245335992446434, 'recall_macro': 0.7215644823539765, 'recall_micro': 0.82498, 'recall_weighted': 0.82498}
Validation statistic: Loss: 0.5356, dev_score: {'accuracy': 0.7712999772333234, 'balanced_accuracy': 0.5826710740807958, 'f1_macro': 0.5973874639057383, 'f1_micro': 0.7712999772333234, 'f1_weighted': 0.7698101344389938, 'precision_macro': 0.6423788921695787, 'precision_micro': 0.7712999772333234, 'precision_weighted': 0.7711316085218995, 'recall_macro': 0.5826710740807958, 'recall_micro': 0.7712999772333234, 'recall_weighted': 0.7712999772333234}
Saving model...
Model saved!
-------------------------------------------
-----------------------
Epoch 9/100
Training statistic: Loss: 0.4026, train_score: {'accuracy': 0.83258, 'balanced_accuracy': 0.721667795031489, 'f1_macro': 0.750990654748122, 'f1_micro': 0.83258, 'f1_weighted': 0.8302890124911755, 'precision_macro': 0.7981702488546746, 'precision_micro': 0.83258, 'precision_weighted': 0.8320167753846068, 'recall_macro': 0.721667795031489, 'recall_micro': 0.83258, 'recall_weighted': 0.83258}
Validation statistic: Loss: 0.5319, dev_score: {'accuracy': 0.7783576469764102, 'balanced_accuracy': 0.5803859461225154, 'f1_macro': 0.6039619003812565, 'f1_micro': 0.7783576469764102, 'f1_weighted': 0.7756141901566895, 'precision_macro': 0.6686895720571878, 'precision_micro': 0.7783576469764102, 'precision_weighted': 0.7762478152694087, 'recall_macro': 0.5803859461225154, 'recall_micro': 0.7783576469764102, 'recall_weighted': 0.7783576469764102}
Saving model...
Model saved!
-------------------------------------------
-----------------------
Epoch 10/100
Training statistic: Loss: 0.3894, train_score: {'accuracy': 0.8375, 'balanced_accuracy': 0.734657352560976, 'f1_macro': 0.7592484683952281, 'f1_micro': 0.8375, 'f1_weighted': 0.835222964301284, 'precision_macro': 0.799957282555441, 'precision_micro': 0.8375, 'precision_weighted': 0.8374807421619452, 'recall_macro': 0.734657352560976, 'recall_micro': 0.8375, 'recall_weighted': 0.8375}
Validation statistic: Loss: 0.5147, dev_score: {'accuracy': 0.784504649655873, 'balanced_accuracy': 0.6045597148972398, 'f1_macro': 0.6268098326909707, 'f1_micro': 0.784504649655873, 'f1_weighted': 0.7818617107302308, 'precision_macro': 0.6727308963879288, 'precision_micro': 0.784504649655873, 'precision_weighted': 0.7826469854909124, 'recall_macro': 0.6045597148972398, 'recall_micro': 0.784504649655873, 'recall_weighted': 0.784504649655873}
Saving model...
Model saved!
-------------------------------------------
-----------------------
Epoch 11/100
Training statistic: Loss: 0.3789, train_score: {'accuracy': 0.84097, 'balanced_accuracy': 0.7430400949967384, 'f1_macro': 0.7675673636364878, 'f1_micro': 0.84097, 'f1_weighted': 0.8389422418334206, 'precision_macro': 0.8088566783955381, 'precision_micro': 0.84097, 'precision_weighted': 0.8409392983975267, 'recall_macro': 0.7430400949967384, 'recall_micro': 0.84097, 'recall_weighted': 0.84097}
Validation statistic: Loss: 0.5216, dev_score: {'accuracy': 0.7829284951226774, 'balanced_accuracy': 0.6076747701890584, 'f1_macro': 0.6242328541731196, 'f1_micro': 0.7829284951226774, 'f1_weighted': 0.7811385977270046, 'precision_macro': 0.659301474851901, 'precision_micro': 0.7829284951226774, 'precision_weighted': 0.781070983199206, 'recall_macro': 0.6076747701890584, 'recall_micro': 0.7829284951226774, 'recall_weighted': 0.7829284951226774}
-----------------------
Epoch 12/100
Training statistic: Loss: 0.3681, train_score: {'accuracy': 0.84648, 'balanced_accuracy': 0.7530174560243228, 'f1_macro': 0.775982081793361, 'f1_micro': 0.84648, 'f1_weighted': 0.8448447667615481, 'precision_macro': 0.8138496824995459, 'precision_micro': 0.84648, 'precision_weighted': 0.8472888336547257, 'recall_macro': 0.7530174560243228, 'recall_micro': 0.84648, 'recall_weighted': 0.84648}
Validation statistic: Loss: 0.5149, dev_score: {'accuracy': 0.7858356245950159, 'balanced_accuracy': 0.6111466557065263, 'f1_macro': 0.6295078826552564, 'f1_micro': 0.7858356245950159, 'f1_weighted': 0.7837959276088741, 'precision_macro': 0.6732003582826229, 'precision_micro': 0.7858356245950159, 'precision_weighted': 0.7843577316863554, 'recall_macro': 0.6111466557065263, 'recall_micro': 0.7858356245950159, 'recall_weighted': 0.7858356245950159}
-----------------------
Epoch 13/100
Training statistic: Loss: 0.3648, train_score: {'accuracy': 0.84717, 'balanced_accuracy': 0.7657713012462636, 'f1_macro': 0.7816723066645259, 'f1_micro': 0.84717, 'f1_weighted': 0.8460719535907154, 'precision_macro': 0.8040652303256642, 'precision_micro': 0.84717, 'precision_weighted': 0.8475227088625085, 'recall_macro': 0.7657713012462636, 'recall_micro': 0.84717, 'recall_weighted': 0.84717}
Validation statistic: Loss: 0.5257, dev_score: {'accuracy': 0.7826482898723315, 'balanced_accuracy': 0.6447255602161795, 'f1_macro': 0.6480098294619182, 'f1_micro': 0.7826482898723315, 'f1_weighted': 0.7821280597661591, 'precision_macro': 0.6579229064238031, 'precision_micro': 0.7826482898723315, 'precision_weighted': 0.7825173472658387, 'recall_macro': 0.6447255602161795, 'recall_micro': 0.7826482898723315, 'recall_weighted': 0.7826482898723315}
-----------------------
Epoch 14/100
Training statistic: Loss: 0.3529, train_score: {'accuracy': 0.85436, 'balanced_accuracy': 0.7680440622288305, 'f1_macro': 0.7907488138113062, 'f1_micro': 0.85436, 'f1_weighted': 0.8534483535982815, 'precision_macro': 0.8196611079686129, 'precision_micro': 0.85436, 'precision_weighted': 0.8541189118636519, 'recall_macro': 0.7680440622288305, 'recall_micro': 0.85436, 'recall_weighted': 0.85436}
Validation statistic: Loss: 0.5170, dev_score: {'accuracy': 0.7905465753664559, 'balanced_accuracy': 0.6412300818641642, 'f1_macro': 0.6595553479392205, 'f1_micro': 0.7905465753664559, 'f1_weighted': 0.7900454709142197, 'precision_macro': 0.6906728861158811, 'precision_micro': 0.7905465753664559, 'precision_weighted': 0.7908260195040279, 'recall_macro': 0.6412300818641642, 'recall_micro': 0.7905465753664559, 'recall_weighted': 0.7905465753664559}
-----------------------
Epoch 15/100
Training statistic: Loss: 0.3519, train_score: {'accuracy': 0.85327, 'balanced_accuracy': 0.7712364047567783, 'f1_macro': 0.7889835400172872, 'f1_micro': 0.85327, 'f1_weighted': 0.8521402467589437, 'precision_macro': 0.813094666392742, 'precision_micro': 0.85327, 'precision_weighted': 0.853729305510883, 'recall_macro': 0.7712364047567783, 'recall_micro': 0.85327, 'recall_weighted': 0.85327}
Validation statistic: Loss: 0.5215, dev_score: {'accuracy': 0.7874993432689446, 'balanced_accuracy': 0.6477556791611967, 'f1_macro': 0.6524814840814709, 'f1_micro': 0.7874993432689446, 'f1_weighted': 0.7869331993897315, 'precision_macro': 0.6629360864392307, 'precision_micro': 0.7874993432689446, 'precision_weighted': 0.7871744770311249, 'recall_macro': 0.6477556791611967, 'recall_micro': 0.7874993432689446, 'recall_weighted': 0.7874993432689446}
-----------------------
Epoch 16/100
Training statistic: Loss: 0.3509, train_score: {'accuracy': 0.85234, 'balanced_accuracy': 0.7586298955295189, 'f1_macro': 0.7834683226449413, 'f1_micro': 0.85234, 'f1_weighted': 0.8508451015313633, 'precision_macro': 0.8172037414283216, 'precision_micro': 0.85234, 'precision_weighted': 0.8528020035228521, 'recall_macro': 0.7586298955295189, 'recall_micro': 0.85234, 'recall_weighted': 0.85234}
Validation statistic: Loss: 0.5167, dev_score: {'accuracy': 0.7899861648657641, 'balanced_accuracy': 0.6320460819498975, 'f1_macro': 0.6500186960965311, 'f1_micro': 0.7899861648657641, 'f1_weighted': 0.78869190960896, 'precision_macro': 0.6834267613662349, 'precision_micro': 0.7899861648657641, 'precision_weighted': 0.7889639771159822, 'recall_macro': 0.6320460819498975, 'recall_micro': 0.7899861648657641, 'recall_weighted': 0.7899861648657641}
-----------------------
Epoch 17/100
Training statistic: Loss: 0.3303, train_score: {'accuracy': 0.86152, 'balanced_accuracy': 0.7726759471286228, 'f1_macro': 0.7997661445244794, 'f1_micro': 0.86152, 'f1_weighted': 0.86010809926631, 'precision_macro': 0.8389257630975365, 'precision_micro': 0.86152, 'precision_weighted': 0.862253228014427, 'recall_macro': 0.7726759471286228, 'recall_micro': 0.86152, 'recall_weighted': 0.86152}
Validation statistic: Loss: 0.5189, dev_score: {'accuracy': 0.7903189086005499, 'balanced_accuracy': 0.6303998255906899, 'f1_macro': 0.6421006530088248, 'f1_micro': 0.7903189086005499, 'f1_weighted': 0.7893692436254852, 'precision_macro': 0.6675894048795837, 'precision_micro': 0.7903189086005499, 'precision_weighted': 0.7896434007561783, 'recall_macro': 0.6303998255906899, 'recall_micro': 0.7903189086005499, 'recall_weighted': 0.7903189086005499}
-----------------------
Epoch 18/100
Training statistic: Loss: 0.3320, train_score: {'accuracy': 0.8607, 'balanced_accuracy': 0.7745292315162838, 'f1_macro': 0.7953775800003694, 'f1_micro': 0.8607, 'f1_weighted': 0.859569453862081, 'precision_macro': 0.826370779148856, 'precision_micro': 0.8607, 'precision_weighted': 0.8624632524318228, 'recall_macro': 0.7745292315162838, 'recall_micro': 0.8607, 'recall_weighted': 0.8607}
Validation statistic: Loss: 0.5102, dev_score: {'accuracy': 0.7888303182080875, 'balanced_accuracy': 0.6151361552636114, 'f1_macro': 0.6248909281471552, 'f1_micro': 0.7888303182080875, 'f1_weighted': 0.7875835476219489, 'precision_macro': 0.6622964670879409, 'precision_micro': 0.7888303182080875, 'precision_weighted': 0.7887559152551513, 'recall_macro': 0.6151361552636114, 'recall_micro': 0.7888303182080875, 'recall_weighted': 0.7888303182080875}
Saving model...
Model saved!
-------------------------------------------
-----------------------
Epoch 19/100
Training statistic: Loss: 0.3218, train_score: {'accuracy': 0.86628, 'balanced_accuracy': 0.8028722972505504, 'f1_macro': 0.813059333246659, 'f1_micro': 0.86628, 'f1_weighted': 0.865911861361039, 'precision_macro': 0.8278082838383263, 'precision_micro': 0.86628, 'precision_weighted': 0.8674979537065111, 'recall_macro': 0.8028722972505504, 'recall_micro': 0.86628, 'recall_weighted': 0.86628}
Validation statistic: Loss: 0.5252, dev_score: {'accuracy': 0.7897584980998581, 'balanced_accuracy': 0.66897775179694, 'f1_macro': 0.6699337611978284, 'f1_micro': 0.7897584980998581, 'f1_weighted': 0.7901870036058934, 'precision_macro': 0.6738748635785691, 'precision_micro': 0.7897584980998581, 'precision_weighted': 0.79087651492549, 'recall_macro': 0.66897775179694, 'recall_micro': 0.7897584980998581, 'recall_weighted': 0.7897584980998581}
-----------------------
Epoch 20/100
Training statistic: Loss: 0.3182, train_score: {'accuracy': 0.86606, 'balanced_accuracy': 0.7887736750260285, 'f1_macro': 0.8067203394419097, 'f1_micro': 0.86606, 'f1_weighted': 0.8649682208844731, 'precision_macro': 0.8331329287445456, 'precision_micro': 0.86606, 'precision_weighted': 0.8669875626106563, 'recall_macro': 0.7887736750260285, 'recall_micro': 0.86606, 'recall_weighted': 0.86606}
Validation statistic: Loss: 0.5156, dev_score: {'accuracy': 0.7903013957724033, 'balanced_accuracy': 0.6575721108532951, 'f1_macro': 0.6633532226065679, 'f1_micro': 0.7903013957724033, 'f1_weighted': 0.7898723558023232, 'precision_macro': 0.677056231421178, 'precision_micro': 0.7903013957724033, 'precision_weighted': 0.7904864840990956, 'recall_macro': 0.6575721108532951, 'recall_micro': 0.7903013957724033, 'recall_weighted': 0.7903013957724033}
-----------------------
Epoch 21/100
Training statistic: Loss: 0.3144, train_score: {'accuracy': 0.86978, 'balanced_accuracy': 0.8045370759427338, 'f1_macro': 0.8155250069961779, 'f1_micro': 0.86978, 'f1_weighted': 0.8692934424389085, 'precision_macro': 0.8289088913236792, 'precision_micro': 0.86978, 'precision_weighted': 0.8707388257227018, 'recall_macro': 0.8045370759427338, 'recall_micro': 0.86978, 'recall_weighted': 0.86978}
Validation statistic: Loss: 0.5147, dev_score: {'accuracy': 0.7933311150417681, 'balanced_accuracy': 0.6889128758245014, 'f1_macro': 0.6813463932948209, 'f1_micro': 0.7933311150417681, 'f1_weighted': 0.7929639827719253, 'precision_macro': 0.6754948465785319, 'precision_micro': 0.7933311150417681, 'precision_weighted': 0.7935100367984862, 'recall_macro': 0.6889128758245014, 'recall_micro': 0.7933311150417681, 'recall_weighted': 0.7933311150417681}
-----------------------
Epoch 22/100
Training statistic: Loss: 0.3151, train_score: {'accuracy': 0.86991, 'balanced_accuracy': 0.8078112904377457, 'f1_macro': 0.8200090106191139, 'f1_micro': 0.86991, 'f1_weighted': 0.8695360349006481, 'precision_macro': 0.8355354118970088, 'precision_micro': 0.86991, 'precision_weighted': 0.87202309243332, 'recall_macro': 0.8078112904377457, 'recall_micro': 0.86991, 'recall_weighted': 0.86991}
Validation statistic: Loss: 0.5117, dev_score: {'accuracy': 0.7912470884923206, 'balanced_accuracy': 0.6690010149367991, 'f1_macro': 0.6669848671067294, 'f1_micro': 0.7912470884923206, 'f1_weighted': 0.7911547380337816, 'precision_macro': 0.6696668622710733, 'precision_micro': 0.7912470884923206, 'precision_weighted': 0.792736073991264, 'recall_macro': 0.6690010149367991, 'recall_micro': 0.7912470884923206, 'recall_weighted': 0.7912470884923206}
-----------------------
Epoch 23/100
Training statistic: Loss: 0.3078, train_score: {'accuracy': 0.87266, 'balanced_accuracy': 0.8087068329500399, 'f1_macro': 0.8210160990751068, 'f1_micro': 0.87266, 'f1_weighted': 0.872191879374934, 'precision_macro': 0.8359601332789391, 'precision_micro': 0.87266, 'precision_weighted': 0.8735928876771325, 'recall_macro': 0.8087068329500399, 'recall_micro': 0.87266, 'recall_weighted': 0.87266}
Validation statistic: Loss: 0.5075, dev_score: {'accuracy': 0.7935762946358207, 'balanced_accuracy': 0.6897041904521971, 'f1_macro': 0.6888961756774534, 'f1_micro': 0.7935762946358207, 'f1_weighted': 0.7935339858126358, 'precision_macro': 0.6903638662414818, 'precision_micro': 0.7935762946358207, 'precision_weighted': 0.7938951299914879, 'recall_macro': 0.6897041904521971, 'recall_micro': 0.7935762946358207, 'recall_weighted': 0.7935762946358207}
Saving model...
Model saved!
-------------------------------------------
-----------------------
Epoch 24/100
Training statistic: Loss: 0.3058, train_score: {'accuracy': 0.87307, 'balanced_accuracy': 0.7928406112587243, 'f1_macro': 0.8146068941970549, 'f1_micro': 0.87307, 'f1_weighted': 0.8719743090317734, 'precision_macro': 0.8452824843614152, 'precision_micro': 0.87307, 'precision_weighted': 0.8742197786547696, 'recall_macro': 0.7928406112587243, 'recall_micro': 0.87307, 'recall_weighted': 0.87307}
Validation statistic: Loss: 0.5178, dev_score: {'accuracy': 0.7992679637834714, 'balanced_accuracy': 0.6512138961924713, 'f1_macro': 0.6658565530031938, 'f1_micro': 0.7992679637834714, 'f1_weighted': 0.7981199160200114, 'precision_macro': 0.6912912608669913, 'precision_micro': 0.7992679637834714, 'precision_weighted': 0.797916691644492, 'recall_macro': 0.6512138961924713, 'recall_micro': 0.7992679637834714, 'recall_weighted': 0.7992679637834714}
-----------------------
Epoch 25/100
Training statistic: Loss: 0.2962, train_score: {'accuracy': 0.8783, 'balanced_accuracy': 0.822946941096783, 'f1_macro': 0.8301984228682574, 'f1_micro': 0.8783, 'f1_weighted': 0.8780882306133375, 'precision_macro': 0.8396259800960962, 'precision_micro': 0.8783, 'precision_weighted': 0.8790973280168682, 'recall_macro': 0.822946941096783, 'recall_micro': 0.8783, 'recall_weighted': 0.8783}
Validation statistic: Loss: 0.5084, dev_score: {'accuracy': 0.7962907829985464, 'balanced_accuracy': 0.6924113341888208, 'f1_macro': 0.688851258293287, 'f1_micro': 0.7962907829985464, 'f1_weighted': 0.7970476766683565, 'precision_macro': 0.68930888415016, 'precision_micro': 0.7962907829985464, 'precision_weighted': 0.7983677950804667, 'recall_macro': 0.6924113341888208, 'recall_micro': 0.7962907829985464, 'recall_weighted': 0.7962907829985464}
-----------------------
Epoch 26/100
Training statistic: Loss: 0.2995, train_score: {'accuracy': 0.87697, 'balanced_accuracy': 0.8033484684969963, 'f1_macro': 0.8245959405564012, 'f1_micro': 0.87697, 'f1_weighted': 0.8758829466773994, 'precision_macro': 0.8526010066778396, 'precision_micro': 0.87697, 'precision_weighted': 0.8783667366458212, 'recall_macro': 0.8033484684969963, 'recall_micro': 0.87697, 'recall_weighted': 0.87697}
Validation statistic: Loss: 0.5071, dev_score: {'accuracy': 0.7988651687360991, 'balanced_accuracy': 0.6785800174786155, 'f1_macro': 0.6847262876841599, 'f1_micro': 0.7988651687360991, 'f1_weighted': 0.7975923782871418, 'precision_macro': 0.6964572859731852, 'precision_micro': 0.7988651687360991, 'precision_weighted': 0.7974910145922738, 'recall_macro': 0.6785800174786155, 'recall_micro': 0.7988651687360991, 'recall_weighted': 0.7988651687360991}
Saving model...
Model saved!
-------------------------------------------
-----------------------
Epoch 27/100
Training statistic: Loss: 0.2925, train_score: {'accuracy': 0.88033, 'balanced_accuracy': 0.8164353917014576, 'f1_macro': 0.8299533622966712, 'f1_micro': 0.88033, 'f1_weighted': 0.8796089932073884, 'precision_macro': 0.8462848534221872, 'precision_micro': 0.88033, 'precision_weighted': 0.8813077617842667, 'recall_macro': 0.8164353917014576, 'recall_micro': 0.88033, 'recall_weighted': 0.88033}
Validation statistic: Loss: 0.5055, dev_score: {'accuracy': 0.796903731983678, 'balanced_accuracy': 0.6926963701077689, 'f1_macro': 0.6896555280922548, 'f1_micro': 0.796903731983678, 'f1_weighted': 0.796275078314718, 'precision_macro': 0.6880263164024234, 'precision_micro': 0.796903731983678, 'precision_weighted': 0.7961614306520626, 'recall_macro': 0.6926963701077689, 'recall_micro': 0.796903731983678, 'recall_weighted': 0.796903731983678}
Saving model...
Model saved!
-------------------------------------------
-----------------------
Epoch 28/100
Training statistic: Loss: 0.2838, train_score: {'accuracy': 0.8836, 'balanced_accuracy': 0.8409436682029426, 'f1_macro': 0.8396427196472095, 'f1_micro': 0.8836, 'f1_weighted': 0.8835169638214998, 'precision_macro': 0.83932313793146, 'precision_micro': 0.8836, 'precision_weighted': 0.8849854411654585, 'recall_macro': 0.8409436682029426, 'recall_micro': 0.8836, 'recall_weighted': 0.8836}
Validation statistic: Loss: 0.5109, dev_score: {'accuracy': 0.7999159384248963, 'balanced_accuracy': 0.713771098621508, 'f1_macro': 0.6972983519078415, 'f1_micro': 0.7999159384248963, 'f1_weighted': 0.8003908090777906, 'precision_macro': 0.6843153047628829, 'precision_micro': 0.7999159384248963, 'precision_weighted': 0.8017858830526762, 'recall_macro': 0.713771098621508, 'recall_micro': 0.7999159384248963, 'recall_weighted': 0.7999159384248963}
-----------------------
Epoch 29/100
Training statistic: Loss: 0.2838, train_score: {'accuracy': 0.8824, 'balanced_accuracy': 0.8194356586826199, 'f1_macro': 0.8336763276888429, 'f1_micro': 0.8824, 'f1_weighted': 0.8819203288496692, 'precision_macro': 0.8510156704051973, 'precision_micro': 0.8824, 'precision_weighted': 0.8832185049237001, 'recall_macro': 0.8194356586826199, 'recall_micro': 0.8824, 'recall_weighted': 0.8824}
Validation statistic: Loss: 0.5150, dev_score: {'accuracy': 0.8009316824574001, 'balanced_accuracy': 0.70589377365399, 'f1_macro': 0.7024244885599077, 'f1_micro': 0.8009316824574001, 'f1_weighted': 0.8012657929287373, 'precision_macro': 0.6997331495639083, 'precision_micro': 0.8009316824574001, 'precision_weighted': 0.8019634285863741, 'recall_macro': 0.70589377365399, 'recall_micro': 0.8009316824574001, 'recall_weighted': 0.8009316824574001}
-----------------------
Epoch 30/100
Training statistic: Loss: 0.2773, train_score: {'accuracy': 0.88391, 'balanced_accuracy': 0.8250683213999469, 'f1_macro': 0.8346150741700303, 'f1_micro': 0.88391, 'f1_weighted': 0.883472909782232, 'precision_macro': 0.8466795518211505, 'precision_micro': 0.88391, 'precision_weighted': 0.8847167725083568, 'recall_macro': 0.8250683213999469, 'recall_micro': 0.88391, 'recall_weighted': 0.88391}
Validation statistic: Loss: 0.5088, dev_score: {'accuracy': 0.7983047582354075, 'balanced_accuracy': 0.698666579822164, 'f1_macro': 0.6939294955564176, 'f1_micro': 0.7983047582354075, 'f1_weighted': 0.7986746555252996, 'precision_macro': 0.6906884266022161, 'precision_micro': 0.7983047582354075, 'precision_weighted': 0.7994303955326195, 'recall_macro': 0.698666579822164, 'recall_micro': 0.7983047582354075, 'recall_weighted': 0.7983047582354075}
-----------------------
Epoch 31/100
Training statistic: Loss: 0.2753, train_score: {'accuracy': 0.88536, 'balanced_accuracy': 0.8267303514102923, 'f1_macro': 0.8387598851600307, 'f1_micro': 0.88536, 'f1_weighted': 0.8846522341089716, 'precision_macro': 0.8540191946875628, 'precision_micro': 0.88536, 'precision_weighted': 0.8860417194565937, 'recall_macro': 0.8267303514102923, 'recall_micro': 0.88536, 'recall_weighted': 0.88536}
Validation statistic: Loss: 0.5259, dev_score: {'accuracy': 0.8003887847848549, 'balanced_accuracy': 0.7011998876660487, 'f1_macro': 0.6961067253245995, 'f1_micro': 0.8003887847848549, 'f1_weighted': 0.7998871971863134, 'precision_macro': 0.6949040039952045, 'precision_micro': 0.8003887847848549, 'precision_weighted': 0.8002459101854925, 'recall_macro': 0.7011998876660487, 'recall_micro': 0.8003887847848549, 'recall_weighted': 0.8003887847848549}
-----------------------
Epoch 32/100
Training statistic: Loss: 0.2757, train_score: {'accuracy': 0.88652, 'balanced_accuracy': 0.8286133452942377, 'f1_macro': 0.8390108302768674, 'f1_micro': 0.88652, 'f1_weighted': 0.8858016244962196, 'precision_macro': 0.8518172653479393, 'precision_micro': 0.88652, 'precision_weighted': 0.8871154445812889, 'recall_macro': 0.8286133452942377, 'recall_micro': 0.88652, 'recall_weighted': 0.88652}
Validation statistic: Loss: 0.5047, dev_score: {'accuracy': 0.7997933486278699, 'balanced_accuracy': 0.7021870746868271, 'f1_macro': 0.6948724902021723, 'f1_micro': 0.7997933486278699, 'f1_weighted': 0.7992543279887354, 'precision_macro': 0.6900439265851882, 'precision_micro': 0.7997933486278699, 'precision_weighted': 0.7991620139648231, 'recall_macro': 0.7021870746868271, 'recall_micro': 0.7997933486278699, 'recall_weighted': 0.7997933486278699}
Saving model...
Model saved!
-------------------------------------------
-----------------------
Epoch 33/100
Training statistic: Loss: 0.2710, train_score: {'accuracy': 0.88911, 'balanced_accuracy': 0.828690323637115, 'f1_macro': 0.8418153172839657, 'f1_micro': 0.88911, 'f1_weighted': 0.8889189267239644, 'precision_macro': 0.857940589971746, 'precision_micro': 0.88911, 'precision_weighted': 0.8902801666676944, 'recall_macro': 0.828690323637115, 'recall_micro': 0.88911, 'recall_weighted': 0.88911}
Validation statistic: Loss: 0.5095, dev_score: {'accuracy': 0.8029456576942611, 'balanced_accuracy': 0.6976288545546563, 'f1_macro': 0.6992339772582389, 'f1_micro': 0.8029456576942611, 'f1_weighted': 0.8036470144848272, 'precision_macro': 0.7048631853458486, 'precision_micro': 0.8029456576942611, 'precision_weighted': 0.8049631951607961, 'recall_macro': 0.6976288545546563, 'recall_micro': 0.8029456576942611, 'recall_weighted': 0.8029456576942611}
-----------------------
Epoch 34/100
Training statistic: Loss: 0.2619, train_score: {'accuracy': 0.89362, 'balanced_accuracy': 0.8364819856381763, 'f1_macro': 0.8464198518412941, 'f1_micro': 0.89362, 'f1_weighted': 0.89326420895536, 'precision_macro': 0.8584883143987213, 'precision_micro': 0.89362, 'precision_weighted': 0.8938215411864657, 'recall_macro': 0.8364819856381763, 'recall_micro': 0.89362, 'recall_weighted': 0.89362}
Validation statistic: Loss: 0.5074, dev_score: {'accuracy': 0.8016321955832647, 'balanced_accuracy': 0.6919198277912291, 'f1_macro': 0.6927983025102001, 'f1_micro': 0.8016321955832647, 'f1_weighted': 0.8015967426795583, 'precision_macro': 0.6963609341778678, 'precision_micro': 0.8016321955832647, 'precision_weighted': 0.8024232503104397, 'recall_macro': 0.6919198277912291, 'recall_micro': 0.8016321955832647, 'recall_weighted': 0.8016321955832647}
-----------------------
Epoch 35/100
Training statistic: Loss: 0.2699, train_score: {'accuracy': 0.88918, 'balanced_accuracy': 0.8250376780971852, 'f1_macro': 0.8378145314107478, 'f1_micro': 0.88918, 'f1_weighted': 0.888547834274309, 'precision_macro': 0.855143408455129, 'precision_micro': 0.88918, 'precision_weighted': 0.8895398249579518, 'recall_macro': 0.8250376780971852, 'recall_micro': 0.88918, 'recall_weighted': 0.88918}
Validation statistic: Loss: 0.5102, dev_score: {'accuracy': 0.8005639130663211, 'balanced_accuracy': 0.6881304897502906, 'f1_macro': 0.686415807566206, 'f1_micro': 0.8005639130663211, 'f1_weighted': 0.8009879655744213, 'precision_macro': 0.6892402241751403, 'precision_micro': 0.8005639130663211, 'precision_weighted': 0.802295263337839, 'recall_macro': 0.6881304897502906, 'recall_micro': 0.8005639130663211, 'recall_weighted': 0.8005639130663211}
-----------------------
Epoch 36/100
Training statistic: Loss: 0.2595, train_score: {'accuracy': 0.89445, 'balanced_accuracy': 0.8390480352547663, 'f1_macro': 0.8470102724557593, 'f1_micro': 0.89445, 'f1_weighted': 0.8941930764422715, 'precision_macro': 0.8562418105669037, 'precision_micro': 0.89445, 'precision_weighted': 0.8948564983429077, 'recall_macro': 0.8390480352547663, 'recall_micro': 0.89445, 'recall_weighted': 0.89445}
Validation statistic: Loss: 0.5011, dev_score: {'accuracy': 0.8007215285196406, 'balanced_accuracy': 0.7124291901359742, 'f1_macro': 0.7018311609569683, 'f1_micro': 0.8007215285196406, 'f1_weighted': 0.8011265931654915, 'precision_macro': 0.6929758692959742, 'precision_micro': 0.8007215285196406, 'precision_weighted': 0.8020043791464813, 'recall_macro': 0.7124291901359742, 'recall_micro': 0.8007215285196406, 'recall_weighted': 0.8007215285196406}
Saving model...
Model saved!
-------------------------------------------
-----------------------
Epoch 37/100
Training statistic: Loss: 0.2583, train_score: {'accuracy': 0.89503, 'balanced_accuracy': 0.8419461117461076, 'f1_macro': 0.8481991375282104, 'f1_micro': 0.89503, 'f1_weighted': 0.8945296136815727, 'precision_macro': 0.8565524872455795, 'precision_micro': 0.89503, 'precision_weighted': 0.8953532976308701, 'recall_macro': 0.8419461117461076, 'recall_micro': 0.89503, 'recall_weighted': 0.89503}
Validation statistic: Loss: 0.5063, dev_score: {'accuracy': 0.8012294005358925, 'balanced_accuracy': 0.7042608026195387, 'f1_macro': 0.6919368976050281, 'f1_micro': 0.8012294005358925, 'f1_weighted': 0.8016802433665791, 'precision_macro': 0.6818271926998316, 'precision_micro': 0.8012294005358925, 'precision_weighted': 0.8028624908593139, 'recall_macro': 0.7042608026195387, 'recall_micro': 0.8012294005358925, 'recall_weighted': 0.8012294005358925}
-----------------------
Epoch 38/100
Training statistic: Loss: 0.2546, train_score: {'accuracy': 0.89598, 'balanced_accuracy': 0.8463986586966872, 'f1_macro': 0.8548312625108332, 'f1_micro': 0.89598, 'f1_weighted': 0.895874808048919, 'precision_macro': 0.8648213989089799, 'precision_micro': 0.89598, 'precision_weighted': 0.8969376992569861, 'recall_macro': 0.8463986586966872, 'recall_micro': 0.89598, 'recall_weighted': 0.89598}
Validation statistic: Loss: 0.5162, dev_score: {'accuracy': 0.7990928355020053, 'balanced_accuracy': 0.7062847789079586, 'f1_macro': 0.6937919261942586, 'f1_micro': 0.7990928355020053, 'f1_weighted': 0.7998769459349108, 'precision_macro': 0.6828369664270533, 'precision_micro': 0.7990928355020053, 'precision_weighted': 0.8010647690893898, 'recall_macro': 0.7062847789079586, 'recall_micro': 0.7990928355020053, 'recall_weighted': 0.7990928355020053}
-----------------------
Epoch 39/100
Training statistic: Loss: 0.2539, train_score: {'accuracy': 0.89754, 'balanced_accuracy': 0.8497442636238143, 'f1_macro': 0.8570168480118138, 'f1_micro': 0.89754, 'f1_weighted': 0.897270331427028, 'precision_macro': 0.865342596810988, 'precision_micro': 0.89754, 'precision_weighted': 0.8981828764622174, 'recall_macro': 0.8497442636238143, 'recall_micro': 0.89754, 'recall_weighted': 0.89754}
Validation statistic: Loss: 0.4982, dev_score: {'accuracy': 0.8028405807253813, 'balanced_accuracy': 0.7170740175434229, 'f1_macro': 0.7078909454007549, 'f1_micro': 0.8028405807253813, 'f1_weighted': 0.8032257696779846, 'precision_macro': 0.699475519114854, 'precision_micro': 0.8028405807253813, 'precision_weighted': 0.8038908983399004, 'recall_macro': 0.7170740175434229, 'recall_micro': 0.8028405807253813, 'recall_weighted': 0.8028405807253813}
Saving model...
Model saved!
-------------------------------------------
-----------------------
Epoch 40/100
Training statistic: Loss: 0.2496, train_score: {'accuracy': 0.90013, 'balanced_accuracy': 0.848299271140763, 'f1_macro': 0.8568781566160657, 'f1_micro': 0.90013, 'f1_weighted': 0.8999081101066949, 'precision_macro': 0.8685959345653779, 'precision_micro': 0.90013, 'precision_weighted': 0.9005945374326226, 'recall_macro': 0.848299271140763, 'recall_micro': 0.90013, 'recall_weighted': 0.90013}
Validation statistic: Loss: 0.5134, dev_score: {'accuracy': 0.8027530165846483, 'balanced_accuracy': 0.7051292831115722, 'f1_macro': 0.6994024573947842, 'f1_micro': 0.8027530165846483, 'f1_weighted': 0.8038249842581059, 'precision_macro': 0.6987163741717091, 'precision_micro': 0.8027530165846483, 'precision_weighted': 0.8055880379212605, 'recall_macro': 0.7051292831115722, 'recall_micro': 0.8027530165846483, 'recall_weighted': 0.8027530165846483}
-----------------------
Epoch 41/100
Training statistic: Loss: 0.2503, train_score: {'accuracy': 0.89689, 'balanced_accuracy': 0.8499189636844247, 'f1_macro': 0.856110310475443, 'f1_micro': 0.89689, 'f1_weighted': 0.896555314651767, 'precision_macro': 0.8633214937496935, 'precision_micro': 0.89689, 'precision_weighted': 0.8971778977575682, 'recall_macro': 0.8499189636844247, 'recall_micro': 0.89689, 'recall_weighted': 0.89689}
Validation statistic: Loss: 0.5135, dev_score: {'accuracy': 0.8015796570988248, 'balanced_accuracy': 0.71881873295455, 'f1_macro': 0.7033988200690307, 'f1_micro': 0.8015796570988248, 'f1_weighted': 0.8022496728108091, 'precision_macro': 0.6896568385599003, 'precision_micro': 0.8015796570988248, 'precision_weighted': 0.8034574414374205, 'recall_macro': 0.71881873295455, 'recall_micro': 0.8015796570988248, 'recall_weighted': 0.8015796570988248}
-----------------------
Epoch 42/100
Training statistic: Loss: 0.2498, train_score: {'accuracy': 0.89838, 'balanced_accuracy': 0.8400515461487146, 'f1_macro': 0.8510565486756271, 'f1_micro': 0.89838, 'f1_weighted': 0.8980704575219819, 'precision_macro': 0.8642106464285112, 'precision_micro': 0.89838, 'precision_weighted': 0.8990092084003778, 'recall_macro': 0.8400515461487146, 'recall_micro': 0.89838, 'recall_weighted': 0.89838}
Validation statistic: Loss: 0.5089, dev_score: {'accuracy': 0.8008791439729602, 'balanced_accuracy': 0.6935119489542251, 'f1_macro': 0.6880179427660309, 'f1_micro': 0.8008791439729602, 'f1_weighted': 0.8018020198401056, 'precision_macro': 0.6874376197713715, 'precision_micro': 0.8008791439729602, 'precision_weighted': 0.8035651085459978, 'recall_macro': 0.6935119489542251, 'recall_micro': 0.8008791439729602, 'recall_weighted': 0.8008791439729602}
-----------------------
Epoch 43/100
Training statistic: Loss: 0.2409, train_score: {'accuracy': 0.90461, 'balanced_accuracy': 0.857918852493406, 'f1_macro': 0.8642596528428957, 'f1_micro': 0.90461, 'f1_weighted': 0.9042467633099994, 'precision_macro': 0.8719232554202199, 'precision_micro': 0.90461, 'precision_weighted': 0.9047987096989075, 'recall_macro': 0.857918852493406, 'recall_micro': 0.90461, 'recall_weighted': 0.90461}
Validation statistic: Loss: 0.5109, dev_score: {'accuracy': 0.8053799408066409, 'balanced_accuracy': 0.7200847827519802, 'f1_macro': 0.704008351776051, 'f1_micro': 0.8053799408066409, 'f1_weighted': 0.8056206185901021, 'precision_macro': 0.6904561621785301, 'precision_micro': 0.8053799408066409, 'precision_weighted': 0.8064611290248683, 'recall_macro': 0.7200847827519802, 'recall_micro': 0.8053799408066409, 'recall_weighted': 0.8053799408066409}
-----------------------
Epoch 44/100
Training statistic: Loss: 0.2424, train_score: {'accuracy': 0.90254, 'balanced_accuracy': 0.8608356189616589, 'f1_macro': 0.8601048030778831, 'f1_micro': 0.90254, 'f1_weighted': 0.9024571904861559, 'precision_macro': 0.8600228087394762, 'precision_micro': 0.90254, 'precision_weighted': 0.9030142535763608, 'recall_macro': 0.8608356189616589, 'recall_micro': 0.90254, 'recall_weighted': 0.90254}
Validation statistic: Loss: 0.5136, dev_score: {'accuracy': 0.8026129139594753, 'balanced_accuracy': 0.7279915549873595, 'f1_macro': 0.7032782246149648, 'f1_micro': 0.8026129139594753, 'f1_weighted': 0.803554125021232, 'precision_macro': 0.6821809747044701, 'precision_micro': 0.8026129139594753, 'precision_weighted': 0.8053673264988983, 'recall_macro': 0.7279915549873595, 'recall_micro': 0.8026129139594753, 'recall_weighted': 0.8026129139594753}
-----------------------
Epoch 45/100
Training statistic: Loss: 0.2323, train_score: {'accuracy': 0.90612, 'balanced_accuracy': 0.8519158150916395, 'f1_macro': 0.8635808410553116, 'f1_micro': 0.90612, 'f1_weighted': 0.9057918438839521, 'precision_macro': 0.8776533022105346, 'precision_micro': 0.90612, 'precision_weighted': 0.9061801761507512, 'recall_macro': 0.8519158150916395, 'recall_micro': 0.90612, 'recall_weighted': 0.90612}
Validation statistic: Loss: 0.5184, dev_score: {'accuracy': 0.8045918635400431, 'balanced_accuracy': 0.6896501440064807, 'f1_macro': 0.6907672754137824, 'f1_micro': 0.8045918635400431, 'f1_weighted': 0.8047906711899946, 'precision_macro': 0.694714976549881, 'precision_micro': 0.8045918635400431, 'precision_weighted': 0.805560247360661, 'recall_macro': 0.6896501440064807, 'recall_micro': 0.8045918635400431, 'recall_weighted': 0.8045918635400431}
-----------------------
Epoch 46/100
Training statistic: Loss: 0.2381, train_score: {'accuracy': 0.90509, 'balanced_accuracy': 0.858992982873654, 'f1_macro': 0.86430543884137, 'f1_micro': 0.90509, 'f1_weighted': 0.9049643067126231, 'precision_macro': 0.8709449493769478, 'precision_micro': 0.90509, 'precision_weighted': 0.9054580353327806, 'recall_macro': 0.858992982873654, 'recall_micro': 0.90509, 'recall_weighted': 0.90509}
Validation statistic: Loss: 0.5073, dev_score: {'accuracy': 0.8071487364494492, 'balanced_accuracy': 0.7250786763965007, 'f1_macro': 0.7135513267022034, 'f1_micro': 0.8071487364494492, 'f1_weighted': 0.808207148212178, 'precision_macro': 0.7040834853877689, 'precision_micro': 0.8071487364494492, 'precision_weighted': 0.8100432607938701, 'recall_macro': 0.7250786763965007, 'recall_micro': 0.8071487364494492, 'recall_weighted': 0.8071487364494492}
-----------------------
Epoch 47/100
Training statistic: Loss: 0.2369, train_score: {'accuracy': 0.90502, 'balanced_accuracy': 0.8520896069223433, 'f1_macro': 0.8658673265299649, 'f1_micro': 0.90502, 'f1_weighted': 0.9046501256471046, 'precision_macro': 0.8815792998687914, 'precision_micro': 0.90502, 'precision_weighted': 0.9059173401329633, 'recall_macro': 0.8520896069223433, 'recall_micro': 0.90502, 'recall_weighted': 0.90502}
Validation statistic: Loss: 0.5032, dev_score: {'accuracy': 0.8093028143114832, 'balanced_accuracy': 0.7161617506416962, 'f1_macro': 0.7111054085167566, 'f1_micro': 0.8093028143114832, 'f1_weighted': 0.8095165386244284, 'precision_macro': 0.7080539230681084, 'precision_micro': 0.8093028143114832, 'precision_weighted': 0.8100537485141078, 'recall_macro': 0.7161617506416962, 'recall_micro': 0.8093028143114832, 'recall_weighted': 0.8093028143114832}
-----------------------
Epoch 48/100
Training statistic: Loss: 0.2372, train_score: {'accuracy': 0.90545, 'balanced_accuracy': 0.8582685990142879, 'f1_macro': 0.8680471007036639, 'f1_micro': 0.90545, 'f1_weighted': 0.9050228669643363, 'precision_macro': 0.8796370511922522, 'precision_micro': 0.90545, 'precision_weighted': 0.9064294409314052, 'recall_macro': 0.8582685990142879, 'recall_micro': 0.90545, 'recall_weighted': 0.90545}
Validation statistic: Loss: 0.5117, dev_score: {'accuracy': 0.8104586609691599, 'balanced_accuracy': 0.715764643767994, 'f1_macro': 0.7067174199229392, 'f1_micro': 0.8104586609691599, 'f1_weighted': 0.8102798208176974, 'precision_macro': 0.6991699644341928, 'precision_micro': 0.8104586609691599, 'precision_weighted': 0.8104331346984326, 'recall_macro': 0.715764643767994, 'recall_micro': 0.8104586609691599, 'recall_weighted': 0.8104586609691599}
-----------------------
Epoch 49/100
Training statistic: Loss: 0.2363, train_score: {'accuracy': 0.90504, 'balanced_accuracy': 0.8547070408210075, 'f1_macro': 0.8621486948547378, 'f1_micro': 0.90504, 'f1_weighted': 0.9047132610048495, 'precision_macro': 0.8705462234630049, 'precision_micro': 0.90504, 'precision_weighted': 0.9051521041668142, 'recall_macro': 0.8547070408210075, 'recall_micro': 0.90504, 'recall_weighted': 0.90504}
Validation statistic: Loss: 0.5152, dev_score: {'accuracy': 0.8049421201029754, 'balanced_accuracy': 0.7165650293440342, 'f1_macro': 0.7012245903690724, 'f1_micro': 0.8049421201029754, 'f1_weighted': 0.8059232680104701, 'precision_macro': 0.6879798067139244, 'precision_micro': 0.8049421201029754, 'precision_weighted': 0.8074248528975844, 'recall_macro': 0.7165650293440342, 'recall_micro': 0.8049421201029754, 'recall_weighted': 0.8049421201029754}
-----------------------
Epoch 50/100
Training statistic: Loss: 0.2407, train_score: {'accuracy': 0.90236, 'balanced_accuracy': 0.8627741066487274, 'f1_macro': 0.8612909881938587, 'f1_micro': 0.90236, 'f1_weighted': 0.9022443127173585, 'precision_macro': 0.8605832789234833, 'precision_micro': 0.90236, 'precision_weighted': 0.9031994520361089, 'recall_macro': 0.8627741066487274, 'recall_micro': 0.90236, 'recall_weighted': 0.90236}
Validation statistic: Loss: 0.5193, dev_score: {'accuracy': 0.80450429939931, 'balanced_accuracy': 0.7175760768868396, 'f1_macro': 0.7029130838076842, 'f1_micro': 0.80450429939931, 'f1_weighted': 0.8051111593878936, 'precision_macro': 0.6894563923043633, 'precision_micro': 0.80450429939931, 'precision_weighted': 0.806055300929264, 'recall_macro': 0.7175760768868396, 'recall_micro': 0.80450429939931, 'recall_weighted': 0.80450429939931}
-----------------------
Epoch 51/100
Training statistic: Loss: 0.2261, train_score: {'accuracy': 0.90937, 'balanced_accuracy': 0.8614453382895809, 'f1_macro': 0.8693393840463887, 'f1_micro': 0.90937, 'f1_weighted': 0.9092052915738775, 'precision_macro': 0.8784361277941553, 'precision_micro': 0.90937, 'precision_weighted': 0.9099076868107732, 'recall_macro': 0.8614453382895809, 'recall_micro': 0.90937, 'recall_weighted': 0.90937}
Validation statistic: Loss: 0.5086, dev_score: {'accuracy': 0.8099157632966147, 'balanced_accuracy': 0.7080525669784994, 'f1_macro': 0.7037024035285493, 'f1_micro': 0.8099157632966147, 'f1_weighted': 0.8103865658227009, 'precision_macro': 0.7021946766034527, 'precision_micro': 0.8099157632966147, 'precision_weighted': 0.8114232336827404, 'recall_macro': 0.7080525669784994, 'recall_micro': 0.8099157632966147, 'recall_weighted': 0.8099157632966147}
-----------------------
Epoch 52/100
Training statistic: Loss: 0.2228, train_score: {'accuracy': 0.91022, 'balanced_accuracy': 0.8688098517641627, 'f1_macro': 0.8712996581337494, 'f1_micro': 0.91022, 'f1_weighted': 0.9098780037053689, 'precision_macro': 0.8751818175761189, 'precision_micro': 0.91022, 'precision_weighted': 0.9101389032745283, 'recall_macro': 0.8688098517641627, 'recall_micro': 0.91022, 'recall_weighted': 0.91022}
Validation statistic: Loss: 0.5224, dev_score: {'accuracy': 0.80569517171328, 'balanced_accuracy': 0.7213719804433103, 'f1_macro': 0.7059124233521304, 'f1_micro': 0.80569517171328, 'f1_weighted': 0.8063498230610529, 'precision_macro': 0.6922591884351634, 'precision_micro': 0.80569517171328, 'precision_weighted': 0.8078076681860968, 'recall_macro': 0.7213719804433103, 'recall_micro': 0.80569517171328, 'recall_weighted': 0.80569517171328}
-----------------------
Epoch 53/100
Training statistic: Loss: 0.2274, train_score: {'accuracy': 0.90978, 'balanced_accuracy': 0.871630586981012, 'f1_macro': 0.8713188459421152, 'f1_micro': 0.90978, 'f1_weighted': 0.9097703185528719, 'precision_macro': 0.8716707814389656, 'precision_micro': 0.90978, 'precision_weighted': 0.9103401788853049, 'recall_macro': 0.871630586981012, 'recall_micro': 0.90978, 'recall_weighted': 0.90978}
Validation statistic: Loss: 0.5108, dev_score: {'accuracy': 0.8080418906849267, 'balanced_accuracy': 0.7323515151998128, 'f1_macro': 0.7092398116198335, 'f1_micro': 0.8080418906849267, 'f1_weighted': 0.8088488204769813, 'precision_macro': 0.6892352624324666, 'precision_micro': 0.8080418906849267, 'precision_weighted': 0.8101270042217784, 'recall_macro': 0.7323515151998128, 'recall_micro': 0.8080418906849267, 'recall_weighted': 0.8080418906849267}
-----------------------
Epoch 54/100
Training statistic: Loss: 0.2210, train_score: {'accuracy': 0.91156, 'balanced_accuracy': 0.8684974179197292, 'f1_macro': 0.8743901764112415, 'f1_micro': 0.91156, 'f1_weighted': 0.9113960555085623, 'precision_macro': 0.8807967006332186, 'precision_micro': 0.91156, 'precision_weighted': 0.9118847262855584, 'recall_macro': 0.8684974179197292, 'recall_micro': 0.91156, 'recall_weighted': 0.91156}
Validation statistic: Loss: 0.5196, dev_score: {'accuracy': 0.8099332761247614, 'balanced_accuracy': 0.7278446250120204, 'f1_macro': 0.7140522887723597, 'f1_micro': 0.8099332761247614, 'f1_weighted': 0.8106168414521723, 'precision_macro': 0.7013449393353038, 'precision_micro': 0.8099332761247614, 'precision_weighted': 0.8115625203315339, 'recall_macro': 0.7278446250120204, 'recall_micro': 0.8099332761247614, 'recall_weighted': 0.8099332761247614}
-----------------------
Epoch 55/100
Training statistic: Loss: 0.2163, train_score: {'accuracy': 0.91346, 'balanced_accuracy': 0.8660511172201744, 'f1_macro': 0.8735198937224302, 'f1_micro': 0.91346, 'f1_weighted': 0.9131762442241054, 'precision_macro': 0.88192175513847, 'precision_micro': 0.91346, 'precision_weighted': 0.9134340079892597, 'recall_macro': 0.8660511172201744, 'recall_micro': 0.91346, 'recall_weighted': 0.91346}
Validation statistic: Loss: 0.5151, dev_score: {'accuracy': 0.8110190714698516, 'balanced_accuracy': 0.7153540287887188, 'f1_macro': 0.7107454455969542, 'f1_micro': 0.8110190714698516, 'f1_weighted': 0.8114361299987357, 'precision_macro': 0.7071764468517429, 'precision_micro': 0.8110190714698516, 'precision_weighted': 0.8122872863395646, 'recall_macro': 0.7153540287887188, 'recall_micro': 0.8110190714698516, 'recall_weighted': 0.8110190714698516}
-----------------------
Epoch 56/100
Training statistic: Loss: 0.2151, train_score: {'accuracy': 0.91456, 'balanced_accuracy': 0.8737232057812001, 'f1_macro': 0.8760838897130017, 'f1_micro': 0.91456, 'f1_weighted': 0.9145240370725433, 'precision_macro': 0.87893378668871, 'precision_micro': 0.91456, 'precision_weighted': 0.914895290871165, 'recall_macro': 0.8737232057812001, 'recall_micro': 0.91456, 'recall_weighted': 0.91456}
Validation statistic: Loss: 0.5229, dev_score: {'accuracy': 0.8070611723087161, 'balanced_accuracy': 0.7136620602626037, 'f1_macro': 0.6999923768328464, 'f1_micro': 0.8070611723087161, 'f1_weighted': 0.8079969576223274, 'precision_macro': 0.6886855525522935, 'precision_micro': 0.8070611723087161, 'precision_weighted': 0.8102865139986065, 'recall_macro': 0.7136620602626037, 'recall_micro': 0.8070611723087161, 'recall_weighted': 0.8070611723087161}
-----------------------
Epoch 57/100
Training statistic: Loss: 0.2252, train_score: {'accuracy': 0.91085, 'balanced_accuracy': 0.8632450633400568, 'f1_macro': 0.8734022891937095, 'f1_micro': 0.91085, 'f1_weighted': 0.9106729628350118, 'precision_macro': 0.8852616250019018, 'precision_micro': 0.91085, 'precision_weighted': 0.9117916816326244, 'recall_macro': 0.8632450633400568, 'recall_micro': 0.91085, 'recall_weighted': 0.91085}
Validation statistic: Loss: 0.5095, dev_score: {'accuracy': 0.8094779425929494, 'balanced_accuracy': 0.7047102556668906, 'f1_macro': 0.708262896775168, 'f1_micro': 0.8094779425929494, 'f1_weighted': 0.8095609660239675, 'precision_macro': 0.7139874135456105, 'precision_micro': 0.8094779425929494, 'precision_weighted': 0.8099497836470159, 'recall_macro': 0.7047102556668906, 'recall_micro': 0.8094779425929494, 'recall_weighted': 0.8094779425929494}
-----------------------
Epoch 58/100
Training statistic: Loss: 0.2199, train_score: {'accuracy': 0.9143, 'balanced_accuracy': 0.8816205750029358, 'f1_macro': 0.881190214432503, 'f1_micro': 0.9143, 'f1_weighted': 0.9142386039479846, 'precision_macro': 0.8815376490222187, 'precision_micro': 0.9143, 'precision_weighted': 0.9155060768456066, 'recall_macro': 0.8816205750029358, 'recall_micro': 0.9143, 'recall_weighted': 0.9143}
Validation statistic: Loss: 0.4964, dev_score: {'accuracy': 0.808392147247859, 'balanced_accuracy': 0.7292277857535802, 'f1_macro': 0.7120868236744945, 'f1_micro': 0.808392147247859, 'f1_weighted': 0.8090052441172844, 'precision_macro': 0.6965655025052143, 'precision_micro': 0.808392147247859, 'precision_weighted': 0.8099795196657134, 'recall_macro': 0.7292277857535802, 'recall_micro': 0.808392147247859, 'recall_weighted': 0.808392147247859}
Saving model...
Model saved!
-------------------------------------------
-----------------------
Epoch 59/100
Training statistic: Loss: 0.2101, train_score: {'accuracy': 0.91674, 'balanced_accuracy': 0.8828992421267079, 'f1_macro': 0.8812938941358489, 'f1_micro': 0.91674, 'f1_weighted': 0.9168423136779735, 'precision_macro': 0.8808332731653782, 'precision_micro': 0.91674, 'precision_weighted': 0.9173874513020163, 'recall_macro': 0.8828992421267079, 'recall_micro': 0.91674, 'recall_weighted': 0.91674}
Validation statistic: Loss: 0.5137, dev_score: {'accuracy': 0.8079017880597538, 'balanced_accuracy': 0.7362289216000061, 'f1_macro': 0.7149551965850954, 'f1_micro': 0.8079017880597538, 'f1_weighted': 0.8092924584785917, 'precision_macro': 0.6968194073218088, 'precision_micro': 0.8079017880597538, 'precision_weighted': 0.811789982745143, 'recall_macro': 0.7362289216000061, 'recall_micro': 0.8079017880597538, 'recall_weighted': 0.8079017880597538}
-----------------------
Epoch 60/100
Training statistic: Loss: 0.2171, train_score: {'accuracy': 0.91424, 'balanced_accuracy': 0.8701105405793425, 'f1_macro': 0.8737084598780637, 'f1_micro': 0.91424, 'f1_weighted': 0.9141846589024502, 'precision_macro': 0.8776180978634658, 'precision_micro': 0.91424, 'precision_weighted': 0.9143847273268448, 'recall_macro': 0.8701105405793425, 'recall_micro': 0.91424, 'recall_weighted': 0.91424}
Validation statistic: Loss: 0.5198, dev_score: {'accuracy': 0.8113167895483442, 'balanced_accuracy': 0.7294352088207895, 'f1_macro': 0.7118207633642692, 'f1_micro': 0.8113167895483442, 'f1_weighted': 0.8123822552118464, 'precision_macro': 0.6961974668264672, 'precision_micro': 0.8113167895483442, 'precision_weighted': 0.8143600745063411, 'recall_macro': 0.7294352088207895, 'recall_micro': 0.8113167895483442, 'recall_weighted': 0.8113167895483442}
-----------------------
Epoch 61/100
Training statistic: Loss: 0.2166, train_score: {'accuracy': 0.91436, 'balanced_accuracy': 0.874841674776114, 'f1_macro': 0.8763519521320997, 'f1_micro': 0.91436, 'f1_weighted': 0.9142478931426017, 'precision_macro': 0.8786196096852693, 'precision_micro': 0.91436, 'precision_weighted': 0.9150794861529987, 'recall_macro': 0.874841674776114, 'recall_micro': 0.91436, 'recall_weighted': 0.91436}
Validation statistic: Loss: 0.5128, dev_score: {'accuracy': 0.8097056093588554, 'balanced_accuracy': 0.7283319118088202, 'f1_macro': 0.7113164794236516, 'f1_micro': 0.8097056093588554, 'f1_weighted': 0.8105353603501725, 'precision_macro': 0.6958878695397338, 'precision_micro': 0.8097056093588554, 'precision_weighted': 0.8118976556647246, 'recall_macro': 0.7283319118088202, 'recall_micro': 0.8097056093588554, 'recall_weighted': 0.8097056093588554}
-----------------------
Epoch 62/100
Training statistic: Loss: 0.2154, train_score: {'accuracy': 0.91449, 'balanced_accuracy': 0.8708491009134364, 'f1_macro': 0.878996259040795, 'f1_micro': 0.91449, 'f1_weighted': 0.9142879396114265, 'precision_macro': 0.888008390770891, 'precision_micro': 0.91449, 'precision_weighted': 0.9148066067972839, 'recall_macro': 0.8708491009134364, 'recall_micro': 0.91449, 'recall_weighted': 0.91449}
Validation statistic: Loss: 0.5105, dev_score: {'accuracy': 0.8091977373426035, 'balanced_accuracy': 0.7219612962050518, 'f1_macro': 0.7146619891998672, 'f1_micro': 0.8091977373426035, 'f1_weighted': 0.8095848985491366, 'precision_macro': 0.7076862676663762, 'precision_micro': 0.8091977373426035, 'precision_weighted': 0.8101790501690888, 'recall_macro': 0.7219612962050518, 'recall_micro': 0.8091977373426035, 'recall_weighted': 0.8091977373426035}
-----------------------
Epoch 63/100
Training statistic: Loss: 0.2131, train_score: {'accuracy': 0.91678, 'balanced_accuracy': 0.8835483915909403, 'f1_macro': 0.8835006889413004, 'f1_micro': 0.91678, 'f1_weighted': 0.9166178341713933, 'precision_macro': 0.8848982169104794, 'precision_micro': 0.91678, 'precision_weighted': 0.9177686854912147, 'recall_macro': 0.8835483915909403, 'recall_micro': 0.91678, 'recall_weighted': 0.91678}
Validation statistic: Loss: 0.5010, dev_score: {'accuracy': 0.8111591740950246, 'balanced_accuracy': 0.7325697098499839, 'f1_macro': 0.7119741628999743, 'f1_micro': 0.8111591740950246, 'f1_weighted': 0.811591711952235, 'precision_macro': 0.695202156376548, 'precision_micro': 0.8111591740950246, 'precision_weighted': 0.8125614784348648, 'recall_macro': 0.7325697098499839, 'recall_micro': 0.8111591740950246, 'recall_weighted': 0.8111591740950246}
-----------------------
Epoch 64/100
Training statistic: Loss: 0.2113, train_score: {'accuracy': 0.91627, 'balanced_accuracy': 0.8853965970635335, 'f1_macro': 0.8815597025862976, 'f1_micro': 0.91627, 'f1_weighted': 0.9163051067351023, 'precision_macro': 0.8780658730872997, 'precision_micro': 0.91627, 'precision_weighted': 0.9169167988877461, 'recall_macro': 0.8853965970635335, 'recall_micro': 0.91627, 'recall_weighted': 0.91627}
Validation statistic: Loss: 0.5241, dev_score: {'accuracy': 0.8100033274373478, 'balanced_accuracy': 0.7462406970178603, 'f1_macro': 0.7142982593930932, 'f1_micro': 0.8100033274373478, 'f1_weighted': 0.8113469232996434, 'precision_macro': 0.6882697687558073, 'precision_micro': 0.8100033274373478, 'precision_weighted': 0.8134581293362148, 'recall_macro': 0.7462406970178603, 'recall_micro': 0.8100033274373478, 'recall_weighted': 0.8100033274373478}
-----------------------
Epoch 65/100
Training statistic: Loss: 0.2122, train_score: {'accuracy': 0.91669, 'balanced_accuracy': 0.8890005381770002, 'f1_macro': 0.8857007269199475, 'f1_micro': 0.91669, 'f1_weighted': 0.9167254974923217, 'precision_macro': 0.8830768570075055, 'precision_micro': 0.91669, 'precision_weighted': 0.9182330698088149, 'recall_macro': 0.8890005381770002, 'recall_micro': 0.91669, 'recall_weighted': 0.91669}
Validation statistic: Loss: 0.5216, dev_score: {'accuracy': 0.810546225109893, 'balanced_accuracy': 0.7425283102316765, 'f1_macro': 0.7164701663524687, 'f1_micro': 0.810546225109893, 'f1_weighted': 0.8113906251318069, 'precision_macro': 0.6945852564960905, 'precision_micro': 0.810546225109893, 'precision_weighted': 0.8128379542162367, 'recall_macro': 0.7425283102316765, 'recall_micro': 0.810546225109893, 'recall_weighted': 0.810546225109893}
-----------------------
Epoch 66/100
Training statistic: Loss: 0.2188, train_score: {'accuracy': 0.91596, 'balanced_accuracy': 0.8707582155848355, 'f1_macro': 0.8751559544484194, 'f1_micro': 0.91596, 'f1_weighted': 0.9156799265625268, 'precision_macro': 0.8804892804549421, 'precision_micro': 0.91596, 'precision_weighted': 0.9162576743140706, 'recall_macro': 0.8707582155848355, 'recall_micro': 0.91596, 'recall_weighted': 0.91596}
Validation statistic: Loss: 0.5017, dev_score: {'accuracy': 0.8103185583439869, 'balanced_accuracy': 0.7295041708442593, 'f1_macro': 0.707091745063827, 'f1_micro': 0.8103185583439869, 'f1_weighted': 0.8109583072140293, 'precision_macro': 0.6877559039892059, 'precision_micro': 0.8103185583439869, 'precision_weighted': 0.812232666246089, 'recall_macro': 0.7295041708442593, 'recall_micro': 0.8103185583439869, 'recall_weighted': 0.8103185583439869}
-----------------------
Epoch 67/100
Training statistic: Loss: 0.2015, train_score: {'accuracy': 0.91878, 'balanced_accuracy': 0.8719343137700343, 'f1_macro': 0.8813313632563389, 'f1_micro': 0.91878, 'f1_weighted': 0.9185915074872516, 'precision_macro': 0.892228259951879, 'precision_micro': 0.91878, 'precision_weighted': 0.919100793126846, 'recall_macro': 0.8719343137700343, 'recall_micro': 0.91878, 'recall_weighted': 0.91878}
Validation statistic: Loss: 0.5263, dev_score: {'accuracy': 0.8094604297648027, 'balanced_accuracy': 0.7284487682199572, 'f1_macro': 0.715432152669161, 'f1_micro': 0.8094604297648027, 'f1_weighted': 0.8101117007120223, 'precision_macro': 0.7036760884561221, 'precision_micro': 0.8094604297648027, 'precision_weighted': 0.8112088719472826, 'recall_macro': 0.7284487682199572, 'recall_micro': 0.8094604297648027, 'recall_weighted': 0.8094604297648027}
-----------------------
Epoch 68/100
Training statistic: Loss: 0.2131, train_score: {'accuracy': 0.91633, 'balanced_accuracy': 0.8757955485721791, 'f1_macro': 0.8804728790769657, 'f1_micro': 0.91633, 'f1_weighted': 0.9160695175947214, 'precision_macro': 0.8867901309580012, 'precision_micro': 0.91633, 'precision_weighted': 0.9169440673946412, 'recall_macro': 0.8757955485721791, 'recall_micro': 0.91633, 'recall_weighted': 0.91633}
Validation statistic: Loss: 0.5115, dev_score: {'accuracy': 0.8102660198595472, 'balanced_accuracy': 0.7377179745068332, 'f1_macro': 0.7194687069565575, 'f1_micro': 0.8102660198595472, 'f1_weighted': 0.8107359108484281, 'precision_macro': 0.7037309637643848, 'precision_micro': 0.8102660198595472, 'precision_weighted': 0.8118358852387275, 'recall_macro': 0.7377179745068332, 'recall_micro': 0.8102660198595472, 'recall_weighted': 0.8102660198595472}
-----------------------
Epoch 69/100
Training statistic: Loss: 0.2057, train_score: {'accuracy': 0.91869, 'balanced_accuracy': 0.8870449989861868, 'f1_macro': 0.8860760368351429, 'f1_micro': 0.91869, 'f1_weighted': 0.9186777157469574, 'precision_macro': 0.8857926547427104, 'precision_micro': 0.91869, 'precision_weighted': 0.9193140006698073, 'recall_macro': 0.8870449989861868, 'recall_micro': 0.91869, 'recall_weighted': 0.91869}
Validation statistic: Loss: 0.5192, dev_score: {'accuracy': 0.8052223253533213, 'balanced_accuracy': 0.7279276675035139, 'f1_macro': 0.7106014071740396, 'f1_micro': 0.8052223253533213, 'f1_weighted': 0.8058993894156988, 'precision_macro': 0.6963001572418116, 'precision_micro': 0.8052223253533213, 'precision_weighted': 0.8074990225895874, 'recall_macro': 0.7279276675035139, 'recall_micro': 0.8052223253533213, 'recall_weighted': 0.8052223253533213}
-----------------------
Epoch 70/100
Training statistic: Loss: 0.2043, train_score: {'accuracy': 0.92036, 'balanced_accuracy': 0.8881795984401055, 'f1_macro': 0.8882874342529928, 'f1_micro': 0.92036, 'f1_weighted': 0.9203380741055491, 'precision_macro': 0.8886569093137254, 'precision_micro': 0.92036, 'precision_weighted': 0.9207783345303536, 'recall_macro': 0.8881795984401055, 'recall_micro': 0.92036, 'recall_weighted': 0.92036}
Validation statistic: Loss: 0.5157, dev_score: {'accuracy': 0.8075165058405281, 'balanced_accuracy': 0.7271836923037654, 'f1_macro': 0.7074339672395054, 'f1_micro': 0.8075165058405281, 'f1_weighted': 0.808606072245445, 'precision_macro': 0.6902965889882868, 'precision_micro': 0.8075165058405281, 'precision_weighted': 0.8103170562805448, 'recall_macro': 0.7271836923037654, 'recall_micro': 0.8075165058405281, 'recall_weighted': 0.8075165058405281}
-----------------------
Epoch 71/100
Training statistic: Loss: 0.2022, train_score: {'accuracy': 0.92234, 'balanced_accuracy': 0.8826776489242085, 'f1_macro': 0.886964231184144, 'f1_micro': 0.92234, 'f1_weighted': 0.9221555140393245, 'precision_macro': 0.8921652344189892, 'precision_micro': 0.92234, 'precision_weighted': 0.9227747919888313, 'recall_macro': 0.8826776489242085, 'recall_micro': 0.92234, 'recall_weighted': 0.92234}
Validation statistic: Loss: 0.5109, dev_score: {'accuracy': 0.8086898653263516, 'balanced_accuracy': 0.725429103961068, 'f1_macro': 0.7051265724650999, 'f1_micro': 0.8086898653263516, 'f1_weighted': 0.8095134039683592, 'precision_macro': 0.6872849652188773, 'precision_micro': 0.8086898653263516, 'precision_weighted': 0.8110178058521424, 'recall_macro': 0.725429103961068, 'recall_micro': 0.8086898653263516, 'recall_weighted': 0.8086898653263516}
-----------------------
Epoch 72/100
Training statistic: Loss: 0.1987, train_score: {'accuracy': 0.92322, 'balanced_accuracy': 0.8894587399008461, 'f1_macro': 0.889125892315095, 'f1_micro': 0.92322, 'f1_weighted': 0.9231484074013597, 'precision_macro': 0.8892279107329163, 'precision_micro': 0.92322, 'precision_weighted': 0.9237222911359743, 'recall_macro': 0.8894587399008461, 'recall_micro': 0.92322, 'recall_weighted': 0.92322}
Validation statistic: Loss: 0.5263, dev_score: {'accuracy': 0.8090576347174305, 'balanced_accuracy': 0.7436069453721769, 'f1_macro': 0.7138596013529018, 'f1_micro': 0.8090576347174305, 'f1_weighted': 0.810098369350284, 'precision_macro': 0.689053805559506, 'precision_micro': 0.8090576347174305, 'precision_weighted': 0.8119057761934797, 'recall_macro': 0.7436069453721769, 'recall_micro': 0.8090576347174305, 'recall_weighted': 0.8090576347174305}
-----------------------
Epoch 73/100
Training statistic: Loss: 0.1977, train_score: {'accuracy': 0.92288, 'balanced_accuracy': 0.8801895873907569, 'f1_macro': 0.8860271202076593, 'f1_micro': 0.92288, 'f1_weighted': 0.9227180472599965, 'precision_macro': 0.8932539279675075, 'precision_micro': 0.92288, 'precision_weighted': 0.9231435336940118, 'recall_macro': 0.8801895873907569, 'recall_micro': 0.92288, 'recall_weighted': 0.92288}
Validation statistic: Loss: 0.5244, dev_score: {'accuracy': 0.809127686030017, 'balanced_accuracy': 0.7182880025919884, 'f1_macro': 0.7062779671866305, 'f1_micro': 0.809127686030017, 'f1_weighted': 0.8099291960981763, 'precision_macro': 0.6954144754512236, 'precision_micro': 0.809127686030017, 'precision_weighted': 0.8114091059532057, 'recall_macro': 0.7182880025919884, 'recall_micro': 0.809127686030017, 'recall_weighted': 0.809127686030017}
-----------------------
Epoch 74/100
Training statistic: Loss: 0.1974, train_score: {'accuracy': 0.92429, 'balanced_accuracy': 0.8956042137445807, 'f1_macro': 0.8939807380506902, 'f1_micro': 0.92429, 'f1_weighted': 0.9242645702038309, 'precision_macro': 0.892756017171254, 'precision_micro': 0.92429, 'precision_weighted': 0.9246444793883317, 'recall_macro': 0.8956042137445807, 'recall_micro': 0.92429, 'recall_weighted': 0.92429}
Validation statistic: Loss: 0.5160, dev_score: {'accuracy': 0.8120348155023555, 'balanced_accuracy': 0.7373548886474184, 'f1_macro': 0.7177376304582958, 'f1_micro': 0.8120348155023555, 'f1_weighted': 0.8129539809202597, 'precision_macro': 0.7005747710678353, 'precision_micro': 0.8120348155023555, 'precision_weighted': 0.8143433716052847, 'recall_macro': 0.7373548886474184, 'recall_micro': 0.8120348155023555, 'recall_weighted': 0.8120348155023555}
-----------------------
Epoch 75/100
Training statistic: Loss: 0.2008, train_score: {'accuracy': 0.92163, 'balanced_accuracy': 0.874838788282477, 'f1_macro': 0.8845370744755287, 'f1_micro': 0.92163, 'f1_weighted': 0.92130854601547, 'precision_macro': 0.8957427913861024, 'precision_micro': 0.92163, 'precision_weighted': 0.9218466015297095, 'recall_macro': 0.874838788282477, 'recall_micro': 0.92163, 'recall_weighted': 0.92163}
Validation statistic: Loss: 0.5083, dev_score: {'accuracy': 0.8144340729584421, 'balanced_accuracy': 0.7279691545281649, 'f1_macro': 0.7171139255732892, 'f1_micro': 0.8144340729584421, 'f1_weighted': 0.8146474963131836, 'precision_macro': 0.7078010322016397, 'precision_micro': 0.8144340729584421, 'precision_weighted': 0.8151256516026102, 'recall_macro': 0.7279691545281649, 'recall_micro': 0.8144340729584421, 'recall_weighted': 0.8144340729584421}
-----------------------
Epoch 76/100
Training statistic: Loss: 0.1907, train_score: {'accuracy': 0.92549, 'balanced_accuracy': 0.8932557608359559, 'f1_macro': 0.8927116705743936, 'f1_micro': 0.92549, 'f1_weighted': 0.9254756779096067, 'precision_macro': 0.8926689007663696, 'precision_micro': 0.92549, 'precision_weighted': 0.9258292274576649, 'recall_macro': 0.8932557608359559, 'recall_micro': 0.92549, 'recall_weighted': 0.92549}
Validation statistic: Loss: 0.5290, dev_score: {'accuracy': 0.8097756606714418, 'balanced_accuracy': 0.7292918157499291, 'f1_macro': 0.7082809125531193, 'f1_micro': 0.8097756606714418, 'f1_weighted': 0.8110297821040376, 'precision_macro': 0.6905414655660547, 'precision_micro': 0.8097756606714418, 'precision_weighted': 0.8134394395119856, 'recall_macro': 0.7292918157499291, 'recall_micro': 0.8097756606714418, 'recall_weighted': 0.8097756606714418}
-----------------------
Epoch 77/100
Training statistic: Loss: 0.1937, train_score: {'accuracy': 0.9245, 'balanced_accuracy': 0.8858717571187034, 'f1_macro': 0.8914866059198931, 'f1_micro': 0.9245, 'f1_weighted': 0.9243504508387769, 'precision_macro': 0.8976015471896999, 'precision_micro': 0.9245, 'precision_weighted': 0.9249397356291567, 'recall_macro': 0.8858717571187034, 'recall_micro': 0.9245, 'recall_weighted': 0.9245}
Validation statistic: Loss: 0.5049, dev_score: {'accuracy': 0.8125251746904608, 'balanced_accuracy': 0.7311061983391701, 'f1_macro': 0.7152820953753313, 'f1_micro': 0.8125251746904608, 'f1_weighted': 0.8129920003254225, 'precision_macro': 0.7024050771778931, 'precision_micro': 0.8125251746904608, 'precision_weighted': 0.813762078955617, 'recall_macro': 0.7311061983391701, 'recall_micro': 0.8125251746904608, 'recall_weighted': 0.8125251746904608}
-----------------------
Epoch 78/100
Training statistic: Loss: 0.1897, train_score: {'accuracy': 0.92664, 'balanced_accuracy': 0.8911755601650881, 'f1_macro': 0.8947672264356937, 'f1_micro': 0.92664, 'f1_weighted': 0.9264925114150261, 'precision_macro': 0.8989339041147255, 'precision_micro': 0.92664, 'precision_weighted': 0.9269382694101592, 'recall_macro': 0.8911755601650881, 'recall_micro': 0.92664, 'recall_weighted': 0.92664}
Validation statistic: Loss: 0.5103, dev_score: {'accuracy': 0.8147668166932278, 'balanced_accuracy': 0.7360915647521411, 'f1_macro': 0.7194794030474599, 'f1_micro': 0.8147668166932278, 'f1_weighted': 0.8152164623558207, 'precision_macro': 0.7047659760252112, 'precision_micro': 0.8147668166932278, 'precision_weighted': 0.815914522110318, 'recall_macro': 0.7360915647521411, 'recall_micro': 0.8147668166932278, 'recall_weighted': 0.8147668166932278}
-----------------------
Epoch 79/100
Training statistic: Loss: 0.1980, train_score: {'accuracy': 0.92525, 'balanced_accuracy': 0.8894845224701997, 'f1_macro': 0.8928347640086294, 'f1_micro': 0.92525, 'f1_weighted': 0.9250737122366665, 'precision_macro': 0.8971199486225896, 'precision_micro': 0.92525, 'precision_weighted': 0.925573388307515, 'recall_macro': 0.8894845224701997, 'recall_micro': 0.92525, 'recall_weighted': 0.92525}
Validation statistic: Loss: 0.5103, dev_score: {'accuracy': 0.8133132519570585, 'balanced_accuracy': 0.733265983232205, 'f1_macro': 0.7185612594615739, 'f1_micro': 0.8133132519570585, 'f1_weighted': 0.8136249062189508, 'precision_macro': 0.7054714149197724, 'precision_micro': 0.8133132519570585, 'precision_weighted': 0.8143954044615436, 'recall_macro': 0.733265983232205, 'recall_micro': 0.8133132519570585, 'recall_weighted': 0.8133132519570585}
-----------------------
Epoch 80/100
Training statistic: Loss: 0.2018, train_score: {'accuracy': 0.9213, 'balanced_accuracy': 0.8838956659017935, 'f1_macro': 0.881453470848567, 'f1_micro': 0.9213, 'f1_weighted': 0.921552271863171, 'precision_macro': 0.8800337679955391, 'precision_micro': 0.9213, 'precision_weighted': 0.9224402141169683, 'recall_macro': 0.8838956659017935, 'recall_micro': 0.9213, 'recall_weighted': 0.9213}
Validation statistic: Loss: 0.5200, dev_score: {'accuracy': 0.8123500464089946, 'balanced_accuracy': 0.7330829610178219, 'f1_macro': 0.7132470045205102, 'f1_micro': 0.8123500464089946, 'f1_weighted': 0.8134072363377266, 'precision_macro': 0.696238587219182, 'precision_micro': 0.8123500464089946, 'precision_weighted': 0.8150853458494282, 'recall_macro': 0.7330829610178219, 'recall_micro': 0.8123500464089946, 'recall_weighted': 0.8123500464089946}
-----------------------
Epoch 81/100
Training statistic: Loss: 0.1941, train_score: {'accuracy': 0.92577, 'balanced_accuracy': 0.8874995256280152, 'f1_macro': 0.8866063992300918, 'f1_micro': 0.92577, 'f1_weighted': 0.9256636240300846, 'precision_macro': 0.8868898351782145, 'precision_micro': 0.92577, 'precision_weighted': 0.9258782334211856, 'recall_macro': 0.8874995256280152, 'recall_micro': 0.92577, 'recall_weighted': 0.92577}
Validation statistic: Loss: 0.5267, dev_score: {'accuracy': 0.8098807376403215, 'balanced_accuracy': 0.7322760917204328, 'f1_macro': 0.7129400636092015, 'f1_micro': 0.8098807376403215, 'f1_weighted': 0.8109981202704292, 'precision_macro': 0.6967714588211333, 'precision_micro': 0.8098807376403215, 'precision_weighted': 0.813453647654453, 'recall_macro': 0.7322760917204328, 'recall_micro': 0.8098807376403215, 'recall_weighted': 0.8098807376403215}
-----------------------
Epoch 82/100
Training statistic: Loss: 0.1951, train_score: {'accuracy': 0.92416, 'balanced_accuracy': 0.8859210630904445, 'f1_macro': 0.8909148729312173, 'f1_micro': 0.92416, 'f1_weighted': 0.9241317889944669, 'precision_macro': 0.8969049540977008, 'precision_micro': 0.92416, 'precision_weighted': 0.9255179252747893, 'recall_macro': 0.8859210630904445, 'recall_micro': 0.92416, 'recall_weighted': 0.92416}
Validation statistic: Loss: 0.5081, dev_score: {'accuracy': 0.8152746887094797, 'balanced_accuracy': 0.7329723124236871, 'f1_macro': 0.7231436816208692, 'f1_micro': 0.8152746887094797, 'f1_weighted': 0.8160140378594313, 'precision_macro': 0.7158526067447715, 'precision_micro': 0.8152746887094797, 'precision_weighted': 0.8173303834562042, 'recall_macro': 0.7329723124236871, 'recall_micro': 0.8152746887094797, 'recall_weighted': 0.8152746887094797}
-----------------------
Epoch 83/100
Training statistic: Loss: 0.1873, train_score: {'accuracy': 0.92798, 'balanced_accuracy': 0.8983776031792805, 'f1_macro': 0.8977847477289312, 'f1_micro': 0.92798, 'f1_weighted': 0.927938230155581, 'precision_macro': 0.897408790998606, 'precision_micro': 0.92798, 'precision_weighted': 0.9280300371050705, 'recall_macro': 0.8983776031792805, 'recall_micro': 0.92798, 'recall_weighted': 0.92798}
Validation statistic: Loss: 0.5378, dev_score: {'accuracy': 0.812104866814942, 'balanced_accuracy': 0.7468535006964621, 'f1_macro': 0.7241418045470219, 'f1_micro': 0.812104866814942, 'f1_weighted': 0.8132167871451856, 'precision_macro': 0.7041116024499329, 'precision_micro': 0.812104866814942, 'precision_weighted': 0.8157802483272527, 'recall_macro': 0.7468535006964621, 'recall_micro': 0.812104866814942, 'recall_weighted': 0.812104866814942}
-----------------------
Epoch 84/100
Training statistic: Loss: 0.1888, train_score: {'accuracy': 0.92882, 'balanced_accuracy': 0.886503830491021, 'f1_macro': 0.8958736361993243, 'f1_micro': 0.92882, 'f1_weighted': 0.9287259055936946, 'precision_macro': 0.9068571729285902, 'precision_micro': 0.92882, 'precision_weighted': 0.9291157763785926, 'recall_macro': 0.886503830491021, 'recall_micro': 0.92882, 'recall_weighted': 0.92882}
Validation statistic: Loss: 0.5132, dev_score: {'accuracy': 0.8125076618623142, 'balanced_accuracy': 0.7121462206179673, 'f1_macro': 0.7084504344977873, 'f1_micro': 0.8125076618623142, 'f1_weighted': 0.8133566835146226, 'precision_macro': 0.7088185520559139, 'precision_micro': 0.8125076618623142, 'precision_weighted': 0.8150623547414917, 'recall_macro': 0.7121462206179673, 'recall_micro': 0.8125076618623142, 'recall_weighted': 0.8125076618623142}
-----------------------
Epoch 85/100
Training statistic: Loss: 0.1880, train_score: {'accuracy': 0.92685, 'balanced_accuracy': 0.8904599596024383, 'f1_macro': 0.8927400302251431, 'f1_micro': 0.92685, 'f1_weighted': 0.9267834515636304, 'precision_macro': 0.8954598917910196, 'precision_micro': 0.92685, 'precision_weighted': 0.927280440075093, 'recall_macro': 0.8904599596024383, 'recall_micro': 0.92685, 'recall_weighted': 0.92685}
Validation statistic: Loss: 0.5285, dev_score: {'accuracy': 0.8128404055970999, 'balanced_accuracy': 0.7339944985766761, 'f1_macro': 0.7189753825832417, 'f1_micro': 0.8128404055970999, 'f1_weighted': 0.8136253865022864, 'precision_macro': 0.7057182825030377, 'precision_micro': 0.8128404055970999, 'precision_weighted': 0.8148856914578404, 'recall_macro': 0.7339944985766761, 'recall_micro': 0.8128404055970999, 'recall_weighted': 0.8128404055970999}
-----------------------
Epoch 86/100
Training statistic: Loss: 0.1805, train_score: {'accuracy': 0.93027, 'balanced_accuracy': 0.9020659995442589, 'f1_macro': 0.9005118493748133, 'f1_micro': 0.93027, 'f1_weighted': 0.9302903201772179, 'precision_macro': 0.8993958601150772, 'precision_micro': 0.93027, 'precision_weighted': 0.9310989437032584, 'recall_macro': 0.9020659995442589, 'recall_micro': 0.93027, 'recall_weighted': 0.93027}
Validation statistic: Loss: 0.5217, dev_score: {'accuracy': 0.8132081749881789, 'balanced_accuracy': 0.7346610660100377, 'f1_macro': 0.7128047280644869, 'f1_micro': 0.8132081749881789, 'f1_weighted': 0.8143273578878425, 'precision_macro': 0.6939297772228527, 'precision_micro': 0.8132081749881789, 'precision_weighted': 0.8160479510890742, 'recall_macro': 0.7346610660100377, 'recall_micro': 0.8132081749881789, 'recall_weighted': 0.8132081749881789}
-----------------------
Epoch 87/100
Training statistic: Loss: 0.1905, train_score: {'accuracy': 0.92727, 'balanced_accuracy': 0.8976839419198949, 'f1_macro': 0.8943538206815506, 'f1_micro': 0.92727, 'f1_weighted': 0.9272240580574075, 'precision_macro': 0.8919173410233883, 'precision_micro': 0.92727, 'precision_weighted': 0.927730064941781, 'recall_macro': 0.8976839419198949, 'recall_micro': 0.92727, 'recall_weighted': 0.92727}
Validation statistic: Loss: 0.5217, dev_score: {'accuracy': 0.8130680723630059, 'balanced_accuracy': 0.7554931183242601, 'f1_macro': 0.7237698860798905, 'f1_micro': 0.8130680723630059, 'f1_weighted': 0.8141391746341704, 'precision_macro': 0.6977761460354437, 'precision_micro': 0.8130680723630059, 'precision_weighted': 0.8158749527227676, 'recall_macro': 0.7554931183242601, 'recall_micro': 0.8130680723630059, 'recall_weighted': 0.8130680723630059}
-----------------------
Epoch 88/100
Training statistic: Loss: 0.1858, train_score: {'accuracy': 0.92734, 'balanced_accuracy': 0.8853255772228262, 'f1_macro': 0.8927242333270676, 'f1_micro': 0.92734, 'f1_weighted': 0.9272055794761433, 'precision_macro': 0.9017667236784804, 'precision_micro': 0.92734, 'precision_weighted': 0.9280703119867515, 'recall_macro': 0.8853255772228262, 'recall_micro': 0.92734, 'recall_weighted': 0.92734}
Validation statistic: Loss: 0.5347, dev_score: {'accuracy': 0.8146267140680549, 'balanced_accuracy': 0.7303643161183961, 'f1_macro': 0.7206865827944752, 'f1_micro': 0.8146267140680549, 'f1_weighted': 0.8149505351211498, 'precision_macro': 0.7161741035563142, 'precision_micro': 0.8146267140680549, 'precision_weighted': 0.8159959458243901, 'recall_macro': 0.7303643161183961, 'recall_micro': 0.8146267140680549, 'recall_weighted': 0.8146267140680549}
-----------------------
Epoch 89/100
Training statistic: Loss: 0.1852, train_score: {'accuracy': 0.93023, 'balanced_accuracy': 0.8924694714609714, 'f1_macro': 0.8945635964886451, 'f1_micro': 0.93023, 'f1_weighted': 0.9301665889931552, 'precision_macro': 0.8970691189679302, 'precision_micro': 0.93023, 'precision_weighted': 0.9303201998853753, 'recall_macro': 0.8924694714609714, 'recall_micro': 0.93023, 'recall_weighted': 0.93023}
Validation statistic: Loss: 0.5145, dev_score: {'accuracy': 0.8129629953941262, 'balanced_accuracy': 0.737814425376102, 'f1_macro': 0.7200250920534014, 'f1_micro': 0.8129629953941262, 'f1_weighted': 0.8136617694978023, 'precision_macro': 0.7052068854036634, 'precision_micro': 0.8129629953941262, 'precision_weighted': 0.8154554528822131, 'recall_macro': 0.737814425376102, 'recall_micro': 0.8129629953941262, 'recall_weighted': 0.8129629953941262}
Early stopping by loss triggered!
Testing statistic: loss: 0.48208120136260985, scores: {'accuracy': 0.8121, 'balanced_accuracy': 0.7062058598093707, 'f1_macro': 0.6960333802493217, 'f1_micro': 0.8121, 'f1_weighted': 0.8124463074179268, 'precision_macro': 0.6871787592435598, 'precision_micro': 0.8121, 'precision_weighted': 0.8133281125398961, 'recall_macro': 0.7062058598093707, 'recall_micro': 0.8121, 'recall_weighted': 0.8121}
Finish training!
