=====Setting up data=====
Dataset name:news
train_option:synthetic
augment_option:xgb
mix_ratio:-1
n_sample:-1
Dataset name:news
Training dataset size: 100096 samples
Validation dataset size: 3200 samples

=====Setting up parameters for training=====
num_epochs: 100
learning_rate: 0.001
patience: 30
early_stop_criterion: loss
=====Setting up metrics for evaluating and plotting=====
metrics for evaluating: ['mae', 'mse', 'r2']
metric for plotting: mse
=====Setting up trainer=====
input_size: 58
model: DNN_News_log_no_norm
----------------------------------------------------------------
        Layer (type)               Output Shape         Param #
================================================================
            Linear-1                  [-1, 512]          30,208
              ReLU-2                  [-1, 512]               0
          Identity-3                  [-1, 512]               0
           Dropout-4                  [-1, 512]               0
            Linear-5                  [-1, 512]         262,656
              ReLU-6                  [-1, 512]               0
          Identity-7                  [-1, 512]               0
           Dropout-8                  [-1, 512]               0
            Linear-9                  [-1, 256]         131,328
             ReLU-10                  [-1, 256]               0
         Identity-11                  [-1, 256]               0
          Dropout-12                  [-1, 256]               0
           Linear-13                  [-1, 128]          32,896
             ReLU-14                  [-1, 128]               0
         Identity-15                  [-1, 128]               0
          Dropout-16                  [-1, 128]               0
           Linear-17                    [-1, 1]             129
================================================================
Total params: 457,217
Trainable params: 457,217
Non-trainable params: 0
----------------------------------------------------------------
Input size (MB): 0.00
Forward/backward pass size (MB): 0.04
Params size (MB): 1.74
Estimated Total Size (MB): 1.79
----------------------------------------------------------------
=====Setting up output files=====
weight_dir, weight_file: /home/thuy/Research/minh_data_synth/TabularDA/.cache/news_log_runtime_20261008/output/news_log_v1/news/weight/, news_seed43_ctgan_xonly_xgb_synthetic.weights.pth
acc_dir, acc_file: /home/thuy/Research/minh_data_synth/TabularDA/.cache/news_log_runtime_20261008/output/news_log_v1/news/acc/, news_seed43_ctgan_xonly_xgb_synthetic.epochs.csv
report_file: news_seed43_ctgan_xonly_xgb_synthetic.report.txt
==========================================================================================
Start training...
-----------------------
Epoch 1/100
Training statistic: Loss: 3682734.9054, train_score: {'mae': 1148.642799614201, 'mse': 3682734.905366577, 'r2': -0.46697289988597857}
Validation statistic: Loss: 2930987528425808954133625039749120.0000, dev_score: {'mae': 961918343213809.8, 'mse': 2.930987528425809e+33, 'r2': -4.206118400119972e+25}
Saving model...
Model saved!
-------------------------------------------
-----------------------
Epoch 2/100
Training statistic: Loss: 2277473.0766, train_score: {'mae': 905.7881056357039, 'mse': 2277473.07659917, 'r2': 0.09279615029516619}
Validation statistic: Loss: 2215522518576402688.0000, dev_score: {'mae': 27058176.521152426, 'mse': 2.215522518576403e+18, 'r2': -31793891787.6468}
Saving model...
Model saved!
-------------------------------------------
-----------------------
Epoch 3/100
Training statistic: Loss: 2311831.1386, train_score: {'mae': 871.2692220956337, 'mse': 2311831.1385959103, 'r2': 0.0791100319247201}
Validation statistic: Loss: 2681741852492.5137, dev_score: {'mae': 33723.32315839673, 'mse': 2681741852492.514, 'r2': -38483.3798915745}
Saving model...
Model saved!
-------------------------------------------
-----------------------
Epoch 4/100
Training statistic: Loss: 2178540.2904, train_score: {'mae': 826.4044495958765, 'mse': 2178540.2904493585, 'r2': 0.13220482887816665}
Validation statistic: Loss: 89567684024.6514, dev_score: {'mae': 8238.09566997092, 'mse': 89567684024.65137, 'r2': -1284.34250036388}
Saving model...
Model saved!
-------------------------------------------
-----------------------
Epoch 5/100
Training statistic: Loss: 2292926.1716, train_score: {'mae': 846.0410885049242, 'mse': 2292926.17164173, 'r2': 0.08664059681946978}
Validation statistic: Loss: 73689866.1604, dev_score: {'mae': 2417.288225179708, 'mse': 73689866.1604206, 'r2': -0.05748761792306878}
Saving model...
Model saved!
-------------------------------------------
-----------------------
Epoch 6/100
Training statistic: Loss: 1892274.3736, train_score: {'mae': 770.0390029729755, 'mse': 1892274.3736407186, 'r2': 0.24623539390942506}
Validation statistic: Loss: 272777295.3387, dev_score: {'mae': 2695.4200222206164, 'mse': 272777295.338732, 'r2': -2.9144949950551884}
-----------------------
Epoch 7/100
Training statistic: Loss: 2002297.2473, train_score: {'mae': 785.1269716930665, 'mse': 2002297.247252979, 'r2': 0.20240911314140964}
Validation statistic: Loss: 70802725.3467, dev_score: {'mae': 2392.866711818119, 'mse': 70802725.34669112, 'r2': -0.016055656911323712}
Saving model...
Model saved!
-------------------------------------------
-----------------------
Epoch 8/100
Training statistic: Loss: 1787542.9785, train_score: {'mae': 745.4281998600837, 'mse': 1787542.9785173684, 'r2': 0.28795387823185614}
Validation statistic: Loss: 70187141.6013, dev_score: {'mae': 2429.997506775212, 'mse': 70187141.6013039, 'r2': -0.00722171240225733}
Saving model...
Model saved!
-------------------------------------------
-----------------------
Epoch 9/100
Training statistic: Loss: 1909771.3290, train_score: {'mae': 767.9206609438901, 'mse': 1909771.328957244, 'r2': 0.2392656934179629}
Validation statistic: Loss: 70416762.3435, dev_score: {'mae': 2393.8116139523427, 'mse': 70416762.3434836, 'r2': -0.010516888582177586}
-----------------------
Epoch 10/100
Training statistic: Loss: 1611958.3082, train_score: {'mae': 727.2341079416345, 'mse': 1611958.3081853515, 'r2': 0.3578959076288494}
Validation statistic: Loss: 159087353.8693, dev_score: {'mae': 2676.179326334614, 'mse': 159087353.8693241, 'r2': -1.2829856485112607}
-----------------------
Epoch 11/100
Training statistic: Loss: 1648701.6172, train_score: {'mae': 720.0090118492241, 'mse': 1648701.6171915247, 'r2': 0.3432596549662845}
Validation statistic: Loss: 71393959.4050, dev_score: {'mae': 2460.3959914712163, 'mse': 71393959.40501916, 'r2': -0.024540170841844677}
-----------------------
Epoch 12/100
Training statistic: Loss: 1713575.0906, train_score: {'mae': 721.159320751597, 'mse': 1713575.0905967944, 'r2': 0.3174180916030558}
Validation statistic: Loss: 74387739.7502, dev_score: {'mae': 2465.447244024015, 'mse': 74387739.75018461, 'r2': -0.0675024641767501}
-----------------------
Epoch 13/100
Training statistic: Loss: 1713552.9445, train_score: {'mae': 718.9778333761425, 'mse': 1713552.944541829, 'r2': 0.3174269132161527}
Validation statistic: Loss: 72041576.4066, dev_score: {'mae': 2447.087481451687, 'mse': 72041576.40659243, 'r2': -0.03383380911266598}
-----------------------
Epoch 14/100
Training statistic: Loss: 1861349.2728, train_score: {'mae': 739.7527253046761, 'mse': 1861349.2727600012, 'r2': 0.2585540337474822}
Validation statistic: Loss: 71722559.8500, dev_score: {'mae': 2431.647492808499, 'mse': 71722559.8499559, 'r2': -0.02925575684939874}
-----------------------
Epoch 15/100
Training statistic: Loss: 1594667.5748, train_score: {'mae': 700.6503556971189, 'mse': 1594667.5748462088, 'r2': 0.36478346209026746}
Validation statistic: Loss: 131743446.7427, dev_score: {'mae': 2608.113854971359, 'mse': 131743446.74266149, 'r2': -0.8905864663885092}
-----------------------
Epoch 16/100
Training statistic: Loss: 1724283.7232, train_score: {'mae': 714.9370057114024, 'mse': 1724283.7232343876, 'r2': 0.3131524373331023}
Validation statistic: Loss: 70198360.9685, dev_score: {'mae': 2422.3674107069605, 'mse': 70198360.96853958, 'r2': -0.007382716113498056}
-----------------------
Epoch 17/100
Training statistic: Loss: 1567286.6094, train_score: {'mae': 690.8822476705705, 'mse': 1567286.6094381069, 'r2': 0.37569033843585187}
Validation statistic: Loss: 70857456.5007, dev_score: {'mae': 2456.489844778811, 'mse': 70857456.50074036, 'r2': -0.016841077224012624}
-----------------------
Epoch 18/100
Training statistic: Loss: 1623254.4569, train_score: {'mae': 695.1795231057099, 'mse': 1623254.4568524284, 'r2': 0.35339622345567234}
Validation statistic: Loss: 72305084.1898, dev_score: {'mae': 2458.298666886656, 'mse': 72305084.18983929, 'r2': -0.037615281824304514}
-----------------------
Epoch 19/100
Training statistic: Loss: 1697631.0921, train_score: {'mae': 701.7541206232761, 'mse': 1697631.0920846658, 'r2': 0.3237691905374459}
Validation statistic: Loss: 71148794.8891, dev_score: {'mae': 2444.975403011359, 'mse': 71148794.88910313, 'r2': -0.021021933485151578}
-----------------------
Epoch 20/100
Training statistic: Loss: 1635267.2241, train_score: {'mae': 696.1467109090745, 'mse': 1635267.2240561382, 'r2': 0.3486110829572885}
Validation statistic: Loss: 88318764.5910, dev_score: {'mae': 2524.692005797556, 'mse': 88318764.59100443, 'r2': -0.26741986180201915}
-----------------------
Epoch 21/100
Training statistic: Loss: 1632594.4498, train_score: {'mae': 692.0279367996393, 'mse': 1632594.449811199, 'r2': 0.3496757502454838}
Validation statistic: Loss: 70820198.8045, dev_score: {'mae': 2433.5589781329354, 'mse': 70820198.80447343, 'r2': -0.01630641005025435}
-----------------------
Epoch 22/100
Training statistic: Loss: 1618918.4338, train_score: {'mae': 688.9558428903931, 'mse': 1618918.4338231026, 'r2': 0.35512342577697786}
Validation statistic: Loss: 69940457.0632, dev_score: {'mae': 2421.4477005112344, 'mse': 69940457.0632446, 'r2': -0.0036816619431767617}
Saving model...
Model saved!
-------------------------------------------
-----------------------
Epoch 23/100
Training statistic: Loss: 1586660.4886, train_score: {'mae': 684.250034653168, 'mse': 1586660.4886316895, 'r2': 0.3679729880229198}
Validation statistic: Loss: 86017958.3030, dev_score: {'mae': 2521.941156514847, 'mse': 86017958.30296643, 'r2': -0.23440210389833394}
-----------------------
Epoch 24/100
Training statistic: Loss: 1530853.8405, train_score: {'mae': 675.0046355630949, 'mse': 1530853.8405481696, 'r2': 0.3902028911996862}
Validation statistic: Loss: 69770082.7848, dev_score: {'mae': 2439.519928662155, 'mse': 69770082.784756, 'r2': -0.0012367031000970474}
Saving model...
Model saved!
-------------------------------------------
-----------------------
Epoch 25/100
Training statistic: Loss: 1578242.0638, train_score: {'mae': 682.8499518673377, 'mse': 1578242.063826135, 'r2': 0.3713263657073901}
Validation statistic: Loss: 75087420.7977, dev_score: {'mae': 2483.824652350657, 'mse': 75087420.79769714, 'r2': -0.0775432483821279}
-----------------------
Epoch 26/100
Training statistic: Loss: 1547472.0984, train_score: {'mae': 677.3278001389019, 'mse': 1547472.0984254093, 'r2': 0.3835832092036505}
Validation statistic: Loss: 70111991.2944, dev_score: {'mae': 2445.5099324082794, 'mse': 70111991.29443598, 'r2': -0.006143266706305717}
-----------------------
Epoch 27/100
Training statistic: Loss: 1556997.0589, train_score: {'mae': 677.3239854569734, 'mse': 1556997.0589074935, 'r2': 0.37978905641808325}
Validation statistic: Loss: 70762096.8094, dev_score: {'mae': 2450.266655668853, 'mse': 70762096.80943571, 'r2': -0.015472616429361263}
-----------------------
Epoch 28/100
Training statistic: Loss: 1496434.5200, train_score: {'mae': 671.4832407389713, 'mse': 1496434.5199669187, 'r2': 0.40391341118623325}
Validation statistic: Loss: 70427648.8938, dev_score: {'mae': 2453.0800179873763, 'mse': 70427648.89384419, 'r2': -0.010673116199461541}
-----------------------
Epoch 29/100
Training statistic: Loss: 1405708.6847, train_score: {'mae': 658.9645612939388, 'mse': 1405708.6847014364, 'r2': 0.4400529501631052}
Validation statistic: Loss: 79043546.4528, dev_score: {'mae': 2527.5203667184924, 'mse': 79043546.45276076, 'r2': -0.13431569367426732}
-----------------------
Epoch 30/100
Training statistic: Loss: 1498677.7551, train_score: {'mae': 670.2165419400553, 'mse': 1498677.7551415935, 'r2': 0.40301984559058757}
Validation statistic: Loss: 73629815.5123, dev_score: {'mae': 2488.059673600216, 'mse': 73629815.51226251, 'r2': -0.05662586012400861}
-----------------------
Epoch 31/100
Training statistic: Loss: 1373647.9648, train_score: {'mae': 656.6382792224204, 'mse': 1373647.9647899026, 'r2': 0.45282395010462106}
Validation statistic: Loss: 89952537.5813, dev_score: {'mae': 2577.3161349612537, 'mse': 89952537.58131322, 'r2': -0.29086534756240234}
-----------------------
Epoch 32/100
Training statistic: Loss: 1433478.8317, train_score: {'mae': 661.5190150057234, 'mse': 1433478.831688812, 'r2': 0.4289910480433068}
Validation statistic: Loss: 70809840.3228, dev_score: {'mae': 2473.9901767953525, 'mse': 70809840.32283619, 'r2': -0.016157760491738005}
-----------------------
Epoch 33/100
Training statistic: Loss: 1417336.0463, train_score: {'mae': 657.7470731985466, 'mse': 1417336.0463485047, 'r2': 0.435421331305998}
Validation statistic: Loss: 71907520.4112, dev_score: {'mae': 2490.348205480216, 'mse': 71907520.41123624, 'r2': -0.03191003637994183}
-----------------------
Epoch 34/100
Training statistic: Loss: 1499052.0586, train_score: {'mae': 671.3718285434456, 'mse': 1499052.05860394, 'r2': 0.40287074633427244}
Validation statistic: Loss: 69823993.6020, dev_score: {'mae': 2447.4780960218673, 'mse': 69823993.60198471, 'r2': -0.002010351155955492}
-----------------------
Epoch 35/100
Training statistic: Loss: 1400349.4239, train_score: {'mae': 658.8558425864113, 'mse': 1400349.4238700385, 'r2': 0.4421877468848634}
Validation statistic: Loss: 69459660.4893, dev_score: {'mae': 2449.485374682639, 'mse': 69459660.4893357, 'r2': 0.003218017078381763}
Saving model...
Model saved!
-------------------------------------------
-----------------------
Epoch 36/100
Training statistic: Loss: 1451432.9541, train_score: {'mae': 667.2574558222128, 'mse': 1451432.9540893042, 'r2': 0.4218392405742497}
Validation statistic: Loss: 69639728.0689, dev_score: {'mae': 2452.671066640624, 'mse': 69639728.06890562, 'r2': 0.0006339543611277865}
-----------------------
Epoch 37/100
Training statistic: Loss: 1343032.7801, train_score: {'mae': 649.4994516259322, 'mse': 1343032.7800731887, 'r2': 0.46501913858777155}
Validation statistic: Loss: 69893555.4669, dev_score: {'mae': 2467.9342299728573, 'mse': 69893555.466921, 'r2': -0.0030085998254485435}
-----------------------
Epoch 38/100
Training statistic: Loss: 1355656.8532, train_score: {'mae': 650.1561395439605, 'mse': 1355656.8531542493, 'r2': 0.4599904917880495}
Validation statistic: Loss: 70012060.7551, dev_score: {'mae': 2465.3670886257696, 'mse': 70012060.75505602, 'r2': -0.0047092118823137685}
-----------------------
Epoch 39/100
Training statistic: Loss: 1351801.0753, train_score: {'mae': 651.679493686473, 'mse': 1351801.0752774116, 'r2': 0.461526394262338}
Validation statistic: Loss: 72192805.9629, dev_score: {'mae': 2496.347910709284, 'mse': 72192805.96294166, 'r2': -0.036004031310588935}
-----------------------
Epoch 40/100
Training statistic: Loss: 1299906.9937, train_score: {'mae': 646.0662556523644, 'mse': 1299906.9936942987, 'r2': 0.4821977739035834}
Validation statistic: Loss: 74134076.4587, dev_score: {'mae': 2523.9251066494635, 'mse': 74134076.45868568, 'r2': -0.0638622650033962}
-----------------------
Epoch 41/100
Training statistic: Loss: 1383009.5622, train_score: {'mae': 654.5795072610501, 'mse': 1383009.5621552267, 'r2': 0.4490948710404282}
Validation statistic: Loss: 70345149.7357, dev_score: {'mae': 2465.9464953345564, 'mse': 70345149.7356563, 'r2': -0.009489210693610417}
-----------------------
Epoch 42/100
Training statistic: Loss: 1284084.0149, train_score: {'mae': 643.1193249034835, 'mse': 1284084.0148907972, 'r2': 0.48850066610100484}
Validation statistic: Loss: 72543207.0747, dev_score: {'mae': 2499.596678755206, 'mse': 72543207.07471354, 'r2': -0.04103246814067596}
-----------------------
Epoch 43/100
Training statistic: Loss: 1300782.9848, train_score: {'mae': 644.1168027951603, 'mse': 1300782.9847657545, 'r2': 0.4818488334570432}
Validation statistic: Loss: 71046942.9555, dev_score: {'mae': 2486.564546744389, 'mse': 71046942.95545475, 'r2': -0.01956030566158873}
-----------------------
Epoch 44/100
Training statistic: Loss: 1322093.9142, train_score: {'mae': 643.6290349078271, 'mse': 1322093.9142408972, 'r2': 0.47335988249675043}
Validation statistic: Loss: 69957429.2990, dev_score: {'mae': 2461.9641309961053, 'mse': 69957429.2989693, 'r2': -0.003925222286850882}
-----------------------
Epoch 45/100
Training statistic: Loss: 1331398.4559, train_score: {'mae': 645.9080701353889, 'mse': 1331398.4559229084, 'r2': 0.46965353087380846}
Validation statistic: Loss: 70307768.8633, dev_score: {'mae': 2470.7002405244816, 'mse': 70307768.86334075, 'r2': -0.008952775879971009}
-----------------------
Epoch 46/100
Training statistic: Loss: 1424038.1751, train_score: {'mae': 663.245157468434, 'mse': 1424038.1751316672, 'r2': 0.43275161938019036}
Validation statistic: Loss: 70813435.9666, dev_score: {'mae': 2468.436391565048, 'mse': 70813435.96659458, 'r2': -0.016209359835733128}
-----------------------
Epoch 47/100
Training statistic: Loss: 1266167.0313, train_score: {'mae': 639.8909625663642, 'mse': 1266167.0312925798, 'r2': 0.4956376797774401}
Validation statistic: Loss: 79398563.5545, dev_score: {'mae': 2541.81977683067, 'mse': 79398563.55446734, 'r2': -0.1394103723426794}
-----------------------
Epoch 48/100
Training statistic: Loss: 1298001.2807, train_score: {'mae': 640.9883735252497, 'mse': 1298001.2806705881, 'r2': 0.4829568916333633}
Validation statistic: Loss: 82273793.0846, dev_score: {'mae': 2541.42592617884, 'mse': 82273793.0845881, 'r2': -0.180671400286065}
-----------------------
Epoch 49/100
Training statistic: Loss: 1358404.7840, train_score: {'mae': 647.8057286629553, 'mse': 1358404.784037635, 'r2': 0.45889588676209114}
Validation statistic: Loss: 71183490.7193, dev_score: {'mae': 2473.5016019299724, 'mse': 71183490.71930513, 'r2': -0.021519836558449246}
-----------------------
Epoch 50/100
Training statistic: Loss: 1265614.3745, train_score: {'mae': 637.6855107696535, 'mse': 1265614.374450672, 'r2': 0.4958578239449809}
Validation statistic: Loss: 70220524.8411, dev_score: {'mae': 2465.5925490757522, 'mse': 70220524.84108607, 'r2': -0.007700779125474622}
-----------------------
Epoch 51/100
Training statistic: Loss: 1327742.7861, train_score: {'mae': 644.8444059622719, 'mse': 1327742.786077056, 'r2': 0.47110972273464025}
Validation statistic: Loss: 70951214.5837, dev_score: {'mae': 2474.5380182146596, 'mse': 70951214.58369005, 'r2': -0.018186554112023856}
-----------------------
Epoch 52/100
Training statistic: Loss: 1273811.0429, train_score: {'mae': 637.6546756578601, 'mse': 1273811.042935461, 'r2': 0.492592780208324}
Validation statistic: Loss: 72347673.3469, dev_score: {'mae': 2501.462469815667, 'mse': 72347673.34689973, 'r2': -0.03822645821253623}
-----------------------
Epoch 53/100
Training statistic: Loss: 1467133.4370, train_score: {'mae': 666.2853210993353, 'mse': 1467133.4369538305, 'r2': 0.415585143152298}
Validation statistic: Loss: 70383418.7410, dev_score: {'mae': 2449.606252022321, 'mse': 70383418.74095497, 'r2': -0.010038390674009134}
-----------------------
Epoch 54/100
Training statistic: Loss: 1256635.6342, train_score: {'mae': 634.2644015152091, 'mse': 1256635.634179452, 'r2': 0.4994343965171203}
Validation statistic: Loss: 70229262.6658, dev_score: {'mae': 2468.4342104104767, 'mse': 70229262.66583118, 'r2': -0.007826171421009942}
-----------------------
Epoch 55/100
Training statistic: Loss: 1252112.6779, train_score: {'mae': 633.4126799339277, 'mse': 1252112.677884771, 'r2': 0.5012360614433677}
Validation statistic: Loss: 69871852.9884, dev_score: {'mae': 2474.6569465812745, 'mse': 69871852.988437, 'r2': -0.0026971580564389974}
-----------------------
Epoch 56/100
Training statistic: Loss: 1313185.0109, train_score: {'mae': 640.765377159026, 'mse': 1313185.0108711433, 'r2': 0.4769086363840006}
Validation statistic: Loss: 69785016.1604, dev_score: {'mae': 2461.9263510323985, 'mse': 69785016.16040246, 'r2': -0.0014510047491944622}
-----------------------
Epoch 57/100
Training statistic: Loss: 1318516.5749, train_score: {'mae': 641.6348059656854, 'mse': 1318516.574941536, 'r2': 0.4747848723319439}
Validation statistic: Loss: 69898003.0766, dev_score: {'mae': 2449.7621060724923, 'mse': 69898003.07660614, 'r2': -0.003072425320275185}
-----------------------
Epoch 58/100
Training statistic: Loss: 1254387.3306, train_score: {'mae': 635.7916847815669, 'mse': 1254387.3305627839, 'r2': 0.5003299810653216}
Validation statistic: Loss: 69716760.1849, dev_score: {'mae': 2472.27266237639, 'mse': 69716760.1848704, 'r2': -0.0004714962667486944}
-----------------------
Epoch 59/100
Training statistic: Loss: 1239747.2120, train_score: {'mae': 634.3072888404404, 'mse': 1239747.2120022324, 'r2': 0.5061616951939032}
Validation statistic: Loss: 69780509.1368, dev_score: {'mae': 2469.1187954342286, 'mse': 69780509.13681507, 'r2': -0.0013863266342011293}
-----------------------
Epoch 60/100
Training statistic: Loss: 1302571.8001, train_score: {'mae': 643.5675043554602, 'mse': 1302571.800072926, 'r2': 0.48113628051854684}
Validation statistic: Loss: 70143508.5005, dev_score: {'mae': 2469.4260168114506, 'mse': 70143508.5005496, 'r2': -0.006595554883137789}
-----------------------
Epoch 61/100
Training statistic: Loss: 1369766.5270, train_score: {'mae': 656.5071315205905, 'mse': 1369766.5269732191, 'r2': 0.4543700739055413}
Validation statistic: Loss: 73377930.6475, dev_score: {'mae': 2497.7804609155687, 'mse': 73377930.64754513, 'r2': -0.05301118229298929}
-----------------------
Epoch 62/100
Training statistic: Loss: 1293819.9017, train_score: {'mae': 639.580557556692, 'mse': 1293819.9017069184, 'r2': 0.4846224933618283}
Validation statistic: Loss: 70829035.9963, dev_score: {'mae': 2483.5914174800755, 'mse': 70829035.99634822, 'r2': -0.0164332283153934}
-----------------------
Epoch 63/100
Training statistic: Loss: 1305632.8836, train_score: {'mae': 640.9146540601213, 'mse': 1305632.8835547254, 'r2': 0.4799169349431853}
Validation statistic: Loss: 69849157.9355, dev_score: {'mae': 2457.591408787785, 'mse': 69849157.93546663, 'r2': -0.002371472331185842}
-----------------------
Epoch 64/100
Training statistic: Loss: 1238276.6324, train_score: {'mae': 630.8109880853144, 'mse': 1238276.6323951161, 'r2': 0.5067474827909471}
Validation statistic: Loss: 69803509.6350, dev_score: {'mae': 2460.4519103290822, 'mse': 69803509.63497812, 'r2': -0.0017163956556394133}
-----------------------
Epoch 65/100
Training statistic: Loss: 1255720.2828, train_score: {'mae': 633.0033769227833, 'mse': 1255720.282771453, 'r2': 0.49979901567758456}
Validation statistic: Loss: 69843478.3183, dev_score: {'mae': 2461.203841415855, 'mse': 69843478.31834549, 'r2': -0.0022899668936935402}
-----------------------
Epoch 66/100
Training statistic: Loss: 1423128.2533, train_score: {'mae': 658.0575077928719, 'mse': 1423128.2533428415, 'r2': 0.43311407571753846}
Validation statistic: Loss: 69885871.7957, dev_score: {'mae': 2441.1494609678894, 'mse': 69885871.79565237, 'r2': -0.002898335176452216}
Early stopping (loss) triggered!
Early stopping by loss
Testing statistic: loss: 90017597.27727996, scores: {'mae': 2457.601919329031, 'mse': 90017597.27727996, 'r2': -0.0004752895175719196}
Finish training!
