=====Setting up data=====
Dataset name:news
train_option:mix
augment_option:compare_pca_gmm
mix_ratio:-1
n_sample:-1
Dataset name:news
Training dataset size: 128640 samples
Validation dataset size: 3200 samples

=====Setting up parameters for training=====
num_epochs: 100
learning_rate: 0.001
patience: 30
early_stop_criterion: loss
=====Setting up metrics for evaluating and plotting=====
metrics for evaluating: ['mae', 'mse', 'r2']
metric for plotting: mse
=====Setting up trainer=====
input_size: 58
model: DNN_News_log_no_norm
----------------------------------------------------------------
        Layer (type)               Output Shape         Param #
================================================================
            Linear-1                  [-1, 512]          30,208
              ReLU-2                  [-1, 512]               0
          Identity-3                  [-1, 512]               0
           Dropout-4                  [-1, 512]               0
            Linear-5                  [-1, 512]         262,656
              ReLU-6                  [-1, 512]               0
          Identity-7                  [-1, 512]               0
           Dropout-8                  [-1, 512]               0
            Linear-9                  [-1, 256]         131,328
             ReLU-10                  [-1, 256]               0
         Identity-11                  [-1, 256]               0
          Dropout-12                  [-1, 256]               0
           Linear-13                  [-1, 128]          32,896
             ReLU-14                  [-1, 128]               0
         Identity-15                  [-1, 128]               0
          Dropout-16                  [-1, 128]               0
           Linear-17                    [-1, 1]             129
================================================================
Total params: 457,217
Trainable params: 457,217
Non-trainable params: 0
----------------------------------------------------------------
Input size (MB): 0.00
Forward/backward pass size (MB): 0.04
Params size (MB): 1.74
Estimated Total Size (MB): 1.79
----------------------------------------------------------------
=====Setting up output files=====
weight_dir, weight_file: /home/thuy/Research/minh_data_synth/TabularDA/.cache/news_log_runtime_20261008/output/news_log_v1/news/weight/, news_seed43_ctgan_full_pca_gmm_mix.weights.pth
acc_dir, acc_file: /home/thuy/Research/minh_data_synth/TabularDA/.cache/news_log_runtime_20261008/output/news_log_v1/news/acc/, news_seed43_ctgan_full_pca_gmm_mix.epochs.csv
report_file: news_seed43_ctgan_full_pca_gmm_mix.report.txt
==========================================================================================
Start training...
-----------------------
Epoch 1/100
Training statistic: Loss: 10134866196179876255590335880704498926731136446777055029562895416098163827084471051255158445043480247665570852423943535113006296363130484357678474182225523011223552.0000, train_score: {'mae': 8.879423990525601e+78, 'mse': 1.0134866196179876e+163, 'r2': -2.7705590048500387e+155}
Validation statistic: Loss: 2497689499858253312.0000, dev_score: {'mae': 28541505.199979655, 'mse': 2.4976894998582523e+18, 'r2': -35843133622.91766}
Saving model...
Model saved!
-------------------------------------------
-----------------------
Epoch 2/100
Training statistic: Loss: 79814632006911926533114970442578814352642597875154203871479019053512529201338942100611899431321600.0000, train_score: {'mae': 2.4918221505182746e+46, 'mse': 7.981463200691193e+97, 'r2': -2.181885218266549e+90}
Validation statistic: Loss: 309838181.3042, dev_score: {'mae': 2862.7766557798495, 'mse': 309838181.3041955, 'r2': -3.4463378393944355}
Saving model...
Model saved!
-------------------------------------------
-----------------------
Epoch 3/100
Training statistic: Loss: 27357041473723293456710762496.0000, train_score: {'mae': 461328568645.16595, 'mse': 2.7357041473723293e+28, 'r2': -7.478569142792344e+20}
Validation statistic: Loss: 74149955.6907, dev_score: {'mae': 2449.5179402640233, 'mse': 74149955.69070046, 'r2': -0.06409014017962722}
Saving model...
Model saved!
-------------------------------------------
-----------------------
Epoch 4/100
Training statistic: Loss: 36880591.8848, train_score: {'mae': 1246.3058823731062, 'mse': 36880591.884799756, 'r2': -0.008201331648026944}
Validation statistic: Loss: 72468586.4272, dev_score: {'mae': 2394.4897350359006, 'mse': 72468586.42720331, 'r2': -0.03996162332991626}
Saving model...
Model saved!
-------------------------------------------
-----------------------
Epoch 5/100
Training statistic: Loss: 36673355.3344, train_score: {'mae': 1225.5585061054403, 'mse': 36673355.334433876, 'r2': -0.0025361252246143273}
Validation statistic: Loss: 72315962.0804, dev_score: {'mae': 2390.362798558347, 'mse': 72315962.0804419, 'r2': -0.03777138516959133}
Saving model...
Model saved!
-------------------------------------------
-----------------------
Epoch 6/100
Training statistic: Loss: 36651754.9272, train_score: {'mae': 1219.7451565813524, 'mse': 36651754.92720667, 'r2': -0.0019456368886725528}
Validation statistic: Loss: 72350222.0853, dev_score: {'mae': 2380.149324451367, 'mse': 72350222.08525705, 'r2': -0.03826303392361585}
-----------------------
Epoch 7/100
Training statistic: Loss: 36755821.2840, train_score: {'mae': 1212.2725862749405, 'mse': 36755821.284022175, 'r2': -0.004790489266553788}
Validation statistic: Loss: 72801957.1766, dev_score: {'mae': 2388.5063071071518, 'mse': 72801957.17656691, 'r2': -0.04474566566841465}
-----------------------
Epoch 8/100
Training statistic: Loss: 36583866.1893, train_score: {'mae': 1195.7763471258004, 'mse': 36583866.18926809, 'r2': -8.976873429511478e-05}
Validation statistic: Loss: 72525508.4971, dev_score: {'mae': 2387.841842498659, 'mse': 72525508.49713443, 'r2': -0.04077848441645515}
-----------------------
Epoch 9/100
Training statistic: Loss: 36194321.3999, train_score: {'mae': 1180.9589505172094, 'mse': 36194321.39992764, 'r2': 0.010559181168037002}
Validation statistic: Loss: 71860706.4467, dev_score: {'mae': 2397.9598708742087, 'mse': 71860706.44672428, 'r2': -0.03123823182394614}
Saving model...
Model saved!
-------------------------------------------
-----------------------
Epoch 10/100
Training statistic: Loss: 36655606.5233, train_score: {'mae': 1174.8087163975915, 'mse': 36655606.523281, 'r2': -0.002050927614570597}
Validation statistic: Loss: 72370877.7299, dev_score: {'mae': 2388.818219397833, 'mse': 72370877.7299127, 'r2': -0.03855945308681541}
-----------------------
Epoch 11/100
Training statistic: Loss: 36089943.3441, train_score: {'mae': 1155.1780524888227, 'mse': 36089943.34411218, 'r2': 0.01341255443267142}
Validation statistic: Loss: 71752877.8400, dev_score: {'mae': 2402.6587202761157, 'mse': 71752877.84003094, 'r2': -0.029690835657044667}
Saving model...
Model saved!
-------------------------------------------
-----------------------
Epoch 12/100
Training statistic: Loss: 37730378.7521, train_score: {'mae': 1153.3031881468596, 'mse': 37730378.752115354, 'r2': -0.03143187669786651}
Validation statistic: Loss: 71993929.6827, dev_score: {'mae': 2399.5375843570546, 'mse': 71993929.6826929, 'r2': -0.03315005402959059}
-----------------------
Epoch 13/100
Training statistic: Loss: 36600082.9086, train_score: {'mae': 1147.8872615658508, 'mse': 36600082.90861096, 'r2': -0.0005330836921331183}
Validation statistic: Loss: 72289195.4594, dev_score: {'mae': 2390.789568165324, 'mse': 72289195.45936197, 'r2': -0.0373872703402327}
-----------------------
Epoch 14/100
Training statistic: Loss: 36669654.2089, train_score: {'mae': 1135.8336620127109, 'mse': 36669654.20886712, 'r2': -0.0024349478970742133}
Validation statistic: Loss: 72177202.2236, dev_score: {'mae': 2392.2828896014835, 'mse': 72177202.22363943, 'r2': -0.035780109596991405}
-----------------------
Epoch 15/100
Training statistic: Loss: 36116483.6354, train_score: {'mae': 1122.3807349325268, 'mse': 36116483.63540708, 'r2': 0.012687024942541925}
Validation statistic: Loss: 72189714.5643, dev_score: {'mae': 2387.598830394276, 'mse': 72189714.5643121, 'r2': -0.035959668144482704}
-----------------------
Epoch 16/100
Training statistic: Loss: 36113538.8993, train_score: {'mae': 1122.5782149099425, 'mse': 36113538.89929196, 'r2': 0.01276752492155242}
Validation statistic: Loss: 72129782.8236, dev_score: {'mae': 2391.303870958637, 'mse': 72129782.82360947, 'r2': -0.03509961672878825}
-----------------------
Epoch 17/100
Training statistic: Loss: 35916304.7316, train_score: {'mae': 1102.3602280964403, 'mse': 35916304.731570266, 'r2': 0.01815929713509601}
Validation statistic: Loss: 71871234.6974, dev_score: {'mae': 2395.9405877325494, 'mse': 71871234.69738586, 'r2': -0.03138931765559594}
-----------------------
Epoch 18/100
Training statistic: Loss: 35962138.2761, train_score: {'mae': 1097.8063138626649, 'mse': 35962138.27606189, 'r2': 0.016906349765516082}
Validation statistic: Loss: 72052323.1116, dev_score: {'mae': 2393.065948076066, 'mse': 72052323.11163287, 'r2': -0.033988029877418224}
-----------------------
Epoch 19/100
Training statistic: Loss: 35905501.7583, train_score: {'mae': 1088.5802501173698, 'mse': 35905501.75832638, 'r2': 0.018454617016193997}
Validation statistic: Loss: 72025537.2032, dev_score: {'mae': 2395.0623240489244, 'mse': 72025537.20317866, 'r2': -0.03360363826428259}
-----------------------
Epoch 20/100
Training statistic: Loss: 35934532.3273, train_score: {'mae': 1086.6603199916374, 'mse': 35934532.32725697, 'r2': 0.01766101103650297}
Validation statistic: Loss: 72057570.3107, dev_score: {'mae': 2395.5999246693787, 'mse': 72057570.31066707, 'r2': -0.034063329892149774}
-----------------------
Epoch 21/100
Training statistic: Loss: 35803873.3625, train_score: {'mae': 1071.5562563540516, 'mse': 35803873.362533875, 'r2': 0.021232823078919605}
Validation statistic: Loss: 71910571.9264, dev_score: {'mae': 2399.464435277654, 'mse': 71910571.9264202, 'r2': -0.03195382719801598}
-----------------------
Epoch 22/100
Training statistic: Loss: 35761252.5227, train_score: {'mae': 1062.4377500666233, 'mse': 35761252.52271109, 'r2': 0.022397945037903044}
Validation statistic: Loss: 71872485.1462, dev_score: {'mae': 2397.359530374183, 'mse': 71872485.14620616, 'r2': -0.031407262241645695}
-----------------------
Epoch 23/100
Training statistic: Loss: 35723926.1034, train_score: {'mae': 1062.7866198959207, 'mse': 35723926.10335122, 'r2': 0.023418333914031142}
Validation statistic: Loss: 71813003.1872, dev_score: {'mae': 2399.8479209937354, 'mse': 71813003.18719266, 'r2': -0.030553665425366416}
-----------------------
Epoch 24/100
Training statistic: Loss: 35786554.0271, train_score: {'mae': 1060.572692570476, 'mse': 35786554.02709918, 'r2': 0.021706280150949886}
Validation statistic: Loss: 71960741.2809, dev_score: {'mae': 2396.35089654425, 'mse': 71960741.28094932, 'r2': -0.03267378333280191}
-----------------------
Epoch 25/100
Training statistic: Loss: 35719720.1989, train_score: {'mae': 1058.9950085725097, 'mse': 35719720.1989042, 'r2': 0.02353331033516648}
Validation statistic: Loss: 71900573.5466, dev_score: {'mae': 2405.279410908835, 'mse': 71900573.54656258, 'r2': -0.03181034528592108}
-----------------------
Epoch 26/100
Training statistic: Loss: 35665245.9580, train_score: {'mae': 1050.2242823045544, 'mse': 35665245.95799397, 'r2': 0.025022467624121192}
Validation statistic: Loss: 71843194.1138, dev_score: {'mae': 2406.620918160589, 'mse': 71843194.11381261, 'r2': -0.030986920806842067}
-----------------------
Epoch 27/100
Training statistic: Loss: 35828760.9734, train_score: {'mae': 1063.3437790482603, 'mse': 35828760.973374955, 'r2': 0.020552472761606433}
Validation statistic: Loss: 72113381.2615, dev_score: {'mae': 2393.011096418829, 'mse': 72113381.26149118, 'r2': -0.03486424584594605}
-----------------------
Epoch 28/100
Training statistic: Loss: 35764432.6774, train_score: {'mae': 1057.9741266110152, 'mse': 35764432.67744558, 'r2': 0.02231100944185349}
Validation statistic: Loss: 72026507.6696, dev_score: {'mae': 2401.270822486877, 'mse': 72026507.66961429, 'r2': -0.033617564958586144}
-----------------------
Epoch 29/100
Training statistic: Loss: 35544007.4464, train_score: {'mae': 1036.0675733970015, 'mse': 35544007.44641924, 'r2': 0.028336753609510934}
Validation statistic: Loss: 71753088.4268, dev_score: {'mae': 2402.940801457968, 'mse': 71753088.42680894, 'r2': -0.029693857686013292}
-----------------------
Epoch 30/100
Training statistic: Loss: 35586270.2136, train_score: {'mae': 1042.3416948572078, 'mse': 35586270.213576995, 'r2': 0.02718142024987613}
Validation statistic: Loss: 71744784.0650, dev_score: {'mae': 2407.5966572902034, 'mse': 71744784.06498277, 'r2': -0.02957468580711753}
Saving model...
Model saved!
-------------------------------------------
-----------------------
Epoch 31/100
Training statistic: Loss: 35523249.6739, train_score: {'mae': 1030.663525318568, 'mse': 35523249.67385126, 'r2': 0.028904206919654563}
Validation statistic: Loss: 71720934.1039, dev_score: {'mae': 2406.723338413325, 'mse': 71720934.1039454, 'r2': -0.02923242655494218}
Saving model...
Model saved!
-------------------------------------------
-----------------------
Epoch 32/100
Training statistic: Loss: 35681604.5951, train_score: {'mae': 1045.79170516423, 'mse': 35681604.59506277, 'r2': 0.02457527307452656}
Validation statistic: Loss: 71940165.0947, dev_score: {'mae': 2400.7588713602427, 'mse': 71940165.09466793, 'r2': -0.032378504438288935}
-----------------------
Epoch 33/100
Training statistic: Loss: 35650933.0719, train_score: {'mae': 1044.8157575757377, 'mse': 35650933.071920276, 'r2': 0.025413737667842384}
Validation statistic: Loss: 71864018.8335, dev_score: {'mae': 2396.3715305719684, 'mse': 71864018.83350846, 'r2': -0.03128576628414459}
-----------------------
Epoch 34/100
Training statistic: Loss: 35550947.4523, train_score: {'mae': 1032.6699730376702, 'mse': 35550947.45227607, 'r2': 0.028147035310836177}
Validation statistic: Loss: 71710947.0266, dev_score: {'mae': 2403.956632969729, 'mse': 71710947.02660698, 'r2': -0.02908910683983179}
Saving model...
Model saved!
-------------------------------------------
-----------------------
Epoch 35/100
Training statistic: Loss: 35604573.3820, train_score: {'mae': 1033.4507895642694, 'mse': 35604573.381981574, 'r2': 0.026681068226879545}
Validation statistic: Loss: 71928885.9011, dev_score: {'mae': 2402.1822182027954, 'mse': 71928885.9010969, 'r2': -0.032216642188253486}
-----------------------
Epoch 36/100
Training statistic: Loss: 35493419.4889, train_score: {'mae': 1022.1122116542084, 'mse': 35493419.488892145, 'r2': 0.029719671928812308}
Validation statistic: Loss: 71702155.5011, dev_score: {'mae': 2403.8870643412497, 'mse': 71702155.50107323, 'r2': -0.028962943910259442}
Saving model...
Model saved!
-------------------------------------------
-----------------------
Epoch 37/100
Training statistic: Loss: 35594345.2924, train_score: {'mae': 1033.2664710990643, 'mse': 35594345.292394325, 'r2': 0.02696067256658996}
Validation statistic: Loss: 71832017.7818, dev_score: {'mae': 2394.952815543577, 'mse': 71832017.78179818, 'r2': -0.030826534673240813}
-----------------------
Epoch 38/100
Training statistic: Loss: 35462365.9697, train_score: {'mae': 1014.0100165234813, 'mse': 35462365.96966144, 'r2': 0.03056857911388544}
Validation statistic: Loss: 71815173.1896, dev_score: {'mae': 2398.34260042538, 'mse': 71815173.18962671, 'r2': -0.03058480608044456}
-----------------------
Epoch 39/100
Training statistic: Loss: 35680137.4706, train_score: {'mae': 1043.6574115049964, 'mse': 35680137.470558986, 'r2': 0.024615379721486752}
Validation statistic: Loss: 71997447.8054, dev_score: {'mae': 2392.8970097657057, 'mse': 71997447.80544713, 'r2': -0.033200540907159626}
-----------------------
Epoch 40/100
Training statistic: Loss: 35494909.0123, train_score: {'mae': 1019.6744566063935, 'mse': 35494909.01232899, 'r2': 0.02967895296428924}
Validation statistic: Loss: 71762168.9747, dev_score: {'mae': 2394.744593580256, 'mse': 71762168.97467206, 'r2': -0.02982416823520495}
-----------------------
Epoch 41/100
Training statistic: Loss: 35446166.2466, train_score: {'mae': 1015.1283560044135, 'mse': 35446166.24657906, 'r2': 0.031011429446521244}
Validation statistic: Loss: 71764064.6144, dev_score: {'mae': 2396.6873558901134, 'mse': 71764064.61444159, 'r2': -0.029851371644421976}
-----------------------
Epoch 42/100
Training statistic: Loss: 35431324.0575, train_score: {'mae': 1009.8733515352997, 'mse': 35431324.05752583, 'r2': 0.031417168996872635}
Validation statistic: Loss: 71773412.6871, dev_score: {'mae': 2391.558474434534, 'mse': 71773412.68713586, 'r2': -0.029985521313036}
-----------------------
Epoch 43/100
Training statistic: Loss: 35462474.5143, train_score: {'mae': 1017.9240755704469, 'mse': 35462474.51427315, 'r2': 0.03056561183986739}
Validation statistic: Loss: 71767768.6869, dev_score: {'mae': 2404.0016726711688, 'mse': 71767768.68688609, 'r2': -0.029904526996033187}
-----------------------
Epoch 44/100
Training statistic: Loss: 35341751.1067, train_score: {'mae': 1001.6460315109209, 'mse': 35341751.10673225, 'r2': 0.03386581647389297}
Validation statistic: Loss: 71699007.0911, dev_score: {'mae': 2402.506137672987, 'mse': 71699007.09109965, 'r2': -0.028917762601937458}
Saving model...
Model saved!
-------------------------------------------
-----------------------
Epoch 45/100
Training statistic: Loss: 35541242.6378, train_score: {'mae': 1022.8922248530263, 'mse': 35541242.63782507, 'r2': 0.02841233492651085}
Validation statistic: Loss: 71775012.5874, dev_score: {'mae': 2387.496119272387, 'mse': 71775012.58737709, 'r2': -0.03000848070736195}
-----------------------
Epoch 46/100
Training statistic: Loss: 35347544.7357, train_score: {'mae': 1006.6089318534213, 'mse': 35347544.73570603, 'r2': 0.03370743657411579}
Validation statistic: Loss: 71749315.6080, dev_score: {'mae': 2409.9786301528006, 'mse': 71749315.60795163, 'r2': -0.029639715787891596}
-----------------------
Epoch 47/100
Training statistic: Loss: 35519622.4585, train_score: {'mae': 1019.7936028057044, 'mse': 35519622.45852924, 'r2': 0.02900336376966528}
Validation statistic: Loss: 71992876.2724, dev_score: {'mae': 2393.052475465943, 'mse': 71992876.27238992, 'r2': -0.03313493704797499}
-----------------------
Epoch 48/100
Training statistic: Loss: 35489377.2675, train_score: {'mae': 1015.9435622725841, 'mse': 35489377.267534025, 'r2': 0.02983017376047503}
Validation statistic: Loss: 71841643.0484, dev_score: {'mae': 2393.79723292519, 'mse': 71841643.04843542, 'r2': -0.030964662218023298}
-----------------------
Epoch 49/100
Training statistic: Loss: 35465433.4874, train_score: {'mae': 1010.953970322586, 'mse': 35465433.48741135, 'r2': 0.030484722664672947}
Validation statistic: Loss: 71848213.6866, dev_score: {'mae': 2395.1025133698963, 'mse': 71848213.68660328, 'r2': -0.031058954267478622}
-----------------------
Epoch 50/100
Training statistic: Loss: 35515365.2747, train_score: {'mae': 1022.2589987864055, 'mse': 35515365.27467131, 'r2': 0.029119742011317284}
Validation statistic: Loss: 71845331.3843, dev_score: {'mae': 2391.646535754294, 'mse': 71845331.3843009, 'r2': -0.031017591741602457}
-----------------------
Epoch 51/100
Training statistic: Loss: 35334806.2496, train_score: {'mae': 999.8060471971543, 'mse': 35334806.24961613, 'r2': 0.034055667390994526}
Validation statistic: Loss: 71706287.4109, dev_score: {'mae': 2393.3635064731666, 'mse': 71706287.41088766, 'r2': -0.02902223894897782}
-----------------------
Epoch 52/100
Training statistic: Loss: 35491531.7198, train_score: {'mae': 1016.1165895755446, 'mse': 35491531.71975538, 'r2': 0.029771277699226162}
Validation statistic: Loss: 71949816.1462, dev_score: {'mae': 2395.423706123909, 'mse': 71949816.14620788, 'r2': -0.032517002009735396}
-----------------------
Epoch 53/100
Training statistic: Loss: 35467846.3471, train_score: {'mae': 1009.0334952810456, 'mse': 35467846.347124465, 'r2': 0.03041876254170539}
Validation statistic: Loss: 71912123.5674, dev_score: {'mae': 2394.6490657513955, 'mse': 71912123.56742537, 'r2': -0.03197609404739321}
-----------------------
Epoch 54/100
Training statistic: Loss: 35454485.4816, train_score: {'mae': 1010.0672506679728, 'mse': 35454485.481569834, 'r2': 0.030784007288487625}
Validation statistic: Loss: 71937467.2869, dev_score: {'mae': 2391.3280798454193, 'mse': 71937467.28693534, 'r2': -0.032339789504724825}
-----------------------
Epoch 55/100
Training statistic: Loss: 35381088.9358, train_score: {'mae': 1005.0276200609878, 'mse': 35381088.935799144, 'r2': 0.03279044187650937}
Validation statistic: Loss: 71868652.8595, dev_score: {'mae': 2397.8513020702253, 'mse': 71868652.85948412, 'r2': -0.031352266948967644}
-----------------------
Epoch 56/100
Training statistic: Loss: 35368971.9378, train_score: {'mae': 1006.2112031496273, 'mse': 35368971.937773444, 'r2': 0.03312168313161845}
Validation statistic: Loss: 71802413.3945, dev_score: {'mae': 2398.656207786335, 'mse': 71802413.3945023, 'r2': -0.030401696433835612}
-----------------------
Epoch 57/100
Training statistic: Loss: 35310740.8650, train_score: {'mae': 1000.6308454250866, 'mse': 35310740.86503704, 'r2': 0.03471354058497822}
Validation statistic: Loss: 71828755.5812, dev_score: {'mae': 2399.622178466392, 'mse': 71828755.58119637, 'r2': -0.030779720410665012}
-----------------------
Epoch 58/100
Training statistic: Loss: 35510791.2654, train_score: {'mae': 1017.5905413806138, 'mse': 35510791.26541212, 'r2': 0.029244781279680776}
Validation statistic: Loss: 71994893.1341, dev_score: {'mae': 2395.600111709626, 'mse': 71994893.13414131, 'r2': -0.03316388005520632}
-----------------------
Epoch 59/100
Training statistic: Loss: 35376924.4032, train_score: {'mae': 1011.0654767930981, 'mse': 35376924.40315932, 'r2': 0.032904287320375314}
Validation statistic: Loss: 71786758.6348, dev_score: {'mae': 2396.801109445972, 'mse': 71786758.63480572, 'r2': -0.030177042551242872}
-----------------------
Epoch 60/100
Training statistic: Loss: 35422141.7429, train_score: {'mae': 1013.2419196308144, 'mse': 35422141.742864765, 'r2': 0.03166818508408231}
Validation statistic: Loss: 71964491.9522, dev_score: {'mae': 2397.380385140041, 'mse': 71964491.95217457, 'r2': -0.032727607400971026}
-----------------------
Epoch 61/100
Training statistic: Loss: 35554764.1720, train_score: {'mae': 1024.4681791026503, 'mse': 35554764.17200836, 'r2': 0.028042697996276678}
Validation statistic: Loss: 71941471.9213, dev_score: {'mae': 2394.2242684096123, 'mse': 71941471.92132978, 'r2': -0.032397258075467006}
-----------------------
Epoch 62/100
Training statistic: Loss: 35433876.8645, train_score: {'mae': 1013.1377925226909, 'mse': 35433876.86454161, 'r2': 0.03134738314742669}
Validation statistic: Loss: 71942140.2479, dev_score: {'mae': 2392.7735347963876, 'mse': 71942140.24793732, 'r2': -0.032406848907273744}
-----------------------
Epoch 63/100
Training statistic: Loss: 35408565.4109, train_score: {'mae': 1004.4777355947072, 'mse': 35408565.41092725, 'r2': 0.03203932001545906}
Validation statistic: Loss: 72030478.7789, dev_score: {'mae': 2391.6070262042335, 'mse': 72030478.77885564, 'r2': -0.03367455242607598}
-----------------------
Epoch 64/100
Training statistic: Loss: 35398354.7058, train_score: {'mae': 1006.7008249794355, 'mse': 35398354.705764584, 'r2': 0.03231844911876147}
Validation statistic: Loss: 71914905.7244, dev_score: {'mae': 2391.3743690372335, 'mse': 71914905.72435088, 'r2': -0.032016019435416654}
-----------------------
Epoch 65/100
Training statistic: Loss: 35418562.4850, train_score: {'mae': 1012.2714532335085, 'mse': 35418562.484976344, 'r2': 0.03176603092616337}
Validation statistic: Loss: 71910304.6328, dev_score: {'mae': 2388.2823788196465, 'mse': 71910304.6327861, 'r2': -0.03194999139639032}
-----------------------
Epoch 66/100
Training statistic: Loss: 35308495.9305, train_score: {'mae': 999.1237089096862, 'mse': 35308495.93050035, 'r2': 0.03477491015291845}
Validation statistic: Loss: 71726240.4683, dev_score: {'mae': 2394.017734595695, 'mse': 71726240.46830384, 'r2': -0.029308575622617683}
-----------------------
Epoch 67/100
Training statistic: Loss: 35187781.9519, train_score: {'mae': 984.4373411624357, 'mse': 35187781.95194594, 'r2': 0.03807485702761204}
Validation statistic: Loss: 71944345.8178, dev_score: {'mae': 2395.5873030940206, 'mse': 71944345.81782903, 'r2': -0.03243849997372927}
-----------------------
Epoch 68/100
Training statistic: Loss: 35127400.4985, train_score: {'mae': 981.5169690956866, 'mse': 35127400.498522304, 'r2': 0.03972549923906843}
Validation statistic: Loss: 71643833.9136, dev_score: {'mae': 2396.9722840055997, 'mse': 71643833.91364239, 'r2': -0.02812599902517232}
Saving model...
Model saved!
-------------------------------------------
-----------------------
Epoch 69/100
Training statistic: Loss: 35106126.1699, train_score: {'mae': 982.195182253513, 'mse': 35106126.16989576, 'r2': 0.04030707359444197}
Validation statistic: Loss: 71655198.8303, dev_score: {'mae': 2400.027501055671, 'mse': 71655198.83029231, 'r2': -0.028289091445639736}
-----------------------
Epoch 70/100
Training statistic: Loss: 35192864.9873, train_score: {'mae': 989.5271131514613, 'mse': 35192864.987324014, 'r2': 0.037935902559283585}
Validation statistic: Loss: 71785982.8846, dev_score: {'mae': 2394.6041446320164, 'mse': 71785982.88457802, 'r2': -0.03016591013503489}
-----------------------
Epoch 71/100
Training statistic: Loss: 35243937.1748, train_score: {'mae': 989.1897177128843, 'mse': 35243937.17477502, 'r2': 0.036539746891307234}
Validation statistic: Loss: 71906432.5893, dev_score: {'mae': 2397.734102748044, 'mse': 71906432.5893412, 'r2': -0.031894425574216845}
-----------------------
Epoch 72/100
Training statistic: Loss: 35226353.9556, train_score: {'mae': 991.429386796722, 'mse': 35226353.955579914, 'r2': 0.0370204177293062}
Validation statistic: Loss: 71927592.7957, dev_score: {'mae': 2393.4686766950313, 'mse': 71927592.79573508, 'r2': -0.03219808545881375}
-----------------------
Epoch 73/100
Training statistic: Loss: 35214425.8368, train_score: {'mae': 986.5356654428864, 'mse': 35214425.836829975, 'r2': 0.037346495609111074}
Validation statistic: Loss: 71816359.7158, dev_score: {'mae': 2393.757356539163, 'mse': 71816359.71577892, 'r2': -0.03060183334321076}
-----------------------
Epoch 74/100
Training statistic: Loss: 35330972.2262, train_score: {'mae': 1004.899393707899, 'mse': 35330972.22624973, 'r2': 0.03416047773340025}
Validation statistic: Loss: 71888683.1504, dev_score: {'mae': 2391.7381008617713, 'mse': 71888683.1503725, 'r2': -0.03163971196280113}
-----------------------
Epoch 75/100
Training statistic: Loss: 35100744.8636, train_score: {'mae': 989.6446704188982, 'mse': 35100744.863574386, 'r2': 0.040454181867979666}
Validation statistic: Loss: 71722406.5104, dev_score: {'mae': 2394.256285475718, 'mse': 71722406.51035067, 'r2': -0.029253556346910292}
-----------------------
Epoch 76/100
Training statistic: Loss: 35180547.0379, train_score: {'mae': 987.4444603378572, 'mse': 35180547.037900075, 'r2': 0.03827263720419338}
Validation statistic: Loss: 71808130.8138, dev_score: {'mae': 2390.5350952870126, 'mse': 71808130.81376448, 'r2': -0.03048374435156509}
-----------------------
Epoch 77/100
Training statistic: Loss: 35115815.5211, train_score: {'mae': 981.0468124647851, 'mse': 35115815.52113649, 'r2': 0.040042196695117216}
Validation statistic: Loss: 71751282.7309, dev_score: {'mae': 2388.4186024282526, 'mse': 71751282.73086508, 'r2': -0.02966794501712333}
-----------------------
Epoch 78/100
Training statistic: Loss: 35059810.5105, train_score: {'mae': 973.1625917029816, 'mse': 35059810.51052135, 'r2': 0.04157320049401281}
Validation statistic: Loss: 71889019.7716, dev_score: {'mae': 2395.832200866463, 'mse': 71889019.77163163, 'r2': -0.031644542651632745}
-----------------------
Epoch 79/100
Training statistic: Loss: 35276294.8231, train_score: {'mae': 998.641262715843, 'mse': 35276294.823068395, 'r2': 0.03565518885058283}
Validation statistic: Loss: 71959133.7256, dev_score: {'mae': 2388.8805003126345, 'mse': 71959133.72560917, 'r2': -0.03265071408385456}
-----------------------
Epoch 80/100
Training statistic: Loss: 35125395.8696, train_score: {'mae': 978.2637051017145, 'mse': 35125395.86963836, 'r2': 0.039780299593590085}
Validation statistic: Loss: 71740641.1236, dev_score: {'mae': 2398.718411113557, 'mse': 71740641.12359713, 'r2': -0.029515232459657703}
-----------------------
Epoch 81/100
Training statistic: Loss: 35322512.5900, train_score: {'mae': 1001.3540536801295, 'mse': 35322512.590007775, 'r2': 0.03439173802746076}
Validation statistic: Loss: 71966176.4047, dev_score: {'mae': 2388.288813533141, 'mse': 71966176.40466306, 'r2': -0.032751780163690736}
-----------------------
Epoch 82/100
Training statistic: Loss: 35044603.6241, train_score: {'mae': 979.1633105228635, 'mse': 35044603.62407484, 'r2': 0.041988909743297165}
Validation statistic: Loss: 71711497.5704, dev_score: {'mae': 2392.9162994790245, 'mse': 71711497.570372, 'r2': -0.029097007427049126}
-----------------------
Epoch 83/100
Training statistic: Loss: 35092238.6048, train_score: {'mae': 987.2672184844328, 'mse': 35092238.60479371, 'r2': 0.04068671667807178}
Validation statistic: Loss: 71654264.6543, dev_score: {'mae': 2389.0414361182143, 'mse': 71654264.65432824, 'r2': -0.028275685538335926}
-----------------------
Epoch 84/100
Training statistic: Loss: 34958650.9857, train_score: {'mae': 978.7836771919108, 'mse': 34958650.985666536, 'r2': 0.044338589075250456}
Validation statistic: Loss: 71608087.7106, dev_score: {'mae': 2386.8274545669447, 'mse': 71608087.71056652, 'r2': -0.02761302255893483}
Saving model...
Model saved!
-------------------------------------------
-----------------------
Epoch 85/100
Training statistic: Loss: 35069116.3995, train_score: {'mae': 979.7333016690071, 'mse': 35069116.39953531, 'r2': 0.041318806266139485}
Validation statistic: Loss: 71744046.6193, dev_score: {'mae': 2387.628489806126, 'mse': 71744046.61931203, 'r2': -0.02956410308107471}
-----------------------
Epoch 86/100
Training statistic: Loss: 35148773.3790, train_score: {'mae': 979.1226613129481, 'mse': 35148773.37895154, 'r2': 0.03914123078217324}
Validation statistic: Loss: 71776375.7937, dev_score: {'mae': 2386.3409368565153, 'mse': 71776375.79372378, 'r2': -0.03002804342212073}
-----------------------
Epoch 87/100
Training statistic: Loss: 35127889.8922, train_score: {'mae': 993.2728055779057, 'mse': 35127889.89218272, 'r2': 0.03971212072980612}
Validation statistic: Loss: 71771881.4803, dev_score: {'mae': 2386.149441981988, 'mse': 71771881.48030658, 'r2': -0.029963547704630722}
-----------------------
Epoch 88/100
Training statistic: Loss: 35160582.5521, train_score: {'mae': 988.0955950236995, 'mse': 35160582.55210381, 'r2': 0.03881840450717844}
Validation statistic: Loss: 71848657.5323, dev_score: {'mae': 2380.4447043376185, 'mse': 71848657.53229663, 'r2': -0.031065323682290202}
-----------------------
Epoch 89/100
Training statistic: Loss: 35164431.7444, train_score: {'mae': 991.1249251999109, 'mse': 35164431.74440488, 'r2': 0.038713179493007455}
Validation statistic: Loss: 71980898.0275, dev_score: {'mae': 2385.7562642443318, 'mse': 71980898.02749527, 'r2': -0.03296304305059716}
-----------------------
Epoch 90/100
Training statistic: Loss: 35204313.1503, train_score: {'mae': 998.3668319258724, 'mse': 35204313.150323, 'r2': 0.03762294518548226}
Validation statistic: Loss: 72112592.0029, dev_score: {'mae': 2383.9726392561533, 'mse': 72112592.00289528, 'r2': -0.03485291957768166}
-----------------------
Epoch 91/100
Training statistic: Loss: 35029142.5389, train_score: {'mae': 982.2071616447636, 'mse': 35029142.53889324, 'r2': 0.04241156799990842}
Validation statistic: Loss: 71861129.7887, dev_score: {'mae': 2383.2871064358133, 'mse': 71861129.7887224, 'r2': -0.03124430700014713}
-----------------------
Epoch 92/100
Training statistic: Loss: 34970064.0020, train_score: {'mae': 971.8660113726079, 'mse': 34970064.002000175, 'r2': 0.04402659250259133}
Validation statistic: Loss: 71722296.9780, dev_score: {'mae': 2385.7134519743777, 'mse': 71722296.97802098, 'r2': -0.029251984501438955}
-----------------------
Epoch 93/100
Training statistic: Loss: 35057835.7079, train_score: {'mae': 987.2281282637857, 'mse': 35057835.70794269, 'r2': 0.04162718548958366}
Validation statistic: Loss: 71751179.3064, dev_score: {'mae': 2382.0561831855453, 'mse': 71751179.3063546, 'r2': -0.02966646082201052}
-----------------------
Epoch 94/100
Training statistic: Loss: 34916147.9918, train_score: {'mae': 968.7921623322484, 'mse': 34916147.99184645, 'r2': 0.045500489488950135}
Validation statistic: Loss: 71653129.0254, dev_score: {'mae': 2384.022417673475, 'mse': 71653129.02536133, 'r2': -0.028259388676451946}
-----------------------
Epoch 95/100
Training statistic: Loss: 34876021.3735, train_score: {'mae': 964.9498411821806, 'mse': 34876021.37345988, 'r2': 0.04659742714706139}
Validation statistic: Loss: 71971634.3627, dev_score: {'mae': 2386.361045393575, 'mse': 71971634.36268514, 'r2': -0.03283010467869185}
-----------------------
Epoch 96/100
Training statistic: Loss: 35141306.4281, train_score: {'mae': 991.2561378297253, 'mse': 35141306.428114496, 'r2': 0.039345354127068966}
Validation statistic: Loss: 71978939.9851, dev_score: {'mae': 2383.8584370577128, 'mse': 71978939.98511781, 'r2': -0.03293494413174436}
-----------------------
Epoch 97/100
Training statistic: Loss: 34829512.4463, train_score: {'mae': 980.3498078760873, 'mse': 34829512.44625646, 'r2': 0.04786883739141101}
Validation statistic: Loss: 71865082.1162, dev_score: {'mae': 2383.0664172142842, 'mse': 71865082.11620608, 'r2': -0.0313010249397192}
-----------------------
Epoch 98/100
Training statistic: Loss: 34920949.8992, train_score: {'mae': 984.3798845920351, 'mse': 34920949.89916035, 'r2': 0.04536922019252865}
Validation statistic: Loss: 71765631.9781, dev_score: {'mae': 2379.377403410882, 'mse': 71765631.97808334, 'r2': -0.029873864121750415}
-----------------------
Epoch 99/100
Training statistic: Loss: 35145999.5390, train_score: {'mae': 998.0735340793037, 'mse': 35145999.539006576, 'r2': 0.03921705898837535}
Validation statistic: Loss: 71928398.2078, dev_score: {'mae': 2383.857310539832, 'mse': 71928398.20778634, 'r2': -0.032209643537501}
-----------------------
Epoch 100/100
Training statistic: Loss: 34829497.1784, train_score: {'mae': 968.2203346076542, 'mse': 34829497.17843294, 'r2': 0.04786925476649129}
Validation statistic: Loss: 71700297.3198, dev_score: {'mae': 2390.2488099517946, 'mse': 71700297.31975445, 'r2': -0.02893627804914667}
Testing statistic: loss: 92037721.06408776, scores: {'mae': 2391.663414975761, 'mse': 92037721.0640878, 'r2': -0.022927387680583333}
Finish training!
