=====Setting up data=====
Dataset name:news
train_option:synthetic
augment_option:tvae_compare_pca_gmm
mix_ratio:-1
n_sample:-1
Dataset name:news
Training dataset size: 100096 samples
Validation dataset size: 3200 samples

=====Setting up parameters for training=====
num_epochs: 100
learning_rate: 0.001
patience: 30
early_stop_criterion: loss
=====Setting up metrics for evaluating and plotting=====
metrics for evaluating: ['mae', 'mse', 'r2']
metric for plotting: mse
=====Setting up trainer=====
input_size: 58
model: DNN_News_log_no_norm
----------------------------------------------------------------
        Layer (type)               Output Shape         Param #
================================================================
            Linear-1                  [-1, 512]          30,208
              ReLU-2                  [-1, 512]               0
          Identity-3                  [-1, 512]               0
           Dropout-4                  [-1, 512]               0
            Linear-5                  [-1, 512]         262,656
              ReLU-6                  [-1, 512]               0
          Identity-7                  [-1, 512]               0
           Dropout-8                  [-1, 512]               0
            Linear-9                  [-1, 256]         131,328
             ReLU-10                  [-1, 256]               0
         Identity-11                  [-1, 256]               0
          Dropout-12                  [-1, 256]               0
           Linear-13                  [-1, 128]          32,896
             ReLU-14                  [-1, 128]               0
         Identity-15                  [-1, 128]               0
          Dropout-16                  [-1, 128]               0
           Linear-17                    [-1, 1]             129
================================================================
Total params: 457,217
Trainable params: 457,217
Non-trainable params: 0
----------------------------------------------------------------
Input size (MB): 0.00
Forward/backward pass size (MB): 0.04
Params size (MB): 1.74
Estimated Total Size (MB): 1.79
----------------------------------------------------------------
=====Setting up output files=====
weight_dir, weight_file: /home/thuy/Research/minh_data_synth/TabularDA/.cache/news_log_runtime_20261008/output/news_log_v1/news/weight/, news_seed43_tvae_full_pca_gmm_synthetic.weights.pth
acc_dir, acc_file: /home/thuy/Research/minh_data_synth/TabularDA/.cache/news_log_runtime_20261008/output/news_log_v1/news/acc/, news_seed43_tvae_full_pca_gmm_synthetic.epochs.csv
report_file: news_seed43_tvae_full_pca_gmm_synthetic.report.txt
==========================================================================================
Start training...
-----------------------
Epoch 1/100
Training statistic: Loss: 1891651.9364, train_score: {'mae': 938.4344035046552, 'mse': 1891651.936428743, 'r2': 0.10997871556933003}
Validation statistic: Loss: 449253375678090523443200.0000, dev_score: {'mae': 11926871093.162659, 'mse': 4.492533756780906e+23, 'r2': -6447017844427713.0}
Saving model...
Model saved!
-------------------------------------------
-----------------------
Epoch 2/100
Training statistic: Loss: 2491313.3768, train_score: {'mae': 1011.6522465575459, 'mse': 2491313.376769348, 'r2': -0.17216169043109253}
Validation statistic: Loss: 422156949204646.8750, dev_score: {'mae': 381958.3434462762, 'mse': 422156949204646.9, 'r2': -6058169.137427536}
Saving model...
Model saved!
-------------------------------------------
-----------------------
Epoch 3/100
Training statistic: Loss: 2027685.5725, train_score: {'mae': 851.0049961185184, 'mse': 2027685.5724590477, 'r2': 0.045974958253362175}
Validation statistic: Loss: 106810501.9952, dev_score: {'mae': 2597.707889024988, 'mse': 106810501.99516591, 'r2': -0.532785838939438}
Saving model...
Model saved!
-------------------------------------------
-----------------------
Epoch 4/100
Training statistic: Loss: 1926892.1348, train_score: {'mae': 817.8685747007538, 'mse': 1926892.1348134927, 'r2': 0.09339821995807085}
Validation statistic: Loss: 73428404.2704, dev_score: {'mae': 2426.122561715145, 'mse': 73428404.27039336, 'r2': -0.05373550483521683}
Saving model...
Model saved!
-------------------------------------------
-----------------------
Epoch 5/100
Training statistic: Loss: 1845395.9270, train_score: {'mae': 797.2875789489796, 'mse': 1845395.927024466, 'r2': 0.13174214472340295}
Validation statistic: Loss: 73530385.4280, dev_score: {'mae': 2421.37393749208, 'mse': 73530385.42803706, 'r2': -0.05519898708981752}
-----------------------
Epoch 6/100
Training statistic: Loss: 1857467.0397, train_score: {'mae': 795.0395766554452, 'mse': 1857467.039697213, 'r2': 0.12606269228365408}
Validation statistic: Loss: 73498004.8798, dev_score: {'mae': 2415.6996715144933, 'mse': 73498004.87982774, 'r2': -0.05473430950825753}
-----------------------
Epoch 7/100
Training statistic: Loss: 1610314.9656, train_score: {'mae': 747.89082195697, 'mse': 1610314.9656146744, 'r2': 0.24234761880133504}
Validation statistic: Loss: 72996837.3098, dev_score: {'mae': 2408.539280249169, 'mse': 72996837.30981746, 'r2': -0.04754229617718808}
Saving model...
Model saved!
-------------------------------------------
-----------------------
Epoch 8/100
Training statistic: Loss: 1499767.9247, train_score: {'mae': 725.4223163626272, 'mse': 1499767.9247185919, 'r2': 0.2943599459285393}
Validation statistic: Loss: 72772490.8833, dev_score: {'mae': 2399.004591044764, 'mse': 72772490.88329294, 'r2': -0.044322809149507814}
Saving model...
Model saved!
-------------------------------------------
-----------------------
Epoch 9/100
Training statistic: Loss: 1593884.9852, train_score: {'mae': 737.2733725726946, 'mse': 1593884.985183266, 'r2': 0.25007791632865906}
Validation statistic: Loss: 72912829.9788, dev_score: {'mae': 2409.0725844882886, 'mse': 72912829.97878928, 'r2': -0.04633674761256379}
-----------------------
Epoch 10/100
Training statistic: Loss: 1233132.0254, train_score: {'mae': 664.7553449067548, 'mse': 1233132.0254122056, 'r2': 0.41981200241204764}
Validation statistic: Loss: 72283295.2957, dev_score: {'mae': 2419.8310571194265, 'mse': 72283295.29569158, 'r2': -0.03730259994591312}
Saving model...
Model saved!
-------------------------------------------
-----------------------
Epoch 11/100
Training statistic: Loss: 1176018.7730, train_score: {'mae': 648.4722090800528, 'mse': 1176018.7729559052, 'r2': 0.4466837589599968}
Validation statistic: Loss: 72287827.1417, dev_score: {'mae': 2416.982545222009, 'mse': 72287827.14171194, 'r2': -0.03736763427563261}
-----------------------
Epoch 12/100
Training statistic: Loss: 1395315.5954, train_score: {'mae': 692.448899978325, 'mse': 1395315.5953513766, 'r2': 0.3435047143475609}
Validation statistic: Loss: 72986110.5840, dev_score: {'mae': 2430.3759788123925, 'mse': 72986110.58398412, 'r2': -0.04738836212437114}
-----------------------
Epoch 13/100
Training statistic: Loss: 1223177.3099, train_score: {'mae': 643.7439671025429, 'mse': 1223177.3098609766, 'r2': 0.42449569107084695}
Validation statistic: Loss: 72668967.0780, dev_score: {'mae': 2421.7894894169926, 'mse': 72668967.07799508, 'r2': -0.04283718910475898}
-----------------------
Epoch 14/100
Training statistic: Loss: 1279888.1996, train_score: {'mae': 657.231773050832, 'mse': 1279888.199573175, 'r2': 0.39781324599157564}
Validation statistic: Loss: 72789825.7094, dev_score: {'mae': 2418.6016127144385, 'mse': 72789825.70941997, 'r2': -0.0445715728526237}
-----------------------
Epoch 15/100
Training statistic: Loss: 1063936.1109, train_score: {'mae': 606.4100144239485, 'mse': 1063936.1109137402, 'r2': 0.49941859506388697}
Validation statistic: Loss: 72235903.5771, dev_score: {'mae': 2420.3677691666912, 'mse': 72235903.57710959, 'r2': -0.036622504320777294}
Saving model...
Model saved!
-------------------------------------------
-----------------------
Epoch 16/100
Training statistic: Loss: 1226607.2893, train_score: {'mae': 643.3290637508043, 'mse': 1226607.2892764588, 'r2': 0.42288188748142885}
Validation statistic: Loss: 72756828.0981, dev_score: {'mae': 2419.652205297379, 'mse': 72756828.09814002, 'r2': -0.044098040097473534}
-----------------------
Epoch 17/100
Training statistic: Loss: 1111612.0380, train_score: {'mae': 607.1309922478584, 'mse': 1111612.0379630318, 'r2': 0.476987095372172}
Validation statistic: Loss: 72484576.4439, dev_score: {'mae': 2418.211666742844, 'mse': 72484576.44392093, 'r2': -0.04019108832381968}
-----------------------
Epoch 18/100
Training statistic: Loss: 1090841.1970, train_score: {'mae': 603.0971010413958, 'mse': 1090841.1969988232, 'r2': 0.4867597655963629}
Validation statistic: Loss: 72540690.5675, dev_score: {'mae': 2415.647519941345, 'mse': 72540690.56753229, 'r2': -0.040996354963610315}
-----------------------
Epoch 19/100
Training statistic: Loss: 1018120.8060, train_score: {'mae': 581.2041850073982, 'mse': 1018120.8060111394, 'r2': 0.5209746729716325}
Validation statistic: Loss: 72649373.9746, dev_score: {'mae': 2436.8054561564263, 'mse': 72649373.97463681, 'r2': -0.04255601795765784}
-----------------------
Epoch 20/100
Training statistic: Loss: 1072219.0353, train_score: {'mae': 599.0582622788279, 'mse': 1072219.0352767757, 'r2': 0.4955214833180821}
Validation statistic: Loss: 72555072.5830, dev_score: {'mae': 2426.425867937374, 'mse': 72555072.58299786, 'r2': -0.041202744309501105}
-----------------------
Epoch 21/100
Training statistic: Loss: 1048758.2205, train_score: {'mae': 589.5179778483324, 'mse': 1048758.2204866635, 'r2': 0.5065597848740789}
Validation statistic: Loss: 72695778.4135, dev_score: {'mae': 2430.43512082702, 'mse': 72695778.41346553, 'r2': -0.04322194560870307}
-----------------------
Epoch 22/100
Training statistic: Loss: 967037.7786, train_score: {'mae': 563.1051250938912, 'mse': 967037.7786154182, 'r2': 0.5450092116622862}
Validation statistic: Loss: 72502537.6190, dev_score: {'mae': 2430.4217713002345, 'mse': 72502537.61904769, 'r2': -0.04044884045840158}
-----------------------
Epoch 23/100
Training statistic: Loss: 1002255.6071, train_score: {'mae': 574.0806523751781, 'mse': 1002255.6071480585, 'r2': 0.5284392410551908}
Validation statistic: Loss: 72460328.9671, dev_score: {'mae': 2426.5548528015875, 'mse': 72460328.96714921, 'r2': -0.03984312451566008}
-----------------------
Epoch 24/100
Training statistic: Loss: 920114.6943, train_score: {'mae': 551.3716142728254, 'mse': 920114.6942805632, 'r2': 0.5670864992356017}
Validation statistic: Loss: 72336637.1857, dev_score: {'mae': 2429.140521152222, 'mse': 72336637.18573819, 'r2': -0.03806808360302982}
-----------------------
Epoch 25/100
Training statistic: Loss: 875979.9953, train_score: {'mae': 537.8198393583333, 'mse': 875979.9952962641, 'r2': 0.5878518529042716}
Validation statistic: Loss: 72214509.0769, dev_score: {'mae': 2423.4416806454387, 'mse': 72214509.07687443, 'r2': -0.036315482198616245}
Saving model...
Model saved!
-------------------------------------------
-----------------------
Epoch 26/100
Training statistic: Loss: 886654.5384, train_score: {'mae': 539.6303791750516, 'mse': 886654.5383793553, 'r2': 0.5828294857538645}
Validation statistic: Loss: 71997911.3373, dev_score: {'mae': 2429.5873615847154, 'mse': 71997911.33730182, 'r2': -0.03320719282854845}
Saving model...
Model saved!
-------------------------------------------
-----------------------
Epoch 27/100
Training statistic: Loss: 837620.3332, train_score: {'mae': 524.3779276826976, 'mse': 837620.3331613617, 'r2': 0.6059000546406264}
Validation statistic: Loss: 72224385.4202, dev_score: {'mae': 2431.107836760248, 'mse': 72224385.4201525, 'r2': -0.03645721282279979}
-----------------------
Epoch 28/100
Training statistic: Loss: 803075.0213, train_score: {'mae': 513.6651340389382, 'mse': 803075.0213403433, 'r2': 0.6221536064732359}
Validation statistic: Loss: 72166512.0583, dev_score: {'mae': 2430.02662256069, 'mse': 72166512.05829665, 'r2': -0.03562670020608638}
-----------------------
Epoch 29/100
Training statistic: Loss: 817206.1290, train_score: {'mae': 518.2208475128766, 'mse': 817206.129004782, 'r2': 0.6155049274262461}
Validation statistic: Loss: 72101325.0002, dev_score: {'mae': 2424.165236854613, 'mse': 72101325.00018339, 'r2': -0.03469123227276816}
-----------------------
Epoch 30/100
Training statistic: Loss: 848518.2226, train_score: {'mae': 524.6550351209552, 'mse': 848518.2225803002, 'r2': 0.6007726031515652}
Validation statistic: Loss: 72217421.7765, dev_score: {'mae': 2431.2972193280075, 'mse': 72217421.77650613, 'r2': -0.036357280941859305}
-----------------------
Epoch 31/100
Training statistic: Loss: 824092.5878, train_score: {'mae': 518.64608237968, 'mse': 824092.5878425377, 'r2': 0.6122648520075464}
Validation statistic: Loss: 72138067.2976, dev_score: {'mae': 2430.0334201318697, 'mse': 72138067.29760611, 'r2': -0.03521850320706443}
-----------------------
Epoch 32/100
Training statistic: Loss: 877565.2269, train_score: {'mae': 534.38492545112, 'mse': 877565.2269161865, 'r2': 0.587106002224602}
Validation statistic: Loss: 72432869.3589, dev_score: {'mae': 2425.085291234603, 'mse': 72432869.35891399, 'r2': -0.03944906496290468}
-----------------------
Epoch 33/100
Training statistic: Loss: 785246.1217, train_score: {'mae': 506.9122629893132, 'mse': 785246.1217353195, 'r2': 0.6305420947679727}
Validation statistic: Loss: 72104650.5033, dev_score: {'mae': 2429.4922077952883, 'mse': 72104650.50330797, 'r2': -0.03473895495922186}
-----------------------
Epoch 34/100
Training statistic: Loss: 816480.1791, train_score: {'mae': 514.9403246279749, 'mse': 816480.1790690009, 'r2': 0.6158464865058175}
Validation statistic: Loss: 72243445.6022, dev_score: {'mae': 2428.139405433301, 'mse': 72243445.60219687, 'r2': -0.036730736273953735}
-----------------------
Epoch 35/100
Training statistic: Loss: 901134.0590, train_score: {'mae': 536.1812070189015, 'mse': 901134.0590436166, 'r2': 0.5760168785657389}
Validation statistic: Loss: 72560954.1860, dev_score: {'mae': 2426.015544496246, 'mse': 72560954.18601255, 'r2': -0.041287148348830405}
-----------------------
Epoch 36/100
Training statistic: Loss: 791893.3208, train_score: {'mae': 506.9478245503998, 'mse': 791893.3208018768, 'r2': 0.6274145909512543}
Validation statistic: Loss: 72285124.9948, dev_score: {'mae': 2431.765375135342, 'mse': 72285124.99484175, 'r2': -0.037328857073204214}
-----------------------
Epoch 37/100
Training statistic: Loss: 793550.9068, train_score: {'mae': 503.91216676431037, 'mse': 793550.9067631634, 'r2': 0.6266346975903733}
Validation statistic: Loss: 72273335.4952, dev_score: {'mae': 2437.3526944133337, 'mse': 72273335.49516946, 'r2': -0.037159671667197136}
-----------------------
Epoch 38/100
Training statistic: Loss: 771011.5970, train_score: {'mae': 500.33191797119594, 'mse': 771011.5969709103, 'r2': 0.6372394315084714}
Validation statistic: Loss: 72180295.8982, dev_score: {'mae': 2441.180872488042, 'mse': 72180295.89821894, 'r2': -0.035824505424154385}
-----------------------
Epoch 39/100
Training statistic: Loss: 789807.6427, train_score: {'mae': 505.4301029832046, 'mse': 789807.6427041008, 'r2': 0.6283959014469875}
Validation statistic: Loss: 72316178.9982, dev_score: {'mae': 2433.6015760100086, 'mse': 72316178.99820504, 'r2': -0.03777449805146471}
-----------------------
Epoch 40/100
Training statistic: Loss: 733487.2426, train_score: {'mae': 488.4514416695403, 'mse': 733487.2425994107, 'r2': 0.654894621362375}
Validation statistic: Loss: 72196074.5248, dev_score: {'mae': 2430.1422272126047, 'mse': 72196074.52481027, 'r2': -0.03605093686062677}
-----------------------
Epoch 41/100
Training statistic: Loss: 719141.9322, train_score: {'mae': 484.17269070725433, 'mse': 719141.9321650136, 'r2': 0.6616440827048684}
Validation statistic: Loss: 72170986.1253, dev_score: {'mae': 2432.269021355791, 'mse': 72170986.12528092, 'r2': -0.035690905376812854}
-----------------------
Epoch 42/100
Training statistic: Loss: 680703.2250, train_score: {'mae': 467.5978933439547, 'mse': 680703.2250293734, 'r2': 0.6797294750743043}
Validation statistic: Loss: 72310704.1198, dev_score: {'mae': 2439.1414015283367, 'mse': 72310704.11984518, 'r2': -0.0376959307208824}
-----------------------
Epoch 43/100
Training statistic: Loss: 834066.6730, train_score: {'mae': 518.0309944748581, 'mse': 834066.6730145508, 'r2': 0.6075720499519128}
Validation statistic: Loss: 72445394.9516, dev_score: {'mae': 2424.466614670942, 'mse': 72445394.95161146, 'r2': -0.03962881368379256}
-----------------------
Epoch 44/100
Training statistic: Loss: 783175.8084, train_score: {'mae': 500.0421861472585, 'mse': 783175.8084450354, 'r2': 0.6315161761295107}
Validation statistic: Loss: 72243766.6001, dev_score: {'mae': 2432.3266917904616, 'mse': 72243766.60005873, 'r2': -0.036735342758969836}
-----------------------
Epoch 45/100
Training statistic: Loss: 744661.6535, train_score: {'mae': 486.2674346666762, 'mse': 744661.653487919, 'r2': 0.6496370666609945}
Validation statistic: Loss: 72386278.9881, dev_score: {'mae': 2432.663519230015, 'mse': 72386278.98810609, 'r2': -0.03878046909198085}
-----------------------
Epoch 46/100
Training statistic: Loss: 747301.3497, train_score: {'mae': 491.00423864102845, 'mse': 747301.3497223833, 'r2': 0.648395090910667}
Validation statistic: Loss: 72219245.4803, dev_score: {'mae': 2434.577664788711, 'mse': 72219245.48033969, 'r2': -0.03638345203326221}
-----------------------
Epoch 47/100
Training statistic: Loss: 706012.6026, train_score: {'mae': 475.83325631146147, 'mse': 706012.602617144, 'r2': 0.6678214256519908}
Validation statistic: Loss: 72367870.8709, dev_score: {'mae': 2432.034594973838, 'mse': 72367870.8708625, 'r2': -0.03851630310731213}
-----------------------
Epoch 48/100
Training statistic: Loss: 665361.0994, train_score: {'mae': 466.0743449272846, 'mse': 665361.0994163426, 'r2': 0.6869479374568636}
Validation statistic: Loss: 72209359.4203, dev_score: {'mae': 2435.0623459291755, 'mse': 72209359.42031063, 'r2': -0.0362415819686861}
-----------------------
Epoch 49/100
Training statistic: Loss: 700713.9041, train_score: {'mae': 476.9023992602441, 'mse': 700713.9040638289, 'r2': 0.6703144606556373}
Validation statistic: Loss: 72341579.4882, dev_score: {'mae': 2434.967433046969, 'mse': 72341579.4882125, 'r2': -0.0381390081947397}
-----------------------
Epoch 50/100
Training statistic: Loss: 759649.6983, train_score: {'mae': 492.05218925450185, 'mse': 759649.6983010928, 'r2': 0.6425851991166358}
Validation statistic: Loss: 72508953.6986, dev_score: {'mae': 2423.2501608138405, 'mse': 72508953.69855061, 'r2': -0.04054091451123232}
-----------------------
Epoch 51/100
Training statistic: Loss: 770670.3486, train_score: {'mae': 492.92662160174837, 'mse': 770670.3486180572, 'r2': 0.6373999886868124}
Validation statistic: Loss: 72435158.6345, dev_score: {'mae': 2433.979730559078, 'mse': 72435158.6345401, 'r2': -0.03948191724985772}
-----------------------
Epoch 52/100
Training statistic: Loss: 732902.3652, train_score: {'mae': 490.4879817381178, 'mse': 732902.3651786266, 'r2': 0.6551698058946116}
Validation statistic: Loss: 72451158.4392, dev_score: {'mae': 2432.810839373486, 'mse': 72451158.4391802, 'r2': -0.0397115227055016}
-----------------------
Epoch 53/100
Training statistic: Loss: 656383.8349, train_score: {'mae': 463.5487039556861, 'mse': 656383.8349039762, 'r2': 0.6911717358936176}
Validation statistic: Loss: 72164621.2935, dev_score: {'mae': 2436.7197547128594, 'mse': 72164621.2935232, 'r2': -0.03559956675557974}
-----------------------
Epoch 54/100
Training statistic: Loss: 679055.8376, train_score: {'mae': 470.74545191588396, 'mse': 679055.837649363, 'r2': 0.6805045700078256}
Validation statistic: Loss: 72288474.8068, dev_score: {'mae': 2444.9629941083003, 'mse': 72288474.80676278, 'r2': -0.037376928603435555}
-----------------------
Epoch 55/100
Training statistic: Loss: 713733.8452, train_score: {'mae': 476.45675867212594, 'mse': 713733.8452153904, 'r2': 0.6641885848939464}
Validation statistic: Loss: 72487363.9064, dev_score: {'mae': 2431.3294161360986, 'mse': 72487363.90635985, 'r2': -0.0402310898486995}
-----------------------
Epoch 56/100
Training statistic: Loss: 751936.9122, train_score: {'mae': 489.3585980419441, 'mse': 751936.9121853304, 'r2': 0.6462140611039258}
Validation statistic: Loss: 72485939.5918, dev_score: {'mae': 2429.198693655246, 'mse': 72485939.5917996, 'r2': -0.040210650199532294}
-----------------------
Epoch 57/100
Training statistic: Loss: 724275.1284, train_score: {'mae': 483.8659523259886, 'mse': 724275.1284339057, 'r2': 0.6592289164427816}
Validation statistic: Loss: 72512218.7192, dev_score: {'mae': 2429.3407166597494, 'mse': 72512218.71921574, 'r2': -0.0405877692431722}
Early stopping (loss) triggered!
Early stopping by loss
Testing statistic: loss: 92473907.47503477, scores: {'mae': 2429.7004333357504, 'mse': 92473907.47503473, 'r2': -0.02777525897436539}
Finish training!
