=====Setting up data=====
Dataset name:california_housing
train_option:original
augment_option:None
mix_ratio:-1
n_sample:-1
Dataset name:california_housing
Training dataset size: 14976 samples
Validation dataset size: 1664 samples

=====Setting up parameters for training=====
num_epochs: 100
learning_rate: 0.001
patience: 30
early_stop_criterion: loss
=====Setting up metrics for evaluating and plotting=====
metrics for evaluating: ['mae', 'mse', 'r2']
metric for plotting: mse
=====Setting up trainer=====
input_size: 8
model: DNN_News
----------------------------------------------------------------
        Layer (type)               Output Shape         Param #
================================================================
            Linear-1                  [-1, 512]           4,608
              ReLU-2                  [-1, 512]               0
       BatchNorm1d-3                  [-1, 512]           1,024
           Dropout-4                  [-1, 512]               0
            Linear-5                  [-1, 512]         262,656
              ReLU-6                  [-1, 512]               0
       BatchNorm1d-7                  [-1, 512]           1,024
           Dropout-8                  [-1, 512]               0
            Linear-9                  [-1, 256]         131,328
             ReLU-10                  [-1, 256]               0
      BatchNorm1d-11                  [-1, 256]             512
          Dropout-12                  [-1, 256]               0
           Linear-13                  [-1, 128]          32,896
             ReLU-14                  [-1, 128]               0
      BatchNorm1d-15                  [-1, 128]             256
          Dropout-16                  [-1, 128]               0
           Linear-17                    [-1, 1]             129
================================================================
Total params: 434,433
Trainable params: 434,433
Non-trainable params: 0
----------------------------------------------------------------
Input size (MB): 0.00
Forward/backward pass size (MB): 0.04
Params size (MB): 1.66
Estimated Total Size (MB): 1.70
----------------------------------------------------------------
=====Setting up output files=====
weight_dir, weight_file: /home/thuy/Research/minh_data_synth/TabularDA/.cache/housing_dropout_p01_20261009_v1_runtime/output/housing_dropout_p01_20261009_v1/california_housing/weight/, california_housing_seed42_real_original.weights.pth
acc_dir, acc_file: /home/thuy/Research/minh_data_synth/TabularDA/.cache/housing_dropout_p01_20261009_v1_runtime/output/housing_dropout_p01_20261009_v1/california_housing/acc/, california_housing_seed42_real_original.epochs.csv
report_file: california_housing_seed42_real_original.report.txt
==========================================================================================
Start training...
-----------------------
Epoch 1/100
Training statistic: Loss: 1.7042, train_score: {'mae': 0.9684365, 'mse': 1.7042092, 'r2': -0.2886987123303535}
Validation statistic: Loss: 1.6525, dev_score: {'mae': 0.94967526, 'mse': 1.6525277, 'r2': -0.25278122311367257}
Saving model...
Model saved!
-------------------------------------------
-----------------------
Epoch 2/100
Training statistic: Loss: 0.8441, train_score: {'mae': 0.7301288, 'mse': 0.8441205, 'r2': 0.36168818127539226}
Validation statistic: Loss: 0.8321, dev_score: {'mae': 0.72646815, 'mse': 0.8320728, 'r2': 0.36920563221214076}
Saving model...
Model saved!
-------------------------------------------
-----------------------
Epoch 3/100
Training statistic: Loss: 0.7982, train_score: {'mae': 0.6928078, 'mse': 0.7981953, 'r2': 0.3964161496101285}
Validation statistic: Loss: 0.7515, dev_score: {'mae': 0.68560535, 'mse': 0.75149614, 'r2': 0.43029082621098147}
Saving model...
Model saved!
-------------------------------------------
-----------------------
Epoch 4/100
Training statistic: Loss: 0.8262, train_score: {'mae': 0.7189884, 'mse': 0.8262013, 'r2': 0.3752383887014772}
Validation statistic: Loss: 0.7954, dev_score: {'mae': 0.71324587, 'mse': 0.7954251, 'r2': 0.3969882882167055}
-----------------------
Epoch 5/100
Training statistic: Loss: 0.8583, train_score: {'mae': 0.71437204, 'mse': 0.8582768, 'r2': 0.350983352671305}
Validation statistic: Loss: 0.8025, dev_score: {'mae': 0.71066195, 'mse': 0.8025089, 'r2': 0.3916180849304224}
-----------------------
Epoch 6/100
Training statistic: Loss: 0.7393, train_score: {'mae': 0.6767334, 'mse': 0.7393108, 'r2': 0.44094375889856074}
Validation statistic: Loss: 0.7019, dev_score: {'mae': 0.67488307, 'mse': 0.7019006, 'r2': 0.46788916697167315}
Saving model...
Model saved!
-------------------------------------------
-----------------------
Epoch 7/100
Training statistic: Loss: 0.7687, train_score: {'mae': 0.68538684, 'mse': 0.76866585, 'r2': 0.4187458830066454}
Validation statistic: Loss: 0.7081, dev_score: {'mae': 0.6782076, 'mse': 0.7081323, 'r2': 0.46316490741227434}
-----------------------
Epoch 8/100
Training statistic: Loss: 0.7839, train_score: {'mae': 0.6919409, 'mse': 0.78387916, 'r2': 0.40724178320715465}
Validation statistic: Loss: 0.7251, dev_score: {'mae': 0.68292683, 'mse': 0.72505826, 'r2': 0.45033334985404505}
-----------------------
Epoch 9/100
Training statistic: Loss: 0.7961, train_score: {'mae': 0.6677512, 'mse': 0.7961339, 'r2': 0.3979748946082946}
Validation statistic: Loss: 0.6747, dev_score: {'mae': 0.65411735, 'mse': 0.6747435, 'r2': 0.48847702765923917}
Saving model...
Model saved!
-------------------------------------------
-----------------------
Epoch 10/100
Training statistic: Loss: 0.7675, train_score: {'mae': 0.6804223, 'mse': 0.7674621, 'r2': 0.41965612288630794}
Validation statistic: Loss: 0.6849, dev_score: {'mae': 0.67122215, 'mse': 0.6848753, 'r2': 0.48079606086383975}
-----------------------
Epoch 11/100
Training statistic: Loss: 0.7587, train_score: {'mae': 0.6973145, 'mse': 0.7587279, 'r2': 0.4262608176607914}
Validation statistic: Loss: 0.7125, dev_score: {'mae': 0.692996, 'mse': 0.71253693, 'r2': 0.4598258172329671}
-----------------------
Epoch 12/100
Training statistic: Loss: 0.6970, train_score: {'mae': 0.6733516, 'mse': 0.6969529, 'r2': 0.47297420495179765}
Validation statistic: Loss: 0.6701, dev_score: {'mae': 0.6680734, 'mse': 0.67012256, 'r2': 0.4919800982196676}
Saving model...
Model saved!
-------------------------------------------
-----------------------
Epoch 13/100
Training statistic: Loss: 0.7912, train_score: {'mae': 0.69859266, 'mse': 0.7912012, 'r2': 0.40170495625605984}
Validation statistic: Loss: 0.7137, dev_score: {'mae': 0.68999356, 'mse': 0.7136803, 'r2': 0.45895893922764497}
-----------------------
Epoch 14/100
Training statistic: Loss: 0.8014, train_score: {'mae': 0.7245969, 'mse': 0.80137044, 'r2': 0.39401511468242023}
Validation statistic: Loss: 0.7534, dev_score: {'mae': 0.716224, 'mse': 0.75335807, 'r2': 0.4288792251957352}
-----------------------
Epoch 15/100
Training statistic: Loss: 0.8873, train_score: {'mae': 0.7845258, 'mse': 0.88732857, 'r2': 0.32901478200277534}
Validation statistic: Loss: 0.8897, dev_score: {'mae': 0.7884389, 'mse': 0.8896956, 'r2': 0.32552176222913265}
-----------------------
Epoch 16/100
Training statistic: Loss: 0.8659, train_score: {'mae': 0.7751243, 'mse': 0.86586404, 'r2': 0.3452460097364417}
Validation statistic: Loss: 0.8506, dev_score: {'mae': 0.7760053, 'mse': 0.8506419, 'r2': 0.3551284000845282}
-----------------------
Epoch 17/100
Training statistic: Loss: 0.7342, train_score: {'mae': 0.6989018, 'mse': 0.7342225, 'r2': 0.44479149845973986}
Validation statistic: Loss: 0.7040, dev_score: {'mae': 0.69792604, 'mse': 0.7040188, 'r2': 0.466283389099837}
-----------------------
Epoch 18/100
Training statistic: Loss: 0.9150, train_score: {'mae': 0.7972915, 'mse': 0.9150123, 'r2': 0.30808078639348857}
Validation statistic: Loss: 0.8847, dev_score: {'mae': 0.7925719, 'mse': 0.8847099, 'r2': 0.3293014155546523}
-----------------------
Epoch 19/100
Training statistic: Loss: 1.0442, train_score: {'mae': 0.8529469, 'mse': 1.0442101, 'r2': 0.21038329678408874}
Validation statistic: Loss: 1.0149, dev_score: {'mae': 0.84837645, 'mse': 1.0148602, 'r2': 0.23063456750136135}
-----------------------
Epoch 20/100
Training statistic: Loss: 1.0361, train_score: {'mae': 0.8437187, 'mse': 1.0361407, 'r2': 0.216485283521477}
Validation statistic: Loss: 0.9978, dev_score: {'mae': 0.8331709, 'mse': 0.99784476, 'r2': 0.2435339177636845}
-----------------------
Epoch 21/100
Training statistic: Loss: 0.7519, train_score: {'mae': 0.7222816, 'mse': 0.75185835, 'r2': 0.43145546468044305}
Validation statistic: Loss: 0.7333, dev_score: {'mae': 0.7198378, 'mse': 0.7332902, 'r2': 0.4440927085979086}
-----------------------
Epoch 22/100
Training statistic: Loss: 1.0211, train_score: {'mae': 0.8425714, 'mse': 1.0210667, 'r2': 0.227883992320714}
Validation statistic: Loss: 0.9807, dev_score: {'mae': 0.8358622, 'mse': 0.9807169, 'r2': 0.2565185653990997}
-----------------------
Epoch 23/100
Training statistic: Loss: 0.7011, train_score: {'mae': 0.699277, 'mse': 0.7010668, 'r2': 0.46986329914873604}
Validation statistic: Loss: 0.6926, dev_score: {'mae': 0.69858754, 'mse': 0.6925746, 'r2': 0.47495919582695956}
-----------------------
Epoch 24/100
Training statistic: Loss: 0.6617, train_score: {'mae': 0.6654672, 'mse': 0.6617079, 'r2': 0.49962599820528053}
Validation statistic: Loss: 0.6518, dev_score: {'mae': 0.6685748, 'mse': 0.65181386, 'r2': 0.5058599594962573}
Saving model...
Model saved!
-------------------------------------------
-----------------------
Epoch 25/100
Training statistic: Loss: 0.7773, train_score: {'mae': 0.73213434, 'mse': 0.7773328, 'r2': 0.41219205757430766}
Validation statistic: Loss: 0.7523, dev_score: {'mae': 0.72973704, 'mse': 0.75228095, 'r2': 0.42969581080375807}
-----------------------
Epoch 26/100
Training statistic: Loss: 0.7958, train_score: {'mae': 0.7469864, 'mse': 0.79580504, 'r2': 0.3982235869589016}
Validation statistic: Loss: 0.7897, dev_score: {'mae': 0.74705595, 'mse': 0.78966296, 'r2': 0.4013565383110308}
-----------------------
Epoch 27/100
Training statistic: Loss: 0.6982, train_score: {'mae': 0.6863056, 'mse': 0.6981964, 'r2': 0.4720338825643482}
Validation statistic: Loss: 0.6806, dev_score: {'mae': 0.68395114, 'mse': 0.6806463, 'r2': 0.48400206025307146}
-----------------------
Epoch 28/100
Training statistic: Loss: 0.7679, train_score: {'mae': 0.7236683, 'mse': 0.76786685, 'r2': 0.419350038392453}
Validation statistic: Loss: 0.7319, dev_score: {'mae': 0.7171843, 'mse': 0.73194623, 'r2': 0.44511157759734055}
-----------------------
Epoch 29/100
Training statistic: Loss: 0.7434, train_score: {'mae': 0.6904446, 'mse': 0.74339414, 'r2': 0.4378560097112264}
Validation statistic: Loss: 0.6903, dev_score: {'mae': 0.68002766, 'mse': 0.6902548, 'r2': 0.4767178295839488}
-----------------------
Epoch 30/100
Training statistic: Loss: 0.7025, train_score: {'mae': 0.6826179, 'mse': 0.7024855, 'r2': 0.46879053257152703}
Validation statistic: Loss: 0.6917, dev_score: {'mae': 0.6841536, 'mse': 0.6917251, 'r2': 0.4756032656242509}
-----------------------
Epoch 31/100
Training statistic: Loss: 0.8977, train_score: {'mae': 0.7868569, 'mse': 0.89774805, 'r2': 0.3211357405344034}
Validation statistic: Loss: 0.8556, dev_score: {'mae': 0.7743339, 'mse': 0.85558057, 'r2': 0.35138440533262427}
-----------------------
Epoch 32/100
Training statistic: Loss: 0.8528, train_score: {'mae': 0.76085496, 'mse': 0.8528091, 'r2': 0.3551179395888401}
Validation statistic: Loss: 0.8176, dev_score: {'mae': 0.75139093, 'mse': 0.8176271, 'r2': 0.3801569408668024}
-----------------------
Epoch 33/100
Training statistic: Loss: 0.6829, train_score: {'mae': 0.668745, 'mse': 0.68290055, 'r2': 0.4836003569325018}
Validation statistic: Loss: 0.6774, dev_score: {'mae': 0.6661629, 'mse': 0.6774125, 'r2': 0.48645359779177055}
-----------------------
Epoch 34/100
Training statistic: Loss: 0.8696, train_score: {'mae': 0.76854825, 'mse': 0.8696491, 'r2': 0.3423838010645931}
Validation statistic: Loss: 0.8603, dev_score: {'mae': 0.764435, 'mse': 0.86026907, 'r2': 0.3478300833626585}
-----------------------
Epoch 35/100
Training statistic: Loss: 0.6568, train_score: {'mae': 0.6404955, 'mse': 0.65675426, 'r2': 0.5033717972686288}
Validation statistic: Loss: 0.6535, dev_score: {'mae': 0.6382367, 'mse': 0.6535306, 'r2': 0.5045584837539789}
-----------------------
Epoch 36/100
Training statistic: Loss: 0.8430, train_score: {'mae': 0.76279265, 'mse': 0.84300786, 'r2': 0.36252953241596075}
Validation statistic: Loss: 0.8236, dev_score: {'mae': 0.7575986, 'mse': 0.8236033, 'r2': 0.3756263435404821}
-----------------------
Epoch 37/100
Training statistic: Loss: 0.7540, train_score: {'mae': 0.7059128, 'mse': 0.7540336, 'r2': 0.42981054201958746}
Validation statistic: Loss: 0.7408, dev_score: {'mae': 0.7025166, 'mse': 0.7408179, 'r2': 0.43838601326294724}
-----------------------
Epoch 38/100
Training statistic: Loss: 0.8677, train_score: {'mae': 0.7595455, 'mse': 0.8676559, 'r2': 0.34389104247313296}
Validation statistic: Loss: 0.8365, dev_score: {'mae': 0.7482052, 'mse': 0.8365319, 'r2': 0.3658252003193073}
-----------------------
Epoch 39/100
Training statistic: Loss: 0.8577, train_score: {'mae': 0.7731888, 'mse': 0.85771376, 'r2': 0.3514090956974065}
Validation statistic: Loss: 0.8558, dev_score: {'mae': 0.7716665, 'mse': 0.85581315, 'r2': 0.351208020047461}
-----------------------
Epoch 40/100
Training statistic: Loss: 0.8196, train_score: {'mae': 0.7084657, 'mse': 0.8195911, 'r2': 0.38023690259024845}
Validation statistic: Loss: 0.7984, dev_score: {'mae': 0.7068855, 'mse': 0.7984154, 'r2': 0.3947213052020895}
-----------------------
Epoch 41/100
Training statistic: Loss: 0.7389, train_score: {'mae': 0.6828144, 'mse': 0.73889214, 'r2': 0.4412603696865194}
Validation statistic: Loss: 0.7283, dev_score: {'mae': 0.6839423, 'mse': 0.7282936, 'r2': 0.44788064281701323}
-----------------------
Epoch 42/100
Training statistic: Loss: 0.8220, train_score: {'mae': 0.7402241, 'mse': 0.82198286, 'r2': 0.3784283232535183}
Validation statistic: Loss: 0.8036, dev_score: {'mae': 0.7364657, 'mse': 0.8035876, 'r2': 0.390800234165126}
-----------------------
Epoch 43/100
Training statistic: Loss: 0.6961, train_score: {'mae': 0.6513686, 'mse': 0.6960991, 'r2': 0.47361982673929715}
Validation statistic: Loss: 0.6903, dev_score: {'mae': 0.6527436, 'mse': 0.6902547, 'r2': 0.4767179340736415}
-----------------------
Epoch 44/100
Training statistic: Loss: 0.8014, train_score: {'mae': 0.7200184, 'mse': 0.8013899, 'r2': 0.3940003983616993}
Validation statistic: Loss: 0.7727, dev_score: {'mae': 0.7136646, 'mse': 0.7727247, 'r2': 0.41419746026491133}
-----------------------
Epoch 45/100
Training statistic: Loss: 0.7347, train_score: {'mae': 0.68113214, 'mse': 0.73474836, 'r2': 0.44439374013575916}
Validation statistic: Loss: 0.7349, dev_score: {'mae': 0.6866071, 'mse': 0.73486173, 'r2': 0.4429013359241999}
-----------------------
Epoch 46/100
Training statistic: Loss: 0.7199, train_score: {'mae': 0.70070726, 'mse': 0.7198588, 'r2': 0.45565304767122206}
Validation statistic: Loss: 0.7123, dev_score: {'mae': 0.699098, 'mse': 0.7123355, 'r2': 0.4599785176351304}
-----------------------
Epoch 47/100
Training statistic: Loss: 0.7282, train_score: {'mae': 0.6815577, 'mse': 0.72815573, 'r2': 0.44937906631312274}
Validation statistic: Loss: 0.7140, dev_score: {'mae': 0.6769422, 'mse': 0.7140133, 'r2': 0.45870652238564547}
-----------------------
Epoch 48/100
Training statistic: Loss: 0.7452, train_score: {'mae': 0.71893835, 'mse': 0.74517417, 'r2': 0.4365099325743592}
Validation statistic: Loss: 0.7506, dev_score: {'mae': 0.72394276, 'mse': 0.7505793, 'r2': 0.430985855234553}
-----------------------
Epoch 49/100
Training statistic: Loss: 0.7124, train_score: {'mae': 0.65421426, 'mse': 0.71242744, 'r2': 0.4612725642181975}
Validation statistic: Loss: 0.7243, dev_score: {'mae': 0.6629301, 'mse': 0.7243055, 'r2': 0.45090405342459716}
-----------------------
Epoch 50/100
Training statistic: Loss: 0.7621, train_score: {'mae': 0.6952148, 'mse': 0.7621195, 'r2': 0.4236961853128084}
Validation statistic: Loss: 0.7540, dev_score: {'mae': 0.6912383, 'mse': 0.75402147, 'r2': 0.42837634918132983}
-----------------------
Epoch 51/100
Training statistic: Loss: 0.7812, train_score: {'mae': 0.7378684, 'mse': 0.7811961, 'r2': 0.4092706244950386}
Validation statistic: Loss: 0.7941, dev_score: {'mae': 0.7443557, 'mse': 0.79405195, 'r2': 0.39802926180826437}
-----------------------
Epoch 52/100
Training statistic: Loss: 0.8112, train_score: {'mae': 0.7446759, 'mse': 0.81119615, 'r2': 0.3865850883696941}
Validation statistic: Loss: 0.7897, dev_score: {'mae': 0.7345143, 'mse': 0.7897494, 'r2': 0.4012909805638071}
-----------------------
Epoch 53/100
Training statistic: Loss: 0.6858, train_score: {'mae': 0.6632734, 'mse': 0.6857864, 'r2': 0.48141812225024905}
Validation statistic: Loss: 0.6832, dev_score: {'mae': 0.6633798, 'mse': 0.6831935, 'r2': 0.4820710308714089}
-----------------------
Epoch 54/100
Training statistic: Loss: 0.8492, train_score: {'mae': 0.77288175, 'mse': 0.84924215, 'r2': 0.3578152276341924}
Validation statistic: Loss: 0.8478, dev_score: {'mae': 0.7739842, 'mse': 0.84780455, 'r2': 0.35727935615225703}
-----------------------
Epoch 55/100
Training statistic: Loss: 0.7216, train_score: {'mae': 0.7048839, 'mse': 0.7216398, 'r2': 0.454306311580977}
Validation statistic: Loss: 0.7240, dev_score: {'mae': 0.70830965, 'mse': 0.72401154, 'r2': 0.45112692657744125}
Early stopping (loss) triggered!
Early stopping by loss
Testing statistic: loss: 0.6627999812133553, scores: {'mae': 0.66457486, 'mse': 0.66279995, 'r2': 0.5159358954205344}
Finish training!
