=====Setting up data=====
Dataset name:mnist12
train_option:original
augment_option:None
mix_ratio:-1
n_sample:-1
Training dataset size: 54144 samples
Validation dataset size: 6144 samples

=====Setting up parameters for training=====
num_epochs: 100
learning_rate: 0.001
patience: 30
early_stop_criterion: loss
=====Setting up trainer=====
input_size: 144
model: DNN_MNIST12
----------------------------------------------------------------
        Layer (type)               Output Shape         Param #
================================================================
           Dropout-1                  [-1, 144]               0
            Linear-2                 [-1, 1024]         148,480
         LeakyReLU-3                 [-1, 1024]               0
       BatchNorm1d-4                 [-1, 1024]           2,048
           Dropout-5                 [-1, 1024]               0
            Linear-6                 [-1, 1024]       1,049,600
         LeakyReLU-7                 [-1, 1024]               0
       BatchNorm1d-8                 [-1, 1024]           2,048
           Dropout-9                 [-1, 1024]               0
           Linear-10                  [-1, 256]         262,400
        LeakyReLU-11                  [-1, 256]               0
      BatchNorm1d-12                  [-1, 256]             512
          Dropout-13                  [-1, 256]               0
           Linear-14                   [-1, 10]           2,570
================================================================
Total params: 1,467,658
Trainable params: 1,467,658
Non-trainable params: 0
----------------------------------------------------------------
Input size (MB): 0.00
Forward/backward pass size (MB): 0.07
Params size (MB): 5.60
Estimated Total Size (MB): 5.67
----------------------------------------------------------------
=====Setting up output files=====
weight_dir, weight_file: /home/thuy/Research/minh_data_synth/TabularDA/.cache/mnist_head_fixed_runtime_20261009/output/mnist_head_fixed_20261009/mnist12/weight/, mnist12_seed43_real_original.weights.pth
acc_dir, acc_file: /home/thuy/Research/minh_data_synth/TabularDA/.cache/mnist_head_fixed_runtime_20261009/output/mnist_head_fixed_20261009/mnist12/acc/, mnist12_seed43_real_original.epochs.csv
report_file: mnist12_seed43_real_original.report.txt
==========================================================================================
Start training...
-----------------------
Epoch 1/100
Training statistic: Loss: 0.2770, train_score: {'accuracy': 0.9103782304876696, 'balanced_accuracy': 0.9087363332507608, 'f1_macro': 0.909822861816231, 'f1_micro': 0.9103782304876696, 'f1_weighted': 0.9104800919404109, 'precision_macro': 0.9128480014462653, 'precision_micro': 0.9103782304876696, 'precision_weighted': 0.9124978984610792, 'recall_macro': 0.9087363332507608, 'recall_micro': 0.9103782304876696, 'recall_weighted': 0.9103782304876696}
Validation statistic: Loss: 0.2942, dev_score: {'accuracy': 0.9051881319409912, 'balanced_accuracy': 0.9032425461629228, 'f1_macro': 0.9045121768674239, 'f1_micro': 0.9051881319409912, 'f1_weighted': 0.905140230902674, 'precision_macro': 0.9082493998617311, 'precision_micro': 0.9051881319409912, 'precision_weighted': 0.9075373493590662, 'recall_macro': 0.9032425461629228, 'recall_micro': 0.9051881319409912, 'recall_weighted': 0.9051881319409912}
Saving model...
Model saved!
-------------------------------------------
-----------------------
Epoch 2/100
Training statistic: Loss: 0.2285, train_score: {'accuracy': 0.9246681702222058, 'balanced_accuracy': 0.9231459979578972, 'f1_macro': 0.9242248617928424, 'f1_micro': 0.9246681702222058, 'f1_weighted': 0.9248051748290098, 'precision_macro': 0.9266859307675762, 'precision_micro': 0.9246681702222058, 'precision_weighted': 0.9262975367531778, 'recall_macro': 0.9231459979578972, 'recall_micro': 0.9246681702222058, 'recall_weighted': 0.9246681702222058}
Validation statistic: Loss: 0.2521, dev_score: {'accuracy': 0.9179512680258578, 'balanced_accuracy': 0.9159588724036203, 'f1_macro': 0.9174344777363526, 'f1_micro': 0.9179512680258578, 'f1_weighted': 0.9180057321414399, 'precision_macro': 0.9208965999155343, 'precision_micro': 0.9179512680258578, 'precision_weighted': 0.920041542961539, 'recall_macro': 0.9159588724036203, 'recall_micro': 0.9179512680258578, 'recall_weighted': 0.9179512680258578}
Saving model...
Model saved!
-------------------------------------------
-----------------------
Epoch 3/100
Training statistic: Loss: 0.2067, train_score: {'accuracy': 0.9319517876289423, 'balanced_accuracy': 0.9308685276157587, 'f1_macro': 0.931650163880277, 'f1_micro': 0.9319517876289423, 'f1_weighted': 0.9320171166307643, 'precision_macro': 0.9331063183858278, 'precision_micro': 0.9319517876289423, 'precision_weighted': 0.9327771345412881, 'recall_macro': 0.9308685276157587, 'recall_micro': 0.9319517876289423, 'recall_weighted': 0.9319517876289423}
Validation statistic: Loss: 0.2349, dev_score: {'accuracy': 0.922758163434444, 'balanced_accuracy': 0.9213925589488852, 'f1_macro': 0.922388773738329, 'f1_micro': 0.922758163434444, 'f1_weighted': 0.9227082379407052, 'precision_macro': 0.9245146818833925, 'precision_micro': 0.922758163434444, 'precision_weighted': 0.9238399169507902, 'recall_macro': 0.9213925589488852, 'recall_micro': 0.922758163434444, 'recall_weighted': 0.922758163434444}
Saving model...
Model saved!
-------------------------------------------
-----------------------
Epoch 4/100
Training statistic: Loss: 0.1919, train_score: {'accuracy': 0.9373682848375051, 'balanced_accuracy': 0.9362728985397026, 'f1_macro': 0.9370045176225791, 'f1_micro': 0.9373682848375051, 'f1_weighted': 0.9374891152881712, 'precision_macro': 0.9384482142308277, 'precision_micro': 0.9373682848375051, 'precision_weighted': 0.9383028565006214, 'recall_macro': 0.9362728985397026, 'recall_micro': 0.9373682848375051, 'recall_weighted': 0.9373682848375051}
Validation statistic: Loss: 0.2210, dev_score: {'accuracy': 0.9280623238852975, 'balanced_accuracy': 0.9266539524812982, 'f1_macro': 0.9276036153889186, 'f1_micro': 0.9280623238852975, 'f1_weighted': 0.9280463557417248, 'precision_macro': 0.929588956591674, 'precision_micro': 0.9280623238852975, 'precision_weighted': 0.9290538292077181, 'recall_macro': 0.9266539524812982, 'recall_micro': 0.9280623238852975, 'recall_weighted': 0.9280623238852975}
Saving model...
Model saved!
-------------------------------------------
-----------------------
Epoch 5/100
Training statistic: Loss: 0.1885, train_score: {'accuracy': 0.9370170444041853, 'balanced_accuracy': 0.9357677213057809, 'f1_macro': 0.9366387093356842, 'f1_micro': 0.9370170444041853, 'f1_weighted': 0.9370791902474179, 'precision_macro': 0.9385512766886853, 'precision_micro': 0.9370170444041853, 'precision_weighted': 0.9381729191295991, 'recall_macro': 0.9357677213057809, 'recall_micro': 0.9370170444041853, 'recall_weighted': 0.9370170444041853}
Validation statistic: Loss: 0.2183, dev_score: {'accuracy': 0.9290568539698326, 'balanced_accuracy': 0.9276531498104603, 'f1_macro': 0.9285522549034368, 'f1_micro': 0.9290568539698326, 'f1_weighted': 0.9289893579875228, 'precision_macro': 0.9308829422988625, 'precision_micro': 0.9290568539698326, 'precision_weighted': 0.93036891581875, 'recall_macro': 0.9276531498104603, 'recall_micro': 0.9290568539698326, 'recall_weighted': 0.9290568539698326}
Saving model...
Model saved!
-------------------------------------------
-----------------------
Epoch 6/100
Training statistic: Loss: 0.1786, train_score: {'accuracy': 0.9408252301549155, 'balanced_accuracy': 0.9396083198518662, 'f1_macro': 0.940546133141952, 'f1_micro': 0.9408252301549155, 'f1_weighted': 0.9409621891289275, 'precision_macro': 0.942565604751805, 'precision_micro': 0.9408252301549155, 'precision_weighted': 0.9421644706380693, 'recall_macro': 0.9396083198518662, 'recall_micro': 0.9408252301549155, 'recall_weighted': 0.9408252301549155}
Validation statistic: Loss: 0.2086, dev_score: {'accuracy': 0.931377424167081, 'balanced_accuracy': 0.9298426352210594, 'f1_macro': 0.9311144072339987, 'f1_micro': 0.931377424167081, 'f1_weighted': 0.9314789409749717, 'precision_macro': 0.9338411672771205, 'precision_micro': 0.931377424167081, 'precision_weighted': 0.9330417927287656, 'recall_macro': 0.9298426352210594, 'recall_micro': 0.931377424167081, 'recall_weighted': 0.931377424167081}
Saving model...
Model saved!
-------------------------------------------
-----------------------
Epoch 7/100
Training statistic: Loss: 0.1681, train_score: {'accuracy': 0.9448367656301992, 'balanced_accuracy': 0.9437715459104595, 'f1_macro': 0.94451106857129, 'f1_micro': 0.9448367656301992, 'f1_weighted': 0.9449513771152254, 'precision_macro': 0.9459895825262883, 'precision_micro': 0.9448367656301992, 'precision_weighted': 0.9457819567668356, 'recall_macro': 0.9437715459104595, 'recall_micro': 0.9448367656301992, 'recall_weighted': 0.9448367656301992}
Validation statistic: Loss: 0.1999, dev_score: {'accuracy': 0.933200729322062, 'balanced_accuracy': 0.9319198143124702, 'f1_macro': 0.9329000412738045, 'f1_micro': 0.933200729322062, 'f1_weighted': 0.933306112347941, 'precision_macro': 0.9350348515028923, 'precision_micro': 0.933200729322062, 'precision_weighted': 0.934556361950832, 'recall_macro': 0.9319198143124702, 'recall_micro': 0.933200729322062, 'recall_weighted': 0.933200729322062}
Saving model...
Model saved!
-------------------------------------------
-----------------------
Epoch 8/100
Training statistic: Loss: 0.1565, train_score: {'accuracy': 0.948681924058121, 'balanced_accuracy': 0.9478247072607282, 'f1_macro': 0.9483888147505688, 'f1_micro': 0.948681924058121, 'f1_weighted': 0.9487001540286066, 'precision_macro': 0.9493366687498742, 'precision_micro': 0.948681924058121, 'precision_weighted': 0.9491028942922822, 'recall_macro': 0.9478247072607282, 'recall_micro': 0.948681924058121, 'recall_weighted': 0.948681924058121}
Validation statistic: Loss: 0.1916, dev_score: {'accuracy': 0.9376761147024697, 'balanced_accuracy': 0.9365454846473911, 'f1_macro': 0.9372175902735739, 'f1_micro': 0.9376761147024697, 'f1_weighted': 0.9376248944068007, 'precision_macro': 0.9386728211586292, 'precision_micro': 0.9376761147024697, 'precision_weighted': 0.9383527159699048, 'recall_macro': 0.9365454846473911, 'recall_micro': 0.9376761147024697, 'recall_weighted': 0.9376761147024697}
Saving model...
Model saved!
-------------------------------------------
-----------------------
Epoch 9/100
Training statistic: Loss: 0.1533, train_score: {'accuracy': 0.9489592191370577, 'balanced_accuracy': 0.9482089772707987, 'f1_macro': 0.9487202421645016, 'f1_micro': 0.9489592191370577, 'f1_weighted': 0.9490833205322036, 'precision_macro': 0.9497643163737465, 'precision_micro': 0.9489592191370577, 'precision_weighted': 0.9497387675344988, 'recall_macro': 0.9482089772707987, 'recall_micro': 0.9489592191370577, 'recall_weighted': 0.9489592191370577}
Validation statistic: Loss: 0.1845, dev_score: {'accuracy': 0.9391679098292723, 'balanced_accuracy': 0.9381745607365855, 'f1_macro': 0.9388971615529158, 'f1_micro': 0.9391679098292723, 'f1_weighted': 0.9392528619647624, 'precision_macro': 0.940365852837054, 'precision_micro': 0.9391679098292723, 'precision_weighted': 0.9401023806135768, 'recall_macro': 0.9381745607365855, 'recall_micro': 0.9391679098292723, 'recall_weighted': 0.9391679098292723}
Saving model...
Model saved!
-------------------------------------------
-----------------------
Epoch 10/100
Training statistic: Loss: 0.1472, train_score: {'accuracy': 0.9514733611860835, 'balanced_accuracy': 0.9506579367944245, 'f1_macro': 0.9512832259293621, 'f1_micro': 0.9514733611860835, 'f1_weighted': 0.9515803746071175, 'precision_macro': 0.9524323812006775, 'precision_micro': 0.9514733611860835, 'precision_weighted': 0.9522050978160136, 'recall_macro': 0.9506579367944245, 'recall_micro': 0.9514733611860835, 'recall_weighted': 0.9514733611860835}
Validation statistic: Loss: 0.1810, dev_score: {'accuracy': 0.9404939499419858, 'balanced_accuracy': 0.939275717545444, 'f1_macro': 0.9400742699228959, 'f1_micro': 0.9404939499419858, 'f1_weighted': 0.940527190348159, 'precision_macro': 0.9416965812042573, 'precision_micro': 0.9404939499419858, 'precision_weighted': 0.9413803916058813, 'recall_macro': 0.939275717545444, 'recall_micro': 0.9404939499419858, 'recall_weighted': 0.9404939499419858}
Saving model...
Model saved!
-------------------------------------------
-----------------------
Epoch 11/100
Training statistic: Loss: 0.1460, train_score: {'accuracy': 0.9510666617369764, 'balanced_accuracy': 0.9502705196395874, 'f1_macro': 0.9509194728547138, 'f1_micro': 0.9510666617369764, 'f1_weighted': 0.9512799742523751, 'precision_macro': 0.9524521159323859, 'precision_micro': 0.9510666617369764, 'precision_weighted': 0.952367262409689, 'recall_macro': 0.9502705196395874, 'recall_micro': 0.9510666617369764, 'recall_weighted': 0.9510666617369764}
Validation statistic: Loss: 0.1819, dev_score: {'accuracy': 0.9386706447870048, 'balanced_accuracy': 0.9375741981697198, 'f1_macro': 0.9385117998076946, 'f1_micro': 0.9386706447870048, 'f1_weighted': 0.9388533949088201, 'precision_macro': 0.9404781985607784, 'precision_micro': 0.9386706447870048, 'precision_weighted': 0.9400655561990087, 'recall_macro': 0.9375741981697198, 'recall_micro': 0.9386706447870048, 'recall_weighted': 0.9386706447870048}
-----------------------
Epoch 12/100
Training statistic: Loss: 0.1439, train_score: {'accuracy': 0.9514918475246793, 'balanced_accuracy': 0.9505475089655061, 'f1_macro': 0.9512187075699605, 'f1_micro': 0.9514918475246793, 'f1_weighted': 0.9516528878654567, 'precision_macro': 0.9528105765205954, 'precision_micro': 0.9514918475246793, 'precision_weighted': 0.9527141413046194, 'recall_macro': 0.9505475089655061, 'recall_micro': 0.9514918475246793, 'recall_weighted': 0.9514918475246793}
Validation statistic: Loss: 0.1849, dev_score: {'accuracy': 0.9381733797447372, 'balanced_accuracy': 0.9370449572850447, 'f1_macro': 0.9378355249750255, 'f1_micro': 0.9381733797447372, 'f1_weighted': 0.9382153849657041, 'precision_macro': 0.939887014964522, 'precision_micro': 0.9381733797447372, 'precision_weighted': 0.9395050376564708, 'recall_macro': 0.9370449572850447, 'recall_micro': 0.9381733797447372, 'recall_weighted': 0.9381733797447372}
-----------------------
Epoch 13/100
Training statistic: Loss: 0.1333, train_score: {'accuracy': 0.9559470551262617, 'balanced_accuracy': 0.9553255248398731, 'f1_macro': 0.9557675932161839, 'f1_micro': 0.9559470551262617, 'f1_weighted': 0.9560917485987653, 'precision_macro': 0.9567640585798198, 'precision_micro': 0.9559470551262617, 'precision_weighted': 0.9567811726246954, 'recall_macro': 0.9553255248398731, 'recall_micro': 0.9559470551262617, 'recall_weighted': 0.9559470551262617}
Validation statistic: Loss: 0.1690, dev_score: {'accuracy': 0.9446378252942151, 'balanced_accuracy': 0.9438305515168528, 'f1_macro': 0.9444082723582413, 'f1_micro': 0.9446378252942151, 'f1_weighted': 0.9446978989267498, 'precision_macro': 0.9456256387760229, 'precision_micro': 0.9446378252942151, 'precision_weighted': 0.945403232226217, 'recall_macro': 0.9438305515168528, 'recall_micro': 0.9446378252942151, 'recall_weighted': 0.9446378252942151}
Saving model...
Model saved!
-------------------------------------------
-----------------------
Epoch 14/100
Training statistic: Loss: 0.1301, train_score: {'accuracy': 0.9562058638666026, 'balanced_accuracy': 0.95551118074583, 'f1_macro': 0.9559795934182699, 'f1_micro': 0.9562058638666026, 'f1_weighted': 0.9562963066850765, 'precision_macro': 0.956832589635472, 'precision_micro': 0.9562058638666026, 'precision_weighted': 0.9567623504122602, 'recall_macro': 0.95551118074583, 'recall_micro': 0.9562058638666026, 'recall_weighted': 0.9562058638666026}
Validation statistic: Loss: 0.1700, dev_score: {'accuracy': 0.9431460301674126, 'balanced_accuracy': 0.9420914341188436, 'f1_macro': 0.9427882157065387, 'f1_micro': 0.9431460301674126, 'f1_weighted': 0.943159576854873, 'precision_macro': 0.9440852645332101, 'precision_micro': 0.9431460301674126, 'precision_weighted': 0.9437673688602534, 'recall_macro': 0.9420914341188436, 'recall_micro': 0.9431460301674126, 'recall_weighted': 0.9431460301674126}
-----------------------
Epoch 15/100
Training statistic: Loss: 0.1298, train_score: {'accuracy': 0.956760454024476, 'balanced_accuracy': 0.9561886400033529, 'f1_macro': 0.9566601755359668, 'f1_micro': 0.956760454024476, 'f1_weighted': 0.9568984784203451, 'precision_macro': 0.9577423366588711, 'precision_micro': 0.956760454024476, 'precision_weighted': 0.9576465156355455, 'recall_macro': 0.9561886400033529, 'recall_micro': 0.956760454024476, 'recall_weighted': 0.956760454024476}
Validation statistic: Loss: 0.1711, dev_score: {'accuracy': 0.9426487651251451, 'balanced_accuracy': 0.941557254959549, 'f1_macro': 0.9424089853195954, 'f1_micro': 0.9426487651251451, 'f1_weighted': 0.9427188179568625, 'precision_macro': 0.9441814501300886, 'precision_micro': 0.9426487651251451, 'precision_weighted': 0.9437219945927152, 'recall_macro': 0.941557254959549, 'recall_micro': 0.9426487651251451, 'recall_weighted': 0.9426487651251451}
-----------------------
Epoch 16/100
Training statistic: Loss: 0.1294, train_score: {'accuracy': 0.9566310496543055, 'balanced_accuracy': 0.9557983594708948, 'f1_macro': 0.9564214940836949, 'f1_micro': 0.9566310496543055, 'f1_weighted': 0.9567654620336619, 'precision_macro': 0.9576563958474222, 'precision_micro': 0.9566310496543055, 'precision_weighted': 0.9574993125825699, 'recall_macro': 0.9557983594708948, 'recall_micro': 0.9566310496543055, 'recall_weighted': 0.9566310496543055}
Validation statistic: Loss: 0.1692, dev_score: {'accuracy': 0.9426487651251451, 'balanced_accuracy': 0.9413983442259453, 'f1_macro': 0.9422813709831344, 'f1_micro': 0.9426487651251451, 'f1_weighted': 0.9426586071930673, 'precision_macro': 0.9439908579960484, 'precision_micro': 0.9426487651251451, 'precision_weighted': 0.9434750331844792, 'recall_macro': 0.9413983442259453, 'recall_micro': 0.9426487651251451, 'recall_weighted': 0.9426487651251451}
-----------------------
Epoch 17/100
Training statistic: Loss: 0.1196, train_score: {'accuracy': 0.9601064813103117, 'balanced_accuracy': 0.9595605594344129, 'f1_macro': 0.959904125142035, 'f1_micro': 0.9601064813103117, 'f1_weighted': 0.9601875549957543, 'precision_macro': 0.9604879664279918, 'precision_micro': 0.9601064813103117, 'precision_weighted': 0.9605029134244808, 'recall_macro': 0.9595605594344129, 'recall_micro': 0.9601064813103117, 'recall_weighted': 0.9601064813103117}
Validation statistic: Loss: 0.1593, dev_score: {'accuracy': 0.9477871705619095, 'balanced_accuracy': 0.9469567837847876, 'f1_macro': 0.9477053639990933, 'f1_micro': 0.9477871705619095, 'f1_weighted': 0.9478555610520701, 'precision_macro': 0.9488573301263733, 'precision_micro': 0.9477871705619095, 'precision_weighted': 0.9483251965263342, 'recall_macro': 0.9469567837847876, 'recall_micro': 0.9477871705619095, 'recall_weighted': 0.9477871705619095}
Saving model...
Model saved!
-------------------------------------------
-----------------------
Epoch 18/100
Training statistic: Loss: 0.1197, train_score: {'accuracy': 0.9599031315857581, 'balanced_accuracy': 0.9592001487528317, 'f1_macro': 0.9596698121498838, 'f1_micro': 0.9599031315857581, 'f1_weighted': 0.9599793858333925, 'precision_macro': 0.9605724243013001, 'precision_micro': 0.9599031315857581, 'precision_weighted': 0.9604769930759292, 'recall_macro': 0.9592001487528317, 'recall_micro': 0.9599031315857581, 'recall_weighted': 0.9599031315857581}
Validation statistic: Loss: 0.1620, dev_score: {'accuracy': 0.9457981103928393, 'balanced_accuracy': 0.9450659726568116, 'f1_macro': 0.9455757268093915, 'f1_micro': 0.9457981103928393, 'f1_weighted': 0.9458068132603505, 'precision_macro': 0.9467087411450243, 'precision_micro': 0.9457981103928393, 'precision_weighted': 0.9464362841791374, 'recall_macro': 0.9450659726568116, 'recall_micro': 0.9457981103928393, 'recall_weighted': 0.9457981103928393}
-----------------------
Epoch 19/100
Training statistic: Loss: 0.1186, train_score: {'accuracy': 0.9603837763892483, 'balanced_accuracy': 0.9597945633467578, 'f1_macro': 0.9602583401230884, 'f1_micro': 0.9603837763892483, 'f1_weighted': 0.9604974549314648, 'precision_macro': 0.9612254628745645, 'precision_micro': 0.9603837763892483, 'precision_weighted': 0.9611123967795518, 'recall_macro': 0.9597945633467578, 'recall_micro': 0.9603837763892483, 'recall_weighted': 0.9603837763892483}
Validation statistic: Loss: 0.1617, dev_score: {'accuracy': 0.9462953754351069, 'balanced_accuracy': 0.945685809367075, 'f1_macro': 0.9462237042627972, 'f1_micro': 0.9462953754351069, 'f1_weighted': 0.9462951617407321, 'precision_macro': 0.9474420595431422, 'precision_micro': 0.9462953754351069, 'precision_weighted': 0.9469869617162727, 'recall_macro': 0.945685809367075, 'recall_micro': 0.9462953754351069, 'recall_weighted': 0.9462953754351069}
-----------------------
Epoch 20/100
Training statistic: Loss: 0.1154, train_score: {'accuracy': 0.9613080933190372, 'balanced_accuracy': 0.9607222221919012, 'f1_macro': 0.9611210941201115, 'f1_micro': 0.9613080933190372, 'f1_weighted': 0.961417345872717, 'precision_macro': 0.9619408134922411, 'precision_micro': 0.9613080933190372, 'precision_weighted': 0.9619378364450636, 'recall_macro': 0.9607222221919012, 'recall_micro': 0.9613080933190372, 'recall_weighted': 0.9613080933190372}
Validation statistic: Loss: 0.1587, dev_score: {'accuracy': 0.9449693353223935, 'balanced_accuracy': 0.9441763550084193, 'f1_macro': 0.9447989029040829, 'f1_micro': 0.9449693353223935, 'f1_weighted': 0.9450270210556837, 'precision_macro': 0.9460250035628575, 'precision_micro': 0.9449693353223935, 'precision_weighted': 0.9456852672368822, 'recall_macro': 0.9441763550084193, 'recall_micro': 0.9449693353223935, 'recall_weighted': 0.9449693353223935}
Saving model...
Model saved!
-------------------------------------------
-----------------------
Epoch 21/100
Training statistic: Loss: 0.1123, train_score: {'accuracy': 0.9623987872961881, 'balanced_accuracy': 0.961891337325661, 'f1_macro': 0.9622480869576873, 'f1_micro': 0.9623987872961881, 'f1_weighted': 0.9624867587687087, 'precision_macro': 0.9629853735841717, 'precision_micro': 0.9623987872961881, 'precision_weighted': 0.9629479191338381, 'recall_macro': 0.961891337325661, 'recall_micro': 0.9623987872961881, 'recall_weighted': 0.9623987872961881}
Validation statistic: Loss: 0.1551, dev_score: {'accuracy': 0.9481186805900879, 'balanced_accuracy': 0.9474022079277786, 'f1_macro': 0.9479981799843775, 'f1_micro': 0.9481186805900879, 'f1_weighted': 0.9481417786802232, 'precision_macro': 0.9490980780546329, 'precision_micro': 0.9481186805900879, 'precision_weighted': 0.9486727697763828, 'recall_macro': 0.9474022079277786, 'recall_micro': 0.9481186805900879, 'recall_weighted': 0.9481186805900879}
Saving model...
Model saved!
-------------------------------------------
-----------------------
Epoch 22/100
Training statistic: Loss: 0.1109, train_score: {'accuracy': 0.9627130550523163, 'balanced_accuracy': 0.9620730122433706, 'f1_macro': 0.9625601188418027, 'f1_micro': 0.9627130550523163, 'f1_weighted': 0.9628231135364884, 'precision_macro': 0.9634739293568024, 'precision_micro': 0.9627130550523163, 'precision_weighted': 0.9633504548410918, 'recall_macro': 0.9620730122433706, 'recall_micro': 0.9627130550523163, 'recall_weighted': 0.9627130550523163}
Validation statistic: Loss: 0.1526, dev_score: {'accuracy': 0.9466268854632852, 'balanced_accuracy': 0.945746725907959, 'f1_macro': 0.9466460668097835, 'f1_micro': 0.9466268854632852, 'f1_weighted': 0.9467167395370166, 'precision_macro': 0.9481889805030288, 'precision_micro': 0.9466268854632852, 'precision_weighted': 0.9474436962627094, 'recall_macro': 0.945746725907959, 'recall_micro': 0.9466268854632852, 'recall_weighted': 0.9466268854632852}
Saving model...
Model saved!
-------------------------------------------
-----------------------
Epoch 23/100
Training statistic: Loss: 0.1107, train_score: {'accuracy': 0.9630642954856361, 'balanced_accuracy': 0.9624296714385958, 'f1_macro': 0.9628975869892056, 'f1_micro': 0.9630642954856361, 'f1_weighted': 0.9631354448380736, 'precision_macro': 0.9636935951994999, 'precision_micro': 0.9630642954856361, 'precision_weighted': 0.9635281839436729, 'recall_macro': 0.9624296714385958, 'recall_micro': 0.9630642954856361, 'recall_weighted': 0.9630642954856361}
Validation statistic: Loss: 0.1583, dev_score: {'accuracy': 0.947289905519642, 'balanced_accuracy': 0.9464678708305279, 'f1_macro': 0.9470815346564618, 'f1_micro': 0.947289905519642, 'f1_weighted': 0.9473045719314568, 'precision_macro': 0.9484370215937148, 'precision_micro': 0.947289905519642, 'precision_weighted': 0.9480524738778051, 'recall_macro': 0.9464678708305279, 'recall_micro': 0.947289905519642, 'recall_weighted': 0.947289905519642}
-----------------------
Epoch 24/100
Training statistic: Loss: 0.1108, train_score: {'accuracy': 0.9628609457610826, 'balanced_accuracy': 0.962178517168792, 'f1_macro': 0.9627328590096695, 'f1_micro': 0.9628609457610826, 'f1_weighted': 0.9629784217432562, 'precision_macro': 0.9638404122746987, 'precision_micro': 0.9628609457610826, 'precision_weighted': 0.9636352941777768, 'recall_macro': 0.962178517168792, 'recall_micro': 0.9628609457610826, 'recall_weighted': 0.9628609457610826}
Validation statistic: Loss: 0.1591, dev_score: {'accuracy': 0.9464611304491961, 'balanced_accuracy': 0.9453644255368481, 'f1_macro': 0.946226506351884, 'f1_micro': 0.9464611304491961, 'f1_weighted': 0.9464855828659359, 'precision_macro': 0.9478359024690866, 'precision_micro': 0.9464611304491961, 'precision_weighted': 0.9472479431238005, 'recall_macro': 0.9453644255368481, 'recall_micro': 0.9464611304491961, 'recall_weighted': 0.9464611304491961}
-----------------------
Epoch 25/100
Training statistic: Loss: 0.1045, train_score: {'accuracy': 0.9645616889118941, 'balanced_accuracy': 0.9639522297465085, 'f1_macro': 0.9643647108362629, 'f1_micro': 0.9645616889118941, 'f1_weighted': 0.9646434641557295, 'precision_macro': 0.9651355113534941, 'precision_micro': 0.9645616889118941, 'precision_weighted': 0.9650707394128951, 'recall_macro': 0.9639522297465085, 'recall_micro': 0.9645616889118941, 'recall_weighted': 0.9645616889118941}
Validation statistic: Loss: 0.1529, dev_score: {'accuracy': 0.9481186805900879, 'balanced_accuracy': 0.9471455975592867, 'f1_macro': 0.9480023716171185, 'f1_micro': 0.9481186805900879, 'f1_weighted': 0.9481942772240196, 'precision_macro': 0.9494365299057156, 'precision_micro': 0.9481186805900879, 'precision_weighted': 0.9488366617825585, 'recall_macro': 0.9471455975592867, 'recall_micro': 0.9481186805900879, 'recall_weighted': 0.9481186805900879}
-----------------------
Epoch 26/100
Training statistic: Loss: 0.1047, train_score: {'accuracy': 0.9650053610381928, 'balanced_accuracy': 0.9644204078822017, 'f1_macro': 0.9648537774540884, 'f1_micro': 0.9650053610381928, 'f1_weighted': 0.9650842418295902, 'precision_macro': 0.9655618095211806, 'precision_micro': 0.9650053610381928, 'precision_weighted': 0.9654302405496243, 'recall_macro': 0.9644204078822017, 'recall_micro': 0.9650053610381928, 'recall_weighted': 0.9650053610381928}
Validation statistic: Loss: 0.1538, dev_score: {'accuracy': 0.9522625559423172, 'balanced_accuracy': 0.9513565737439647, 'f1_macro': 0.9521022307038904, 'f1_micro': 0.9522625559423172, 'f1_weighted': 0.9523103687558802, 'precision_macro': 0.9533551786165099, 'precision_micro': 0.9522625559423172, 'precision_weighted': 0.9528638740220071, 'recall_macro': 0.9513565737439647, 'recall_micro': 0.9522625559423172, 'recall_weighted': 0.9522625559423172}
-----------------------
Epoch 27/100
Training statistic: Loss: 0.1084, train_score: {'accuracy': 0.9628979184382741, 'balanced_accuracy': 0.9623036898087818, 'f1_macro': 0.9628392235028865, 'f1_micro': 0.9628979184382741, 'f1_weighted': 0.9630757324656676, 'precision_macro': 0.9641451091943857, 'precision_micro': 0.9628979184382741, 'precision_weighted': 0.9640164219903509, 'recall_macro': 0.9623036898087818, 'recall_micro': 0.9628979184382741, 'recall_weighted': 0.9628979184382741}
Validation statistic: Loss: 0.1566, dev_score: {'accuracy': 0.9486159456323554, 'balanced_accuracy': 0.947710428329635, 'f1_macro': 0.9485201440969607, 'f1_micro': 0.9486159456323554, 'f1_weighted': 0.9487357404911482, 'precision_macro': 0.9503859595935665, 'precision_micro': 0.9486159456323554, 'precision_weighted': 0.949913669561768, 'recall_macro': 0.947710428329635, 'recall_micro': 0.9486159456323554, 'recall_weighted': 0.9486159456323554}
-----------------------
Epoch 28/100
Training statistic: Loss: 0.1033, train_score: {'accuracy': 0.965818759936407, 'balanced_accuracy': 0.9653550424565553, 'f1_macro': 0.9657007936472313, 'f1_micro': 0.965818759936407, 'f1_weighted': 0.9659318052482644, 'precision_macro': 0.9664905727571652, 'precision_micro': 0.965818759936407, 'precision_weighted': 0.9664823188987226, 'recall_macro': 0.9653550424565553, 'recall_micro': 0.965818759936407, 'recall_weighted': 0.965818759936407}
Validation statistic: Loss: 0.1491, dev_score: {'accuracy': 0.9506050058014255, 'balanced_accuracy': 0.9498462915838528, 'f1_macro': 0.9504203285162383, 'f1_micro': 0.9506050058014255, 'f1_weighted': 0.9506455702911667, 'precision_macro': 0.9514551068835637, 'precision_micro': 0.9506050058014255, 'precision_weighted': 0.9511467557982898, 'recall_macro': 0.9498462915838528, 'recall_micro': 0.9506050058014255, 'recall_weighted': 0.9506050058014255}
Saving model...
Model saved!
-------------------------------------------
-----------------------
Epoch 29/100
Training statistic: Loss: 0.0999, train_score: {'accuracy': 0.9666691315118128, 'balanced_accuracy': 0.9662121896995959, 'f1_macro': 0.9665620845746892, 'f1_micro': 0.9666691315118128, 'f1_weighted': 0.9667830449208357, 'precision_macro': 0.9673207542093805, 'precision_micro': 0.9666691315118128, 'precision_weighted': 0.9673015226405397, 'recall_macro': 0.9662121896995959, 'recall_micro': 0.9666691315118128, 'recall_weighted': 0.9666691315118128}
Validation statistic: Loss: 0.1479, dev_score: {'accuracy': 0.9504392507873363, 'balanced_accuracy': 0.9498789210176547, 'f1_macro': 0.950391012796978, 'f1_micro': 0.9504392507873363, 'f1_weighted': 0.9505234178402242, 'precision_macro': 0.9514221812585895, 'precision_micro': 0.9504392507873363, 'precision_weighted': 0.9511370925134984, 'recall_macro': 0.9498789210176547, 'recall_micro': 0.9504392507873363, 'recall_weighted': 0.9504392507873363}
Saving model...
Model saved!
-------------------------------------------
-----------------------
Epoch 30/100
Training statistic: Loss: 0.1008, train_score: {'accuracy': 0.9665582134802381, 'balanced_accuracy': 0.9659682187755173, 'f1_macro': 0.9664121221980425, 'f1_micro': 0.9665582134802381, 'f1_weighted': 0.9666352306719329, 'precision_macro': 0.9672758238118921, 'precision_micro': 0.9665582134802381, 'precision_weighted': 0.9671241524533504, 'recall_macro': 0.9659682187755173, 'recall_micro': 0.9665582134802381, 'recall_weighted': 0.9665582134802381}
Validation statistic: Loss: 0.1486, dev_score: {'accuracy': 0.9525940659704956, 'balanced_accuracy': 0.9520529723400519, 'f1_macro': 0.9525433557852153, 'f1_micro': 0.9525940659704956, 'f1_weighted': 0.9525954358024938, 'precision_macro': 0.953617385607008, 'precision_micro': 0.9525940659704956, 'precision_weighted': 0.9531810237650259, 'recall_macro': 0.9520529723400519, 'recall_micro': 0.9525940659704956, 'recall_weighted': 0.9525940659704956}
-----------------------
Epoch 31/100
Training statistic: Loss: 0.1010, train_score: {'accuracy': 0.965985136983769, 'balanced_accuracy': 0.9654312612287572, 'f1_macro': 0.9658980354020497, 'f1_micro': 0.965985136983769, 'f1_weighted': 0.9661632116416372, 'precision_macro': 0.9670392131293435, 'precision_micro': 0.965985136983769, 'precision_weighted': 0.9670028914729136, 'recall_macro': 0.9654312612287572, 'recall_micro': 0.965985136983769, 'recall_weighted': 0.965985136983769}
Validation statistic: Loss: 0.1513, dev_score: {'accuracy': 0.9501077407591579, 'balanced_accuracy': 0.9491937996225971, 'f1_macro': 0.9501020176746208, 'f1_micro': 0.9501077407591579, 'f1_weighted': 0.9502633118660918, 'precision_macro': 0.9518846666526415, 'precision_micro': 0.9501077407591579, 'precision_weighted': 0.9512811544488529, 'recall_macro': 0.9491937996225971, 'recall_micro': 0.9501077407591579, 'recall_weighted': 0.9501077407591579}
-----------------------
Epoch 32/100
Training statistic: Loss: 0.1004, train_score: {'accuracy': 0.9665212408030466, 'balanced_accuracy': 0.9660440483169438, 'f1_macro': 0.9664655068831864, 'f1_micro': 0.9665212408030466, 'f1_weighted': 0.9666983487037876, 'precision_macro': 0.9675780796422344, 'precision_micro': 0.9665212408030466, 'precision_weighted': 0.9675574747624799, 'recall_macro': 0.9660440483169438, 'recall_micro': 0.9665212408030466, 'recall_weighted': 0.9665212408030466}
Validation statistic: Loss: 0.1528, dev_score: {'accuracy': 0.9487817006464445, 'balanced_accuracy': 0.9480579069517929, 'f1_macro': 0.9487985960330965, 'f1_micro': 0.9487817006464445, 'f1_weighted': 0.9489412293173741, 'precision_macro': 0.9505242952080648, 'precision_micro': 0.9487817006464445, 'precision_weighted': 0.9500989280126066, 'recall_macro': 0.9480579069517929, 'recall_micro': 0.9487817006464445, 'recall_weighted': 0.9487817006464445}
-----------------------
Epoch 33/100
Training statistic: Loss: 0.1019, train_score: {'accuracy': 0.9655599511960661, 'balanced_accuracy': 0.9650620210682256, 'f1_macro': 0.9654903111880364, 'f1_micro': 0.9655599511960661, 'f1_weighted': 0.9657034838327474, 'precision_macro': 0.9666340890818252, 'precision_micro': 0.9655599511960661, 'precision_weighted': 0.9665521436454709, 'recall_macro': 0.9650620210682256, 'recall_micro': 0.9655599511960661, 'recall_weighted': 0.9655599511960661}
Validation statistic: Loss: 0.1536, dev_score: {'accuracy': 0.9487817006464445, 'balanced_accuracy': 0.947901052547439, 'f1_macro': 0.9487148407887049, 'f1_micro': 0.9487817006464445, 'f1_weighted': 0.9488623344144007, 'precision_macro': 0.9506802688367234, 'precision_micro': 0.9487817006464445, 'precision_weighted': 0.9500953312803244, 'recall_macro': 0.947901052547439, 'recall_micro': 0.9487817006464445, 'recall_weighted': 0.9487817006464445}
-----------------------
Epoch 34/100
Training statistic: Loss: 0.0979, train_score: {'accuracy': 0.966817022220579, 'balanced_accuracy': 0.9662017890502069, 'f1_macro': 0.9666401995431165, 'f1_micro': 0.966817022220579, 'f1_weighted': 0.9669047692618685, 'precision_macro': 0.9675253882605499, 'precision_micro': 0.966817022220579, 'precision_weighted': 0.9674265687069314, 'recall_macro': 0.9662017890502069, 'recall_micro': 0.966817022220579, 'recall_weighted': 0.966817022220579}
Validation statistic: Loss: 0.1485, dev_score: {'accuracy': 0.9496104757168904, 'balanced_accuracy': 0.9487035415816815, 'f1_macro': 0.9493944546919513, 'f1_micro': 0.9496104757168904, 'f1_weighted': 0.9496337570414821, 'precision_macro': 0.9508299089659008, 'precision_micro': 0.9496104757168904, 'precision_weighted': 0.9503863060342657, 'recall_macro': 0.9487035415816815, 'recall_micro': 0.9496104757168904, 'recall_weighted': 0.9496104757168904}
-----------------------
Epoch 35/100
Training statistic: Loss: 0.0936, train_score: {'accuracy': 0.9688690058047104, 'balanced_accuracy': 0.9683418411444672, 'f1_macro': 0.9687325083796626, 'f1_micro': 0.9688690058047104, 'f1_weighted': 0.968982826626456, 'precision_macro': 0.9696630707705897, 'precision_micro': 0.9688690058047104, 'precision_weighted': 0.9696244265969911, 'recall_macro': 0.9683418411444672, 'recall_micro': 0.9688690058047104, 'recall_weighted': 0.9688690058047104}
Validation statistic: Loss: 0.1429, dev_score: {'accuracy': 0.9506050058014255, 'balanced_accuracy': 0.9497283786907926, 'f1_macro': 0.9504872515796462, 'f1_micro': 0.9506050058014255, 'f1_weighted': 0.9506960809635665, 'precision_macro': 0.9520809177407699, 'precision_micro': 0.9506050058014255, 'precision_weighted': 0.9516127749221942, 'recall_macro': 0.9497283786907926, 'recall_micro': 0.9506050058014255, 'recall_weighted': 0.9506050058014255}
Saving model...
Model saved!
-------------------------------------------
-----------------------
Epoch 36/100
Training statistic: Loss: 0.0936, train_score: {'accuracy': 0.968887492143306, 'balanced_accuracy': 0.9683751242557888, 'f1_macro': 0.9687354763025307, 'f1_micro': 0.968887492143306, 'f1_weighted': 0.9690143055145508, 'precision_macro': 0.9695537123376905, 'precision_micro': 0.968887492143306, 'precision_weighted': 0.9695893988457138, 'recall_macro': 0.9683751242557888, 'recall_micro': 0.968887492143306, 'recall_weighted': 0.968887492143306}
Validation statistic: Loss: 0.1470, dev_score: {'accuracy': 0.951102270843693, 'balanced_accuracy': 0.9502453121624207, 'f1_macro': 0.9509934660420896, 'f1_micro': 0.951102270843693, 'f1_weighted': 0.951192592474291, 'precision_macro': 0.9524614664050581, 'precision_micro': 0.951102270843693, 'precision_weighted': 0.9519996077558197, 'recall_macro': 0.9502453121624207, 'recall_micro': 0.951102270843693, 'recall_weighted': 0.951102270843693}
-----------------------
Epoch 37/100
Training statistic: Loss: 0.0906, train_score: {'accuracy': 0.9702000221836063, 'balanced_accuracy': 0.9697741355282572, 'f1_macro': 0.9701043091230304, 'f1_micro': 0.9702000221836063, 'f1_weighted': 0.9703083553605981, 'precision_macro': 0.9708052013228962, 'precision_micro': 0.9702000221836063, 'precision_weighted': 0.9707839022430584, 'recall_macro': 0.9697741355282572, 'recall_micro': 0.9702000221836063, 'recall_weighted': 0.9702000221836063}
Validation statistic: Loss: 0.1437, dev_score: {'accuracy': 0.9520968009282281, 'balanced_accuracy': 0.9514924171788556, 'f1_macro': 0.9520998982123541, 'f1_micro': 0.9520968009282281, 'f1_weighted': 0.9521153641994957, 'precision_macro': 0.953291162124368, 'precision_micro': 0.9520968009282281, 'precision_weighted': 0.9527168554240368, 'recall_macro': 0.9514924171788556, 'recall_micro': 0.9520968009282281, 'recall_weighted': 0.9520968009282281}
-----------------------
Epoch 38/100
Training statistic: Loss: 0.0906, train_score: {'accuracy': 0.969386623285392, 'balanced_accuracy': 0.9688908523505081, 'f1_macro': 0.9692453022399465, 'f1_micro': 0.969386623285392, 'f1_weighted': 0.9694936027394445, 'precision_macro': 0.9699813203806193, 'precision_micro': 0.969386623285392, 'precision_weighted': 0.9699741117651871, 'recall_macro': 0.9688908523505081, 'recall_micro': 0.969386623285392, 'recall_weighted': 0.969386623285392}
Validation statistic: Loss: 0.1415, dev_score: {'accuracy': 0.9520968009282281, 'balanced_accuracy': 0.9513191181067772, 'f1_macro': 0.9519592148786773, 'f1_micro': 0.9520968009282281, 'f1_weighted': 0.9521443944151234, 'precision_macro': 0.9532083262334303, 'precision_micro': 0.9520968009282281, 'precision_weighted': 0.9527987223869013, 'recall_macro': 0.9513191181067772, 'recall_micro': 0.9520968009282281, 'recall_weighted': 0.9520968009282281}
Saving model...
Model saved!
-------------------------------------------
-----------------------
Epoch 39/100
Training statistic: Loss: 0.0925, train_score: {'accuracy': 0.9687950604503273, 'balanced_accuracy': 0.9683378216112013, 'f1_macro': 0.9687365566799088, 'f1_micro': 0.9687950604503273, 'f1_weighted': 0.9689366983875012, 'precision_macro': 0.9696216147507771, 'precision_micro': 0.9687950604503273, 'precision_weighted': 0.969561416182357, 'recall_macro': 0.9683378216112013, 'recall_micro': 0.9687950604503273, 'recall_weighted': 0.9687950604503273}
Validation statistic: Loss: 0.1475, dev_score: {'accuracy': 0.9497762307309796, 'balanced_accuracy': 0.9489702066561986, 'f1_macro': 0.9497963629393142, 'f1_micro': 0.9497762307309796, 'f1_weighted': 0.9498792904923554, 'precision_macro': 0.9513642374103007, 'precision_micro': 0.9497762307309796, 'precision_weighted': 0.950731298333987, 'recall_macro': 0.9489702066561986, 'recall_micro': 0.9497762307309796, 'recall_weighted': 0.9497762307309796}
-----------------------
Epoch 40/100
Training statistic: Loss: 0.0933, train_score: {'accuracy': 0.967981661552113, 'balanced_accuracy': 0.9673852438536261, 'f1_macro': 0.9678656822458063, 'f1_micro': 0.967981661552113, 'f1_weighted': 0.9681326179365328, 'precision_macro': 0.9689988695233854, 'precision_micro': 0.967981661552113, 'precision_weighted': 0.9689235628828846, 'recall_macro': 0.9673852438536261, 'recall_micro': 0.967981661552113, 'recall_weighted': 0.967981661552113}
Validation statistic: Loss: 0.1499, dev_score: {'accuracy': 0.9506050058014255, 'balanced_accuracy': 0.9496128210971376, 'f1_macro': 0.9505329652674653, 'f1_micro': 0.9506050058014255, 'f1_weighted': 0.9507180061102816, 'precision_macro': 0.9523787215674708, 'precision_micro': 0.9506050058014255, 'precision_weighted': 0.9517485072439678, 'recall_macro': 0.9496128210971376, 'recall_micro': 0.9506050058014255, 'recall_weighted': 0.9506050058014255}
-----------------------
Epoch 41/100
Training statistic: Loss: 0.0905, train_score: {'accuracy': 0.9695345139941584, 'balanced_accuracy': 0.969066182641475, 'f1_macro': 0.969440345810366, 'f1_micro': 0.9695345139941584, 'f1_weighted': 0.9696444363496095, 'precision_macro': 0.9702432582490793, 'precision_micro': 0.9695345139941584, 'precision_weighted': 0.9701775225905663, 'recall_macro': 0.969066182641475, 'recall_micro': 0.9695345139941584, 'recall_weighted': 0.9695345139941584}
Validation statistic: Loss: 0.1459, dev_score: {'accuracy': 0.951102270843693, 'balanced_accuracy': 0.9502725203397991, 'f1_macro': 0.9510398813147711, 'f1_micro': 0.951102270843693, 'f1_weighted': 0.9512115387806721, 'precision_macro': 0.9525780193041179, 'precision_micro': 0.951102270843693, 'precision_weighted': 0.952090352468243, 'recall_macro': 0.9502725203397991, 'recall_micro': 0.951102270843693, 'recall_weighted': 0.951102270843693}
-----------------------
Epoch 42/100
Training statistic: Loss: 0.0875, train_score: {'accuracy': 0.9709579620660332, 'balanced_accuracy': 0.9705459218317471, 'f1_macro': 0.9708911675195239, 'f1_micro': 0.9709579620660332, 'f1_weighted': 0.9710656144063224, 'precision_macro': 0.9716247586275522, 'precision_micro': 0.9709579620660332, 'precision_weighted': 0.9715579725080035, 'recall_macro': 0.9705459218317471, 'recall_micro': 0.9709579620660332, 'recall_weighted': 0.9709579620660332}
Validation statistic: Loss: 0.1409, dev_score: {'accuracy': 0.9507707608155147, 'balanced_accuracy': 0.9499704902783398, 'f1_macro': 0.950742445928711, 'f1_micro': 0.9507707608155147, 'f1_weighted': 0.9508577112892823, 'precision_macro': 0.9521281366362668, 'precision_micro': 0.9507707608155147, 'precision_weighted': 0.9515613775964162, 'recall_macro': 0.9499704902783398, 'recall_micro': 0.9507707608155147, 'recall_weighted': 0.9507707608155147}
Saving model...
Model saved!
-------------------------------------------
-----------------------
Epoch 43/100
Training statistic: Loss: 0.0884, train_score: {'accuracy': 0.9698487817502865, 'balanced_accuracy': 0.9693750730395353, 'f1_macro': 0.9697763559137929, 'f1_micro': 0.9698487817502865, 'f1_weighted': 0.969988807834282, 'precision_macro': 0.9707742667033349, 'precision_micro': 0.9698487817502865, 'precision_weighted': 0.9707155808780465, 'recall_macro': 0.9693750730395353, 'recall_micro': 0.9698487817502865, 'recall_weighted': 0.9698487817502865}
Validation statistic: Loss: 0.1454, dev_score: {'accuracy': 0.9512680258577823, 'balanced_accuracy': 0.9503104934120996, 'f1_macro': 0.9512203760998915, 'f1_micro': 0.9512680258577823, 'f1_weighted': 0.9513913416493733, 'precision_macro': 0.953136777240541, 'precision_micro': 0.9512680258577823, 'precision_weighted': 0.9525053258070075, 'recall_macro': 0.9503104934120996, 'recall_micro': 0.9512680258577823, 'recall_weighted': 0.9512680258577823}
-----------------------
Epoch 44/100
Training statistic: Loss: 0.0876, train_score: {'accuracy': 0.9713461751765445, 'balanced_accuracy': 0.9709330871888234, 'f1_macro': 0.9712593828470217, 'f1_micro': 0.9713461751765445, 'f1_weighted': 0.9714623644325381, 'precision_macro': 0.9720207304994055, 'precision_micro': 0.9713461751765445, 'precision_weighted': 0.9720097805353108, 'recall_macro': 0.9709330871888234, 'recall_micro': 0.9713461751765445, 'recall_weighted': 0.9713461751765445}
Validation statistic: Loss: 0.1408, dev_score: {'accuracy': 0.9534228410409414, 'balanced_accuracy': 0.9526597669081885, 'f1_macro': 0.9533838886267134, 'f1_micro': 0.9534228410409414, 'f1_weighted': 0.9535216222976962, 'precision_macro': 0.9548211217462024, 'precision_micro': 0.9534228410409414, 'precision_weighted': 0.9543333467483073, 'recall_macro': 0.9526597669081885, 'recall_micro': 0.9534228410409414, 'recall_weighted': 0.9534228410409414}
Saving model...
Model saved!
-------------------------------------------
-----------------------
Epoch 45/100
Training statistic: Loss: 0.0861, train_score: {'accuracy': 0.9708840167116501, 'balanced_accuracy': 0.9704879162556758, 'f1_macro': 0.9707949771436446, 'f1_micro': 0.9708840167116501, 'f1_weighted': 0.9710103981687374, 'precision_macro': 0.9715409270200521, 'precision_micro': 0.9708840167116501, 'precision_weighted': 0.9715712354459025, 'recall_macro': 0.9704879162556758, 'recall_micro': 0.9708840167116501, 'recall_weighted': 0.9708840167116501}
Validation statistic: Loss: 0.1404, dev_score: {'accuracy': 0.9532570860268523, 'balanced_accuracy': 0.9527072859074094, 'f1_macro': 0.9532925736454413, 'f1_micro': 0.9532570860268523, 'f1_weighted': 0.9533610331506608, 'precision_macro': 0.9544928827547196, 'precision_micro': 0.9532570860268523, 'precision_weighted': 0.9540889784656267, 'recall_macro': 0.9527072859074094, 'recall_micro': 0.9532570860268523, 'recall_weighted': 0.9532570860268523}
Saving model...
Model saved!
-------------------------------------------
-----------------------
Epoch 46/100
Training statistic: Loss: 0.0867, train_score: {'accuracy': 0.9712352571449698, 'balanced_accuracy': 0.970812068150075, 'f1_macro': 0.9711896149372923, 'f1_micro': 0.9712352571449698, 'f1_weighted': 0.9713744331595325, 'precision_macro': 0.9721132646288371, 'precision_micro': 0.9712352571449698, 'precision_weighted': 0.9720534320987998, 'recall_macro': 0.970812068150075, 'recall_micro': 0.9712352571449698, 'recall_weighted': 0.9712352571449698}
Validation statistic: Loss: 0.1446, dev_score: {'accuracy': 0.9517652909000497, 'balanced_accuracy': 0.9509916298355877, 'f1_macro': 0.9517056999830823, 'f1_micro': 0.9517652909000497, 'f1_weighted': 0.9518238921988126, 'precision_macro': 0.9531270387022908, 'precision_micro': 0.9517652909000497, 'precision_weighted': 0.9525952784664558, 'recall_macro': 0.9509916298355877, 'recall_micro': 0.9517652909000497, 'recall_weighted': 0.9517652909000497}
-----------------------
Epoch 47/100
Training statistic: Loss: 0.0843, train_score: {'accuracy': 0.9717528746256516, 'balanced_accuracy': 0.9713128135573437, 'f1_macro': 0.971666137494694, 'f1_micro': 0.9717528746256516, 'f1_weighted': 0.9718476318565358, 'precision_macro': 0.9723823636223582, 'precision_micro': 0.9717528746256516, 'precision_weighted': 0.9722995216635, 'recall_macro': 0.9713128135573437, 'recall_micro': 0.9717528746256516, 'recall_weighted': 0.9717528746256516}
Validation statistic: Loss: 0.1397, dev_score: {'accuracy': 0.9520968009282281, 'balanced_accuracy': 0.9513574763496049, 'f1_macro': 0.9522031949806923, 'f1_micro': 0.9520968009282281, 'f1_weighted': 0.9522178260090408, 'precision_macro': 0.9537224726541182, 'precision_micro': 0.9520968009282281, 'precision_weighted': 0.9530077885363344, 'recall_macro': 0.9513574763496049, 'recall_micro': 0.9520968009282281, 'recall_weighted': 0.9520968009282281}
Saving model...
Model saved!
-------------------------------------------
-----------------------
Epoch 48/100
Training statistic: Loss: 0.0832, train_score: {'accuracy': 0.9724368691536954, 'balanced_accuracy': 0.9720719331725508, 'f1_macro': 0.972359709250334, 'f1_micro': 0.9724368691536954, 'f1_weighted': 0.9725365458687821, 'precision_macro': 0.9730110615898763, 'precision_micro': 0.9724368691536954, 'precision_weighted': 0.9729967044472425, 'recall_macro': 0.9720719331725508, 'recall_micro': 0.9724368691536954, 'recall_weighted': 0.9724368691536954}
Validation statistic: Loss: 0.1402, dev_score: {'accuracy': 0.9530913310127631, 'balanced_accuracy': 0.9525713402746355, 'f1_macro': 0.9530959563277015, 'f1_micro': 0.9530913310127631, 'f1_weighted': 0.9531325337827338, 'precision_macro': 0.9541675410839769, 'precision_micro': 0.9530913310127631, 'precision_weighted': 0.9537262197119716, 'recall_macro': 0.9525713402746355, 'recall_micro': 0.9530913310127631, 'recall_weighted': 0.9530913310127631}
-----------------------
Epoch 49/100
Training statistic: Loss: 0.0837, train_score: {'accuracy': 0.9720671423817798, 'balanced_accuracy': 0.9717163944918925, 'f1_macro': 0.9720026631006965, 'f1_micro': 0.9720671423817798, 'f1_weighted': 0.9722049642717289, 'precision_macro': 0.9727567742023876, 'precision_micro': 0.9720671423817798, 'precision_weighted': 0.9728065455880515, 'recall_macro': 0.9717163944918925, 'recall_micro': 0.9720671423817798, 'recall_weighted': 0.9720671423817798}
Validation statistic: Loss: 0.1411, dev_score: {'accuracy': 0.9517652909000497, 'balanced_accuracy': 0.9511062097455694, 'f1_macro': 0.9518295674446019, 'f1_micro': 0.9517652909000497, 'f1_weighted': 0.9518717287156017, 'precision_macro': 0.9532369787422519, 'precision_micro': 0.9517652909000497, 'precision_weighted': 0.952665068723733, 'recall_macro': 0.9511062097455694, 'recall_micro': 0.9517652909000497, 'recall_weighted': 0.9517652909000497}
-----------------------
Epoch 50/100
Training statistic: Loss: 0.0821, train_score: {'accuracy': 0.9731023773431434, 'balanced_accuracy': 0.9726721253470458, 'f1_macro': 0.9729998122726891, 'f1_micro': 0.9731023773431434, 'f1_weighted': 0.9732046035297672, 'precision_macro': 0.9737194018397439, 'precision_micro': 0.9731023773431434, 'precision_weighted': 0.973693112358413, 'recall_macro': 0.9726721253470458, 'recall_micro': 0.9731023773431434, 'recall_weighted': 0.9731023773431434}
Validation statistic: Loss: 0.1403, dev_score: {'accuracy': 0.952925575998674, 'balanced_accuracy': 0.9522720765067957, 'f1_macro': 0.9528865168948967, 'f1_micro': 0.952925575998674, 'f1_weighted': 0.9530208130016083, 'precision_macro': 0.9540444071031015, 'precision_micro': 0.952925575998674, 'precision_weighted': 0.953655583090844, 'recall_macro': 0.9522720765067957, 'recall_micro': 0.952925575998674, 'recall_weighted': 0.952925575998674}
-----------------------
Epoch 51/100
Training statistic: Loss: 0.0818, train_score: {'accuracy': 0.9728250822642067, 'balanced_accuracy': 0.972440412234225, 'f1_macro': 0.9727664880422596, 'f1_micro': 0.9728250822642067, 'f1_weighted': 0.9729135348667823, 'precision_macro': 0.9733914263073002, 'precision_micro': 0.9728250822642067, 'precision_weighted': 0.9733000476513566, 'recall_macro': 0.972440412234225, 'recall_micro': 0.9728250822642067, 'recall_weighted': 0.9728250822642067}
Validation statistic: Loss: 0.1403, dev_score: {'accuracy': 0.9537543510691199, 'balanced_accuracy': 0.9530534345704076, 'f1_macro': 0.9537870298090336, 'f1_micro': 0.9537543510691199, 'f1_weighted': 0.9538207745912297, 'precision_macro': 0.9549660212441268, 'precision_micro': 0.9537543510691199, 'precision_weighted': 0.95433799095805, 'recall_macro': 0.9530534345704076, 'recall_micro': 0.9537543510691199, 'recall_weighted': 0.9537543510691199}
-----------------------
Epoch 52/100
Training statistic: Loss: 0.0782, train_score: {'accuracy': 0.9745443117536141, 'balanced_accuracy': 0.9742093084189067, 'f1_macro': 0.9744730336904073, 'f1_micro': 0.9745443117536141, 'f1_weighted': 0.9746319100906905, 'precision_macro': 0.9750166859651166, 'precision_micro': 0.9745443117536141, 'precision_weighted': 0.9749980314975246, 'recall_macro': 0.9742093084189067, 'recall_micro': 0.9745443117536141, 'recall_weighted': 0.9745443117536141}
Validation statistic: Loss: 0.1365, dev_score: {'accuracy': 0.9535885960550307, 'balanced_accuracy': 0.9529194949869796, 'f1_macro': 0.9535966241765811, 'f1_micro': 0.9535885960550307, 'f1_weighted': 0.9536788527717753, 'precision_macro': 0.9548290690760075, 'precision_micro': 0.9535885960550307, 'precision_weighted': 0.9543256048087856, 'recall_macro': 0.9529194949869796, 'recall_micro': 0.9535885960550307, 'recall_weighted': 0.9535885960550307}
Saving model...
Model saved!
-------------------------------------------
-----------------------
Epoch 53/100
Training statistic: Loss: 0.0805, train_score: {'accuracy': 0.973472104115059, 'balanced_accuracy': 0.9731683058369864, 'f1_macro': 0.9734245161820759, 'f1_micro': 0.973472104115059, 'f1_weighted': 0.9735745272308116, 'precision_macro': 0.9741158447204412, 'precision_micro': 0.973472104115059, 'precision_weighted': 0.9741107351175246, 'recall_macro': 0.9731683058369864, 'recall_micro': 0.973472104115059, 'recall_weighted': 0.973472104115059}
Validation statistic: Loss: 0.1398, dev_score: {'accuracy': 0.9524283109564065, 'balanced_accuracy': 0.9517920889907959, 'f1_macro': 0.9524346397867497, 'f1_micro': 0.9524283109564065, 'f1_weighted': 0.9525069399170256, 'precision_macro': 0.953746408067118, 'precision_micro': 0.9524283109564065, 'precision_weighted': 0.9532677325258276, 'recall_macro': 0.9517920889907959, 'recall_micro': 0.9524283109564065, 'recall_weighted': 0.9524283109564065}
-----------------------
Epoch 54/100
Training statistic: Loss: 0.0807, train_score: {'accuracy': 0.9724738418308869, 'balanced_accuracy': 0.9720087279697143, 'f1_macro': 0.9723723947459655, 'f1_micro': 0.9724738418308869, 'f1_weighted': 0.9725824987349895, 'precision_macro': 0.9732056230250776, 'precision_micro': 0.9724738418308869, 'precision_weighted': 0.9731507738017049, 'recall_macro': 0.9720087279697143, 'recall_micro': 0.9724738418308869, 'recall_weighted': 0.9724738418308869}
Validation statistic: Loss: 0.1388, dev_score: {'accuracy': 0.9530913310127631, 'balanced_accuracy': 0.9523598179114995, 'f1_macro': 0.953080710885699, 'f1_micro': 0.9530913310127631, 'f1_weighted': 0.953175076804456, 'precision_macro': 0.9545176506097949, 'precision_micro': 0.9530913310127631, 'precision_weighted': 0.9539739708382142, 'recall_macro': 0.9523598179114995, 'recall_micro': 0.9530913310127631, 'recall_weighted': 0.9530913310127631}
-----------------------
Epoch 55/100
Training statistic: Loss: 0.0836, train_score: {'accuracy': 0.9720671423817798, 'balanced_accuracy': 0.9716045801030807, 'f1_macro': 0.9719949849534876, 'f1_micro': 0.9720671423817798, 'f1_weighted': 0.9722036586021057, 'precision_macro': 0.9729461234432375, 'precision_micro': 0.9720671423817798, 'precision_weighted': 0.97289245642693, 'recall_macro': 0.9716045801030807, 'recall_micro': 0.9720671423817798, 'recall_weighted': 0.9720671423817798}
Validation statistic: Loss: 0.1409, dev_score: {'accuracy': 0.9530913310127631, 'balanced_accuracy': 0.9522492649357277, 'f1_macro': 0.9530015958602391, 'f1_micro': 0.9530913310127631, 'f1_weighted': 0.9531958338759511, 'precision_macro': 0.9547374485787765, 'precision_micro': 0.9530913310127631, 'precision_weighted': 0.9542869202092625, 'recall_macro': 0.9522492649357277, 'recall_micro': 0.9530913310127631, 'recall_weighted': 0.9530913310127631}
-----------------------
Epoch 56/100
Training statistic: Loss: 0.0766, train_score: {'accuracy': 0.9742115576588901, 'balanced_accuracy': 0.9739120636962015, 'f1_macro': 0.97414825056811, 'f1_micro': 0.9742115576588901, 'f1_weighted': 0.9743169486328758, 'precision_macro': 0.9747371053101015, 'precision_micro': 0.9742115576588901, 'precision_weighted': 0.9747713226850574, 'recall_macro': 0.9739120636962015, 'recall_micro': 0.9742115576588901, 'recall_weighted': 0.9742115576588901}
Validation statistic: Loss: 0.1377, dev_score: {'accuracy': 0.9534228410409414, 'balanced_accuracy': 0.9527499715686639, 'f1_macro': 0.9533159474706784, 'f1_micro': 0.9534228410409414, 'f1_weighted': 0.9534820081049895, 'precision_macro': 0.954336073413782, 'precision_micro': 0.9534228410409414, 'precision_weighted': 0.9539960780673088, 'recall_macro': 0.9527499715686639, 'recall_micro': 0.9534228410409414, 'recall_weighted': 0.9534228410409414}
-----------------------
Epoch 57/100
Training statistic: Loss: 0.0796, train_score: {'accuracy': 0.972972972972973, 'balanced_accuracy': 0.9725887561718786, 'f1_macro': 0.9729125957083831, 'f1_micro': 0.972972972972973, 'f1_weighted': 0.973122798122576, 'precision_macro': 0.9738518042921648, 'precision_micro': 0.972972972972973, 'precision_weighted': 0.9738776959705154, 'recall_macro': 0.9725887561718786, 'recall_micro': 0.972972972972973, 'recall_weighted': 0.972972972972973}
Validation statistic: Loss: 0.1432, dev_score: {'accuracy': 0.9522625559423172, 'balanced_accuracy': 0.9515534229170013, 'f1_macro': 0.9521838509464402, 'f1_micro': 0.9522625559423172, 'f1_weighted': 0.9523719409993134, 'precision_macro': 0.9535790118735807, 'precision_micro': 0.9522625559423172, 'precision_weighted': 0.9532396965869112, 'recall_macro': 0.9515534229170013, 'recall_micro': 0.9522625559423172, 'recall_weighted': 0.9522625559423172}
-----------------------
Epoch 58/100
Training statistic: Loss: 0.0793, train_score: {'accuracy': 0.9735090767922505, 'balanced_accuracy': 0.9732261296562887, 'f1_macro': 0.973499494413762, 'f1_micro': 0.9735090767922505, 'f1_weighted': 0.9736525148208769, 'precision_macro': 0.9743968032166949, 'precision_micro': 0.9735090767922505, 'precision_weighted': 0.9744165945043468, 'recall_macro': 0.9732261296562887, 'recall_micro': 0.9735090767922505, 'recall_weighted': 0.9735090767922505}
Validation statistic: Loss: 0.1371, dev_score: {'accuracy': 0.9542516161113874, 'balanced_accuracy': 0.9537370218115557, 'f1_macro': 0.9542561401435066, 'f1_micro': 0.9542516161113874, 'f1_weighted': 0.9543494155860544, 'precision_macro': 0.9554278800460514, 'precision_micro': 0.9542516161113874, 'precision_weighted': 0.9551148679746736, 'recall_macro': 0.9537370218115557, 'recall_micro': 0.9542516161113874, 'recall_weighted': 0.9542516161113874}
-----------------------
Epoch 59/100
Training statistic: Loss: 0.0784, train_score: {'accuracy': 0.9745627980922098, 'balanced_accuracy': 0.9741642155599022, 'f1_macro': 0.9745117666668974, 'f1_micro': 0.9745627980922098, 'f1_weighted': 0.9746526625554223, 'precision_macro': 0.9752296843598808, 'precision_micro': 0.9745627980922098, 'precision_weighted': 0.9751086495076396, 'recall_macro': 0.9741642155599022, 'recall_micro': 0.9745627980922098, 'recall_weighted': 0.9745627980922098}
Validation statistic: Loss: 0.1374, dev_score: {'accuracy': 0.9532570860268523, 'balanced_accuracy': 0.9527076272168935, 'f1_macro': 0.9532344035725003, 'f1_micro': 0.9532570860268523, 'f1_weighted': 0.9533122024910058, 'precision_macro': 0.9543605812551341, 'precision_micro': 0.9532570860268523, 'precision_weighted': 0.953975686478191, 'recall_macro': 0.9527076272168935, 'recall_micro': 0.9532570860268523, 'recall_weighted': 0.9532570860268523}
-----------------------
Epoch 60/100
Training statistic: Loss: 0.0759, train_score: {'accuracy': 0.9745073390764225, 'balanced_accuracy': 0.9741482507117294, 'f1_macro': 0.9744227550146007, 'f1_micro': 0.9745073390764225, 'f1_weighted': 0.9745887260677776, 'precision_macro': 0.9749955625811453, 'precision_micro': 0.9745073390764225, 'precision_weighted': 0.9749634886834669, 'recall_macro': 0.9741482507117294, 'recall_micro': 0.9745073390764225, 'recall_weighted': 0.9745073390764225}
Validation statistic: Loss: 0.1366, dev_score: {'accuracy': 0.9540858610972982, 'balanced_accuracy': 0.9535062585099959, 'f1_macro': 0.9540683759392128, 'f1_micro': 0.9540858610972982, 'f1_weighted': 0.9541298471892867, 'precision_macro': 0.9551132581261422, 'precision_micro': 0.9540858610972982, 'precision_weighted': 0.9546638936581616, 'recall_macro': 0.9535062585099959, 'recall_micro': 0.9540858610972982, 'recall_weighted': 0.9540858610972982}
-----------------------
Epoch 61/100
Training statistic: Loss: 0.0780, train_score: {'accuracy': 0.9733426997448885, 'balanced_accuracy': 0.9729319029700928, 'f1_macro': 0.9732880629094829, 'f1_micro': 0.9733426997448885, 'f1_weighted': 0.9734770838062488, 'precision_macro': 0.9741635479590792, 'precision_micro': 0.9733426997448885, 'precision_weighted': 0.9741227367846496, 'recall_macro': 0.9729319029700928, 'recall_micro': 0.9733426997448885, 'recall_weighted': 0.9733426997448885}
Validation statistic: Loss: 0.1384, dev_score: {'accuracy': 0.9520968009282281, 'balanced_accuracy': 0.951455788464752, 'f1_macro': 0.9521607558067788, 'f1_micro': 0.9520968009282281, 'f1_weighted': 0.9522278991152011, 'precision_macro': 0.9536134524319936, 'precision_micro': 0.9520968009282281, 'precision_weighted': 0.9531038214107747, 'recall_macro': 0.951455788464752, 'recall_micro': 0.9520968009282281, 'recall_weighted': 0.9520968009282281}
-----------------------
Epoch 62/100
Training statistic: Loss: 0.0780, train_score: {'accuracy': 0.9734166450992716, 'balanced_accuracy': 0.9731123647241431, 'f1_macro': 0.97341021955778, 'f1_micro': 0.9734166450992716, 'f1_weighted': 0.9735493154948549, 'precision_macro': 0.9742580370789327, 'precision_micro': 0.9734166450992716, 'precision_weighted': 0.9742282678377101, 'recall_macro': 0.9731123647241431, 'recall_micro': 0.9734166450992716, 'recall_weighted': 0.9734166450992716}
Validation statistic: Loss: 0.1389, dev_score: {'accuracy': 0.9534228410409414, 'balanced_accuracy': 0.9528870421583179, 'f1_macro': 0.9534269275956045, 'f1_micro': 0.9534228410409414, 'f1_weighted': 0.9535373302008351, 'precision_macro': 0.9547883355770852, 'precision_micro': 0.9534228410409414, 'precision_weighted': 0.95449255742364, 'recall_macro': 0.9528870421583179, 'recall_micro': 0.9534228410409414, 'recall_weighted': 0.9534228410409414}
-----------------------
Epoch 63/100
Training statistic: Loss: 0.0727, train_score: {'accuracy': 0.9757828964395312, 'balanced_accuracy': 0.9755510657614682, 'f1_macro': 0.9757345129437164, 'f1_micro': 0.9757828964395312, 'f1_weighted': 0.9758836398244592, 'precision_macro': 0.9762326577817456, 'precision_micro': 0.9757828964395312, 'precision_weighted': 0.9762983077865203, 'recall_macro': 0.9755510657614682, 'recall_micro': 0.9757828964395312, 'recall_weighted': 0.9757828964395312}
Validation statistic: Loss: 0.1308, dev_score: {'accuracy': 0.9559091662522792, 'balanced_accuracy': 0.9554427492147815, 'f1_macro': 0.955943417145561, 'f1_micro': 0.9559091662522792, 'f1_weighted': 0.9560102334433842, 'precision_macro': 0.9570361502916679, 'precision_micro': 0.9559091662522792, 'precision_weighted': 0.9567096293536678, 'recall_macro': 0.9554427492147815, 'recall_micro': 0.9559091662522792, 'recall_weighted': 0.9559091662522792}
Saving model...
Model saved!
-------------------------------------------
-----------------------
Epoch 64/100
Training statistic: Loss: 0.0770, train_score: {'accuracy': 0.9741006396273154, 'balanced_accuracy': 0.9737095328513432, 'f1_macro': 0.9740564295847502, 'f1_micro': 0.9741006396273154, 'f1_weighted': 0.9742352836741871, 'precision_macro': 0.9749296020074045, 'precision_micro': 0.9741006396273154, 'precision_weighted': 0.9748884504959449, 'recall_macro': 0.9737095328513432, 'recall_micro': 0.9741006396273154, 'recall_weighted': 0.9741006396273154}
Validation statistic: Loss: 0.1406, dev_score: {'accuracy': 0.9524283109564065, 'balanced_accuracy': 0.9517200062302977, 'f1_macro': 0.9524796384924702, 'f1_micro': 0.9524283109564065, 'f1_weighted': 0.9525663456419681, 'precision_macro': 0.9539921615348188, 'precision_micro': 0.9524283109564065, 'precision_weighted': 0.9534531124450114, 'recall_macro': 0.9517200062302977, 'recall_micro': 0.9524283109564065, 'recall_weighted': 0.9524283109564065}
-----------------------
Epoch 65/100
Training statistic: Loss: 0.0765, train_score: {'accuracy': 0.974303989351869, 'balanced_accuracy': 0.9739219338541417, 'f1_macro': 0.9742249859157998, 'f1_micro': 0.974303989351869, 'f1_weighted': 0.9744219158617882, 'precision_macro': 0.9750059564964877, 'precision_micro': 0.974303989351869, 'precision_weighted': 0.9750071585876754, 'recall_macro': 0.9739219338541417, 'recall_micro': 0.974303989351869, 'recall_weighted': 0.974303989351869}
Validation statistic: Loss: 0.1388, dev_score: {'accuracy': 0.9522625559423172, 'balanced_accuracy': 0.9516171032998445, 'f1_macro': 0.952341965874494, 'f1_micro': 0.9522625559423172, 'f1_weighted': 0.9523973433075624, 'precision_macro': 0.9537676000288908, 'precision_micro': 0.9522625559423172, 'precision_weighted': 0.9532308075257143, 'recall_macro': 0.9516171032998445, 'recall_micro': 0.9522625559423172, 'recall_weighted': 0.9522625559423172}
-----------------------
Epoch 66/100
Training statistic: Loss: 0.0752, train_score: {'accuracy': 0.9747846341553592, 'balanced_accuracy': 0.974457337649147, 'f1_macro': 0.9747164945997737, 'f1_micro': 0.9747846341553592, 'f1_weighted': 0.9748932930294214, 'precision_macro': 0.975405253996825, 'precision_micro': 0.9747846341553592, 'precision_weighted': 0.9754261432428969, 'recall_macro': 0.974457337649147, 'recall_micro': 0.9747846341553592, 'recall_weighted': 0.9747846341553592}
Validation statistic: Loss: 0.1396, dev_score: {'accuracy': 0.9512680258577823, 'balanced_accuracy': 0.9505199877405577, 'f1_macro': 0.9512152885592468, 'f1_micro': 0.9512680258577823, 'f1_weighted': 0.9513571568554025, 'precision_macro': 0.9526262986669458, 'precision_micro': 0.9512680258577823, 'precision_weighted': 0.9521566387974104, 'recall_macro': 0.9505199877405577, 'recall_micro': 0.9512680258577823, 'recall_weighted': 0.9512680258577823}
-----------------------
Epoch 67/100
Training statistic: Loss: 0.0736, train_score: {'accuracy': 0.9754131696676156, 'balanced_accuracy': 0.9749942145363262, 'f1_macro': 0.9753210439071103, 'f1_micro': 0.9754131696676156, 'f1_weighted': 0.9754918129995975, 'precision_macro': 0.975990065721658, 'precision_micro': 0.9754131696676156, 'precision_weighted': 0.975905492125487, 'recall_macro': 0.9749942145363262, 'recall_micro': 0.9754131696676156, 'recall_weighted': 0.9754131696676156}
Validation statistic: Loss: 0.1368, dev_score: {'accuracy': 0.953920106083209, 'balanced_accuracy': 0.9532966976997909, 'f1_macro': 0.9538549862350315, 'f1_micro': 0.953920106083209, 'f1_weighted': 0.9539569775039164, 'precision_macro': 0.9549495110799955, 'precision_micro': 0.953920106083209, 'precision_weighted': 0.9545311886476926, 'recall_macro': 0.9532966976997909, 'recall_micro': 0.953920106083209, 'recall_weighted': 0.953920106083209}
-----------------------
Epoch 68/100
Training statistic: Loss: 0.0685, train_score: {'accuracy': 0.9775760712833216, 'balanced_accuracy': 0.9772822787183447, 'f1_macro': 0.9774985867333521, 'f1_micro': 0.9775760712833216, 'f1_weighted': 0.9776315528823304, 'precision_macro': 0.9778887941089627, 'precision_micro': 0.9775760712833216, 'precision_weighted': 0.9778585945516097, 'recall_macro': 0.9772822787183447, 'recall_micro': 0.9775760712833216, 'recall_weighted': 0.9775760712833216}
Validation statistic: Loss: 0.1314, dev_score: {'accuracy': 0.9555776562241007, 'balanced_accuracy': 0.9550503158416639, 'f1_macro': 0.9555274602920054, 'f1_micro': 0.9555776562241007, 'f1_weighted': 0.955603472461195, 'precision_macro': 0.9562636118478013, 'precision_micro': 0.9555776562241007, 'precision_weighted': 0.955888594847878, 'recall_macro': 0.9550503158416639, 'recall_micro': 0.9555776562241007, 'recall_weighted': 0.9555776562241007}
-----------------------
Epoch 69/100
Training statistic: Loss: 0.0740, train_score: {'accuracy': 0.9751173882500832, 'balanced_accuracy': 0.9748080152089054, 'f1_macro': 0.9750846095718477, 'f1_micro': 0.9751173882500832, 'f1_weighted': 0.9752537505044384, 'precision_macro': 0.9759479464506896, 'precision_micro': 0.9751173882500832, 'precision_weighted': 0.9759712542159729, 'recall_macro': 0.9748080152089054, 'recall_micro': 0.9751173882500832, 'recall_weighted': 0.9751173882500832}
Validation statistic: Loss: 0.1397, dev_score: {'accuracy': 0.953920106083209, 'balanced_accuracy': 0.9534485567246437, 'f1_macro': 0.953895339718791, 'f1_micro': 0.953920106083209, 'f1_weighted': 0.9540173982690936, 'precision_macro': 0.9551419891320323, 'precision_micro': 0.953920106083209, 'precision_weighted': 0.9549263901123256, 'recall_macro': 0.9534485567246437, 'recall_micro': 0.953920106083209, 'recall_weighted': 0.953920106083209}
-----------------------
Epoch 70/100
Training statistic: Loss: 0.0733, train_score: {'accuracy': 0.9756534920693607, 'balanced_accuracy': 0.9752603036761167, 'f1_macro': 0.9755780959428316, 'f1_micro': 0.9756534920693607, 'f1_weighted': 0.975778238997511, 'precision_macro': 0.9764082955006282, 'precision_micro': 0.9756534920693607, 'precision_weighted': 0.9764046330382145, 'recall_macro': 0.9752603036761167, 'recall_micro': 0.9756534920693607, 'recall_weighted': 0.9756534920693607}
Validation statistic: Loss: 0.1386, dev_score: {'accuracy': 0.9514337808718714, 'balanced_accuracy': 0.9506025313619416, 'f1_macro': 0.951389174961685, 'f1_micro': 0.9514337808718714, 'f1_weighted': 0.9515590276124769, 'precision_macro': 0.9530230096889714, 'precision_micro': 0.9514337808718714, 'precision_weighted': 0.9525262969407374, 'recall_macro': 0.9506025313619416, 'recall_micro': 0.9514337808718714, 'recall_weighted': 0.9514337808718714}
-----------------------
Epoch 71/100
Training statistic: Loss: 0.0690, train_score: {'accuracy': 0.9770954264798314, 'balanced_accuracy': 0.9767605000983014, 'f1_macro': 0.9769941695013271, 'f1_micro': 0.9770954264798314, 'f1_weighted': 0.9771792593007195, 'precision_macro': 0.9775602337237401, 'precision_micro': 0.9770954264798314, 'precision_weighted': 0.9775886093256743, 'recall_macro': 0.9767605000983014, 'recall_micro': 0.9770954264798314, 'recall_weighted': 0.9770954264798314}
Validation statistic: Loss: 0.1331, dev_score: {'accuracy': 0.9540858610972982, 'balanced_accuracy': 0.953358501618627, 'f1_macro': 0.9540657948609563, 'f1_micro': 0.9540858610972982, 'f1_weighted': 0.9541958836872391, 'precision_macro': 0.9554674841961253, 'precision_micro': 0.9540858610972982, 'precision_weighted': 0.9549900103583612, 'recall_macro': 0.953358501618627, 'recall_micro': 0.9540858610972982, 'recall_weighted': 0.9540858610972982}
-----------------------
Epoch 72/100
Training statistic: Loss: 0.0699, train_score: {'accuracy': 0.9767256997079159, 'balanced_accuracy': 0.9764346064606068, 'f1_macro': 0.9766712289559123, 'f1_micro': 0.9767256997079159, 'f1_weighted': 0.9768093579185517, 'precision_macro': 0.9771985134242087, 'precision_micro': 0.9767256997079159, 'precision_weighted': 0.9771803989419678, 'recall_macro': 0.9764346064606068, 'recall_micro': 0.9767256997079159, 'recall_weighted': 0.9767256997079159}
Validation statistic: Loss: 0.1344, dev_score: {'accuracy': 0.9565721863086358, 'balanced_accuracy': 0.9561466938122816, 'f1_macro': 0.9566172134831273, 'f1_micro': 0.9565721863086358, 'f1_weighted': 0.9566575715153741, 'precision_macro': 0.9576355070192255, 'precision_micro': 0.9565721863086358, 'precision_weighted': 0.9573031000596975, 'recall_macro': 0.9561466938122816, 'recall_micro': 0.9565721863086358, 'recall_weighted': 0.9565721863086358}
-----------------------
Epoch 73/100
Training statistic: Loss: 0.0726, train_score: {'accuracy': 0.9754501423448072, 'balanced_accuracy': 0.9750653936779343, 'f1_macro': 0.9753960684706671, 'f1_micro': 0.9754501423448072, 'f1_weighted': 0.9755627314529935, 'precision_macro': 0.9761911729250443, 'precision_micro': 0.9754501423448072, 'precision_weighted': 0.9761316535576395, 'recall_macro': 0.9750653936779343, 'recall_micro': 0.9754501423448072, 'recall_weighted': 0.9754501423448072}
Validation statistic: Loss: 0.1385, dev_score: {'accuracy': 0.9532570860268523, 'balanced_accuracy': 0.9525153943528156, 'f1_macro': 0.9532863250672461, 'f1_micro': 0.9532570860268523, 'f1_weighted': 0.9533934456247904, 'precision_macro': 0.9548590729402274, 'precision_micro': 0.9532570860268523, 'precision_weighted': 0.9543283581714341, 'recall_macro': 0.9525153943528156, 'recall_micro': 0.9532570860268523, 'recall_weighted': 0.9532570860268523}
-----------------------
Epoch 74/100
Training statistic: Loss: 0.0704, train_score: {'accuracy': 0.9762080822272341, 'balanced_accuracy': 0.9758575370111588, 'f1_macro': 0.9761525573020082, 'f1_micro': 0.9762080822272341, 'f1_weighted': 0.9763007156855773, 'precision_macro': 0.9767813925817933, 'precision_micro': 0.9762080822272341, 'precision_weighted': 0.976724589508934, 'recall_macro': 0.9758575370111588, 'recall_micro': 0.9762080822272341, 'recall_weighted': 0.9762080822272341}
Validation statistic: Loss: 0.1341, dev_score: {'accuracy': 0.9540858610972982, 'balanced_accuracy': 0.9535223973495226, 'f1_macro': 0.9541282759156985, 'f1_micro': 0.9540858610972982, 'f1_weighted': 0.954176666707818, 'precision_macro': 0.9552636047296481, 'precision_micro': 0.9540858610972982, 'precision_weighted': 0.9548042175837012, 'recall_macro': 0.9535223973495226, 'recall_micro': 0.9540858610972982, 'recall_weighted': 0.9540858610972982}
-----------------------
Epoch 75/100
Training statistic: Loss: 0.0692, train_score: {'accuracy': 0.9771878581728103, 'balanced_accuracy': 0.9768620472666532, 'f1_macro': 0.9771223016221426, 'f1_micro': 0.9771878581728103, 'f1_weighted': 0.9772662273229433, 'precision_macro': 0.9776620366395943, 'precision_micro': 0.9771878581728103, 'precision_weighted': 0.9776203287845622, 'recall_macro': 0.9768620472666532, 'recall_micro': 0.9771878581728103, 'recall_weighted': 0.9771878581728103}
Validation statistic: Loss: 0.1372, dev_score: {'accuracy': 0.9545831261395658, 'balanced_accuracy': 0.9538999288792434, 'f1_macro': 0.9545115715519504, 'f1_micro': 0.9545831261395658, 'f1_weighted': 0.9546464993220769, 'precision_macro': 0.9556964857195649, 'precision_micro': 0.9545831261395658, 'precision_weighted': 0.9552851753259594, 'recall_macro': 0.9538999288792434, 'recall_micro': 0.9545831261395658, 'recall_weighted': 0.9545831261395658}
-----------------------
Epoch 76/100
Training statistic: Loss: 0.0702, train_score: {'accuracy': 0.976633268014937, 'balanced_accuracy': 0.9763051513818161, 'f1_macro': 0.976557771718198, 'f1_micro': 0.976633268014937, 'f1_weighted': 0.9767131484179196, 'precision_macro': 0.9771533743487829, 'precision_micro': 0.976633268014937, 'precision_weighted': 0.9771320920669146, 'recall_macro': 0.9763051513818161, 'recall_micro': 0.976633268014937, 'recall_weighted': 0.976633268014937}
Validation statistic: Loss: 0.1361, dev_score: {'accuracy': 0.9547488811536549, 'balanced_accuracy': 0.9542356278185764, 'f1_macro': 0.9547708356517131, 'f1_micro': 0.9547488811536549, 'f1_weighted': 0.9548173994579773, 'precision_macro': 0.9558365358233024, 'precision_micro': 0.9547488811536549, 'precision_weighted': 0.9554207336168937, 'recall_macro': 0.9542356278185764, 'recall_micro': 0.9547488811536549, 'recall_weighted': 0.9547488811536549}
-----------------------
Epoch 77/100
Training statistic: Loss: 0.0713, train_score: {'accuracy': 0.9765038636447665, 'balanced_accuracy': 0.9761532966739328, 'f1_macro': 0.9764412306441738, 'f1_micro': 0.9765038636447665, 'f1_weighted': 0.9766096682659656, 'precision_macro': 0.9771463770313573, 'precision_micro': 0.9765038636447665, 'precision_weighted': 0.9771257607916419, 'recall_macro': 0.9761532966739328, 'recall_micro': 0.9765038636447665, 'recall_weighted': 0.9765038636447665}
Validation statistic: Loss: 0.1390, dev_score: {'accuracy': 0.9537543510691199, 'balanced_accuracy': 0.9531436276404686, 'f1_macro': 0.9537537273539888, 'f1_micro': 0.9537543510691199, 'f1_weighted': 0.9538501833879504, 'precision_macro': 0.9551262176856877, 'precision_micro': 0.9537543510691199, 'precision_weighted': 0.9547134581060743, 'recall_macro': 0.9531436276404686, 'recall_micro': 0.9537543510691199, 'recall_weighted': 0.9537543510691199}
-----------------------
Epoch 78/100
Training statistic: Loss: 0.0681, train_score: {'accuracy': 0.9772802898657892, 'balanced_accuracy': 0.9769244071964664, 'f1_macro': 0.9771936310717203, 'f1_micro': 0.9772802898657892, 'f1_weighted': 0.9773708501050699, 'precision_macro': 0.9778382929280847, 'precision_micro': 0.9772802898657892, 'precision_weighted': 0.9778307754116176, 'recall_macro': 0.9769244071964664, 'recall_micro': 0.9772802898657892, 'recall_weighted': 0.9772802898657892}
Validation statistic: Loss: 0.1342, dev_score: {'accuracy': 0.9545831261395658, 'balanced_accuracy': 0.9539458070684137, 'f1_macro': 0.9546462699800722, 'f1_micro': 0.9545831261395658, 'f1_weighted': 0.9547062954253023, 'precision_macro': 0.9560122557075641, 'precision_micro': 0.9545831261395658, 'precision_weighted': 0.9554915994260368, 'recall_macro': 0.9539458070684137, 'recall_micro': 0.9545831261395658, 'recall_weighted': 0.9545831261395658}
-----------------------
Epoch 79/100
Training statistic: Loss: 0.0701, train_score: {'accuracy': 0.9763929456131919, 'balanced_accuracy': 0.9761384875128106, 'f1_macro': 0.9763826207655633, 'f1_micro': 0.9763929456131919, 'f1_weighted': 0.9765224767733445, 'precision_macro': 0.9771917071836566, 'precision_micro': 0.9763929456131919, 'precision_weighted': 0.9772129624556947, 'recall_macro': 0.9761384875128106, 'recall_micro': 0.9763929456131919, 'recall_weighted': 0.9763929456131919}
Validation statistic: Loss: 0.1379, dev_score: {'accuracy': 0.9530913310127631, 'balanced_accuracy': 0.9525196611824139, 'f1_macro': 0.9531923193788655, 'f1_micro': 0.9530913310127631, 'f1_weighted': 0.9532122961182654, 'precision_macro': 0.9546071934685759, 'precision_micro': 0.9530913310127631, 'precision_weighted': 0.9540862986458329, 'recall_macro': 0.9525196611824139, 'recall_micro': 0.9530913310127631, 'recall_weighted': 0.9530913310127631}
-----------------------
Epoch 80/100
Training statistic: Loss: 0.0702, train_score: {'accuracy': 0.9768735904166821, 'balanced_accuracy': 0.9765971018151489, 'f1_macro': 0.9768511013492512, 'f1_micro': 0.9768735904166821, 'f1_weighted': 0.9769891705097775, 'precision_macro': 0.9776266509409629, 'precision_micro': 0.9768735904166821, 'precision_weighted': 0.9776228513539001, 'recall_macro': 0.9765971018151489, 'recall_micro': 0.9768735904166821, 'recall_weighted': 0.9768735904166821}
Validation statistic: Loss: 0.1401, dev_score: {'accuracy': 0.952925575998674, 'balanced_accuracy': 0.9523596651029342, 'f1_macro': 0.9530258142254743, 'f1_micro': 0.952925575998674, 'f1_weighted': 0.9530428422175007, 'precision_macro': 0.9545422678760758, 'precision_micro': 0.952925575998674, 'precision_weighted': 0.9540167201372984, 'recall_macro': 0.9523596651029342, 'recall_micro': 0.952925575998674, 'recall_weighted': 0.952925575998674}
-----------------------
Epoch 81/100
Training statistic: Loss: 0.0697, train_score: {'accuracy': 0.9760971641956594, 'balanced_accuracy': 0.9757146640929018, 'f1_macro': 0.9760159743633954, 'f1_micro': 0.9760971641956594, 'f1_weighted': 0.976199899049102, 'precision_macro': 0.9768238794604492, 'precision_micro': 0.9760971641956594, 'precision_weighted': 0.9768004975798822, 'recall_macro': 0.9757146640929018, 'recall_micro': 0.9760971641956594, 'recall_weighted': 0.9760971641956594}
Validation statistic: Loss: 0.1393, dev_score: {'accuracy': 0.9519310459141389, 'balanced_accuracy': 0.9511437807118284, 'f1_macro': 0.9518133549239979, 'f1_micro': 0.9519310459141389, 'f1_weighted': 0.9520254678882207, 'precision_macro': 0.9532667523692007, 'precision_micro': 0.9519310459141389, 'precision_weighted': 0.9529015158149545, 'recall_macro': 0.9511437807118284, 'recall_micro': 0.9519310459141389, 'recall_weighted': 0.9519310459141389}
-----------------------
Epoch 82/100
Training statistic: Loss: 0.0686, train_score: {'accuracy': 0.9772802898657892, 'balanced_accuracy': 0.976976555502309, 'f1_macro': 0.9772310637297492, 'f1_micro': 0.9772802898657892, 'f1_weighted': 0.977371574660717, 'precision_macro': 0.9778608308038426, 'precision_micro': 0.9772802898657892, 'precision_weighted': 0.977833877546353, 'recall_macro': 0.976976555502309, 'recall_micro': 0.9772802898657892, 'recall_weighted': 0.9772802898657892}
Validation statistic: Loss: 0.1369, dev_score: {'accuracy': 0.9542516161113874, 'balanced_accuracy': 0.9535437260816991, 'f1_macro': 0.9542402776563492, 'f1_micro': 0.9542516161113874, 'f1_weighted': 0.9543621210164983, 'precision_macro': 0.955614983684139, 'precision_micro': 0.9542516161113874, 'precision_weighted': 0.9551552290890993, 'recall_macro': 0.9535437260816991, 'recall_micro': 0.9542516161113874, 'recall_weighted': 0.9542516161113874}
-----------------------
Epoch 83/100
Training statistic: Loss: 0.0706, train_score: {'accuracy': 0.9761156505342552, 'balanced_accuracy': 0.9757388654841506, 'f1_macro': 0.9760781744219461, 'f1_micro': 0.9761156505342552, 'f1_weighted': 0.9762291961878735, 'precision_macro': 0.9769700337475438, 'precision_micro': 0.9761156505342552, 'precision_weighted': 0.9768892482268022, 'recall_macro': 0.9757388654841506, 'recall_micro': 0.9761156505342552, 'recall_weighted': 0.9761156505342552}
Validation statistic: Loss: 0.1399, dev_score: {'accuracy': 0.9519310459141389, 'balanced_accuracy': 0.9512601129133941, 'f1_macro': 0.9519366089711138, 'f1_micro': 0.9519310459141389, 'f1_weighted': 0.9520594866562558, 'precision_macro': 0.953590852477106, 'precision_micro': 0.9519310459141389, 'precision_weighted': 0.9531754875902626, 'recall_macro': 0.9512601129133941, 'recall_micro': 0.9519310459141389, 'recall_weighted': 0.9519310459141389}
-----------------------
Epoch 84/100
Training statistic: Loss: 0.0673, train_score: {'accuracy': 0.9773357488815765, 'balanced_accuracy': 0.9770643356099322, 'f1_macro': 0.9773086161121707, 'f1_micro': 0.9773357488815765, 'f1_weighted': 0.9774496794955571, 'precision_macro': 0.9779843502860942, 'precision_micro': 0.9773357488815765, 'precision_weighted': 0.9779892122841276, 'recall_macro': 0.9770643356099322, 'recall_micro': 0.9773357488815765, 'recall_weighted': 0.9773357488815765}
Validation statistic: Loss: 0.1348, dev_score: {'accuracy': 0.9545831261395658, 'balanced_accuracy': 0.9540342568028668, 'f1_macro': 0.9546372732016805, 'f1_micro': 0.9545831261395658, 'f1_weighted': 0.9547170564490228, 'precision_macro': 0.9559137173491766, 'precision_micro': 0.9545831261395658, 'precision_weighted': 0.9555324276459696, 'recall_macro': 0.9540342568028668, 'recall_micro': 0.9545831261395658, 'recall_weighted': 0.9545831261395658}
-----------------------
Epoch 85/100
Training statistic: Loss: 0.0686, train_score: {'accuracy': 0.9770954264798314, 'balanced_accuracy': 0.9767639585363799, 'f1_macro': 0.9770465284321068, 'f1_micro': 0.9770954264798314, 'f1_weighted': 0.9772156724673164, 'precision_macro': 0.9778424380157322, 'precision_micro': 0.9770954264798314, 'precision_weighted': 0.9778435209567619, 'recall_macro': 0.9767639585363799, 'recall_micro': 0.9770954264798314, 'recall_weighted': 0.9770954264798314}
Validation statistic: Loss: 0.1408, dev_score: {'accuracy': 0.9525940659704956, 'balanced_accuracy': 0.9520383271665118, 'f1_macro': 0.9526889532245901, 'f1_micro': 0.9525940659704956, 'f1_weighted': 0.9527342056090334, 'precision_macro': 0.9541831490347812, 'precision_micro': 0.9525940659704956, 'precision_weighted': 0.9537304885502365, 'recall_macro': 0.9520383271665118, 'recall_micro': 0.9525940659704956, 'recall_weighted': 0.9525940659704956}
-----------------------
Epoch 86/100
Training statistic: Loss: 0.0656, train_score: {'accuracy': 0.9780382297482161, 'balanced_accuracy': 0.9777091621721897, 'f1_macro': 0.9779674270687183, 'f1_micro': 0.9780382297482161, 'f1_weighted': 0.9781158250105454, 'precision_macro': 0.9785219231711556, 'precision_micro': 0.9780382297482161, 'precision_weighted': 0.9784840666113921, 'recall_macro': 0.9777091621721897, 'recall_micro': 0.9780382297482161, 'recall_weighted': 0.9780382297482161}
Validation statistic: Loss: 0.1348, dev_score: {'accuracy': 0.9549146361677441, 'balanced_accuracy': 0.9543861990391646, 'f1_macro': 0.9549674764204296, 'f1_micro': 0.9549146361677441, 'f1_weighted': 0.9550104631231789, 'precision_macro': 0.9561040807238553, 'precision_micro': 0.9549146361677441, 'precision_weighted': 0.9556668511103533, 'recall_macro': 0.9543861990391646, 'recall_micro': 0.9549146361677441, 'recall_weighted': 0.9549146361677441}
-----------------------
Epoch 87/100
Training statistic: Loss: 0.0691, train_score: {'accuracy': 0.9770029947868525, 'balanced_accuracy': 0.9766708566574851, 'f1_macro': 0.9769666366064425, 'f1_micro': 0.9770029947868525, 'f1_weighted': 0.9771263603750528, 'precision_macro': 0.9777512047584661, 'precision_micro': 0.9770029947868525, 'precision_weighted': 0.9777302509972176, 'recall_macro': 0.9766708566574851, 'recall_micro': 0.9770029947868525, 'recall_weighted': 0.9770029947868525}
Validation statistic: Loss: 0.1404, dev_score: {'accuracy': 0.952925575998674, 'balanced_accuracy': 0.9521885456595196, 'f1_macro': 0.9529101027585704, 'f1_micro': 0.952925575998674, 'f1_weighted': 0.9530391308571016, 'precision_macro': 0.9544087061475579, 'precision_micro': 0.952925575998674, 'precision_weighted': 0.9539302485315385, 'recall_macro': 0.9521885456595196, 'recall_micro': 0.952925575998674, 'recall_weighted': 0.952925575998674}
-----------------------
Epoch 88/100
Training statistic: Loss: 0.0641, train_score: {'accuracy': 0.9787222242762599, 'balanced_accuracy': 0.9784404749614353, 'f1_macro': 0.9786612874527, 'f1_micro': 0.9787222242762599, 'f1_weighted': 0.9787932681254062, 'precision_macro': 0.9791318640008502, 'precision_micro': 0.9787222242762599, 'precision_weighted': 0.9791096519439043, 'recall_macro': 0.9784404749614353, 'recall_micro': 0.9787222242762599, 'recall_weighted': 0.9787222242762599}
Validation statistic: Loss: 0.1346, dev_score: {'accuracy': 0.9532570860268523, 'balanced_accuracy': 0.9526822134329578, 'f1_macro': 0.9532673977283613, 'f1_micro': 0.9532570860268523, 'f1_weighted': 0.9533397834021222, 'precision_macro': 0.9543876713800783, 'precision_micro': 0.9532570860268523, 'precision_weighted': 0.9539564715618828, 'recall_macro': 0.9526822134329578, 'recall_micro': 0.9532570860268523, 'recall_weighted': 0.9532570860268523}
-----------------------
Epoch 89/100
Training statistic: Loss: 0.0669, train_score: {'accuracy': 0.9778903390394499, 'balanced_accuracy': 0.9775253313452605, 'f1_macro': 0.9778318807449702, 'f1_micro': 0.9778903390394499, 'f1_weighted': 0.9779700016176968, 'precision_macro': 0.9784728814178626, 'precision_micro': 0.9778903390394499, 'precision_weighted': 0.9783785024022054, 'recall_macro': 0.9775253313452605, 'recall_micro': 0.9778903390394499, 'recall_weighted': 0.9778903390394499}
Validation statistic: Loss: 0.1358, dev_score: {'accuracy': 0.952925575998674, 'balanced_accuracy': 0.9523113374522245, 'f1_macro': 0.9529621300597511, 'f1_micro': 0.952925575998674, 'f1_weighted': 0.9530288807741261, 'precision_macro': 0.9542900387345128, 'precision_micro': 0.952925575998674, 'precision_weighted': 0.953810578579345, 'recall_macro': 0.9523113374522245, 'recall_micro': 0.952925575998674, 'recall_weighted': 0.952925575998674}
-----------------------
Epoch 90/100
Training statistic: Loss: 0.0677, train_score: {'accuracy': 0.9768920767552779, 'balanced_accuracy': 0.9765112334091034, 'f1_macro': 0.9768335061765793, 'f1_micro': 0.9768920767552779, 'f1_weighted': 0.9770105584206359, 'precision_macro': 0.9777737531189162, 'precision_micro': 0.9768920767552779, 'precision_weighted': 0.9777357985507658, 'recall_macro': 0.9765112334091034, 'recall_micro': 0.9768920767552779, 'recall_weighted': 0.9768920767552779}
Validation statistic: Loss: 0.1385, dev_score: {'accuracy': 0.9532570860268523, 'balanced_accuracy': 0.9525161563189564, 'f1_macro': 0.9532543881787883, 'f1_micro': 0.9532570860268523, 'f1_weighted': 0.9534042624888558, 'precision_macro': 0.9549798784736245, 'precision_micro': 0.9532570860268523, 'precision_weighted': 0.9545372484625417, 'recall_macro': 0.9525161563189564, 'recall_micro': 0.9532570860268523, 'recall_weighted': 0.9532570860268523}
-----------------------
Epoch 91/100
Training statistic: Loss: 0.0677, train_score: {'accuracy': 0.9771693718342145, 'balanced_accuracy': 0.9767983937853213, 'f1_macro': 0.9770979905051609, 'f1_micro': 0.9771693718342145, 'f1_weighted': 0.9772525333203479, 'precision_macro': 0.9778270870423305, 'precision_micro': 0.9771693718342145, 'precision_weighted': 0.9777567448060247, 'recall_macro': 0.9767983937853213, 'recall_micro': 0.9771693718342145, 'recall_weighted': 0.9771693718342145}
Validation statistic: Loss: 0.1394, dev_score: {'accuracy': 0.9534228410409414, 'balanced_accuracy': 0.9528188141729539, 'f1_macro': 0.953319528239119, 'f1_micro': 0.9534228410409414, 'f1_weighted': 0.9534960699713361, 'precision_macro': 0.9545329347194664, 'precision_micro': 0.9534228410409414, 'precision_weighted': 0.9542800127300247, 'recall_macro': 0.9528188141729539, 'recall_micro': 0.9534228410409414, 'recall_weighted': 0.9534228410409414}
-----------------------
Epoch 92/100
Training statistic: Loss: 0.0637, train_score: {'accuracy': 0.9785188745517063, 'balanced_accuracy': 0.9781883833326177, 'f1_macro': 0.9784320899711162, 'f1_micro': 0.9785188745517063, 'f1_weighted': 0.9785916489421543, 'precision_macro': 0.9789512551776248, 'precision_micro': 0.9785188745517063, 'precision_weighted': 0.9789343070271833, 'recall_macro': 0.9781883833326177, 'recall_micro': 0.9785188745517063, 'recall_weighted': 0.9785188745517063}
Validation statistic: Loss: 0.1328, dev_score: {'accuracy': 0.95574341123819, 'balanced_accuracy': 0.9551921151343225, 'f1_macro': 0.9557106385858761, 'f1_micro': 0.95574341123819, 'f1_weighted': 0.9558050985241071, 'precision_macro': 0.9567154863119294, 'precision_micro': 0.95574341123819, 'precision_weighted': 0.95635266729742, 'recall_macro': 0.9551921151343225, 'recall_micro': 0.95574341123819, 'recall_weighted': 0.95574341123819}
-----------------------
Epoch 93/100
Training statistic: Loss: 0.0667, train_score: {'accuracy': 0.9778533663622583, 'balanced_accuracy': 0.9775329843815204, 'f1_macro': 0.9778100700063419, 'f1_micro': 0.9778533663622583, 'f1_weighted': 0.9779494621005097, 'precision_macro': 0.9785272870810141, 'precision_micro': 0.9778533663622583, 'precision_weighted': 0.9784789757633126, 'recall_macro': 0.9775329843815204, 'recall_micro': 0.9778533663622583, 'recall_weighted': 0.9778533663622583}
Validation statistic: Loss: 0.1366, dev_score: {'accuracy': 0.9532570860268523, 'balanced_accuracy': 0.9524791837350988, 'f1_macro': 0.9532910654045471, 'f1_micro': 0.9532570860268523, 'f1_weighted': 0.9533695494527911, 'precision_macro': 0.954951980611684, 'precision_micro': 0.9532570860268523, 'precision_weighted': 0.9543271459402087, 'recall_macro': 0.9524791837350988, 'recall_micro': 0.9532570860268523, 'recall_weighted': 0.9532570860268523}
-----------------------
Epoch 94/100
Training statistic: Loss: 0.0666, train_score: {'accuracy': 0.9776130439605132, 'balanced_accuracy': 0.9772914088228015, 'f1_macro': 0.9775692123904814, 'f1_micro': 0.9776130439605132, 'f1_weighted': 0.9777221304819073, 'precision_macro': 0.9782959522531632, 'precision_micro': 0.9776130439605132, 'precision_weighted': 0.9782743951588779, 'recall_macro': 0.9772914088228015, 'recall_micro': 0.9776130439605132, 'recall_weighted': 0.9776130439605132}
Validation statistic: Loss: 0.1360, dev_score: {'accuracy': 0.953920106083209, 'balanced_accuracy': 0.9533637392073482, 'f1_macro': 0.9538577136784145, 'f1_micro': 0.953920106083209, 'f1_weighted': 0.9539874083900843, 'precision_macro': 0.9550150930976156, 'precision_micro': 0.953920106083209, 'precision_weighted': 0.9547213199690567, 'recall_macro': 0.9533637392073482, 'recall_micro': 0.953920106083209, 'recall_weighted': 0.953920106083209}
Early stopping by loss triggered!
Testing statistic: loss: 0.13170879259728183, scores: {'accuracy': 0.9559404436341538, 'balanced_accuracy': 0.9560912304832547, 'f1_macro': 0.9562342971169391, 'f1_micro': 0.9559404436341538, 'f1_weighted': 0.9560697140640403, 'precision_macro': 0.9568035000607316, 'precision_micro': 0.9559404436341538, 'precision_weighted': 0.9566278070455648, 'recall_macro': 0.9560912304832547, 'recall_micro': 0.9559404436341538, 'recall_weighted': 0.9559404436341538}
Finish training!
