=====Setting up data=====
Dataset name:mnist28
train_option:synthetic
augment_option:tvae
mix_ratio:-1
n_sample:-1
Training dataset size: 100096 samples
Validation dataset size: 6144 samples

=====Setting up parameters for training=====
num_epochs: 100
learning_rate: 0.001
patience: 30
early_stop_criterion: loss
=====Setting up trainer=====
input_size: 784
model: DNN_MNIST28
----------------------------------------------------------------
        Layer (type)               Output Shape         Param #
================================================================
           Dropout-1                  [-1, 784]               0
            Linear-2                  [-1, 512]         401,920
         LeakyReLU-3                  [-1, 512]               0
       BatchNorm1d-4                  [-1, 512]           1,024
           Dropout-5                  [-1, 512]               0
            Linear-6                 [-1, 1024]         525,312
         LeakyReLU-7                 [-1, 1024]               0
       BatchNorm1d-8                 [-1, 1024]           2,048
           Dropout-9                 [-1, 1024]               0
           Linear-10                  [-1, 256]         262,400
        LeakyReLU-11                  [-1, 256]               0
      BatchNorm1d-12                  [-1, 256]             512
          Dropout-13                  [-1, 256]               0
           Linear-14                  [-1, 128]          32,896
        LeakyReLU-15                  [-1, 128]               0
      BatchNorm1d-16                  [-1, 128]             256
          Dropout-17                  [-1, 128]               0
           Linear-18                   [-1, 10]           1,290
================================================================
Total params: 1,227,658
Trainable params: 1,227,658
Non-trainable params: 0
----------------------------------------------------------------
Input size (MB): 0.00
Forward/backward pass size (MB): 0.06
Params size (MB): 4.68
Estimated Total Size (MB): 4.75
----------------------------------------------------------------
=====Setting up output files=====
weight_dir, weight_file: /home/thuy/Research/minh_data_synth/TabularDA/.cache/mnist_head_fixed_runtime_20261009/output/mnist_head_fixed_20261009/mnist28/weight/, mnist28_seed42_tvae_full_generated_synthetic.weights.pth
acc_dir, acc_file: /home/thuy/Research/minh_data_synth/TabularDA/.cache/mnist_head_fixed_runtime_20261009/output/mnist_head_fixed_20261009/mnist28/acc/, mnist28_seed42_tvae_full_generated_synthetic.epochs.csv
report_file: mnist28_seed42_tvae_full_generated_synthetic.report.txt
==========================================================================================
Start training...
-----------------------
Epoch 1/100
Training statistic: Loss: 1.0469, train_score: {'accuracy': 0.62419, 'balanced_accuracy': 0.6082503434036456, 'f1_macro': 0.6119760748252091, 'f1_micro': 0.62419, 'f1_weighted': 0.6200855381409252, 'precision_macro': 0.6328076033289459, 'precision_micro': 0.62419, 'precision_weighted': 0.6313725190609134, 'recall_macro': 0.6082503434036456, 'recall_micro': 0.62419, 'recall_weighted': 0.62419}
Validation statistic: Loss: 0.4652, dev_score: {'accuracy': 0.8743576993204044, 'balanced_accuracy': 0.8726637029414397, 'f1_macro': 0.8726314800666017, 'f1_micro': 0.8743576993204044, 'f1_weighted': 0.8747094759116187, 'precision_macro': 0.8854099712722844, 'precision_micro': 0.8743576993204044, 'precision_weighted': 0.8873709924774572, 'recall_macro': 0.8726637029414397, 'recall_micro': 0.8743576993204044, 'recall_weighted': 0.8743576993204044}
Saving model...
Model saved!
-------------------------------------------
-----------------------
Epoch 2/100
Training statistic: Loss: 0.9535, train_score: {'accuracy': 0.65531, 'balanced_accuracy': 0.6440253761326943, 'f1_macro': 0.647925149331299, 'f1_micro': 0.65531, 'f1_weighted': 0.6530619617913614, 'precision_macro': 0.6620017131470949, 'precision_micro': 0.65531, 'precision_weighted': 0.660066521654864, 'recall_macro': 0.6440253761326943, 'recall_micro': 0.65531, 'recall_weighted': 0.65531}
Validation statistic: Loss: 0.3748, dev_score: {'accuracy': 0.9070114370959722, 'balanced_accuracy': 0.90590289006932, 'f1_macro': 0.9058441114005046, 'f1_micro': 0.9070114370959722, 'f1_weighted': 0.9070976068022809, 'precision_macro': 0.9107737844424459, 'precision_micro': 0.9070114370959722, 'precision_weighted': 0.9119456824953557, 'recall_macro': 0.90590289006932, 'recall_micro': 0.9070114370959722, 'recall_weighted': 0.9070114370959722}
Saving model...
Model saved!
-------------------------------------------
-----------------------
Epoch 3/100
Training statistic: Loss: 0.8971, train_score: {'accuracy': 0.67541, 'balanced_accuracy': 0.6658723813578706, 'f1_macro': 0.6690746104518812, 'f1_micro': 0.67541, 'f1_weighted': 0.6739182210836078, 'precision_macro': 0.6791875002953975, 'precision_micro': 0.67541, 'precision_weighted': 0.6786999351657167, 'recall_macro': 0.6658723813578706, 'recall_micro': 0.67541, 'recall_weighted': 0.67541}
Validation statistic: Loss: 0.3291, dev_score: {'accuracy': 0.9179512680258578, 'balanced_accuracy': 0.9167696227097956, 'f1_macro': 0.9169453474147244, 'f1_micro': 0.9179512680258578, 'f1_weighted': 0.9180133505510251, 'precision_macro': 0.9201437933887245, 'precision_micro': 0.9179512680258578, 'precision_weighted': 0.9209395124709773, 'recall_macro': 0.9167696227097956, 'recall_micro': 0.9179512680258578, 'recall_weighted': 0.9179512680258578}
Saving model...
Model saved!
-------------------------------------------
-----------------------
Epoch 4/100
Training statistic: Loss: 0.8634, train_score: {'accuracy': 0.6854, 'balanced_accuracy': 0.6764720246451164, 'f1_macro': 0.6789346604368464, 'f1_micro': 0.6854, 'f1_weighted': 0.6838483781127146, 'precision_macro': 0.6895287426571695, 'precision_micro': 0.6854, 'precision_weighted': 0.6892916462200391, 'recall_macro': 0.6764720246451164, 'recall_micro': 0.6854, 'recall_weighted': 0.6854}
Validation statistic: Loss: 0.3064, dev_score: {'accuracy': 0.9287253439416542, 'balanced_accuracy': 0.9278284850925438, 'f1_macro': 0.9280203055564371, 'f1_micro': 0.9287253439416542, 'f1_weighted': 0.9288071452954215, 'precision_macro': 0.9303741285822298, 'precision_micro': 0.9287253439416542, 'precision_weighted': 0.9309602523498016, 'recall_macro': 0.9278284850925438, 'recall_micro': 0.9287253439416542, 'recall_weighted': 0.9287253439416542}
Saving model...
Model saved!
-------------------------------------------
-----------------------
Epoch 5/100
Training statistic: Loss: 0.8346, train_score: {'accuracy': 0.69518, 'balanced_accuracy': 0.6884509125222008, 'f1_macro': 0.6900529695530424, 'f1_micro': 0.69518, 'f1_weighted': 0.6941179070274576, 'precision_macro': 0.6967318576991959, 'precision_micro': 0.69518, 'precision_weighted': 0.6976954703195453, 'recall_macro': 0.6884509125222008, 'recall_micro': 0.69518, 'recall_weighted': 0.69518}
Validation statistic: Loss: 0.2890, dev_score: {'accuracy': 0.9298856290402785, 'balanced_accuracy': 0.9289474429746634, 'f1_macro': 0.9291327202244618, 'f1_micro': 0.9298856290402785, 'f1_weighted': 0.929789028857114, 'precision_macro': 0.9306869479371835, 'precision_micro': 0.9298856290402785, 'precision_weighted': 0.930992739175055, 'recall_macro': 0.9289474429746634, 'recall_micro': 0.9298856290402785, 'recall_weighted': 0.9298856290402785}
Saving model...
Model saved!
-------------------------------------------
-----------------------
Epoch 6/100
Training statistic: Loss: 0.8144, train_score: {'accuracy': 0.70228, 'balanced_accuracy': 0.6952475234931921, 'f1_macro': 0.6964858906893252, 'f1_micro': 0.70228, 'f1_weighted': 0.7009024057674739, 'precision_macro': 0.7043516539932912, 'precision_micro': 0.70228, 'precision_weighted': 0.7050488173167654, 'recall_macro': 0.6952475234931921, 'recall_micro': 0.70228, 'recall_weighted': 0.70228}
Validation statistic: Loss: 0.2853, dev_score: {'accuracy': 0.9305486490966351, 'balanced_accuracy': 0.9298040989280676, 'f1_macro': 0.9297682592946787, 'f1_micro': 0.9305486490966351, 'f1_weighted': 0.9303761691852102, 'precision_macro': 0.9315150525664286, 'precision_micro': 0.9305486490966351, 'precision_weighted': 0.9318998180600134, 'recall_macro': 0.9298040989280676, 'recall_micro': 0.9305486490966351, 'recall_weighted': 0.9305486490966351}
Saving model...
Model saved!
-------------------------------------------
-----------------------
Epoch 7/100
Training statistic: Loss: 0.7949, train_score: {'accuracy': 0.70814, 'balanced_accuracy': 0.6992917744571533, 'f1_macro': 0.7016861435931663, 'f1_micro': 0.70814, 'f1_weighted': 0.7063739919896983, 'precision_macro': 0.7108021382500717, 'precision_micro': 0.70814, 'precision_weighted': 0.7102989487917132, 'recall_macro': 0.6992917744571533, 'recall_micro': 0.70814, 'recall_weighted': 0.70814}
Validation statistic: Loss: 0.2764, dev_score: {'accuracy': 0.9295541190121002, 'balanced_accuracy': 0.9287731192607275, 'f1_macro': 0.9287787616731273, 'f1_micro': 0.9295541190121002, 'f1_weighted': 0.9293972109455835, 'precision_macro': 0.9308127887485751, 'precision_micro': 0.9295541190121002, 'precision_weighted': 0.9311983398935356, 'recall_macro': 0.9287731192607275, 'recall_micro': 0.9295541190121002, 'recall_weighted': 0.9295541190121002}
Saving model...
Model saved!
-------------------------------------------
-----------------------
Epoch 8/100
Training statistic: Loss: 0.7791, train_score: {'accuracy': 0.71465, 'balanced_accuracy': 0.7054854305038362, 'f1_macro': 0.708403971306043, 'f1_micro': 0.71465, 'f1_weighted': 0.7133401698137362, 'precision_macro': 0.7177780532031226, 'precision_micro': 0.71465, 'precision_weighted': 0.717306892856946, 'recall_macro': 0.7054854305038362, 'recall_micro': 0.71465, 'recall_weighted': 0.71465}
Validation statistic: Loss: 0.2656, dev_score: {'accuracy': 0.9368473396320238, 'balanced_accuracy': 0.9362792200136729, 'f1_macro': 0.936426469133718, 'f1_micro': 0.9368473396320238, 'f1_weighted': 0.9368545187304372, 'precision_macro': 0.9377600541025636, 'precision_micro': 0.9368473396320238, 'precision_weighted': 0.9380143873659684, 'recall_macro': 0.9362792200136729, 'recall_micro': 0.9368473396320238, 'recall_weighted': 0.9368473396320238}
Saving model...
Model saved!
-------------------------------------------
-----------------------
Epoch 9/100
Training statistic: Loss: 0.7653, train_score: {'accuracy': 0.7186, 'balanced_accuracy': 0.7085498108916397, 'f1_macro': 0.712365614606607, 'f1_micro': 0.7186, 'f1_weighted': 0.7171046611649098, 'precision_macro': 0.7237247087110893, 'precision_micro': 0.7186, 'precision_weighted': 0.7217969161161326, 'recall_macro': 0.7085498108916397, 'recall_micro': 0.7186, 'recall_weighted': 0.7186}
Validation statistic: Loss: 0.2674, dev_score: {'accuracy': 0.9355212995193105, 'balanced_accuracy': 0.9348859769578827, 'f1_macro': 0.9351559841507211, 'f1_micro': 0.9355212995193105, 'f1_weighted': 0.9355605315707961, 'precision_macro': 0.9369822447519889, 'precision_micro': 0.9355212995193105, 'precision_weighted': 0.9371086751780279, 'recall_macro': 0.9348859769578827, 'recall_micro': 0.9355212995193105, 'recall_weighted': 0.9355212995193105}
-----------------------
Epoch 10/100
Training statistic: Loss: 0.7469, train_score: {'accuracy': 0.72222, 'balanced_accuracy': 0.7133609790622691, 'f1_macro': 0.7168889839336482, 'f1_micro': 0.72222, 'f1_weighted': 0.7210181930050878, 'precision_macro': 0.7271197697218084, 'precision_micro': 0.72222, 'precision_weighted': 0.7258872616209399, 'recall_macro': 0.7133609790622691, 'recall_micro': 0.72222, 'recall_weighted': 0.72222}
Validation statistic: Loss: 0.2555, dev_score: {'accuracy': 0.9340295043925079, 'balanced_accuracy': 0.93340102097149, 'f1_macro': 0.9334252686182939, 'f1_micro': 0.9340295043925079, 'f1_weighted': 0.9340844902835673, 'precision_macro': 0.9351804600948608, 'precision_micro': 0.9340295043925079, 'precision_weighted': 0.9358092816738254, 'recall_macro': 0.93340102097149, 'recall_micro': 0.9340295043925079, 'recall_weighted': 0.9340295043925079}
Saving model...
Model saved!
-------------------------------------------
-----------------------
Epoch 11/100
Training statistic: Loss: 0.7415, train_score: {'accuracy': 0.72741, 'balanced_accuracy': 0.7188458012689425, 'f1_macro': 0.7210807861382094, 'f1_micro': 0.72741, 'f1_weighted': 0.7258616984740519, 'precision_macro': 0.7308067137728117, 'precision_micro': 0.72741, 'precision_weighted': 0.7301054696408436, 'recall_macro': 0.7188458012689425, 'recall_micro': 0.72741, 'recall_weighted': 0.72741}
Validation statistic: Loss: 0.2556, dev_score: {'accuracy': 0.9351897894911321, 'balanced_accuracy': 0.9344682699782897, 'f1_macro': 0.9346014863130906, 'f1_micro': 0.9351897894911321, 'f1_weighted': 0.9351722725183127, 'precision_macro': 0.9362171723946549, 'precision_micro': 0.9351897894911321, 'precision_weighted': 0.9365777482389109, 'recall_macro': 0.9344682699782897, 'recall_micro': 0.9351897894911321, 'recall_weighted': 0.9351897894911321}
-----------------------
Epoch 12/100
Training statistic: Loss: 0.7275, train_score: {'accuracy': 0.72919, 'balanced_accuracy': 0.7219085320243648, 'f1_macro': 0.7235929343171599, 'f1_micro': 0.72919, 'f1_weighted': 0.7281636001601358, 'precision_macro': 0.7316151392467299, 'precision_micro': 0.72919, 'precision_weighted': 0.7321974193002397, 'recall_macro': 0.7219085320243648, 'recall_micro': 0.72919, 'recall_weighted': 0.72919}
Validation statistic: Loss: 0.2442, dev_score: {'accuracy': 0.938836399801094, 'balanced_accuracy': 0.9386281099719472, 'f1_macro': 0.9384644697844408, 'f1_micro': 0.938836399801094, 'f1_weighted': 0.9388194449662804, 'precision_macro': 0.9392953414158874, 'precision_micro': 0.938836399801094, 'precision_weighted': 0.9397565703981943, 'recall_macro': 0.9386281099719472, 'recall_micro': 0.938836399801094, 'recall_weighted': 0.938836399801094}
Saving model...
Model saved!
-------------------------------------------
-----------------------
Epoch 13/100
Training statistic: Loss: 0.7121, train_score: {'accuracy': 0.73557, 'balanced_accuracy': 0.7280079833918898, 'f1_macro': 0.7305073469429924, 'f1_micro': 0.73557, 'f1_weighted': 0.7344649685367278, 'precision_macro': 0.7392605815352009, 'precision_micro': 0.73557, 'precision_weighted': 0.7385491442551182, 'recall_macro': 0.7280079833918898, 'recall_micro': 0.73557, 'recall_weighted': 0.73557}
Validation statistic: Loss: 0.2371, dev_score: {'accuracy': 0.9391679098292723, 'balanced_accuracy': 0.9385056716487892, 'f1_macro': 0.9385192563173576, 'f1_micro': 0.9391679098292723, 'f1_weighted': 0.9390535805717978, 'precision_macro': 0.9397598971882347, 'precision_micro': 0.9391679098292723, 'precision_weighted': 0.9401146047633218, 'recall_macro': 0.9385056716487892, 'recall_micro': 0.9391679098292723, 'recall_weighted': 0.9391679098292723}
Saving model...
Model saved!
-------------------------------------------
-----------------------
Epoch 14/100
Training statistic: Loss: 0.7046, train_score: {'accuracy': 0.73961, 'balanced_accuracy': 0.7314492216316066, 'f1_macro': 0.7345322473927915, 'f1_micro': 0.73961, 'f1_weighted': 0.7387952010717921, 'precision_macro': 0.7427773080147568, 'precision_micro': 0.73961, 'precision_weighted': 0.742298875205493, 'recall_macro': 0.7314492216316066, 'recall_micro': 0.73961, 'recall_weighted': 0.73961}
Validation statistic: Loss: 0.2420, dev_score: {'accuracy': 0.938836399801094, 'balanced_accuracy': 0.9383710574162191, 'f1_macro': 0.9385201064155216, 'f1_micro': 0.938836399801094, 'f1_weighted': 0.9388854955113726, 'precision_macro': 0.9395588403511637, 'precision_micro': 0.938836399801094, 'precision_weighted': 0.9397943723550154, 'recall_macro': 0.9383710574162191, 'recall_micro': 0.938836399801094, 'recall_weighted': 0.938836399801094}
-----------------------
Epoch 15/100
Training statistic: Loss: 0.6900, train_score: {'accuracy': 0.74433, 'balanced_accuracy': 0.7352859748412272, 'f1_macro': 0.7391024431596036, 'f1_micro': 0.74433, 'f1_weighted': 0.7431783737803277, 'precision_macro': 0.7476871874153099, 'precision_micro': 0.74433, 'precision_weighted': 0.745826695725975, 'recall_macro': 0.7352859748412272, 'recall_micro': 0.74433, 'recall_weighted': 0.74433}
Validation statistic: Loss: 0.2348, dev_score: {'accuracy': 0.9399966848997182, 'balanced_accuracy': 0.9394063365876624, 'f1_macro': 0.9394399250380197, 'f1_micro': 0.9399966848997182, 'f1_weighted': 0.9399251025096903, 'precision_macro': 0.9407224558039214, 'precision_micro': 0.9399966848997182, 'precision_weighted': 0.941071888601499, 'recall_macro': 0.9394063365876624, 'recall_micro': 0.9399966848997182, 'recall_weighted': 0.9399966848997182}
Saving model...
Model saved!
-------------------------------------------
-----------------------
Epoch 16/100
Training statistic: Loss: 0.6871, train_score: {'accuracy': 0.74517, 'balanced_accuracy': 0.7391178793888965, 'f1_macro': 0.7404596993077242, 'f1_micro': 0.74517, 'f1_weighted': 0.7443830060636906, 'precision_macro': 0.7468251075304322, 'precision_micro': 0.74517, 'precision_weighted': 0.7478423699148706, 'recall_macro': 0.7391178793888965, 'recall_micro': 0.74517, 'recall_weighted': 0.74517}
Validation statistic: Loss: 0.2315, dev_score: {'accuracy': 0.9409912149842533, 'balanced_accuracy': 0.9406144974026676, 'f1_macro': 0.940571083514859, 'f1_micro': 0.9409912149842533, 'f1_weighted': 0.9409686090370007, 'precision_macro': 0.9413939296544338, 'precision_micro': 0.9409912149842533, 'precision_weighted': 0.9417953424332198, 'recall_macro': 0.9406144974026676, 'recall_micro': 0.9409912149842533, 'recall_weighted': 0.9409912149842533}
Saving model...
Model saved!
-------------------------------------------
-----------------------
Epoch 17/100
Training statistic: Loss: 0.6783, train_score: {'accuracy': 0.74741, 'balanced_accuracy': 0.741536157899258, 'f1_macro': 0.7434121489084933, 'f1_micro': 0.74741, 'f1_weighted': 0.7466143442633747, 'precision_macro': 0.7503315330956238, 'precision_micro': 0.74741, 'precision_weighted': 0.7501657517194035, 'recall_macro': 0.741536157899258, 'recall_micro': 0.74741, 'recall_weighted': 0.74741}
Validation statistic: Loss: 0.2340, dev_score: {'accuracy': 0.9391679098292723, 'balanced_accuracy': 0.9386513520487425, 'f1_macro': 0.9386487253424448, 'f1_micro': 0.9391679098292723, 'f1_weighted': 0.9391090607531576, 'precision_macro': 0.9397091926828933, 'precision_micro': 0.9391679098292723, 'precision_weighted': 0.9400722679435335, 'recall_macro': 0.9386513520487425, 'recall_micro': 0.9391679098292723, 'recall_weighted': 0.9391679098292723}
-----------------------
Epoch 18/100
Training statistic: Loss: 0.6700, train_score: {'accuracy': 0.75167, 'balanced_accuracy': 0.7409116754933333, 'f1_macro': 0.7462342520347874, 'f1_micro': 0.75167, 'f1_weighted': 0.7505762349999545, 'precision_macro': 0.7573128262314168, 'precision_micro': 0.75167, 'precision_weighted': 0.7541807159500058, 'recall_macro': 0.7409116754933333, 'recall_micro': 0.75167, 'recall_weighted': 0.75167}
Validation statistic: Loss: 0.2356, dev_score: {'accuracy': 0.9366815846179347, 'balanced_accuracy': 0.936430679724633, 'f1_macro': 0.9360845227768323, 'f1_micro': 0.9366815846179347, 'f1_weighted': 0.93659002921167, 'precision_macro': 0.9370071907215894, 'precision_micro': 0.9366815846179347, 'precision_weighted': 0.9377389860985128, 'recall_macro': 0.936430679724633, 'recall_micro': 0.9366815846179347, 'recall_weighted': 0.9366815846179347}
-----------------------
Epoch 19/100
Training statistic: Loss: 0.6632, train_score: {'accuracy': 0.75473, 'balanced_accuracy': 0.7466376289165947, 'f1_macro': 0.7507384759405896, 'f1_micro': 0.75473, 'f1_weighted': 0.7540504790643998, 'precision_macro': 0.7580847446171793, 'precision_micro': 0.75473, 'precision_weighted': 0.7560981013668036, 'recall_macro': 0.7466376289165947, 'recall_micro': 0.75473, 'recall_weighted': 0.75473}
Validation statistic: Loss: 0.2315, dev_score: {'accuracy': 0.9394994198574507, 'balanced_accuracy': 0.9390227383935983, 'f1_macro': 0.938941948351031, 'f1_micro': 0.9394994198574507, 'f1_weighted': 0.9394744636679896, 'precision_macro': 0.9397218733881264, 'precision_micro': 0.9394994198574507, 'precision_weighted': 0.9402772033069517, 'recall_macro': 0.9390227383935983, 'recall_micro': 0.9394994198574507, 'recall_weighted': 0.9394994198574507}
Saving model...
Model saved!
-------------------------------------------
-----------------------
Epoch 20/100
Training statistic: Loss: 0.6572, train_score: {'accuracy': 0.75635, 'balanced_accuracy': 0.7491177401803799, 'f1_macro': 0.7520835677513367, 'f1_micro': 0.75635, 'f1_weighted': 0.7555856763792131, 'precision_macro': 0.7599638356746612, 'precision_micro': 0.75635, 'precision_weighted': 0.7590548256638543, 'recall_macro': 0.7491177401803799, 'recall_micro': 0.75635, 'recall_weighted': 0.75635}
Validation statistic: Loss: 0.2275, dev_score: {'accuracy': 0.937013094646113, 'balanced_accuracy': 0.9364584140805163, 'f1_macro': 0.9364213074876403, 'f1_micro': 0.937013094646113, 'f1_weighted': 0.9369551899442199, 'precision_macro': 0.9376574519026448, 'precision_micro': 0.937013094646113, 'precision_weighted': 0.9381300891930182, 'recall_macro': 0.9364584140805163, 'recall_micro': 0.937013094646113, 'recall_weighted': 0.937013094646113}
Saving model...
Model saved!
-------------------------------------------
-----------------------
Epoch 21/100
Training statistic: Loss: 0.6482, train_score: {'accuracy': 0.75943, 'balanced_accuracy': 0.7528343333966119, 'f1_macro': 0.7553169339117288, 'f1_micro': 0.75943, 'f1_weighted': 0.7586527693602274, 'precision_macro': 0.7625162950063603, 'precision_micro': 0.75943, 'precision_weighted': 0.7618168031637567, 'recall_macro': 0.7528343333966119, 'recall_micro': 0.75943, 'recall_weighted': 0.75943}
Validation statistic: Loss: 0.2253, dev_score: {'accuracy': 0.9394994198574507, 'balanced_accuracy': 0.939041407557838, 'f1_macro': 0.9389555912103006, 'f1_micro': 0.9394994198574507, 'f1_weighted': 0.9394708602389791, 'precision_macro': 0.93971404526542, 'precision_micro': 0.9394994198574507, 'precision_weighted': 0.9402661020400377, 'recall_macro': 0.939041407557838, 'recall_micro': 0.9394994198574507, 'recall_weighted': 0.9394994198574507}
Saving model...
Model saved!
-------------------------------------------
-----------------------
Epoch 22/100
Training statistic: Loss: 0.6436, train_score: {'accuracy': 0.76127, 'balanced_accuracy': 0.753201685942066, 'f1_macro': 0.7571961111351379, 'f1_micro': 0.76127, 'f1_weighted': 0.7605583081183138, 'precision_macro': 0.7651284820599562, 'precision_micro': 0.76127, 'precision_weighted': 0.7630953513568712, 'recall_macro': 0.753201685942066, 'recall_micro': 0.76127, 'recall_weighted': 0.76127}
Validation statistic: Loss: 0.2207, dev_score: {'accuracy': 0.94165423504061, 'balanced_accuracy': 0.9411215906590685, 'f1_macro': 0.9410311081685464, 'f1_micro': 0.94165423504061, 'f1_weighted': 0.9416343483074924, 'precision_macro': 0.9419519065689524, 'precision_micro': 0.94165423504061, 'precision_weighted': 0.9426019713902036, 'recall_macro': 0.9411215906590685, 'recall_micro': 0.94165423504061, 'recall_weighted': 0.94165423504061}
Saving model...
Model saved!
-------------------------------------------
-----------------------
Epoch 23/100
Training statistic: Loss: 0.6316, train_score: {'accuracy': 0.76583, 'balanced_accuracy': 0.7576984611101564, 'f1_macro': 0.7615023996763076, 'f1_micro': 0.76583, 'f1_weighted': 0.7650568559733636, 'precision_macro': 0.7689860984174246, 'precision_micro': 0.76583, 'precision_weighted': 0.7674137533319657, 'recall_macro': 0.7576984611101564, 'recall_micro': 0.76583, 'recall_weighted': 0.76583}
Validation statistic: Loss: 0.2239, dev_score: {'accuracy': 0.9381733797447372, 'balanced_accuracy': 0.9377457919046123, 'f1_macro': 0.937621508540466, 'f1_micro': 0.9381733797447372, 'f1_weighted': 0.9381582008022509, 'precision_macro': 0.9386888872165612, 'precision_micro': 0.9381733797447372, 'precision_weighted': 0.9392958822651292, 'recall_macro': 0.9377457919046123, 'recall_micro': 0.9381733797447372, 'recall_weighted': 0.9381733797447372}
-----------------------
Epoch 24/100
Training statistic: Loss: 0.6279, train_score: {'accuracy': 0.76684, 'balanced_accuracy': 0.7573613818392165, 'f1_macro': 0.7621718817119474, 'f1_micro': 0.76684, 'f1_weighted': 0.7659167677013465, 'precision_macro': 0.7732638775028031, 'precision_micro': 0.76684, 'precision_weighted': 0.7704535530170239, 'recall_macro': 0.7573613818392165, 'recall_micro': 0.76684, 'recall_weighted': 0.76684}
Validation statistic: Loss: 0.2202, dev_score: {'accuracy': 0.9399966848997182, 'balanced_accuracy': 0.9394728598406784, 'f1_macro': 0.9393752874387763, 'f1_micro': 0.9399966848997182, 'f1_weighted': 0.9399837406129017, 'precision_macro': 0.940808494013272, 'precision_micro': 0.9399966848997182, 'precision_weighted': 0.9414586924109218, 'recall_macro': 0.9394728598406784, 'recall_micro': 0.9399966848997182, 'recall_weighted': 0.9399966848997182}
Saving model...
Model saved!
-------------------------------------------
-----------------------
Epoch 25/100
Training statistic: Loss: 0.6249, train_score: {'accuracy': 0.76852, 'balanced_accuracy': 0.7619598648010624, 'f1_macro': 0.7642722430809077, 'f1_micro': 0.76852, 'f1_weighted': 0.7674977455099202, 'precision_macro': 0.771923105326956, 'precision_micro': 0.76852, 'precision_weighted': 0.7708285350578585, 'recall_macro': 0.7619598648010624, 'recall_micro': 0.76852, 'recall_weighted': 0.76852}
Validation statistic: Loss: 0.2204, dev_score: {'accuracy': 0.9394994198574507, 'balanced_accuracy': 0.9389162020196258, 'f1_macro': 0.9388969417761279, 'f1_micro': 0.9394994198574507, 'f1_weighted': 0.9393581043585199, 'precision_macro': 0.9400600350702618, 'precision_micro': 0.9394994198574507, 'precision_weighted': 0.9403806192576198, 'recall_macro': 0.9389162020196258, 'recall_micro': 0.9394994198574507, 'recall_weighted': 0.9394994198574507}
-----------------------
Epoch 26/100
Training statistic: Loss: 0.6180, train_score: {'accuracy': 0.77119, 'balanced_accuracy': 0.7637867437229942, 'f1_macro': 0.767186481026499, 'f1_micro': 0.77119, 'f1_weighted': 0.7706386940494615, 'precision_macro': 0.7750364654840705, 'precision_micro': 0.77119, 'precision_weighted': 0.7738075828507354, 'recall_macro': 0.7637867437229942, 'recall_micro': 0.77119, 'recall_weighted': 0.77119}
Validation statistic: Loss: 0.2191, dev_score: {'accuracy': 0.9408254599701641, 'balanced_accuracy': 0.9401913060523939, 'f1_macro': 0.9403074505749064, 'f1_micro': 0.9408254599701641, 'f1_weighted': 0.940814624758392, 'precision_macro': 0.9412028575609386, 'precision_micro': 0.9408254599701641, 'precision_weighted': 0.9415662136715225, 'recall_macro': 0.9401913060523939, 'recall_micro': 0.9408254599701641, 'recall_weighted': 0.9408254599701641}
Saving model...
Model saved!
-------------------------------------------
-----------------------
Epoch 27/100
Training statistic: Loss: 0.6108, train_score: {'accuracy': 0.77412, 'balanced_accuracy': 0.7664086261966188, 'f1_macro': 0.7704103085512717, 'f1_micro': 0.77412, 'f1_weighted': 0.7735788394173965, 'precision_macro': 0.778773805197757, 'precision_micro': 0.77412, 'precision_weighted': 0.7770977442682053, 'recall_macro': 0.7664086261966188, 'recall_micro': 0.77412, 'recall_weighted': 0.77412}
Validation statistic: Loss: 0.2143, dev_score: {'accuracy': 0.9411569699983424, 'balanced_accuracy': 0.9405467508405992, 'f1_macro': 0.9405309635284012, 'f1_micro': 0.9411569699983424, 'f1_weighted': 0.941119179365843, 'precision_macro': 0.9413887656964948, 'precision_micro': 0.9411569699983424, 'precision_weighted': 0.9419311104427196, 'recall_macro': 0.9405467508405992, 'recall_micro': 0.9411569699983424, 'recall_weighted': 0.9411569699983424}
Saving model...
Model saved!
-------------------------------------------
-----------------------
Epoch 28/100
Training statistic: Loss: 0.6055, train_score: {'accuracy': 0.77609, 'balanced_accuracy': 0.7671657356930017, 'f1_macro': 0.772300892120635, 'f1_micro': 0.77609, 'f1_weighted': 0.775525408062594, 'precision_macro': 0.7811098635187605, 'precision_micro': 0.77609, 'precision_weighted': 0.7781482501738944, 'recall_macro': 0.7671657356930017, 'recall_micro': 0.77609, 'recall_weighted': 0.77609}
Validation statistic: Loss: 0.2169, dev_score: {'accuracy': 0.9394994198574507, 'balanced_accuracy': 0.9389966662078972, 'f1_macro': 0.9388902763075453, 'f1_micro': 0.9394994198574507, 'f1_weighted': 0.9394807111112072, 'precision_macro': 0.9396559422213177, 'precision_micro': 0.9394994198574507, 'precision_weighted': 0.9403022793219611, 'recall_macro': 0.9389966662078972, 'recall_micro': 0.9394994198574507, 'recall_weighted': 0.9394994198574507}
-----------------------
Epoch 29/100
Training statistic: Loss: 0.6027, train_score: {'accuracy': 0.77595, 'balanced_accuracy': 0.7674304552070106, 'f1_macro': 0.7723817927024872, 'f1_micro': 0.77595, 'f1_weighted': 0.7754874001237368, 'precision_macro': 0.7821378188839596, 'precision_micro': 0.77595, 'precision_weighted': 0.7794776845918626, 'recall_macro': 0.7674304552070106, 'recall_micro': 0.77595, 'recall_weighted': 0.77595}
Validation statistic: Loss: 0.2105, dev_score: {'accuracy': 0.9403281949278965, 'balanced_accuracy': 0.9396930802107919, 'f1_macro': 0.9399434177499193, 'f1_micro': 0.9403281949278965, 'f1_weighted': 0.9403501264932056, 'precision_macro': 0.9411324473942008, 'precision_micro': 0.9403281949278965, 'precision_weighted': 0.9412796465443443, 'recall_macro': 0.9396930802107919, 'recall_micro': 0.9403281949278965, 'recall_weighted': 0.9403281949278965}
Saving model...
Model saved!
-------------------------------------------
-----------------------
Epoch 30/100
Training statistic: Loss: 0.5941, train_score: {'accuracy': 0.78008, 'balanced_accuracy': 0.7716722287556601, 'f1_macro': 0.776792656047357, 'f1_micro': 0.78008, 'f1_weighted': 0.7795817680568106, 'precision_macro': 0.7852885856138155, 'precision_micro': 0.78008, 'precision_weighted': 0.7819092841050056, 'recall_macro': 0.7716722287556601, 'recall_micro': 0.78008, 'recall_weighted': 0.78008}
Validation statistic: Loss: 0.2102, dev_score: {'accuracy': 0.9424830101110558, 'balanced_accuracy': 0.9419457497992136, 'f1_macro': 0.941968534566622, 'f1_micro': 0.9424830101110558, 'f1_weighted': 0.9424360788658396, 'precision_macro': 0.9427031420176369, 'precision_micro': 0.9424830101110558, 'precision_weighted': 0.943079822486053, 'recall_macro': 0.9419457497992136, 'recall_micro': 0.9424830101110558, 'recall_weighted': 0.9424830101110558}
Saving model...
Model saved!
-------------------------------------------
-----------------------
Epoch 31/100
Training statistic: Loss: 0.5928, train_score: {'accuracy': 0.77923, 'balanced_accuracy': 0.7702364466877809, 'f1_macro': 0.7748782969036283, 'f1_micro': 0.77923, 'f1_weighted': 0.7784785495985841, 'precision_macro': 0.784475949148228, 'precision_micro': 0.77923, 'precision_weighted': 0.7820095497647359, 'recall_macro': 0.7702364466877809, 'recall_micro': 0.77923, 'recall_weighted': 0.77923}
Validation statistic: Loss: 0.2137, dev_score: {'accuracy': 0.9419857450687883, 'balanced_accuracy': 0.9413751740382947, 'f1_macro': 0.9413427236795917, 'f1_micro': 0.9419857450687883, 'f1_weighted': 0.9419738455637838, 'precision_macro': 0.9425049955667018, 'precision_micro': 0.9419857450687883, 'precision_weighted': 0.9431128719902605, 'recall_macro': 0.9413751740382947, 'recall_micro': 0.9419857450687883, 'recall_weighted': 0.9419857450687883}
-----------------------
Epoch 32/100
Training statistic: Loss: 0.5903, train_score: {'accuracy': 0.78275, 'balanced_accuracy': 0.7738554419953882, 'f1_macro': 0.7793326244517216, 'f1_micro': 0.78275, 'f1_weighted': 0.7822576785373968, 'precision_macro': 0.7881349538618716, 'precision_micro': 0.78275, 'precision_weighted': 0.7844297690474431, 'recall_macro': 0.7738554419953882, 'recall_micro': 0.78275, 'recall_weighted': 0.78275}
Validation statistic: Loss: 0.2136, dev_score: {'accuracy': 0.9431460301674126, 'balanced_accuracy': 0.9424379364140849, 'f1_macro': 0.9426542818372095, 'f1_micro': 0.9431460301674126, 'f1_weighted': 0.9431424699993204, 'precision_macro': 0.9435043002836698, 'precision_micro': 0.9431460301674126, 'precision_weighted': 0.9437530354124251, 'recall_macro': 0.9424379364140849, 'recall_micro': 0.9431460301674126, 'recall_weighted': 0.9431460301674126}
-----------------------
Epoch 33/100
Training statistic: Loss: 0.5830, train_score: {'accuracy': 0.78583, 'balanced_accuracy': 0.779913850242763, 'f1_macro': 0.7829710099244575, 'f1_micro': 0.78583, 'f1_weighted': 0.7856142860495732, 'precision_macro': 0.7887489065491169, 'precision_micro': 0.78583, 'precision_weighted': 0.7879158094596528, 'recall_macro': 0.779913850242763, 'recall_micro': 0.78583, 'recall_weighted': 0.78583}
Validation statistic: Loss: 0.2078, dev_score: {'accuracy': 0.9434775401955909, 'balanced_accuracy': 0.9428798231333589, 'f1_macro': 0.9429219804072243, 'f1_micro': 0.9434775401955909, 'f1_weighted': 0.9434611050874919, 'precision_macro': 0.943634188349748, 'precision_micro': 0.9434775401955909, 'precision_weighted': 0.944092771299537, 'recall_macro': 0.9428798231333589, 'recall_micro': 0.9434775401955909, 'recall_weighted': 0.9434775401955909}
Saving model...
Model saved!
-------------------------------------------
-----------------------
Epoch 34/100
Training statistic: Loss: 0.5844, train_score: {'accuracy': 0.78574, 'balanced_accuracy': 0.7782803761214238, 'f1_macro': 0.7818872276811174, 'f1_micro': 0.78574, 'f1_weighted': 0.7852425589921496, 'precision_macro': 0.789376409081826, 'precision_micro': 0.78574, 'precision_weighted': 0.7881309345217851, 'recall_macro': 0.7782803761214238, 'recall_micro': 0.78574, 'recall_weighted': 0.78574}
Validation statistic: Loss: 0.2107, dev_score: {'accuracy': 0.9424830101110558, 'balanced_accuracy': 0.9418503246322916, 'f1_macro': 0.941862381099601, 'f1_micro': 0.9424830101110558, 'f1_weighted': 0.9424153408152472, 'precision_macro': 0.9428604248098598, 'precision_micro': 0.9424830101110558, 'precision_weighted': 0.9433072063679522, 'recall_macro': 0.9418503246322916, 'recall_micro': 0.9424830101110558, 'recall_weighted': 0.9424830101110558}
-----------------------
Epoch 35/100
Training statistic: Loss: 0.5764, train_score: {'accuracy': 0.78723, 'balanced_accuracy': 0.7779035166943282, 'f1_macro': 0.7836434740463609, 'f1_micro': 0.78723, 'f1_weighted': 0.7869278111896063, 'precision_macro': 0.792973548459322, 'precision_micro': 0.78723, 'precision_weighted': 0.7898061290687122, 'recall_macro': 0.7779035166943282, 'recall_micro': 0.78723, 'recall_weighted': 0.78723}
Validation statistic: Loss: 0.2058, dev_score: {'accuracy': 0.94364329520968, 'balanced_accuracy': 0.9430924494295194, 'f1_macro': 0.9430538506113498, 'f1_micro': 0.94364329520968, 'f1_weighted': 0.9436463599777372, 'precision_macro': 0.9437421679801508, 'precision_micro': 0.94364329520968, 'precision_weighted': 0.9443551156253407, 'recall_macro': 0.9430924494295194, 'recall_micro': 0.94364329520968, 'recall_weighted': 0.94364329520968}
Saving model...
Model saved!
-------------------------------------------
-----------------------
Epoch 36/100
Training statistic: Loss: 0.5665, train_score: {'accuracy': 0.79207, 'balanced_accuracy': 0.7864578124869495, 'f1_macro': 0.788683961507549, 'f1_micro': 0.79207, 'f1_weighted': 0.7916374539332279, 'precision_macro': 0.7931376957300151, 'precision_micro': 0.79207, 'precision_weighted': 0.7930383303399535, 'recall_macro': 0.7864578124869495, 'recall_micro': 0.79207, 'recall_weighted': 0.79207}
Validation statistic: Loss: 0.2077, dev_score: {'accuracy': 0.9396651748715399, 'balanced_accuracy': 0.9389753030848251, 'f1_macro': 0.9390465735434681, 'f1_micro': 0.9396651748715399, 'f1_weighted': 0.9396485927291258, 'precision_macro': 0.9399430050804535, 'precision_micro': 0.9396651748715399, 'precision_weighted': 0.9404303336296752, 'recall_macro': 0.9389753030848251, 'recall_micro': 0.9396651748715399, 'recall_weighted': 0.9396651748715399}
-----------------------
Epoch 37/100
Training statistic: Loss: 0.5693, train_score: {'accuracy': 0.79177, 'balanced_accuracy': 0.7843426576118622, 'f1_macro': 0.7885820120166631, 'f1_micro': 0.79177, 'f1_weighted': 0.7914883462778334, 'precision_macro': 0.7956382965601139, 'precision_micro': 0.79177, 'precision_weighted': 0.7937349508359132, 'recall_macro': 0.7843426576118622, 'recall_micro': 0.79177, 'recall_weighted': 0.79177}
Validation statistic: Loss: 0.2111, dev_score: {'accuracy': 0.9391679098292723, 'balanced_accuracy': 0.9385191474299439, 'f1_macro': 0.938600707054697, 'f1_micro': 0.9391679098292723, 'f1_weighted': 0.9391424864435345, 'precision_macro': 0.9395366010770946, 'precision_micro': 0.9391679098292723, 'precision_weighted': 0.9399370293456086, 'recall_macro': 0.9385191474299439, 'recall_micro': 0.9391679098292723, 'recall_weighted': 0.9391679098292723}
-----------------------
Epoch 38/100
Training statistic: Loss: 0.5651, train_score: {'accuracy': 0.7926, 'balanced_accuracy': 0.7845678253786589, 'f1_macro': 0.7887488083927983, 'f1_micro': 0.7926, 'f1_weighted': 0.7920834041175017, 'precision_macro': 0.7976211801213565, 'precision_micro': 0.7926, 'precision_weighted': 0.795694007645142, 'recall_macro': 0.7845678253786589, 'recall_micro': 0.7926, 'recall_weighted': 0.7926}
Validation statistic: Loss: 0.2116, dev_score: {'accuracy': 0.9406597049560749, 'balanced_accuracy': 0.9400078927241984, 'f1_macro': 0.9401750128666476, 'f1_micro': 0.9406597049560749, 'f1_weighted': 0.9407011808034322, 'precision_macro': 0.9411805629977865, 'precision_micro': 0.9406597049560749, 'precision_weighted': 0.9415570293580211, 'recall_macro': 0.9400078927241984, 'recall_micro': 0.9406597049560749, 'recall_weighted': 0.9406597049560749}
-----------------------
Epoch 39/100
Training statistic: Loss: 0.5602, train_score: {'accuracy': 0.79579, 'balanced_accuracy': 0.7888341597066908, 'f1_macro': 0.7924173492137979, 'f1_micro': 0.79579, 'f1_weighted': 0.7954569209773446, 'precision_macro': 0.7985976256732404, 'precision_micro': 0.79579, 'precision_weighted': 0.7973101158631888, 'recall_macro': 0.7888341597066908, 'recall_micro': 0.79579, 'recall_weighted': 0.79579}
Validation statistic: Loss: 0.2032, dev_score: {'accuracy': 0.9429802751533234, 'balanced_accuracy': 0.942487424241957, 'f1_macro': 0.9423668671746009, 'f1_micro': 0.9429802751533234, 'f1_weighted': 0.9429798206474385, 'precision_macro': 0.9428388340655399, 'precision_micro': 0.9429802751533234, 'precision_weighted': 0.9435541417527017, 'recall_macro': 0.942487424241957, 'recall_micro': 0.9429802751533234, 'recall_weighted': 0.9429802751533234}
Saving model...
Model saved!
-------------------------------------------
-----------------------
Epoch 40/100
Training statistic: Loss: 0.5575, train_score: {'accuracy': 0.79553, 'balanced_accuracy': 0.7867166606591639, 'f1_macro': 0.792072910879466, 'f1_micro': 0.79553, 'f1_weighted': 0.7951611263730668, 'precision_macro': 0.8018138598117256, 'precision_micro': 0.79553, 'precision_weighted': 0.7986989851651138, 'recall_macro': 0.7867166606591639, 'recall_micro': 0.79553, 'recall_weighted': 0.79553}
Validation statistic: Loss: 0.2062, dev_score: {'accuracy': 0.9431460301674126, 'balanced_accuracy': 0.9425202350159914, 'f1_macro': 0.9425057816023535, 'f1_micro': 0.9431460301674126, 'f1_weighted': 0.9432125181273717, 'precision_macro': 0.9433871467251296, 'precision_micro': 0.9431460301674126, 'precision_weighted': 0.9441457263821765, 'recall_macro': 0.9425202350159914, 'recall_micro': 0.9431460301674126, 'recall_weighted': 0.9431460301674126}
-----------------------
Epoch 41/100
Training statistic: Loss: 0.5541, train_score: {'accuracy': 0.79799, 'balanced_accuracy': 0.7897488412317316, 'f1_macro': 0.794440741657952, 'f1_micro': 0.79799, 'f1_weighted': 0.797509787253096, 'precision_macro': 0.8035221073864512, 'precision_micro': 0.79799, 'precision_weighted': 0.8008952232106983, 'recall_macro': 0.7897488412317316, 'recall_micro': 0.79799, 'recall_weighted': 0.79799}
Validation statistic: Loss: 0.2076, dev_score: {'accuracy': 0.9428145201392342, 'balanced_accuracy': 0.9422419183657361, 'f1_macro': 0.9422952650561107, 'f1_micro': 0.9428145201392342, 'f1_weighted': 0.9427934989724147, 'precision_macro': 0.943395432575078, 'precision_micro': 0.9428145201392342, 'precision_weighted': 0.9437782363503391, 'recall_macro': 0.9422419183657361, 'recall_micro': 0.9428145201392342, 'recall_weighted': 0.9428145201392342}
-----------------------
Epoch 42/100
Training statistic: Loss: 0.5518, train_score: {'accuracy': 0.79956, 'balanced_accuracy': 0.7917371823291547, 'f1_macro': 0.7969297542972591, 'f1_micro': 0.79956, 'f1_weighted': 0.799161154418363, 'precision_macro': 0.8051865724650427, 'precision_micro': 0.79956, 'precision_weighted': 0.801769511606373, 'recall_macro': 0.7917371823291547, 'recall_micro': 0.79956, 'recall_weighted': 0.79956}
Validation statistic: Loss: 0.2070, dev_score: {'accuracy': 0.9431460301674126, 'balanced_accuracy': 0.9426973473443867, 'f1_macro': 0.9426700204927313, 'f1_micro': 0.9431460301674126, 'f1_weighted': 0.9431607225414363, 'precision_macro': 0.9436548212700769, 'precision_micro': 0.9431460301674126, 'precision_weighted': 0.9441535883154891, 'recall_macro': 0.9426973473443867, 'recall_micro': 0.9431460301674126, 'recall_weighted': 0.9431460301674126}
-----------------------
Epoch 43/100
Training statistic: Loss: 0.5430, train_score: {'accuracy': 0.8013, 'balanced_accuracy': 0.7930845276283351, 'f1_macro': 0.7980942906901861, 'f1_micro': 0.8013, 'f1_weighted': 0.801005405855823, 'precision_macro': 0.806602050956198, 'precision_micro': 0.8013, 'precision_weighted': 0.8039108104237125, 'recall_macro': 0.7930845276283351, 'recall_micro': 0.8013, 'recall_weighted': 0.8013}
Validation statistic: Loss: 0.2041, dev_score: {'accuracy': 0.9439748052378585, 'balanced_accuracy': 0.9433154886698624, 'f1_macro': 0.9433965952719932, 'f1_micro': 0.9439748052378585, 'f1_weighted': 0.9440326764413697, 'precision_macro': 0.9442980055198331, 'precision_micro': 0.9439748052378585, 'precision_weighted': 0.9448902451391129, 'recall_macro': 0.9433154886698624, 'recall_micro': 0.9439748052378585, 'recall_weighted': 0.9439748052378585}
-----------------------
Epoch 44/100
Training statistic: Loss: 0.5417, train_score: {'accuracy': 0.80292, 'balanced_accuracy': 0.7963512210238585, 'f1_macro': 0.7999486455482647, 'f1_micro': 0.80292, 'f1_weighted': 0.8025961657962974, 'precision_macro': 0.8065690611526316, 'precision_micro': 0.80292, 'precision_weighted': 0.8047737076303889, 'recall_macro': 0.7963512210238585, 'recall_micro': 0.80292, 'recall_weighted': 0.80292}
Validation statistic: Loss: 0.2048, dev_score: {'accuracy': 0.9419857450687883, 'balanced_accuracy': 0.941457270821858, 'f1_macro': 0.9414979917730927, 'f1_micro': 0.9419857450687883, 'f1_weighted': 0.9419773461780448, 'precision_macro': 0.942342356061344, 'precision_micro': 0.9419857450687883, 'precision_weighted': 0.9427409760051406, 'recall_macro': 0.941457270821858, 'recall_micro': 0.9419857450687883, 'recall_weighted': 0.9419857450687883}
-----------------------
Epoch 45/100
Training statistic: Loss: 0.5396, train_score: {'accuracy': 0.80292, 'balanced_accuracy': 0.7971509537421491, 'f1_macro': 0.7999810633320303, 'f1_micro': 0.80292, 'f1_weighted': 0.8027609773913358, 'precision_macro': 0.8064259142835686, 'precision_micro': 0.80292, 'precision_weighted': 0.8054066564227512, 'recall_macro': 0.7971509537421491, 'recall_micro': 0.80292, 'recall_weighted': 0.80292}
Validation statistic: Loss: 0.2059, dev_score: {'accuracy': 0.9414884800265209, 'balanced_accuracy': 0.9411479245386374, 'f1_macro': 0.941070306930279, 'f1_micro': 0.9414884800265209, 'f1_weighted': 0.9415209525567463, 'precision_macro': 0.9417418797503447, 'precision_micro': 0.9414884800265209, 'precision_weighted': 0.9422787212449751, 'recall_macro': 0.9411479245386374, 'recall_micro': 0.9414884800265209, 'recall_weighted': 0.9414884800265209}
-----------------------
Epoch 46/100
Training statistic: Loss: 0.5328, train_score: {'accuracy': 0.80674, 'balanced_accuracy': 0.8002307225019217, 'f1_macro': 0.803778461313898, 'f1_micro': 0.80674, 'f1_weighted': 0.8064053060541475, 'precision_macro': 0.810738383522283, 'precision_micro': 0.80674, 'precision_weighted': 0.8093869667526766, 'recall_macro': 0.8002307225019217, 'recall_micro': 0.80674, 'recall_weighted': 0.80674}
Validation statistic: Loss: 0.2047, dev_score: {'accuracy': 0.9429802751533234, 'balanced_accuracy': 0.942500388202277, 'f1_macro': 0.9425178118630029, 'f1_micro': 0.9429802751533234, 'f1_weighted': 0.9429933325529974, 'precision_macro': 0.9434869863305322, 'precision_micro': 0.9429802751533234, 'precision_weighted': 0.9439366627214297, 'recall_macro': 0.942500388202277, 'recall_micro': 0.9429802751533234, 'recall_weighted': 0.9429802751533234}
-----------------------
Epoch 47/100
Training statistic: Loss: 0.5313, train_score: {'accuracy': 0.80776, 'balanced_accuracy': 0.8033332922809944, 'f1_macro': 0.8056385196184441, 'f1_micro': 0.80776, 'f1_weighted': 0.8076250439506356, 'precision_macro': 0.8097255605956436, 'precision_micro': 0.80776, 'precision_weighted': 0.8091101811846532, 'recall_macro': 0.8033332922809944, 'recall_micro': 0.80776, 'recall_weighted': 0.80776}
Validation statistic: Loss: 0.2036, dev_score: {'accuracy': 0.9428145201392342, 'balanced_accuracy': 0.9423057439604149, 'f1_macro': 0.9422451946526366, 'f1_micro': 0.9428145201392342, 'f1_weighted': 0.9428312243727944, 'precision_macro': 0.9428280088301557, 'precision_micro': 0.9428145201392342, 'precision_weighted': 0.943478669693889, 'recall_macro': 0.9423057439604149, 'recall_micro': 0.9428145201392342, 'recall_weighted': 0.9428145201392342}
-----------------------
Epoch 48/100
Training statistic: Loss: 0.5302, train_score: {'accuracy': 0.80725, 'balanced_accuracy': 0.7998943532903924, 'f1_macro': 0.8049693014331927, 'f1_micro': 0.80725, 'f1_weighted': 0.8072076540230366, 'precision_macro': 0.8128663173739252, 'precision_micro': 0.80725, 'precision_weighted': 0.8098587737236307, 'recall_macro': 0.7998943532903924, 'recall_micro': 0.80725, 'recall_weighted': 0.80725}
Validation statistic: Loss: 0.2032, dev_score: {'accuracy': 0.9434775401955909, 'balanced_accuracy': 0.9431531977603138, 'f1_macro': 0.9431784580581635, 'f1_micro': 0.9434775401955909, 'f1_weighted': 0.943533876564958, 'precision_macro': 0.9438693502325244, 'precision_micro': 0.9434775401955909, 'precision_weighted': 0.9442393850618457, 'recall_macro': 0.9431531977603138, 'recall_micro': 0.9434775401955909, 'recall_weighted': 0.9434775401955909}
Saving model...
Model saved!
-------------------------------------------
-----------------------
Epoch 49/100
Training statistic: Loss: 0.5266, train_score: {'accuracy': 0.80886, 'balanced_accuracy': 0.8034878166916934, 'f1_macro': 0.8064378491597388, 'f1_micro': 0.80886, 'f1_weighted': 0.8087296442474959, 'precision_macro': 0.8116663817849752, 'precision_micro': 0.80886, 'precision_weighted': 0.8107585127327576, 'recall_macro': 0.8034878166916934, 'recall_micro': 0.80886, 'recall_weighted': 0.80886}
Validation statistic: Loss: 0.1982, dev_score: {'accuracy': 0.9429802751533234, 'balanced_accuracy': 0.942596899928313, 'f1_macro': 0.9424802101104792, 'f1_micro': 0.9429802751533234, 'f1_weighted': 0.943013656119051, 'precision_macro': 0.9431497381232103, 'precision_micro': 0.9429802751533234, 'precision_weighted': 0.9438133943615482, 'recall_macro': 0.942596899928313, 'recall_micro': 0.9429802751533234, 'recall_weighted': 0.9429802751533234}
Saving model...
Model saved!
-------------------------------------------
-----------------------
Epoch 50/100
Training statistic: Loss: 0.5197, train_score: {'accuracy': 0.81159, 'balanced_accuracy': 0.804883112138554, 'f1_macro': 0.8088092360813697, 'f1_micro': 0.81159, 'f1_weighted': 0.8112144098045888, 'precision_macro': 0.8153545271663571, 'precision_micro': 0.81159, 'precision_weighted': 0.8129928571423367, 'recall_macro': 0.804883112138554, 'recall_micro': 0.81159, 'recall_weighted': 0.81159}
Validation statistic: Loss: 0.1991, dev_score: {'accuracy': 0.9446378252942151, 'balanced_accuracy': 0.9443656830561611, 'f1_macro': 0.944170284847285, 'f1_micro': 0.9446378252942151, 'f1_weighted': 0.9446409473915441, 'precision_macro': 0.9446381305307687, 'precision_micro': 0.9446378252942151, 'precision_weighted': 0.9452925223473635, 'recall_macro': 0.9443656830561611, 'recall_micro': 0.9446378252942151, 'recall_weighted': 0.9446378252942151}
-----------------------
Epoch 51/100
Training statistic: Loss: 0.5223, train_score: {'accuracy': 0.81178, 'balanced_accuracy': 0.8051143216715657, 'f1_macro': 0.8091854531731142, 'f1_micro': 0.81178, 'f1_weighted': 0.8116350581498224, 'precision_macro': 0.8157740051129782, 'precision_micro': 0.81178, 'precision_weighted': 0.8136042406655024, 'recall_macro': 0.8051143216715657, 'recall_micro': 0.81178, 'recall_weighted': 0.81178}
Validation statistic: Loss: 0.2017, dev_score: {'accuracy': 0.94364329520968, 'balanced_accuracy': 0.9432673847491643, 'f1_macro': 0.9433356575098129, 'f1_micro': 0.94364329520968, 'f1_weighted': 0.9436970428950147, 'precision_macro': 0.9439491908048074, 'precision_micro': 0.94364329520968, 'precision_weighted': 0.9442833478182886, 'recall_macro': 0.9432673847491643, 'recall_micro': 0.94364329520968, 'recall_weighted': 0.94364329520968}
-----------------------
Epoch 52/100
Training statistic: Loss: 0.5157, train_score: {'accuracy': 0.81273, 'balanced_accuracy': 0.8045893046766981, 'f1_macro': 0.8097365056407264, 'f1_micro': 0.81273, 'f1_weighted': 0.8124279906880519, 'precision_macro': 0.8178805538160437, 'precision_micro': 0.81273, 'precision_weighted': 0.8146908593852824, 'recall_macro': 0.8045893046766981, 'recall_micro': 0.81273, 'recall_weighted': 0.81273}
Validation statistic: Loss: 0.1995, dev_score: {'accuracy': 0.9431460301674126, 'balanced_accuracy': 0.9427365417470146, 'f1_macro': 0.94271281549274, 'f1_micro': 0.9431460301674126, 'f1_weighted': 0.9431997468642094, 'precision_macro': 0.9435963255415032, 'precision_micro': 0.9431460301674126, 'precision_weighted': 0.9441409339132301, 'recall_macro': 0.9427365417470146, 'recall_micro': 0.9431460301674126, 'recall_weighted': 0.9431460301674126}
-----------------------
Epoch 53/100
Training statistic: Loss: 0.5157, train_score: {'accuracy': 0.8125, 'balanced_accuracy': 0.8038101024367938, 'f1_macro': 0.8100173500767655, 'f1_micro': 0.8125, 'f1_weighted': 0.8125025003514359, 'precision_macro': 0.8204412117892318, 'precision_micro': 0.8125, 'precision_weighted': 0.8165942431310529, 'recall_macro': 0.8038101024367938, 'recall_micro': 0.8125, 'recall_weighted': 0.8125}
Validation statistic: Loss: 0.2000, dev_score: {'accuracy': 0.9408254599701641, 'balanced_accuracy': 0.9403236405583982, 'f1_macro': 0.9405635114745795, 'f1_micro': 0.9408254599701641, 'f1_weighted': 0.9409897856449537, 'precision_macro': 0.9418158840731804, 'precision_micro': 0.9408254599701641, 'precision_weighted': 0.942141569503655, 'recall_macro': 0.9403236405583982, 'recall_micro': 0.9408254599701641, 'recall_weighted': 0.9408254599701641}
-----------------------
Epoch 54/100
Training statistic: Loss: 0.5120, train_score: {'accuracy': 0.81514, 'balanced_accuracy': 0.80938881188266, 'f1_macro': 0.8123576473870153, 'f1_micro': 0.81514, 'f1_weighted': 0.8149301175414266, 'precision_macro': 0.8179084203500896, 'precision_micro': 0.81514, 'precision_weighted': 0.8169310990376405, 'recall_macro': 0.80938881188266, 'recall_micro': 0.81514, 'recall_weighted': 0.81514}
Validation statistic: Loss: 0.2005, dev_score: {'accuracy': 0.94165423504061, 'balanced_accuracy': 0.9411048367940706, 'f1_macro': 0.9413397420900427, 'f1_micro': 0.94165423504061, 'f1_weighted': 0.9416806543504367, 'precision_macro': 0.9423972753167831, 'precision_micro': 0.94165423504061, 'precision_weighted': 0.9425153895974924, 'recall_macro': 0.9411048367940706, 'recall_micro': 0.94165423504061, 'recall_weighted': 0.94165423504061}
-----------------------
Epoch 55/100
Training statistic: Loss: 0.5094, train_score: {'accuracy': 0.81827, 'balanced_accuracy': 0.8121948972201307, 'f1_macro': 0.8160305136050026, 'f1_micro': 0.81827, 'f1_weighted': 0.8181554903114049, 'precision_macro': 0.821667265810518, 'precision_micro': 0.81827, 'precision_weighted': 0.8196664770666321, 'recall_macro': 0.8121948972201307, 'recall_micro': 0.81827, 'recall_weighted': 0.81827}
Validation statistic: Loss: 0.1978, dev_score: {'accuracy': 0.94364329520968, 'balanced_accuracy': 0.9429065866620719, 'f1_macro': 0.9431032004660969, 'f1_micro': 0.94364329520968, 'f1_weighted': 0.9437411948525783, 'precision_macro': 0.9439068006006754, 'precision_micro': 0.94364329520968, 'precision_weighted': 0.9444212975962389, 'recall_macro': 0.9429065866620719, 'recall_micro': 0.94364329520968, 'recall_weighted': 0.94364329520968}
Saving model...
Model saved!
-------------------------------------------
-----------------------
Epoch 56/100
Training statistic: Loss: 0.5021, train_score: {'accuracy': 0.81921, 'balanced_accuracy': 0.8126538360491755, 'f1_macro': 0.8168775527257891, 'f1_micro': 0.81921, 'f1_weighted': 0.8191642873496005, 'precision_macro': 0.8226033309389775, 'precision_micro': 0.81921, 'precision_weighted': 0.8206223422709774, 'recall_macro': 0.8126538360491755, 'recall_micro': 0.81921, 'recall_weighted': 0.81921}
Validation statistic: Loss: 0.2012, dev_score: {'accuracy': 0.9419857450687883, 'balanced_accuracy': 0.9415506010376312, 'f1_macro': 0.9415434345736372, 'f1_micro': 0.9419857450687883, 'f1_weighted': 0.9420784276817089, 'precision_macro': 0.9423440243531201, 'precision_micro': 0.9419857450687883, 'precision_weighted': 0.9429506437035153, 'recall_macro': 0.9415506010376312, 'recall_micro': 0.9419857450687883, 'recall_weighted': 0.9419857450687883}
-----------------------
Epoch 57/100
Training statistic: Loss: 0.5032, train_score: {'accuracy': 0.8201, 'balanced_accuracy': 0.8150621096253341, 'f1_macro': 0.8177959746286346, 'f1_micro': 0.8201, 'f1_weighted': 0.820051302671579, 'precision_macro': 0.8222930605020444, 'precision_micro': 0.8201, 'precision_weighted': 0.8215885352177922, 'recall_macro': 0.8150621096253341, 'recall_micro': 0.8201, 'recall_weighted': 0.8201}
Validation statistic: Loss: 0.2000, dev_score: {'accuracy': 0.9424830101110558, 'balanced_accuracy': 0.9420430145299825, 'f1_macro': 0.9420078249564394, 'f1_micro': 0.9424830101110558, 'f1_weighted': 0.9425347041106517, 'precision_macro': 0.942638564181752, 'precision_micro': 0.9424830101110558, 'precision_weighted': 0.943231962216848, 'recall_macro': 0.9420430145299825, 'recall_micro': 0.9424830101110558, 'recall_weighted': 0.9424830101110558}
-----------------------
Epoch 58/100
Training statistic: Loss: 0.5032, train_score: {'accuracy': 0.81778, 'balanced_accuracy': 0.8091692553486947, 'f1_macro': 0.8150673659463399, 'f1_micro': 0.81778, 'f1_weighted': 0.8175911318090335, 'precision_macro': 0.8240964083711064, 'precision_micro': 0.81778, 'precision_weighted': 0.8204572084632545, 'recall_macro': 0.8091692553486947, 'recall_micro': 0.81778, 'recall_weighted': 0.81778}
Validation statistic: Loss: 0.2030, dev_score: {'accuracy': 0.9438090502237693, 'balanced_accuracy': 0.9431996088778443, 'f1_macro': 0.9432580902502643, 'f1_micro': 0.9438090502237693, 'f1_weighted': 0.9439349623352112, 'precision_macro': 0.9442402352533129, 'precision_micro': 0.9438090502237693, 'precision_weighted': 0.944954692867301, 'recall_macro': 0.9431996088778443, 'recall_micro': 0.9438090502237693, 'recall_weighted': 0.9438090502237693}
-----------------------
Epoch 59/100
Training statistic: Loss: 0.4982, train_score: {'accuracy': 0.82019, 'balanced_accuracy': 0.8146034441580273, 'f1_macro': 0.8180226808792511, 'f1_micro': 0.82019, 'f1_weighted': 0.8200748618905438, 'precision_macro': 0.8240453140003303, 'precision_micro': 0.82019, 'precision_weighted': 0.822616166705675, 'recall_macro': 0.8146034441580273, 'recall_micro': 0.82019, 'recall_weighted': 0.82019}
Validation statistic: Loss: 0.2012, dev_score: {'accuracy': 0.9424830101110558, 'balanced_accuracy': 0.9419714733732005, 'f1_macro': 0.9421380138805434, 'f1_micro': 0.9424830101110558, 'f1_weighted': 0.9425674508047083, 'precision_macro': 0.9429864623519313, 'precision_micro': 0.9424830101110558, 'precision_weighted': 0.9433132215129918, 'recall_macro': 0.9419714733732005, 'recall_micro': 0.9424830101110558, 'recall_weighted': 0.9424830101110558}
-----------------------
Epoch 60/100
Training statistic: Loss: 0.4978, train_score: {'accuracy': 0.82054, 'balanced_accuracy': 0.8150376352667678, 'f1_macro': 0.818942114069818, 'f1_micro': 0.82054, 'f1_weighted': 0.8206852753692105, 'precision_macro': 0.8257740031384536, 'precision_micro': 0.82054, 'precision_weighted': 0.8240488368153347, 'recall_macro': 0.8150376352667678, 'recall_micro': 0.82054, 'recall_weighted': 0.82054}
Validation statistic: Loss: 0.1987, dev_score: {'accuracy': 0.9429802751533234, 'balanced_accuracy': 0.9425724886466844, 'f1_macro': 0.9426243729508302, 'f1_micro': 0.9429802751533234, 'f1_weighted': 0.9430892613181924, 'precision_macro': 0.9434863373721575, 'precision_micro': 0.9429802751533234, 'precision_weighted': 0.943986273885223, 'recall_macro': 0.9425724886466844, 'recall_micro': 0.9429802751533234, 'recall_weighted': 0.9429802751533234}
-----------------------
Epoch 61/100
Training statistic: Loss: 0.4892, train_score: {'accuracy': 0.82517, 'balanced_accuracy': 0.8194327522093326, 'f1_macro': 0.8235205102496224, 'f1_micro': 0.82517, 'f1_weighted': 0.8252333601528861, 'precision_macro': 0.8297546509018595, 'precision_micro': 0.82517, 'precision_weighted': 0.8274624282495434, 'recall_macro': 0.8194327522093326, 'recall_micro': 0.82517, 'recall_weighted': 0.82517}
Validation statistic: Loss: 0.1988, dev_score: {'accuracy': 0.9413227250124316, 'balanced_accuracy': 0.9406642370886031, 'f1_macro': 0.9407844185130807, 'f1_micro': 0.9413227250124316, 'f1_weighted': 0.9413934014474018, 'precision_macro': 0.9417763574807715, 'precision_micro': 0.9413227250124316, 'precision_weighted': 0.9423006758365923, 'recall_macro': 0.9406642370886031, 'recall_micro': 0.9413227250124316, 'recall_weighted': 0.9413227250124316}
-----------------------
Epoch 62/100
Training statistic: Loss: 0.4929, train_score: {'accuracy': 0.82227, 'balanced_accuracy': 0.8144622922327768, 'f1_macro': 0.8199367050812244, 'f1_micro': 0.82227, 'f1_weighted': 0.8222479260724546, 'precision_macro': 0.8284228197372352, 'precision_micro': 0.82227, 'precision_weighted': 0.8250947276155086, 'recall_macro': 0.8144622922327768, 'recall_micro': 0.82227, 'recall_weighted': 0.82227}
Validation statistic: Loss: 0.1997, dev_score: {'accuracy': 0.9429802751533234, 'balanced_accuracy': 0.9422788628638366, 'f1_macro': 0.942503039939405, 'f1_micro': 0.9429802751533234, 'f1_weighted': 0.9430622982173883, 'precision_macro': 0.9436262615688964, 'precision_micro': 0.9429802751533234, 'precision_weighted': 0.9440186570981545, 'recall_macro': 0.9422788628638366, 'recall_micro': 0.9429802751533234, 'recall_weighted': 0.9429802751533234}
-----------------------
Epoch 63/100
Training statistic: Loss: 0.4872, train_score: {'accuracy': 0.8242, 'balanced_accuracy': 0.8180772104070153, 'f1_macro': 0.821562811502768, 'f1_micro': 0.8242, 'f1_weighted': 0.8241456764532822, 'precision_macro': 0.8283717513216178, 'precision_micro': 0.8242, 'precision_weighted': 0.8272325161208168, 'recall_macro': 0.8180772104070153, 'recall_micro': 0.8242, 'recall_weighted': 0.8242}
Validation statistic: Loss: 0.1944, dev_score: {'accuracy': 0.9459638654069286, 'balanced_accuracy': 0.945445559072555, 'f1_macro': 0.9456244635945709, 'f1_micro': 0.9459638654069286, 'f1_weighted': 0.9460105790881288, 'precision_macro': 0.9465900799797377, 'precision_micro': 0.9459638654069286, 'precision_weighted': 0.9468265216019147, 'recall_macro': 0.945445559072555, 'recall_micro': 0.9459638654069286, 'recall_weighted': 0.9459638654069286}
Saving model...
Model saved!
-------------------------------------------
-----------------------
Epoch 64/100
Training statistic: Loss: 0.4883, train_score: {'accuracy': 0.82583, 'balanced_accuracy': 0.8185710323526427, 'f1_macro': 0.8233374832143658, 'f1_micro': 0.82583, 'f1_weighted': 0.8257631670296898, 'precision_macro': 0.831785319603531, 'precision_micro': 0.82583, 'precision_weighted': 0.829069045467103, 'recall_macro': 0.8185710323526427, 'recall_micro': 0.82583, 'recall_weighted': 0.82583}
Validation statistic: Loss: 0.1983, dev_score: {'accuracy': 0.9403281949278965, 'balanced_accuracy': 0.9398817122626288, 'f1_macro': 0.9400119384092565, 'f1_micro': 0.9403281949278965, 'f1_weighted': 0.9404168823830698, 'precision_macro': 0.9407911292169958, 'precision_micro': 0.9403281949278965, 'precision_weighted': 0.9411401616897697, 'recall_macro': 0.9398817122626288, 'recall_micro': 0.9403281949278965, 'recall_weighted': 0.9403281949278965}
-----------------------
Epoch 65/100
Training statistic: Loss: 0.4831, train_score: {'accuracy': 0.82767, 'balanced_accuracy': 0.8221979693975385, 'f1_macro': 0.8252119908746527, 'f1_micro': 0.82767, 'f1_weighted': 0.8276087249443291, 'precision_macro': 0.8306419250777644, 'precision_micro': 0.82767, 'precision_weighted': 0.8298152721138793, 'recall_macro': 0.8221979693975385, 'recall_micro': 0.82767, 'recall_weighted': 0.82767}
Validation statistic: Loss: 0.1960, dev_score: {'accuracy': 0.9449693353223935, 'balanced_accuracy': 0.9443468568328527, 'f1_macro': 0.9445636904963989, 'f1_micro': 0.9449693353223935, 'f1_weighted': 0.9450198820972834, 'precision_macro': 0.9455518528169746, 'precision_micro': 0.9449693353223935, 'precision_weighted': 0.9458256267835012, 'recall_macro': 0.9443468568328527, 'recall_micro': 0.9449693353223935, 'recall_weighted': 0.9449693353223935}
-----------------------
Epoch 66/100
Training statistic: Loss: 0.4761, train_score: {'accuracy': 0.83, 'balanced_accuracy': 0.8241746380919983, 'f1_macro': 0.8282722703410151, 'f1_micro': 0.83, 'f1_weighted': 0.8299904004940518, 'precision_macro': 0.8337962873671086, 'precision_micro': 0.83, 'precision_weighted': 0.8313899266514502, 'recall_macro': 0.8241746380919983, 'recall_micro': 0.83, 'recall_weighted': 0.83}
Validation statistic: Loss: 0.1977, dev_score: {'accuracy': 0.9429802751533234, 'balanced_accuracy': 0.942389635928914, 'f1_macro': 0.9424180819803727, 'f1_micro': 0.9429802751533234, 'f1_weighted': 0.9430460253670867, 'precision_macro': 0.9432311894372905, 'precision_micro': 0.9429802751533234, 'precision_weighted': 0.9438686137882123, 'recall_macro': 0.942389635928914, 'recall_micro': 0.9429802751533234, 'recall_weighted': 0.9429802751533234}
-----------------------
Epoch 67/100
Training statistic: Loss: 0.4754, train_score: {'accuracy': 0.82932, 'balanced_accuracy': 0.8225526914795109, 'f1_macro': 0.8268487186092178, 'f1_micro': 0.82932, 'f1_weighted': 0.8289243239251015, 'precision_macro': 0.8340120852988623, 'precision_micro': 0.82932, 'precision_weighted': 0.8309864732895988, 'recall_macro': 0.8225526914795109, 'recall_micro': 0.82932, 'recall_weighted': 0.82932}
Validation statistic: Loss: 0.2033, dev_score: {'accuracy': 0.94165423504061, 'balanced_accuracy': 0.9410487794314937, 'f1_macro': 0.9411227250992263, 'f1_micro': 0.94165423504061, 'f1_weighted': 0.9416749830052574, 'precision_macro': 0.942317839726373, 'precision_micro': 0.94165423504061, 'precision_weighted': 0.9427816096759297, 'recall_macro': 0.9410487794314937, 'recall_micro': 0.94165423504061, 'recall_weighted': 0.94165423504061}
-----------------------
Epoch 68/100
Training statistic: Loss: 0.4738, train_score: {'accuracy': 0.8316, 'balanced_accuracy': 0.8266214890321452, 'f1_macro': 0.8298324483174675, 'f1_micro': 0.8316, 'f1_weighted': 0.8316118475144167, 'precision_macro': 0.8349181701874556, 'precision_micro': 0.8316, 'precision_weighted': 0.8333863270024969, 'recall_macro': 0.8266214890321452, 'recall_micro': 0.8316, 'recall_weighted': 0.8316}
Validation statistic: Loss: 0.1981, dev_score: {'accuracy': 0.9444720702801259, 'balanced_accuracy': 0.9440892271770691, 'f1_macro': 0.9439708504183114, 'f1_micro': 0.9444720702801259, 'f1_weighted': 0.9444874111317734, 'precision_macro': 0.9443681940586327, 'precision_micro': 0.9444720702801259, 'precision_weighted': 0.9450039960490149, 'recall_macro': 0.9440892271770691, 'recall_micro': 0.9444720702801259, 'recall_weighted': 0.9444720702801259}
-----------------------
Epoch 69/100
Training statistic: Loss: 0.4758, train_score: {'accuracy': 0.83105, 'balanced_accuracy': 0.8250604238255423, 'f1_macro': 0.8298076322535094, 'f1_micro': 0.83105, 'f1_weighted': 0.8312210158238292, 'precision_macro': 0.8365114067581892, 'precision_micro': 0.83105, 'precision_weighted': 0.8337379598365379, 'recall_macro': 0.8250604238255423, 'recall_micro': 0.83105, 'recall_weighted': 0.83105}
Validation statistic: Loss: 0.1980, dev_score: {'accuracy': 0.9449693353223935, 'balanced_accuracy': 0.9444692769428317, 'f1_macro': 0.9444893399806451, 'f1_micro': 0.9449693353223935, 'f1_weighted': 0.9450534581129385, 'precision_macro': 0.9451862303046219, 'precision_micro': 0.9449693353223935, 'precision_weighted': 0.9457896608479942, 'recall_macro': 0.9444692769428317, 'recall_micro': 0.9449693353223935, 'recall_weighted': 0.9449693353223935}
-----------------------
Epoch 70/100
Training statistic: Loss: 0.4717, train_score: {'accuracy': 0.83208, 'balanced_accuracy': 0.8264416640323053, 'f1_macro': 0.8301139670863249, 'f1_micro': 0.83208, 'f1_weighted': 0.8320556343700278, 'precision_macro': 0.8365124739961323, 'precision_micro': 0.83208, 'precision_weighted': 0.8345419252856318, 'recall_macro': 0.8264416640323053, 'recall_micro': 0.83208, 'recall_weighted': 0.83208}
Validation statistic: Loss: 0.1972, dev_score: {'accuracy': 0.9433117851815017, 'balanced_accuracy': 0.9426623526688749, 'f1_macro': 0.9428542420773441, 'f1_micro': 0.9433117851815017, 'f1_weighted': 0.9433455082220703, 'precision_macro': 0.9438412416773776, 'precision_micro': 0.9433117851815017, 'precision_weighted': 0.9441549846742594, 'recall_macro': 0.9426623526688749, 'recall_micro': 0.9433117851815017, 'recall_weighted': 0.9433117851815017}
-----------------------
Epoch 71/100
Training statistic: Loss: 0.4697, train_score: {'accuracy': 0.83276, 'balanced_accuracy': 0.8273208661370157, 'f1_macro': 0.831077175406784, 'f1_micro': 0.83276, 'f1_weighted': 0.8327462397209566, 'precision_macro': 0.8366445863642301, 'precision_micro': 0.83276, 'precision_weighted': 0.8345060791609241, 'recall_macro': 0.8273208661370157, 'recall_micro': 0.83276, 'recall_weighted': 0.83276}
Validation statistic: Loss: 0.1962, dev_score: {'accuracy': 0.9448035803083044, 'balanced_accuracy': 0.9442820779951567, 'f1_macro': 0.944356299755478, 'f1_micro': 0.9448035803083044, 'f1_weighted': 0.944840386771203, 'precision_macro': 0.9450504794768065, 'precision_micro': 0.9448035803083044, 'precision_weighted': 0.9454832077549197, 'recall_macro': 0.9442820779951567, 'recall_micro': 0.9448035803083044, 'recall_weighted': 0.9448035803083044}
-----------------------
Epoch 72/100
Training statistic: Loss: 0.4695, train_score: {'accuracy': 0.83372, 'balanced_accuracy': 0.8264003509160345, 'f1_macro': 0.8315290257652139, 'f1_micro': 0.83372, 'f1_weighted': 0.833626936668785, 'precision_macro': 0.8393459229784431, 'precision_micro': 0.83372, 'precision_weighted': 0.8360156532066885, 'recall_macro': 0.8264003509160345, 'recall_micro': 0.83372, 'recall_weighted': 0.83372}
Validation statistic: Loss: 0.2001, dev_score: {'accuracy': 0.94165423504061, 'balanced_accuracy': 0.9410088227097754, 'f1_macro': 0.9410836745991416, 'f1_micro': 0.94165423504061, 'f1_weighted': 0.9416597719286905, 'precision_macro': 0.9419490741905543, 'precision_micro': 0.94165423504061, 'precision_weighted': 0.9424268932617818, 'recall_macro': 0.9410088227097754, 'recall_micro': 0.94165423504061, 'recall_weighted': 0.94165423504061}
-----------------------
Epoch 73/100
Training statistic: Loss: 0.4699, train_score: {'accuracy': 0.83384, 'balanced_accuracy': 0.8279022665427987, 'f1_macro': 0.8319151636278324, 'f1_micro': 0.83384, 'f1_weighted': 0.8338230403324738, 'precision_macro': 0.838317660487721, 'precision_micro': 0.83384, 'precision_weighted': 0.8360761221925694, 'recall_macro': 0.8279022665427987, 'recall_micro': 0.83384, 'recall_weighted': 0.83384}
Validation statistic: Loss: 0.1980, dev_score: {'accuracy': 0.9433117851815017, 'balanced_accuracy': 0.9428056200041179, 'f1_macro': 0.9429112957570993, 'f1_micro': 0.9433117851815017, 'f1_weighted': 0.9433599381960955, 'precision_macro': 0.9440295525219968, 'precision_micro': 0.9433117851815017, 'precision_weighted': 0.9443781443779565, 'recall_macro': 0.9428056200041179, 'recall_micro': 0.9433117851815017, 'recall_weighted': 0.9433117851815017}
-----------------------
Epoch 74/100
Training statistic: Loss: 0.4675, train_score: {'accuracy': 0.83398, 'balanced_accuracy': 0.828621983964805, 'f1_macro': 0.8327240675368991, 'f1_micro': 0.83398, 'f1_weighted': 0.8341968706466698, 'precision_macro': 0.8392597745797425, 'precision_micro': 0.83398, 'precision_weighted': 0.8371792360840461, 'recall_macro': 0.828621983964805, 'recall_micro': 0.83398, 'recall_weighted': 0.83398}
Validation statistic: Loss: 0.1972, dev_score: {'accuracy': 0.9429802751533234, 'balanced_accuracy': 0.94233935138479, 'f1_macro': 0.942458149551145, 'f1_micro': 0.9429802751533234, 'f1_weighted': 0.9430076435730265, 'precision_macro': 0.9433975713556026, 'precision_micro': 0.9429802751533234, 'precision_weighted': 0.9438224339378118, 'recall_macro': 0.94233935138479, 'recall_micro': 0.9429802751533234, 'recall_weighted': 0.9429802751533234}
-----------------------
Epoch 75/100
Training statistic: Loss: 0.4647, train_score: {'accuracy': 0.83451, 'balanced_accuracy': 0.826786880901867, 'f1_macro': 0.8321248322983357, 'f1_micro': 0.83451, 'f1_weighted': 0.8343400503670713, 'precision_macro': 0.8406134249326422, 'precision_micro': 0.83451, 'precision_weighted': 0.836904864377283, 'recall_macro': 0.826786880901867, 'recall_micro': 0.83451, 'recall_weighted': 0.83451}
Validation statistic: Loss: 0.1960, dev_score: {'accuracy': 0.9409912149842533, 'balanced_accuracy': 0.9403880887961454, 'f1_macro': 0.9403874114539693, 'f1_micro': 0.9409912149842533, 'f1_weighted': 0.9410108930934552, 'precision_macro': 0.9412675866596316, 'precision_micro': 0.9409912149842533, 'precision_weighted': 0.941885821996825, 'recall_macro': 0.9403880887961454, 'recall_micro': 0.9409912149842533, 'recall_weighted': 0.9409912149842533}
-----------------------
Epoch 76/100
Training statistic: Loss: 0.4613, train_score: {'accuracy': 0.83686, 'balanced_accuracy': 0.8322105874867468, 'f1_macro': 0.8347814829396076, 'f1_micro': 0.83686, 'f1_weighted': 0.8368731942095258, 'precision_macro': 0.839425117440866, 'precision_micro': 0.83686, 'precision_weighted': 0.8386848660769466, 'recall_macro': 0.8322105874867468, 'recall_micro': 0.83686, 'recall_weighted': 0.83686}
Validation statistic: Loss: 0.1955, dev_score: {'accuracy': 0.94165423504061, 'balanced_accuracy': 0.9410731642023663, 'f1_macro': 0.9410639539335179, 'f1_micro': 0.94165423504061, 'f1_weighted': 0.9416379585587933, 'precision_macro': 0.941640332715485, 'precision_micro': 0.94165423504061, 'precision_weighted': 0.9421798160288247, 'recall_macro': 0.9410731642023663, 'recall_micro': 0.94165423504061, 'recall_weighted': 0.94165423504061}
-----------------------
Epoch 77/100
Training statistic: Loss: 0.4578, train_score: {'accuracy': 0.83888, 'balanced_accuracy': 0.8330598519690706, 'f1_macro': 0.8370496397515887, 'f1_micro': 0.83888, 'f1_weighted': 0.838865170729757, 'precision_macro': 0.8430952593860297, 'precision_micro': 0.83888, 'precision_weighted': 0.840829415521428, 'recall_macro': 0.8330598519690706, 'recall_micro': 0.83888, 'recall_weighted': 0.83888}
Validation statistic: Loss: 0.1974, dev_score: {'accuracy': 0.9433117851815017, 'balanced_accuracy': 0.942647654470678, 'f1_macro': 0.9427745547935569, 'f1_micro': 0.9433117851815017, 'f1_weighted': 0.943362128974858, 'precision_macro': 0.9435844648666419, 'precision_micro': 0.9433117851815017, 'precision_weighted': 0.9440756106457667, 'recall_macro': 0.942647654470678, 'recall_micro': 0.9433117851815017, 'recall_weighted': 0.9433117851815017}
-----------------------
Epoch 78/100
Training statistic: Loss: 0.4628, train_score: {'accuracy': 0.83618, 'balanced_accuracy': 0.8308678731745948, 'f1_macro': 0.8353242351591355, 'f1_micro': 0.83618, 'f1_weighted': 0.8363839482674952, 'precision_macro': 0.8421013742019048, 'precision_micro': 0.83618, 'precision_weighted': 0.8391713425754447, 'recall_macro': 0.8308678731745948, 'recall_micro': 0.83618, 'recall_weighted': 0.83618}
Validation statistic: Loss: 0.1989, dev_score: {'accuracy': 0.9439748052378585, 'balanced_accuracy': 0.9434790484617531, 'f1_macro': 0.9435573662372277, 'f1_micro': 0.9439748052378585, 'f1_weighted': 0.9440574514907568, 'precision_macro': 0.9444566660288194, 'precision_micro': 0.9439748052378585, 'precision_weighted': 0.9449336016101453, 'recall_macro': 0.9434790484617531, 'recall_micro': 0.9439748052378585, 'recall_weighted': 0.9439748052378585}
-----------------------
Epoch 79/100
Training statistic: Loss: 0.4565, train_score: {'accuracy': 0.83958, 'balanced_accuracy': 0.8326263270943274, 'f1_macro': 0.838163381166901, 'f1_micro': 0.83958, 'f1_weighted': 0.839615397241856, 'precision_macro': 0.8459291254305009, 'precision_micro': 0.83958, 'precision_weighted': 0.8420353693242836, 'recall_macro': 0.8326263270943274, 'recall_micro': 0.83958, 'recall_weighted': 0.83958}
Validation statistic: Loss: 0.2008, dev_score: {'accuracy': 0.9404939499419858, 'balanced_accuracy': 0.9398903927940088, 'f1_macro': 0.9399542904871115, 'f1_micro': 0.9404939499419858, 'f1_weighted': 0.9405740579317009, 'precision_macro': 0.9409398893972624, 'precision_micro': 0.9404939499419858, 'precision_weighted': 0.9415456844175535, 'recall_macro': 0.9398903927940088, 'recall_micro': 0.9404939499419858, 'recall_weighted': 0.9404939499419858}
-----------------------
Epoch 80/100
Training statistic: Loss: 0.4525, train_score: {'accuracy': 0.84126, 'balanced_accuracy': 0.8362973290982382, 'f1_macro': 0.8391535603112968, 'f1_micro': 0.84126, 'f1_weighted': 0.8412007491089155, 'precision_macro': 0.8443903334378089, 'precision_micro': 0.84126, 'precision_weighted': 0.8431267188593973, 'recall_macro': 0.8362973290982382, 'recall_micro': 0.84126, 'recall_weighted': 0.84126}
Validation statistic: Loss: 0.1979, dev_score: {'accuracy': 0.9423172550969667, 'balanced_accuracy': 0.9417878649153231, 'f1_macro': 0.9417810686266872, 'f1_micro': 0.9423172550969667, 'f1_weighted': 0.9423515344143859, 'precision_macro': 0.9426272443771483, 'precision_micro': 0.9423172550969667, 'precision_weighted': 0.943209704946236, 'recall_macro': 0.9417878649153231, 'recall_micro': 0.9423172550969667, 'recall_weighted': 0.9423172550969667}
-----------------------
Epoch 81/100
Training statistic: Loss: 0.4518, train_score: {'accuracy': 0.84326, 'balanced_accuracy': 0.8375400816309305, 'f1_macro': 0.8415000921301111, 'f1_micro': 0.84326, 'f1_weighted': 0.8432669472921003, 'precision_macro': 0.8473398844742217, 'precision_micro': 0.84326, 'precision_weighted': 0.8450325618131834, 'recall_macro': 0.8375400816309305, 'recall_micro': 0.84326, 'recall_weighted': 0.84326}
Validation statistic: Loss: 0.1975, dev_score: {'accuracy': 0.9421515000828775, 'balanced_accuracy': 0.94147589651121, 'f1_macro': 0.9416512081827341, 'f1_micro': 0.9421515000828775, 'f1_weighted': 0.9422314399657482, 'precision_macro': 0.9426804101917654, 'precision_micro': 0.9421515000828775, 'precision_weighted': 0.9431354781428888, 'recall_macro': 0.94147589651121, 'recall_micro': 0.9421515000828775, 'recall_weighted': 0.9421515000828775}
-----------------------
Epoch 82/100
Training statistic: Loss: 0.4479, train_score: {'accuracy': 0.84324, 'balanced_accuracy': 0.8362986082621697, 'f1_macro': 0.8415782747289416, 'f1_micro': 0.84324, 'f1_weighted': 0.843290450768806, 'precision_macro': 0.848324181114249, 'precision_micro': 0.84324, 'precision_weighted': 0.8449122092577942, 'recall_macro': 0.8362986082621697, 'recall_micro': 0.84324, 'recall_weighted': 0.84324}
Validation statistic: Loss: 0.1973, dev_score: {'accuracy': 0.9423172550969667, 'balanced_accuracy': 0.9416440877692439, 'f1_macro': 0.9418274835648924, 'f1_micro': 0.9423172550969667, 'f1_weighted': 0.9424430850362839, 'precision_macro': 0.9428566492726865, 'precision_micro': 0.9423172550969667, 'precision_weighted': 0.9433814197739055, 'recall_macro': 0.9416440877692439, 'recall_micro': 0.9423172550969667, 'recall_weighted': 0.9423172550969667}
-----------------------
Epoch 83/100
Training statistic: Loss: 0.4477, train_score: {'accuracy': 0.84399, 'balanced_accuracy': 0.8406475811332813, 'f1_macro': 0.8428321668257028, 'f1_micro': 0.84399, 'f1_weighted': 0.8441229231392015, 'precision_macro': 0.8465433687892432, 'precision_micro': 0.84399, 'precision_weighted': 0.8460002544070138, 'recall_macro': 0.8406475811332813, 'recall_micro': 0.84399, 'recall_weighted': 0.84399}
Validation statistic: Loss: 0.1957, dev_score: {'accuracy': 0.9434775401955909, 'balanced_accuracy': 0.9428995434170897, 'f1_macro': 0.9429493579473943, 'f1_micro': 0.9434775401955909, 'f1_weighted': 0.9435011937063368, 'precision_macro': 0.9436393659837001, 'precision_micro': 0.9434775401955909, 'precision_weighted': 0.9441430163659804, 'recall_macro': 0.9428995434170897, 'recall_micro': 0.9434775401955909, 'recall_weighted': 0.9434775401955909}
-----------------------
Epoch 84/100
Training statistic: Loss: 0.4463, train_score: {'accuracy': 0.84184, 'balanced_accuracy': 0.8364521831047338, 'f1_macro': 0.8408125113589348, 'f1_micro': 0.84184, 'f1_weighted': 0.8419971625507763, 'precision_macro': 0.847430499216902, 'precision_micro': 0.84184, 'precision_weighted': 0.8446970359974146, 'recall_macro': 0.8364521831047338, 'recall_micro': 0.84184, 'recall_weighted': 0.84184}
Validation statistic: Loss: 0.1957, dev_score: {'accuracy': 0.9434775401955909, 'balanced_accuracy': 0.9428275337442745, 'f1_macro': 0.9430032046849999, 'f1_micro': 0.9434775401955909, 'f1_weighted': 0.9435484271587322, 'precision_macro': 0.9439867730840135, 'precision_micro': 0.9434775401955909, 'precision_weighted': 0.9444032454969215, 'recall_macro': 0.9428275337442745, 'recall_micro': 0.9434775401955909, 'recall_weighted': 0.9434775401955909}
-----------------------
Epoch 85/100
Training statistic: Loss: 0.4510, train_score: {'accuracy': 0.84344, 'balanced_accuracy': 0.8358143797770943, 'f1_macro': 0.841643820928226, 'f1_micro': 0.84344, 'f1_weighted': 0.8434793979870978, 'precision_macro': 0.8494350702151993, 'precision_micro': 0.84344, 'precision_weighted': 0.8455904079162331, 'recall_macro': 0.8358143797770943, 'recall_micro': 0.84344, 'recall_weighted': 0.84344}
Validation statistic: Loss: 0.1997, dev_score: {'accuracy': 0.9434775401955909, 'balanced_accuracy': 0.9429394309025929, 'f1_macro': 0.9429953442308575, 'f1_micro': 0.9434775401955909, 'f1_weighted': 0.9436068565169541, 'precision_macro': 0.9438324822441985, 'precision_micro': 0.9434775401955909, 'precision_weighted': 0.9444956957932062, 'recall_macro': 0.9429394309025929, 'recall_micro': 0.9434775401955909, 'recall_weighted': 0.9434775401955909}
-----------------------
Epoch 86/100
Training statistic: Loss: 0.4428, train_score: {'accuracy': 0.84554, 'balanced_accuracy': 0.8420523467371266, 'f1_macro': 0.8441981870416229, 'f1_micro': 0.84554, 'f1_weighted': 0.8456631329569836, 'precision_macro': 0.8476846178424846, 'precision_micro': 0.84554, 'precision_weighted': 0.8472648755165779, 'recall_macro': 0.8420523467371266, 'recall_micro': 0.84554, 'recall_weighted': 0.84554}
Validation statistic: Loss: 0.1942, dev_score: {'accuracy': 0.9456323553787502, 'balanced_accuracy': 0.945227303955442, 'f1_macro': 0.9450586481890453, 'f1_micro': 0.9456323553787502, 'f1_weighted': 0.9456540323465449, 'precision_macro': 0.9454905970943139, 'precision_micro': 0.9456323553787502, 'precision_weighted': 0.9462624869861935, 'recall_macro': 0.945227303955442, 'recall_micro': 0.9456323553787502, 'recall_weighted': 0.9456323553787502}
Saving model...
Model saved!
-------------------------------------------
-----------------------
Epoch 87/100
Training statistic: Loss: 0.4474, train_score: {'accuracy': 0.84518, 'balanced_accuracy': 0.8412446314513051, 'f1_macro': 0.8443940974177245, 'f1_micro': 0.84518, 'f1_weighted': 0.8453668404572441, 'precision_macro': 0.8496417502039819, 'precision_micro': 0.84518, 'precision_weighted': 0.8479812113649505, 'recall_macro': 0.8412446314513051, 'recall_micro': 0.84518, 'recall_weighted': 0.84518}
Validation statistic: Loss: 0.1981, dev_score: {'accuracy': 0.9421515000828775, 'balanced_accuracy': 0.9414995496021223, 'f1_macro': 0.9416243907999535, 'f1_micro': 0.9421515000828775, 'f1_weighted': 0.9422851916883396, 'precision_macro': 0.9425811174398611, 'precision_micro': 0.9421515000828775, 'precision_weighted': 0.943223455697423, 'recall_macro': 0.9414995496021223, 'recall_micro': 0.9421515000828775, 'recall_weighted': 0.9421515000828775}
-----------------------
Epoch 88/100
Training statistic: Loss: 0.4412, train_score: {'accuracy': 0.84583, 'balanced_accuracy': 0.8407411579989861, 'f1_macro': 0.8442301344298235, 'f1_micro': 0.84583, 'f1_weighted': 0.8457280902393143, 'precision_macro': 0.8495149714328674, 'precision_micro': 0.84583, 'precision_weighted': 0.8474599417155102, 'recall_macro': 0.8407411579989861, 'recall_micro': 0.84583, 'recall_weighted': 0.84583}
Validation statistic: Loss: 0.1963, dev_score: {'accuracy': 0.9426487651251451, 'balanced_accuracy': 0.9422622810339117, 'f1_macro': 0.9420546719452763, 'f1_micro': 0.9426487651251451, 'f1_weighted': 0.9426794467499596, 'precision_macro': 0.9425836696467519, 'precision_micro': 0.9426487651251451, 'precision_weighted': 0.9434291300192887, 'recall_macro': 0.9422622810339117, 'recall_micro': 0.9426487651251451, 'recall_weighted': 0.9426487651251451}
-----------------------
Epoch 89/100
Training statistic: Loss: 0.4402, train_score: {'accuracy': 0.8474, 'balanced_accuracy': 0.8430425170863132, 'f1_macro': 0.8459356042757765, 'f1_micro': 0.8474, 'f1_weighted': 0.8474185549985541, 'precision_macro': 0.8507808456192496, 'precision_micro': 0.8474, 'precision_weighted': 0.8493179483105879, 'recall_macro': 0.8430425170863132, 'recall_micro': 0.8474, 'recall_weighted': 0.8474}
Validation statistic: Loss: 0.1962, dev_score: {'accuracy': 0.9431460301674126, 'balanced_accuracy': 0.9426841180552195, 'f1_macro': 0.9426615995541583, 'f1_micro': 0.9431460301674126, 'f1_weighted': 0.9431359556444285, 'precision_macro': 0.9433476069257395, 'precision_micro': 0.9431460301674126, 'precision_weighted': 0.9438125691949393, 'recall_macro': 0.9426841180552195, 'recall_micro': 0.9431460301674126, 'recall_weighted': 0.9431460301674126}
-----------------------
Epoch 90/100
Training statistic: Loss: 0.4385, train_score: {'accuracy': 0.84546, 'balanced_accuracy': 0.8380842525429184, 'f1_macro': 0.8431912607011272, 'f1_micro': 0.84546, 'f1_weighted': 0.8453199687535461, 'precision_macro': 0.8508853128603995, 'precision_micro': 0.84546, 'precision_weighted': 0.8476360242459805, 'recall_macro': 0.8380842525429184, 'recall_micro': 0.84546, 'recall_weighted': 0.84546}
Validation statistic: Loss: 0.1964, dev_score: {'accuracy': 0.9433117851815017, 'balanced_accuracy': 0.9427909974648783, 'f1_macro': 0.9427563357597248, 'f1_micro': 0.9433117851815017, 'f1_weighted': 0.943338716965123, 'precision_macro': 0.9435911064807019, 'precision_micro': 0.9433117851815017, 'precision_weighted': 0.9442184309851925, 'recall_macro': 0.9427909974648783, 'recall_micro': 0.9433117851815017, 'recall_weighted': 0.9433117851815017}
-----------------------
Epoch 91/100
Training statistic: Loss: 0.4393, train_score: {'accuracy': 0.84704, 'balanced_accuracy': 0.841706430682776, 'f1_macro': 0.8454471877953479, 'f1_micro': 0.84704, 'f1_weighted': 0.8470909300761141, 'precision_macro': 0.8510251238056901, 'precision_micro': 0.84704, 'precision_weighted': 0.8491522296684773, 'recall_macro': 0.841706430682776, 'recall_micro': 0.84704, 'recall_weighted': 0.84704}
Validation statistic: Loss: 0.1953, dev_score: {'accuracy': 0.9443063152660368, 'balanced_accuracy': 0.9437486928520977, 'f1_macro': 0.9437963878919986, 'f1_micro': 0.9443063152660368, 'f1_weighted': 0.9442992871695464, 'precision_macro': 0.9445241854093437, 'precision_micro': 0.9443063152660368, 'precision_weighted': 0.9449450359485307, 'recall_macro': 0.9437486928520977, 'recall_micro': 0.9443063152660368, 'recall_weighted': 0.9443063152660368}
-----------------------
Epoch 92/100
Training statistic: Loss: 0.4353, train_score: {'accuracy': 0.84867, 'balanced_accuracy': 0.841614057298886, 'f1_macro': 0.8471571427719689, 'f1_micro': 0.84867, 'f1_weighted': 0.8487759356505404, 'precision_macro': 0.854759577644612, 'precision_micro': 0.84867, 'precision_weighted': 0.8511788564747568, 'recall_macro': 0.841614057298886, 'recall_micro': 0.84867, 'recall_weighted': 0.84867}
Validation statistic: Loss: 0.1982, dev_score: {'accuracy': 0.9438090502237693, 'balanced_accuracy': 0.9433492557179115, 'f1_macro': 0.9432826037257556, 'f1_micro': 0.9438090502237693, 'f1_weighted': 0.9438854928781445, 'precision_macro': 0.943985276756961, 'precision_micro': 0.9438090502237693, 'precision_weighted': 0.9447101866138488, 'recall_macro': 0.9433492557179115, 'recall_micro': 0.9438090502237693, 'recall_weighted': 0.9438090502237693}
-----------------------
Epoch 93/100
Training statistic: Loss: 0.4320, train_score: {'accuracy': 0.851, 'balanced_accuracy': 0.8471263138749929, 'f1_macro': 0.8495479153183597, 'f1_micro': 0.851, 'f1_weighted': 0.8510661229628167, 'precision_macro': 0.8535214745539832, 'precision_micro': 0.851, 'precision_weighted': 0.8527098275439916, 'recall_macro': 0.8471263138749929, 'recall_micro': 0.851, 'recall_weighted': 0.851}
Validation statistic: Loss: 0.1964, dev_score: {'accuracy': 0.9441405602519476, 'balanced_accuracy': 0.9435625949422268, 'f1_macro': 0.9436393039835, 'f1_micro': 0.9441405602519476, 'f1_weighted': 0.9441764243796723, 'precision_macro': 0.944425473061378, 'precision_micro': 0.9441405602519476, 'precision_weighted': 0.9448895377070736, 'recall_macro': 0.9435625949422268, 'recall_micro': 0.9441405602519476, 'recall_weighted': 0.9441405602519476}
-----------------------
Epoch 94/100
Training statistic: Loss: 0.4335, train_score: {'accuracy': 0.84936, 'balanced_accuracy': 0.8444696149491682, 'f1_macro': 0.8477420595615571, 'f1_micro': 0.84936, 'f1_weighted': 0.8494735512342805, 'precision_macro': 0.8526603691164498, 'precision_micro': 0.84936, 'precision_weighted': 0.8513270975041921, 'recall_macro': 0.8444696149491682, 'recall_micro': 0.84936, 'recall_weighted': 0.84936}
Validation statistic: Loss: 0.1932, dev_score: {'accuracy': 0.945466600364661, 'balanced_accuracy': 0.944871611224643, 'f1_macro': 0.9449537537667678, 'f1_micro': 0.945466600364661, 'f1_weighted': 0.9455377228113346, 'precision_macro': 0.9457626040059687, 'precision_micro': 0.945466600364661, 'precision_weighted': 0.946310149789793, 'recall_macro': 0.944871611224643, 'recall_micro': 0.945466600364661, 'recall_weighted': 0.945466600364661}
Saving model...
Model saved!
-------------------------------------------
-----------------------
Epoch 95/100
Training statistic: Loss: 0.4305, train_score: {'accuracy': 0.85067, 'balanced_accuracy': 0.8451864638919447, 'f1_macro': 0.8492360852536394, 'f1_micro': 0.85067, 'f1_weighted': 0.850761398503165, 'precision_macro': 0.8547479014540432, 'precision_micro': 0.85067, 'precision_weighted': 0.8522957218470231, 'recall_macro': 0.8451864638919447, 'recall_micro': 0.85067, 'recall_weighted': 0.85067}
Validation statistic: Loss: 0.1978, dev_score: {'accuracy': 0.9439748052378585, 'balanced_accuracy': 0.943492124857986, 'f1_macro': 0.9434485206973514, 'f1_micro': 0.9439748052378585, 'f1_weighted': 0.9440279387367381, 'precision_macro': 0.9441176471995785, 'precision_micro': 0.9439748052378585, 'precision_weighted': 0.9447680873632318, 'recall_macro': 0.943492124857986, 'recall_micro': 0.9439748052378585, 'recall_weighted': 0.9439748052378585}
-----------------------
Epoch 96/100
Training statistic: Loss: 0.4312, train_score: {'accuracy': 0.85184, 'balanced_accuracy': 0.8459136690168224, 'f1_macro': 0.8500538295809195, 'f1_micro': 0.85184, 'f1_weighted': 0.8518574179190672, 'precision_macro': 0.8563054564639077, 'precision_micro': 0.85184, 'precision_weighted': 0.8539973318497355, 'recall_macro': 0.8459136690168224, 'recall_micro': 0.85184, 'recall_weighted': 0.85184}
Validation statistic: Loss: 0.1959, dev_score: {'accuracy': 0.9438090502237693, 'balanced_accuracy': 0.9433678736228235, 'f1_macro': 0.94336428720091, 'f1_micro': 0.9438090502237693, 'f1_weighted': 0.9438693626124982, 'precision_macro': 0.9440948815494277, 'precision_micro': 0.9438090502237693, 'precision_weighted': 0.9446416354253594, 'recall_macro': 0.9433678736228235, 'recall_micro': 0.9438090502237693, 'recall_weighted': 0.9438090502237693}
-----------------------
Epoch 97/100
Training statistic: Loss: 0.4246, train_score: {'accuracy': 0.8535, 'balanced_accuracy': 0.8501430182122262, 'f1_macro': 0.8521828488405937, 'f1_micro': 0.8535, 'f1_weighted': 0.85356741840883, 'precision_macro': 0.8557115591703266, 'precision_micro': 0.8535, 'precision_weighted': 0.8550927196596085, 'recall_macro': 0.8501430182122262, 'recall_micro': 0.8535, 'recall_weighted': 0.8535}
Validation statistic: Loss: 0.1921, dev_score: {'accuracy': 0.9424830101110558, 'balanced_accuracy': 0.9419563251246567, 'f1_macro': 0.9419828261167392, 'f1_micro': 0.9424830101110558, 'f1_weighted': 0.9424968809460083, 'precision_macro': 0.9425413485068445, 'precision_micro': 0.9424830101110558, 'precision_weighted': 0.9430285290855717, 'recall_macro': 0.9419563251246567, 'recall_micro': 0.9424830101110558, 'recall_weighted': 0.9424830101110558}
Saving model...
Model saved!
-------------------------------------------
-----------------------
Epoch 98/100
Training statistic: Loss: 0.4269, train_score: {'accuracy': 0.85322, 'balanced_accuracy': 0.8473843249370692, 'f1_macro': 0.8516708054746548, 'f1_micro': 0.85322, 'f1_weighted': 0.8533021335907497, 'precision_macro': 0.8575115943773509, 'precision_micro': 0.85322, 'precision_weighted': 0.8550141738190736, 'recall_macro': 0.8473843249370692, 'recall_micro': 0.85322, 'recall_weighted': 0.85322}
Validation statistic: Loss: 0.1955, dev_score: {'accuracy': 0.9434775401955909, 'balanced_accuracy': 0.9430988674940959, 'f1_macro': 0.9430384546372178, 'f1_micro': 0.9434775401955909, 'f1_weighted': 0.9435165031741646, 'precision_macro': 0.9436111018263269, 'precision_micro': 0.9434775401955909, 'precision_weighted': 0.9441706601435026, 'recall_macro': 0.9430988674940959, 'recall_micro': 0.9434775401955909, 'recall_weighted': 0.9434775401955909}
-----------------------
Epoch 99/100
Training statistic: Loss: 0.4265, train_score: {'accuracy': 0.85322, 'balanced_accuracy': 0.8487928058051211, 'f1_macro': 0.8520960548322932, 'f1_micro': 0.85322, 'f1_weighted': 0.8534406552132571, 'precision_macro': 0.8579146738911657, 'precision_micro': 0.85322, 'precision_weighted': 0.8561919549067631, 'recall_macro': 0.8487928058051211, 'recall_micro': 0.85322, 'recall_weighted': 0.85322}
Validation statistic: Loss: 0.1937, dev_score: {'accuracy': 0.9438090502237693, 'balanced_accuracy': 0.9433627055671531, 'f1_macro': 0.9433978886456428, 'f1_micro': 0.9438090502237693, 'f1_weighted': 0.9438494904846284, 'precision_macro': 0.9439918974555095, 'precision_micro': 0.9438090502237693, 'precision_weighted': 0.9444295768120412, 'recall_macro': 0.9433627055671531, 'recall_micro': 0.9438090502237693, 'recall_weighted': 0.9438090502237693}
-----------------------
Epoch 100/100
Training statistic: Loss: 0.4237, train_score: {'accuracy': 0.85386, 'balanced_accuracy': 0.8500663236311098, 'f1_macro': 0.8525461536275349, 'f1_micro': 0.85386, 'f1_weighted': 0.8540964346028564, 'precision_macro': 0.8568934016358222, 'precision_micro': 0.85386, 'precision_weighted': 0.8561341284867149, 'recall_macro': 0.8500663236311098, 'recall_micro': 0.85386, 'recall_weighted': 0.85386}
Validation statistic: Loss: 0.1911, dev_score: {'accuracy': 0.9449693353223935, 'balanced_accuracy': 0.9445141859846938, 'f1_macro': 0.9445728131225938, 'f1_micro': 0.9449693353223935, 'f1_weighted': 0.9450095632802227, 'precision_macro': 0.9450949161262135, 'precision_micro': 0.9449693353223935, 'precision_weighted': 0.9454966571928116, 'recall_macro': 0.9445141859846938, 'recall_micro': 0.9449693353223935, 'recall_weighted': 0.9449693353223935}
Saving model...
Model saved!
-------------------------------------------
Testing statistic: loss: 0.1955175734207428, scores: {'accuracy': 0.9413552111820116, 'balanced_accuracy': 0.9413030040315513, 'f1_macro': 0.9416845388108674, 'f1_micro': 0.9413552111820116, 'f1_weighted': 0.9415667271053937, 'precision_macro': 0.9427901644490708, 'precision_micro': 0.9413552111820116, 'precision_weighted': 0.9424947580047888, 'recall_macro': 0.9413030040315513, 'recall_micro': 0.9413552111820116, 'recall_weighted': 0.9413552111820116}
Finish training!
