=====Setting up data=====
Dataset name:mnist28
train_option:mix
augment_option:xgb
mix_ratio:-1
n_sample:-1
Training dataset size: 154112 samples
Validation dataset size: 6144 samples

=====Setting up parameters for training=====
num_epochs: 100
learning_rate: 0.001
patience: 30
early_stop_criterion: loss
=====Setting up trainer=====
input_size: 784
model: DNN_MNIST28
----------------------------------------------------------------
        Layer (type)               Output Shape         Param #
================================================================
           Dropout-1                  [-1, 784]               0
            Linear-2                  [-1, 512]         401,920
         LeakyReLU-3                  [-1, 512]               0
       BatchNorm1d-4                  [-1, 512]           1,024
           Dropout-5                  [-1, 512]               0
            Linear-6                 [-1, 1024]         525,312
         LeakyReLU-7                 [-1, 1024]               0
       BatchNorm1d-8                 [-1, 1024]           2,048
           Dropout-9                 [-1, 1024]               0
           Linear-10                  [-1, 256]         262,400
        LeakyReLU-11                  [-1, 256]               0
      BatchNorm1d-12                  [-1, 256]             512
          Dropout-13                  [-1, 256]               0
           Linear-14                  [-1, 128]          32,896
        LeakyReLU-15                  [-1, 128]               0
      BatchNorm1d-16                  [-1, 128]             256
          Dropout-17                  [-1, 128]               0
           Linear-18                   [-1, 10]           1,290
================================================================
Total params: 1,227,658
Trainable params: 1,227,658
Non-trainable params: 0
----------------------------------------------------------------
Input size (MB): 0.00
Forward/backward pass size (MB): 0.06
Params size (MB): 4.68
Estimated Total Size (MB): 4.75
----------------------------------------------------------------
=====Setting up output files=====
weight_dir, weight_file: /home/thuy/Research/minh_data_synth/TabularDA/.cache/mnist_head_fixed_runtime_20261009/output/mnist_head_fixed_20261009/mnist28/weight/, mnist28_seed42_ctgan_xonly_xgb_mix.weights.pth
acc_dir, acc_file: /home/thuy/Research/minh_data_synth/TabularDA/.cache/mnist_head_fixed_runtime_20261009/output/mnist_head_fixed_20261009/mnist28/acc/, mnist28_seed42_ctgan_xonly_xgb_mix.epochs.csv
report_file: mnist28_seed42_ctgan_xonly_xgb_mix.report.txt
==========================================================================================
Start training...
-----------------------
Epoch 1/100
Training statistic: Loss: 0.6031, train_score: {'accuracy': 0.7829571560216492, 'balanced_accuracy': 0.7694194717626311, 'f1_macro': 0.7767068822693494, 'f1_micro': 0.7829571560216492, 'f1_weighted': 0.7815301489525983, 'precision_macro': 0.7920759950564826, 'precision_micro': 0.7829571560216492, 'precision_weighted': 0.7853964329686011, 'recall_macro': 0.7694194717626311, 'recall_micro': 0.7829571560216492, 'recall_weighted': 0.7829571560216492}
Validation statistic: Loss: 0.4220, dev_score: {'accuracy': 0.859771258080557, 'balanced_accuracy': 0.8600681755875683, 'f1_macro': 0.8564171962119469, 'f1_micro': 0.859771258080557, 'f1_weighted': 0.8579130410380548, 'precision_macro': 0.8631189107153292, 'precision_micro': 0.859771258080557, 'precision_weighted': 0.8663118589580066, 'recall_macro': 0.8600681755875683, 'recall_micro': 0.859771258080557, 'recall_weighted': 0.859771258080557}
Saving model...
Model saved!
-------------------------------------------
-----------------------
Epoch 2/100
Training statistic: Loss: 0.5399, train_score: {'accuracy': 0.8072085869663971, 'balanced_accuracy': 0.801390846743471, 'f1_macro': 0.8068593827296505, 'f1_micro': 0.8072085869663971, 'f1_weighted': 0.8065586668555619, 'precision_macro': 0.8145962644297884, 'precision_micro': 0.8072085869663971, 'precision_weighted': 0.807386014220606, 'recall_macro': 0.801390846743471, 'recall_micro': 0.8072085869663971, 'recall_weighted': 0.8072085869663971}
Validation statistic: Loss: 0.3287, dev_score: {'accuracy': 0.8992209514337809, 'balanced_accuracy': 0.897997408627892, 'f1_macro': 0.8974666193047056, 'f1_micro': 0.8992209514337809, 'f1_weighted': 0.8987300609166855, 'precision_macro': 0.8989390341651046, 'precision_micro': 0.8992209514337809, 'precision_weighted': 0.9002007210489774, 'recall_macro': 0.897997408627892, 'recall_micro': 0.8992209514337809, 'recall_weighted': 0.8992209514337809}
Saving model...
Model saved!
-------------------------------------------
-----------------------
Epoch 3/100
Training statistic: Loss: 0.5135, train_score: {'accuracy': 0.8163848040806261, 'balanced_accuracy': 0.8150686843734221, 'f1_macro': 0.8171881363883567, 'f1_micro': 0.8163848040806261, 'f1_weighted': 0.8158842033672145, 'precision_macro': 0.8211496932197274, 'precision_micro': 0.8163848040806261, 'precision_weighted': 0.8166910070548038, 'recall_macro': 0.8150686843734221, 'recall_micro': 0.8163848040806261, 'recall_weighted': 0.8163848040806261}
Validation statistic: Loss: 0.2983, dev_score: {'accuracy': 0.9066799270677938, 'balanced_accuracy': 0.9048345266797833, 'f1_macro': 0.9048491089002283, 'f1_micro': 0.9066799270677938, 'f1_weighted': 0.9062143427627822, 'precision_macro': 0.9071014750637401, 'precision_micro': 0.9066799270677938, 'precision_weighted': 0.9079062293919208, 'recall_macro': 0.9048345266797833, 'recall_micro': 0.9066799270677938, 'recall_weighted': 0.9066799270677938}
Saving model...
Model saved!
-------------------------------------------
-----------------------
Epoch 4/100
Training statistic: Loss: 0.4924, train_score: {'accuracy': 0.8239256557685568, 'balanced_accuracy': 0.8210694402752822, 'f1_macro': 0.8250136876743583, 'f1_micro': 0.8239256557685568, 'f1_weighted': 0.8235954087039962, 'precision_macro': 0.8303350221895519, 'precision_micro': 0.8239256557685568, 'precision_weighted': 0.8241783894145969, 'recall_macro': 0.8210694402752822, 'recall_micro': 0.8239256557685568, 'recall_weighted': 0.8239256557685568}
Validation statistic: Loss: 0.2737, dev_score: {'accuracy': 0.9167909829272336, 'balanced_accuracy': 0.9155587296046942, 'f1_macro': 0.915295763249319, 'f1_micro': 0.9167909829272336, 'f1_weighted': 0.9163451107887765, 'precision_macro': 0.9167183833779688, 'precision_micro': 0.9167909829272336, 'precision_weighted': 0.9175599515690857, 'recall_macro': 0.9155587296046942, 'recall_micro': 0.9167909829272336, 'recall_weighted': 0.9167909829272336}
Saving model...
Model saved!
-------------------------------------------
-----------------------
Epoch 5/100
Training statistic: Loss: 0.4764, train_score: {'accuracy': 0.8291237815878619, 'balanced_accuracy': 0.8288146682144178, 'f1_macro': 0.8306930327954744, 'f1_micro': 0.8291237815878619, 'f1_weighted': 0.828554926457547, 'precision_macro': 0.8339582770152759, 'precision_micro': 0.8291237815878619, 'precision_weighted': 0.8290531131568168, 'recall_macro': 0.8288146682144178, 'recall_micro': 0.8291237815878619, 'recall_weighted': 0.8291237815878619}
Validation statistic: Loss: 0.2554, dev_score: {'accuracy': 0.9215978783358196, 'balanced_accuracy': 0.9204225815351448, 'f1_macro': 0.920191086582179, 'f1_micro': 0.9215978783358196, 'f1_weighted': 0.9211624811436404, 'precision_macro': 0.921395105315462, 'precision_micro': 0.9215978783358196, 'precision_weighted': 0.9221458931966365, 'recall_macro': 0.9204225815351448, 'recall_micro': 0.9215978783358196, 'recall_weighted': 0.9215978783358196}
Saving model...
Model saved!
-------------------------------------------
-----------------------
Epoch 6/100
Training statistic: Loss: 0.4613, train_score: {'accuracy': 0.8338092333251133, 'balanced_accuracy': 0.8329563281102039, 'f1_macro': 0.8352341133321766, 'f1_micro': 0.8338092333251133, 'f1_weighted': 0.8333234045005024, 'precision_macro': 0.8389889075361843, 'precision_micro': 0.8338092333251133, 'precision_weighted': 0.8338955927899141, 'recall_macro': 0.8329563281102039, 'recall_micro': 0.8338092333251133, 'recall_weighted': 0.8338092333251133}
Validation statistic: Loss: 0.2389, dev_score: {'accuracy': 0.9273993038289409, 'balanced_accuracy': 0.9260291307827402, 'f1_macro': 0.9262865152289793, 'f1_micro': 0.9273993038289409, 'f1_weighted': 0.9271582698672106, 'precision_macro': 0.9279529165079904, 'precision_micro': 0.9273993038289409, 'precision_weighted': 0.9283013870232668, 'recall_macro': 0.9260291307827402, 'recall_micro': 0.9273993038289409, 'recall_weighted': 0.9273993038289409}
Saving model...
Model saved!
-------------------------------------------
-----------------------
Epoch 7/100
Training statistic: Loss: 0.4478, train_score: {'accuracy': 0.8390073591444184, 'balanced_accuracy': 0.837341442936404, 'f1_macro': 0.8402407575143401, 'f1_micro': 0.8390073591444184, 'f1_weighted': 0.8386095096968891, 'precision_macro': 0.8445717172401933, 'precision_micro': 0.8390073591444184, 'precision_weighted': 0.8394119030943394, 'recall_macro': 0.837341442936404, 'recall_micro': 0.8390073591444184, 'recall_weighted': 0.8390073591444184}
Validation statistic: Loss: 0.2253, dev_score: {'accuracy': 0.9340295043925079, 'balanced_accuracy': 0.9325064693824527, 'f1_macro': 0.9327678273622674, 'f1_micro': 0.9340295043925079, 'f1_weighted': 0.933743479293845, 'precision_macro': 0.934255098579019, 'precision_micro': 0.9340295043925079, 'precision_weighted': 0.934642014638003, 'recall_macro': 0.9325064693824527, 'recall_micro': 0.9340295043925079, 'recall_weighted': 0.9340295043925079}
Saving model...
Model saved!
-------------------------------------------
-----------------------
Epoch 8/100
Training statistic: Loss: 0.4360, train_score: {'accuracy': 0.8435240827027658, 'balanced_accuracy': 0.8421625139092848, 'f1_macro': 0.8455028739411139, 'f1_micro': 0.8435240827027658, 'f1_weighted': 0.8431974073262868, 'precision_macro': 0.8500376187895764, 'precision_micro': 0.8435240827027658, 'precision_weighted': 0.8436830762350683, 'recall_macro': 0.8421625139092848, 'recall_micro': 0.8435240827027658, 'recall_weighted': 0.8435240827027658}
Validation statistic: Loss: 0.2122, dev_score: {'accuracy': 0.9345267694347754, 'balanced_accuracy': 0.9330234036411887, 'f1_macro': 0.9333098607463668, 'f1_micro': 0.9345267694347754, 'f1_weighted': 0.9342299506283142, 'precision_macro': 0.9353398050411525, 'precision_micro': 0.9345267694347754, 'precision_weighted': 0.9356284375704063, 'recall_macro': 0.9330234036411887, 'recall_micro': 0.9345267694347754, 'recall_weighted': 0.9345267694347754}
Saving model...
Model saved!
-------------------------------------------
-----------------------
Epoch 9/100
Training statistic: Loss: 0.4299, train_score: {'accuracy': 0.8467818344646774, 'balanced_accuracy': 0.8461968063761329, 'f1_macro': 0.8486340527067229, 'f1_micro': 0.8467818344646774, 'f1_weighted': 0.8462725519509556, 'precision_macro': 0.8517671814298542, 'precision_micro': 0.8467818344646774, 'precision_weighted': 0.8463954410270392, 'recall_macro': 0.8461968063761329, 'recall_micro': 0.8467818344646774, 'recall_weighted': 0.8467818344646774}
Validation statistic: Loss: 0.2065, dev_score: {'accuracy': 0.9353555445052213, 'balanced_accuracy': 0.9338945082303522, 'f1_macro': 0.9340869479511387, 'f1_micro': 0.9353555445052213, 'f1_weighted': 0.9351063980579796, 'precision_macro': 0.935969590378724, 'precision_micro': 0.9353555445052213, 'precision_weighted': 0.936494994693054, 'recall_macro': 0.9338945082303522, 'recall_micro': 0.9353555445052213, 'recall_weighted': 0.9353555445052213}
Saving model...
Model saved!
-------------------------------------------
-----------------------
Epoch 10/100
Training statistic: Loss: 0.4158, train_score: {'accuracy': 0.8500720339533012, 'balanced_accuracy': 0.849730820040149, 'f1_macro': 0.8523234604843438, 'f1_micro': 0.8500720339533012, 'f1_weighted': 0.8497470000704067, 'precision_macro': 0.8558083224316595, 'precision_micro': 0.8500720339533012, 'precision_weighted': 0.8500400364342761, 'recall_macro': 0.849730820040149, 'recall_micro': 0.8500720339533012, 'recall_weighted': 0.8500720339533012}
Validation statistic: Loss: 0.1944, dev_score: {'accuracy': 0.9421515000828775, 'balanced_accuracy': 0.94077541133695, 'f1_macro': 0.9409240636842545, 'f1_micro': 0.9421515000828775, 'f1_weighted': 0.9418464339150192, 'precision_macro': 0.9423625398821303, 'precision_micro': 0.9421515000828775, 'precision_weighted': 0.9427989753832658, 'recall_macro': 0.94077541133695, 'recall_micro': 0.9421515000828775, 'recall_weighted': 0.9421515000828775}
Saving model...
Model saved!
-------------------------------------------
-----------------------
Epoch 11/100
Training statistic: Loss: 0.4116, train_score: {'accuracy': 0.8522784793697353, 'balanced_accuracy': 0.8525348802125652, 'f1_macro': 0.8545319620404405, 'f1_micro': 0.8522784793697353, 'f1_weighted': 0.8519901179865946, 'precision_macro': 0.8574965515477249, 'precision_micro': 0.8522784793697353, 'precision_weighted': 0.852409665116695, 'recall_macro': 0.8525348802125652, 'recall_micro': 0.8522784793697353, 'recall_weighted': 0.8522784793697353}
Validation statistic: Loss: 0.1899, dev_score: {'accuracy': 0.9439748052378585, 'balanced_accuracy': 0.9431078636631517, 'f1_macro': 0.9431681753823739, 'f1_micro': 0.9439748052378585, 'f1_weighted': 0.9437854433826112, 'precision_macro': 0.9442164333215649, 'precision_micro': 0.9439748052378585, 'precision_weighted': 0.9445562539415954, 'recall_macro': 0.9431078636631517, 'recall_micro': 0.9439748052378585, 'recall_weighted': 0.9439748052378585}
Saving model...
Model saved!
-------------------------------------------
-----------------------
Epoch 12/100
Training statistic: Loss: 0.3996, train_score: {'accuracy': 0.8564123197528781, 'balanced_accuracy': 0.8563909862777919, 'f1_macro': 0.858628592241587, 'f1_micro': 0.8564123197528781, 'f1_weighted': 0.8562115592236135, 'precision_macro': 0.8614680036489355, 'precision_micro': 0.8564123197528781, 'precision_weighted': 0.8564687221052837, 'recall_macro': 0.8563909862777919, 'recall_micro': 0.8564123197528781, 'recall_weighted': 0.8564123197528781}
Validation statistic: Loss: 0.1812, dev_score: {'accuracy': 0.9461296204210178, 'balanced_accuracy': 0.9450196068821282, 'f1_macro': 0.9451796436999874, 'f1_micro': 0.9461296204210178, 'f1_weighted': 0.945845628547406, 'precision_macro': 0.9463482954635121, 'precision_micro': 0.9461296204210178, 'precision_weighted': 0.9465438765844656, 'recall_macro': 0.9450196068821282, 'recall_micro': 0.9461296204210178, 'recall_weighted': 0.9461296204210178}
Saving model...
Model saved!
-------------------------------------------
-----------------------
Epoch 13/100
Training statistic: Loss: 0.3963, train_score: {'accuracy': 0.8576258647319169, 'balanced_accuracy': 0.8574337637636932, 'f1_macro': 0.8600264297339679, 'f1_micro': 0.8576258647319169, 'f1_weighted': 0.8573786634625471, 'precision_macro': 0.8632464575931307, 'precision_micro': 0.8576258647319169, 'precision_weighted': 0.8575867937350046, 'recall_macro': 0.8574337637636932, 'recall_micro': 0.8576258647319169, 'recall_weighted': 0.8576258647319169}
Validation statistic: Loss: 0.1791, dev_score: {'accuracy': 0.9462953754351069, 'balanced_accuracy': 0.9450602636294153, 'f1_macro': 0.9454580265586863, 'f1_micro': 0.9462953754351069, 'f1_weighted': 0.946166087014619, 'precision_macro': 0.9468210846989017, 'precision_micro': 0.9462953754351069, 'precision_weighted': 0.94697054174927, 'recall_macro': 0.9450602636294153, 'recall_micro': 0.9462953754351069, 'recall_weighted': 0.9462953754351069}
Saving model...
Model saved!
-------------------------------------------
-----------------------
Epoch 14/100
Training statistic: Loss: 0.3896, train_score: {'accuracy': 0.8605591392267058, 'balanced_accuracy': 0.8614803198681938, 'f1_macro': 0.863260597564229, 'f1_micro': 0.8605591392267058, 'f1_weighted': 0.8605947657721026, 'precision_macro': 0.8655729308909864, 'precision_micro': 0.8605591392267058, 'precision_weighted': 0.8610493735393493, 'recall_macro': 0.8614803198681938, 'recall_micro': 0.8605591392267058, 'recall_weighted': 0.8605591392267058}
Validation statistic: Loss: 0.1673, dev_score: {'accuracy': 0.9499419857450688, 'balanced_accuracy': 0.9486981597565233, 'f1_macro': 0.9490060725955949, 'f1_micro': 0.9499419857450688, 'f1_weighted': 0.9497945236613828, 'precision_macro': 0.9499719128847872, 'precision_micro': 0.9499419857450688, 'precision_weighted': 0.9502857787551897, 'recall_macro': 0.9486981597565233, 'recall_micro': 0.9499419857450688, 'recall_weighted': 0.9499419857450688}
Saving model...
Model saved!
-------------------------------------------
-----------------------
Epoch 15/100
Training statistic: Loss: 0.3849, train_score: {'accuracy': 0.8621750360169766, 'balanced_accuracy': 0.8631999343908536, 'f1_macro': 0.8647034910058903, 'f1_micro': 0.8621750360169766, 'f1_weighted': 0.8619981095429261, 'precision_macro': 0.866629463187213, 'precision_micro': 0.8621750360169766, 'precision_weighted': 0.8621891675756115, 'recall_macro': 0.8631999343908536, 'recall_micro': 0.8621750360169766, 'recall_weighted': 0.8621750360169766}
Validation statistic: Loss: 0.1674, dev_score: {'accuracy': 0.9486159456323554, 'balanced_accuracy': 0.9472823591632912, 'f1_macro': 0.947608909236128, 'f1_micro': 0.9486159456323554, 'f1_weighted': 0.9484595515007095, 'precision_macro': 0.948926215193933, 'precision_micro': 0.9486159456323554, 'precision_weighted': 0.9492683171393642, 'recall_macro': 0.9472823591632912, 'recall_micro': 0.9486159456323554, 'recall_weighted': 0.9486159456323554}
-----------------------
Epoch 16/100
Training statistic: Loss: 0.3804, train_score: {'accuracy': 0.8641283891650551, 'balanced_accuracy': 0.8635419924146273, 'f1_macro': 0.866304876628537, 'f1_micro': 0.8641283891650551, 'f1_weighted': 0.8639411528574809, 'precision_macro': 0.8696870637632561, 'precision_micro': 0.8641283891650551, 'precision_weighted': 0.8641822224931659, 'recall_macro': 0.8635419924146273, 'recall_micro': 0.8641283891650551, 'recall_weighted': 0.8641283891650551}
Validation statistic: Loss: 0.1704, dev_score: {'accuracy': 0.9489474556605337, 'balanced_accuracy': 0.9478573818495442, 'f1_macro': 0.9482238265670085, 'f1_micro': 0.9489474556605337, 'f1_weighted': 0.9488240817073861, 'precision_macro': 0.9495059232842797, 'precision_micro': 0.9489474556605337, 'precision_weighted': 0.9496063060517218, 'recall_macro': 0.9478573818495442, 'recall_micro': 0.9489474556605337, 'recall_weighted': 0.9489474556605337}
-----------------------
Epoch 17/100
Training statistic: Loss: 0.3714, train_score: {'accuracy': 0.8663932404895713, 'balanced_accuracy': 0.8648277059681598, 'f1_macro': 0.8688281647674427, 'f1_micro': 0.8663932404895713, 'f1_weighted': 0.8662487361861158, 'precision_macro': 0.8734785924857246, 'precision_micro': 0.8663932404895713, 'precision_weighted': 0.8666191272918355, 'recall_macro': 0.8648277059681598, 'recall_micro': 0.8663932404895713, 'recall_weighted': 0.8663932404895713}
Validation statistic: Loss: 0.1595, dev_score: {'accuracy': 0.9517652909000497, 'balanced_accuracy': 0.9507310405726008, 'f1_macro': 0.9509927110661085, 'f1_micro': 0.9517652909000497, 'f1_weighted': 0.9516799823728057, 'precision_macro': 0.9520349697669228, 'precision_micro': 0.9517652909000497, 'precision_weighted': 0.9523514700002756, 'recall_macro': 0.9507310405726008, 'recall_micro': 0.9517652909000497, 'recall_weighted': 0.9517652909000497}
Saving model...
Model saved!
-------------------------------------------
-----------------------
Epoch 18/100
Training statistic: Loss: 0.3654, train_score: {'accuracy': 0.8684114890910742, 'balanced_accuracy': 0.8683244234152468, 'f1_macro': 0.870926860057042, 'f1_micro': 0.8684114890910742, 'f1_weighted': 0.8684126098106447, 'precision_macro': 0.8743326612861594, 'precision_micro': 0.8684114890910742, 'precision_weighted': 0.868998319389926, 'recall_macro': 0.8683244234152468, 'recall_micro': 0.8684114890910742, 'recall_weighted': 0.8684114890910742}
Validation statistic: Loss: 0.1576, dev_score: {'accuracy': 0.9549146361677441, 'balanced_accuracy': 0.9537616709691912, 'f1_macro': 0.9540635230034523, 'f1_micro': 0.9549146361677441, 'f1_weighted': 0.9548140234173309, 'precision_macro': 0.9550965655612117, 'precision_micro': 0.9549146361677441, 'precision_weighted': 0.9554235496610065, 'recall_macro': 0.9537616709691912, 'recall_micro': 0.9549146361677441, 'recall_weighted': 0.9549146361677441}
Saving model...
Model saved!
-------------------------------------------
-----------------------
Epoch 19/100
Training statistic: Loss: 0.3628, train_score: {'accuracy': 0.8699040845198386, 'balanced_accuracy': 0.8701775725184697, 'f1_macro': 0.8728135898826546, 'f1_micro': 0.8699040845198386, 'f1_weighted': 0.8700030231761603, 'precision_macro': 0.8759751808682446, 'precision_micro': 0.8699040845198386, 'precision_weighted': 0.8705401461913695, 'recall_macro': 0.8701775725184697, 'recall_micro': 0.8699040845198386, 'recall_weighted': 0.8699040845198386}
Validation statistic: Loss: 0.1521, dev_score: {'accuracy': 0.9544173711254765, 'balanced_accuracy': 0.9532400762619091, 'f1_macro': 0.9536709268839042, 'f1_micro': 0.9544173711254765, 'f1_weighted': 0.9542806839036009, 'precision_macro': 0.9547855407203917, 'precision_micro': 0.9544173711254765, 'precision_weighted': 0.9548144545810078, 'recall_macro': 0.9532400762619091, 'recall_micro': 0.9544173711254765, 'recall_weighted': 0.9544173711254765}
Saving model...
Model saved!
-------------------------------------------
-----------------------
Epoch 20/100
Training statistic: Loss: 0.3572, train_score: {'accuracy': 0.8723117058418887, 'balanced_accuracy': 0.8728094971498042, 'f1_macro': 0.8749940807908295, 'f1_micro': 0.8723117058418887, 'f1_weighted': 0.8724824084417115, 'precision_macro': 0.8777802626812445, 'precision_micro': 0.8723117058418887, 'precision_weighted': 0.873144754332156, 'recall_macro': 0.8728094971498042, 'recall_micro': 0.8723117058418887, 'recall_weighted': 0.8723117058418887}
Validation statistic: Loss: 0.1459, dev_score: {'accuracy': 0.9572352063649925, 'balanced_accuracy': 0.956353555336103, 'f1_macro': 0.9566534393666037, 'f1_micro': 0.9572352063649925, 'f1_weighted': 0.9571364254939431, 'precision_macro': 0.957368541389612, 'precision_micro': 0.9572352063649925, 'precision_weighted': 0.9574451739357652, 'recall_macro': 0.956353555336103, 'recall_micro': 0.9572352063649925, 'recall_weighted': 0.9572352063649925}
Saving model...
Model saved!
-------------------------------------------
-----------------------
Epoch 21/100
Training statistic: Loss: 0.3548, train_score: {'accuracy': 0.8729087440133945, 'balanced_accuracy': 0.8732305871587313, 'f1_macro': 0.8753942564620132, 'f1_micro': 0.8729087440133945, 'f1_weighted': 0.8729301754350715, 'precision_macro': 0.8780007570908918, 'precision_micro': 0.8729087440133945, 'precision_weighted': 0.873304184532675, 'recall_macro': 0.8732305871587313, 'recall_micro': 0.8729087440133945, 'recall_weighted': 0.8729087440133945}
Validation statistic: Loss: 0.1470, dev_score: {'accuracy': 0.9544173711254765, 'balanced_accuracy': 0.9532782110210121, 'f1_macro': 0.9535005827008913, 'f1_micro': 0.9544173711254765, 'f1_weighted': 0.9542794199670358, 'precision_macro': 0.9544956902510119, 'precision_micro': 0.9544173711254765, 'precision_weighted': 0.9548943136846062, 'recall_macro': 0.9532782110210121, 'recall_micro': 0.9544173711254765, 'recall_weighted': 0.9544173711254765}
-----------------------
Epoch 22/100
Training statistic: Loss: 0.3475, train_score: {'accuracy': 0.8763546925902371, 'balanced_accuracy': 0.8753258553669092, 'f1_macro': 0.8784427476231113, 'f1_micro': 0.8763546925902371, 'f1_weighted': 0.8763097319891208, 'precision_macro': 0.8821082801970082, 'precision_micro': 0.8763546925902371, 'precision_weighted': 0.8767097888860755, 'recall_macro': 0.8753258553669092, 'recall_micro': 0.8763546925902371, 'recall_weighted': 0.8763546925902371}
Validation statistic: Loss: 0.1461, dev_score: {'accuracy': 0.9572352063649925, 'balanced_accuracy': 0.956115209390575, 'f1_macro': 0.9565027701892935, 'f1_micro': 0.9572352063649925, 'f1_weighted': 0.9571288841876929, 'precision_macro': 0.9573988396606186, 'precision_micro': 0.9572352063649925, 'precision_weighted': 0.9575145561269013, 'recall_macro': 0.956115209390575, 'recall_micro': 0.9572352063649925, 'recall_weighted': 0.9572352063649925}
-----------------------
Epoch 23/100
Training statistic: Loss: 0.3459, train_score: {'accuracy': 0.8758355289628409, 'balanced_accuracy': 0.8751750791805583, 'f1_macro': 0.877962839760541, 'f1_micro': 0.8758355289628409, 'f1_weighted': 0.875625474906183, 'precision_macro': 0.8814129163843285, 'precision_micro': 0.8758355289628409, 'precision_weighted': 0.87591313421618, 'recall_macro': 0.8751750791805583, 'recall_micro': 0.8758355289628409, 'recall_weighted': 0.8758355289628409}
Validation statistic: Loss: 0.1443, dev_score: {'accuracy': 0.9569036963368142, 'balanced_accuracy': 0.9559855056951843, 'f1_macro': 0.9561755248760868, 'f1_micro': 0.9569036963368142, 'f1_weighted': 0.9567806649589625, 'precision_macro': 0.9569109518367831, 'precision_micro': 0.9569036963368142, 'precision_weighted': 0.9571867895705971, 'recall_macro': 0.9559855056951843, 'recall_micro': 0.9569036963368142, 'recall_weighted': 0.9569036963368142}
Saving model...
Model saved!
-------------------------------------------
-----------------------
Epoch 24/100
Training statistic: Loss: 0.3451, train_score: {'accuracy': 0.8783210248290004, 'balanced_accuracy': 0.8777204179474143, 'f1_macro': 0.8806355971272353, 'f1_micro': 0.8783210248290004, 'f1_weighted': 0.8781736826288633, 'precision_macro': 0.884093605239117, 'precision_micro': 0.8783210248290004, 'precision_weighted': 0.8784632337787532, 'recall_macro': 0.8777204179474143, 'recall_micro': 0.8783210248290004, 'recall_weighted': 0.8783210248290004}
Validation statistic: Loss: 0.1448, dev_score: {'accuracy': 0.9570694513509034, 'balanced_accuracy': 0.9559820662940858, 'f1_macro': 0.9562802522250642, 'f1_micro': 0.9570694513509034, 'f1_weighted': 0.956930975382552, 'precision_macro': 0.9571501035936155, 'precision_micro': 0.9570694513509034, 'precision_weighted': 0.9573496604068559, 'recall_macro': 0.9559820662940858, 'recall_micro': 0.9570694513509034, 'recall_weighted': 0.9570694513509034}
-----------------------
Epoch 25/100
Training statistic: Loss: 0.3347, train_score: {'accuracy': 0.8809233325113243, 'balanced_accuracy': 0.8801549693975794, 'f1_macro': 0.8834686381442974, 'f1_micro': 0.8809233325113243, 'f1_weighted': 0.8809014087857687, 'precision_macro': 0.8874978313580739, 'precision_micro': 0.8809233325113243, 'precision_weighted': 0.8814747852836006, 'recall_macro': 0.8801549693975794, 'recall_micro': 0.8809233325113243, 'recall_weighted': 0.8809233325113243}
Validation statistic: Loss: 0.1390, dev_score: {'accuracy': 0.9583954914636168, 'balanced_accuracy': 0.9573452394904203, 'f1_macro': 0.9576235838061106, 'f1_micro': 0.9583954914636168, 'f1_weighted': 0.9583169630543404, 'precision_macro': 0.9583013634361552, 'precision_micro': 0.9583954914636168, 'precision_weighted': 0.9586260632975455, 'recall_macro': 0.9573452394904203, 'recall_micro': 0.9583954914636168, 'recall_weighted': 0.9583954914636168}
Saving model...
Model saved!
-------------------------------------------
-----------------------
Epoch 26/100
Training statistic: Loss: 0.3340, train_score: {'accuracy': 0.8812153620517347, 'balanced_accuracy': 0.8792697710710804, 'f1_macro': 0.8834024743669879, 'f1_micro': 0.8812153620517347, 'f1_weighted': 0.8810423292721294, 'precision_macro': 0.8883503991364927, 'precision_micro': 0.8812153620517347, 'precision_weighted': 0.8815393077016002, 'recall_macro': 0.8792697710710804, 'recall_micro': 0.8812153620517347, 'recall_weighted': 0.8812153620517347}
Validation statistic: Loss: 0.1416, dev_score: {'accuracy': 0.9578982264213493, 'balanced_accuracy': 0.9568147803705717, 'f1_macro': 0.9572159888842295, 'f1_micro': 0.9578982264213493, 'f1_weighted': 0.9578061208067434, 'precision_macro': 0.9581215460906556, 'precision_micro': 0.9578982264213493, 'precision_weighted': 0.9582077676714124, 'recall_macro': 0.9568147803705717, 'recall_micro': 0.9578982264213493, 'recall_weighted': 0.9578982264213493}
-----------------------
Epoch 27/100
Training statistic: Loss: 0.3281, train_score: {'accuracy': 0.8839734188222773, 'balanced_accuracy': 0.8836940161498822, 'f1_macro': 0.8860048222377334, 'f1_micro': 0.8839734188222773, 'f1_weighted': 0.8839225971530394, 'precision_macro': 0.8891395627364972, 'precision_micro': 0.8839734188222773, 'precision_weighted': 0.884493062257868, 'recall_macro': 0.8836940161498822, 'recall_micro': 0.8839734188222773, 'recall_weighted': 0.8839734188222773}
Validation statistic: Loss: 0.1418, dev_score: {'accuracy': 0.9590585115199735, 'balanced_accuracy': 0.9581475920430667, 'f1_macro': 0.958598509846729, 'f1_micro': 0.9590585115199735, 'f1_weighted': 0.9589767259928959, 'precision_macro': 0.9594345297857497, 'precision_micro': 0.9590585115199735, 'precision_weighted': 0.9592740328314695, 'recall_macro': 0.9581475920430667, 'recall_micro': 0.9590585115199735, 'recall_weighted': 0.9590585115199735}
-----------------------
Epoch 28/100
Training statistic: Loss: 0.3253, train_score: {'accuracy': 0.8842394901813179, 'balanced_accuracy': 0.8851797207867111, 'f1_macro': 0.8862009867961144, 'f1_micro': 0.8842394901813179, 'f1_weighted': 0.8841566173494111, 'precision_macro': 0.8877126500291446, 'precision_micro': 0.8842394901813179, 'precision_weighted': 0.8844670382441191, 'recall_macro': 0.8851797207867111, 'recall_micro': 0.8842394901813179, 'recall_weighted': 0.8842394901813179}
Validation statistic: Loss: 0.1434, dev_score: {'accuracy': 0.9560749212663683, 'balanced_accuracy': 0.9547598987021523, 'f1_macro': 0.9552980240613479, 'f1_micro': 0.9560749212663683, 'f1_weighted': 0.9559982836697383, 'precision_macro': 0.9565348881460654, 'precision_micro': 0.9560749212663683, 'precision_weighted': 0.9565985741145069, 'recall_macro': 0.9547598987021523, 'recall_micro': 0.9560749212663683, 'recall_weighted': 0.9560749212663683}
-----------------------
Epoch 29/100
Training statistic: Loss: 0.3237, train_score: {'accuracy': 0.8858164496995341, 'balanced_accuracy': 0.8846851565391127, 'f1_macro': 0.887933519903731, 'f1_micro': 0.8858164496995341, 'f1_weighted': 0.8858645634510078, 'precision_macro': 0.8919127675017242, 'precision_micro': 0.8858164496995341, 'precision_weighted': 0.886469186131493, 'recall_macro': 0.8846851565391127, 'recall_micro': 0.8858164496995341, 'recall_weighted': 0.8858164496995341}
Validation statistic: Loss: 0.1359, dev_score: {'accuracy': 0.9583954914636168, 'balanced_accuracy': 0.957386742328338, 'f1_macro': 0.9576853224120381, 'f1_micro': 0.9583954914636168, 'f1_weighted': 0.9583373444930308, 'precision_macro': 0.9584380784248887, 'precision_micro': 0.9583954914636168, 'precision_weighted': 0.9587182484561838, 'recall_macro': 0.957386742328338, 'recall_micro': 0.9583954914636168, 'recall_weighted': 0.9583954914636168}
Saving model...
Model saved!
-------------------------------------------
-----------------------
Epoch 30/100
Training statistic: Loss: 0.3187, train_score: {'accuracy': 0.8874777733072021, 'balanced_accuracy': 0.8882114031446529, 'f1_macro': 0.889540003463298, 'f1_micro': 0.8874777733072021, 'f1_weighted': 0.8875391652148793, 'precision_macro': 0.8912283289365629, 'precision_micro': 0.8874777733072021, 'precision_weighted': 0.8879022605131628, 'recall_macro': 0.8882114031446529, 'recall_micro': 0.8874777733072021, 'recall_weighted': 0.8874777733072021}
Validation statistic: Loss: 0.1364, dev_score: {'accuracy': 0.9598872865904193, 'balanced_accuracy': 0.9589577058764345, 'f1_macro': 0.9593087017783972, 'f1_micro': 0.9598872865904193, 'f1_weighted': 0.9598158528067148, 'precision_macro': 0.9600137640789626, 'precision_micro': 0.9598872865904193, 'precision_weighted': 0.9600896246783812, 'recall_macro': 0.9589577058764345, 'recall_micro': 0.9598872865904193, 'recall_weighted': 0.9598872865904193}
-----------------------
Epoch 31/100
Training statistic: Loss: 0.3164, train_score: {'accuracy': 0.8884317364725427, 'balanced_accuracy': 0.8880721964101426, 'f1_macro': 0.8906617243124826, 'f1_micro': 0.8884317364725427, 'f1_weighted': 0.8884946607832855, 'precision_macro': 0.8937910308871441, 'precision_micro': 0.8884317364725427, 'precision_weighted': 0.8890332134798941, 'recall_macro': 0.8880721964101426, 'recall_micro': 0.8884317364725427, 'recall_weighted': 0.8884317364725427}
Validation statistic: Loss: 0.1345, dev_score: {'accuracy': 0.9580639814354385, 'balanced_accuracy': 0.956882219939934, 'f1_macro': 0.9573304678514318, 'f1_micro': 0.9580639814354385, 'f1_weighted': 0.9579778382079268, 'precision_macro': 0.9581441675298048, 'precision_micro': 0.9580639814354385, 'precision_weighted': 0.958246587527625, 'recall_macro': 0.956882219939934, 'recall_micro': 0.9580639814354385, 'recall_weighted': 0.9580639814354385}
Saving model...
Model saved!
-------------------------------------------
-----------------------
Epoch 32/100
Training statistic: Loss: 0.3088, train_score: {'accuracy': 0.8916181032356874, 'balanced_accuracy': 0.8928049705760502, 'f1_macro': 0.8939497075941105, 'f1_micro': 0.8916181032356874, 'f1_weighted': 0.8917390954947018, 'precision_macro': 0.8953784737645458, 'precision_micro': 0.8916181032356874, 'precision_weighted': 0.8921176793891299, 'recall_macro': 0.8928049705760502, 'recall_micro': 0.8916181032356874, 'recall_weighted': 0.8916181032356874}
Validation statistic: Loss: 0.1305, dev_score: {'accuracy': 0.9588927565058843, 'balanced_accuracy': 0.9578836902921621, 'f1_macro': 0.9583252952406746, 'f1_micro': 0.9588927565058843, 'f1_weighted': 0.9588082879305587, 'precision_macro': 0.9593171490270347, 'precision_micro': 0.9588927565058843, 'precision_weighted': 0.9592605655611214, 'recall_macro': 0.9578836902921621, 'recall_micro': 0.9588927565058843, 'recall_weighted': 0.9588927565058843}
Saving model...
Model saved!
-------------------------------------------
-----------------------
Epoch 33/100
Training statistic: Loss: 0.3058, train_score: {'accuracy': 0.893389749114177, 'balanced_accuracy': 0.8926078334266695, 'f1_macro': 0.8954181661289814, 'f1_micro': 0.893389749114177, 'f1_weighted': 0.8933403472644225, 'precision_macro': 0.8986428134787108, 'precision_micro': 0.893389749114177, 'precision_weighted': 0.8935981635236251, 'recall_macro': 0.8926078334266695, 'recall_micro': 0.893389749114177, 'recall_weighted': 0.893389749114177}
Validation statistic: Loss: 0.1302, dev_score: {'accuracy': 0.9597215315763302, 'balanced_accuracy': 0.9588590024729065, 'f1_macro': 0.9592046405530527, 'f1_micro': 0.9597215315763302, 'f1_weighted': 0.9596217359144925, 'precision_macro': 0.9600670213758326, 'precision_micro': 0.9597215315763302, 'precision_weighted': 0.9600267832659825, 'recall_macro': 0.9588590024729065, 'recall_micro': 0.9597215315763302, 'recall_weighted': 0.9597215315763302}
Saving model...
Model saved!
-------------------------------------------
-----------------------
Epoch 34/100
Training statistic: Loss: 0.3053, train_score: {'accuracy': 0.8939997663763677, 'balanced_accuracy': 0.8934623508901609, 'f1_macro': 0.8960307400402746, 'f1_micro': 0.8939997663763677, 'f1_weighted': 0.8939256740273589, 'precision_macro': 0.8989338533929592, 'precision_micro': 0.8939997663763677, 'precision_weighted': 0.8941440427071079, 'recall_macro': 0.8934623508901609, 'recall_micro': 0.8939997663763677, 'recall_weighted': 0.8939997663763677}
Validation statistic: Loss: 0.1338, dev_score: {'accuracy': 0.9597215315763302, 'balanced_accuracy': 0.9589036955704577, 'f1_macro': 0.9591907246033948, 'f1_micro': 0.9597215315763302, 'f1_weighted': 0.9596467731969104, 'precision_macro': 0.9599447082922079, 'precision_micro': 0.9597215315763302, 'precision_weighted': 0.9600262253946289, 'recall_macro': 0.9589036955704577, 'recall_micro': 0.9597215315763302, 'recall_weighted': 0.9597215315763302}
-----------------------
Epoch 35/100
Training statistic: Loss: 0.3042, train_score: {'accuracy': 0.8952003322647215, 'balanced_accuracy': 0.8953340983400639, 'f1_macro': 0.8973879414652652, 'f1_micro': 0.8952003322647215, 'f1_weighted': 0.8951212450985295, 'precision_macro': 0.8999648776300189, 'precision_micro': 0.8952003322647215, 'precision_weighted': 0.8954849352450451, 'recall_macro': 0.8953340983400639, 'recall_micro': 0.8952003322647215, 'recall_weighted': 0.8952003322647215}
Validation statistic: Loss: 0.1329, dev_score: {'accuracy': 0.9597215315763302, 'balanced_accuracy': 0.9585527497698774, 'f1_macro': 0.9591030929450499, 'f1_micro': 0.9597215315763302, 'f1_weighted': 0.9595804220819616, 'precision_macro': 0.9600724018463286, 'precision_micro': 0.9597215315763302, 'precision_weighted': 0.9598576431383528, 'recall_macro': 0.9585527497698774, 'recall_micro': 0.9597215315763302, 'recall_weighted': 0.9597215315763302}
-----------------------
Epoch 36/100
Training statistic: Loss: 0.2959, train_score: {'accuracy': 0.8966864381481433, 'balanced_accuracy': 0.895346520253111, 'f1_macro': 0.898617531621108, 'f1_micro': 0.8966864381481433, 'f1_weighted': 0.8966548811427655, 'precision_macro': 0.9023565322494198, 'precision_micro': 0.8966864381481433, 'precision_weighted': 0.8970044564602467, 'recall_macro': 0.895346520253111, 'recall_micro': 0.8966864381481433, 'recall_weighted': 0.8966864381481433}
Validation statistic: Loss: 0.1303, dev_score: {'accuracy': 0.9602187966185977, 'balanced_accuracy': 0.9592534796200056, 'f1_macro': 0.9596712404768262, 'f1_micro': 0.9602187966185977, 'f1_weighted': 0.9601425329650082, 'precision_macro': 0.9604065830158618, 'precision_micro': 0.9602187966185977, 'precision_weighted': 0.9603764174270711, 'recall_macro': 0.9592534796200056, 'recall_micro': 0.9602187966185977, 'recall_weighted': 0.9602187966185977}
-----------------------
Epoch 37/100
Training statistic: Loss: 0.2920, train_score: {'accuracy': 0.8984321258452633, 'balanced_accuracy': 0.8983698008229212, 'f1_macro': 0.9002880896226753, 'f1_micro': 0.8984321258452633, 'f1_weighted': 0.898431265258572, 'precision_macro': 0.9024676015711736, 'precision_micro': 0.8984321258452633, 'precision_weighted': 0.8986159933911326, 'recall_macro': 0.8983698008229212, 'recall_micro': 0.8984321258452633, 'recall_weighted': 0.8984321258452633}
Validation statistic: Loss: 0.1310, dev_score: {'accuracy': 0.9615448367313111, 'balanced_accuracy': 0.9605986036283006, 'f1_macro': 0.9609590171172723, 'f1_micro': 0.9615448367313111, 'f1_weighted': 0.9614494847150542, 'precision_macro': 0.9617062602060102, 'precision_micro': 0.9615448367313111, 'precision_weighted': 0.9617352150353387, 'recall_macro': 0.9605986036283006, 'recall_micro': 0.9615448367313111, 'recall_weighted': 0.9615448367313111}
-----------------------
Epoch 38/100
Training statistic: Loss: 0.2887, train_score: {'accuracy': 0.900333562630602, 'balanced_accuracy': 0.9007346526926934, 'f1_macro': 0.9023477033969417, 'f1_micro': 0.900333562630602, 'f1_weighted': 0.9004313926152442, 'precision_macro': 0.904197259778695, 'precision_micro': 0.900333562630602, 'precision_weighted': 0.9007385897124005, 'recall_macro': 0.9007346526926934, 'recall_micro': 0.900333562630602, 'recall_weighted': 0.900333562630602}
Validation statistic: Loss: 0.1317, dev_score: {'accuracy': 0.9598872865904193, 'balanced_accuracy': 0.9590063886459357, 'f1_macro': 0.9593345804520597, 'f1_micro': 0.9598872865904193, 'f1_weighted': 0.95978740195279, 'precision_macro': 0.9600603510603163, 'precision_micro': 0.9598872865904193, 'precision_weighted': 0.9600797850859616, 'recall_macro': 0.9590063886459357, 'recall_micro': 0.9598872865904193, 'recall_weighted': 0.9598872865904193}
-----------------------
Epoch 39/100
Training statistic: Loss: 0.2854, train_score: {'accuracy': 0.9009695380741626, 'balanced_accuracy': 0.9013020437750434, 'f1_macro': 0.9027457938141087, 'f1_micro': 0.9009695380741626, 'f1_weighted': 0.9009183873804184, 'precision_macro': 0.904510958821305, 'precision_micro': 0.9009695380741626, 'precision_weighted': 0.9010928534723902, 'recall_macro': 0.9013020437750434, 'recall_micro': 0.9009695380741626, 'recall_weighted': 0.9009695380741626}
Validation statistic: Loss: 0.1307, dev_score: {'accuracy': 0.9610475716890436, 'balanced_accuracy': 0.9600479512861086, 'f1_macro': 0.960413898839473, 'f1_micro': 0.9610475716890436, 'f1_weighted': 0.960928177335263, 'precision_macro': 0.9611792277233284, 'precision_micro': 0.9610475716890436, 'precision_weighted': 0.9612088682684132, 'recall_macro': 0.9600479512861086, 'recall_micro': 0.9610475716890436, 'recall_weighted': 0.9610475716890436}
-----------------------
Epoch 40/100
Training statistic: Loss: 0.2843, train_score: {'accuracy': 0.9022155307799136, 'balanced_accuracy': 0.9025929925355433, 'f1_macro': 0.9040592430279106, 'f1_micro': 0.9022155307799136, 'f1_weighted': 0.9021409717671549, 'precision_macro': 0.9058410832947248, 'precision_micro': 0.9022155307799136, 'precision_weighted': 0.9023250106962503, 'recall_macro': 0.9025929925355433, 'recall_micro': 0.9022155307799136, 'recall_weighted': 0.9022155307799136}
Validation statistic: Loss: 0.1300, dev_score: {'accuracy': 0.9593900215481518, 'balanced_accuracy': 0.958473182412739, 'f1_macro': 0.9588141532480894, 'f1_micro': 0.9593900215481518, 'f1_weighted': 0.9592730330642147, 'precision_macro': 0.9597499620628428, 'precision_micro': 0.9593900215481518, 'precision_weighted': 0.9597434699383375, 'recall_macro': 0.958473182412739, 'recall_micro': 0.9593900215481518, 'recall_weighted': 0.9593900215481518}
Saving model...
Model saved!
-------------------------------------------
-----------------------
Epoch 41/100
Training statistic: Loss: 0.2837, train_score: {'accuracy': 0.9027736316793645, 'balanced_accuracy': 0.9034622281061683, 'f1_macro': 0.9048095576261386, 'f1_micro': 0.9027736316793645, 'f1_weighted': 0.9028119867680151, 'precision_macro': 0.9062870973800358, 'precision_micro': 0.9027736316793645, 'precision_weighted': 0.9029642591602578, 'recall_macro': 0.9034622281061683, 'recall_micro': 0.9027736316793645, 'recall_weighted': 0.9027736316793645}
Validation statistic: Loss: 0.1328, dev_score: {'accuracy': 0.9612133267031328, 'balanced_accuracy': 0.9604165945252594, 'f1_macro': 0.9607152905542226, 'f1_micro': 0.9612133267031328, 'f1_weighted': 0.9611204187067096, 'precision_macro': 0.9615311453865664, 'precision_micro': 0.9612133267031328, 'precision_weighted': 0.9615328378390176, 'recall_macro': 0.9604165945252594, 'recall_micro': 0.9612133267031328, 'recall_weighted': 0.9612133267031328}
-----------------------
Epoch 42/100
Training statistic: Loss: 0.2771, train_score: {'accuracy': 0.9056874375381261, 'balanced_accuracy': 0.9052977487373255, 'f1_macro': 0.9076298362781902, 'f1_micro': 0.9056874375381261, 'f1_weighted': 0.9057900111722345, 'precision_macro': 0.9102364044094668, 'precision_micro': 0.9056874375381261, 'precision_weighted': 0.9061103311422212, 'recall_macro': 0.9052977487373255, 'recall_micro': 0.9056874375381261, 'recall_weighted': 0.9056874375381261}
Validation statistic: Loss: 0.1302, dev_score: {'accuracy': 0.9615448367313111, 'balanced_accuracy': 0.9605549600489439, 'f1_macro': 0.9609301162372148, 'f1_micro': 0.9615448367313111, 'f1_weighted': 0.9615030543430624, 'precision_macro': 0.9616632930711866, 'precision_micro': 0.9615448367313111, 'precision_weighted': 0.9618073919040149, 'recall_macro': 0.9605549600489439, 'recall_micro': 0.9615448367313111, 'recall_weighted': 0.9615448367313111}
-----------------------
Epoch 43/100
Training statistic: Loss: 0.2805, train_score: {'accuracy': 0.9042078212000467, 'balanced_accuracy': 0.9044077583508112, 'f1_macro': 0.9061411491196811, 'f1_micro': 0.9042078212000467, 'f1_weighted': 0.904342900822366, 'precision_macro': 0.9081666609165499, 'precision_micro': 0.9042078212000467, 'precision_weighted': 0.9047430458209288, 'recall_macro': 0.9044077583508112, 'recall_micro': 0.9042078212000467, 'recall_weighted': 0.9042078212000467}
Validation statistic: Loss: 0.1339, dev_score: {'accuracy': 0.9605503066467761, 'balanced_accuracy': 0.9596479031260408, 'f1_macro': 0.9600886926183255, 'f1_micro': 0.9605503066467761, 'f1_weighted': 0.9604803698252143, 'precision_macro': 0.9610758509447181, 'precision_micro': 0.9605503066467761, 'precision_weighted': 0.9609425591042791, 'recall_macro': 0.9596479031260408, 'recall_micro': 0.9605503066467761, 'recall_weighted': 0.9605503066467761}
-----------------------
Epoch 44/100
Training statistic: Loss: 0.2733, train_score: {'accuracy': 0.9076278115955196, 'balanced_accuracy': 0.9082103045800922, 'f1_macro': 0.9094676095871307, 'f1_micro': 0.9076278115955196, 'f1_weighted': 0.9075774224600309, 'precision_macro': 0.91091794193742, 'precision_micro': 0.9076278115955196, 'precision_weighted': 0.9076943139649668, 'recall_macro': 0.9082103045800922, 'recall_micro': 0.9076278115955196, 'recall_weighted': 0.9076278115955196}
Validation statistic: Loss: 0.1340, dev_score: {'accuracy': 0.9602187966185977, 'balanced_accuracy': 0.9590796506748479, 'f1_macro': 0.9596201270534841, 'f1_micro': 0.9602187966185977, 'f1_weighted': 0.960150888048235, 'precision_macro': 0.9608485662695608, 'precision_micro': 0.9602187966185977, 'precision_weighted': 0.9607540490778013, 'recall_macro': 0.9590796506748479, 'recall_micro': 0.9602187966185977, 'recall_weighted': 0.9602187966185977}
-----------------------
Epoch 45/100
Training statistic: Loss: 0.2694, train_score: {'accuracy': 0.9077316443209988, 'balanced_accuracy': 0.9083259183086515, 'f1_macro': 0.9095481096728293, 'f1_micro': 0.9077316443209988, 'f1_weighted': 0.907747456400175, 'precision_macro': 0.9110050949103803, 'precision_micro': 0.9077316443209988, 'precision_weighted': 0.9079741319019762, 'recall_macro': 0.9083259183086515, 'recall_micro': 0.9077316443209988, 'recall_weighted': 0.9077316443209988}
Validation statistic: Loss: 0.1304, dev_score: {'accuracy': 0.9597215315763302, 'balanced_accuracy': 0.9586259247323257, 'f1_macro': 0.9590802293238159, 'f1_micro': 0.9597215315763302, 'f1_weighted': 0.9595815004789425, 'precision_macro': 0.9602258614769458, 'precision_micro': 0.9597215315763302, 'precision_weighted': 0.960118719754444, 'recall_macro': 0.9586259247323257, 'recall_micro': 0.9597215315763302, 'recall_weighted': 0.9597215315763302}
-----------------------
Epoch 46/100
Training statistic: Loss: 0.2715, train_score: {'accuracy': 0.9080691006788064, 'balanced_accuracy': 0.9074356421144192, 'f1_macro': 0.9097579368053692, 'f1_micro': 0.9080691006788064, 'f1_weighted': 0.9080347000359039, 'precision_macro': 0.9123190104899432, 'precision_micro': 0.9080691006788064, 'precision_weighted': 0.9082365251259772, 'recall_macro': 0.9074356421144192, 'recall_micro': 0.9080691006788064, 'recall_weighted': 0.9080691006788064}
Validation statistic: Loss: 0.1275, dev_score: {'accuracy': 0.962373611801757, 'balanced_accuracy': 0.9614670466823204, 'f1_macro': 0.9618220859484155, 'f1_micro': 0.962373611801757, 'f1_weighted': 0.9622698276232067, 'precision_macro': 0.962593016873712, 'precision_micro': 0.962373611801757, 'precision_weighted': 0.9625740737987282, 'recall_macro': 0.9614670466823204, 'recall_micro': 0.962373611801757, 'recall_weighted': 0.962373611801757}
Saving model...
Model saved!
-------------------------------------------
-----------------------
Epoch 47/100
Training statistic: Loss: 0.2703, train_score: {'accuracy': 0.9082183602216829, 'balanced_accuracy': 0.9075072681851764, 'f1_macro': 0.9098217449609368, 'f1_micro': 0.9082183602216829, 'f1_weighted': 0.908305072964825, 'precision_macro': 0.9124456469155519, 'precision_micro': 0.9082183602216829, 'precision_weighted': 0.9086330230657084, 'recall_macro': 0.9075072681851764, 'recall_micro': 0.9082183602216829, 'recall_weighted': 0.9082183602216829}
Validation statistic: Loss: 0.1305, dev_score: {'accuracy': 0.962373611801757, 'balanced_accuracy': 0.96147755578297, 'f1_macro': 0.9618696556887162, 'f1_micro': 0.962373611801757, 'f1_weighted': 0.9623043919501789, 'precision_macro': 0.962762007961431, 'precision_micro': 0.962373611801757, 'precision_weighted': 0.9627236365171308, 'recall_macro': 0.96147755578297, 'recall_micro': 0.962373611801757, 'recall_weighted': 0.962373611801757}
-----------------------
Epoch 48/100
Training statistic: Loss: 0.2620, train_score: {'accuracy': 0.9119758069749634, 'balanced_accuracy': 0.9114820130288119, 'f1_macro': 0.9134907067496192, 'f1_micro': 0.9119758069749634, 'f1_weighted': 0.911932359813229, 'precision_macro': 0.915881549281595, 'precision_micro': 0.9119758069749634, 'precision_weighted': 0.9121786127354152, 'recall_macro': 0.9114820130288119, 'recall_micro': 0.9119758069749634, 'recall_weighted': 0.9119758069749634}
Validation statistic: Loss: 0.1258, dev_score: {'accuracy': 0.9632023868722028, 'balanced_accuracy': 0.9623569135555219, 'f1_macro': 0.9627637435635712, 'f1_micro': 0.9632023868722028, 'f1_weighted': 0.9631202797386227, 'precision_macro': 0.9636834732819729, 'precision_micro': 0.9632023868722028, 'precision_weighted': 0.9635451460814608, 'recall_macro': 0.9623569135555219, 'recall_micro': 0.9632023868722028, 'recall_weighted': 0.9632023868722028}
Saving model...
Model saved!
-------------------------------------------
-----------------------
Epoch 49/100
Training statistic: Loss: 0.2629, train_score: {'accuracy': 0.9117292042519501, 'balanced_accuracy': 0.9116305736324914, 'f1_macro': 0.9136303260956303, 'f1_micro': 0.9117292042519501, 'f1_weighted': 0.911868923726879, 'precision_macro': 0.9160259256721932, 'precision_micro': 0.9117292042519501, 'precision_weighted': 0.9123388856403656, 'recall_macro': 0.9116305736324914, 'recall_micro': 0.9117292042519501, 'recall_weighted': 0.9117292042519501}
Validation statistic: Loss: 0.1235, dev_score: {'accuracy': 0.9640311619426488, 'balanced_accuracy': 0.9631107684387722, 'f1_macro': 0.9636012911689809, 'f1_micro': 0.9640311619426488, 'f1_weighted': 0.9639783847450307, 'precision_macro': 0.9645154056252689, 'precision_micro': 0.9640311619426488, 'precision_weighted': 0.9643389942130141, 'recall_macro': 0.9631107684387722, 'recall_micro': 0.9640311619426488, 'recall_weighted': 0.9640311619426488}
Saving model...
Model saved!
-------------------------------------------
-----------------------
Epoch 50/100
Training statistic: Loss: 0.2597, train_score: {'accuracy': 0.9120017651563331, 'balanced_accuracy': 0.9115417524626759, 'f1_macro': 0.9137679003524705, 'f1_micro': 0.9120017651563331, 'f1_weighted': 0.9119961439155869, 'precision_macro': 0.9162705877741862, 'precision_micro': 0.9120017651563331, 'precision_weighted': 0.9122063567566542, 'recall_macro': 0.9115417524626759, 'recall_micro': 0.9120017651563331, 'recall_weighted': 0.9120017651563331}
Validation statistic: Loss: 0.1275, dev_score: {'accuracy': 0.9605503066467761, 'balanced_accuracy': 0.9595683951209905, 'f1_macro': 0.9601201445889874, 'f1_micro': 0.9605503066467761, 'f1_weighted': 0.9604687895333148, 'precision_macro': 0.9612029257741128, 'precision_micro': 0.9605503066467761, 'precision_weighted': 0.9609095007445178, 'recall_macro': 0.9595683951209905, 'recall_micro': 0.9605503066467761, 'recall_weighted': 0.9605503066467761}
-----------------------
Epoch 51/100
Training statistic: Loss: 0.2595, train_score: {'accuracy': 0.9142276792087947, 'balanced_accuracy': 0.9145473300163701, 'f1_macro': 0.915914397736036, 'f1_micro': 0.9142276792087947, 'f1_weighted': 0.9141863002034065, 'precision_macro': 0.9175145227103533, 'precision_micro': 0.9142276792087947, 'precision_weighted': 0.9143536004071331, 'recall_macro': 0.9145473300163701, 'recall_micro': 0.9142276792087947, 'recall_weighted': 0.9142276792087947}
Validation statistic: Loss: 0.1202, dev_score: {'accuracy': 0.9630366318581137, 'balanced_accuracy': 0.9620727807632485, 'f1_macro': 0.962479526864931, 'f1_micro': 0.9630366318581137, 'f1_weighted': 0.9630112706173962, 'precision_macro': 0.963448904567034, 'precision_micro': 0.9630366318581137, 'precision_weighted': 0.9635321694527731, 'recall_macro': 0.9620727807632485, 'recall_micro': 0.9630366318581137, 'recall_weighted': 0.9630366318581137}
Saving model...
Model saved!
-------------------------------------------
-----------------------
Epoch 52/100
Training statistic: Loss: 0.2510, train_score: {'accuracy': 0.9164795514426259, 'balanced_accuracy': 0.9157490234074042, 'f1_macro': 0.9179183092832288, 'f1_micro': 0.9164795514426259, 'f1_weighted': 0.9164463711595456, 'precision_macro': 0.9204095139934199, 'precision_micro': 0.9164795514426259, 'precision_weighted': 0.9166789478092453, 'recall_macro': 0.9157490234074042, 'recall_micro': 0.9164795514426259, 'recall_weighted': 0.9164795514426259}
Validation statistic: Loss: 0.1192, dev_score: {'accuracy': 0.9635338969003813, 'balanced_accuracy': 0.9626619971891136, 'f1_macro': 0.9629673823124284, 'f1_micro': 0.9635338969003813, 'f1_weighted': 0.963464928633755, 'precision_macro': 0.9637281664175189, 'precision_micro': 0.9635338969003813, 'precision_weighted': 0.963841319796146, 'recall_macro': 0.9626619971891136, 'recall_micro': 0.9635338969003813, 'recall_weighted': 0.9635338969003813}
Saving model...
Model saved!
-------------------------------------------
-----------------------
Epoch 53/100
Training statistic: Loss: 0.2540, train_score: {'accuracy': 0.9150388723766013, 'balanced_accuracy': 0.9156190838478173, 'f1_macro': 0.916866874868384, 'f1_micro': 0.9150388723766013, 'f1_weighted': 0.9151204212190709, 'precision_macro': 0.9183879535927083, 'precision_micro': 0.9150388723766013, 'precision_weighted': 0.9154285372122907, 'recall_macro': 0.9156190838478173, 'recall_micro': 0.9150388723766013, 'recall_weighted': 0.9150388723766013}
Validation statistic: Loss: 0.1207, dev_score: {'accuracy': 0.9625393668158462, 'balanced_accuracy': 0.9615970179711043, 'f1_macro': 0.9619376517294796, 'f1_micro': 0.9625393668158462, 'f1_weighted': 0.962495433388902, 'precision_macro': 0.962716905196053, 'precision_micro': 0.9625393668158462, 'precision_weighted': 0.9628784168716088, 'recall_macro': 0.9615970179711043, 'recall_micro': 0.9625393668158462, 'recall_weighted': 0.9625393668158462}
-----------------------
Epoch 54/100
Training statistic: Loss: 0.2523, train_score: {'accuracy': 0.9175633055148157, 'balanced_accuracy': 0.9174302914332444, 'f1_macro': 0.9192459198848324, 'f1_micro': 0.9175633055148157, 'f1_weighted': 0.9175634846712525, 'precision_macro': 0.9213412916988958, 'precision_micro': 0.9175633055148157, 'precision_weighted': 0.9178161076403755, 'recall_macro': 0.9174302914332444, 'recall_micro': 0.9175633055148157, 'recall_weighted': 0.9175633055148157}
Validation statistic: Loss: 0.1223, dev_score: {'accuracy': 0.9638654069285596, 'balanced_accuracy': 0.9630074633812562, 'f1_macro': 0.9633781640436718, 'f1_micro': 0.9638654069285596, 'f1_weighted': 0.9638356964268632, 'precision_macro': 0.9641203108760215, 'precision_micro': 0.9638654069285596, 'precision_weighted': 0.9641679278719494, 'recall_macro': 0.9630074633812562, 'recall_micro': 0.9638654069285596, 'recall_weighted': 0.9638654069285596}
-----------------------
Epoch 55/100
Training statistic: Loss: 0.2469, train_score: {'accuracy': 0.9184264150453619, 'balanced_accuracy': 0.9176660023869954, 'f1_macro': 0.9199623642441713, 'f1_micro': 0.9184264150453619, 'f1_weighted': 0.9183524656521063, 'precision_macro': 0.9225505662978059, 'precision_micro': 0.9184264150453619, 'precision_weighted': 0.9185305950590659, 'recall_macro': 0.9176660023869954, 'recall_micro': 0.9184264150453619, 'recall_weighted': 0.9184264150453619}
Validation statistic: Loss: 0.1217, dev_score: {'accuracy': 0.9645284269849163, 'balanced_accuracy': 0.9637434059533536, 'f1_macro': 0.9639852057189782, 'f1_micro': 0.9645284269849163, 'f1_weighted': 0.9644569682282224, 'precision_macro': 0.9646377236195158, 'precision_micro': 0.9645284269849163, 'precision_weighted': 0.9647867682322708, 'recall_macro': 0.9637434059533536, 'recall_micro': 0.9645284269849163, 'recall_weighted': 0.9645284269849163}
-----------------------
Epoch 56/100
Training statistic: Loss: 0.2488, train_score: {'accuracy': 0.918828766856594, 'balanced_accuracy': 0.9192242909252345, 'f1_macro': 0.9204921280362776, 'f1_micro': 0.918828766856594, 'f1_weighted': 0.9189726455989589, 'precision_macro': 0.9219974047869487, 'precision_micro': 0.918828766856594, 'precision_weighted': 0.9193350798747851, 'recall_macro': 0.9192242909252345, 'recall_micro': 0.918828766856594, 'recall_weighted': 0.918828766856594}
Validation statistic: Loss: 0.1234, dev_score: {'accuracy': 0.9628708768440245, 'balanced_accuracy': 0.9620309536851943, 'f1_macro': 0.9624117163439344, 'f1_micro': 0.9628708768440245, 'f1_weighted': 0.9628391983859655, 'precision_macro': 0.963329571589156, 'precision_micro': 0.9628708768440245, 'precision_weighted': 0.9633309845654289, 'recall_macro': 0.9620309536851943, 'recall_micro': 0.9628708768440245, 'recall_weighted': 0.9628708768440245}
-----------------------
Epoch 57/100
Training statistic: Loss: 0.2456, train_score: {'accuracy': 0.9188677041286487, 'balanced_accuracy': 0.9185312539555671, 'f1_macro': 0.9203843100114186, 'f1_micro': 0.9188677041286487, 'f1_weighted': 0.9189580725048426, 'precision_macro': 0.9224984865689695, 'precision_micro': 0.9188677041286487, 'precision_weighted': 0.919287817544091, 'recall_macro': 0.9185312539555671, 'recall_micro': 0.9188677041286487, 'recall_weighted': 0.9188677041286487}
Validation statistic: Loss: 0.1227, dev_score: {'accuracy': 0.9636996519144704, 'balanced_accuracy': 0.9629775041727202, 'f1_macro': 0.9632487971612349, 'f1_micro': 0.9636996519144704, 'f1_weighted': 0.9636549877196259, 'precision_macro': 0.9639025488808878, 'precision_micro': 0.9636996519144704, 'precision_weighted': 0.9639853752868897, 'recall_macro': 0.9629775041727202, 'recall_micro': 0.9636996519144704, 'recall_weighted': 0.9636996519144704}
-----------------------
Epoch 58/100
Training statistic: Loss: 0.2429, train_score: {'accuracy': 0.9199255000194686, 'balanced_accuracy': 0.9184466761964554, 'f1_macro': 0.9211590886929597, 'f1_micro': 0.9199255000194686, 'f1_weighted': 0.9198907017012331, 'precision_macro': 0.9241108451527005, 'precision_micro': 0.9199255000194686, 'precision_weighted': 0.9200354922045029, 'recall_macro': 0.9184466761964554, 'recall_micro': 0.9199255000194686, 'recall_weighted': 0.9199255000194686}
Validation statistic: Loss: 0.1219, dev_score: {'accuracy': 0.963368141886292, 'balanced_accuracy': 0.96262950783166, 'f1_macro': 0.9630084432440723, 'f1_micro': 0.963368141886292, 'f1_weighted': 0.9633336517479146, 'precision_macro': 0.9638721651951169, 'precision_micro': 0.963368141886292, 'precision_weighted': 0.9637726677335138, 'recall_macro': 0.96262950783166, 'recall_micro': 0.963368141886292, 'recall_weighted': 0.963368141886292}
-----------------------
Epoch 59/100
Training statistic: Loss: 0.2387, train_score: {'accuracy': 0.9223136527054915, 'balanced_accuracy': 0.9216335701344587, 'f1_macro': 0.923751948488885, 'f1_micro': 0.9223136527054915, 'f1_weighted': 0.9223778257620632, 'precision_macro': 0.9261968281261437, 'precision_micro': 0.9223136527054915, 'precision_weighted': 0.9227860230538828, 'recall_macro': 0.9216335701344587, 'recall_micro': 0.9223136527054915, 'recall_weighted': 0.9223136527054915}
Validation statistic: Loss: 0.1169, dev_score: {'accuracy': 0.9636996519144704, 'balanced_accuracy': 0.9628642099401562, 'f1_macro': 0.9632083260426747, 'f1_micro': 0.9636996519144704, 'f1_weighted': 0.9636487502032208, 'precision_macro': 0.9640130151737898, 'precision_micro': 0.9636996519144704, 'precision_weighted': 0.9640556093512153, 'recall_macro': 0.9628642099401562, 'recall_micro': 0.9636996519144704, 'recall_weighted': 0.9636996519144704}
Saving model...
Model saved!
-------------------------------------------
-----------------------
Epoch 60/100
Training statistic: Loss: 0.2397, train_score: {'accuracy': 0.9224109958856282, 'balanced_accuracy': 0.9235277590587501, 'f1_macro': 0.9238817718161296, 'f1_micro': 0.9224109958856282, 'f1_weighted': 0.9224702280012571, 'precision_macro': 0.9244297772360941, 'precision_micro': 0.9224109958856282, 'precision_weighted': 0.9227015792832073, 'recall_macro': 0.9235277590587501, 'recall_micro': 0.9224109958856282, 'recall_weighted': 0.9224109958856282}
Validation statistic: Loss: 0.1203, dev_score: {'accuracy': 0.9625393668158462, 'balanced_accuracy': 0.9617425534869272, 'f1_macro': 0.9621308017487152, 'f1_micro': 0.9625393668158462, 'f1_weighted': 0.9624634603694624, 'precision_macro': 0.9631208510165432, 'precision_micro': 0.9625393668158462, 'precision_weighted': 0.962978824637156, 'recall_macro': 0.9617425534869272, 'recall_micro': 0.9625393668158462, 'recall_weighted': 0.9625393668158462}
-----------------------
Epoch 61/100
Training statistic: Loss: 0.2354, train_score: {'accuracy': 0.9236829467727491, 'balanced_accuracy': 0.9227621105891775, 'f1_macro': 0.9251839125257023, 'f1_micro': 0.9236829467727491, 'f1_weighted': 0.9237281123808574, 'precision_macro': 0.9281228976143291, 'precision_micro': 0.9236829467727491, 'precision_weighted': 0.9242526955679682, 'recall_macro': 0.9227621105891775, 'recall_micro': 0.9236829467727491, 'recall_weighted': 0.9236829467727491}
Validation statistic: Loss: 0.1117, dev_score: {'accuracy': 0.9666832421680756, 'balanced_accuracy': 0.9659764038341088, 'f1_macro': 0.9662356700817458, 'f1_micro': 0.9666832421680756, 'f1_weighted': 0.9666389113861377, 'precision_macro': 0.9667137792855307, 'precision_micro': 0.9666832421680756, 'precision_weighted': 0.9668106695515166, 'recall_macro': 0.9659764038341088, 'recall_micro': 0.9666832421680756, 'recall_weighted': 0.9666832421680756}
Saving model...
Model saved!
-------------------------------------------
-----------------------
Epoch 62/100
Training statistic: Loss: 0.2343, train_score: {'accuracy': 0.9246888263008294, 'balanced_accuracy': 0.9250832651898673, 'f1_macro': 0.9259724951078508, 'f1_micro': 0.9246888263008294, 'f1_weighted': 0.9247618183571953, 'precision_macro': 0.9270548891474097, 'precision_micro': 0.9246888263008294, 'precision_weighted': 0.9250010241820278, 'recall_macro': 0.9250832651898673, 'recall_micro': 0.9246888263008294, 'recall_weighted': 0.9246888263008294}
Validation statistic: Loss: 0.1197, dev_score: {'accuracy': 0.9636996519144704, 'balanced_accuracy': 0.9628725687372975, 'f1_macro': 0.9632983468807066, 'f1_micro': 0.9636996519144704, 'f1_weighted': 0.9636584517966961, 'precision_macro': 0.9641109313273997, 'precision_micro': 0.9636996519144704, 'precision_weighted': 0.9639969085995073, 'recall_macro': 0.9628725687372975, 'recall_micro': 0.9636996519144704, 'recall_weighted': 0.9636996519144704}
-----------------------
Epoch 63/100
Training statistic: Loss: 0.2355, train_score: {'accuracy': 0.9245525458486379, 'balanced_accuracy': 0.9248743790101193, 'f1_macro': 0.9257216954681965, 'f1_micro': 0.9245525458486379, 'f1_weighted': 0.9245872713921857, 'precision_macro': 0.9269042009927542, 'precision_micro': 0.9245525458486379, 'precision_weighted': 0.9249201741246794, 'recall_macro': 0.9248743790101193, 'recall_micro': 0.9245525458486379, 'recall_weighted': 0.9245525458486379}
Validation statistic: Loss: 0.1196, dev_score: {'accuracy': 0.9643626719708271, 'balanced_accuracy': 0.9635141280776995, 'f1_macro': 0.9639020013734634, 'f1_micro': 0.9643626719708271, 'f1_weighted': 0.9642883630207422, 'precision_macro': 0.9647225762758888, 'precision_micro': 0.9643626719708271, 'precision_weighted': 0.9646404071202331, 'recall_macro': 0.9635141280776995, 'recall_micro': 0.9643626719708271, 'recall_weighted': 0.9643626719708271}
-----------------------
Epoch 64/100
Training statistic: Loss: 0.2309, train_score: {'accuracy': 0.9263566394538398, 'balanced_accuracy': 0.9255465801638207, 'f1_macro': 0.9277514172146549, 'f1_micro': 0.9263566394538398, 'f1_weighted': 0.9263632740611194, 'precision_macro': 0.9303308407186819, 'precision_micro': 0.9263566394538398, 'precision_weighted': 0.9266930201004149, 'recall_macro': 0.9255465801638207, 'recall_micro': 0.9263566394538398, 'recall_weighted': 0.9263566394538398}
Validation statistic: Loss: 0.1165, dev_score: {'accuracy': 0.9660202221117189, 'balanced_accuracy': 0.9652866791446775, 'f1_macro': 0.9656005753367243, 'f1_micro': 0.9660202221117189, 'f1_weighted': 0.9659695742117045, 'precision_macro': 0.9661994442577285, 'precision_micro': 0.9660202221117189, 'precision_weighted': 0.9662017960358733, 'recall_macro': 0.9652866791446775, 'recall_micro': 0.9660202221117189, 'recall_weighted': 0.9660202221117189}
-----------------------
Epoch 65/100
Training statistic: Loss: 0.2304, train_score: {'accuracy': 0.9258050280997313, 'balanced_accuracy': 0.9255700068321557, 'f1_macro': 0.9271188271495714, 'f1_micro': 0.9258050280997313, 'f1_weighted': 0.9259087097877073, 'precision_macro': 0.9289569073974239, 'precision_micro': 0.9258050280997313, 'precision_weighted': 0.926256479421741, 'recall_macro': 0.9255700068321557, 'recall_micro': 0.9258050280997313, 'recall_weighted': 0.9258050280997313}
Validation statistic: Loss: 0.1229, dev_score: {'accuracy': 0.9648599370130947, 'balanced_accuracy': 0.9639601153342978, 'f1_macro': 0.9643400904796776, 'f1_micro': 0.9648599370130947, 'f1_weighted': 0.9647886962625933, 'precision_macro': 0.9651060206801857, 'precision_micro': 0.9648599370130947, 'precision_weighted': 0.9650996246319864, 'recall_macro': 0.9639601153342978, 'recall_micro': 0.9648599370130947, 'recall_weighted': 0.9648599370130947}
-----------------------
Epoch 66/100
Training statistic: Loss: 0.2274, train_score: {'accuracy': 0.9276740171583578, 'balanced_accuracy': 0.9275675819856172, 'f1_macro': 0.9289645826468902, 'f1_micro': 0.9276740171583578, 'f1_weighted': 0.9276623541872444, 'precision_macro': 0.9304743517572222, 'precision_micro': 0.9276740171583578, 'precision_weighted': 0.9277451682223002, 'recall_macro': 0.9275675819856172, 'recall_micro': 0.9276740171583578, 'recall_weighted': 0.9276740171583578}
Validation statistic: Loss: 0.1201, dev_score: {'accuracy': 0.9646941819990055, 'balanced_accuracy': 0.9639236453137773, 'f1_macro': 0.9642530529015587, 'f1_micro': 0.9646941819990055, 'f1_weighted': 0.9646262441278026, 'precision_macro': 0.9649949437366561, 'precision_micro': 0.9646941819990055, 'precision_weighted': 0.9649652563062779, 'recall_macro': 0.9639236453137773, 'recall_micro': 0.9646941819990055, 'recall_weighted': 0.9646941819990055}
-----------------------
Epoch 67/100
Training statistic: Loss: 0.2268, train_score: {'accuracy': 0.9266746271756201, 'balanced_accuracy': 0.9266797937329955, 'f1_macro': 0.9282801642648769, 'f1_micro': 0.9266746271756201, 'f1_weighted': 0.9268716867845822, 'precision_macro': 0.9303727114069013, 'precision_micro': 0.9266746271756201, 'precision_weighted': 0.9275392362857401, 'recall_macro': 0.9266797937329955, 'recall_micro': 0.9266746271756201, 'recall_weighted': 0.9266746271756201}
Validation statistic: Loss: 0.1180, dev_score: {'accuracy': 0.9646941819990055, 'balanced_accuracy': 0.9638737786420251, 'f1_macro': 0.9643077842621697, 'f1_micro': 0.9646941819990055, 'f1_weighted': 0.9646444979184527, 'precision_macro': 0.9650928930810181, 'precision_micro': 0.9646941819990055, 'precision_weighted': 0.9649399488908894, 'recall_macro': 0.9638737786420251, 'recall_micro': 0.9646941819990055, 'recall_weighted': 0.9646941819990055}
-----------------------
Epoch 68/100
Training statistic: Loss: 0.2204, train_score: {'accuracy': 0.9300556802990383, 'balanced_accuracy': 0.9290625896755579, 'f1_macro': 0.9311178885824096, 'f1_micro': 0.9300556802990383, 'f1_weighted': 0.9300247336549042, 'precision_macro': 0.933396586483821, 'precision_micro': 0.9300556802990383, 'precision_weighted': 0.9301897398300574, 'recall_macro': 0.9290625896755579, 'recall_micro': 0.9300556802990383, 'recall_weighted': 0.9300556802990383}
Validation statistic: Loss: 0.1166, dev_score: {'accuracy': 0.9663517321398972, 'balanced_accuracy': 0.9655211231847061, 'f1_macro': 0.9658533536534357, 'f1_micro': 0.9663517321398972, 'f1_weighted': 0.9662912402810787, 'precision_macro': 0.9665709336135061, 'precision_micro': 0.9663517321398972, 'precision_weighted': 0.9666100762816827, 'recall_macro': 0.9655211231847061, 'recall_micro': 0.9663517321398972, 'recall_weighted': 0.9663517321398972}
-----------------------
Epoch 69/100
Training statistic: Loss: 0.2216, train_score: {'accuracy': 0.9296143912157514, 'balanced_accuracy': 0.9287414013765367, 'f1_macro': 0.9307051295867673, 'f1_micro': 0.9296143912157514, 'f1_weighted': 0.929692933595868, 'precision_macro': 0.9329253014590713, 'precision_micro': 0.9296143912157514, 'precision_weighted': 0.9299796672201037, 'recall_macro': 0.9287414013765367, 'recall_micro': 0.9296143912157514, 'recall_weighted': 0.9296143912157514}
Validation statistic: Loss: 0.1125, dev_score: {'accuracy': 0.9653572020553621, 'balanced_accuracy': 0.9645852321901002, 'f1_macro': 0.9649347319925331, 'f1_micro': 0.9653572020553621, 'f1_weighted': 0.9653194365667582, 'precision_macro': 0.9656718520520048, 'precision_micro': 0.9653572020553621, 'precision_weighted': 0.9656621967319987, 'recall_macro': 0.9645852321901002, 'recall_micro': 0.9653572020553621, 'recall_weighted': 0.9653572020553621}
-----------------------
Epoch 70/100
Training statistic: Loss: 0.2182, train_score: {'accuracy': 0.9301335548431476, 'balanced_accuracy': 0.9285912183168668, 'f1_macro': 0.931115719029377, 'f1_micro': 0.9301335548431476, 'f1_weighted': 0.9301584661665281, 'precision_macro': 0.9339656729632317, 'precision_micro': 0.9301335548431476, 'precision_weighted': 0.9304626423571012, 'recall_macro': 0.9285912183168668, 'recall_micro': 0.9301335548431476, 'recall_weighted': 0.9301335548431476}
Validation statistic: Loss: 0.1189, dev_score: {'accuracy': 0.9643626719708271, 'balanced_accuracy': 0.9635608626900053, 'f1_macro': 0.963989817285943, 'f1_micro': 0.9643626719708271, 'f1_weighted': 0.9642884676327154, 'precision_macro': 0.9647982942235436, 'precision_micro': 0.9643626719708271, 'precision_weighted': 0.9645912679812607, 'recall_macro': 0.9635608626900053, 'recall_micro': 0.9643626719708271, 'recall_weighted': 0.9643626719708271}
-----------------------
Epoch 71/100
Training statistic: Loss: 0.2211, train_score: {'accuracy': 0.9308474048308175, 'balanced_accuracy': 0.9306958129775802, 'f1_macro': 0.9320528856128776, 'f1_micro': 0.9308474048308175, 'f1_weighted': 0.9309452502463841, 'precision_macro': 0.933735782338208, 'precision_micro': 0.9308474048308175, 'precision_weighted': 0.9313469314637107, 'recall_macro': 0.9306958129775802, 'recall_micro': 0.9308474048308175, 'recall_weighted': 0.9308474048308175}
Validation statistic: Loss: 0.1186, dev_score: {'accuracy': 0.9641969169567379, 'balanced_accuracy': 0.9632556308612861, 'f1_macro': 0.9637344981065352, 'f1_micro': 0.9641969169567379, 'f1_weighted': 0.9641518129108256, 'precision_macro': 0.9645606060593863, 'precision_micro': 0.9641969169567379, 'precision_weighted': 0.9644484174792303, 'recall_macro': 0.9632556308612861, 'recall_micro': 0.9641969169567379, 'recall_weighted': 0.9641969169567379}
-----------------------
Epoch 72/100
Training statistic: Loss: 0.2199, train_score: {'accuracy': 0.9308409152854751, 'balanced_accuracy': 0.9305929513569747, 'f1_macro': 0.9321849986815145, 'f1_micro': 0.9308409152854751, 'f1_weighted': 0.9308605802687967, 'precision_macro': 0.9342308635798486, 'precision_micro': 0.9308409152854751, 'precision_weighted': 0.9313289197541711, 'recall_macro': 0.9305929513569747, 'recall_micro': 0.9308409152854751, 'recall_weighted': 0.9308409152854751}
Validation statistic: Loss: 0.1150, dev_score: {'accuracy': 0.9666832421680756, 'balanced_accuracy': 0.9659538330334329, 'f1_macro': 0.9662066688442378, 'f1_micro': 0.9666832421680756, 'f1_weighted': 0.966615756243917, 'precision_macro': 0.9666436494138816, 'precision_micro': 0.9666832421680756, 'precision_weighted': 0.9667317162386013, 'recall_macro': 0.9659538330334329, 'recall_micro': 0.9666832421680756, 'recall_weighted': 0.9666832421680756}
-----------------------
Epoch 73/100
Training statistic: Loss: 0.2132, train_score: {'accuracy': 0.9348060274897141, 'balanced_accuracy': 0.935027139146027, 'f1_macro': 0.9359368140563488, 'f1_micro': 0.9348060274897141, 'f1_weighted': 0.9348325092955914, 'precision_macro': 0.9369393229064693, 'precision_micro': 0.9348060274897141, 'precision_weighted': 0.9349363372104357, 'recall_macro': 0.935027139146027, 'recall_micro': 0.9348060274897141, 'recall_weighted': 0.9348060274897141}
Validation statistic: Loss: 0.1185, dev_score: {'accuracy': 0.9641969169567379, 'balanced_accuracy': 0.9632657997578382, 'f1_macro': 0.9637386778874415, 'f1_micro': 0.9641969169567379, 'f1_weighted': 0.9641162821726901, 'precision_macro': 0.9646598478629681, 'precision_micro': 0.9641969169567379, 'precision_weighted': 0.964479920680886, 'recall_macro': 0.9632657997578382, 'recall_micro': 0.9641969169567379, 'recall_weighted': 0.9641969169567379}
-----------------------
Epoch 74/100
Training statistic: Loss: 0.2178, train_score: {'accuracy': 0.9322231884434177, 'balanced_accuracy': 0.9315648870462219, 'f1_macro': 0.9333078025453186, 'f1_micro': 0.9322231884434177, 'f1_weighted': 0.932182261661468, 'precision_macro': 0.9352797373958234, 'precision_micro': 0.9322231884434177, 'precision_weighted': 0.9323341175829287, 'recall_macro': 0.9315648870462219, 'recall_micro': 0.9322231884434177, 'recall_weighted': 0.9322231884434177}
Validation statistic: Loss: 0.1189, dev_score: {'accuracy': 0.9646941819990055, 'balanced_accuracy': 0.9639488934029018, 'f1_macro': 0.9642433748129099, 'f1_micro': 0.9646941819990055, 'f1_weighted': 0.9646231361420083, 'precision_macro': 0.9648725438709048, 'precision_micro': 0.9646941819990055, 'precision_weighted': 0.9648814464200366, 'recall_macro': 0.9639488934029018, 'recall_micro': 0.9646941819990055, 'recall_weighted': 0.9646941819990055}
-----------------------
Epoch 75/100
Training statistic: Loss: 0.2149, train_score: {'accuracy': 0.9326969252534167, 'balanced_accuracy': 0.9320730095128713, 'f1_macro': 0.9336341481383734, 'f1_micro': 0.9326969252534167, 'f1_weighted': 0.9327636937816598, 'precision_macro': 0.935426705752892, 'precision_micro': 0.9326969252534167, 'precision_weighted': 0.933025803031598, 'recall_macro': 0.9320730095128713, 'recall_micro': 0.9326969252534167, 'recall_weighted': 0.9326969252534167}
Validation statistic: Loss: 0.1162, dev_score: {'accuracy': 0.9665174871539864, 'balanced_accuracy': 0.9657982061422175, 'f1_macro': 0.9661159300694431, 'f1_micro': 0.9665174871539864, 'f1_weighted': 0.9664620879100206, 'precision_macro': 0.9667712618453074, 'precision_micro': 0.9665174871539864, 'precision_weighted': 0.9667391814541153, 'recall_macro': 0.9657982061422175, 'recall_micro': 0.9665174871539864, 'recall_weighted': 0.9665174871539864}
-----------------------
Epoch 76/100
Training statistic: Loss: 0.2146, train_score: {'accuracy': 0.93431931158903, 'balanced_accuracy': 0.933148043030806, 'f1_macro': 0.9354090925898164, 'f1_micro': 0.93431931158903, 'f1_weighted': 0.934395816810435, 'precision_macro': 0.9379277350959692, 'precision_micro': 0.93431931158903, 'precision_weighted': 0.9346942298430111, 'recall_macro': 0.933148043030806, 'recall_micro': 0.93431931158903, 'recall_weighted': 0.93431931158903}
Validation statistic: Loss: 0.1174, dev_score: {'accuracy': 0.9666832421680756, 'balanced_accuracy': 0.9657680971854212, 'f1_macro': 0.9661437209283903, 'f1_micro': 0.9666832421680756, 'f1_weighted': 0.966642880885166, 'precision_macro': 0.9667611542332424, 'precision_micro': 0.9666832421680756, 'precision_weighted': 0.9668380146325056, 'recall_macro': 0.9657680971854212, 'recall_micro': 0.9666832421680756, 'recall_weighted': 0.9666832421680756}
-----------------------
Epoch 77/100
Training statistic: Loss: 0.2084, train_score: {'accuracy': 0.9368307656365595, 'balanced_accuracy': 0.9377878101580039, 'f1_macro': 0.9379128088375831, 'f1_micro': 0.9368307656365595, 'f1_weighted': 0.936859222688387, 'precision_macro': 0.9382074416847687, 'precision_micro': 0.9368307656365595, 'precision_weighted': 0.9370417599402809, 'recall_macro': 0.9377878101580039, 'recall_micro': 0.9368307656365595, 'recall_weighted': 0.9368307656365595}
Validation statistic: Loss: 0.1152, dev_score: {'accuracy': 0.9650256920271838, 'balanced_accuracy': 0.9641588367215608, 'f1_macro': 0.9645094627655121, 'f1_micro': 0.9650256920271838, 'f1_weighted': 0.9649424829390978, 'precision_macro': 0.965306042162301, 'precision_micro': 0.9650256920271838, 'precision_weighted': 0.9652986245269418, 'recall_macro': 0.9641588367215608, 'recall_micro': 0.9650256920271838, 'recall_weighted': 0.9650256920271838}
-----------------------
Epoch 78/100
Training statistic: Loss: 0.2098, train_score: {'accuracy': 0.9356107311121783, 'balanced_accuracy': 0.9353118077806787, 'f1_macro': 0.9366570042724739, 'f1_micro': 0.9356107311121783, 'f1_weighted': 0.9356496477627267, 'precision_macro': 0.9381853038832848, 'precision_micro': 0.9356107311121783, 'precision_weighted': 0.9358317228657211, 'recall_macro': 0.9353118077806787, 'recall_micro': 0.9356107311121783, 'recall_weighted': 0.9356107311121783}
Validation statistic: Loss: 0.1155, dev_score: {'accuracy': 0.9665174871539864, 'balanced_accuracy': 0.9657099776250198, 'f1_macro': 0.9660186661077322, 'f1_micro': 0.9665174871539864, 'f1_weighted': 0.9664704374208789, 'precision_macro': 0.9665841388424979, 'precision_micro': 0.9665174871539864, 'precision_weighted': 0.9666745976066822, 'recall_macro': 0.9657099776250198, 'recall_micro': 0.9665174871539864, 'recall_weighted': 0.9665174871539864}
-----------------------
Epoch 79/100
Training statistic: Loss: 0.2099, train_score: {'accuracy': 0.9353122120264254, 'balanced_accuracy': 0.9352945105517504, 'f1_macro': 0.9364127179619933, 'f1_micro': 0.9353122120264254, 'f1_weighted': 0.9354431628078927, 'precision_macro': 0.9378391403621539, 'precision_micro': 0.9353122120264254, 'precision_weighted': 0.9358694191470822, 'recall_macro': 0.9352945105517504, 'recall_micro': 0.9353122120264254, 'recall_weighted': 0.9353122120264254}
Validation statistic: Loss: 0.1162, dev_score: {'accuracy': 0.965191447041273, 'balanced_accuracy': 0.9642728804973236, 'f1_macro': 0.9647631030077566, 'f1_micro': 0.965191447041273, 'f1_weighted': 0.9651285597486768, 'precision_macro': 0.9656355261892001, 'precision_micro': 0.965191447041273, 'precision_weighted': 0.9654386695220767, 'recall_macro': 0.9642728804973236, 'recall_micro': 0.965191447041273, 'recall_weighted': 0.965191447041273}
-----------------------
Epoch 80/100
Training statistic: Loss: 0.2081, train_score: {'accuracy': 0.9365906524588887, 'balanced_accuracy': 0.9356135200156336, 'f1_macro': 0.9373970565383166, 'f1_micro': 0.9365906524588887, 'f1_weighted': 0.9366300740744865, 'precision_macro': 0.9394849825088158, 'precision_micro': 0.9365906524588887, 'precision_weighted': 0.9369365924596841, 'recall_macro': 0.9356135200156336, 'recall_micro': 0.9365906524588887, 'recall_weighted': 0.9365906524588887}
Validation statistic: Loss: 0.1165, dev_score: {'accuracy': 0.965191447041273, 'balanced_accuracy': 0.9643266418099042, 'f1_macro': 0.9647332230774219, 'f1_micro': 0.965191447041273, 'f1_weighted': 0.9651468957650071, 'precision_macro': 0.9655656348482324, 'precision_micro': 0.965191447041273, 'precision_weighted': 0.9655197413173939, 'recall_macro': 0.9643266418099042, 'recall_micro': 0.965191447041273, 'recall_weighted': 0.965191447041273}
-----------------------
Epoch 81/100
Training statistic: Loss: 0.2053, train_score: {'accuracy': 0.936837255181902, 'balanced_accuracy': 0.9368080051925883, 'f1_macro': 0.9377631046212649, 'f1_micro': 0.936837255181902, 'f1_weighted': 0.936904606368871, 'precision_macro': 0.9389471940463437, 'precision_micro': 0.936837255181902, 'precision_weighted': 0.9371839680576654, 'recall_macro': 0.9368080051925883, 'recall_micro': 0.936837255181902, 'recall_weighted': 0.936837255181902}
Validation statistic: Loss: 0.1169, dev_score: {'accuracy': 0.9666832421680756, 'balanced_accuracy': 0.9658331428689199, 'f1_macro': 0.9662205783201532, 'f1_micro': 0.9666832421680756, 'f1_weighted': 0.9666526785609897, 'precision_macro': 0.9671021784114655, 'precision_micro': 0.9666832421680756, 'precision_weighted': 0.9671048057287, 'recall_macro': 0.9658331428689199, 'recall_micro': 0.9666832421680756, 'recall_weighted': 0.9666832421680756}
-----------------------
Epoch 82/100
Training statistic: Loss: 0.2062, train_score: {'accuracy': 0.9373693978999831, 'balanced_accuracy': 0.9367083994977143, 'f1_macro': 0.9382736405973497, 'f1_micro': 0.9373693978999831, 'f1_weighted': 0.9373787748097634, 'precision_macro': 0.9400610873451459, 'precision_micro': 0.9373693978999831, 'precision_weighted': 0.9376186924803228, 'recall_macro': 0.9367083994977143, 'recall_micro': 0.9373693978999831, 'recall_weighted': 0.9373693978999831}
Validation statistic: Loss: 0.1183, dev_score: {'accuracy': 0.9676777722526106, 'balanced_accuracy': 0.9668463078492131, 'f1_macro': 0.9673119437550868, 'f1_micro': 0.9676777722526106, 'f1_weighted': 0.967621106253676, 'precision_macro': 0.9680421290887844, 'precision_micro': 0.9676777722526106, 'precision_weighted': 0.9678264820426128, 'recall_macro': 0.9668463078492131, 'recall_micro': 0.9676777722526106, 'recall_weighted': 0.9676777722526106}
-----------------------
Epoch 83/100
Training statistic: Loss: 0.2022, train_score: {'accuracy': 0.9384466624268304, 'balanced_accuracy': 0.9381413386269134, 'f1_macro': 0.9393670489147663, 'f1_micro': 0.9384466624268304, 'f1_weighted': 0.9384965582356796, 'precision_macro': 0.940867087276253, 'precision_micro': 0.9384466624268304, 'precision_weighted': 0.9388031392250881, 'recall_macro': 0.9381413386269134, 'recall_micro': 0.9384466624268304, 'recall_weighted': 0.9384466624268304}
Validation statistic: Loss: 0.1211, dev_score: {'accuracy': 0.9656887120835406, 'balanced_accuracy': 0.964772495968177, 'f1_macro': 0.9652250272736179, 'f1_micro': 0.9656887120835406, 'f1_weighted': 0.9656248855625785, 'precision_macro': 0.9661148095025627, 'precision_micro': 0.9656887120835406, 'precision_weighted': 0.9659900829144775, 'recall_macro': 0.964772495968177, 'recall_micro': 0.9656887120835406, 'recall_weighted': 0.9656887120835406}
-----------------------
Epoch 84/100
Training statistic: Loss: 0.1996, train_score: {'accuracy': 0.9385115578802549, 'balanced_accuracy': 0.9382887915310916, 'f1_macro': 0.9392677074309328, 'f1_micro': 0.9385115578802549, 'f1_weighted': 0.9385685229984894, 'precision_macro': 0.9405150852341766, 'precision_micro': 0.9385115578802549, 'precision_weighted': 0.9388774770696858, 'recall_macro': 0.9382887915310916, 'recall_micro': 0.9385115578802549, 'recall_weighted': 0.9385115578802549}
Validation statistic: Loss: 0.1191, dev_score: {'accuracy': 0.9668489971821648, 'balanced_accuracy': 0.9658640112234409, 'f1_macro': 0.9664441773424677, 'f1_micro': 0.9668489971821648, 'f1_weighted': 0.9667830041019678, 'precision_macro': 0.967438035578669, 'precision_micro': 0.9668489971821648, 'precision_weighted': 0.9671241721682708, 'recall_macro': 0.9658640112234409, 'recall_micro': 0.9668489971821648, 'recall_weighted': 0.9668489971821648}
-----------------------
Epoch 85/100
Training statistic: Loss: 0.2039, train_score: {'accuracy': 0.9388684828740899, 'balanced_accuracy': 0.9379999369686324, 'f1_macro': 0.939525963174866, 'f1_micro': 0.9388684828740899, 'f1_weighted': 0.9389068618405769, 'precision_macro': 0.9412850568111948, 'precision_micro': 0.9388684828740899, 'precision_weighted': 0.9391418863718101, 'recall_macro': 0.9379999369686324, 'recall_micro': 0.9388684828740899, 'recall_weighted': 0.9388684828740899}
Validation statistic: Loss: 0.1228, dev_score: {'accuracy': 0.9638654069285596, 'balanced_accuracy': 0.9629103859472521, 'f1_macro': 0.9634159236377403, 'f1_micro': 0.9638654069285596, 'f1_weighted': 0.9637932546879814, 'precision_macro': 0.9645162838276832, 'precision_micro': 0.9638654069285596, 'precision_weighted': 0.9643041922678536, 'recall_macro': 0.9629103859472521, 'recall_micro': 0.9638654069285596, 'recall_weighted': 0.9638654069285596}
-----------------------
Epoch 86/100
Training statistic: Loss: 0.2016, train_score: {'accuracy': 0.9387386919672408, 'balanced_accuracy': 0.9390497850424012, 'f1_macro': 0.9396833130790989, 'f1_micro': 0.9387386919672408, 'f1_weighted': 0.9388145638958356, 'precision_macro': 0.9406742911285697, 'precision_micro': 0.9387386919672408, 'precision_weighted': 0.9392464781652875, 'recall_macro': 0.9390497850424012, 'recall_micro': 0.9387386919672408, 'recall_weighted': 0.9387386919672408}
Validation statistic: Loss: 0.1168, dev_score: {'accuracy': 0.9666832421680756, 'balanced_accuracy': 0.9657193407429622, 'f1_macro': 0.9661842507965798, 'f1_micro': 0.9666832421680756, 'f1_weighted': 0.966598471773226, 'precision_macro': 0.9669974409843286, 'precision_micro': 0.9666832421680756, 'precision_weighted': 0.9668572693047717, 'recall_macro': 0.9657193407429622, 'recall_micro': 0.9666832421680756, 'recall_weighted': 0.9666832421680756}
-----------------------
Epoch 87/100
Training statistic: Loss: 0.1984, train_score: {'accuracy': 0.9400366010357314, 'balanced_accuracy': 0.9392405079335198, 'f1_macro': 0.9408107706374873, 'f1_micro': 0.9400366010357314, 'f1_weighted': 0.9400857932226423, 'precision_macro': 0.9425762070610835, 'precision_micro': 0.9400366010357314, 'precision_weighted': 0.9403185310482367, 'recall_macro': 0.9392405079335198, 'recall_micro': 0.9400366010357314, 'recall_weighted': 0.9400366010357314}
Validation statistic: Loss: 0.1220, dev_score: {'accuracy': 0.9660202221117189, 'balanced_accuracy': 0.9650038080062234, 'f1_macro': 0.9654709413762866, 'f1_micro': 0.9660202221117189, 'f1_weighted': 0.9659670745535429, 'precision_macro': 0.9663474079088925, 'precision_micro': 0.9660202221117189, 'precision_weighted': 0.9663142427759946, 'recall_macro': 0.9650038080062234, 'recall_micro': 0.9660202221117189, 'recall_weighted': 0.9660202221117189}
-----------------------
Epoch 88/100
Training statistic: Loss: 0.1990, train_score: {'accuracy': 0.9395498851350474, 'balanced_accuracy': 0.9387280903630604, 'f1_macro': 0.940130074672874, 'f1_micro': 0.9395498851350474, 'f1_weighted': 0.9395708707409849, 'precision_macro': 0.9418395289062437, 'precision_micro': 0.9395498851350474, 'precision_weighted': 0.9398533566605128, 'recall_macro': 0.9387280903630604, 'recall_micro': 0.9395498851350474, 'recall_weighted': 0.9395498851350474}
Validation statistic: Loss: 0.1207, dev_score: {'accuracy': 0.965191447041273, 'balanced_accuracy': 0.9642029703339942, 'f1_macro': 0.9646716939883418, 'f1_micro': 0.965191447041273, 'f1_weighted': 0.9651045112590962, 'precision_macro': 0.9656160992450327, 'precision_micro': 0.965191447041273, 'precision_weighted': 0.9654841152507285, 'recall_macro': 0.9642029703339942, 'recall_micro': 0.965191447041273, 'recall_weighted': 0.965191447041273}
-----------------------
Epoch 89/100
Training statistic: Loss: 0.1980, train_score: {'accuracy': 0.9400106428543616, 'balanced_accuracy': 0.9400639307869367, 'f1_macro': 0.9409375515091686, 'f1_micro': 0.9400106428543616, 'f1_weighted': 0.940124583771338, 'precision_macro': 0.9422083171610346, 'precision_micro': 0.9400106428543616, 'precision_weighted': 0.9406200599400986, 'recall_macro': 0.9400639307869367, 'recall_micro': 0.9400106428543616, 'recall_weighted': 0.9400106428543616}
Validation statistic: Loss: 0.1158, dev_score: {'accuracy': 0.9643626719708271, 'balanced_accuracy': 0.9633528639425142, 'f1_macro': 0.9638265371454316, 'f1_micro': 0.9643626719708271, 'f1_weighted': 0.9643046965267758, 'precision_macro': 0.9646917494682408, 'precision_micro': 0.9643626719708271, 'precision_weighted': 0.9646289064633402, 'recall_macro': 0.9633528639425142, 'recall_micro': 0.9643626719708271, 'recall_weighted': 0.9643626719708271}
-----------------------
Epoch 90/100
Training statistic: Loss: 0.1919, train_score: {'accuracy': 0.9416330291899749, 'balanced_accuracy': 0.941431659522873, 'f1_macro': 0.9423778727130099, 'f1_micro': 0.9416330291899749, 'f1_weighted': 0.9416942923261101, 'precision_macro': 0.9436244822062857, 'precision_micro': 0.9416330291899749, 'precision_weighted': 0.9420365523214165, 'recall_macro': 0.941431659522873, 'recall_micro': 0.9416330291899749, 'recall_weighted': 0.9416330291899749}
Validation statistic: Loss: 0.1144, dev_score: {'accuracy': 0.9663517321398972, 'balanced_accuracy': 0.9655091884481877, 'f1_macro': 0.9659132461474851, 'f1_micro': 0.9663517321398972, 'f1_weighted': 0.9663066255787645, 'precision_macro': 0.9666763600827842, 'precision_micro': 0.9663517321398972, 'precision_weighted': 0.966612150824451, 'recall_macro': 0.9655091884481877, 'recall_micro': 0.9663517321398972, 'recall_weighted': 0.9663517321398972}
-----------------------
Epoch 91/100
Training statistic: Loss: 0.1917, train_score: {'accuracy': 0.9430542396199723, 'balanced_accuracy': 0.9427650080046165, 'f1_macro': 0.9438247876315918, 'f1_micro': 0.9430542396199723, 'f1_weighted': 0.9431022388100155, 'precision_macro': 0.9449671431231217, 'precision_micro': 0.9430542396199723, 'precision_weighted': 0.9432244110288973, 'recall_macro': 0.9427650080046165, 'recall_micro': 0.9430542396199723, 'recall_weighted': 0.9430542396199723}
Validation statistic: Loss: 0.1166, dev_score: {'accuracy': 0.9655229570694513, 'balanced_accuracy': 0.9646016222670466, 'f1_macro': 0.9650457404254004, 'f1_micro': 0.9655229570694513, 'f1_weighted': 0.9654819435675873, 'precision_macro': 0.9659360696064905, 'precision_micro': 0.9655229570694513, 'precision_weighted': 0.9658751159148299, 'recall_macro': 0.9646016222670466, 'recall_micro': 0.9655229570694513, 'recall_weighted': 0.9655229570694513}
-----------------------
Epoch 92/100
Training statistic: Loss: 0.1905, train_score: {'accuracy': 0.9436318091554505, 'balanced_accuracy': 0.9437495975628091, 'f1_macro': 0.9444018448489754, 'f1_micro': 0.9436318091554505, 'f1_weighted': 0.9436325494093566, 'precision_macro': 0.9452458348947506, 'precision_micro': 0.9436318091554505, 'precision_weighted': 0.9438385684961892, 'recall_macro': 0.9437495975628091, 'recall_micro': 0.9436318091554505, 'recall_weighted': 0.9436318091554505}
Validation statistic: Loss: 0.1173, dev_score: {'accuracy': 0.965191447041273, 'balanced_accuracy': 0.9643277086837456, 'f1_macro': 0.9646758349355558, 'f1_micro': 0.965191447041273, 'f1_weighted': 0.9651212153957943, 'precision_macro': 0.9654154262734094, 'precision_micro': 0.965191447041273, 'precision_weighted': 0.9654343911038494, 'recall_macro': 0.9643277086837456, 'recall_micro': 0.965191447041273, 'recall_weighted': 0.965191447041273}
Early stopping by loss triggered!
Testing statistic: loss: 0.12075360095647045, scores: {'accuracy': 0.9637394915425909, 'balanced_accuracy': 0.9638331086342664, 'f1_macro': 0.9637030749785547, 'f1_micro': 0.9637394915425909, 'f1_weighted': 0.9637161613344501, 'precision_macro': 0.9637513982119797, 'precision_micro': 0.9637394915425909, 'precision_weighted': 0.963872666082354, 'recall_macro': 0.9638331086342664, 'recall_micro': 0.9637394915425909, 'recall_weighted': 0.9637394915425909}
Finish training!
