=====Setting up data=====
Dataset name:mnist12
train_option:mix
augment_option:tvae_compare_dnn
mix_ratio:-1
n_sample:-1
Training dataset size: 154112 samples
Validation dataset size: 6144 samples

=====Setting up parameters for training=====
num_epochs: 100
learning_rate: 0.001
patience: 30
early_stop_criterion: loss
=====Setting up trainer=====
input_size: 144
model: DNN_MNIST12
----------------------------------------------------------------
        Layer (type)               Output Shape         Param #
================================================================
           Dropout-1                  [-1, 144]               0
            Linear-2                 [-1, 1024]         148,480
         LeakyReLU-3                 [-1, 1024]               0
       BatchNorm1d-4                 [-1, 1024]           2,048
           Dropout-5                 [-1, 1024]               0
            Linear-6                 [-1, 1024]       1,049,600
         LeakyReLU-7                 [-1, 1024]               0
       BatchNorm1d-8                 [-1, 1024]           2,048
           Dropout-9                 [-1, 1024]               0
           Linear-10                  [-1, 256]         262,400
        LeakyReLU-11                  [-1, 256]               0
      BatchNorm1d-12                  [-1, 256]             512
          Dropout-13                  [-1, 256]               0
           Linear-14                   [-1, 10]           2,570
================================================================
Total params: 1,467,658
Trainable params: 1,467,658
Non-trainable params: 0
----------------------------------------------------------------
Input size (MB): 0.00
Forward/backward pass size (MB): 0.07
Params size (MB): 5.60
Estimated Total Size (MB): 5.67
----------------------------------------------------------------
=====Setting up output files=====
weight_dir, weight_file: /home/thuy/Research/minh_data_synth/TabularDA/.cache/mnist_head_fixed_runtime_20261009/output/mnist_head_fixed_20261009/mnist12/weight/, mnist12_seed42_tvae_full_dnn_mix.weights.pth
acc_dir, acc_file: /home/thuy/Research/minh_data_synth/TabularDA/.cache/mnist_head_fixed_runtime_20261009/output/mnist_head_fixed_20261009/mnist12/acc/, mnist12_seed42_tvae_full_dnn_mix.epochs.csv
report_file: mnist12_seed42_tvae_full_dnn_mix.report.txt
==========================================================================================
Start training...
-----------------------
Epoch 1/100
Training statistic: Loss: 0.3558, train_score: {'accuracy': 0.8771593962127013, 'balanced_accuracy': 0.8790047515739353, 'f1_macro': 0.8792052795026484, 'f1_micro': 0.8771593962127013, 'f1_weighted': 0.8772598123822994, 'precision_macro': 0.8811650689152672, 'precision_micro': 0.8771593962127013, 'precision_weighted': 0.879128337982219, 'recall_macro': 0.8790047515739353, 'recall_micro': 0.8771593962127013, 'recall_weighted': 0.8771593962127013}
Validation statistic: Loss: 0.2534, dev_score: {'accuracy': 0.921929388363998, 'balanced_accuracy': 0.9207258169348174, 'f1_macro': 0.9215462482462333, 'f1_micro': 0.921929388363998, 'f1_weighted': 0.9220939796696995, 'precision_macro': 0.9230137368286659, 'precision_micro': 0.921929388363998, 'precision_weighted': 0.922901442220678, 'recall_macro': 0.9207258169348174, 'recall_micro': 0.921929388363998, 'recall_weighted': 0.921929388363998}
Saving model...
Model saved!
-------------------------------------------
-----------------------
Epoch 2/100
Training statistic: Loss: 0.3151, train_score: {'accuracy': 0.8912806468778798, 'balanced_accuracy': 0.8935037369592574, 'f1_macro': 0.892778526074751, 'f1_micro': 0.8912806468778798, 'f1_weighted': 0.8910564440530888, 'precision_macro': 0.8926752349050175, 'precision_micro': 0.8912806468778798, 'precision_weighted': 0.8914303266445023, 'recall_macro': 0.8935037369592574, 'recall_micro': 0.8912806468778798, 'recall_weighted': 0.8912806468778798}
Validation statistic: Loss: 0.2265, dev_score: {'accuracy': 0.929388363998011, 'balanced_accuracy': 0.9284906825987151, 'f1_macro': 0.9288841487666982, 'f1_micro': 0.929388363998011, 'f1_weighted': 0.9293383374037244, 'precision_macro': 0.9295718219241346, 'precision_micro': 0.929388363998011, 'precision_weighted': 0.9295924309756676, 'recall_macro': 0.9284906825987151, 'recall_micro': 0.929388363998011, 'recall_weighted': 0.929388363998011}
Saving model...
Model saved!
-------------------------------------------
-----------------------
Epoch 3/100
Training statistic: Loss: 0.2912, train_score: {'accuracy': 0.900346541721287, 'balanced_accuracy': 0.9019207777997329, 'f1_macro': 0.9019593081008435, 'f1_micro': 0.900346541721287, 'f1_weighted': 0.9003425915870561, 'precision_macro': 0.9026494217137087, 'precision_micro': 0.900346541721287, 'precision_weighted': 0.9009832058564088, 'recall_macro': 0.9019207777997329, 'recall_micro': 0.900346541721287, 'recall_weighted': 0.900346541721287}
Validation statistic: Loss: 0.2122, dev_score: {'accuracy': 0.933200729322062, 'balanced_accuracy': 0.9324086420036446, 'f1_macro': 0.9327650746491027, 'f1_micro': 0.933200729322062, 'f1_weighted': 0.9332261069905258, 'precision_macro': 0.9334358098570311, 'precision_micro': 0.933200729322062, 'precision_weighted': 0.9335665423060635, 'recall_macro': 0.9324086420036446, 'recall_micro': 0.933200729322062, 'recall_weighted': 0.933200729322062}
Saving model...
Model saved!
-------------------------------------------
-----------------------
Epoch 4/100
Training statistic: Loss: 0.2828, train_score: {'accuracy': 0.9020922294184069, 'balanced_accuracy': 0.9039779510969712, 'f1_macro': 0.9039168025353197, 'f1_micro': 0.9020922294184069, 'f1_weighted': 0.9022678969690858, 'precision_macro': 0.9050205199562598, 'precision_micro': 0.9020922294184069, 'precision_weighted': 0.9036287426503535, 'recall_macro': 0.9039779510969712, 'recall_micro': 0.9020922294184069, 'recall_weighted': 0.9020922294184069}
Validation statistic: Loss: 0.2086, dev_score: {'accuracy': 0.9348582794629537, 'balanced_accuracy': 0.93404927237059, 'f1_macro': 0.9345066241875528, 'f1_micro': 0.9348582794629537, 'f1_weighted': 0.9349350916683791, 'precision_macro': 0.9353448350440218, 'precision_micro': 0.9348582794629537, 'precision_weighted': 0.9354002778726092, 'recall_macro': 0.93404927237059, 'recall_micro': 0.9348582794629537, 'recall_weighted': 0.9348582794629537}
Saving model...
Model saved!
-------------------------------------------
-----------------------
Epoch 5/100
Training statistic: Loss: 0.2740, train_score: {'accuracy': 0.9064077770711384, 'balanced_accuracy': 0.9084901936123198, 'f1_macro': 0.9078423861826954, 'f1_micro': 0.9064077770711384, 'f1_weighted': 0.9063860804521244, 'precision_macro': 0.9081866201695175, 'precision_micro': 0.9064077770711384, 'precision_weighted': 0.9073545711930209, 'recall_macro': 0.9084901936123198, 'recall_micro': 0.9064077770711384, 'recall_weighted': 0.9064077770711384}
Validation statistic: Loss: 0.2053, dev_score: {'accuracy': 0.9346925244488645, 'balanced_accuracy': 0.9339084519779955, 'f1_macro': 0.934302235050876, 'f1_micro': 0.9346925244488645, 'f1_weighted': 0.9346958034270978, 'precision_macro': 0.935121695363024, 'precision_micro': 0.9346925244488645, 'precision_weighted': 0.93513609678695, 'recall_macro': 0.9339084519779955, 'recall_micro': 0.9346925244488645, 'recall_weighted': 0.9346925244488645}
Saving model...
Model saved!
-------------------------------------------
-----------------------
Epoch 6/100
Training statistic: Loss: 0.2628, train_score: {'accuracy': 0.9096785079237348, 'balanced_accuracy': 0.9114478063448338, 'f1_macro': 0.9112395585550424, 'f1_micro': 0.9096785079237348, 'f1_weighted': 0.909693361420529, 'precision_macro': 0.9118074481528854, 'precision_micro': 0.9096785079237348, 'precision_weighted': 0.9104917673743836, 'recall_macro': 0.9114478063448338, 'recall_micro': 0.9096785079237348, 'recall_weighted': 0.9096785079237348}
Validation statistic: Loss: 0.1991, dev_score: {'accuracy': 0.9361843195756672, 'balanced_accuracy': 0.9354670306612594, 'f1_macro': 0.9358431559233354, 'f1_micro': 0.9361843195756672, 'f1_weighted': 0.9362337253944883, 'precision_macro': 0.9366109224267587, 'precision_micro': 0.9361843195756672, 'precision_weighted': 0.9366873429911662, 'recall_macro': 0.9354670306612594, 'recall_micro': 0.9361843195756672, 'recall_weighted': 0.9361843195756672}
Saving model...
Model saved!
-------------------------------------------
-----------------------
Epoch 7/100
Training statistic: Loss: 0.2587, train_score: {'accuracy': 0.9118914428855115, 'balanced_accuracy': 0.9140571102461884, 'f1_macro': 0.9132503341014331, 'f1_micro': 0.9118914428855115, 'f1_weighted': 0.9118143554671255, 'precision_macro': 0.9130086342270045, 'precision_micro': 0.9118914428855115, 'precision_weighted': 0.912295592300783, 'recall_macro': 0.9140571102461884, 'recall_micro': 0.9118914428855115, 'recall_weighted': 0.9118914428855115}
Validation statistic: Loss: 0.1947, dev_score: {'accuracy': 0.9380076247306481, 'balanced_accuracy': 0.9373793626869584, 'f1_macro': 0.9376750772560098, 'f1_micro': 0.9380076247306481, 'f1_weighted': 0.9379480436044589, 'precision_macro': 0.9381866116472051, 'precision_micro': 0.9380076247306481, 'precision_weighted': 0.9381115999374957, 'recall_macro': 0.9373793626869584, 'recall_micro': 0.9380076247306481, 'recall_weighted': 0.9380076247306481}
Saving model...
Model saved!
-------------------------------------------
-----------------------
Epoch 8/100
Training statistic: Loss: 0.2546, train_score: {'accuracy': 0.9141562942100276, 'balanced_accuracy': 0.9156880417625072, 'f1_macro': 0.9156885631171541, 'f1_micro': 0.9141562942100276, 'f1_weighted': 0.9142196338223956, 'precision_macro': 0.9162170846400727, 'precision_micro': 0.9141562942100276, 'precision_weighted': 0.9148075455884751, 'recall_macro': 0.9156880417625072, 'recall_micro': 0.9141562942100276, 'recall_weighted': 0.9141562942100276}
Validation statistic: Loss: 0.1935, dev_score: {'accuracy': 0.9383391347588265, 'balanced_accuracy': 0.9376259473490564, 'f1_macro': 0.9380305156005863, 'f1_micro': 0.9383391347588265, 'f1_weighted': 0.9383991521219044, 'precision_macro': 0.9387650318934032, 'precision_micro': 0.9383391347588265, 'precision_weighted': 0.9388027104764856, 'recall_macro': 0.9376259473490564, 'recall_micro': 0.9383391347588265, 'recall_weighted': 0.9383391347588265}
Saving model...
Model saved!
-------------------------------------------
-----------------------
Epoch 9/100
Training statistic: Loss: 0.2513, train_score: {'accuracy': 0.9148701441976975, 'balanced_accuracy': 0.9164143616253366, 'f1_macro': 0.9162807181694388, 'f1_micro': 0.9148701441976975, 'f1_weighted': 0.914864837106031, 'precision_macro': 0.9170097187397982, 'precision_micro': 0.9148701441976975, 'precision_weighted': 0.9157037035605974, 'recall_macro': 0.9164143616253366, 'recall_micro': 0.9148701441976975, 'recall_weighted': 0.9148701441976975}
Validation statistic: Loss: 0.1933, dev_score: {'accuracy': 0.9373446046742914, 'balanced_accuracy': 0.9364702412559053, 'f1_macro': 0.9369734868976327, 'f1_micro': 0.9373446046742914, 'f1_weighted': 0.9373756047901719, 'precision_macro': 0.9379503977342175, 'precision_micro': 0.9373446046742914, 'precision_weighted': 0.9378897484201556, 'recall_macro': 0.9364702412559053, 'recall_micro': 0.9373446046742914, 'recall_weighted': 0.9373446046742914}
Saving model...
Model saved!
-------------------------------------------
-----------------------
Epoch 10/100
Training statistic: Loss: 0.2454, train_score: {'accuracy': 0.9165184887146807, 'balanced_accuracy': 0.9185940899256793, 'f1_macro': 0.9180017869983554, 'f1_micro': 0.9165184887146807, 'f1_weighted': 0.9165614087290044, 'precision_macro': 0.918264880647236, 'precision_micro': 0.9165184887146807, 'precision_weighted': 0.9174911988281488, 'recall_macro': 0.9185940899256793, 'recall_micro': 0.9165184887146807, 'recall_weighted': 0.9165184887146807}
Validation statistic: Loss: 0.1898, dev_score: {'accuracy': 0.9396651748715399, 'balanced_accuracy': 0.9390338542289628, 'f1_macro': 0.9394072644650817, 'f1_micro': 0.9396651748715399, 'f1_weighted': 0.9397006520192294, 'precision_macro': 0.9402604521808262, 'precision_micro': 0.9396651748715399, 'precision_weighted': 0.9402386489582605, 'recall_macro': 0.9390338542289628, 'recall_micro': 0.9396651748715399, 'recall_weighted': 0.9396651748715399}
Saving model...
Model saved!
-------------------------------------------
-----------------------
Epoch 11/100
Training statistic: Loss: 0.2413, train_score: {'accuracy': 0.9196529391150856, 'balanced_accuracy': 0.921673890134042, 'f1_macro': 0.9209934603834709, 'f1_micro': 0.9196529391150856, 'f1_weighted': 0.919617706898256, 'precision_macro': 0.9207974147183318, 'precision_micro': 0.9196529391150856, 'precision_weighted': 0.9200638851511967, 'recall_macro': 0.921673890134042, 'recall_micro': 0.9196529391150856, 'recall_weighted': 0.9196529391150856}
Validation statistic: Loss: 0.1849, dev_score: {'accuracy': 0.9385048897729157, 'balanced_accuracy': 0.9378901572538606, 'f1_macro': 0.9380685664830253, 'f1_micro': 0.9385048897729157, 'f1_weighted': 0.9384711944372799, 'precision_macro': 0.9385357358979354, 'precision_micro': 0.9385048897729157, 'precision_weighted': 0.9387421074545559, 'recall_macro': 0.9378901572538606, 'recall_micro': 0.9385048897729157, 'recall_weighted': 0.9385048897729157}
Saving model...
Model saved!
-------------------------------------------
-----------------------
Epoch 12/100
Training statistic: Loss: 0.2407, train_score: {'accuracy': 0.9190104741261828, 'balanced_accuracy': 0.9205639207231917, 'f1_macro': 0.9203890324469828, 'f1_micro': 0.9190104741261828, 'f1_weighted': 0.9190370970627396, 'precision_macro': 0.9209565657075351, 'precision_micro': 0.9190104741261828, 'precision_weighted': 0.9198044582078292, 'recall_macro': 0.9205639207231917, 'recall_micro': 0.9190104741261828, 'recall_weighted': 0.9190104741261828}
Validation statistic: Loss: 0.1854, dev_score: {'accuracy': 0.9399966848997182, 'balanced_accuracy': 0.9393659951480441, 'f1_macro': 0.9396556339812856, 'f1_micro': 0.9399966848997182, 'f1_weighted': 0.9400284352337742, 'precision_macro': 0.9403027753764868, 'precision_micro': 0.9399966848997182, 'precision_weighted': 0.94043374920329, 'recall_macro': 0.9393659951480441, 'recall_micro': 0.9399966848997182, 'recall_weighted': 0.9399966848997182}
-----------------------
Epoch 13/100
Training statistic: Loss: 0.2348, train_score: {'accuracy': 0.9213402209041235, 'balanced_accuracy': 0.9231641118128252, 'f1_macro': 0.9226262836411674, 'f1_micro': 0.9213402209041235, 'f1_weighted': 0.9212783324131099, 'precision_macro': 0.9226213549802397, 'precision_micro': 0.9213402209041235, 'precision_weighted': 0.9217396491997333, 'recall_macro': 0.9231641118128252, 'recall_micro': 0.9213402209041235, 'recall_weighted': 0.9213402209041235}
Validation statistic: Loss: 0.1862, dev_score: {'accuracy': 0.9414884800265209, 'balanced_accuracy': 0.9409582302575383, 'f1_macro': 0.9411524735752324, 'f1_micro': 0.9414884800265209, 'f1_weighted': 0.9414420748146629, 'precision_macro': 0.941601385396981, 'precision_micro': 0.9414884800265209, 'precision_weighted': 0.9416605593704116, 'recall_macro': 0.9409582302575383, 'recall_micro': 0.9414884800265209, 'recall_weighted': 0.9414884800265209}
-----------------------
Epoch 14/100
Training statistic: Loss: 0.2363, train_score: {'accuracy': 0.9216971458979584, 'balanced_accuracy': 0.9231966366326201, 'f1_macro': 0.9228898978666209, 'f1_micro': 0.9216971458979584, 'f1_weighted': 0.9215542600821188, 'precision_macro': 0.9232098359210376, 'precision_micro': 0.9216971458979584, 'precision_weighted': 0.9220105442893309, 'recall_macro': 0.9231966366326201, 'recall_micro': 0.9216971458979584, 'recall_weighted': 0.9216971458979584}
Validation statistic: Loss: 0.1835, dev_score: {'accuracy': 0.9401624399138074, 'balanced_accuracy': 0.9395917322623601, 'f1_macro': 0.9397965261184721, 'f1_micro': 0.9401624399138074, 'f1_weighted': 0.9401105253057936, 'precision_macro': 0.9403117381397929, 'precision_micro': 0.9401624399138074, 'precision_weighted': 0.9403728571557358, 'recall_macro': 0.9395917322623601, 'recall_micro': 0.9401624399138074, 'recall_weighted': 0.9401624399138074}
Saving model...
Model saved!
-------------------------------------------
-----------------------
Epoch 15/100
Training statistic: Loss: 0.2346, train_score: {'accuracy': 0.9217036354433008, 'balanced_accuracy': 0.9237113636457519, 'f1_macro': 0.9230893744191405, 'f1_micro': 0.9217036354433008, 'f1_weighted': 0.9217696529825762, 'precision_macro': 0.9233558488145566, 'precision_micro': 0.9217036354433008, 'precision_weighted': 0.9227528069565892, 'recall_macro': 0.9237113636457519, 'recall_micro': 0.9217036354433008, 'recall_weighted': 0.9217036354433008}
Validation statistic: Loss: 0.1807, dev_score: {'accuracy': 0.9414884800265209, 'balanced_accuracy': 0.9410365130892195, 'f1_macro': 0.9413199623179185, 'f1_micro': 0.9414884800265209, 'f1_weighted': 0.9415728275890688, 'precision_macro': 0.9420821043662775, 'precision_micro': 0.9414884800265209, 'precision_weighted': 0.9421578657852185, 'recall_macro': 0.9410365130892195, 'recall_micro': 0.9414884800265209, 'recall_weighted': 0.9414884800265209}
Saving model...
Model saved!
-------------------------------------------
-----------------------
Epoch 16/100
Training statistic: Loss: 0.2314, train_score: {'accuracy': 0.9232611263254896, 'balanced_accuracy': 0.9249825671542233, 'f1_macro': 0.9243056129982833, 'f1_micro': 0.9232611263254896, 'f1_weighted': 0.9231747091466301, 'precision_macro': 0.9241570434880877, 'precision_micro': 0.9232611263254896, 'precision_weighted': 0.92360228476021, 'recall_macro': 0.9249825671542233, 'recall_micro': 0.9232611263254896, 'recall_weighted': 0.9232611263254896}
Validation statistic: Loss: 0.1804, dev_score: {'accuracy': 0.9418199900546992, 'balanced_accuracy': 0.9412863779812299, 'f1_macro': 0.9415990651484261, 'f1_micro': 0.9418199900546992, 'f1_weighted': 0.941779032256057, 'precision_macro': 0.9421137847348875, 'precision_micro': 0.9418199900546992, 'precision_weighted': 0.9419532997697936, 'recall_macro': 0.9412863779812299, 'recall_micro': 0.9418199900546992, 'recall_weighted': 0.9418199900546992}
Saving model...
Model saved!
-------------------------------------------
-----------------------
Epoch 17/100
Training statistic: Loss: 0.2270, train_score: {'accuracy': 0.9254351240152114, 'balanced_accuracy': 0.9271029233990926, 'f1_macro': 0.926887707172393, 'f1_micro': 0.9254351240152114, 'f1_weighted': 0.9255100856423034, 'precision_macro': 0.9273910242644303, 'precision_micro': 0.9254351240152114, 'precision_weighted': 0.9263204118575392, 'recall_macro': 0.9271029233990926, 'recall_micro': 0.9254351240152114, 'recall_weighted': 0.9254351240152114}
Validation statistic: Loss: 0.1794, dev_score: {'accuracy': 0.9421515000828775, 'balanced_accuracy': 0.9416990051369636, 'f1_macro': 0.9418835377479047, 'f1_micro': 0.9421515000828775, 'f1_weighted': 0.9421883649842925, 'precision_macro': 0.9424175037895607, 'precision_micro': 0.9421515000828775, 'precision_weighted': 0.9425908091063373, 'recall_macro': 0.9416990051369636, 'recall_micro': 0.9421515000828775, 'recall_weighted': 0.9421515000828775}
Saving model...
Model saved!
-------------------------------------------
-----------------------
Epoch 18/100
Training statistic: Loss: 0.2264, train_score: {'accuracy': 0.9246498890287747, 'balanced_accuracy': 0.9262151396504994, 'f1_macro': 0.925892538490908, 'f1_micro': 0.9246498890287747, 'f1_weighted': 0.9246156680020318, 'precision_macro': 0.9261504373119468, 'precision_micro': 0.9246498890287747, 'precision_weighted': 0.9251511672542493, 'recall_macro': 0.9262151396504994, 'recall_micro': 0.9246498890287747, 'recall_weighted': 0.9246498890287747}
Validation statistic: Loss: 0.1770, dev_score: {'accuracy': 0.9424830101110558, 'balanced_accuracy': 0.9418345953197752, 'f1_macro': 0.9422241526892149, 'f1_micro': 0.9424830101110558, 'f1_weighted': 0.9424754488305466, 'precision_macro': 0.9428095260089229, 'precision_micro': 0.9424830101110558, 'precision_weighted': 0.942669680981153, 'recall_macro': 0.9418345953197752, 'recall_micro': 0.9424830101110558, 'recall_weighted': 0.9424830101110558}
Saving model...
Model saved!
-------------------------------------------
-----------------------
Epoch 19/100
Training statistic: Loss: 0.2254, train_score: {'accuracy': 0.9257466221916493, 'balanced_accuracy': 0.9273656080979193, 'f1_macro': 0.9271234042684566, 'f1_micro': 0.9257466221916493, 'f1_weighted': 0.9258154034825083, 'precision_macro': 0.9275945410593833, 'precision_micro': 0.9257466221916493, 'precision_weighted': 0.9266186924281694, 'recall_macro': 0.9273656080979193, 'recall_micro': 0.9257466221916493, 'recall_weighted': 0.9257466221916493}
Validation statistic: Loss: 0.1773, dev_score: {'accuracy': 0.9426487651251451, 'balanced_accuracy': 0.9422004346452717, 'f1_macro': 0.9424163061786036, 'f1_micro': 0.9426487651251451, 'f1_weighted': 0.9426768942476074, 'precision_macro': 0.9429097685715939, 'precision_micro': 0.9426487651251451, 'precision_weighted': 0.9429997186634572, 'recall_macro': 0.9422004346452717, 'recall_micro': 0.9426487651251451, 'recall_weighted': 0.9426487651251451}
-----------------------
Epoch 20/100
Training statistic: Loss: 0.2250, train_score: {'accuracy': 0.9268109076278116, 'balanced_accuracy': 0.9286446762916064, 'f1_macro': 0.9281247639415003, 'f1_micro': 0.9268109076278116, 'f1_weighted': 0.9268339098962763, 'precision_macro': 0.9281028327100511, 'precision_micro': 0.9268109076278116, 'precision_weighted': 0.9273735955280965, 'recall_macro': 0.9286446762916064, 'recall_micro': 0.9268109076278116, 'recall_weighted': 0.9268109076278116}
Validation statistic: Loss: 0.1752, dev_score: {'accuracy': 0.9423172550969667, 'balanced_accuracy': 0.9418328591543925, 'f1_macro': 0.9420896204716129, 'f1_micro': 0.9423172550969667, 'f1_weighted': 0.9423023495175157, 'precision_macro': 0.9425223303406138, 'precision_micro': 0.9423172550969667, 'precision_weighted': 0.9424741156499822, 'recall_macro': 0.9418328591543925, 'recall_micro': 0.9423172550969667, 'recall_weighted': 0.9423172550969667}
Saving model...
Model saved!
-------------------------------------------
-----------------------
Epoch 21/100
Training statistic: Loss: 0.2197, train_score: {'accuracy': 0.9278427453372616, 'balanced_accuracy': 0.9294656967247933, 'f1_macro': 0.9289479522575925, 'f1_micro': 0.9278427453372616, 'f1_weighted': 0.927760114629722, 'precision_macro': 0.9287937774867799, 'precision_micro': 0.9278427453372616, 'precision_weighted': 0.9280208857823677, 'recall_macro': 0.9294656967247933, 'recall_micro': 0.9278427453372616, 'recall_weighted': 0.9278427453372616}
Validation statistic: Loss: 0.1754, dev_score: {'accuracy': 0.9419857450687883, 'balanced_accuracy': 0.9414131267130641, 'f1_macro': 0.9416863802417577, 'f1_micro': 0.9419857450687883, 'f1_weighted': 0.9419432907478893, 'precision_macro': 0.9421656780408323, 'precision_micro': 0.9419857450687883, 'precision_weighted': 0.9421215241847535, 'recall_macro': 0.9414131267130641, 'recall_micro': 0.9419857450687883, 'recall_weighted': 0.9419857450687883}
-----------------------
Epoch 22/100
Training statistic: Loss: 0.2200, train_score: {'accuracy': 0.9278038080652069, 'balanced_accuracy': 0.929427826756594, 'f1_macro': 0.929075070599208, 'f1_micro': 0.9278038080652069, 'f1_weighted': 0.9278498197859948, 'precision_macro': 0.9293638841022979, 'precision_micro': 0.9278038080652069, 'precision_weighted': 0.928554322860298, 'recall_macro': 0.929427826756594, 'recall_micro': 0.9278038080652069, 'recall_weighted': 0.9278038080652069}
Validation statistic: Loss: 0.1774, dev_score: {'accuracy': 0.9429802751533234, 'balanced_accuracy': 0.9423841235053493, 'f1_macro': 0.942725630289307, 'f1_micro': 0.9429802751533234, 'f1_weighted': 0.9429976101310779, 'precision_macro': 0.9433522702757118, 'precision_micro': 0.9429802751533234, 'precision_weighted': 0.943311585481481, 'recall_macro': 0.9423841235053493, 'recall_micro': 0.9429802751533234, 'recall_weighted': 0.9429802751533234}
-----------------------
Epoch 23/100
Training statistic: Loss: 0.2187, train_score: {'accuracy': 0.9287577712305476, 'balanced_accuracy': 0.930374212683019, 'f1_macro': 0.9297929794259087, 'f1_micro': 0.9287577712305476, 'f1_weighted': 0.9286836199479913, 'precision_macro': 0.9298276723825966, 'precision_micro': 0.9287577712305476, 'precision_weighted': 0.9292140439279672, 'recall_macro': 0.930374212683019, 'recall_micro': 0.9287577712305476, 'recall_weighted': 0.9287577712305476}
Validation statistic: Loss: 0.1744, dev_score: {'accuracy': 0.9444720702801259, 'balanced_accuracy': 0.9440573313929029, 'f1_macro': 0.9441576826038606, 'f1_micro': 0.9444720702801259, 'f1_weighted': 0.9444497655703215, 'precision_macro': 0.9444692758190343, 'precision_micro': 0.9444720702801259, 'precision_weighted': 0.9446511178991586, 'recall_macro': 0.9440573313929029, 'recall_micro': 0.9444720702801259, 'recall_weighted': 0.9444720702801259}
Saving model...
Model saved!
-------------------------------------------
-----------------------
Epoch 24/100
Training statistic: Loss: 0.2188, train_score: {'accuracy': 0.9287577712305476, 'balanced_accuracy': 0.9301280517902374, 'f1_macro': 0.9298547189585455, 'f1_micro': 0.9287577712305476, 'f1_weighted': 0.9287433077718482, 'precision_macro': 0.9303317728556826, 'precision_micro': 0.9287577712305476, 'precision_weighted': 0.9294561508979583, 'recall_macro': 0.9301280517902374, 'recall_micro': 0.9287577712305476, 'recall_weighted': 0.9287577712305476}
Validation statistic: Loss: 0.1770, dev_score: {'accuracy': 0.9424830101110558, 'balanced_accuracy': 0.9418917354130624, 'f1_macro': 0.9421918826889908, 'f1_micro': 0.9424830101110558, 'f1_weighted': 0.9425188570107481, 'precision_macro': 0.9428662812802525, 'precision_micro': 0.9424830101110558, 'precision_weighted': 0.9429388157099847, 'recall_macro': 0.9418917354130624, 'recall_micro': 0.9424830101110558, 'recall_weighted': 0.9424830101110558}
-----------------------
Epoch 25/100
Training statistic: Loss: 0.2172, train_score: {'accuracy': 0.9300167430269836, 'balanced_accuracy': 0.9315962667298384, 'f1_macro': 0.931173926035507, 'f1_micro': 0.9300167430269836, 'f1_weighted': 0.9299918889387081, 'precision_macro': 0.9313232131652154, 'precision_micro': 0.9300167430269836, 'precision_weighted': 0.9305299624643915, 'recall_macro': 0.9315962667298384, 'recall_micro': 0.9300167430269836, 'recall_weighted': 0.9300167430269836}
Validation statistic: Loss: 0.1758, dev_score: {'accuracy': 0.9443063152660368, 'balanced_accuracy': 0.9436579428228592, 'f1_macro': 0.944076137905302, 'f1_micro': 0.9443063152660368, 'f1_weighted': 0.9443189578823966, 'precision_macro': 0.9448630648283585, 'precision_micro': 0.9443063152660368, 'precision_weighted': 0.9446993929432747, 'recall_macro': 0.9436579428228592, 'recall_micro': 0.9443063152660368, 'recall_weighted': 0.9443063152660368}
-----------------------
Epoch 26/100
Training statistic: Loss: 0.2139, train_score: {'accuracy': 0.9300037639362986, 'balanced_accuracy': 0.9315228557627695, 'f1_macro': 0.9310256413312168, 'f1_micro': 0.9300037639362986, 'f1_weighted': 0.9298873394632986, 'precision_macro': 0.9309179593795814, 'precision_micro': 0.9300037639362986, 'precision_weighted': 0.9301358172927717, 'recall_macro': 0.9315228557627695, 'recall_micro': 0.9300037639362986, 'recall_weighted': 0.9300037639362986}
Validation statistic: Loss: 0.1719, dev_score: {'accuracy': 0.9426487651251451, 'balanced_accuracy': 0.9422110690150063, 'f1_macro': 0.9423050564867509, 'f1_micro': 0.9426487651251451, 'f1_weighted': 0.9425678272161541, 'precision_macro': 0.9425948503080781, 'precision_micro': 0.9426487651251451, 'precision_weighted': 0.9426912330275932, 'recall_macro': 0.9422110690150063, 'recall_micro': 0.9426487651251451, 'recall_weighted': 0.9426487651251451}
Saving model...
Model saved!
-------------------------------------------
-----------------------
Epoch 27/100
Training statistic: Loss: 0.2126, train_score: {'accuracy': 0.9305683543810921, 'balanced_accuracy': 0.9322456918695814, 'f1_macro': 0.9317607870936836, 'f1_micro': 0.9305683543810921, 'f1_weighted': 0.9305501282134822, 'precision_macro': 0.9315683686073288, 'precision_micro': 0.9305683543810921, 'precision_weighted': 0.9308173068782829, 'recall_macro': 0.9322456918695814, 'recall_micro': 0.9305683543810921, 'recall_weighted': 0.9305683543810921}
Validation statistic: Loss: 0.1712, dev_score: {'accuracy': 0.9433117851815017, 'balanced_accuracy': 0.9428784954652585, 'f1_macro': 0.9430350428302269, 'f1_micro': 0.9433117851815017, 'f1_weighted': 0.9432839081971595, 'precision_macro': 0.9433951120053896, 'precision_micro': 0.9433117851815017, 'precision_weighted': 0.9434695432990472, 'recall_macro': 0.9428784954652585, 'recall_micro': 0.9433117851815017, 'recall_weighted': 0.9433117851815017}
Saving model...
Model saved!
-------------------------------------------
-----------------------
Epoch 28/100
Training statistic: Loss: 0.2115, train_score: {'accuracy': 0.9321128661725959, 'balanced_accuracy': 0.9336694147650185, 'f1_macro': 0.9332087074712083, 'f1_micro': 0.9321128661725959, 'f1_weighted': 0.9320915648213616, 'precision_macro': 0.933163632087718, 'precision_micro': 0.9321128661725959, 'precision_weighted': 0.9324784719078278, 'recall_macro': 0.9336694147650185, 'recall_micro': 0.9321128661725959, 'recall_weighted': 0.9321128661725959}
Validation statistic: Loss: 0.1709, dev_score: {'accuracy': 0.9443063152660368, 'balanced_accuracy': 0.9439102355777, 'f1_macro': 0.9440361502964487, 'f1_micro': 0.9443063152660368, 'f1_weighted': 0.9442991983504941, 'precision_macro': 0.9443862284423373, 'precision_micro': 0.9443063152660368, 'precision_weighted': 0.9445282908285892, 'recall_macro': 0.9439102355777, 'recall_micro': 0.9443063152660368, 'recall_weighted': 0.9443063152660368}
Saving model...
Model saved!
-------------------------------------------
-----------------------
Epoch 29/100
Training statistic: Loss: 0.2120, train_score: {'accuracy': 0.9315872129998573, 'balanced_accuracy': 0.9328190001242037, 'f1_macro': 0.9326659337524825, 'f1_micro': 0.9315872129998573, 'f1_weighted': 0.9315329438095178, 'precision_macro': 0.9330038573993573, 'precision_micro': 0.9315872129998573, 'precision_weighted': 0.931944217868135, 'recall_macro': 0.9328190001242037, 'recall_micro': 0.9315872129998573, 'recall_weighted': 0.9315872129998573}
Validation statistic: Loss: 0.1726, dev_score: {'accuracy': 0.9433117851815017, 'balanced_accuracy': 0.942902673231701, 'f1_macro': 0.9430580198284705, 'f1_micro': 0.9433117851815017, 'f1_weighted': 0.9433035326345306, 'precision_macro': 0.9434669791737722, 'precision_micro': 0.9433117851815017, 'precision_weighted': 0.943556757205314, 'recall_macro': 0.942902673231701, 'recall_micro': 0.9433117851815017, 'recall_weighted': 0.9433117851815017}
-----------------------
Epoch 30/100
Training statistic: Loss: 0.2084, train_score: {'accuracy': 0.9322102093527328, 'balanced_accuracy': 0.9336923949256525, 'f1_macro': 0.933332478932901, 'f1_micro': 0.9322102093527328, 'f1_weighted': 0.9321673998835996, 'precision_macro': 0.9333543971785799, 'precision_micro': 0.9322102093527328, 'precision_weighted': 0.9324935564782153, 'recall_macro': 0.9336923949256525, 'recall_micro': 0.9322102093527328, 'recall_weighted': 0.9322102093527328}
Validation statistic: Loss: 0.1710, dev_score: {'accuracy': 0.9443063152660368, 'balanced_accuracy': 0.9438286426175146, 'f1_macro': 0.9439726554903075, 'f1_micro': 0.9443063152660368, 'f1_weighted': 0.944290800055928, 'precision_macro': 0.9443460597458551, 'precision_micro': 0.9443063152660368, 'precision_weighted': 0.9445120447561955, 'recall_macro': 0.9438286426175146, 'recall_micro': 0.9443063152660368, 'recall_weighted': 0.9443063152660368}
-----------------------
Epoch 31/100
Training statistic: Loss: 0.2095, train_score: {'accuracy': 0.9323659584409516, 'balanced_accuracy': 0.9340328646940707, 'f1_macro': 0.933498582917481, 'f1_micro': 0.9323659584409516, 'f1_weighted': 0.9323471063260971, 'precision_macro': 0.9334978171430223, 'precision_micro': 0.9323659584409516, 'precision_weighted': 0.9328694986051552, 'recall_macro': 0.9340328646940707, 'recall_micro': 0.9323659584409516, 'recall_weighted': 0.9323659584409516}
Validation statistic: Loss: 0.1717, dev_score: {'accuracy': 0.9439748052378585, 'balanced_accuracy': 0.9433889236425687, 'f1_macro': 0.9436800977611381, 'f1_micro': 0.9439748052378585, 'f1_weighted': 0.9439491325452654, 'precision_macro': 0.9442437618739594, 'precision_micro': 0.9439748052378585, 'precision_weighted': 0.9442084677825415, 'recall_macro': 0.9433889236425687, 'recall_micro': 0.9439748052378585, 'recall_weighted': 0.9439748052378585}
-----------------------
Epoch 32/100
Training statistic: Loss: 0.2135, train_score: {'accuracy': 0.9307500616506807, 'balanced_accuracy': 0.9323499578870024, 'f1_macro': 0.931977522230784, 'f1_micro': 0.9307500616506807, 'f1_weighted': 0.9308159409968668, 'precision_macro': 0.9325545100873931, 'precision_micro': 0.9307500616506807, 'precision_weighted': 0.9318465327583374, 'recall_macro': 0.9323499578870024, 'recall_micro': 0.9307500616506807, 'recall_weighted': 0.9307500616506807}
Validation statistic: Loss: 0.1742, dev_score: {'accuracy': 0.9428145201392342, 'balanced_accuracy': 0.9422579291011637, 'f1_macro': 0.9425484934172094, 'f1_micro': 0.9428145201392342, 'f1_weighted': 0.9428501984505602, 'precision_macro': 0.9431914670074585, 'precision_micro': 0.9428145201392342, 'precision_weighted': 0.9432569893021979, 'recall_macro': 0.9422579291011637, 'recall_micro': 0.9428145201392342, 'recall_weighted': 0.9428145201392342}
-----------------------
Epoch 33/100
Training statistic: Loss: 0.2101, train_score: {'accuracy': 0.9325606448012252, 'balanced_accuracy': 0.9341301104384045, 'f1_macro': 0.9336502190423286, 'f1_micro': 0.9325606448012252, 'f1_weighted': 0.9325457571822916, 'precision_macro': 0.9337485721736554, 'precision_micro': 0.9325606448012252, 'precision_weighted': 0.9331116766638322, 'recall_macro': 0.9341301104384045, 'recall_micro': 0.9325606448012252, 'recall_weighted': 0.9325606448012252}
Validation statistic: Loss: 0.1731, dev_score: {'accuracy': 0.9438090502237693, 'balanced_accuracy': 0.9433640200058722, 'f1_macro': 0.9435312146529317, 'f1_micro': 0.9438090502237693, 'f1_weighted': 0.9437761977471769, 'precision_macro': 0.9440701145241176, 'precision_micro': 0.9438090502237693, 'precision_weighted': 0.9441341202598841, 'recall_macro': 0.9433640200058722, 'recall_micro': 0.9438090502237693, 'recall_weighted': 0.9438090502237693}
-----------------------
Epoch 34/100
Training statistic: Loss: 0.2112, train_score: {'accuracy': 0.9321453138993082, 'balanced_accuracy': 0.9337951730932195, 'f1_macro': 0.9331993313256776, 'f1_micro': 0.9321453138993082, 'f1_weighted': 0.932131336613105, 'precision_macro': 0.9332131325973638, 'precision_micro': 0.9321453138993082, 'precision_weighted': 0.9327153937571436, 'recall_macro': 0.9337951730932195, 'recall_micro': 0.9321453138993082, 'recall_weighted': 0.9321453138993082}
Validation statistic: Loss: 0.1721, dev_score: {'accuracy': 0.9434775401955909, 'balanced_accuracy': 0.942926212845882, 'f1_macro': 0.9432404063243448, 'f1_micro': 0.9434775401955909, 'f1_weighted': 0.9434445968467943, 'precision_macro': 0.9438954683570546, 'precision_micro': 0.9434775401955909, 'precision_weighted': 0.9437654812053454, 'recall_macro': 0.942926212845882, 'recall_micro': 0.9434775401955909, 'recall_weighted': 0.9434775401955909}
-----------------------
Epoch 35/100
Training statistic: Loss: 0.2087, train_score: {'accuracy': 0.9329889547938272, 'balanced_accuracy': 0.9344046298780067, 'f1_macro': 0.9340550353380369, 'f1_micro': 0.9329889547938272, 'f1_weighted': 0.9329478637808213, 'precision_macro': 0.9341369532391909, 'precision_micro': 0.9329889547938272, 'precision_weighted': 0.9333182355666338, 'recall_macro': 0.9344046298780067, 'recall_micro': 0.9329889547938272, 'recall_weighted': 0.9329889547938272}
Validation statistic: Loss: 0.1708, dev_score: {'accuracy': 0.9457981103928393, 'balanced_accuracy': 0.9453063608851636, 'f1_macro': 0.9455283245060269, 'f1_micro': 0.9457981103928393, 'f1_weighted': 0.945750783251982, 'precision_macro': 0.9460140247588502, 'precision_micro': 0.9457981103928393, 'precision_weighted': 0.9459789508024544, 'recall_macro': 0.9453063608851636, 'recall_micro': 0.9457981103928393, 'recall_weighted': 0.9457981103928393}
Saving model...
Model saved!
-------------------------------------------
-----------------------
Epoch 36/100
Training statistic: Loss: 0.2086, train_score: {'accuracy': 0.9332809843342376, 'balanced_accuracy': 0.9347230623904907, 'f1_macro': 0.9343460937168266, 'f1_micro': 0.9332809843342376, 'f1_weighted': 0.933271272294271, 'precision_macro': 0.9346537795398862, 'precision_micro': 0.9332809843342376, 'precision_weighted': 0.9339379753989939, 'recall_macro': 0.9347230623904907, 'recall_micro': 0.9332809843342376, 'recall_weighted': 0.9332809843342376}
Validation statistic: Loss: 0.1708, dev_score: {'accuracy': 0.9456323553787502, 'balanced_accuracy': 0.9451689532292653, 'f1_macro': 0.9454200801030266, 'f1_micro': 0.9456323553787502, 'f1_weighted': 0.9456433688508195, 'precision_macro': 0.945952176913514, 'precision_micro': 0.9456323553787502, 'precision_weighted': 0.9459457018370592, 'recall_macro': 0.9451689532292653, 'recall_micro': 0.9456323553787502, 'recall_weighted': 0.9456323553787502}
Saving model...
Model saved!
-------------------------------------------
-----------------------
Epoch 37/100
Training statistic: Loss: 0.2075, train_score: {'accuracy': 0.9333264111516347, 'balanced_accuracy': 0.9350382151192873, 'f1_macro': 0.9344351673825217, 'f1_micro': 0.9333264111516347, 'f1_weighted': 0.9332637137173087, 'precision_macro': 0.9342637503835537, 'precision_micro': 0.9333264111516347, 'precision_weighted': 0.9336282853470282, 'recall_macro': 0.9350382151192873, 'recall_micro': 0.9333264111516347, 'recall_weighted': 0.9333264111516347}
Validation statistic: Loss: 0.1670, dev_score: {'accuracy': 0.9462953754351069, 'balanced_accuracy': 0.94582305246246, 'f1_macro': 0.9460255947378856, 'f1_micro': 0.9462953754351069, 'f1_weighted': 0.9462252149120646, 'precision_macro': 0.946382369012454, 'precision_micro': 0.9462953754351069, 'precision_weighted': 0.9463171934951674, 'recall_macro': 0.94582305246246, 'recall_micro': 0.9462953754351069, 'recall_weighted': 0.9462953754351069}
Saving model...
Model saved!
-------------------------------------------
-----------------------
Epoch 38/100
Training statistic: Loss: 0.2083, train_score: {'accuracy': 0.9326969252534167, 'balanced_accuracy': 0.9341259247128525, 'f1_macro': 0.9337938472065048, 'f1_micro': 0.9326969252534167, 'f1_weighted': 0.9326977289034402, 'precision_macro': 0.9342143120628836, 'precision_micro': 0.9326969252534167, 'precision_weighted': 0.933433304310848, 'recall_macro': 0.9341259247128525, 'recall_micro': 0.9326969252534167, 'recall_weighted': 0.9326969252534167}
Validation statistic: Loss: 0.1709, dev_score: {'accuracy': 0.9444720702801259, 'balanced_accuracy': 0.9439567590664494, 'f1_macro': 0.9442897701965013, 'f1_micro': 0.9444720702801259, 'f1_weighted': 0.9444589606423867, 'precision_macro': 0.9449255301956843, 'precision_micro': 0.9444720702801259, 'precision_weighted': 0.9447588528453096, 'recall_macro': 0.9439567590664494, 'recall_micro': 0.9444720702801259, 'recall_weighted': 0.9444720702801259}
-----------------------
Epoch 39/100
Training statistic: Loss: 0.2086, train_score: {'accuracy': 0.9323594688956092, 'balanced_accuracy': 0.9340431355732832, 'f1_macro': 0.9335533362249212, 'f1_micro': 0.9323594688956092, 'f1_weighted': 0.9323678119561359, 'precision_macro': 0.9338142744607328, 'precision_micro': 0.9323594688956092, 'precision_weighted': 0.9331306116934799, 'recall_macro': 0.9340431355732832, 'recall_micro': 0.9323594688956092, 'recall_weighted': 0.9323594688956092}
Validation statistic: Loss: 0.1718, dev_score: {'accuracy': 0.9441405602519476, 'balanced_accuracy': 0.9436642477194195, 'f1_macro': 0.9439249541145699, 'f1_micro': 0.9441405602519476, 'f1_weighted': 0.9441644208672074, 'precision_macro': 0.9446072539261421, 'precision_micro': 0.9441405602519476, 'precision_weighted': 0.9446299236084771, 'recall_macro': 0.9436642477194195, 'recall_micro': 0.9441405602519476, 'recall_weighted': 0.9441405602519476}
-----------------------
Epoch 40/100
Training statistic: Loss: 0.2043, train_score: {'accuracy': 0.9349942243046452, 'balanced_accuracy': 0.936605892438245, 'f1_macro': 0.9360695888540411, 'f1_micro': 0.9349942243046452, 'f1_weighted': 0.934941905323248, 'precision_macro': 0.936014123574928, 'precision_micro': 0.9349942243046452, 'precision_weighted': 0.9353598396462403, 'recall_macro': 0.936605892438245, 'recall_micro': 0.9349942243046452, 'recall_weighted': 0.9349942243046452}
Validation statistic: Loss: 0.1704, dev_score: {'accuracy': 0.9443063152660368, 'balanced_accuracy': 0.9438379832608051, 'f1_macro': 0.944016771949193, 'f1_micro': 0.9443063152660368, 'f1_weighted': 0.9442629262933604, 'precision_macro': 0.9443944687100918, 'precision_micro': 0.9443063152660368, 'precision_weighted': 0.944427474094096, 'recall_macro': 0.9438379832608051, 'recall_micro': 0.9443063152660368, 'recall_weighted': 0.9443063152660368}
-----------------------
Epoch 41/100
Training statistic: Loss: 0.2073, train_score: {'accuracy': 0.933216088880813, 'balanced_accuracy': 0.9346827229762033, 'f1_macro': 0.9344032414761043, 'f1_micro': 0.933216088880813, 'f1_weighted': 0.9332812958763717, 'precision_macro': 0.9350878359769303, 'precision_micro': 0.933216088880813, 'precision_weighted': 0.9343145482729517, 'recall_macro': 0.9346827229762033, 'recall_micro': 0.933216088880813, 'recall_weighted': 0.933216088880813}
Validation statistic: Loss: 0.1720, dev_score: {'accuracy': 0.9441405602519476, 'balanced_accuracy': 0.9436598943318835, 'f1_macro': 0.9439174311486932, 'f1_micro': 0.9441405602519476, 'f1_weighted': 0.9441819538187091, 'precision_macro': 0.9446527182467079, 'precision_micro': 0.9441405602519476, 'precision_weighted': 0.94471706531061, 'recall_macro': 0.9436598943318835, 'recall_micro': 0.9441405602519476, 'recall_weighted': 0.9441405602519476}
-----------------------
Epoch 42/100
Training statistic: Loss: 0.2049, train_score: {'accuracy': 0.9340078134125923, 'balanced_accuracy': 0.9354385899721367, 'f1_macro': 0.9350747024547312, 'f1_micro': 0.9340078134125923, 'f1_weighted': 0.9339711493894571, 'precision_macro': 0.93532078938227, 'precision_micro': 0.9340078134125923, 'precision_weighted': 0.9345320992091779, 'recall_macro': 0.9354385899721367, 'recall_micro': 0.9340078134125923, 'recall_weighted': 0.9340078134125923}
Validation statistic: Loss: 0.1713, dev_score: {'accuracy': 0.9448035803083044, 'balanced_accuracy': 0.9443100175067549, 'f1_macro': 0.9445675016448073, 'f1_micro': 0.9448035803083044, 'f1_weighted': 0.9447699340243952, 'precision_macro': 0.9451947261422704, 'precision_micro': 0.9448035803083044, 'precision_weighted': 0.945122727382277, 'recall_macro': 0.9443100175067549, 'recall_micro': 0.9448035803083044, 'recall_weighted': 0.9448035803083044}
-----------------------
Epoch 43/100
Training statistic: Loss: 0.2015, train_score: {'accuracy': 0.935292743390398, 'balanced_accuracy': 0.9367118896573018, 'f1_macro': 0.9365000805370517, 'f1_micro': 0.935292743390398, 'f1_weighted': 0.9353268524555849, 'precision_macro': 0.9367013363093178, 'precision_micro': 0.935292743390398, 'precision_weighted': 0.9357766652575666, 'recall_macro': 0.9367118896573018, 'recall_micro': 0.935292743390398, 'recall_weighted': 0.935292743390398}
Validation statistic: Loss: 0.1694, dev_score: {'accuracy': 0.945466600364661, 'balanced_accuracy': 0.9449576083272054, 'f1_macro': 0.9452679706320106, 'f1_micro': 0.945466600364661, 'f1_weighted': 0.9454622409366457, 'precision_macro': 0.9458263368487089, 'precision_micro': 0.945466600364661, 'precision_weighted': 0.9457094208229808, 'recall_macro': 0.9449576083272054, 'recall_micro': 0.945466600364661, 'recall_weighted': 0.945466600364661}
-----------------------
Epoch 44/100
Training statistic: Loss: 0.2043, train_score: {'accuracy': 0.9353576388438226, 'balanced_accuracy': 0.9368085247934589, 'f1_macro': 0.9363984178764786, 'f1_micro': 0.9353576388438226, 'f1_weighted': 0.9353356487628072, 'precision_macro': 0.9364580176126136, 'precision_micro': 0.9353576388438226, 'precision_weighted': 0.9357804608739936, 'recall_macro': 0.9368085247934589, 'recall_micro': 0.9353576388438226, 'recall_weighted': 0.9353576388438226}
Validation statistic: Loss: 0.1696, dev_score: {'accuracy': 0.9451350903364827, 'balanced_accuracy': 0.9446300331337962, 'f1_macro': 0.9448964585363505, 'f1_micro': 0.9451350903364827, 'f1_weighted': 0.9450852774374747, 'precision_macro': 0.9453333287793637, 'precision_micro': 0.9451350903364827, 'precision_weighted': 0.9452159563059672, 'recall_macro': 0.9446300331337962, 'recall_micro': 0.9451350903364827, 'recall_weighted': 0.9451350903364827}
-----------------------
Epoch 45/100
Training statistic: Loss: 0.2039, train_score: {'accuracy': 0.9347995379443717, 'balanced_accuracy': 0.9361326606415268, 'f1_macro': 0.9359082989075214, 'f1_micro': 0.9347995379443717, 'f1_weighted': 0.9348032395520435, 'precision_macro': 0.9363060071210454, 'precision_micro': 0.9347995379443717, 'precision_weighted': 0.9354142322546442, 'recall_macro': 0.9361326606415268, 'recall_micro': 0.9347995379443717, 'recall_weighted': 0.9347995379443717}
Validation statistic: Loss: 0.1691, dev_score: {'accuracy': 0.9453008453505719, 'balanced_accuracy': 0.9447301358440932, 'f1_macro': 0.9450941949433058, 'f1_micro': 0.9453008453505719, 'f1_weighted': 0.9453148436729861, 'precision_macro': 0.9457639629208339, 'precision_micro': 0.9453008453505719, 'precision_weighted': 0.945648190507363, 'recall_macro': 0.9447301358440932, 'recall_micro': 0.9453008453505719, 'recall_weighted': 0.9453008453505719}
-----------------------
Epoch 46/100
Training statistic: Loss: 0.2032, train_score: {'accuracy': 0.9354744506599868, 'balanced_accuracy': 0.9369735836082091, 'f1_macro': 0.9365750430429902, 'f1_micro': 0.9354744506599868, 'f1_weighted': 0.9354550725747725, 'precision_macro': 0.9367694488339552, 'precision_micro': 0.9354744506599868, 'precision_weighted': 0.9360186908527222, 'recall_macro': 0.9369735836082091, 'recall_micro': 0.9354744506599868, 'recall_weighted': 0.9354744506599868}
Validation statistic: Loss: 0.1692, dev_score: {'accuracy': 0.9457981103928393, 'balanced_accuracy': 0.9454304924639036, 'f1_macro': 0.9456366524948121, 'f1_micro': 0.9457981103928393, 'f1_weighted': 0.9458052928248541, 'precision_macro': 0.9461374837716118, 'precision_micro': 0.9457981103928393, 'precision_weighted': 0.9461233609016718, 'recall_macro': 0.9454304924639036, 'recall_micro': 0.9457981103928393, 'recall_weighted': 0.9457981103928393}
-----------------------
Epoch 47/100
Training statistic: Loss: 0.2026, train_score: {'accuracy': 0.9359741456513556, 'balanced_accuracy': 0.9376497913168308, 'f1_macro': 0.9370948890331915, 'f1_micro': 0.9359741456513556, 'f1_weighted': 0.9359854645176354, 'precision_macro': 0.937137689510882, 'precision_micro': 0.9359741456513556, 'precision_weighted': 0.9366036575845345, 'recall_macro': 0.9376497913168308, 'recall_micro': 0.9359741456513556, 'recall_weighted': 0.9359741456513556}
Validation statistic: Loss: 0.1682, dev_score: {'accuracy': 0.9439748052378585, 'balanced_accuracy': 0.9434445771987656, 'f1_macro': 0.943751011045836, 'f1_micro': 0.9439748052378585, 'f1_weighted': 0.9439852957298682, 'precision_macro': 0.9443640969527716, 'precision_micro': 0.9439748052378585, 'precision_weighted': 0.9443112549885943, 'recall_macro': 0.9434445771987656, 'recall_micro': 0.9439748052378585, 'recall_weighted': 0.9439748052378585}
-----------------------
Epoch 48/100
Training statistic: Loss: 0.2005, train_score: {'accuracy': 0.9356172206575207, 'balanced_accuracy': 0.9368776908344225, 'f1_macro': 0.9367295811754526, 'f1_micro': 0.9356172206575207, 'f1_weighted': 0.9356176589697123, 'precision_macro': 0.9372304292540112, 'precision_micro': 0.9356172206575207, 'precision_weighted': 0.9362579224485984, 'recall_macro': 0.9368776908344225, 'recall_micro': 0.9356172206575207, 'recall_weighted': 0.9356172206575207}
Validation statistic: Loss: 0.1691, dev_score: {'accuracy': 0.9449693353223935, 'balanced_accuracy': 0.9445041282949381, 'f1_macro': 0.9447625740156236, 'f1_micro': 0.9449693353223935, 'f1_weighted': 0.9449632143688402, 'precision_macro': 0.9452758511638721, 'precision_micro': 0.9449693353223935, 'precision_weighted': 0.9452202633986143, 'recall_macro': 0.9445041282949381, 'recall_micro': 0.9449693353223935, 'recall_weighted': 0.9449693353223935}
-----------------------
Epoch 49/100
Training statistic: Loss: 0.2001, train_score: {'accuracy': 0.936337560190533, 'balanced_accuracy': 0.9378106455941634, 'f1_macro': 0.9373235342999202, 'f1_micro': 0.936337560190533, 'f1_weighted': 0.9362770112993684, 'precision_macro': 0.9373294667262784, 'precision_micro': 0.936337560190533, 'precision_weighted': 0.9366893876292465, 'recall_macro': 0.9378106455941634, 'recall_micro': 0.936337560190533, 'recall_weighted': 0.936337560190533}
Validation statistic: Loss: 0.1662, dev_score: {'accuracy': 0.9471241505055528, 'balanced_accuracy': 0.946803836044734, 'f1_macro': 0.9468859392837571, 'f1_micro': 0.9471241505055528, 'f1_weighted': 0.9470850407151952, 'precision_macro': 0.9471435657574234, 'precision_micro': 0.9471241505055528, 'precision_weighted': 0.9472307755728057, 'recall_macro': 0.946803836044734, 'recall_micro': 0.9471241505055528, 'recall_weighted': 0.9471241505055528}
Saving model...
Model saved!
-------------------------------------------
-----------------------
Epoch 50/100
Training statistic: Loss: 0.1982, train_score: {'accuracy': 0.9376030215323115, 'balanced_accuracy': 0.9390857940067086, 'f1_macro': 0.9385931297736544, 'f1_micro': 0.9376030215323115, 'f1_weighted': 0.9375648582112713, 'precision_macro': 0.9384551782107803, 'precision_micro': 0.9376030215323115, 'precision_weighted': 0.937878985839157, 'recall_macro': 0.9390857940067086, 'recall_micro': 0.9376030215323115, 'recall_weighted': 0.9376030215323115}
Validation statistic: Loss: 0.1681, dev_score: {'accuracy': 0.9444720702801259, 'balanced_accuracy': 0.9440702622896563, 'f1_macro': 0.9442118399773319, 'f1_micro': 0.9444720702801259, 'f1_weighted': 0.9444367603636713, 'precision_macro': 0.9445270719691703, 'precision_micro': 0.9444720702801259, 'precision_weighted': 0.9445826542333587, 'recall_macro': 0.9440702622896563, 'recall_micro': 0.9444720702801259, 'recall_weighted': 0.9444720702801259}
-----------------------
Epoch 51/100
Training statistic: Loss: 0.1955, train_score: {'accuracy': 0.9383493192466936, 'balanced_accuracy': 0.9397148451017973, 'f1_macro': 0.9393033003413267, 'f1_micro': 0.9383493192466936, 'f1_weighted': 0.9383085751233786, 'precision_macro': 0.939317571449313, 'precision_micro': 0.9383493192466936, 'precision_weighted': 0.9386754069914297, 'recall_macro': 0.9397148451017973, 'recall_micro': 0.9383493192466936, 'recall_weighted': 0.9383493192466936}
Validation statistic: Loss: 0.1662, dev_score: {'accuracy': 0.9466268854632852, 'balanced_accuracy': 0.9462321383871345, 'f1_macro': 0.9463463327856141, 'f1_micro': 0.9466268854632852, 'f1_weighted': 0.9465814015368492, 'precision_macro': 0.9467021752389373, 'precision_micro': 0.9466268854632852, 'precision_weighted': 0.9467824459910196, 'recall_macro': 0.9462321383871345, 'recall_micro': 0.9466268854632852, 'recall_weighted': 0.9466268854632852}
Saving model...
Model saved!
-------------------------------------------
-----------------------
Epoch 52/100
Training statistic: Loss: 0.1981, train_score: {'accuracy': 0.9373629083546406, 'balanced_accuracy': 0.9390688245723519, 'f1_macro': 0.9383307367459868, 'f1_micro': 0.9373629083546406, 'f1_weighted': 0.937300413638567, 'precision_macro': 0.9379822585008654, 'precision_micro': 0.9373629083546406, 'precision_weighted': 0.9376117520027967, 'recall_macro': 0.9390688245723519, 'recall_micro': 0.9373629083546406, 'recall_weighted': 0.9373629083546406}
Validation statistic: Loss: 0.1682, dev_score: {'accuracy': 0.9459638654069286, 'balanced_accuracy': 0.9454249320048295, 'f1_macro': 0.9456979385931804, 'f1_micro': 0.9459638654069286, 'f1_weighted': 0.9459275038332826, 'precision_macro': 0.9462079860468366, 'precision_micro': 0.9459638654069286, 'precision_weighted': 0.9461381259640609, 'recall_macro': 0.9454249320048295, 'recall_micro': 0.9459638654069286, 'recall_weighted': 0.9459638654069286}
-----------------------
Epoch 53/100
Training statistic: Loss: 0.1982, train_score: {'accuracy': 0.9376030215323115, 'balanced_accuracy': 0.9390681305184708, 'f1_macro': 0.9387426762088815, 'f1_micro': 0.9376030215323115, 'f1_weighted': 0.9376078624168596, 'precision_macro': 0.9388812438110319, 'precision_micro': 0.9376030215323115, 'precision_weighted': 0.9380739790089657, 'recall_macro': 0.9390681305184708, 'recall_micro': 0.9376030215323115, 'recall_weighted': 0.9376030215323115}
Validation statistic: Loss: 0.1678, dev_score: {'accuracy': 0.9461296204210178, 'balanced_accuracy': 0.9457121727354739, 'f1_macro': 0.945911849142967, 'f1_micro': 0.9461296204210178, 'f1_weighted': 0.9461224201609881, 'precision_macro': 0.9463550441250422, 'precision_micro': 0.9461296204210178, 'precision_weighted': 0.946366032094751, 'recall_macro': 0.9457121727354739, 'recall_micro': 0.9461296204210178, 'recall_weighted': 0.9461296204210178}
-----------------------
Epoch 54/100
Training statistic: Loss: 0.1991, train_score: {'accuracy': 0.9369151297260114, 'balanced_accuracy': 0.9384760270678706, 'f1_macro': 0.9380837206390525, 'f1_micro': 0.9369151297260114, 'f1_weighted': 0.9369403160923554, 'precision_macro': 0.9382611316607437, 'precision_micro': 0.9369151297260114, 'precision_weighted': 0.93753614203885, 'recall_macro': 0.9384760270678706, 'recall_micro': 0.9369151297260114, 'recall_weighted': 0.9369151297260114}
Validation statistic: Loss: 0.1675, dev_score: {'accuracy': 0.9459638654069286, 'balanced_accuracy': 0.9455442541153294, 'f1_macro': 0.9457818873220294, 'f1_micro': 0.9459638654069286, 'f1_weighted': 0.9459697949133355, 'precision_macro': 0.9463430402134978, 'precision_micro': 0.9459638654069286, 'precision_weighted': 0.9463123760921393, 'recall_macro': 0.9455442541153294, 'recall_micro': 0.9459638654069286, 'recall_weighted': 0.9459638654069286}
-----------------------
Epoch 55/100
Training statistic: Loss: 0.1944, train_score: {'accuracy': 0.9398678728568276, 'balanced_accuracy': 0.9413941606492242, 'f1_macro': 0.94094879305612, 'f1_micro': 0.9398678728568276, 'f1_weighted': 0.9398619495883245, 'precision_macro': 0.9408174376580334, 'precision_micro': 0.9398678728568276, 'precision_weighted': 0.9401820292410988, 'recall_macro': 0.9413941606492242, 'recall_micro': 0.9398678728568276, 'recall_weighted': 0.9398678728568276}
Validation statistic: Loss: 0.1642, dev_score: {'accuracy': 0.9462953754351069, 'balanced_accuracy': 0.9459222107235744, 'f1_macro': 0.9460586049773893, 'f1_micro': 0.9462953754351069, 'f1_weighted': 0.9462751672787925, 'precision_macro': 0.9464183082265867, 'precision_micro': 0.9462953754351069, 'precision_weighted': 0.9464908428513239, 'recall_macro': 0.9459222107235744, 'recall_micro': 0.9462953754351069, 'recall_weighted': 0.9462953754351069}
Saving model...
Model saved!
-------------------------------------------
-----------------------
Epoch 56/100
Training statistic: Loss: 0.1984, train_score: {'accuracy': 0.9376679169857359, 'balanced_accuracy': 0.9393544425808207, 'f1_macro': 0.9386826773456385, 'f1_micro': 0.9376679169857359, 'f1_weighted': 0.9376480866634348, 'precision_macro': 0.9385869787935549, 'precision_micro': 0.9376679169857359, 'precision_weighted': 0.938199029280921, 'recall_macro': 0.9393544425808207, 'recall_micro': 0.9376679169857359, 'recall_weighted': 0.9376679169857359}
Validation statistic: Loss: 0.1679, dev_score: {'accuracy': 0.9459638654069286, 'balanced_accuracy': 0.9455545761852611, 'f1_macro': 0.9456934495568415, 'f1_micro': 0.9459638654069286, 'f1_weighted': 0.9459170107655136, 'precision_macro': 0.9460651662259248, 'precision_micro': 0.9459638654069286, 'precision_weighted': 0.9461156135498815, 'recall_macro': 0.9455545761852611, 'recall_micro': 0.9459638654069286, 'recall_weighted': 0.9459638654069286}
-----------------------
Epoch 57/100
Training statistic: Loss: 0.1977, train_score: {'accuracy': 0.9375446156242294, 'balanced_accuracy': 0.9389630855486804, 'f1_macro': 0.9384690493456119, 'f1_micro': 0.9375446156242294, 'f1_weighted': 0.9374892122309942, 'precision_macro': 0.9385399285588649, 'precision_micro': 0.9375446156242294, 'precision_weighted': 0.9379716211239506, 'recall_macro': 0.9389630855486804, 'recall_micro': 0.9375446156242294, 'recall_weighted': 0.9375446156242294}
Validation statistic: Loss: 0.1658, dev_score: {'accuracy': 0.945466600364661, 'balanced_accuracy': 0.9450018393428999, 'f1_macro': 0.9451632478228895, 'f1_micro': 0.945466600364661, 'f1_weighted': 0.9454437329781279, 'precision_macro': 0.9455723523130389, 'precision_micro': 0.945466600364661, 'precision_weighted': 0.9456788640763012, 'recall_macro': 0.9450018393428999, 'recall_micro': 0.945466600364661, 'recall_weighted': 0.945466600364661}
-----------------------
Epoch 58/100
Training statistic: Loss: 0.1948, train_score: {'accuracy': 0.9389268887821719, 'balanced_accuracy': 0.9401998788105846, 'f1_macro': 0.9398847735706546, 'f1_micro': 0.9389268887821719, 'f1_weighted': 0.938904737428576, 'precision_macro': 0.9400244847131176, 'precision_micro': 0.9389268887821719, 'precision_weighted': 0.9393121354033283, 'recall_macro': 0.9401998788105846, 'recall_micro': 0.9389268887821719, 'recall_weighted': 0.9389268887821719}
Validation statistic: Loss: 0.1663, dev_score: {'accuracy': 0.9457981103928393, 'balanced_accuracy': 0.9452024344719595, 'f1_macro': 0.9454747428715145, 'f1_micro': 0.9457981103928393, 'f1_weighted': 0.9457593827080338, 'precision_macro': 0.9460053720087739, 'precision_micro': 0.9457981103928393, 'precision_weighted': 0.9459873310510396, 'recall_macro': 0.9452024344719595, 'recall_micro': 0.9457981103928393, 'recall_weighted': 0.9457981103928393}
-----------------------
Epoch 59/100
Training statistic: Loss: 0.1944, train_score: {'accuracy': 0.9386413487871039, 'balanced_accuracy': 0.9399757634674852, 'f1_macro': 0.9397164571090719, 'f1_micro': 0.9386413487871039, 'f1_weighted': 0.9386603024197683, 'precision_macro': 0.9400271647709205, 'precision_micro': 0.9386413487871039, 'precision_weighted': 0.9392518718500049, 'recall_macro': 0.9399757634674852, 'recall_micro': 0.9386413487871039, 'recall_weighted': 0.9386413487871039}
Validation statistic: Loss: 0.1674, dev_score: {'accuracy': 0.945466600364661, 'balanced_accuracy': 0.9451309385641663, 'f1_macro': 0.945226108691292, 'f1_micro': 0.945466600364661, 'f1_weighted': 0.9454658692157775, 'precision_macro': 0.9455904305838428, 'precision_micro': 0.945466600364661, 'precision_weighted': 0.9457536126563194, 'recall_macro': 0.9451309385641663, 'recall_micro': 0.945466600364661, 'recall_weighted': 0.945466600364661}
-----------------------
Epoch 60/100
Training statistic: Loss: 0.1922, train_score: {'accuracy': 0.9389268887821719, 'balanced_accuracy': 0.9403244322027753, 'f1_macro': 0.9398782835061322, 'f1_micro': 0.9389268887821719, 'f1_weighted': 0.9389078183279697, 'precision_macro': 0.9399437968416846, 'precision_micro': 0.9389268887821719, 'precision_weighted': 0.9393949729658041, 'recall_macro': 0.9403244322027753, 'recall_micro': 0.9389268887821719, 'recall_weighted': 0.9389268887821719}
Validation statistic: Loss: 0.1678, dev_score: {'accuracy': 0.9462953754351069, 'balanced_accuracy': 0.9458968565106118, 'f1_macro': 0.946021857218512, 'f1_micro': 0.9462953754351069, 'f1_weighted': 0.9462734114812746, 'precision_macro': 0.9463908129838515, 'precision_micro': 0.9462953754351069, 'precision_weighted': 0.9465038751864581, 'recall_macro': 0.9458968565106118, 'recall_micro': 0.9462953754351069, 'recall_weighted': 0.9462953754351069}
-----------------------
Epoch 61/100
Training statistic: Loss: 0.1942, train_score: {'accuracy': 0.9389528469635418, 'balanced_accuracy': 0.9400363861916923, 'f1_macro': 0.9399185982025517, 'f1_micro': 0.9389528469635418, 'f1_weighted': 0.938905284907748, 'precision_macro': 0.9402238021925585, 'precision_micro': 0.9389528469635418, 'precision_weighted': 0.939255247649504, 'recall_macro': 0.9400363861916923, 'recall_micro': 0.9389528469635418, 'recall_weighted': 0.9389528469635418}
Validation statistic: Loss: 0.1684, dev_score: {'accuracy': 0.9448035803083044, 'balanced_accuracy': 0.9443013057319126, 'f1_macro': 0.9445781627540061, 'f1_micro': 0.9448035803083044, 'f1_weighted': 0.9448106464091561, 'precision_macro': 0.9451018461967436, 'precision_micro': 0.9448035803083044, 'precision_weighted': 0.945070822716896, 'recall_macro': 0.9443013057319126, 'recall_micro': 0.9448035803083044, 'recall_weighted': 0.9448035803083044}
-----------------------
Epoch 62/100
Training statistic: Loss: 0.1925, train_score: {'accuracy': 0.9393616883201162, 'balanced_accuracy': 0.9406900571186881, 'f1_macro': 0.9403791273436465, 'f1_micro': 0.9393616883201162, 'f1_weighted': 0.9393390195967726, 'precision_macro': 0.9406294145065879, 'precision_micro': 0.9393616883201162, 'precision_weighted': 0.9398724853304691, 'recall_macro': 0.9406900571186881, 'recall_micro': 0.9393616883201162, 'recall_weighted': 0.9393616883201162}
Validation statistic: Loss: 0.1680, dev_score: {'accuracy': 0.9456323553787502, 'balanced_accuracy': 0.9452669710340424, 'f1_macro': 0.9454072781722818, 'f1_micro': 0.9456323553787502, 'f1_weighted': 0.9456515389160934, 'precision_macro': 0.9459179485030258, 'precision_micro': 0.9456323553787502, 'precision_weighted': 0.9460539472927768, 'recall_macro': 0.9452669710340424, 'recall_micro': 0.9456323553787502, 'recall_weighted': 0.9456323553787502}
-----------------------
Epoch 63/100
Training statistic: Loss: 0.1934, train_score: {'accuracy': 0.9406336392072372, 'balanced_accuracy': 0.9420534154680016, 'f1_macro': 0.9415994906510841, 'f1_micro': 0.9406336392072372, 'f1_weighted': 0.9406060617327744, 'precision_macro': 0.9414764105003242, 'precision_micro': 0.9406336392072372, 'precision_weighted': 0.940898692512944, 'recall_macro': 0.9420534154680016, 'recall_micro': 0.9406336392072372, 'recall_weighted': 0.9406336392072372}
Validation statistic: Loss: 0.1647, dev_score: {'accuracy': 0.9456323553787502, 'balanced_accuracy': 0.9451336848852863, 'f1_macro': 0.9453092607747025, 'f1_micro': 0.9456323553787502, 'f1_weighted': 0.9455853192502413, 'precision_macro': 0.9457223368019237, 'precision_micro': 0.9456323553787502, 'precision_weighted': 0.9457853058995913, 'recall_macro': 0.9451336848852863, 'recall_micro': 0.9456323553787502, 'recall_weighted': 0.9456323553787502}
-----------------------
Epoch 64/100
Training statistic: Loss: 0.1916, train_score: {'accuracy': 0.9394460524095681, 'balanced_accuracy': 0.9411012343544835, 'f1_macro': 0.9404074589995313, 'f1_micro': 0.9394460524095681, 'f1_weighted': 0.93939848412754, 'precision_macro': 0.9402347482441271, 'precision_micro': 0.9394460524095681, 'precision_weighted': 0.9398655865206855, 'recall_macro': 0.9411012343544835, 'recall_micro': 0.9394460524095681, 'recall_weighted': 0.9394460524095681}
Validation statistic: Loss: 0.1639, dev_score: {'accuracy': 0.9457981103928393, 'balanced_accuracy': 0.9454642147763475, 'f1_macro': 0.9455178027173761, 'f1_micro': 0.9457981103928393, 'f1_weighted': 0.9457754965079882, 'precision_macro': 0.9458688104654025, 'precision_micro': 0.9457981103928393, 'precision_weighted': 0.9460636920805651, 'recall_macro': 0.9454642147763475, 'recall_micro': 0.9457981103928393, 'recall_weighted': 0.9457981103928393}
Saving model...
Model saved!
-------------------------------------------
-----------------------
Epoch 65/100
Training statistic: Loss: 0.1895, train_score: {'accuracy': 0.9403416096668268, 'balanced_accuracy': 0.9418312541355123, 'f1_macro': 0.9413320458230914, 'f1_micro': 0.9403416096668268, 'f1_weighted': 0.9402745029222161, 'precision_macro': 0.9411130728853936, 'precision_micro': 0.9403416096668268, 'precision_weighted': 0.9404788137573219, 'recall_macro': 0.9418312541355123, 'recall_micro': 0.9403416096668268, 'recall_weighted': 0.9403416096668268}
Validation statistic: Loss: 0.1642, dev_score: {'accuracy': 0.9456323553787502, 'balanced_accuracy': 0.9451395265704325, 'f1_macro': 0.9453227119558718, 'f1_micro': 0.9456323553787502, 'f1_weighted': 0.945559669759711, 'precision_macro': 0.9458029387553912, 'precision_micro': 0.9456323553787502, 'precision_weighted': 0.9457990029254716, 'recall_macro': 0.9451395265704325, 'recall_micro': 0.9456323553787502, 'recall_weighted': 0.9456323553787502}
-----------------------
Epoch 66/100
Training statistic: Loss: 0.1923, train_score: {'accuracy': 0.9398419146754579, 'balanced_accuracy': 0.9410785247641472, 'f1_macro': 0.940786158353909, 'f1_micro': 0.9398419146754579, 'f1_weighted': 0.9397736139342461, 'precision_macro': 0.9409242202281597, 'precision_micro': 0.9398419146754579, 'precision_weighted': 0.9401150209788789, 'recall_macro': 0.9410785247641472, 'recall_micro': 0.9398419146754579, 'recall_weighted': 0.9398419146754579}
Validation statistic: Loss: 0.1657, dev_score: {'accuracy': 0.9446378252942151, 'balanced_accuracy': 0.9441041431327987, 'f1_macro': 0.9443930297997852, 'f1_micro': 0.9446378252942151, 'f1_weighted': 0.9446215143053139, 'precision_macro': 0.9449590598074327, 'precision_micro': 0.9446378252942151, 'precision_weighted': 0.9448854651732822, 'recall_macro': 0.9441041431327987, 'recall_micro': 0.9446378252942151, 'recall_weighted': 0.9446378252942151}
-----------------------
Epoch 67/100
Training statistic: Loss: 0.1919, train_score: {'accuracy': 0.9405233169364154, 'balanced_accuracy': 0.9417682896369056, 'f1_macro': 0.9415214097139802, 'f1_micro': 0.9405233169364154, 'f1_weighted': 0.9404883225033805, 'precision_macro': 0.9416924275857766, 'precision_micro': 0.9405233169364154, 'precision_weighted': 0.9408519942177961, 'recall_macro': 0.9417682896369056, 'recall_micro': 0.9405233169364154, 'recall_weighted': 0.9405233169364154}
Validation statistic: Loss: 0.1654, dev_score: {'accuracy': 0.9453008453505719, 'balanced_accuracy': 0.944798838536068, 'f1_macro': 0.945048971562264, 'f1_micro': 0.9453008453505719, 'f1_weighted': 0.9452586803989839, 'precision_macro': 0.9455224691627195, 'precision_micro': 0.9453008453505719, 'precision_weighted': 0.9454480110577764, 'recall_macro': 0.944798838536068, 'recall_micro': 0.9453008453505719, 'recall_weighted': 0.9453008453505719}
-----------------------
Epoch 68/100
Training statistic: Loss: 0.1919, train_score: {'accuracy': 0.9400495801264164, 'balanced_accuracy': 0.9414691781403273, 'f1_macro': 0.9410011586701812, 'f1_micro': 0.9400495801264164, 'f1_weighted': 0.9399956726519704, 'precision_macro': 0.941047146448118, 'precision_micro': 0.9400495801264164, 'precision_weighted': 0.9404420033711318, 'recall_macro': 0.9414691781403273, 'recall_micro': 0.9400495801264164, 'recall_weighted': 0.9400495801264164}
Validation statistic: Loss: 0.1661, dev_score: {'accuracy': 0.9457981103928393, 'balanced_accuracy': 0.9453212865402199, 'f1_macro': 0.9455034199423956, 'f1_micro': 0.9457981103928393, 'f1_weighted': 0.9457616738965802, 'precision_macro': 0.9459783377881601, 'precision_micro': 0.9457981103928393, 'precision_weighted': 0.9460270778265412, 'recall_macro': 0.9453212865402199, 'recall_micro': 0.9457981103928393, 'recall_weighted': 0.9457981103928393}
-----------------------
Epoch 69/100
Training statistic: Loss: 0.1897, train_score: {'accuracy': 0.9407439614780588, 'balanced_accuracy': 0.942174656092049, 'f1_macro': 0.9416795139763865, 'f1_micro': 0.9407439614780588, 'f1_weighted': 0.9407157891136457, 'precision_macro': 0.9416869130300449, 'precision_micro': 0.9407439614780588, 'precision_weighted': 0.9411796477954983, 'recall_macro': 0.942174656092049, 'recall_micro': 0.9407439614780588, 'recall_weighted': 0.9407439614780588}
Validation statistic: Loss: 0.1645, dev_score: {'accuracy': 0.9476214155478203, 'balanced_accuracy': 0.9471510762821017, 'f1_macro': 0.9473356244960038, 'f1_micro': 0.9476214155478203, 'f1_weighted': 0.9476152815506728, 'precision_macro': 0.9478362303602779, 'precision_micro': 0.9476214155478203, 'precision_weighted': 0.9479369516415055, 'recall_macro': 0.9471510762821017, 'recall_micro': 0.9476214155478203, 'recall_weighted': 0.9476214155478203}
-----------------------
Epoch 70/100
Training statistic: Loss: 0.1902, train_score: {'accuracy': 0.9416524978260024, 'balanced_accuracy': 0.943156698732271, 'f1_macro': 0.9426560947920587, 'f1_micro': 0.9416524978260024, 'f1_weighted': 0.9416400881887715, 'precision_macro': 0.9425575601738643, 'precision_micro': 0.9416524978260024, 'precision_weighted': 0.9420242680813273, 'recall_macro': 0.943156698732271, 'recall_micro': 0.9416524978260024, 'recall_weighted': 0.9416524978260024}
Validation statistic: Loss: 0.1642, dev_score: {'accuracy': 0.9456323553787502, 'balanced_accuracy': 0.945153564554223, 'f1_macro': 0.9453759957919464, 'f1_micro': 0.9456323553787502, 'f1_weighted': 0.9455954497627697, 'precision_macro': 0.9458429813855697, 'precision_micro': 0.9456323553787502, 'precision_weighted': 0.945811521447526, 'recall_macro': 0.945153564554223, 'recall_micro': 0.9456323553787502, 'recall_weighted': 0.9456323553787502}
-----------------------
Epoch 71/100
Training statistic: Loss: 0.1929, train_score: {'accuracy': 0.940302672394772, 'balanced_accuracy': 0.9418375331420599, 'f1_macro': 0.9412921891378927, 'f1_micro': 0.940302672394772, 'f1_weighted': 0.940275866101607, 'precision_macro': 0.9411121234743286, 'precision_micro': 0.940302672394772, 'precision_weighted': 0.9406103593985322, 'recall_macro': 0.9418375331420599, 'recall_micro': 0.940302672394772, 'recall_weighted': 0.940302672394772}
Validation statistic: Loss: 0.1649, dev_score: {'accuracy': 0.9467926404773744, 'balanced_accuracy': 0.9462811091412899, 'f1_macro': 0.9464485047725016, 'f1_micro': 0.9467926404773744, 'f1_weighted': 0.9467450704353615, 'precision_macro': 0.9468633621597853, 'precision_micro': 0.9467926404773744, 'precision_weighted': 0.9469586314469118, 'recall_macro': 0.9462811091412899, 'recall_micro': 0.9467926404773744, 'recall_weighted': 0.9467926404773744}
-----------------------
Epoch 72/100
Training statistic: Loss: 0.1879, train_score: {'accuracy': 0.9409191792023051, 'balanced_accuracy': 0.9422373736737105, 'f1_macro': 0.9417948895741144, 'f1_micro': 0.9409191792023051, 'f1_weighted': 0.940844552613402, 'precision_macro': 0.9417314609077776, 'precision_micro': 0.9409191792023051, 'precision_weighted': 0.9411246034403961, 'recall_macro': 0.9422373736737105, 'recall_micro': 0.9409191792023051, 'recall_weighted': 0.9409191792023051}
Validation statistic: Loss: 0.1636, dev_score: {'accuracy': 0.9469583954914637, 'balanced_accuracy': 0.9465547884345321, 'f1_macro': 0.9467192344395026, 'f1_micro': 0.9469583954914637, 'f1_weighted': 0.946914691555228, 'precision_macro': 0.9471050282492721, 'precision_micro': 0.9469583954914637, 'precision_weighted': 0.9470992908185485, 'recall_macro': 0.9465547884345321, 'recall_micro': 0.9469583954914637, 'recall_weighted': 0.9469583954914637}
Saving model...
Model saved!
-------------------------------------------
-----------------------
Epoch 73/100
Training statistic: Loss: 0.1912, train_score: {'accuracy': 0.940789388295456, 'balanced_accuracy': 0.9421163335418326, 'f1_macro': 0.9416252836262169, 'f1_micro': 0.940789388295456, 'f1_weighted': 0.9407277988493193, 'precision_macro': 0.9417564692109035, 'precision_micro': 0.940789388295456, 'precision_weighted': 0.9412690169798008, 'recall_macro': 0.9421163335418326, 'recall_micro': 0.940789388295456, 'recall_weighted': 0.940789388295456}
Validation statistic: Loss: 0.1658, dev_score: {'accuracy': 0.9461296204210178, 'balanced_accuracy': 0.9456160620529565, 'f1_macro': 0.9457878469138136, 'f1_micro': 0.9461296204210178, 'f1_weighted': 0.9460706950560075, 'precision_macro': 0.9462330760769971, 'precision_micro': 0.9461296204210178, 'precision_weighted': 0.9462951648235489, 'recall_macro': 0.9456160620529565, 'recall_micro': 0.9461296204210178, 'recall_weighted': 0.9461296204210178}
-----------------------
Epoch 74/100
Training statistic: Loss: 0.1912, train_score: {'accuracy': 0.9406401287525796, 'balanced_accuracy': 0.9416454611393348, 'f1_macro': 0.9416167670073647, 'f1_micro': 0.9406401287525796, 'f1_weighted': 0.940642583767582, 'precision_macro': 0.9422099431027554, 'precision_micro': 0.9406401287525796, 'precision_weighted': 0.9412484221482078, 'recall_macro': 0.9416454611393348, 'recall_micro': 0.9406401287525796, 'recall_weighted': 0.9406401287525796}
Validation statistic: Loss: 0.1653, dev_score: {'accuracy': 0.9469583954914637, 'balanced_accuracy': 0.9465353092969867, 'f1_macro': 0.9468378371978995, 'f1_micro': 0.9469583954914637, 'f1_weighted': 0.9469831636840484, 'precision_macro': 0.9474508900357972, 'precision_micro': 0.9469583954914637, 'precision_weighted': 0.9473279883090491, 'recall_macro': 0.9465353092969867, 'recall_micro': 0.9469583954914637, 'recall_weighted': 0.9469583954914637}
-----------------------
Epoch 75/100
Training statistic: Loss: 0.1883, train_score: {'accuracy': 0.940575233299155, 'balanced_accuracy': 0.9418238485870128, 'f1_macro': 0.9414622508342069, 'f1_micro': 0.940575233299155, 'f1_weighted': 0.9405203228305057, 'precision_macro': 0.9415393829977438, 'precision_micro': 0.940575233299155, 'precision_weighted': 0.9408836605997856, 'recall_macro': 0.9418238485870128, 'recall_micro': 0.940575233299155, 'recall_weighted': 0.940575233299155}
Validation statistic: Loss: 0.1648, dev_score: {'accuracy': 0.9456323553787502, 'balanced_accuracy': 0.9452837274165615, 'f1_macro': 0.9454558679263535, 'f1_micro': 0.9456323553787502, 'f1_weighted': 0.9456312247118236, 'precision_macro': 0.94588677739366, 'precision_micro': 0.9456323553787502, 'precision_weighted': 0.9459013650950702, 'recall_macro': 0.9452837274165615, 'recall_micro': 0.9456323553787502, 'recall_weighted': 0.9456323553787502}
-----------------------
Epoch 76/100
Training statistic: Loss: 0.1886, train_score: {'accuracy': 0.9406141705712098, 'balanced_accuracy': 0.9418048096370182, 'f1_macro': 0.941571160966786, 'f1_micro': 0.9406141705712098, 'f1_weighted': 0.9405758669602722, 'precision_macro': 0.9418571831466546, 'precision_micro': 0.9406141705712098, 'precision_weighted': 0.9410324453699088, 'recall_macro': 0.9418048096370182, 'recall_micro': 0.9406141705712098, 'recall_weighted': 0.9406141705712098}
Validation statistic: Loss: 0.1665, dev_score: {'accuracy': 0.9449693353223935, 'balanced_accuracy': 0.9443705987058355, 'f1_macro': 0.9447549718524767, 'f1_micro': 0.9449693353223935, 'f1_weighted': 0.944958049846114, 'precision_macro': 0.9455390847762963, 'precision_micro': 0.9449693353223935, 'precision_weighted': 0.9453530184044578, 'recall_macro': 0.9443705987058355, 'recall_micro': 0.9449693353223935, 'recall_weighted': 0.9449693353223935}
-----------------------
Epoch 77/100
Training statistic: Loss: 0.1881, train_score: {'accuracy': 0.9417433514607967, 'balanced_accuracy': 0.9431294241931238, 'f1_macro': 0.9426909736842933, 'f1_micro': 0.9417433514607967, 'f1_weighted': 0.941717037197413, 'precision_macro': 0.9426973666890331, 'precision_micro': 0.9417433514607967, 'precision_weighted': 0.9421257404821328, 'recall_macro': 0.9431294241931238, 'recall_micro': 0.9417433514607967, 'recall_weighted': 0.9417433514607967}
Validation statistic: Loss: 0.1646, dev_score: {'accuracy': 0.9462953754351069, 'balanced_accuracy': 0.9459354904481513, 'f1_macro': 0.9460974254249221, 'f1_micro': 0.9462953754351069, 'f1_weighted': 0.9462871792033906, 'precision_macro': 0.9465424762791745, 'precision_micro': 0.9462953754351069, 'precision_weighted': 0.9465727777604783, 'recall_macro': 0.9459354904481513, 'recall_micro': 0.9462953754351069, 'recall_weighted': 0.9462953754351069}
-----------------------
Epoch 78/100
Training statistic: Loss: 0.1873, train_score: {'accuracy': 0.9416070710086052, 'balanced_accuracy': 0.9427488147653884, 'f1_macro': 0.9426340491834605, 'f1_micro': 0.9416070710086052, 'f1_weighted': 0.941585580555094, 'precision_macro': 0.9429793875981316, 'precision_micro': 0.9416070710086052, 'precision_weighted': 0.9420199543732287, 'recall_macro': 0.9427488147653884, 'recall_micro': 0.9416070710086052, 'recall_weighted': 0.9416070710086052}
Validation statistic: Loss: 0.1637, dev_score: {'accuracy': 0.9446378252942151, 'balanced_accuracy': 0.9443436902249067, 'f1_macro': 0.9444150805513898, 'f1_micro': 0.9446378252942151, 'f1_weighted': 0.9445917915591968, 'precision_macro': 0.9446686948111447, 'precision_micro': 0.9446378252942151, 'precision_weighted': 0.9447398380845963, 'recall_macro': 0.9443436902249067, 'recall_micro': 0.9446378252942151, 'recall_weighted': 0.9446378252942151}
-----------------------
Epoch 79/100
Training statistic: Loss: 0.1878, train_score: {'accuracy': 0.9427686996249043, 'balanced_accuracy': 0.9441283782759491, 'f1_macro': 0.9436035309823583, 'f1_micro': 0.9427686996249043, 'f1_weighted': 0.9427314814566621, 'precision_macro': 0.9435318550193823, 'precision_micro': 0.9427686996249043, 'precision_weighted': 0.943128205585644, 'recall_macro': 0.9441283782759491, 'recall_micro': 0.9427686996249043, 'recall_weighted': 0.9427686996249043}
Validation statistic: Loss: 0.1651, dev_score: {'accuracy': 0.9469583954914637, 'balanced_accuracy': 0.9466202611912398, 'f1_macro': 0.9467646540894143, 'f1_micro': 0.9469583954914637, 'f1_weighted': 0.9469259864610803, 'precision_macro': 0.9471712350943979, 'precision_micro': 0.9469583954914637, 'precision_weighted': 0.9471676555942671, 'recall_macro': 0.9466202611912398, 'recall_micro': 0.9469583954914637, 'recall_weighted': 0.9469583954914637}
-----------------------
Epoch 80/100
Training statistic: Loss: 0.1875, train_score: {'accuracy': 0.9420353810012071, 'balanced_accuracy': 0.9432179712113499, 'f1_macro': 0.9430824337552505, 'f1_micro': 0.9420353810012071, 'f1_weighted': 0.9420587394114799, 'precision_macro': 0.9434789433726998, 'precision_micro': 0.9420353810012071, 'precision_weighted': 0.942608159328217, 'recall_macro': 0.9432179712113499, 'recall_micro': 0.9420353810012071, 'recall_weighted': 0.9420353810012071}
Validation statistic: Loss: 0.1631, dev_score: {'accuracy': 0.9464611304491961, 'balanced_accuracy': 0.9458856779327112, 'f1_macro': 0.9461864380985083, 'f1_micro': 0.9464611304491961, 'f1_weighted': 0.9464815439175284, 'precision_macro': 0.946724784668907, 'precision_micro': 0.9464611304491961, 'precision_weighted': 0.9467423049120124, 'recall_macro': 0.9458856779327112, 'recall_micro': 0.9464611304491961, 'recall_weighted': 0.9464611304491961}
Saving model...
Model saved!
-------------------------------------------
-----------------------
Epoch 81/100
Training statistic: Loss: 0.1885, train_score: {'accuracy': 0.9414448323750438, 'balanced_accuracy': 0.9427863319132321, 'f1_macro': 0.9423934116796142, 'f1_micro': 0.9414448323750438, 'f1_weighted': 0.9414039568691743, 'precision_macro': 0.942505345386395, 'precision_micro': 0.9414448323750438, 'precision_weighted': 0.9418484879499845, 'recall_macro': 0.9427863319132321, 'recall_micro': 0.9414448323750438, 'recall_weighted': 0.9414448323750438}
Validation statistic: Loss: 0.1661, dev_score: {'accuracy': 0.9462953754351069, 'balanced_accuracy': 0.945875480042565, 'f1_macro': 0.9460825608205402, 'f1_micro': 0.9462953754351069, 'f1_weighted': 0.9462591635423818, 'precision_macro': 0.94658575508581, 'precision_micro': 0.9462953754351069, 'precision_weighted': 0.9465308406525087, 'recall_macro': 0.945875480042565, 'recall_micro': 0.9462953754351069, 'recall_weighted': 0.9462953754351069}
-----------------------
Epoch 82/100
Training statistic: Loss: 0.1877, train_score: {'accuracy': 0.9420872973639467, 'balanced_accuracy': 0.9435285263111091, 'f1_macro': 0.9430781457821297, 'f1_micro': 0.9420872973639467, 'f1_weighted': 0.9420743889212749, 'precision_macro': 0.9430421095796481, 'precision_micro': 0.9420872973639467, 'precision_weighted': 0.942477796274846, 'recall_macro': 0.9435285263111091, 'recall_micro': 0.9420872973639467, 'recall_weighted': 0.9420872973639467}
Validation statistic: Loss: 0.1635, dev_score: {'accuracy': 0.9469583954914637, 'balanced_accuracy': 0.9465903196175294, 'f1_macro': 0.9467211096578604, 'f1_micro': 0.9469583954914637, 'f1_weighted': 0.9469332328696863, 'precision_macro': 0.9470517547938512, 'precision_micro': 0.9469583954914637, 'precision_weighted': 0.9471234477977191, 'recall_macro': 0.9465903196175294, 'recall_micro': 0.9469583954914637, 'recall_weighted': 0.9469583954914637}
-----------------------
Epoch 83/100
Training statistic: Loss: 0.1866, train_score: {'accuracy': 0.9426129505366854, 'balanced_accuracy': 0.9437770004430688, 'f1_macro': 0.943501507460352, 'f1_micro': 0.9426129505366854, 'f1_weighted': 0.9425985809381503, 'precision_macro': 0.9438607880610956, 'precision_micro': 0.9426129505366854, 'precision_weighted': 0.9432001900978859, 'recall_macro': 0.9437770004430688, 'recall_micro': 0.9426129505366854, 'recall_weighted': 0.9426129505366854}
Validation statistic: Loss: 0.1643, dev_score: {'accuracy': 0.9464611304491961, 'balanced_accuracy': 0.9459739643004867, 'f1_macro': 0.9462177831149445, 'f1_micro': 0.9464611304491961, 'f1_weighted': 0.9464689571081345, 'precision_macro': 0.9467938030099985, 'precision_micro': 0.9464611304491961, 'precision_weighted': 0.9468203794354452, 'recall_macro': 0.9459739643004867, 'recall_micro': 0.9464611304491961, 'recall_weighted': 0.9464611304491961}
-----------------------
Epoch 84/100
Training statistic: Loss: 0.1841, train_score: {'accuracy': 0.9424312432670967, 'balanced_accuracy': 0.9435706242143016, 'f1_macro': 0.9433225237167793, 'f1_micro': 0.9424312432670967, 'f1_weighted': 0.9423808923823933, 'precision_macro': 0.9435578974269092, 'precision_micro': 0.9424312432670967, 'precision_weighted': 0.9427891269700853, 'recall_macro': 0.9435706242143016, 'recall_micro': 0.9424312432670967, 'recall_weighted': 0.9424312432670967}
Validation statistic: Loss: 0.1646, dev_score: {'accuracy': 0.9449693353223935, 'balanced_accuracy': 0.9445730229843671, 'f1_macro': 0.9447078892883122, 'f1_micro': 0.9449693353223935, 'f1_weighted': 0.9449451284249657, 'precision_macro': 0.945141259168891, 'precision_micro': 0.9449693353223935, 'precision_weighted': 0.9452275194047212, 'recall_macro': 0.9445730229843671, 'recall_micro': 0.9449693353223935, 'recall_weighted': 0.9449693353223935}
-----------------------
Epoch 85/100
Training statistic: Loss: 0.1852, train_score: {'accuracy': 0.9426064609913429, 'balanced_accuracy': 0.943937591035834, 'f1_macro': 0.9435664470914039, 'f1_micro': 0.9426064609913429, 'f1_weighted': 0.9425967844998265, 'precision_macro': 0.9436142410695674, 'precision_micro': 0.9426064609913429, 'precision_weighted': 0.9429952522924662, 'recall_macro': 0.943937591035834, 'recall_micro': 0.9426064609913429, 'recall_weighted': 0.9426064609913429}
Validation statistic: Loss: 0.1655, dev_score: {'accuracy': 0.9457981103928393, 'balanced_accuracy': 0.9453866633642944, 'f1_macro': 0.9456013827495736, 'f1_micro': 0.9457981103928393, 'f1_weighted': 0.9457873167562052, 'precision_macro': 0.94621608983165, 'precision_micro': 0.9457981103928393, 'precision_weighted': 0.9461915046893802, 'recall_macro': 0.9453866633642944, 'recall_micro': 0.9457981103928393, 'recall_weighted': 0.9457981103928393}
-----------------------
Epoch 86/100
Training statistic: Loss: 0.1868, train_score: {'accuracy': 0.9425869923553156, 'balanced_accuracy': 0.9439671801972761, 'f1_macro': 0.9434699186242774, 'f1_micro': 0.9425869923553156, 'f1_weighted': 0.9425518303986257, 'precision_macro': 0.9434733268686392, 'precision_micro': 0.9425869923553156, 'precision_weighted': 0.9429957268409823, 'recall_macro': 0.9439671801972761, 'recall_micro': 0.9425869923553156, 'recall_weighted': 0.9425869923553156}
Validation statistic: Loss: 0.1645, dev_score: {'accuracy': 0.9453008453505719, 'balanced_accuracy': 0.9449130897412094, 'f1_macro': 0.9451688025675885, 'f1_micro': 0.9453008453505719, 'f1_weighted': 0.9453065977040671, 'precision_macro': 0.9457740922698701, 'precision_micro': 0.9453008453505719, 'precision_weighted': 0.9456761517461191, 'recall_macro': 0.9449130897412094, 'recall_micro': 0.9453008453505719, 'recall_weighted': 0.9453008453505719}
-----------------------
Epoch 87/100
Training statistic: Loss: 0.1863, train_score: {'accuracy': 0.9430023232572325, 'balanced_accuracy': 0.9441685888573774, 'f1_macro': 0.9438467585877504, 'f1_micro': 0.9430023232572325, 'f1_weighted': 0.9429492075987613, 'precision_macro': 0.9440086263870444, 'precision_micro': 0.9430023232572325, 'precision_weighted': 0.9433564459151633, 'recall_macro': 0.9441685888573774, 'recall_micro': 0.9430023232572325, 'recall_weighted': 0.9430023232572325}
Validation statistic: Loss: 0.1662, dev_score: {'accuracy': 0.9448035803083044, 'balanced_accuracy': 0.9442696917016171, 'f1_macro': 0.9445238466525694, 'f1_micro': 0.9448035803083044, 'f1_weighted': 0.9447601909657702, 'precision_macro': 0.9450934393218027, 'precision_micro': 0.9448035803083044, 'precision_weighted': 0.9450386496048624, 'recall_macro': 0.9442696917016171, 'recall_micro': 0.9448035803083044, 'recall_weighted': 0.9448035803083044}
-----------------------
Epoch 88/100
Training statistic: Loss: 0.1841, train_score: {'accuracy': 0.9419380378210702, 'balanced_accuracy': 0.9434464728633973, 'f1_macro': 0.9428457737428522, 'f1_micro': 0.9419380378210702, 'f1_weighted': 0.9418902261576891, 'precision_macro': 0.9427030374973473, 'precision_micro': 0.9419380378210702, 'precision_weighted': 0.9422782095034414, 'recall_macro': 0.9434464728633973, 'recall_micro': 0.9419380378210702, 'recall_weighted': 0.9419380378210702}
Validation statistic: Loss: 0.1649, dev_score: {'accuracy': 0.9453008453505719, 'balanced_accuracy': 0.9448511262743375, 'f1_macro': 0.945098081237701, 'f1_micro': 0.9453008453505719, 'f1_weighted': 0.9452626809094997, 'precision_macro': 0.9456372198531385, 'precision_micro': 0.9453008453505719, 'precision_weighted': 0.9455276652670213, 'recall_macro': 0.9448511262743375, 'recall_micro': 0.9453008453505719, 'recall_weighted': 0.9453008453505719}
-----------------------
Epoch 89/100
Training statistic: Loss: 0.1854, train_score: {'accuracy': 0.9428465741690137, 'balanced_accuracy': 0.9440302973049768, 'f1_macro': 0.9437456572164737, 'f1_micro': 0.9428465741690137, 'f1_weighted': 0.9428088342309489, 'precision_macro': 0.9439661143102729, 'precision_micro': 0.9428465741690137, 'precision_weighted': 0.9432569110599449, 'recall_macro': 0.9440302973049768, 'recall_micro': 0.9428465741690137, 'recall_weighted': 0.9428465741690137}
Validation statistic: Loss: 0.1647, dev_score: {'accuracy': 0.9453008453505719, 'balanced_accuracy': 0.9448575443790828, 'f1_macro': 0.945056470385041, 'f1_micro': 0.9453008453505719, 'f1_weighted': 0.9452748280352637, 'precision_macro': 0.9455048698589799, 'precision_micro': 0.9453008453505719, 'precision_weighted': 0.9455113915300793, 'recall_macro': 0.9448575443790828, 'recall_micro': 0.9453008453505719, 'recall_weighted': 0.9453008453505719}
-----------------------
Epoch 90/100
Training statistic: Loss: 0.1838, train_score: {'accuracy': 0.9438135164250393, 'balanced_accuracy': 0.9450048254901946, 'f1_macro': 0.944720595952411, 'f1_micro': 0.9438135164250393, 'f1_weighted': 0.9437747986059067, 'precision_macro': 0.9448296409228885, 'precision_micro': 0.9438135164250393, 'precision_weighted': 0.9441159849814867, 'recall_macro': 0.9450048254901946, 'recall_micro': 0.9438135164250393, 'recall_weighted': 0.9438135164250393}
Validation statistic: Loss: 0.1626, dev_score: {'accuracy': 0.945466600364661, 'balanced_accuracy': 0.945078795051663, 'f1_macro': 0.945188046375136, 'f1_micro': 0.945466600364661, 'f1_weighted': 0.9454473389226716, 'precision_macro': 0.9455443708409641, 'precision_micro': 0.945466600364661, 'precision_weighted': 0.9456855485986323, 'recall_macro': 0.945078795051663, 'recall_micro': 0.945466600364661, 'recall_weighted': 0.945466600364661}
Saving model...
Model saved!
-------------------------------------------
-----------------------
Epoch 91/100
Training statistic: Loss: 0.1827, train_score: {'accuracy': 0.9439368177865459, 'balanced_accuracy': 0.9453830663292913, 'f1_macro': 0.9448473880186515, 'f1_micro': 0.9439368177865459, 'f1_weighted': 0.9438730665072361, 'precision_macro': 0.9446404594164761, 'precision_micro': 0.9439368177865459, 'precision_weighted': 0.9441236618262471, 'recall_macro': 0.9453830663292913, 'recall_micro': 0.9439368177865459, 'recall_weighted': 0.9439368177865459}
Validation statistic: Loss: 0.1635, dev_score: {'accuracy': 0.9456323553787502, 'balanced_accuracy': 0.9452736949191456, 'f1_macro': 0.9453604433153883, 'f1_micro': 0.9456323553787502, 'f1_weighted': 0.9455679429319046, 'precision_macro': 0.9456627867766713, 'precision_micro': 0.9456323553787502, 'precision_weighted': 0.9457291950315596, 'recall_macro': 0.9452736949191456, 'recall_micro': 0.9456323553787502, 'recall_weighted': 0.9456323553787502}
-----------------------
Epoch 92/100
Training statistic: Loss: 0.1853, train_score: {'accuracy': 0.9425805028099732, 'balanced_accuracy': 0.9438528909819434, 'f1_macro': 0.9435161307756184, 'f1_micro': 0.9425805028099732, 'f1_weighted': 0.9425365252427614, 'precision_macro': 0.9437132859879462, 'precision_micro': 0.9425805028099732, 'precision_weighted': 0.9430103600812136, 'recall_macro': 0.9438528909819434, 'recall_micro': 0.9425805028099732, 'recall_weighted': 0.9425805028099732}
Validation statistic: Loss: 0.1650, dev_score: {'accuracy': 0.9459638654069286, 'balanced_accuracy': 0.9455822185633682, 'f1_macro': 0.9457538100690371, 'f1_micro': 0.9459638654069286, 'f1_weighted': 0.9459532085075778, 'precision_macro': 0.9462126748161197, 'precision_micro': 0.9459638654069286, 'precision_weighted': 0.9462418046940945, 'recall_macro': 0.9455822185633682, 'recall_micro': 0.9459638654069286, 'recall_weighted': 0.9459638654069286}
-----------------------
Epoch 93/100
Training statistic: Loss: 0.1845, train_score: {'accuracy': 0.9424961387205213, 'balanced_accuracy': 0.9436057479417814, 'f1_macro': 0.9432905005382283, 'f1_micro': 0.9424961387205213, 'f1_weighted': 0.9424640454155879, 'precision_macro': 0.9437536239027569, 'precision_micro': 0.9424961387205213, 'precision_weighted': 0.9431701207347898, 'recall_macro': 0.9436057479417814, 'recall_micro': 0.9424961387205213, 'recall_weighted': 0.9424961387205213}
Validation statistic: Loss: 0.1650, dev_score: {'accuracy': 0.9456323553787502, 'balanced_accuracy': 0.9452262374934144, 'f1_macro': 0.9454406330847027, 'f1_micro': 0.9456323553787502, 'f1_weighted': 0.9456677318306148, 'precision_macro': 0.9460686077627456, 'precision_micro': 0.9456323553787502, 'precision_weighted': 0.9461332168154095, 'recall_macro': 0.9452262374934144, 'recall_micro': 0.9456323553787502, 'recall_weighted': 0.9456323553787502}
-----------------------
Epoch 94/100
Training statistic: Loss: 0.1833, train_score: {'accuracy': 0.9440860773294223, 'balanced_accuracy': 0.9452934312422322, 'f1_macro': 0.9450694103988282, 'f1_micro': 0.9440860773294223, 'f1_weighted': 0.9440910533017628, 'precision_macro': 0.9452553004013815, 'precision_micro': 0.9440860773294223, 'precision_weighted': 0.9444978901321615, 'recall_macro': 0.9452934312422322, 'recall_micro': 0.9440860773294223, 'recall_weighted': 0.9440860773294223}
Validation statistic: Loss: 0.1638, dev_score: {'accuracy': 0.9453008453505719, 'balanced_accuracy': 0.9447523225026027, 'f1_macro': 0.9450152695944768, 'f1_micro': 0.9453008453505719, 'f1_weighted': 0.9453055491058134, 'precision_macro': 0.9455638777848616, 'precision_micro': 0.9453008453505719, 'precision_weighted': 0.945599440566037, 'recall_macro': 0.9447523225026027, 'recall_micro': 0.9453008453505719, 'recall_weighted': 0.9453008453505719}
-----------------------
Epoch 95/100
Training statistic: Loss: 0.1809, train_score: {'accuracy': 0.9452217477643516, 'balanced_accuracy': 0.9464335579012788, 'f1_macro': 0.9460935797568159, 'f1_micro': 0.9452217477643516, 'f1_weighted': 0.9451984123722295, 'precision_macro': 0.9461503840560038, 'precision_micro': 0.9452217477643516, 'precision_weighted': 0.9455611802153114, 'recall_macro': 0.9464335579012788, 'recall_micro': 0.9452217477643516, 'recall_weighted': 0.9452217477643516}
Validation statistic: Loss: 0.1627, dev_score: {'accuracy': 0.9446378252942151, 'balanced_accuracy': 0.9442512394956101, 'f1_macro': 0.9444540603300011, 'f1_micro': 0.9446378252942151, 'f1_weighted': 0.9446340636920703, 'precision_macro': 0.9449850266332817, 'precision_micro': 0.9446378252942151, 'precision_weighted': 0.9449673435780891, 'recall_macro': 0.9442512394956101, 'recall_micro': 0.9446378252942151, 'recall_weighted': 0.9446378252942151}
-----------------------
Epoch 96/100
Training statistic: Loss: 0.1819, train_score: {'accuracy': 0.9441444832375043, 'balanced_accuracy': 0.9455870583753267, 'f1_macro': 0.9450922773030189, 'f1_micro': 0.9441444832375043, 'f1_weighted': 0.9441470067585619, 'precision_macro': 0.9450749989856793, 'precision_micro': 0.9441444832375043, 'precision_weighted': 0.9446332007650219, 'recall_macro': 0.9455870583753267, 'recall_micro': 0.9441444832375043, 'recall_weighted': 0.9441444832375043}
Validation statistic: Loss: 0.1636, dev_score: {'accuracy': 0.9457981103928393, 'balanced_accuracy': 0.9454932606720838, 'f1_macro': 0.945602124368589, 'f1_micro': 0.9457981103928393, 'f1_weighted': 0.9457848543236055, 'precision_macro': 0.9459337105166015, 'precision_micro': 0.9457981103928393, 'precision_weighted': 0.9460079335978684, 'recall_macro': 0.9454932606720838, 'recall_micro': 0.9457981103928393, 'recall_weighted': 0.9457981103928393}
-----------------------
Epoch 97/100
Training statistic: Loss: 0.1829, train_score: {'accuracy': 0.9442872532350384, 'balanced_accuracy': 0.9456838739556639, 'f1_macro': 0.9452498477681326, 'f1_micro': 0.9442872532350384, 'f1_weighted': 0.9442732985033883, 'precision_macro': 0.9451998772569411, 'precision_micro': 0.9442872532350384, 'precision_weighted': 0.9446438418429668, 'recall_macro': 0.9456838739556639, 'recall_micro': 0.9442872532350384, 'recall_weighted': 0.9442872532350384}
Validation statistic: Loss: 0.1627, dev_score: {'accuracy': 0.9459638654069286, 'balanced_accuracy': 0.9455462611017568, 'f1_macro': 0.9457775049888539, 'f1_micro': 0.9459638654069286, 'f1_weighted': 0.9459680655864621, 'precision_macro': 0.9462894829034054, 'precision_micro': 0.9459638654069286, 'precision_weighted': 0.9462664907213838, 'recall_macro': 0.9455462611017568, 'recall_micro': 0.9459638654069286, 'recall_weighted': 0.9459638654069286}
-----------------------
Epoch 98/100
Training statistic: Loss: 0.1833, train_score: {'accuracy': 0.94336573779641, 'balanced_accuracy': 0.9448858841565345, 'f1_macro': 0.9442627501547545, 'f1_micro': 0.94336573779641, 'f1_weighted': 0.9433482174504224, 'precision_macro': 0.9441706748824362, 'precision_micro': 0.94336573779641, 'precision_weighted': 0.943841655300845, 'recall_macro': 0.9448858841565345, 'recall_micro': 0.94336573779641, 'recall_weighted': 0.94336573779641}
Validation statistic: Loss: 0.1629, dev_score: {'accuracy': 0.9453008453505719, 'balanced_accuracy': 0.9447652372679045, 'f1_macro': 0.9450756447858613, 'f1_micro': 0.9453008453505719, 'f1_weighted': 0.9452987193252583, 'precision_macro': 0.9456803244064526, 'precision_micro': 0.9453008453505719, 'precision_weighted': 0.9456033050192387, 'recall_macro': 0.9447652372679045, 'recall_micro': 0.9453008453505719, 'recall_weighted': 0.9453008453505719}
-----------------------
Epoch 99/100
Training statistic: Loss: 0.1855, train_score: {'accuracy': 0.9440082027853128, 'balanced_accuracy': 0.9451943004263615, 'f1_macro': 0.9450163213549422, 'f1_micro': 0.9440082027853128, 'f1_weighted': 0.9440282174213307, 'precision_macro': 0.9454005050523305, 'precision_micro': 0.9440082027853128, 'precision_weighted': 0.9446137959334485, 'recall_macro': 0.9451943004263615, 'recall_micro': 0.9440082027853128, 'recall_weighted': 0.9440082027853128}
Validation statistic: Loss: 0.1646, dev_score: {'accuracy': 0.9459638654069286, 'balanced_accuracy': 0.9455040463556303, 'f1_macro': 0.945695796394129, 'f1_micro': 0.9459638654069286, 'f1_weighted': 0.9459648478647606, 'precision_macro': 0.9462506672674273, 'precision_micro': 0.9459638654069286, 'precision_weighted': 0.9463494321482123, 'recall_macro': 0.9455040463556303, 'recall_micro': 0.9459638654069286, 'recall_weighted': 0.9459638654069286}
-----------------------
Epoch 100/100
Training statistic: Loss: 0.1828, train_score: {'accuracy': 0.9438459641517515, 'balanced_accuracy': 0.9451478078833624, 'f1_macro': 0.9448779873950457, 'f1_micro': 0.9438459641517515, 'f1_weighted': 0.9438636834888231, 'precision_macro': 0.9451303286407853, 'precision_micro': 0.9438459641517515, 'precision_weighted': 0.9444061402729577, 'recall_macro': 0.9451478078833624, 'recall_micro': 0.9438459641517515, 'recall_weighted': 0.9438459641517515}
Validation statistic: Loss: 0.1640, dev_score: {'accuracy': 0.9457981103928393, 'balanced_accuracy': 0.9454600212458336, 'f1_macro': 0.9455244295326013, 'f1_micro': 0.9457981103928393, 'f1_weighted': 0.9457921472301525, 'precision_macro': 0.9458636906852496, 'precision_micro': 0.9457981103928393, 'precision_weighted': 0.9460775391910139, 'recall_macro': 0.9454600212458336, 'recall_micro': 0.9457981103928393, 'recall_weighted': 0.9457981103928393}
Testing statistic: loss: 0.1619756979311079, scores: {'accuracy': 0.9472298186974577, 'balanced_accuracy': 0.9472732933283158, 'f1_macro': 0.9473612464309724, 'f1_micro': 0.9472298186974577, 'f1_weighted': 0.9472935495903968, 'precision_macro': 0.9476725307150777, 'precision_micro': 0.9472298186974577, 'precision_weighted': 0.9475794826311491, 'recall_macro': 0.9472732933283158, 'recall_micro': 0.9472298186974577, 'recall_weighted': 0.9472298186974577}
Finish training!
