=====Setting up data=====
Dataset name:mnist12
train_option:mix
augment_option:tvae
mix_ratio:-1
n_sample:-1
Training dataset size: 154112 samples
Validation dataset size: 6144 samples

=====Setting up parameters for training=====
num_epochs: 100
learning_rate: 0.001
patience: 30
early_stop_criterion: loss
=====Setting up trainer=====
input_size: 144
model: DNN_MNIST12
----------------------------------------------------------------
        Layer (type)               Output Shape         Param #
================================================================
           Dropout-1                  [-1, 144]               0
            Linear-2                 [-1, 1024]         148,480
         LeakyReLU-3                 [-1, 1024]               0
       BatchNorm1d-4                 [-1, 1024]           2,048
           Dropout-5                 [-1, 1024]               0
            Linear-6                 [-1, 1024]       1,049,600
         LeakyReLU-7                 [-1, 1024]               0
       BatchNorm1d-8                 [-1, 1024]           2,048
           Dropout-9                 [-1, 1024]               0
           Linear-10                  [-1, 256]         262,400
        LeakyReLU-11                  [-1, 256]               0
      BatchNorm1d-12                  [-1, 256]             512
          Dropout-13                  [-1, 256]               0
           Linear-14                   [-1, 10]           2,570
================================================================
Total params: 1,467,658
Trainable params: 1,467,658
Non-trainable params: 0
----------------------------------------------------------------
Input size (MB): 0.00
Forward/backward pass size (MB): 0.07
Params size (MB): 5.60
Estimated Total Size (MB): 5.67
----------------------------------------------------------------
=====Setting up output files=====
weight_dir, weight_file: /home/thuy/Research/minh_data_synth/TabularDA/.cache/mnist_head_fixed_runtime_20261009/output/mnist_head_fixed_20261009/mnist12/weight/, mnist12_seed42_tvae_full_generated_mix.weights.pth
acc_dir, acc_file: /home/thuy/Research/minh_data_synth/TabularDA/.cache/mnist_head_fixed_runtime_20261009/output/mnist_head_fixed_20261009/mnist12/acc/, mnist12_seed42_tvae_full_generated_mix.epochs.csv
report_file: mnist12_seed42_tvae_full_generated_mix.report.txt
==========================================================================================
Start training...
-----------------------
Epoch 1/100
Training statistic: Loss: 0.6066, train_score: {'accuracy': 0.7900437395356081, 'balanced_accuracy': 0.7929446836054941, 'f1_macro': 0.7927875753536029, 'f1_micro': 0.7900437395356081, 'f1_weighted': 0.7904768127325327, 'precision_macro': 0.7958119291486745, 'precision_micro': 0.7900437395356081, 'precision_weighted': 0.7941519032026412, 'recall_macro': 0.7929446836054941, 'recall_micro': 0.7900437395356081, 'recall_weighted': 0.7900437395356081}
Validation statistic: Loss: 0.3498, dev_score: {'accuracy': 0.9058511519973479, 'balanced_accuracy': 0.9035665384455518, 'f1_macro': 0.9051787870902738, 'f1_micro': 0.9058511519973479, 'f1_weighted': 0.9061819668078281, 'precision_macro': 0.9091279685345508, 'precision_micro': 0.9058511519973479, 'precision_weighted': 0.9088098996010413, 'recall_macro': 0.9035665384455518, 'recall_micro': 0.9058511519973479, 'recall_weighted': 0.9058511519973479}
Saving model...
Model saved!
-------------------------------------------
-----------------------
Epoch 2/100
Training statistic: Loss: 0.5703, train_score: {'accuracy': 0.8020234402377769, 'balanced_accuracy': 0.8053564828995314, 'f1_macro': 0.8043381572589553, 'f1_micro': 0.8020234402377769, 'f1_weighted': 0.802095022621186, 'precision_macro': 0.8055453141100903, 'precision_micro': 0.8020234402377769, 'precision_weighted': 0.8044173420261626, 'recall_macro': 0.8053564828995314, 'recall_micro': 0.8020234402377769, 'recall_weighted': 0.8020234402377769}
Validation statistic: Loss: 0.3141, dev_score: {'accuracy': 0.9186142880822145, 'balanced_accuracy': 0.9171163953899635, 'f1_macro': 0.9178560051441167, 'f1_micro': 0.9186142880822145, 'f1_weighted': 0.9186275445499805, 'precision_macro': 0.919872633813473, 'precision_micro': 0.9186142880822145, 'precision_weighted': 0.919895739023894, 'recall_macro': 0.9171163953899635, 'recall_micro': 0.9186142880822145, 'recall_weighted': 0.9186142880822145}
Saving model...
Model saved!
-------------------------------------------
-----------------------
Epoch 3/100
Training statistic: Loss: 0.5500, train_score: {'accuracy': 0.8071631601489999, 'balanced_accuracy': 0.8103182515381275, 'f1_macro': 0.8095507660675398, 'f1_micro': 0.8071631601489999, 'f1_weighted': 0.8073790954519541, 'precision_macro': 0.8113510230424301, 'precision_micro': 0.8071631601489999, 'precision_weighted': 0.8102028682185348, 'recall_macro': 0.8103182515381275, 'recall_micro': 0.8071631601489999, 'recall_weighted': 0.8071631601489999}
Validation statistic: Loss: 0.2935, dev_score: {'accuracy': 0.921929388363998, 'balanced_accuracy': 0.9203490696647927, 'f1_macro': 0.9214054652394401, 'f1_micro': 0.921929388363998, 'f1_weighted': 0.9221059450318633, 'precision_macro': 0.9237583480718066, 'precision_micro': 0.921929388363998, 'precision_weighted': 0.9235606864272649, 'recall_macro': 0.9203490696647927, 'recall_micro': 0.921929388363998, 'recall_weighted': 0.921929388363998}
Saving model...
Model saved!
-------------------------------------------
-----------------------
Epoch 4/100
Training statistic: Loss: 0.5376, train_score: {'accuracy': 0.8126208677820032, 'balanced_accuracy': 0.8155933720163928, 'f1_macro': 0.8147488457905474, 'f1_micro': 0.8126208677820032, 'f1_weighted': 0.8126910649832613, 'precision_macro': 0.8157602881605435, 'precision_micro': 0.8126208677820032, 'precision_weighted': 0.814618147379117, 'recall_macro': 0.8155933720163928, 'recall_micro': 0.8126208677820032, 'recall_weighted': 0.8126208677820032}
Validation statistic: Loss: 0.2810, dev_score: {'accuracy': 0.9273993038289409, 'balanced_accuracy': 0.9260131085711952, 'f1_macro': 0.9269821269321886, 'f1_micro': 0.9273993038289409, 'f1_weighted': 0.9274522609737735, 'precision_macro': 0.9287521288044818, 'precision_micro': 0.9273993038289409, 'precision_weighted': 0.9282851312393194, 'recall_macro': 0.9260131085711952, 'recall_micro': 0.9273993038289409, 'recall_weighted': 0.9273993038289409}
Saving model...
Model saved!
-------------------------------------------
-----------------------
Epoch 5/100
Training statistic: Loss: 0.5266, train_score: {'accuracy': 0.8153464768258336, 'balanced_accuracy': 0.8188161196254043, 'f1_macro': 0.8173347638342705, 'f1_micro': 0.8153464768258336, 'f1_weighted': 0.815316888333326, 'precision_macro': 0.8176120220677208, 'precision_micro': 0.8153464768258336, 'precision_weighted': 0.8170508924796543, 'recall_macro': 0.8188161196254043, 'recall_micro': 0.8153464768258336, 'recall_weighted': 0.8153464768258336}
Validation statistic: Loss: 0.2728, dev_score: {'accuracy': 0.9317089341952594, 'balanced_accuracy': 0.9306841347894392, 'f1_macro': 0.9313807117087063, 'f1_micro': 0.9317089341952594, 'f1_weighted': 0.9317405395625248, 'precision_macro': 0.9328658894128452, 'precision_micro': 0.9317089341952594, 'precision_weighted': 0.93255351151797, 'recall_macro': 0.9306841347894392, 'recall_micro': 0.9317089341952594, 'recall_weighted': 0.9317089341952594}
Saving model...
Model saved!
-------------------------------------------
-----------------------
Epoch 6/100
Training statistic: Loss: 0.5203, train_score: {'accuracy': 0.8183511363193895, 'balanced_accuracy': 0.8211567915980249, 'f1_macro': 0.8202382902374818, 'f1_micro': 0.8183511363193895, 'f1_weighted': 0.8183208639747664, 'precision_macro': 0.8207256116799332, 'precision_micro': 0.8183511363193895, 'precision_weighted': 0.8196667342568065, 'recall_macro': 0.8211567915980249, 'recall_micro': 0.8183511363193895, 'recall_weighted': 0.8183511363193895}
Validation statistic: Loss: 0.2715, dev_score: {'accuracy': 0.9302171390684568, 'balanced_accuracy': 0.9291999195946469, 'f1_macro': 0.9298857631694781, 'f1_micro': 0.9302171390684568, 'f1_weighted': 0.9302750283883328, 'precision_macro': 0.9314786563425395, 'precision_micro': 0.9302171390684568, 'precision_weighted': 0.9312366936177986, 'recall_macro': 0.9291999195946469, 'recall_micro': 0.9302171390684568, 'recall_weighted': 0.9302171390684568}
Saving model...
Model saved!
-------------------------------------------
-----------------------
Epoch 7/100
Training statistic: Loss: 0.5169, train_score: {'accuracy': 0.8188118940387037, 'balanced_accuracy': 0.8224175968974521, 'f1_macro': 0.820956390554526, 'f1_micro': 0.8188118940387037, 'f1_weighted': 0.8189391143028516, 'precision_macro': 0.8213662210059021, 'precision_micro': 0.8188118940387037, 'precision_weighted': 0.8209484824178516, 'recall_macro': 0.8224175968974521, 'recall_micro': 0.8188118940387037, 'recall_weighted': 0.8188118940387037}
Validation statistic: Loss: 0.2673, dev_score: {'accuracy': 0.9330349743079728, 'balanced_accuracy': 0.9318995007567727, 'f1_macro': 0.9327422972563497, 'f1_micro': 0.9330349743079728, 'f1_weighted': 0.9331586354143494, 'precision_macro': 0.934796341480617, 'precision_micro': 0.9330349743079728, 'precision_weighted': 0.9344747580355425, 'recall_macro': 0.9318995007567727, 'recall_micro': 0.9330349743079728, 'recall_weighted': 0.9330349743079728}
Saving model...
Model saved!
-------------------------------------------
-----------------------
Epoch 8/100
Training statistic: Loss: 0.5103, train_score: {'accuracy': 0.8208950380936312, 'balanced_accuracy': 0.823921703590851, 'f1_macro': 0.8230670241777333, 'f1_micro': 0.8208950380936312, 'f1_weighted': 0.8209969436191396, 'precision_macro': 0.8234357059903814, 'precision_micro': 0.8208950380936312, 'precision_weighted': 0.8223358382638043, 'recall_macro': 0.823921703590851, 'recall_micro': 0.8208950380936312, 'recall_weighted': 0.8208950380936312}
Validation statistic: Loss: 0.2648, dev_score: {'accuracy': 0.9338637493784187, 'balanced_accuracy': 0.9326923661497355, 'f1_macro': 0.9335831129867825, 'f1_micro': 0.9338637493784187, 'f1_weighted': 0.9339224127830338, 'precision_macro': 0.935247984119164, 'precision_micro': 0.9338637493784187, 'precision_weighted': 0.9347294834799021, 'recall_macro': 0.9326923661497355, 'recall_micro': 0.9338637493784187, 'recall_weighted': 0.9338637493784187}
Saving model...
Model saved!
-------------------------------------------
-----------------------
Epoch 9/100
Training statistic: Loss: 0.5053, train_score: {'accuracy': 0.822309758978286, 'balanced_accuracy': 0.8251834252433081, 'f1_macro': 0.8243327594901994, 'f1_micro': 0.822309758978286, 'f1_weighted': 0.8224205585727041, 'precision_macro': 0.8253339918832621, 'precision_micro': 0.822309758978286, 'precision_weighted': 0.8243804031254978, 'recall_macro': 0.8251834252433081, 'recall_micro': 0.822309758978286, 'recall_weighted': 0.822309758978286}
Validation statistic: Loss: 0.2589, dev_score: {'accuracy': 0.930382894082546, 'balanced_accuracy': 0.9293313560504398, 'f1_macro': 0.930247148701404, 'f1_micro': 0.930382894082546, 'f1_weighted': 0.9305407918981371, 'precision_macro': 0.9324191429477728, 'precision_micro': 0.930382894082546, 'precision_weighted': 0.9319418106816708, 'recall_macro': 0.9293313560504398, 'recall_micro': 0.930382894082546, 'recall_weighted': 0.930382894082546}
Saving model...
Model saved!
-------------------------------------------
-----------------------
Epoch 10/100
Training statistic: Loss: 0.4991, train_score: {'accuracy': 0.8247887652991032, 'balanced_accuracy': 0.8279802044126233, 'f1_macro': 0.8266631630815692, 'f1_micro': 0.8247887652991032, 'f1_weighted': 0.8248016686347236, 'precision_macro': 0.8268594078175306, 'precision_micro': 0.8247887652991032, 'precision_weighted': 0.8263084934539959, 'recall_macro': 0.8279802044126233, 'recall_micro': 0.8247887652991032, 'recall_weighted': 0.8247887652991032}
Validation statistic: Loss: 0.2535, dev_score: {'accuracy': 0.9361843195756672, 'balanced_accuracy': 0.9353613923507831, 'f1_macro': 0.9360076648999008, 'f1_micro': 0.9361843195756672, 'f1_weighted': 0.9362425864128173, 'precision_macro': 0.9372897840307829, 'precision_micro': 0.9361843195756672, 'precision_weighted': 0.9369391056965204, 'recall_macro': 0.9353613923507831, 'recall_micro': 0.9361843195756672, 'recall_weighted': 0.9361843195756672}
Saving model...
Model saved!
-------------------------------------------
-----------------------
Epoch 11/100
Training statistic: Loss: 0.4966, train_score: {'accuracy': 0.8262878502732098, 'balanced_accuracy': 0.8294183842489831, 'f1_macro': 0.8282122841905135, 'f1_micro': 0.8262878502732098, 'f1_weighted': 0.8262889033273104, 'precision_macro': 0.8280647461249696, 'precision_micro': 0.8262878502732098, 'precision_weighted': 0.8273338556486856, 'recall_macro': 0.8294183842489831, 'recall_micro': 0.8262878502732098, 'recall_weighted': 0.8262878502732098}
Validation statistic: Loss: 0.2537, dev_score: {'accuracy': 0.937013094646113, 'balanced_accuracy': 0.9362646949086472, 'f1_macro': 0.9368281952035536, 'f1_micro': 0.937013094646113, 'f1_weighted': 0.9370736885154447, 'precision_macro': 0.9379534219265107, 'precision_micro': 0.937013094646113, 'precision_weighted': 0.93769591412588, 'recall_macro': 0.9362646949086472, 'recall_micro': 0.937013094646113, 'recall_weighted': 0.937013094646113}
-----------------------
Epoch 12/100
Training statistic: Loss: 0.4914, train_score: {'accuracy': 0.8271704284397835, 'balanced_accuracy': 0.8298609699358819, 'f1_macro': 0.8292797045677807, 'f1_micro': 0.8271704284397835, 'f1_weighted': 0.8273327363423676, 'precision_macro': 0.8300284243340649, 'precision_micro': 0.8271704284397835, 'precision_weighted': 0.8288286505548921, 'recall_macro': 0.8298609699358819, 'recall_micro': 0.8271704284397835, 'recall_weighted': 0.8271704284397835}
Validation statistic: Loss: 0.2507, dev_score: {'accuracy': 0.9343610144206862, 'balanced_accuracy': 0.9336309532109137, 'f1_macro': 0.9343536653391851, 'f1_micro': 0.9343610144206862, 'f1_weighted': 0.9344951344873896, 'precision_macro': 0.9359416671122116, 'precision_micro': 0.9343610144206862, 'precision_weighted': 0.93549787137129, 'recall_macro': 0.9336309532109137, 'recall_micro': 0.9343610144206862, 'recall_weighted': 0.9343610144206862}
Saving model...
Model saved!
-------------------------------------------
-----------------------
Epoch 13/100
Training statistic: Loss: 0.4877, train_score: {'accuracy': 0.8285462120523837, 'balanced_accuracy': 0.8311230219766896, 'f1_macro': 0.8305027814218077, 'f1_micro': 0.8285462120523837, 'f1_weighted': 0.8285934488124682, 'precision_macro': 0.8304335503605316, 'precision_micro': 0.8285462120523837, 'precision_weighted': 0.8291835053448537, 'recall_macro': 0.8311230219766896, 'recall_micro': 0.8285462120523837, 'recall_weighted': 0.8285462120523837}
Validation statistic: Loss: 0.2491, dev_score: {'accuracy': 0.9381733797447372, 'balanced_accuracy': 0.9375038859942892, 'f1_macro': 0.9380399805396072, 'f1_micro': 0.9381733797447372, 'f1_weighted': 0.938194763828897, 'precision_macro': 0.9390578626626315, 'precision_micro': 0.9381733797447372, 'precision_weighted': 0.9386994783120692, 'recall_macro': 0.9375038859942892, 'recall_micro': 0.9381733797447372, 'recall_weighted': 0.9381733797447372}
Saving model...
Model saved!
-------------------------------------------
-----------------------
Epoch 14/100
Training statistic: Loss: 0.4869, train_score: {'accuracy': 0.828494295689644, 'balanced_accuracy': 0.8310749269247353, 'f1_macro': 0.8302389266813028, 'f1_micro': 0.828494295689644, 'f1_weighted': 0.8283975811788029, 'precision_macro': 0.8304674282831368, 'precision_micro': 0.828494295689644, 'precision_weighted': 0.8293220522544852, 'recall_macro': 0.8310749269247353, 'recall_micro': 0.828494295689644, 'recall_weighted': 0.828494295689644}
Validation statistic: Loss: 0.2481, dev_score: {'accuracy': 0.9366815846179347, 'balanced_accuracy': 0.9360767888350573, 'f1_macro': 0.9364354000939399, 'f1_micro': 0.9366815846179347, 'f1_weighted': 0.9366584122963277, 'precision_macro': 0.9373826841686178, 'precision_micro': 0.9366815846179347, 'precision_weighted': 0.937222615569204, 'recall_macro': 0.9360767888350573, 'recall_micro': 0.9366815846179347, 'recall_weighted': 0.9366815846179347}
Saving model...
Model saved!
-------------------------------------------
-----------------------
Epoch 15/100
Training statistic: Loss: 0.4882, train_score: {'accuracy': 0.8280270484249873, 'balanced_accuracy': 0.8311960909395666, 'f1_macro': 0.8301406662269395, 'f1_micro': 0.8280270484249873, 'f1_weighted': 0.8282325561259615, 'precision_macro': 0.8306014727593342, 'precision_micro': 0.8280270484249873, 'precision_weighted': 0.82996847989015, 'recall_macro': 0.8311960909395666, 'recall_micro': 0.8280270484249873, 'recall_weighted': 0.8280270484249873}
Validation statistic: Loss: 0.2479, dev_score: {'accuracy': 0.9396651748715399, 'balanced_accuracy': 0.9389672824204265, 'f1_macro': 0.9395065299141898, 'f1_micro': 0.9396651748715399, 'f1_weighted': 0.9397655158689011, 'precision_macro': 0.940773703819645, 'precision_micro': 0.9396651748715399, 'precision_weighted': 0.9406047054611751, 'recall_macro': 0.9389672824204265, 'recall_micro': 0.9396651748715399, 'recall_weighted': 0.9396651748715399}
Saving model...
Model saved!
-------------------------------------------
-----------------------
Epoch 16/100
Training statistic: Loss: 0.4825, train_score: {'accuracy': 0.8298960374836138, 'balanced_accuracy': 0.8330721271337327, 'f1_macro': 0.8317832991843023, 'f1_micro': 0.8298960374836138, 'f1_weighted': 0.8299509836753064, 'precision_macro': 0.831799124053117, 'precision_micro': 0.8298960374836138, 'precision_weighted': 0.831288457870602, 'recall_macro': 0.8330721271337327, 'recall_micro': 0.8298960374836138, 'recall_weighted': 0.8298960374836138}
Validation statistic: Loss: 0.2400, dev_score: {'accuracy': 0.9390021548151831, 'balanced_accuracy': 0.9382802006358528, 'f1_macro': 0.9388614323340951, 'f1_micro': 0.9390021548151831, 'f1_weighted': 0.9390644231563701, 'precision_macro': 0.9401071002518213, 'precision_micro': 0.9390021548151831, 'precision_weighted': 0.9397847663588687, 'recall_macro': 0.9382802006358528, 'recall_micro': 0.9390021548151831, 'recall_weighted': 0.9390021548151831}
Saving model...
Model saved!
-------------------------------------------
-----------------------
Epoch 17/100
Training statistic: Loss: 0.4795, train_score: {'accuracy': 0.8311095824626527, 'balanced_accuracy': 0.8337517911452237, 'f1_macro': 0.8331116347953298, 'f1_micro': 0.8311095824626527, 'f1_weighted': 0.8312647882983157, 'precision_macro': 0.833812161546615, 'precision_micro': 0.8311095824626527, 'precision_weighted': 0.8327609206407852, 'recall_macro': 0.8337517911452237, 'recall_micro': 0.8311095824626527, 'recall_weighted': 0.8311095824626527}
Validation statistic: Loss: 0.2418, dev_score: {'accuracy': 0.9368473396320238, 'balanced_accuracy': 0.9360680102076957, 'f1_macro': 0.9367969055548668, 'f1_micro': 0.9368473396320238, 'f1_weighted': 0.9369942885080795, 'precision_macro': 0.9383360117952039, 'precision_micro': 0.9368473396320238, 'precision_weighted': 0.9379420599410893, 'recall_macro': 0.9360680102076957, 'recall_micro': 0.9368473396320238, 'recall_weighted': 0.9368473396320238}
-----------------------
Epoch 18/100
Training statistic: Loss: 0.4764, train_score: {'accuracy': 0.831674172907446, 'balanced_accuracy': 0.8343516305316412, 'f1_macro': 0.8335695169454521, 'f1_micro': 0.831674172907446, 'f1_weighted': 0.8317035770684611, 'precision_macro': 0.8335891022996309, 'precision_micro': 0.831674172907446, 'precision_weighted': 0.8325163182836639, 'recall_macro': 0.8343516305316412, 'recall_micro': 0.831674172907446, 'recall_weighted': 0.831674172907446}
Validation statistic: Loss: 0.2383, dev_score: {'accuracy': 0.9394994198574507, 'balanced_accuracy': 0.9387705684853861, 'f1_macro': 0.9393461452766569, 'f1_micro': 0.9394994198574507, 'f1_weighted': 0.9395386644052133, 'precision_macro': 0.9403181939350646, 'precision_micro': 0.9394994198574507, 'precision_weighted': 0.9399661468224023, 'recall_macro': 0.9387705684853861, 'recall_micro': 0.9394994198574507, 'recall_weighted': 0.9394994198574507}
Saving model...
Model saved!
-------------------------------------------
-----------------------
Epoch 19/100
Training statistic: Loss: 0.4806, train_score: {'accuracy': 0.8320375874466235, 'balanced_accuracy': 0.8348921028779615, 'f1_macro': 0.8338618410540329, 'f1_micro': 0.8320375874466235, 'f1_weighted': 0.8320726532041292, 'precision_macro': 0.8342112084519441, 'precision_micro': 0.8320375874466235, 'precision_weighted': 0.8334641679395842, 'recall_macro': 0.8348921028779615, 'recall_micro': 0.8320375874466235, 'recall_weighted': 0.8320375874466235}
Validation statistic: Loss: 0.2433, dev_score: {'accuracy': 0.939830929885629, 'balanced_accuracy': 0.9389530519752162, 'f1_macro': 0.9397303632052149, 'f1_micro': 0.939830929885629, 'f1_weighted': 0.9398952531179583, 'precision_macro': 0.9413562523919827, 'precision_micro': 0.939830929885629, 'precision_weighted': 0.9408007623771912, 'recall_macro': 0.9389530519752162, 'recall_micro': 0.939830929885629, 'recall_weighted': 0.939830929885629}
-----------------------
Epoch 20/100
Training statistic: Loss: 0.4731, train_score: {'accuracy': 0.8331278310641557, 'balanced_accuracy': 0.8359437014101753, 'f1_macro': 0.8350441178839331, 'f1_micro': 0.8331278310641557, 'f1_weighted': 0.8331732516749876, 'precision_macro': 0.8350620695870093, 'precision_micro': 0.8331278310641557, 'precision_weighted': 0.8341219415121914, 'recall_macro': 0.8359437014101753, 'recall_micro': 0.8331278310641557, 'recall_weighted': 0.8331278310641557}
Validation statistic: Loss: 0.2377, dev_score: {'accuracy': 0.9414884800265209, 'balanced_accuracy': 0.9406558900388344, 'f1_macro': 0.941328877408683, 'f1_micro': 0.9414884800265209, 'f1_weighted': 0.9415387885643973, 'precision_macro': 0.942590286095303, 'precision_micro': 0.9414884800265209, 'precision_weighted': 0.942165091493306, 'recall_macro': 0.9406558900388344, 'recall_micro': 0.9414884800265209, 'recall_weighted': 0.9414884800265209}
Saving model...
Model saved!
-------------------------------------------
-----------------------
Epoch 21/100
Training statistic: Loss: 0.4717, train_score: {'accuracy': 0.833348475605799, 'balanced_accuracy': 0.8359518452788872, 'f1_macro': 0.8351258653706479, 'f1_micro': 0.833348475605799, 'f1_weighted': 0.8333147282116622, 'precision_macro': 0.8351611824584022, 'precision_micro': 0.833348475605799, 'precision_weighted': 0.8341170372124601, 'recall_macro': 0.8359518452788872, 'recall_micro': 0.833348475605799, 'recall_weighted': 0.833348475605799}
Validation statistic: Loss: 0.2344, dev_score: {'accuracy': 0.9404939499419858, 'balanced_accuracy': 0.9397960119514872, 'f1_macro': 0.940429799024556, 'f1_micro': 0.9404939499419858, 'f1_weighted': 0.9405862423293907, 'precision_macro': 0.9416125128407049, 'precision_micro': 0.9404939499419858, 'precision_weighted': 0.9412189369700487, 'recall_macro': 0.9397960119514872, 'recall_micro': 0.9404939499419858, 'recall_weighted': 0.9404939499419858}
Saving model...
Model saved!
-------------------------------------------
-----------------------
Epoch 22/100
Training statistic: Loss: 0.4710, train_score: {'accuracy': 0.8344971251314133, 'balanced_accuracy': 0.8369946480046915, 'f1_macro': 0.8362216619022498, 'f1_micro': 0.8344971251314133, 'f1_weighted': 0.8344958355950408, 'precision_macro': 0.8361918812584814, 'precision_micro': 0.8344971251314133, 'precision_weighted': 0.8352113136673036, 'recall_macro': 0.8369946480046915, 'recall_micro': 0.8344971251314133, 'recall_weighted': 0.8344971251314133}
Validation statistic: Loss: 0.2384, dev_score: {'accuracy': 0.9401624399138074, 'balanced_accuracy': 0.9396034269659133, 'f1_macro': 0.9400773149552158, 'f1_micro': 0.9401624399138074, 'f1_weighted': 0.9402132623938931, 'precision_macro': 0.9409520740073214, 'precision_micro': 0.9401624399138074, 'precision_weighted': 0.940663250647191, 'recall_macro': 0.9396034269659133, 'recall_micro': 0.9401624399138074, 'recall_weighted': 0.9401624399138074}
-----------------------
Epoch 23/100
Training statistic: Loss: 0.4683, train_score: {'accuracy': 0.8350811842122341, 'balanced_accuracy': 0.8377911404937247, 'f1_macro': 0.836845361059128, 'f1_micro': 0.8350811842122341, 'f1_weighted': 0.8350414073224492, 'precision_macro': 0.8365167734193314, 'precision_micro': 0.8350811842122341, 'precision_weighted': 0.8355970900284683, 'recall_macro': 0.8377911404937247, 'recall_micro': 0.8350811842122341, 'recall_weighted': 0.8350811842122341}
Validation statistic: Loss: 0.2358, dev_score: {'accuracy': 0.9394994198574507, 'balanced_accuracy': 0.939009505477587, 'f1_macro': 0.9393682593087676, 'f1_micro': 0.9394994198574507, 'f1_weighted': 0.9395077444370764, 'precision_macro': 0.9401394567073904, 'precision_micro': 0.9394994198574507, 'precision_weighted': 0.9399332371421248, 'recall_macro': 0.939009505477587, 'recall_micro': 0.9394994198574507, 'recall_weighted': 0.9394994198574507}
-----------------------
Epoch 24/100
Training statistic: Loss: 0.4684, train_score: {'accuracy': 0.8354445987514115, 'balanced_accuracy': 0.8381217867929962, 'f1_macro': 0.8372107338982573, 'f1_micro': 0.8354445987514115, 'f1_weighted': 0.8353788115538048, 'precision_macro': 0.8370154806184882, 'precision_micro': 0.8354445987514115, 'precision_weighted': 0.8359955772672195, 'recall_macro': 0.8381217867929962, 'recall_micro': 0.8354445987514115, 'recall_weighted': 0.8354445987514115}
Validation statistic: Loss: 0.2363, dev_score: {'accuracy': 0.9406597049560749, 'balanced_accuracy': 0.9401051238935028, 'f1_macro': 0.9405943789439976, 'f1_micro': 0.9406597049560749, 'f1_weighted': 0.9406762977470978, 'precision_macro': 0.9414711846088679, 'precision_micro': 0.9406597049560749, 'precision_weighted': 0.9410806770340705, 'recall_macro': 0.9401051238935028, 'recall_micro': 0.9406597049560749, 'recall_weighted': 0.9406597049560749}
-----------------------
Epoch 25/100
Training statistic: Loss: 0.4664, train_score: {'accuracy': 0.835438109206069, 'balanced_accuracy': 0.838440628874535, 'f1_macro': 0.8371390404650793, 'f1_micro': 0.835438109206069, 'f1_weighted': 0.8353621153103854, 'precision_macro': 0.8370238958458074, 'precision_micro': 0.835438109206069, 'precision_weighted': 0.8364409141363818, 'recall_macro': 0.838440628874535, 'recall_micro': 0.835438109206069, 'recall_weighted': 0.835438109206069}
Validation statistic: Loss: 0.2344, dev_score: {'accuracy': 0.9383391347588265, 'balanced_accuracy': 0.9375839695843551, 'f1_macro': 0.9382068946190282, 'f1_micro': 0.9383391347588265, 'f1_weighted': 0.9383873914443132, 'precision_macro': 0.9393934848361347, 'precision_micro': 0.9383391347588265, 'precision_weighted': 0.9389964089310052, 'recall_macro': 0.9375839695843551, 'recall_micro': 0.9383391347588265, 'recall_weighted': 0.9383391347588265}
Saving model...
Model saved!
-------------------------------------------
-----------------------
Epoch 26/100
Training statistic: Loss: 0.4627, train_score: {'accuracy': 0.8364180305527795, 'balanced_accuracy': 0.8394308880392354, 'f1_macro': 0.8380858184492693, 'f1_micro': 0.8364180305527795, 'f1_weighted': 0.8362805861321578, 'precision_macro': 0.8373937097102543, 'precision_micro': 0.8364180305527795, 'precision_weighted': 0.8367642938282311, 'recall_macro': 0.8394308880392354, 'recall_micro': 0.8364180305527795, 'recall_weighted': 0.8364180305527795}
Validation statistic: Loss: 0.2306, dev_score: {'accuracy': 0.9424830101110558, 'balanced_accuracy': 0.9418626420736954, 'f1_macro': 0.942349311692985, 'f1_micro': 0.9424830101110558, 'f1_weighted': 0.9424586121083217, 'precision_macro': 0.9431633114062075, 'precision_micro': 0.9424830101110558, 'precision_weighted': 0.9427601251315, 'recall_macro': 0.9418626420736954, 'recall_micro': 0.9424830101110558, 'recall_weighted': 0.9424830101110558}
Saving model...
Model saved!
-------------------------------------------
-----------------------
Epoch 27/100
Training statistic: Loss: 0.4626, train_score: {'accuracy': 0.8365478214596286, 'balanced_accuracy': 0.8391302243331143, 'f1_macro': 0.8383236300749521, 'f1_micro': 0.8365478214596286, 'f1_weighted': 0.836530329386898, 'precision_macro': 0.838396665420164, 'precision_micro': 0.8365478214596286, 'precision_weighted': 0.8373725336950465, 'recall_macro': 0.8391302243331143, 'recall_micro': 0.8365478214596286, 'recall_weighted': 0.8365478214596286}
Validation statistic: Loss: 0.2308, dev_score: {'accuracy': 0.9409912149842533, 'balanced_accuracy': 0.9404169648101833, 'f1_macro': 0.9410261475561974, 'f1_micro': 0.9409912149842533, 'f1_weighted': 0.9410927831278848, 'precision_macro': 0.9422109377336272, 'precision_micro': 0.9409912149842533, 'precision_weighted': 0.9417630284667758, 'recall_macro': 0.9404169648101833, 'recall_micro': 0.9409912149842533, 'recall_weighted': 0.9409912149842533}
-----------------------
Epoch 28/100
Training statistic: Loss: 0.4615, train_score: {'accuracy': 0.8372486923566135, 'balanced_accuracy': 0.8400717085245845, 'f1_macro': 0.8390496954846551, 'f1_micro': 0.8372486923566135, 'f1_weighted': 0.8372691641001891, 'precision_macro': 0.8389598026041524, 'precision_micro': 0.8372486923566135, 'precision_weighted': 0.8382004836839444, 'recall_macro': 0.8400717085245845, 'recall_micro': 0.8372486923566135, 'recall_weighted': 0.8372486923566135}
Validation statistic: Loss: 0.2299, dev_score: {'accuracy': 0.9424830101110558, 'balanced_accuracy': 0.9418745966148132, 'f1_macro': 0.9424222972712105, 'f1_micro': 0.9424830101110558, 'f1_weighted': 0.9425441942831025, 'precision_macro': 0.9435105843108322, 'precision_micro': 0.9424830101110558, 'precision_weighted': 0.9431382429234112, 'recall_macro': 0.9418745966148132, 'recall_micro': 0.9424830101110558, 'recall_weighted': 0.9424830101110558}
Saving model...
Model saved!
-------------------------------------------
-----------------------
Epoch 29/100
Training statistic: Loss: 0.4624, train_score: {'accuracy': 0.8370020896336002, 'balanced_accuracy': 0.8397855959830194, 'f1_macro': 0.8386213893153475, 'f1_micro': 0.8370020896336002, 'f1_weighted': 0.8368580923886987, 'precision_macro': 0.8383290309186775, 'precision_micro': 0.8370020896336002, 'precision_weighted': 0.8375381908019109, 'recall_macro': 0.8397855959830194, 'recall_micro': 0.8370020896336002, 'recall_weighted': 0.8370020896336002}
Validation statistic: Loss: 0.2308, dev_score: {'accuracy': 0.9418199900546992, 'balanced_accuracy': 0.9411401129471022, 'f1_macro': 0.9417432164699701, 'f1_micro': 0.9418199900546992, 'f1_weighted': 0.9418162490895626, 'precision_macro': 0.9428727051030146, 'precision_micro': 0.9418199900546992, 'precision_weighted': 0.9423335037322388, 'recall_macro': 0.9411401129471022, 'recall_micro': 0.9418199900546992, 'recall_weighted': 0.9418199900546992}
-----------------------
Epoch 30/100
Training statistic: Loss: 0.4586, train_score: {'accuracy': 0.8386374550598985, 'balanced_accuracy': 0.8413477351291624, 'f1_macro': 0.8403608418669004, 'f1_micro': 0.8386374550598985, 'f1_weighted': 0.8385717326591307, 'precision_macro': 0.8400704802544213, 'precision_micro': 0.8386374550598985, 'precision_weighted': 0.8391760603370816, 'recall_macro': 0.8413477351291624, 'recall_micro': 0.8386374550598985, 'recall_weighted': 0.8386374550598985}
Validation statistic: Loss: 0.2291, dev_score: {'accuracy': 0.9399966848997182, 'balanced_accuracy': 0.9393419993662299, 'f1_macro': 0.9397418651389554, 'f1_micro': 0.9399966848997182, 'f1_weighted': 0.9399654291482226, 'precision_macro': 0.9404161924410775, 'precision_micro': 0.9399966848997182, 'precision_weighted': 0.9402099917732695, 'recall_macro': 0.9393419993662299, 'recall_micro': 0.9399966848997182, 'recall_weighted': 0.9399966848997182}
Saving model...
Model saved!
-------------------------------------------
-----------------------
Epoch 31/100
Training statistic: Loss: 0.4576, train_score: {'accuracy': 0.8379106259815438, 'balanced_accuracy': 0.8408078368359233, 'f1_macro': 0.8398431480374627, 'f1_micro': 0.8379106259815438, 'f1_weighted': 0.837994703984465, 'precision_macro': 0.8395781346582952, 'precision_micro': 0.8379106259815438, 'precision_weighted': 0.8387975079057102, 'recall_macro': 0.8408078368359233, 'recall_micro': 0.8379106259815438, 'recall_weighted': 0.8379106259815438}
Validation statistic: Loss: 0.2276, dev_score: {'accuracy': 0.9418199900546992, 'balanced_accuracy': 0.9410990305431521, 'f1_macro': 0.9417709300700103, 'f1_micro': 0.9418199900546992, 'f1_weighted': 0.9418902154685262, 'precision_macro': 0.9429039623047922, 'precision_micro': 0.9418199900546992, 'precision_weighted': 0.9424146195951739, 'recall_macro': 0.9410990305431521, 'recall_micro': 0.9418199900546992, 'recall_weighted': 0.9418199900546992}
Saving model...
Model saved!
-------------------------------------------
-----------------------
Epoch 32/100
Training statistic: Loss: 0.4576, train_score: {'accuracy': 0.8379365841629135, 'balanced_accuracy': 0.840801544230664, 'f1_macro': 0.8399919964967648, 'f1_micro': 0.8379365841629135, 'f1_weighted': 0.8381740639131187, 'precision_macro': 0.84042082210164, 'precision_micro': 0.8379365841629135, 'precision_weighted': 0.8396658101162895, 'recall_macro': 0.840801544230664, 'recall_micro': 0.8379365841629135, 'recall_weighted': 0.8379365841629135}
Validation statistic: Loss: 0.2253, dev_score: {'accuracy': 0.9419857450687883, 'balanced_accuracy': 0.9414461596842776, 'f1_macro': 0.9420592142759142, 'f1_micro': 0.9419857450687883, 'f1_weighted': 0.9421069555159747, 'precision_macro': 0.9432956512772247, 'precision_micro': 0.9419857450687883, 'precision_weighted': 0.9428563170328734, 'recall_macro': 0.9414461596842776, 'recall_micro': 0.9419857450687883, 'recall_weighted': 0.9419857450687883}
Saving model...
Model saved!
-------------------------------------------
-----------------------
Epoch 33/100
Training statistic: Loss: 0.4555, train_score: {'accuracy': 0.8390008695990759, 'balanced_accuracy': 0.8417105441943409, 'f1_macro': 0.8407804542380133, 'f1_micro': 0.8390008695990759, 'f1_weighted': 0.8389900455813418, 'precision_macro': 0.8407601979793388, 'precision_micro': 0.8390008695990759, 'precision_weighted': 0.8398644414497579, 'recall_macro': 0.8417105441943409, 'recall_micro': 0.8390008695990759, 'recall_weighted': 0.8390008695990759}
Validation statistic: Loss: 0.2240, dev_score: {'accuracy': 0.9409912149842533, 'balanced_accuracy': 0.9403088929968154, 'f1_macro': 0.9408538487340756, 'f1_micro': 0.9409912149842533, 'f1_weighted': 0.9410054023838703, 'precision_macro': 0.9418007718647459, 'precision_micro': 0.9409912149842533, 'precision_weighted': 0.9414225910122715, 'recall_macro': 0.9403088929968154, 'recall_micro': 0.9409912149842533, 'recall_weighted': 0.9409912149842533}
Saving model...
Model saved!
-------------------------------------------
-----------------------
Epoch 34/100
Training statistic: Loss: 0.4575, train_score: {'accuracy': 0.8395849286798966, 'balanced_accuracy': 0.8423772503948918, 'f1_macro': 0.8415967583955439, 'f1_micro': 0.8395849286798966, 'f1_weighted': 0.8397813022986125, 'precision_macro': 0.8417686398961832, 'precision_micro': 0.8395849286798966, 'precision_weighted': 0.8409508622355106, 'recall_macro': 0.8423772503948918, 'recall_micro': 0.8395849286798966, 'recall_weighted': 0.8395849286798966}
Validation statistic: Loss: 0.2296, dev_score: {'accuracy': 0.9426487651251451, 'balanced_accuracy': 0.9419969183663696, 'f1_macro': 0.9426721031192097, 'f1_micro': 0.9426487651251451, 'f1_weighted': 0.9427052653645764, 'precision_macro': 0.943940744404598, 'precision_micro': 0.9426487651251451, 'precision_weighted': 0.943357525369092, 'recall_macro': 0.9419969183663696, 'recall_micro': 0.9426487651251451, 'recall_weighted': 0.9426487651251451}
-----------------------
Epoch 35/100
Training statistic: Loss: 0.4531, train_score: {'accuracy': 0.840104092307293, 'balanced_accuracy': 0.8428481471772512, 'f1_macro': 0.8416821752491442, 'f1_micro': 0.840104092307293, 'f1_weighted': 0.839964928341669, 'precision_macro': 0.8414035129246316, 'precision_micro': 0.840104092307293, 'precision_weighted': 0.8406670580092817, 'recall_macro': 0.8428481471772512, 'recall_micro': 0.840104092307293, 'recall_weighted': 0.840104092307293}
Validation statistic: Loss: 0.2249, dev_score: {'accuracy': 0.9424830101110558, 'balanced_accuracy': 0.9418992247040905, 'f1_macro': 0.9423711179329585, 'f1_micro': 0.9424830101110558, 'f1_weighted': 0.9424306703984222, 'precision_macro': 0.9432148495378053, 'precision_micro': 0.9424830101110558, 'precision_weighted': 0.9427496212218313, 'recall_macro': 0.9418992247040905, 'recall_micro': 0.9424830101110558, 'recall_weighted': 0.9424830101110558}
-----------------------
Epoch 36/100
Training statistic: Loss: 0.4534, train_score: {'accuracy': 0.8401884563967449, 'balanced_accuracy': 0.8431336090387417, 'f1_macro': 0.8419494304150907, 'f1_micro': 0.8401884563967449, 'f1_weighted': 0.840214786662256, 'precision_macro': 0.8416840269200618, 'precision_micro': 0.8401884563967449, 'precision_weighted': 0.8411409620315149, 'recall_macro': 0.8431336090387417, 'recall_micro': 0.8401884563967449, 'recall_weighted': 0.8401884563967449}
Validation statistic: Loss: 0.2256, dev_score: {'accuracy': 0.9404939499419858, 'balanced_accuracy': 0.9400034226344036, 'f1_macro': 0.940391463631312, 'f1_micro': 0.9404939499419858, 'f1_weighted': 0.9405080360749631, 'precision_macro': 0.9410978595897401, 'precision_micro': 0.9404939499419858, 'precision_weighted': 0.9408470158059076, 'recall_macro': 0.9400034226344036, 'recall_micro': 0.9404939499419858, 'recall_weighted': 0.9404939499419858}
-----------------------
Epoch 37/100
Training statistic: Loss: 0.4529, train_score: {'accuracy': 0.8401560086700326, 'balanced_accuracy': 0.8428913932685449, 'f1_macro': 0.8420445972260653, 'f1_micro': 0.8401560086700326, 'f1_weighted': 0.8402420364754756, 'precision_macro': 0.8417153989708472, 'precision_micro': 0.8401560086700326, 'precision_weighted': 0.8408504859669252, 'recall_macro': 0.8428913932685449, 'recall_micro': 0.8401560086700326, 'recall_weighted': 0.8401560086700326}
Validation statistic: Loss: 0.2247, dev_score: {'accuracy': 0.94165423504061, 'balanced_accuracy': 0.9411806699517979, 'f1_macro': 0.9415064855110143, 'f1_micro': 0.94165423504061, 'f1_weighted': 0.9416342589490602, 'precision_macro': 0.9420565497506406, 'precision_micro': 0.94165423504061, 'precision_weighted': 0.9418436427832857, 'recall_macro': 0.9411806699517979, 'recall_micro': 0.94165423504061, 'recall_weighted': 0.94165423504061}
-----------------------
Epoch 38/100
Training statistic: Loss: 0.4522, train_score: {'accuracy': 0.8406297454800317, 'balanced_accuracy': 0.8434663244334173, 'f1_macro': 0.8425327222795067, 'f1_micro': 0.8406297454800317, 'f1_weighted': 0.8407298957500541, 'precision_macro': 0.8424205284691917, 'precision_micro': 0.8406297454800317, 'precision_weighted': 0.8416545008525188, 'recall_macro': 0.8434663244334173, 'recall_micro': 0.8406297454800317, 'recall_weighted': 0.8406297454800317}
Validation statistic: Loss: 0.2240, dev_score: {'accuracy': 0.9424830101110558, 'balanced_accuracy': 0.9419043785738197, 'f1_macro': 0.9423303235903709, 'f1_micro': 0.9424830101110558, 'f1_weighted': 0.9425052751028618, 'precision_macro': 0.9431489116560053, 'precision_micro': 0.9424830101110558, 'precision_weighted': 0.9429249938520321, 'recall_macro': 0.9419043785738197, 'recall_micro': 0.9424830101110558, 'recall_weighted': 0.9424830101110558}
Saving model...
Model saved!
-------------------------------------------
-----------------------
Epoch 39/100
Training statistic: Loss: 0.4508, train_score: {'accuracy': 0.8403831427570184, 'balanced_accuracy': 0.8431436031365624, 'f1_macro': 0.8421663661579704, 'f1_micro': 0.8403831427570184, 'f1_weighted': 0.8404039319973269, 'precision_macro': 0.8419854036164335, 'precision_micro': 0.8403831427570184, 'precision_weighted': 0.841206542756469, 'recall_macro': 0.8431436031365624, 'recall_micro': 0.8403831427570184, 'recall_weighted': 0.8403831427570184}
Validation statistic: Loss: 0.2250, dev_score: {'accuracy': 0.9424830101110558, 'balanced_accuracy': 0.9418872699968898, 'f1_macro': 0.9423317984340833, 'f1_micro': 0.9424830101110558, 'f1_weighted': 0.9425110600046939, 'precision_macro': 0.9432609515120758, 'precision_micro': 0.9424830101110558, 'precision_weighted': 0.9430296010381668, 'recall_macro': 0.9418872699968898, 'recall_micro': 0.9424830101110558, 'recall_weighted': 0.9424830101110558}
-----------------------
Epoch 40/100
Training statistic: Loss: 0.4505, train_score: {'accuracy': 0.8409996495645515, 'balanced_accuracy': 0.8439544391567093, 'f1_macro': 0.842764151413219, 'f1_micro': 0.8409996495645515, 'f1_weighted': 0.8409914566669995, 'precision_macro': 0.8422324204563546, 'precision_micro': 0.8409996495645515, 'precision_weighted': 0.8416246995762274, 'recall_macro': 0.8439544391567093, 'recall_micro': 0.8409996495645515, 'recall_weighted': 0.8409996495645515}
Validation statistic: Loss: 0.2233, dev_score: {'accuracy': 0.9411569699983424, 'balanced_accuracy': 0.9406955607736016, 'f1_macro': 0.9411065191025674, 'f1_micro': 0.9411569699983424, 'f1_weighted': 0.9411695590974392, 'precision_macro': 0.9418167356499275, 'precision_micro': 0.9411569699983424, 'precision_weighted': 0.9414817419750767, 'recall_macro': 0.9406955607736016, 'recall_micro': 0.9411569699983424, 'recall_weighted': 0.9411569699983424}
Saving model...
Model saved!
-------------------------------------------
-----------------------
Epoch 41/100
Training statistic: Loss: 0.4486, train_score: {'accuracy': 0.8411813568341402, 'balanced_accuracy': 0.8438139907540763, 'f1_macro': 0.8430354720749879, 'f1_micro': 0.8411813568341402, 'f1_weighted': 0.8412458912714433, 'precision_macro': 0.843335228127685, 'precision_micro': 0.8411813568341402, 'precision_weighted': 0.8423772006754092, 'recall_macro': 0.8438139907540763, 'recall_micro': 0.8411813568341402, 'recall_weighted': 0.8411813568341402}
Validation statistic: Loss: 0.2224, dev_score: {'accuracy': 0.9434775401955909, 'balanced_accuracy': 0.9429125551823381, 'f1_macro': 0.9434400082586384, 'f1_micro': 0.9434775401955909, 'f1_weighted': 0.9435282272989008, 'precision_macro': 0.9445326433742824, 'precision_micro': 0.9434775401955909, 'precision_weighted': 0.9441460172664399, 'recall_macro': 0.9429125551823381, 'recall_micro': 0.9434775401955909, 'recall_weighted': 0.9434775401955909}
Saving model...
Model saved!
-------------------------------------------
-----------------------
Epoch 42/100
Training statistic: Loss: 0.4484, train_score: {'accuracy': 0.841421470011811, 'balanced_accuracy': 0.8439888769805168, 'f1_macro': 0.8432417881181179, 'f1_micro': 0.841421470011811, 'f1_weighted': 0.8414572828647038, 'precision_macro': 0.8433256849215175, 'precision_micro': 0.841421470011811, 'precision_weighted': 0.8423013335437252, 'recall_macro': 0.8439888769805168, 'recall_micro': 0.841421470011811, 'recall_weighted': 0.841421470011811}
Validation statistic: Loss: 0.2235, dev_score: {'accuracy': 0.9421515000828775, 'balanced_accuracy': 0.941611983058578, 'f1_macro': 0.9419972652320876, 'f1_micro': 0.9421515000828775, 'f1_weighted': 0.9421883466917825, 'precision_macro': 0.9427232174860585, 'precision_micro': 0.9421515000828775, 'precision_weighted': 0.9425660351320898, 'recall_macro': 0.941611983058578, 'recall_micro': 0.9421515000828775, 'recall_weighted': 0.9421515000828775}
-----------------------
Epoch 43/100
Training statistic: Loss: 0.4487, train_score: {'accuracy': 0.8416810518255091, 'balanced_accuracy': 0.8441417554616738, 'f1_macro': 0.8436160938801631, 'f1_micro': 0.8416810518255091, 'f1_weighted': 0.8418052846319242, 'precision_macro': 0.8441405945609413, 'precision_micro': 0.8416810518255091, 'precision_weighted': 0.8429736359340014, 'recall_macro': 0.8441417554616738, 'recall_micro': 0.8416810518255091, 'recall_weighted': 0.8416810518255091}
Validation statistic: Loss: 0.2227, dev_score: {'accuracy': 0.9413227250124316, 'balanced_accuracy': 0.9406691561244225, 'f1_macro': 0.9412980745512556, 'f1_micro': 0.9413227250124316, 'f1_weighted': 0.941404883970114, 'precision_macro': 0.9424661552556859, 'precision_micro': 0.9413227250124316, 'precision_weighted': 0.9420172670714587, 'recall_macro': 0.9406691561244225, 'recall_micro': 0.9413227250124316, 'recall_weighted': 0.9413227250124316}
-----------------------
Epoch 44/100
Training statistic: Loss: 0.4460, train_score: {'accuracy': 0.8420963827274262, 'balanced_accuracy': 0.8448767246693292, 'f1_macro': 0.8438283650367093, 'f1_micro': 0.8420963827274262, 'f1_weighted': 0.8420338984718586, 'precision_macro': 0.8435640250260217, 'precision_micro': 0.8420963827274262, 'precision_weighted': 0.8427493230562841, 'recall_macro': 0.8448767246693292, 'recall_micro': 0.8420963827274262, 'recall_weighted': 0.8420963827274262}
Validation statistic: Loss: 0.2211, dev_score: {'accuracy': 0.9449693353223935, 'balanced_accuracy': 0.9443309401940144, 'f1_macro': 0.9448899059804743, 'f1_micro': 0.9449693353223935, 'f1_weighted': 0.9449763507724893, 'precision_macro': 0.9458886529008502, 'precision_micro': 0.9449693353223935, 'precision_weighted': 0.9454201270654966, 'recall_macro': 0.9443309401940144, 'recall_micro': 0.9449693353223935, 'recall_weighted': 0.9449693353223935}
Saving model...
Model saved!
-------------------------------------------
-----------------------
Epoch 45/100
Training statistic: Loss: 0.4444, train_score: {'accuracy': 0.8432774799797527, 'balanced_accuracy': 0.8457973808489413, 'f1_macro': 0.8450257459180858, 'f1_micro': 0.8432774799797527, 'f1_weighted': 0.8432564535543936, 'precision_macro': 0.8449444316621404, 'precision_micro': 0.8432774799797527, 'precision_weighted': 0.8439060538055103, 'recall_macro': 0.8457973808489413, 'recall_micro': 0.8432774799797527, 'recall_weighted': 0.8432774799797527}
Validation statistic: Loss: 0.2203, dev_score: {'accuracy': 0.9439748052378585, 'balanced_accuracy': 0.9434934593986792, 'f1_macro': 0.9439482695345409, 'f1_micro': 0.9439748052378585, 'f1_weighted': 0.9439867169474466, 'precision_macro': 0.9447710053106562, 'precision_micro': 0.9439748052378585, 'precision_weighted': 0.9443652146682637, 'recall_macro': 0.9434934593986792, 'recall_micro': 0.9439748052378585, 'recall_weighted': 0.9439748052378585}
Saving model...
Model saved!
-------------------------------------------
-----------------------
Epoch 46/100
Training statistic: Loss: 0.4449, train_score: {'accuracy': 0.8437057899723546, 'balanced_accuracy': 0.8462651910136627, 'f1_macro': 0.8454303911766099, 'f1_micro': 0.8437057899723546, 'f1_weighted': 0.8436665863378887, 'precision_macro': 0.8452104076481529, 'precision_micro': 0.8437057899723546, 'precision_weighted': 0.8442117593434388, 'recall_macro': 0.8462651910136627, 'recall_micro': 0.8437057899723546, 'recall_weighted': 0.8437057899723546}
Validation statistic: Loss: 0.2203, dev_score: {'accuracy': 0.9444720702801259, 'balanced_accuracy': 0.9441106124764774, 'f1_macro': 0.9443102419148606, 'f1_micro': 0.9444720702801259, 'f1_weighted': 0.9444539711422312, 'precision_macro': 0.9447588067421762, 'precision_micro': 0.9444720702801259, 'precision_weighted': 0.9446848902588306, 'recall_macro': 0.9441106124764774, 'recall_micro': 0.9444720702801259, 'recall_weighted': 0.9444720702801259}
Saving model...
Model saved!
-------------------------------------------
-----------------------
Epoch 47/100
Training statistic: Loss: 0.4434, train_score: {'accuracy': 0.8428816177138629, 'balanced_accuracy': 0.8456978443527884, 'f1_macro': 0.8447255559230692, 'f1_micro': 0.8428816177138629, 'f1_weighted': 0.8428946668298264, 'precision_macro': 0.8444799920826792, 'precision_micro': 0.8428816177138629, 'precision_weighted': 0.8436369678062798, 'recall_macro': 0.8456978443527884, 'recall_micro': 0.8428816177138629, 'recall_weighted': 0.8428816177138629}
Validation statistic: Loss: 0.2194, dev_score: {'accuracy': 0.9433117851815017, 'balanced_accuracy': 0.9427755408377625, 'f1_macro': 0.9431682621292972, 'f1_micro': 0.9433117851815017, 'f1_weighted': 0.9432948842913043, 'precision_macro': 0.9439448109957678, 'precision_micro': 0.9433117851815017, 'precision_weighted': 0.9436681400446967, 'recall_macro': 0.9427755408377625, 'recall_micro': 0.9433117851815017, 'recall_weighted': 0.9433117851815017}
Saving model...
Model saved!
-------------------------------------------
-----------------------
Epoch 48/100
Training statistic: Loss: 0.4428, train_score: {'accuracy': 0.84329694861578, 'balanced_accuracy': 0.8460438994037398, 'f1_macro': 0.845100858160943, 'f1_micro': 0.84329694861578, 'f1_weighted': 0.8432905425379292, 'precision_macro': 0.8448119653821877, 'precision_micro': 0.84329694861578, 'precision_weighted': 0.8439327058115349, 'recall_macro': 0.8460438994037398, 'recall_micro': 0.84329694861578, 'recall_weighted': 0.84329694861578}
Validation statistic: Loss: 0.2180, dev_score: {'accuracy': 0.9434775401955909, 'balanced_accuracy': 0.9430419149176397, 'f1_macro': 0.9433889874843013, 'f1_micro': 0.9434775401955909, 'f1_weighted': 0.9434668545376947, 'precision_macro': 0.9441072463465352, 'precision_micro': 0.9434775401955909, 'precision_weighted': 0.9438342757833368, 'recall_macro': 0.9430419149176397, 'recall_micro': 0.9434775401955909, 'recall_weighted': 0.9434775401955909}
Saving model...
Model saved!
-------------------------------------------
-----------------------
Epoch 49/100
Training statistic: Loss: 0.4443, train_score: {'accuracy': 0.8432580113437252, 'balanced_accuracy': 0.8460238918077753, 'f1_macro': 0.8449816605396808, 'f1_micro': 0.8432580113437252, 'f1_weighted': 0.8431830159073288, 'precision_macro': 0.8447072452139105, 'precision_micro': 0.8432580113437252, 'precision_weighted': 0.8438502989910437, 'recall_macro': 0.8460238918077753, 'recall_micro': 0.8432580113437252, 'recall_weighted': 0.8432580113437252}
Validation statistic: Loss: 0.2211, dev_score: {'accuracy': 0.9438090502237693, 'balanced_accuracy': 0.943241162378148, 'f1_macro': 0.9436532986887556, 'f1_micro': 0.9438090502237693, 'f1_weighted': 0.9437747031536939, 'precision_macro': 0.944376590162542, 'precision_micro': 0.9438090502237693, 'precision_weighted': 0.9440538504288043, 'recall_macro': 0.943241162378148, 'recall_micro': 0.9438090502237693, 'recall_weighted': 0.9438090502237693}
-----------------------
Epoch 50/100
Training statistic: Loss: 0.4428, train_score: {'accuracy': 0.8439459031500253, 'balanced_accuracy': 0.8462671969455572, 'f1_macro': 0.8457314104175186, 'f1_micro': 0.8439459031500253, 'f1_weighted': 0.8440067725926997, 'precision_macro': 0.8459049261740252, 'precision_micro': 0.8439459031500253, 'precision_weighted': 0.8447587689948294, 'recall_macro': 0.8462671969455572, 'recall_micro': 0.8439459031500253, 'recall_weighted': 0.8439459031500253}
Validation statistic: Loss: 0.2203, dev_score: {'accuracy': 0.9418199900546992, 'balanced_accuracy': 0.9413859518661131, 'f1_macro': 0.941761414657209, 'f1_micro': 0.9418199900546992, 'f1_weighted': 0.9418614422265066, 'precision_macro': 0.9424885945406893, 'precision_micro': 0.9418199900546992, 'precision_weighted': 0.9422543318907208, 'recall_macro': 0.9413859518661131, 'recall_micro': 0.9418199900546992, 'recall_weighted': 0.9418199900546992}
-----------------------
Epoch 51/100
Training statistic: Loss: 0.4403, train_score: {'accuracy': 0.8439913299674224, 'balanced_accuracy': 0.846829133633572, 'f1_macro': 0.8457814600124905, 'f1_micro': 0.8439913299674224, 'f1_weighted': 0.8440514763130809, 'precision_macro': 0.8457018331557672, 'precision_micro': 0.8439913299674224, 'precision_weighted': 0.8450662431064917, 'recall_macro': 0.846829133633572, 'recall_micro': 0.8439913299674224, 'recall_weighted': 0.8439913299674224}
Validation statistic: Loss: 0.2163, dev_score: {'accuracy': 0.9449693353223935, 'balanced_accuracy': 0.9445099182362053, 'f1_macro': 0.9449324497756132, 'f1_micro': 0.9449693353223935, 'f1_weighted': 0.9449986741695677, 'precision_macro': 0.9457684162013115, 'precision_micro': 0.9449693353223935, 'precision_weighted': 0.9454385314963473, 'recall_macro': 0.9445099182362053, 'recall_micro': 0.9449693353223935, 'recall_weighted': 0.9449693353223935}
Saving model...
Model saved!
-------------------------------------------
-----------------------
Epoch 52/100
Training statistic: Loss: 0.4420, train_score: {'accuracy': 0.8443482549612574, 'balanced_accuracy': 0.8470030374037014, 'f1_macro': 0.846177195482339, 'f1_micro': 0.8443482549612574, 'f1_weighted': 0.844444896545009, 'precision_macro': 0.8461377060766558, 'precision_micro': 0.8443482549612574, 'precision_weighted': 0.8453211622052298, 'recall_macro': 0.8470030374037014, 'recall_micro': 0.8443482549612574, 'recall_weighted': 0.8443482549612574}
Validation statistic: Loss: 0.2203, dev_score: {'accuracy': 0.9451350903364827, 'balanced_accuracy': 0.944605271427901, 'f1_macro': 0.9451320822311444, 'f1_micro': 0.9451350903364827, 'f1_weighted': 0.9451970433165314, 'precision_macro': 0.9461089326477001, 'precision_micro': 0.9451350903364827, 'precision_weighted': 0.945709026453763, 'recall_macro': 0.944605271427901, 'recall_micro': 0.9451350903364827, 'recall_weighted': 0.9451350903364827}
-----------------------
Epoch 53/100
Training statistic: Loss: 0.4392, train_score: {'accuracy': 0.8451399794930368, 'balanced_accuracy': 0.8478158258891432, 'f1_macro': 0.8468351103295758, 'f1_micro': 0.8451399794930368, 'f1_weighted': 0.8451131566273873, 'precision_macro': 0.8465274303986712, 'precision_micro': 0.8451399794930368, 'precision_weighted': 0.8457317674685043, 'recall_macro': 0.8478158258891432, 'recall_micro': 0.8451399794930368, 'recall_weighted': 0.8451399794930368}
Validation statistic: Loss: 0.2180, dev_score: {'accuracy': 0.9438090502237693, 'balanced_accuracy': 0.9433037411076695, 'f1_macro': 0.9437604497362543, 'f1_micro': 0.9438090502237693, 'f1_weighted': 0.9438064177958071, 'precision_macro': 0.9447011096385776, 'precision_micro': 0.9438090502237693, 'precision_weighted': 0.9442917578194655, 'recall_macro': 0.9433037411076695, 'recall_micro': 0.9438090502237693, 'recall_weighted': 0.9438090502237693}
-----------------------
Epoch 54/100
Training statistic: Loss: 0.4413, train_score: {'accuracy': 0.8442379326904357, 'balanced_accuracy': 0.8471038037515211, 'f1_macro': 0.8460686194851471, 'f1_micro': 0.8442379326904357, 'f1_weighted': 0.8442952142703909, 'precision_macro': 0.8458424137850147, 'precision_micro': 0.8442379326904357, 'precision_weighted': 0.845149640757033, 'recall_macro': 0.8471038037515211, 'recall_micro': 0.8442379326904357, 'recall_weighted': 0.8442379326904357}
Validation statistic: Loss: 0.2206, dev_score: {'accuracy': 0.9433117851815017, 'balanced_accuracy': 0.9428352665181521, 'f1_macro': 0.9432855638515351, 'f1_micro': 0.9433117851815017, 'f1_weighted': 0.9433519290185395, 'precision_macro': 0.9442013807038885, 'precision_micro': 0.9433117851815017, 'precision_weighted': 0.9438587838945448, 'recall_macro': 0.9428352665181521, 'recall_micro': 0.9433117851815017, 'recall_weighted': 0.9433117851815017}
-----------------------
Epoch 55/100
Training statistic: Loss: 0.4373, train_score: {'accuracy': 0.845172427219749, 'balanced_accuracy': 0.8480941071649625, 'f1_macro': 0.8469054596919461, 'f1_micro': 0.845172427219749, 'f1_weighted': 0.8451780847771246, 'precision_macro': 0.8463373477743023, 'precision_micro': 0.845172427219749, 'precision_weighted': 0.8457978819937497, 'recall_macro': 0.8480941071649625, 'recall_micro': 0.845172427219749, 'recall_weighted': 0.845172427219749}
Validation statistic: Loss: 0.2136, dev_score: {'accuracy': 0.9446378252942151, 'balanced_accuracy': 0.9440699867104051, 'f1_macro': 0.9445495914857334, 'f1_micro': 0.9446378252942151, 'f1_weighted': 0.944662380398843, 'precision_macro': 0.9453775400354276, 'precision_micro': 0.9446378252942151, 'precision_weighted': 0.9450328730891536, 'recall_macro': 0.9440699867104051, 'recall_micro': 0.9446378252942151, 'recall_weighted': 0.9446378252942151}
Saving model...
Model saved!
-------------------------------------------
-----------------------
Epoch 56/100
Training statistic: Loss: 0.4399, train_score: {'accuracy': 0.8448090126805716, 'balanced_accuracy': 0.8476687549600191, 'f1_macro': 0.8466302602050305, 'f1_micro': 0.8448090126805716, 'f1_weighted': 0.8448627485475888, 'precision_macro': 0.8461990690031449, 'precision_micro': 0.8448090126805716, 'precision_weighted': 0.8455154482846812, 'recall_macro': 0.8476687549600191, 'recall_micro': 0.8448090126805716, 'recall_weighted': 0.8448090126805716}
Validation statistic: Loss: 0.2183, dev_score: {'accuracy': 0.9439748052378585, 'balanced_accuracy': 0.9435077440765939, 'f1_macro': 0.9439261106277549, 'f1_micro': 0.9439748052378585, 'f1_weighted': 0.9439980459808099, 'precision_macro': 0.9446481378218801, 'precision_micro': 0.9439748052378585, 'precision_weighted': 0.9443296658222473, 'recall_macro': 0.9435077440765939, 'recall_micro': 0.9439748052378585, 'recall_weighted': 0.9439748052378585}
-----------------------
Epoch 57/100
Training statistic: Loss: 0.4365, train_score: {'accuracy': 0.8458538294807065, 'balanced_accuracy': 0.8487311528075357, 'f1_macro': 0.8475165157141005, 'f1_micro': 0.8458538294807065, 'f1_weighted': 0.8457430425811189, 'precision_macro': 0.8468944964064866, 'precision_micro': 0.8458538294807065, 'precision_weighted': 0.8461974513190399, 'recall_macro': 0.8487311528075357, 'recall_micro': 0.8458538294807065, 'recall_weighted': 0.8458538294807065}
Validation statistic: Loss: 0.2157, dev_score: {'accuracy': 0.9431460301674126, 'balanced_accuracy': 0.9426481212216185, 'f1_macro': 0.9429957912097848, 'f1_micro': 0.9431460301674126, 'f1_weighted': 0.9430810958708584, 'precision_macro': 0.9436084351057831, 'precision_micro': 0.9431460301674126, 'precision_weighted': 0.9432859334611058, 'recall_macro': 0.9426481212216185, 'recall_micro': 0.9431460301674126, 'recall_weighted': 0.9431460301674126}
-----------------------
Epoch 58/100
Training statistic: Loss: 0.4358, train_score: {'accuracy': 0.8459706412968707, 'balanced_accuracy': 0.8485103262696494, 'f1_macro': 0.8477710768606016, 'f1_micro': 0.8459706412968707, 'f1_weighted': 0.8459633630307521, 'precision_macro': 0.8475179785797333, 'precision_micro': 0.8459706412968707, 'precision_weighted': 0.8464284979152957, 'recall_macro': 0.8485103262696494, 'recall_micro': 0.8459706412968707, 'recall_weighted': 0.8459706412968707}
Validation statistic: Loss: 0.2165, dev_score: {'accuracy': 0.9421515000828775, 'balanced_accuracy': 0.9416111401921874, 'f1_macro': 0.9420025054127725, 'f1_micro': 0.9421515000828775, 'f1_weighted': 0.9421211579090674, 'precision_macro': 0.9426879582782475, 'precision_micro': 0.9421515000828775, 'precision_weighted': 0.942387356320858, 'recall_macro': 0.9416111401921874, 'recall_micro': 0.9421515000828775, 'recall_weighted': 0.9421515000828775}
-----------------------
Epoch 59/100
Training statistic: Loss: 0.4374, train_score: {'accuracy': 0.8457564863005698, 'balanced_accuracy': 0.8485235888473216, 'f1_macro': 0.8475101063170513, 'f1_micro': 0.8457564863005698, 'f1_weighted': 0.8457308588963831, 'precision_macro': 0.8472810646259777, 'precision_micro': 0.8457564863005698, 'precision_weighted': 0.8464666348970856, 'recall_macro': 0.8485235888473216, 'recall_micro': 0.8457564863005698, 'recall_weighted': 0.8457564863005698}
Validation statistic: Loss: 0.2176, dev_score: {'accuracy': 0.9434775401955909, 'balanced_accuracy': 0.9429147064230813, 'f1_macro': 0.9432803193561865, 'f1_micro': 0.9434775401955909, 'f1_weighted': 0.943426826899264, 'precision_macro': 0.9439243538436409, 'precision_micro': 0.9434775401955909, 'precision_weighted': 0.9436564366638122, 'recall_macro': 0.9429147064230813, 'recall_micro': 0.9434775401955909, 'recall_weighted': 0.9434775401955909}
-----------------------
Epoch 60/100
Training statistic: Loss: 0.4346, train_score: {'accuracy': 0.845315197217283, 'balanced_accuracy': 0.8479665363597617, 'f1_macro': 0.8469115196781567, 'f1_micro': 0.845315197217283, 'f1_weighted': 0.8452314074068914, 'precision_macro': 0.8468669951209877, 'precision_micro': 0.845315197217283, 'precision_weighted': 0.8461156531809454, 'recall_macro': 0.8479665363597617, 'recall_micro': 0.845315197217283, 'recall_weighted': 0.845315197217283}
Validation statistic: Loss: 0.2147, dev_score: {'accuracy': 0.9421515000828775, 'balanced_accuracy': 0.9415692492674532, 'f1_macro': 0.942116476808736, 'f1_micro': 0.9421515000828775, 'f1_weighted': 0.9421891757693641, 'precision_macro': 0.9432859961059545, 'precision_micro': 0.9421515000828775, 'precision_weighted': 0.9428445148381202, 'recall_macro': 0.9415692492674532, 'recall_micro': 0.9421515000828775, 'recall_weighted': 0.9421515000828775}
-----------------------
Epoch 61/100
Training statistic: Loss: 0.4374, train_score: {'accuracy': 0.8449972094955027, 'balanced_accuracy': 0.8478332337349108, 'f1_macro': 0.8467941992205006, 'f1_micro': 0.8449972094955027, 'f1_weighted': 0.8450505897874531, 'precision_macro': 0.8469323634640011, 'precision_micro': 0.8449972094955027, 'precision_weighted': 0.8462692635151626, 'recall_macro': 0.8478332337349108, 'recall_micro': 0.8449972094955027, 'recall_weighted': 0.8449972094955027}
Validation statistic: Loss: 0.2175, dev_score: {'accuracy': 0.9444720702801259, 'balanced_accuracy': 0.9438483839132724, 'f1_macro': 0.9443990380163931, 'f1_micro': 0.9444720702801259, 'f1_weighted': 0.9445118328763112, 'precision_macro': 0.9454607036995469, 'precision_micro': 0.9444720702801259, 'precision_weighted': 0.9450591861481894, 'recall_macro': 0.9438483839132724, 'recall_micro': 0.9444720702801259, 'recall_weighted': 0.9444720702801259}
-----------------------
Epoch 62/100
Training statistic: Loss: 0.4345, train_score: {'accuracy': 0.8460485158409802, 'balanced_accuracy': 0.8488573648893748, 'f1_macro': 0.8477341819406338, 'f1_micro': 0.8460485158409802, 'f1_weighted': 0.8460280102440799, 'precision_macro': 0.8472027854564951, 'precision_micro': 0.8460485158409802, 'precision_weighted': 0.846578539497743, 'recall_macro': 0.8488573648893748, 'recall_micro': 0.8460485158409802, 'recall_weighted': 0.8460485158409802}
Validation statistic: Loss: 0.2153, dev_score: {'accuracy': 0.9419857450687883, 'balanced_accuracy': 0.9415395328210018, 'f1_macro': 0.9417767615429028, 'f1_micro': 0.9419857450687883, 'f1_weighted': 0.9419444791134369, 'precision_macro': 0.9422778873085317, 'precision_micro': 0.9419857450687883, 'precision_weighted': 0.9421680366072345, 'recall_macro': 0.9415395328210018, 'recall_micro': 0.9419857450687883, 'recall_weighted': 0.9419857450687883}
-----------------------
Epoch 63/100
Training statistic: Loss: 0.4354, train_score: {'accuracy': 0.8460939426583773, 'balanced_accuracy': 0.8489321103126206, 'f1_macro': 0.8477680464389316, 'f1_micro': 0.8460939426583773, 'f1_weighted': 0.8460400089203718, 'precision_macro': 0.8472888120696392, 'precision_micro': 0.8460939426583773, 'precision_weighted': 0.8466433005097986, 'recall_macro': 0.8489321103126206, 'recall_micro': 0.8460939426583773, 'recall_weighted': 0.8460939426583773}
Validation statistic: Loss: 0.2159, dev_score: {'accuracy': 0.9429802751533234, 'balanced_accuracy': 0.9425002775417152, 'f1_macro': 0.9427549350504563, 'f1_micro': 0.9429802751533234, 'f1_weighted': 0.9428949229647521, 'precision_macro': 0.9432463869036237, 'precision_micro': 0.9429802751533234, 'precision_weighted': 0.9430497809359402, 'recall_macro': 0.9425002775417152, 'recall_micro': 0.9429802751533234, 'recall_weighted': 0.9429802751533234}
-----------------------
Epoch 64/100
Training statistic: Loss: 0.4326, train_score: {'accuracy': 0.8462951185639934, 'balanced_accuracy': 0.8491762644208057, 'f1_macro': 0.8479955378528782, 'f1_micro': 0.8462951185639934, 'f1_weighted': 0.846285292175737, 'precision_macro': 0.8476103068003061, 'precision_micro': 0.8462951185639934, 'precision_weighted': 0.847044722775624, 'recall_macro': 0.8491762644208057, 'recall_micro': 0.8462951185639934, 'recall_weighted': 0.8462951185639934}
Validation statistic: Loss: 0.2115, dev_score: {'accuracy': 0.9457981103928393, 'balanced_accuracy': 0.9453568391114924, 'f1_macro': 0.9457711074841665, 'f1_micro': 0.9457981103928393, 'f1_weighted': 0.9458064997379627, 'precision_macro': 0.9465581919224272, 'precision_micro': 0.9457981103928393, 'precision_weighted': 0.9461906545542891, 'recall_macro': 0.9453568391114924, 'recall_micro': 0.9457981103928393, 'recall_weighted': 0.9457981103928393}
Saving model...
Model saved!
-------------------------------------------
-----------------------
Epoch 65/100
Training statistic: Loss: 0.4334, train_score: {'accuracy': 0.8470998221864576, 'balanced_accuracy': 0.8495840483217911, 'f1_macro': 0.8488439055454494, 'f1_micro': 0.8470998221864576, 'f1_weighted': 0.8471372474513246, 'precision_macro': 0.8488643450370164, 'precision_micro': 0.8470998221864576, 'precision_weighted': 0.8479169216286679, 'recall_macro': 0.8495840483217911, 'recall_micro': 0.8470998221864576, 'recall_weighted': 0.8470998221864576}
Validation statistic: Loss: 0.2154, dev_score: {'accuracy': 0.9431460301674126, 'balanced_accuracy': 0.9426354470223067, 'f1_macro': 0.9430500477107252, 'f1_micro': 0.9431460301674126, 'f1_weighted': 0.9431291539582936, 'precision_macro': 0.9437788183558442, 'precision_micro': 0.9431460301674126, 'precision_weighted': 0.9434317475249253, 'recall_macro': 0.9426354470223067, 'recall_micro': 0.9431460301674126, 'recall_weighted': 0.9431460301674126}
-----------------------
Epoch 66/100
Training statistic: Loss: 0.4329, train_score: {'accuracy': 0.8468337508274171, 'balanced_accuracy': 0.8494177353283124, 'f1_macro': 0.8486349875478748, 'f1_micro': 0.8468337508274171, 'f1_weighted': 0.8468963568712159, 'precision_macro': 0.8489414722540486, 'precision_micro': 0.8468337508274171, 'precision_weighted': 0.8480395420419283, 'recall_macro': 0.8494177353283124, 'recall_micro': 0.8468337508274171, 'recall_weighted': 0.8468337508274171}
Validation statistic: Loss: 0.2150, dev_score: {'accuracy': 0.945466600364661, 'balanced_accuracy': 0.9449047785017948, 'f1_macro': 0.9454706913839642, 'f1_micro': 0.945466600364661, 'f1_weighted': 0.9455183718524985, 'precision_macro': 0.9466085542932946, 'precision_micro': 0.945466600364661, 'precision_weighted': 0.9461388912232065, 'recall_macro': 0.9449047785017948, 'recall_micro': 0.945466600364661, 'recall_weighted': 0.945466600364661}
-----------------------
Epoch 67/100
Training statistic: Loss: 0.4332, train_score: {'accuracy': 0.8471517385491972, 'balanced_accuracy': 0.8497179498635354, 'f1_macro': 0.8489286167491243, 'f1_micro': 0.8471517385491972, 'f1_weighted': 0.8472010023943162, 'precision_macro': 0.8487943997810795, 'precision_micro': 0.8471517385491972, 'precision_weighted': 0.8478861455822353, 'recall_macro': 0.8497179498635354, 'recall_micro': 0.8471517385491972, 'recall_weighted': 0.8471517385491972}
Validation statistic: Loss: 0.2152, dev_score: {'accuracy': 0.9428145201392342, 'balanced_accuracy': 0.9423661210453723, 'f1_macro': 0.942626184040817, 'f1_micro': 0.9428145201392342, 'f1_weighted': 0.9427748250367743, 'precision_macro': 0.9431179149190371, 'precision_micro': 0.9428145201392342, 'precision_weighted': 0.9429687795052489, 'recall_macro': 0.9423661210453723, 'recall_micro': 0.9428145201392342, 'recall_weighted': 0.9428145201392342}
-----------------------
Epoch 68/100
Training statistic: Loss: 0.4332, train_score: {'accuracy': 0.8470868430957728, 'balanced_accuracy': 0.8498447546160948, 'f1_macro': 0.8488599678487763, 'f1_micro': 0.8470868430957728, 'f1_weighted': 0.847080818961917, 'precision_macro': 0.8486710174544958, 'precision_micro': 0.8470868430957728, 'precision_weighted': 0.8478603025607415, 'recall_macro': 0.8498447546160948, 'recall_micro': 0.8470868430957728, 'recall_weighted': 0.8470868430957728}
Validation statistic: Loss: 0.2138, dev_score: {'accuracy': 0.9423172550969667, 'balanced_accuracy': 0.9418403431087373, 'f1_macro': 0.9421626221480077, 'f1_micro': 0.9423172550969667, 'f1_weighted': 0.9422806190170597, 'precision_macro': 0.9427058686527218, 'precision_micro': 0.9423172550969667, 'precision_weighted': 0.9424688130501157, 'recall_macro': 0.9418403431087373, 'recall_micro': 0.9423172550969667, 'recall_weighted': 0.9423172550969667}
-----------------------
Epoch 69/100
Training statistic: Loss: 0.4314, train_score: {'accuracy': 0.8475021739976897, 'balanced_accuracy': 0.8501620468858071, 'f1_macro': 0.8491208986247412, 'f1_micro': 0.8475021739976897, 'f1_weighted': 0.8474153728506385, 'precision_macro': 0.8487103579242417, 'precision_micro': 0.8475021739976897, 'precision_weighted': 0.8479228893747934, 'recall_macro': 0.8501620468858071, 'recall_micro': 0.8475021739976897, 'recall_weighted': 0.8475021739976897}
Validation statistic: Loss: 0.2153, dev_score: {'accuracy': 0.9429802751533234, 'balanced_accuracy': 0.9424452719717997, 'f1_macro': 0.9427747047196021, 'f1_micro': 0.9429802751533234, 'f1_weighted': 0.9429143710248569, 'precision_macro': 0.9433978271546994, 'precision_micro': 0.9429802751533234, 'precision_weighted': 0.9431409883739322, 'recall_macro': 0.9424452719717997, 'recall_micro': 0.9429802751533234, 'recall_weighted': 0.9429802751533234}
-----------------------
Epoch 70/100
Training statistic: Loss: 0.4283, train_score: {'accuracy': 0.8476514335405662, 'balanced_accuracy': 0.8505385915434622, 'f1_macro': 0.8493871404241009, 'f1_micro': 0.8476514335405662, 'f1_weighted': 0.8476569283217888, 'precision_macro': 0.8489004573203065, 'precision_micro': 0.8476514335405662, 'precision_weighted': 0.8483114175898397, 'recall_macro': 0.8505385915434622, 'recall_micro': 0.8476514335405662, 'recall_weighted': 0.8476514335405662}
Validation statistic: Loss: 0.2110, dev_score: {'accuracy': 0.9421515000828775, 'balanced_accuracy': 0.9416485787484941, 'f1_macro': 0.9419788147793098, 'f1_micro': 0.9421515000828775, 'f1_weighted': 0.9420840790613374, 'precision_macro': 0.9425199798542121, 'precision_micro': 0.9421515000828775, 'precision_weighted': 0.9422318026151915, 'recall_macro': 0.9416485787484941, 'recall_micro': 0.9421515000828775, 'recall_weighted': 0.9421515000828775}
Saving model...
Model saved!
-------------------------------------------
-----------------------
Epoch 71/100
Training statistic: Loss: 0.4296, train_score: {'accuracy': 0.8477812244474152, 'balanced_accuracy': 0.8504660149388, 'f1_macro': 0.8495370937321093, 'f1_micro': 0.8477812244474152, 'f1_weighted': 0.8477536415410657, 'precision_macro': 0.8491908193189348, 'precision_micro': 0.8477812244474152, 'precision_weighted': 0.8483033710782647, 'recall_macro': 0.8504660149388, 'recall_micro': 0.8477812244474152, 'recall_weighted': 0.8477812244474152}
Validation statistic: Loss: 0.2132, dev_score: {'accuracy': 0.9428145201392342, 'balanced_accuracy': 0.9423067535048226, 'f1_macro': 0.9427111483403617, 'f1_micro': 0.9428145201392342, 'f1_weighted': 0.9427807652663965, 'precision_macro': 0.9434493263075463, 'precision_micro': 0.9428145201392342, 'precision_weighted': 0.9430836755591775, 'recall_macro': 0.9423067535048226, 'recall_micro': 0.9428145201392342, 'recall_weighted': 0.9428145201392342}
-----------------------
Epoch 72/100
Training statistic: Loss: 0.4284, train_score: {'accuracy': 0.8480343167157709, 'balanced_accuracy': 0.8505977590249645, 'f1_macro': 0.8497886012965191, 'f1_micro': 0.8480343167157709, 'f1_weighted': 0.8480352599363948, 'precision_macro': 0.8496504890257605, 'precision_micro': 0.8480343167157709, 'precision_weighted': 0.8486942135816479, 'recall_macro': 0.8505977590249645, 'recall_micro': 0.8480343167157709, 'recall_weighted': 0.8480343167157709}
Validation statistic: Loss: 0.2133, dev_score: {'accuracy': 0.9448035803083044, 'balanced_accuracy': 0.9442952523066541, 'f1_macro': 0.944774884367971, 'f1_micro': 0.9448035803083044, 'f1_weighted': 0.9448203093881549, 'precision_macro': 0.9457371220385486, 'precision_micro': 0.9448035803083044, 'precision_weighted': 0.9453182210902835, 'recall_macro': 0.9442952523066541, 'recall_micro': 0.9448035803083044, 'recall_weighted': 0.9448035803083044}
-----------------------
Epoch 73/100
Training statistic: Loss: 0.4299, train_score: {'accuracy': 0.8480602748971408, 'balanced_accuracy': 0.8508777363342503, 'f1_macro': 0.8497560775013376, 'f1_micro': 0.8480602748971408, 'f1_weighted': 0.8480294004845023, 'precision_macro': 0.8493953904843055, 'precision_micro': 0.8480602748971408, 'precision_weighted': 0.848726143151158, 'recall_macro': 0.8508777363342503, 'recall_micro': 0.8480602748971408, 'recall_weighted': 0.8480602748971408}
Validation statistic: Loss: 0.2139, dev_score: {'accuracy': 0.9439748052378585, 'balanced_accuracy': 0.9434686914331533, 'f1_macro': 0.9439384273323561, 'f1_micro': 0.9439748052378585, 'f1_weighted': 0.943952169487294, 'precision_macro': 0.9447632731719586, 'precision_micro': 0.9439748052378585, 'precision_weighted': 0.9442845727564874, 'recall_macro': 0.9434686914331533, 'recall_micro': 0.9439748052378585, 'recall_weighted': 0.9439748052378585}
-----------------------
Epoch 74/100
Training statistic: Loss: 0.4317, train_score: {'accuracy': 0.8485405012524823, 'balanced_accuracy': 0.8510860057274832, 'f1_macro': 0.8502630743794114, 'f1_micro': 0.8485405012524823, 'f1_weighted': 0.8485179563519661, 'precision_macro': 0.8500906640716194, 'precision_micro': 0.8485405012524823, 'precision_weighted': 0.8491206538396879, 'recall_macro': 0.8510860057274832, 'recall_micro': 0.8485405012524823, 'recall_weighted': 0.8485405012524823}
Validation statistic: Loss: 0.2152, dev_score: {'accuracy': 0.9444720702801259, 'balanced_accuracy': 0.9441990161606852, 'f1_macro': 0.944438650181254, 'f1_micro': 0.9444720702801259, 'f1_weighted': 0.9444545658523029, 'precision_macro': 0.9449129776769902, 'precision_micro': 0.9444720702801259, 'precision_weighted': 0.9446746789513822, 'recall_macro': 0.9441990161606852, 'recall_micro': 0.9444720702801259, 'recall_weighted': 0.9444720702801259}
-----------------------
Epoch 75/100
Training statistic: Loss: 0.4272, train_score: {'accuracy': 0.848650823523304, 'balanced_accuracy': 0.8510428183093177, 'f1_macro': 0.8501820284019692, 'f1_micro': 0.848650823523304, 'f1_weighted': 0.848475066168836, 'precision_macro': 0.8499265570590776, 'precision_micro': 0.848650823523304, 'precision_weighted': 0.848875522794702, 'recall_macro': 0.8510428183093177, 'recall_micro': 0.848650823523304, 'recall_weighted': 0.848650823523304}
Validation statistic: Loss: 0.2115, dev_score: {'accuracy': 0.9439748052378585, 'balanced_accuracy': 0.9433957258631829, 'f1_macro': 0.9437487129476322, 'f1_micro': 0.9439748052378585, 'f1_weighted': 0.9439076193180396, 'precision_macro': 0.9445681705259489, 'precision_micro': 0.9439748052378585, 'precision_weighted': 0.9442988788473874, 'recall_macro': 0.9433957258631829, 'recall_micro': 0.9439748052378585, 'recall_weighted': 0.9439748052378585}
-----------------------
Epoch 76/100
Training statistic: Loss: 0.4296, train_score: {'accuracy': 0.8488195517022078, 'balanced_accuracy': 0.8514501002795564, 'f1_macro': 0.8505597333564898, 'f1_micro': 0.8488195517022078, 'f1_weighted': 0.8488173737359638, 'precision_macro': 0.8505401474215766, 'precision_micro': 0.8488195517022078, 'precision_weighted': 0.8496674294678738, 'recall_macro': 0.8514501002795564, 'recall_micro': 0.8488195517022078, 'recall_weighted': 0.8488195517022078}
Validation statistic: Loss: 0.2144, dev_score: {'accuracy': 0.9443063152660368, 'balanced_accuracy': 0.9436933789867215, 'f1_macro': 0.9442338909183741, 'f1_micro': 0.9443063152660368, 'f1_weighted': 0.9443214633408493, 'precision_macro': 0.9452267418297164, 'precision_micro': 0.9443063152660368, 'precision_weighted': 0.9447810763664173, 'recall_macro': 0.9436933789867215, 'recall_micro': 0.9443063152660368, 'recall_weighted': 0.9443063152660368}
-----------------------
Epoch 77/100
Training statistic: Loss: 0.4282, train_score: {'accuracy': 0.8492413721494672, 'balanced_accuracy': 0.852040573670948, 'f1_macro': 0.8507769312148502, 'f1_micro': 0.8492413721494672, 'f1_weighted': 0.8491160811147396, 'precision_macro': 0.8501779978804608, 'precision_micro': 0.8492413721494672, 'precision_weighted': 0.8496130761757894, 'recall_macro': 0.852040573670948, 'recall_micro': 0.8492413721494672, 'recall_weighted': 0.8492413721494672}
Validation statistic: Loss: 0.2146, dev_score: {'accuracy': 0.9446378252942151, 'balanced_accuracy': 0.9441224775117163, 'f1_macro': 0.9444796442065947, 'f1_micro': 0.9446378252942151, 'f1_weighted': 0.9445895570264742, 'precision_macro': 0.9451679499152401, 'precision_micro': 0.9446378252942151, 'precision_weighted': 0.9448696867206428, 'recall_macro': 0.9441224775117163, 'recall_micro': 0.9446378252942151, 'recall_weighted': 0.9446378252942151}
-----------------------
Epoch 78/100
Training statistic: Loss: 0.4265, train_score: {'accuracy': 0.8502796994042597, 'balanced_accuracy': 0.8527725091250888, 'f1_macro': 0.8519667273888747, 'f1_micro': 0.8502796994042597, 'f1_weighted': 0.8502123645988579, 'precision_macro': 0.8514793325618338, 'precision_micro': 0.8502796994042597, 'precision_weighted': 0.8504492020171689, 'recall_macro': 0.8527725091250888, 'recall_micro': 0.8502796994042597, 'recall_weighted': 0.8502796994042597}
Validation statistic: Loss: 0.2129, dev_score: {'accuracy': 0.9444720702801259, 'balanced_accuracy': 0.944110278678942, 'f1_macro': 0.9442415927519121, 'f1_micro': 0.9444720702801259, 'f1_weighted': 0.9444068658998033, 'precision_macro': 0.9446419128087074, 'precision_micro': 0.9444720702801259, 'precision_weighted': 0.9446159904980819, 'recall_macro': 0.944110278678942, 'recall_micro': 0.9444720702801259, 'recall_weighted': 0.9444720702801259}
-----------------------
Epoch 79/100
Training statistic: Loss: 0.4278, train_score: {'accuracy': 0.8493906316923436, 'balanced_accuracy': 0.852134714890818, 'f1_macro': 0.8510142898175855, 'f1_micro': 0.8493906316923436, 'f1_weighted': 0.8493034885330019, 'precision_macro': 0.8505223980111557, 'precision_micro': 0.8493906316923436, 'precision_weighted': 0.8498079957693712, 'recall_macro': 0.852134714890818, 'recall_micro': 0.8493906316923436, 'recall_weighted': 0.8493906316923436}
Validation statistic: Loss: 0.2136, dev_score: {'accuracy': 0.9424830101110558, 'balanced_accuracy': 0.9420173256547321, 'f1_macro': 0.9422388346619878, 'f1_micro': 0.9424830101110558, 'f1_weighted': 0.94241247724564, 'precision_macro': 0.9427202008654192, 'precision_micro': 0.9424830101110558, 'precision_weighted': 0.9426017701819683, 'recall_macro': 0.9420173256547321, 'recall_micro': 0.9424830101110558, 'recall_weighted': 0.9424830101110558}
-----------------------
Epoch 80/100
Training statistic: Loss: 0.4241, train_score: {'accuracy': 0.8497670253222059, 'balanced_accuracy': 0.8522957443520562, 'f1_macro': 0.8515546184502645, 'f1_micro': 0.8497670253222059, 'f1_weighted': 0.8498375332770411, 'precision_macro': 0.8515889464604826, 'precision_micro': 0.8497670253222059, 'precision_weighted': 0.8506762211567233, 'recall_macro': 0.8522957443520562, 'recall_micro': 0.8497670253222059, 'recall_weighted': 0.8497670253222059}
Validation statistic: Loss: 0.2107, dev_score: {'accuracy': 0.9444720702801259, 'balanced_accuracy': 0.9438360061069592, 'f1_macro': 0.9443271939472776, 'f1_micro': 0.9444720702801259, 'f1_weighted': 0.9445051458709156, 'precision_macro': 0.9451279074782878, 'precision_micro': 0.9444720702801259, 'precision_weighted': 0.944842723392815, 'recall_macro': 0.9438360061069592, 'recall_micro': 0.9444720702801259, 'recall_weighted': 0.9444720702801259}
Saving model...
Model saved!
-------------------------------------------
-----------------------
Epoch 81/100
Training statistic: Loss: 0.4267, train_score: {'accuracy': 0.8498773475930277, 'balanced_accuracy': 0.8524756792505, 'f1_macro': 0.85142968386631, 'f1_micro': 0.8498773475930277, 'f1_weighted': 0.8497442755422444, 'precision_macro': 0.8510599828254884, 'precision_micro': 0.8498773475930277, 'precision_weighted': 0.8502550987580073, 'recall_macro': 0.8524756792505, 'recall_micro': 0.8498773475930277, 'recall_weighted': 0.8498773475930277}
Validation statistic: Loss: 0.2146, dev_score: {'accuracy': 0.9433117851815017, 'balanced_accuracy': 0.9427667089465779, 'f1_macro': 0.943045688714383, 'f1_micro': 0.9433117851815017, 'f1_weighted': 0.9432529550412423, 'precision_macro': 0.9435662293792255, 'precision_micro': 0.9433117851815017, 'precision_weighted': 0.9434346029880187, 'recall_macro': 0.9427667089465779, 'recall_micro': 0.9433117851815017, 'recall_weighted': 0.9433117851815017}
-----------------------
Epoch 82/100
Training statistic: Loss: 0.4240, train_score: {'accuracy': 0.8500395862265889, 'balanced_accuracy': 0.8526968784982015, 'f1_macro': 0.8517230120393547, 'f1_micro': 0.8500395862265889, 'f1_weighted': 0.8500072398359445, 'precision_macro': 0.8511088102884969, 'precision_micro': 0.8500395862265889, 'precision_weighted': 0.8503255114507106, 'recall_macro': 0.8526968784982015, 'recall_micro': 0.8500395862265889, 'recall_weighted': 0.8500395862265889}
Validation statistic: Loss: 0.2107, dev_score: {'accuracy': 0.9459638654069286, 'balanced_accuracy': 0.9455336484432889, 'f1_macro': 0.9458848995982605, 'f1_micro': 0.9459638654069286, 'f1_weighted': 0.9459042978253175, 'precision_macro': 0.946503782665739, 'precision_micro': 0.9459638654069286, 'precision_weighted': 0.9461121301468495, 'recall_macro': 0.9455336484432889, 'recall_micro': 0.9459638654069286, 'recall_weighted': 0.9459638654069286}
Saving model...
Model saved!
-------------------------------------------
-----------------------
Epoch 83/100
Training statistic: Loss: 0.4235, train_score: {'accuracy': 0.8498513894116578, 'balanced_accuracy': 0.8524727635220628, 'f1_macro': 0.8515400098673578, 'f1_micro': 0.8498513894116578, 'f1_weighted': 0.8498248235989844, 'precision_macro': 0.8511827880276639, 'precision_micro': 0.8498513894116578, 'precision_weighted': 0.8503505849321389, 'recall_macro': 0.8524727635220628, 'recall_micro': 0.8498513894116578, 'recall_weighted': 0.8498513894116578}
Validation statistic: Loss: 0.2127, dev_score: {'accuracy': 0.9429802751533234, 'balanced_accuracy': 0.9423807221067291, 'f1_macro': 0.9427972454423456, 'f1_micro': 0.9429802751533234, 'f1_weighted': 0.9429532851065807, 'precision_macro': 0.9435785933793113, 'precision_micro': 0.9429802751533234, 'precision_weighted': 0.9432902091854753, 'recall_macro': 0.9423807221067291, 'recall_micro': 0.9429802751533234, 'recall_weighted': 0.9429802751533234}
-----------------------
Epoch 84/100
Training statistic: Loss: 0.4255, train_score: {'accuracy': 0.8496177657793295, 'balanced_accuracy': 0.852431579378011, 'f1_macro': 0.8511329511959064, 'f1_micro': 0.8496177657793295, 'f1_weighted': 0.8494820776367442, 'precision_macro': 0.8507332377978643, 'precision_micro': 0.8496177657793295, 'precision_weighted': 0.8501862590999711, 'recall_macro': 0.852431579378011, 'recall_micro': 0.8496177657793295, 'recall_weighted': 0.8496177657793295}
Validation statistic: Loss: 0.2124, dev_score: {'accuracy': 0.9418199900546992, 'balanced_accuracy': 0.9414022860100694, 'f1_macro': 0.9416936230087745, 'f1_micro': 0.9418199900546992, 'f1_weighted': 0.9417875933224289, 'precision_macro': 0.9423891406462779, 'precision_micro': 0.9418199900546992, 'precision_weighted': 0.9421545090123069, 'recall_macro': 0.9414022860100694, 'recall_micro': 0.9418199900546992, 'recall_weighted': 0.9418199900546992}
-----------------------
Epoch 85/100
Training statistic: Loss: 0.4228, train_score: {'accuracy': 0.8499487325917946, 'balanced_accuracy': 0.8526598019497291, 'f1_macro': 0.8515732951509332, 'f1_micro': 0.8499487325917946, 'f1_weighted': 0.8498710388960669, 'precision_macro': 0.8510497840725378, 'precision_micro': 0.8499487325917946, 'precision_weighted': 0.850328195037816, 'recall_macro': 0.8526598019497291, 'recall_micro': 0.8499487325917946, 'recall_weighted': 0.8499487325917946}
Validation statistic: Loss: 0.2114, dev_score: {'accuracy': 0.9438090502237693, 'balanced_accuracy': 0.9432450968426256, 'f1_macro': 0.9435836813772787, 'f1_micro': 0.9438090502237693, 'f1_weighted': 0.9437481295889113, 'precision_macro': 0.9441768279971677, 'precision_micro': 0.9438090502237693, 'precision_weighted': 0.9439426155666923, 'recall_macro': 0.9432450968426256, 'recall_micro': 0.9438090502237693, 'recall_weighted': 0.9438090502237693}
-----------------------
Epoch 86/100
Training statistic: Loss: 0.4242, train_score: {'accuracy': 0.8497800044128908, 'balanced_accuracy': 0.8526832124138934, 'f1_macro': 0.8514380221934565, 'f1_micro': 0.8497800044128908, 'f1_weighted': 0.84975756759629, 'precision_macro': 0.8509658195183096, 'precision_micro': 0.8497800044128908, 'precision_weighted': 0.8504811903359093, 'recall_macro': 0.8526832124138934, 'recall_micro': 0.8497800044128908, 'recall_weighted': 0.8497800044128908}
Validation statistic: Loss: 0.2127, dev_score: {'accuracy': 0.9439748052378585, 'balanced_accuracy': 0.9433838762521874, 'f1_macro': 0.943845804912337, 'f1_micro': 0.9439748052378585, 'f1_weighted': 0.9439281622112479, 'precision_macro': 0.9446524420083271, 'precision_micro': 0.9439748052378585, 'precision_weighted': 0.9442245965213555, 'recall_macro': 0.9433838762521874, 'recall_micro': 0.9439748052378585, 'recall_weighted': 0.9439748052378585}
-----------------------
Epoch 87/100
Training statistic: Loss: 0.4234, train_score: {'accuracy': 0.8504678962191908, 'balanced_accuracy': 0.8530706058931509, 'f1_macro': 0.8521057734469485, 'f1_micro': 0.8504678962191908, 'f1_weighted': 0.8504229780284511, 'precision_macro': 0.8516307201288205, 'precision_micro': 0.8504678962191908, 'precision_weighted': 0.8508470332906827, 'recall_macro': 0.8530706058931509, 'recall_micro': 0.8504678962191908, 'recall_weighted': 0.8504678962191908}
Validation statistic: Loss: 0.2116, dev_score: {'accuracy': 0.9429802751533234, 'balanced_accuracy': 0.9425948107784844, 'f1_macro': 0.9428602261407676, 'f1_micro': 0.9429802751533234, 'f1_weighted': 0.9428832377144015, 'precision_macro': 0.9433546583953767, 'precision_micro': 0.9429802751533234, 'precision_weighted': 0.9430207799479093, 'recall_macro': 0.9425948107784844, 'recall_micro': 0.9429802751533234, 'recall_weighted': 0.9429802751533234}
-----------------------
Epoch 88/100
Training statistic: Loss: 0.4207, train_score: {'accuracy': 0.8508313107583683, 'balanced_accuracy': 0.8534882741375117, 'f1_macro': 0.8524872838279973, 'f1_micro': 0.8508313107583683, 'f1_weighted': 0.8508058600988853, 'precision_macro': 0.8520639575711424, 'precision_micro': 0.8508313107583683, 'precision_weighted': 0.851332792443326, 'recall_macro': 0.8534882741375117, 'recall_micro': 0.8508313107583683, 'recall_weighted': 0.8508313107583683}
Validation statistic: Loss: 0.2109, dev_score: {'accuracy': 0.9428145201392342, 'balanced_accuracy': 0.9422984391063656, 'f1_macro': 0.9426598972362024, 'f1_micro': 0.9428145201392342, 'f1_weighted': 0.9427865521130133, 'precision_macro': 0.9433065982529047, 'precision_micro': 0.9428145201392342, 'precision_weighted': 0.9430428541923395, 'recall_macro': 0.9422984391063656, 'recall_micro': 0.9428145201392342, 'recall_weighted': 0.9428145201392342}
-----------------------
Epoch 89/100
Training statistic: Loss: 0.4231, train_score: {'accuracy': 0.8506755616701493, 'balanced_accuracy': 0.8532849882190039, 'f1_macro': 0.8524498106602376, 'f1_micro': 0.8506755616701493, 'f1_weighted': 0.8507089591412537, 'precision_macro': 0.8521683603627807, 'precision_micro': 0.8506755616701493, 'precision_weighted': 0.8512818188939619, 'recall_macro': 0.8532849882190039, 'recall_micro': 0.8506755616701493, 'recall_weighted': 0.8506755616701493}
Validation statistic: Loss: 0.2118, dev_score: {'accuracy': 0.9443063152660368, 'balanced_accuracy': 0.9438581770622966, 'f1_macro': 0.9441721731318118, 'f1_micro': 0.9443063152660368, 'f1_weighted': 0.9442873375129062, 'precision_macro': 0.9447789232205533, 'precision_micro': 0.9443063152660368, 'precision_weighted': 0.9445621718277321, 'recall_macro': 0.9438581770622966, 'recall_micro': 0.9443063152660368, 'recall_weighted': 0.9443063152660368}
-----------------------
Epoch 90/100
Training statistic: Loss: 0.4222, train_score: {'accuracy': 0.8516489934715173, 'balanced_accuracy': 0.8539919288813203, 'f1_macro': 0.8533025853315908, 'f1_micro': 0.8516489934715173, 'f1_weighted': 0.8515939670520699, 'precision_macro': 0.8531457674302081, 'precision_micro': 0.8516489934715173, 'precision_weighted': 0.8520529278055408, 'recall_macro': 0.8539919288813203, 'recall_micro': 0.8516489934715173, 'recall_weighted': 0.8516489934715173}
Validation statistic: Loss: 0.2113, dev_score: {'accuracy': 0.94364329520968, 'balanced_accuracy': 0.9431575024839478, 'f1_macro': 0.9434994699693837, 'f1_micro': 0.94364329520968, 'f1_weighted': 0.9436460806679725, 'precision_macro': 0.94419517271388, 'precision_micro': 0.94364329520968, 'precision_weighted': 0.9440014356644363, 'recall_macro': 0.9431575024839478, 'recall_micro': 0.94364329520968, 'recall_weighted': 0.94364329520968}
-----------------------
Epoch 91/100
Training statistic: Loss: 0.4221, train_score: {'accuracy': 0.8514023907485042, 'balanced_accuracy': 0.8540101905472776, 'f1_macro': 0.8530924438485868, 'f1_micro': 0.8514023907485042, 'f1_weighted': 0.8514010879491809, 'precision_macro': 0.8527229523756027, 'precision_micro': 0.8514023907485042, 'precision_weighted': 0.8519301038477046, 'recall_macro': 0.8540101905472776, 'recall_micro': 0.8514023907485042, 'recall_weighted': 0.8514023907485042}
Validation statistic: Loss: 0.2100, dev_score: {'accuracy': 0.9439748052378585, 'balanced_accuracy': 0.9435351970301896, 'f1_macro': 0.9438312986374179, 'f1_micro': 0.9439748052378585, 'f1_weighted': 0.943920636961931, 'precision_macro': 0.9443634704026431, 'precision_micro': 0.9439748052378585, 'precision_weighted': 0.9441079556769433, 'recall_macro': 0.9435351970301896, 'recall_micro': 0.9439748052378585, 'recall_weighted': 0.9439748052378585}
Saving model...
Model saved!
-------------------------------------------
-----------------------
Epoch 92/100
Training statistic: Loss: 0.4236, train_score: {'accuracy': 0.8515970771087777, 'balanced_accuracy': 0.8542467669201859, 'f1_macro': 0.8532774565327085, 'f1_micro': 0.8515970771087777, 'f1_weighted': 0.8516029578012384, 'precision_macro': 0.8529397884648647, 'precision_micro': 0.8515970771087777, 'precision_weighted': 0.8522238011761903, 'recall_macro': 0.8542467669201859, 'recall_micro': 0.8515970771087777, 'recall_weighted': 0.8515970771087777}
Validation statistic: Loss: 0.2134, dev_score: {'accuracy': 0.9443063152660368, 'balanced_accuracy': 0.9437980251011975, 'f1_macro': 0.9441729510224646, 'f1_micro': 0.9443063152660368, 'f1_weighted': 0.9442754468516833, 'precision_macro': 0.9448442363089893, 'precision_micro': 0.9443063152660368, 'precision_weighted': 0.9445419257856669, 'recall_macro': 0.9437980251011975, 'recall_micro': 0.9443063152660368, 'recall_weighted': 0.9443063152660368}
-----------------------
Epoch 93/100
Training statistic: Loss: 0.4220, train_score: {'accuracy': 0.8505327916726154, 'balanced_accuracy': 0.8533870323954883, 'f1_macro': 0.8521562310272219, 'f1_micro': 0.8505327916726154, 'f1_weighted': 0.850514105644317, 'precision_macro': 0.8518540739737201, 'precision_micro': 0.8505327916726154, 'precision_weighted': 0.8513850481798477, 'recall_macro': 0.8533870323954883, 'recall_micro': 0.8505327916726154, 'recall_weighted': 0.8505327916726154}
Validation statistic: Loss: 0.2097, dev_score: {'accuracy': 0.9434775401955909, 'balanced_accuracy': 0.9430914594516626, 'f1_macro': 0.9433772197634687, 'f1_micro': 0.9434775401955909, 'f1_weighted': 0.9434588698814578, 'precision_macro': 0.9439618678519096, 'precision_micro': 0.9434775401955909, 'precision_weighted': 0.9437406403847524, 'recall_macro': 0.9430914594516626, 'recall_micro': 0.9434775401955909, 'recall_weighted': 0.9434775401955909}
Saving model...
Model saved!
-------------------------------------------
-----------------------
Epoch 94/100
Training statistic: Loss: 0.4203, train_score: {'accuracy': 0.8516360143808325, 'balanced_accuracy': 0.8539849700354321, 'f1_macro': 0.8533740035204099, 'f1_micro': 0.8516360143808325, 'f1_weighted': 0.8516983569575791, 'precision_macro': 0.853291434370125, 'precision_micro': 0.8516360143808325, 'precision_weighted': 0.8522757473026066, 'recall_macro': 0.8539849700354321, 'recall_micro': 0.8516360143808325, 'recall_weighted': 0.8516360143808325}
Validation statistic: Loss: 0.2097, dev_score: {'accuracy': 0.9448035803083044, 'balanced_accuracy': 0.9443209711719531, 'f1_macro': 0.9448091624251196, 'f1_micro': 0.9448035803083044, 'f1_weighted': 0.9448400594175624, 'precision_macro': 0.945685313567598, 'precision_micro': 0.9448035803083044, 'precision_weighted': 0.9452569840647305, 'recall_macro': 0.9443209711719531, 'recall_micro': 0.9448035803083044, 'recall_weighted': 0.9448035803083044}
Saving model...
Model saved!
-------------------------------------------
-----------------------
Epoch 95/100
Training statistic: Loss: 0.4196, train_score: {'accuracy': 0.8517333575609692, 'balanced_accuracy': 0.8543327691403922, 'f1_macro': 0.8533687222866337, 'f1_micro': 0.8517333575609692, 'f1_weighted': 0.8516660752276121, 'precision_macro': 0.852896632974276, 'precision_micro': 0.8517333575609692, 'precision_weighted': 0.8520654247988562, 'recall_macro': 0.8543327691403922, 'recall_micro': 0.8517333575609692, 'recall_weighted': 0.8517333575609692}
Validation statistic: Loss: 0.2099, dev_score: {'accuracy': 0.9446378252942151, 'balanced_accuracy': 0.9443120270668508, 'f1_macro': 0.9446098555150959, 'f1_micro': 0.9446378252942151, 'f1_weighted': 0.9446247879240345, 'precision_macro': 0.9451823916087572, 'precision_micro': 0.9446378252942151, 'precision_weighted': 0.944886478107347, 'recall_macro': 0.9443120270668508, 'recall_micro': 0.9446378252942151, 'recall_weighted': 0.9446378252942151}
-----------------------
Epoch 96/100
Training statistic: Loss: 0.4201, train_score: {'accuracy': 0.8517009098342571, 'balanced_accuracy': 0.8544364779265831, 'f1_macro': 0.8534125852013439, 'f1_micro': 0.8517009098342571, 'f1_weighted': 0.8517006743176572, 'precision_macro': 0.8529631612203972, 'precision_micro': 0.8517009098342571, 'precision_weighted': 0.8522598547065066, 'recall_macro': 0.8544364779265831, 'recall_micro': 0.8517009098342571, 'recall_weighted': 0.8517009098342571}
Validation statistic: Loss: 0.2094, dev_score: {'accuracy': 0.94364329520968, 'balanced_accuracy': 0.9433433274855837, 'f1_macro': 0.9435910404592247, 'f1_micro': 0.94364329520968, 'f1_weighted': 0.943605528485864, 'precision_macro': 0.9440014596982618, 'precision_micro': 0.94364329520968, 'precision_weighted': 0.9437363527884634, 'recall_macro': 0.9433433274855837, 'recall_micro': 0.94364329520968, 'recall_weighted': 0.94364329520968}
Saving model...
Model saved!
-------------------------------------------
-----------------------
Epoch 97/100
Training statistic: Loss: 0.4176, train_score: {'accuracy': 0.8525834880008306, 'balanced_accuracy': 0.8550859653334955, 'f1_macro': 0.8543152229868539, 'f1_micro': 0.8525834880008306, 'f1_weighted': 0.8526124938249942, 'precision_macro': 0.8540611931163898, 'precision_micro': 0.8525834880008306, 'precision_weighted': 0.8531454776956756, 'recall_macro': 0.8550859653334955, 'recall_micro': 0.8525834880008306, 'recall_weighted': 0.8525834880008306}
Validation statistic: Loss: 0.2090, dev_score: {'accuracy': 0.9428145201392342, 'balanced_accuracy': 0.942394141975955, 'f1_macro': 0.9427502764351766, 'f1_micro': 0.9428145201392342, 'f1_weighted': 0.94281667001587, 'precision_macro': 0.9433747487708048, 'precision_micro': 0.9428145201392342, 'precision_weighted': 0.9430891498410392, 'recall_macro': 0.942394141975955, 'recall_micro': 0.9428145201392342, 'recall_weighted': 0.9428145201392342}
Saving model...
Model saved!
-------------------------------------------
-----------------------
Epoch 98/100
Training statistic: Loss: 0.4199, train_score: {'accuracy': 0.85128557893234, 'balanced_accuracy': 0.8541499513094502, 'f1_macro': 0.8529890361759564, 'f1_micro': 0.85128557893234, 'f1_weighted': 0.8512752353924683, 'precision_macro': 0.852614329623963, 'precision_micro': 0.85128557893234, 'precision_weighted': 0.852035095085158, 'recall_macro': 0.8541499513094502, 'recall_micro': 0.85128557893234, 'recall_weighted': 0.85128557893234}
Validation statistic: Loss: 0.2103, dev_score: {'accuracy': 0.9439748052378585, 'balanced_accuracy': 0.943456188147825, 'f1_macro': 0.9438616870430165, 'f1_micro': 0.9439748052378585, 'f1_weighted': 0.9439720814178463, 'precision_macro': 0.9445646302106117, 'precision_micro': 0.9439748052378585, 'precision_weighted': 0.9442683730548739, 'recall_macro': 0.943456188147825, 'recall_micro': 0.9439748052378585, 'recall_weighted': 0.9439748052378585}
-----------------------
Epoch 99/100
Training statistic: Loss: 0.4215, train_score: {'accuracy': 0.8517009098342571, 'balanced_accuracy': 0.8544801878704129, 'f1_macro': 0.8534830805211143, 'f1_micro': 0.8517009098342571, 'f1_weighted': 0.8517644972435969, 'precision_macro': 0.8534316878177176, 'precision_micro': 0.8517009098342571, 'precision_weighted': 0.8527664755053886, 'recall_macro': 0.8544801878704129, 'recall_micro': 0.8517009098342571, 'recall_weighted': 0.8517009098342571}
Validation statistic: Loss: 0.2109, dev_score: {'accuracy': 0.9453008453505719, 'balanced_accuracy': 0.9447522011839679, 'f1_macro': 0.9452539089752798, 'f1_micro': 0.9453008453505719, 'f1_weighted': 0.9453287126263983, 'precision_macro': 0.946195530660642, 'precision_micro': 0.9453008453505719, 'precision_weighted': 0.9457961813702455, 'recall_macro': 0.9447522011839679, 'recall_micro': 0.9453008453505719, 'recall_weighted': 0.9453008453505719}
-----------------------
Epoch 100/100
Training statistic: Loss: 0.4218, train_score: {'accuracy': 0.8522006048256259, 'balanced_accuracy': 0.8549900797051668, 'f1_macro': 0.8538798320730668, 'f1_micro': 0.8522006048256259, 'f1_weighted': 0.85220380560404, 'precision_macro': 0.853485861835462, 'precision_micro': 0.8522006048256259, 'precision_weighted': 0.8529032515913938, 'recall_macro': 0.8549900797051668, 'recall_micro': 0.8522006048256259, 'recall_weighted': 0.8522006048256259}
Validation statistic: Loss: 0.2125, dev_score: {'accuracy': 0.9446378252942151, 'balanced_accuracy': 0.9442783165684071, 'f1_macro': 0.9445350782982939, 'f1_micro': 0.9446378252942151, 'f1_weighted': 0.9446051421803503, 'precision_macro': 0.9450274446940377, 'precision_micro': 0.9446378252942151, 'precision_weighted': 0.9448118424451161, 'recall_macro': 0.9442783165684071, 'recall_micro': 0.9446378252942151, 'recall_weighted': 0.9446378252942151}
Testing statistic: loss: 0.20815783663323909, scores: {'accuracy': 0.9434822242479489, 'balanced_accuracy': 0.9437295628838627, 'f1_macro': 0.9436337894630153, 'f1_micro': 0.9434822242479489, 'f1_weighted': 0.943497063666989, 'precision_macro': 0.9437368955284041, 'precision_micro': 0.9434822242479489, 'precision_weighted': 0.943714631741004, 'recall_macro': 0.9437295628838627, 'recall_micro': 0.9434822242479489, 'recall_weighted': 0.9434822242479489}
Finish training!
