=====Setting up data=====
Dataset name:mnist12
train_option:mix
augment_option:dnn
mix_ratio:-1
n_sample:-1
Training dataset size: 154112 samples
Validation dataset size: 6144 samples

=====Setting up parameters for training=====
num_epochs: 100
learning_rate: 0.001
patience: 30
early_stop_criterion: loss
=====Setting up trainer=====
input_size: 144
model: DNN_MNIST12
----------------------------------------------------------------
        Layer (type)               Output Shape         Param #
================================================================
           Dropout-1                  [-1, 144]               0
            Linear-2                 [-1, 1024]         148,480
         LeakyReLU-3                 [-1, 1024]               0
       BatchNorm1d-4                 [-1, 1024]           2,048
           Dropout-5                 [-1, 1024]               0
            Linear-6                 [-1, 1024]       1,049,600
         LeakyReLU-7                 [-1, 1024]               0
       BatchNorm1d-8                 [-1, 1024]           2,048
           Dropout-9                 [-1, 1024]               0
           Linear-10                  [-1, 256]         262,400
        LeakyReLU-11                  [-1, 256]               0
      BatchNorm1d-12                  [-1, 256]             512
          Dropout-13                  [-1, 256]               0
           Linear-14                   [-1, 10]           2,570
================================================================
Total params: 1,467,658
Trainable params: 1,467,658
Non-trainable params: 0
----------------------------------------------------------------
Input size (MB): 0.00
Forward/backward pass size (MB): 0.07
Params size (MB): 5.60
Estimated Total Size (MB): 5.67
----------------------------------------------------------------
=====Setting up output files=====
weight_dir, weight_file: /home/thuy/Research/minh_data_synth/TabularDA/.cache/mnist_head_fixed_runtime_20261009/output/mnist_head_fixed_20261009/mnist12/weight/, mnist12_seed43_ctgan_xonly_dnn_mix.weights.pth
acc_dir, acc_file: /home/thuy/Research/minh_data_synth/TabularDA/.cache/mnist_head_fixed_runtime_20261009/output/mnist_head_fixed_20261009/mnist12/acc/, mnist12_seed43_ctgan_xonly_dnn_mix.epochs.csv
report_file: mnist12_seed43_ctgan_xonly_dnn_mix.report.txt
==========================================================================================
Start training...
-----------------------
Epoch 1/100
Training statistic: Loss: 0.6946, train_score: {'accuracy': 0.7667332926655158, 'balanced_accuracy': 0.7590418293180983, 'f1_macro': 0.765180341594043, 'f1_micro': 0.7667332926655158, 'f1_weighted': 0.7653059154393375, 'precision_macro': 0.780715712068972, 'precision_micro': 0.7667332926655158, 'precision_weighted': 0.771901974284805, 'recall_macro': 0.7590418293180983, 'recall_micro': 0.7667332926655158, 'recall_weighted': 0.7667332926655158}
Validation statistic: Loss: 0.4183, dev_score: {'accuracy': 0.870213823968175, 'balanced_accuracy': 0.8663460648625534, 'f1_macro': 0.8668824682252572, 'f1_micro': 0.870213823968175, 'f1_weighted': 0.8693755842902967, 'precision_macro': 0.8791393843203135, 'precision_micro': 0.870213823968175, 'precision_weighted': 0.879635896933988, 'recall_macro': 0.8663460648625534, 'recall_micro': 0.870213823968175, 'recall_weighted': 0.870213823968175}
Saving model...
Model saved!
-------------------------------------------
-----------------------
Epoch 2/100
Training statistic: Loss: 0.6218, train_score: {'accuracy': 0.7910755772450582, 'balanced_accuracy': 0.7842181244898419, 'f1_macro': 0.7898856268047955, 'f1_micro': 0.7910755772450582, 'f1_weighted': 0.7898248477020972, 'precision_macro': 0.8037189937509535, 'precision_micro': 0.7910755772450582, 'precision_weighted': 0.7954911508473748, 'recall_macro': 0.7842181244898419, 'recall_micro': 0.7910755772450582, 'recall_weighted': 0.7910755772450582}
Validation statistic: Loss: 0.3606, dev_score: {'accuracy': 0.8877838554616277, 'balanced_accuracy': 0.8843003476747857, 'f1_macro': 0.8849107102636318, 'f1_micro': 0.8877838554616277, 'f1_weighted': 0.8871151235074167, 'precision_macro': 0.8949965314374516, 'precision_micro': 0.8877838554616277, 'precision_weighted': 0.8954886477244235, 'recall_macro': 0.8843003476747857, 'recall_micro': 0.8877838554616277, 'recall_weighted': 0.8877838554616277}
Saving model...
Model saved!
-------------------------------------------
-----------------------
Epoch 3/100
Training statistic: Loss: 0.5737, train_score: {'accuracy': 0.8065985697042065, 'balanced_accuracy': 0.8009829110182322, 'f1_macro': 0.8076951767118128, 'f1_micro': 0.8065985697042065, 'f1_weighted': 0.8058445907599607, 'precision_macro': 0.8212498967423553, 'precision_micro': 0.8065985697042065, 'precision_weighted': 0.8108637969874624, 'recall_macro': 0.8009829110182322, 'recall_micro': 0.8065985697042065, 'recall_weighted': 0.8065985697042065}
Validation statistic: Loss: 0.3205, dev_score: {'accuracy': 0.9023702967014752, 'balanced_accuracy': 0.8993700996001861, 'f1_macro': 0.9003396304716649, 'f1_micro': 0.9023702967014752, 'f1_weighted': 0.902171951292163, 'precision_macro': 0.9076512858516697, 'precision_micro': 0.9023702967014752, 'precision_weighted': 0.9080332248236122, 'recall_macro': 0.8993700996001861, 'recall_micro': 0.9023702967014752, 'recall_weighted': 0.9023702967014752}
Saving model...
Model saved!
-------------------------------------------
-----------------------
Epoch 4/100
Training statistic: Loss: 0.5607, train_score: {'accuracy': 0.81340610276844, 'balanced_accuracy': 0.8074852580854976, 'f1_macro': 0.8130302785096072, 'f1_micro': 0.81340610276844, 'f1_weighted': 0.8124239543166067, 'precision_macro': 0.8262588202365077, 'precision_micro': 0.81340610276844, 'precision_weighted': 0.8176791657603987, 'recall_macro': 0.8074852580854976, 'recall_micro': 0.81340610276844, 'recall_weighted': 0.81340610276844}
Validation statistic: Loss: 0.3198, dev_score: {'accuracy': 0.8997182164760484, 'balanced_accuracy': 0.8965717847018031, 'f1_macro': 0.8973787918734379, 'f1_micro': 0.8997182164760484, 'f1_weighted': 0.899317231984488, 'precision_macro': 0.9055327958942158, 'precision_micro': 0.8997182164760484, 'precision_weighted': 0.9059302166960402, 'recall_macro': 0.8965717847018031, 'recall_micro': 0.8997182164760484, 'recall_weighted': 0.8997182164760484}
Saving model...
Model saved!
-------------------------------------------
-----------------------
Epoch 5/100
Training statistic: Loss: 0.5342, train_score: {'accuracy': 0.8229457344218464, 'balanced_accuracy': 0.8182124765547586, 'f1_macro': 0.8237693851211342, 'f1_micro': 0.8229457344218464, 'f1_weighted': 0.8224113966454641, 'precision_macro': 0.8350595252726887, 'precision_micro': 0.8229457344218464, 'precision_weighted': 0.8265665139843713, 'recall_macro': 0.8182124765547586, 'recall_micro': 0.8229457344218464, 'recall_weighted': 0.8229457344218464}
Validation statistic: Loss: 0.2963, dev_score: {'accuracy': 0.9073429471241505, 'balanced_accuracy': 0.9046265417513355, 'f1_macro': 0.9057062983235552, 'f1_micro': 0.9073429471241505, 'f1_weighted': 0.9072148984292584, 'precision_macro': 0.9119896538510485, 'precision_micro': 0.9073429471241505, 'precision_weighted': 0.9120547528350267, 'recall_macro': 0.9046265417513355, 'recall_micro': 0.9073429471241505, 'recall_weighted': 0.9073429471241505}
Saving model...
Model saved!
-------------------------------------------
-----------------------
Epoch 6/100
Training statistic: Loss: 0.5144, train_score: {'accuracy': 0.8301426402066271, 'balanced_accuracy': 0.8266271665559828, 'f1_macro': 0.8313839934739322, 'f1_micro': 0.8301426402066271, 'f1_weighted': 0.8294993063590306, 'precision_macro': 0.8415100342533697, 'precision_micro': 0.8301426402066271, 'precision_weighted': 0.8333895006050132, 'recall_macro': 0.8266271665559828, 'recall_micro': 0.8301426402066271, 'recall_weighted': 0.8301426402066271}
Validation statistic: Loss: 0.2774, dev_score: {'accuracy': 0.9128128625890933, 'balanced_accuracy': 0.9104147658960805, 'f1_macro': 0.9115058078701196, 'f1_micro': 0.9128128625890933, 'f1_weighted': 0.9128265605040822, 'precision_macro': 0.9172153113349941, 'precision_micro': 0.9128128625890933, 'precision_weighted': 0.9172552589388204, 'recall_macro': 0.9104147658960805, 'recall_micro': 0.9128128625890933, 'recall_weighted': 0.9128128625890933}
Saving model...
Model saved!
-------------------------------------------
-----------------------
Epoch 7/100
Training statistic: Loss: 0.5085, train_score: {'accuracy': 0.8328422910690877, 'balanced_accuracy': 0.8285137549927153, 'f1_macro': 0.8330644081467703, 'f1_micro': 0.8328422910690877, 'f1_weighted': 0.8320018067080811, 'precision_macro': 0.8439841367061579, 'precision_micro': 0.8328422910690877, 'precision_weighted': 0.83624058015273, 'recall_macro': 0.8285137549927153, 'recall_micro': 0.8328422910690877, 'recall_weighted': 0.8328422910690877}
Validation statistic: Loss: 0.2757, dev_score: {'accuracy': 0.9143046577158959, 'balanced_accuracy': 0.9117686040502446, 'f1_macro': 0.9127705599465852, 'f1_micro': 0.9143046577158959, 'f1_weighted': 0.9140741921795749, 'precision_macro': 0.9192334336320078, 'precision_micro': 0.9143046577158959, 'precision_weighted': 0.9190512552643929, 'recall_macro': 0.9117686040502446, 'recall_micro': 0.9143046577158959, 'recall_weighted': 0.9143046577158959}
Saving model...
Model saved!
-------------------------------------------
-----------------------
Epoch 8/100
Training statistic: Loss: 0.4983, train_score: {'accuracy': 0.8368593196360663, 'balanced_accuracy': 0.8326453725616725, 'f1_macro': 0.8378410282361066, 'f1_micro': 0.8368593196360663, 'f1_weighted': 0.8363026808533873, 'precision_macro': 0.8486224928712678, 'precision_micro': 0.8368593196360663, 'precision_weighted': 0.8401933034746063, 'recall_macro': 0.8326453725616725, 'recall_micro': 0.8368593196360663, 'recall_weighted': 0.8368593196360663}
Validation statistic: Loss: 0.2726, dev_score: {'accuracy': 0.9181170230399469, 'balanced_accuracy': 0.9159539554497332, 'f1_macro': 0.9170497559596542, 'f1_micro': 0.9181170230399469, 'f1_weighted': 0.9181800048335348, 'precision_macro': 0.9228425026995646, 'precision_micro': 0.9181170230399469, 'precision_weighted': 0.9227455157699116, 'recall_macro': 0.9159539554497332, 'recall_micro': 0.9181170230399469, 'recall_weighted': 0.9181170230399469}
Saving model...
Model saved!
-------------------------------------------
-----------------------
Epoch 9/100
Training statistic: Loss: 0.4840, train_score: {'accuracy': 0.8420898931820837, 'balanced_accuracy': 0.8375230321828688, 'f1_macro': 0.8430547805372761, 'f1_micro': 0.8420898931820837, 'f1_weighted': 0.8415629986757982, 'precision_macro': 0.8537887954677867, 'precision_micro': 0.8420898931820837, 'precision_weighted': 0.8455359715577508, 'recall_macro': 0.8375230321828688, 'recall_micro': 0.8420898931820837, 'recall_weighted': 0.8420898931820837}
Validation statistic: Loss: 0.2598, dev_score: {'accuracy': 0.9211006132935521, 'balanced_accuracy': 0.9189257115326972, 'f1_macro': 0.9200964509816455, 'f1_micro': 0.9211006132935521, 'f1_weighted': 0.921265739407498, 'precision_macro': 0.9254488733847189, 'precision_micro': 0.9211006132935521, 'precision_weighted': 0.9254381365978376, 'recall_macro': 0.9189257115326972, 'recall_micro': 0.9211006132935521, 'recall_weighted': 0.9211006132935521}
Saving model...
Model saved!
-------------------------------------------
-----------------------
Epoch 10/100
Training statistic: Loss: 0.4818, train_score: {'accuracy': 0.8459511726608434, 'balanced_accuracy': 0.8421535300718574, 'f1_macro': 0.846491218181507, 'f1_micro': 0.8459511726608434, 'f1_weighted': 0.8452778083567696, 'precision_macro': 0.8561875082562983, 'precision_micro': 0.8459511726608434, 'precision_weighted': 0.8489192323873281, 'recall_macro': 0.8421535300718574, 'recall_micro': 0.8459511726608434, 'recall_weighted': 0.8459511726608434}
Validation statistic: Loss: 0.2580, dev_score: {'accuracy': 0.920934858279463, 'balanced_accuracy': 0.9186325260839274, 'f1_macro': 0.9198096151760573, 'f1_micro': 0.920934858279463, 'f1_weighted': 0.9210172701718957, 'precision_macro': 0.924855797263642, 'precision_micro': 0.920934858279463, 'precision_weighted': 0.9248061236303781, 'recall_macro': 0.9186325260839274, 'recall_micro': 0.920934858279463, 'recall_weighted': 0.920934858279463}
Saving model...
Model saved!
-------------------------------------------
-----------------------
Epoch 11/100
Training statistic: Loss: 0.4757, train_score: {'accuracy': 0.8474567471802925, 'balanced_accuracy': 0.8424051719508883, 'f1_macro': 0.8479167743294245, 'f1_micro': 0.8474567471802925, 'f1_weighted': 0.846898239787031, 'precision_macro': 0.859520540552519, 'precision_micro': 0.8474567471802925, 'precision_weighted': 0.8512107000982244, 'recall_macro': 0.8424051719508883, 'recall_micro': 0.8474567471802925, 'recall_weighted': 0.8474567471802925}
Validation statistic: Loss: 0.2571, dev_score: {'accuracy': 0.9217636333499089, 'balanced_accuracy': 0.9195194959858174, 'f1_macro': 0.9207508061520763, 'f1_micro': 0.9217636333499089, 'f1_weighted': 0.9218511366073848, 'precision_macro': 0.9265959687279596, 'precision_micro': 0.9217636333499089, 'precision_weighted': 0.9263737713814441, 'recall_macro': 0.9195194959858174, 'recall_micro': 0.9217636333499089, 'recall_weighted': 0.9217636333499089}
Saving model...
Model saved!
-------------------------------------------
-----------------------
Epoch 12/100
Training statistic: Loss: 0.4649, train_score: {'accuracy': 0.849624255324672, 'balanced_accuracy': 0.8446908641279831, 'f1_macro': 0.8499299928170402, 'f1_micro': 0.849624255324672, 'f1_weighted': 0.8489750847269645, 'precision_macro': 0.8612689549449583, 'precision_micro': 0.849624255324672, 'precision_weighted': 0.8529016586734806, 'recall_macro': 0.8446908641279831, 'recall_micro': 0.849624255324672, 'recall_weighted': 0.849624255324672}
Validation statistic: Loss: 0.2496, dev_score: {'accuracy': 0.920934858279463, 'balanced_accuracy': 0.9186606035776382, 'f1_macro': 0.9198003660627962, 'f1_micro': 0.920934858279463, 'f1_weighted': 0.9209465015961903, 'precision_macro': 0.9258063622910481, 'precision_micro': 0.920934858279463, 'precision_weighted': 0.9256152139808613, 'recall_macro': 0.9186606035776382, 'recall_micro': 0.920934858279463, 'recall_weighted': 0.920934858279463}
Saving model...
Model saved!
-------------------------------------------
-----------------------
Epoch 13/100
Training statistic: Loss: 0.4605, train_score: {'accuracy': 0.850811842122341, 'balanced_accuracy': 0.8454765537262887, 'f1_macro': 0.8509122523762122, 'f1_micro': 0.850811842122341, 'f1_weighted': 0.8501534129817798, 'precision_macro': 0.8622709806518214, 'precision_micro': 0.850811842122341, 'precision_weighted': 0.8540803485473295, 'recall_macro': 0.8454765537262887, 'recall_micro': 0.850811842122341, 'recall_weighted': 0.850811842122341}
Validation statistic: Loss: 0.2466, dev_score: {'accuracy': 0.9240842035471573, 'balanced_accuracy': 0.9217668246814149, 'f1_macro': 0.9229406987457445, 'f1_micro': 0.9240842035471573, 'f1_weighted': 0.924105430613955, 'precision_macro': 0.9289269631091445, 'precision_micro': 0.9240842035471573, 'precision_weighted': 0.9287567745191505, 'recall_macro': 0.9217668246814149, 'recall_micro': 0.9240842035471573, 'recall_weighted': 0.9240842035471573}
Saving model...
Model saved!
-------------------------------------------
-----------------------
Epoch 14/100
Training statistic: Loss: 0.4627, train_score: {'accuracy': 0.853647773436993, 'balanced_accuracy': 0.8488600403100722, 'f1_macro': 0.854251342992462, 'f1_micro': 0.853647773436993, 'f1_weighted': 0.8533123895496422, 'precision_macro': 0.8648184693049454, 'precision_micro': 0.853647773436993, 'precision_weighted': 0.8570542196798522, 'recall_macro': 0.8488600403100722, 'recall_micro': 0.853647773436993, 'recall_weighted': 0.853647773436993}
Validation statistic: Loss: 0.2467, dev_score: {'accuracy': 0.9215978783358196, 'balanced_accuracy': 0.9194303034116931, 'f1_macro': 0.9206683379904316, 'f1_micro': 0.9215978783358196, 'f1_weighted': 0.9217014817512158, 'precision_macro': 0.9268656058383827, 'precision_micro': 0.9215978783358196, 'precision_weighted': 0.9265683545525432, 'recall_macro': 0.9194303034116931, 'recall_micro': 0.9215978783358196, 'recall_weighted': 0.9215978783358196}
-----------------------
Epoch 15/100
Training statistic: Loss: 0.4555, train_score: {'accuracy': 0.8551922852284969, 'balanced_accuracy': 0.8512910011041367, 'f1_macro': 0.8560381715717007, 'f1_micro': 0.8551922852284969, 'f1_weighted': 0.8547403171306297, 'precision_macro': 0.8652571196970319, 'precision_micro': 0.8551922852284969, 'precision_weighted': 0.8578809122794261, 'recall_macro': 0.8512910011041367, 'recall_micro': 0.8551922852284969, 'recall_weighted': 0.8551922852284969}
Validation statistic: Loss: 0.2442, dev_score: {'accuracy': 0.9224266534062655, 'balanced_accuracy': 0.9203305173343732, 'f1_macro': 0.9215055295541259, 'f1_micro': 0.9224266534062655, 'f1_weighted': 0.9225317161678596, 'precision_macro': 0.9270636146758336, 'precision_micro': 0.9224266534062655, 'precision_weighted': 0.9268290689764602, 'recall_macro': 0.9203305173343732, 'recall_micro': 0.9224266534062655, 'recall_weighted': 0.9224266534062655}
Saving model...
Model saved!
-------------------------------------------
-----------------------
Epoch 16/100
Training statistic: Loss: 0.4462, train_score: {'accuracy': 0.8572040442846575, 'balanced_accuracy': 0.8540041260076856, 'f1_macro': 0.8579817677707512, 'f1_micro': 0.8572040442846575, 'f1_weighted': 0.8568004609930651, 'precision_macro': 0.8662079974907849, 'precision_micro': 0.8572040442846575, 'precision_weighted': 0.8598889733006622, 'recall_macro': 0.8540041260076856, 'recall_micro': 0.8572040442846575, 'recall_weighted': 0.8572040442846575}
Validation statistic: Loss: 0.2393, dev_score: {'accuracy': 0.9250787336316924, 'balanced_accuracy': 0.9227891693272658, 'f1_macro': 0.9240773490173619, 'f1_micro': 0.9250787336316924, 'f1_weighted': 0.9251121470167755, 'precision_macro': 0.9295273987271413, 'precision_micro': 0.9250787336316924, 'precision_weighted': 0.9291328238767487, 'recall_macro': 0.9227891693272658, 'recall_micro': 0.9250787336316924, 'recall_weighted': 0.9250787336316924}
Saving model...
Model saved!
-------------------------------------------
-----------------------
Epoch 17/100
Training statistic: Loss: 0.4398, train_score: {'accuracy': 0.8616428932988954, 'balanced_accuracy': 0.8586274632634817, 'f1_macro': 0.86294972836975, 'f1_micro': 0.8616428932988954, 'f1_weighted': 0.8612731767734226, 'precision_macro': 0.8708819507738215, 'precision_micro': 0.8616428932988954, 'precision_weighted': 0.8637436354293737, 'recall_macro': 0.8586274632634817, 'recall_micro': 0.8616428932988954, 'recall_weighted': 0.8616428932988954}
Validation statistic: Loss: 0.2306, dev_score: {'accuracy': 0.9282280788993867, 'balanced_accuracy': 0.9264412422279283, 'f1_macro': 0.9274901611629514, 'f1_micro': 0.9282280788993867, 'f1_weighted': 0.9283149673882739, 'precision_macro': 0.9317743621064724, 'precision_micro': 0.9282280788993867, 'precision_weighted': 0.9315112441009069, 'recall_macro': 0.9264412422279283, 'recall_micro': 0.9282280788993867, 'recall_weighted': 0.9282280788993867}
Saving model...
Model saved!
-------------------------------------------
-----------------------
Epoch 18/100
Training statistic: Loss: 0.4368, train_score: {'accuracy': 0.8603060469583501, 'balanced_accuracy': 0.858406451988988, 'f1_macro': 0.8613185961293357, 'f1_micro': 0.8603060469583501, 'f1_weighted': 0.8597967907443533, 'precision_macro': 0.8687670989345285, 'precision_micro': 0.8603060469583501, 'precision_weighted': 0.8628787382282675, 'recall_macro': 0.858406451988988, 'recall_micro': 0.8603060469583501, 'recall_weighted': 0.8603060469583501}
Validation statistic: Loss: 0.2285, dev_score: {'accuracy': 0.9270677938007624, 'balanced_accuracy': 0.9251970181367433, 'f1_macro': 0.9262083191022622, 'f1_micro': 0.9270677938007624, 'f1_weighted': 0.927053842691049, 'precision_macro': 0.9297738043984914, 'precision_micro': 0.9270677938007624, 'precision_weighted': 0.9295002604014612, 'recall_macro': 0.9251970181367433, 'recall_micro': 0.9270677938007624, 'recall_weighted': 0.9270677938007624}
Saving model...
Model saved!
-------------------------------------------
-----------------------
Epoch 19/100
Training statistic: Loss: 0.4390, train_score: {'accuracy': 0.8635313509935494, 'balanced_accuracy': 0.8602892690768634, 'f1_macro': 0.8642596738678888, 'f1_micro': 0.8635313509935494, 'f1_weighted': 0.8631849532139428, 'precision_macro': 0.8715017222643466, 'precision_micro': 0.8635313509935494, 'precision_weighted': 0.8653832759744634, 'recall_macro': 0.8602892690768634, 'recall_micro': 0.8635313509935494, 'recall_weighted': 0.8635313509935494}
Validation statistic: Loss: 0.2327, dev_score: {'accuracy': 0.926570528758495, 'balanced_accuracy': 0.9247527249383047, 'f1_macro': 0.9259415395468675, 'f1_micro': 0.926570528758495, 'f1_weighted': 0.9267566588328282, 'precision_macro': 0.9305520276230894, 'precision_micro': 0.926570528758495, 'precision_weighted': 0.9302490939223594, 'recall_macro': 0.9247527249383047, 'recall_micro': 0.926570528758495, 'recall_weighted': 0.926570528758495}
-----------------------
Epoch 20/100
Training statistic: Loss: 0.4345, train_score: {'accuracy': 0.8629472919127286, 'balanced_accuracy': 0.8590290272461246, 'f1_macro': 0.8635107906111624, 'f1_micro': 0.8629472919127286, 'f1_weighted': 0.8625163000123142, 'precision_macro': 0.87256816273196, 'precision_micro': 0.8629472919127286, 'precision_weighted': 0.8657719037276936, 'recall_macro': 0.8590290272461246, 'recall_micro': 0.8629472919127286, 'recall_weighted': 0.8629472919127286}
Validation statistic: Loss: 0.2340, dev_score: {'accuracy': 0.9259075087021382, 'balanced_accuracy': 0.9239147162135447, 'f1_macro': 0.9249683085949044, 'f1_micro': 0.9259075087021382, 'f1_weighted': 0.925973254897552, 'precision_macro': 0.9300325638835366, 'precision_micro': 0.9259075087021382, 'precision_weighted': 0.9298919145499214, 'recall_macro': 0.9239147162135447, 'recall_micro': 0.9259075087021382, 'recall_weighted': 0.9259075087021382}
-----------------------
Epoch 21/100
Training statistic: Loss: 0.4327, train_score: {'accuracy': 0.8628110114605371, 'balanced_accuracy': 0.8582584017909689, 'f1_macro': 0.8631021424890118, 'f1_micro': 0.8628110114605371, 'f1_weighted': 0.8622307784646425, 'precision_macro': 0.8731548094884671, 'precision_micro': 0.8628110114605371, 'precision_weighted': 0.8657430669628968, 'recall_macro': 0.8582584017909689, 'recall_micro': 0.8628110114605371, 'recall_weighted': 0.8628110114605371}
Validation statistic: Loss: 0.2385, dev_score: {'accuracy': 0.9245814685894248, 'balanced_accuracy': 0.9223011631003708, 'f1_macro': 0.9235296933249287, 'f1_micro': 0.9245814685894248, 'f1_weighted': 0.9246313964342235, 'precision_macro': 0.9295599053049639, 'precision_micro': 0.9245814685894248, 'precision_weighted': 0.929288982452804, 'recall_macro': 0.9223011631003708, 'recall_micro': 0.9245814685894248, 'recall_weighted': 0.9245814685894248}
-----------------------
Epoch 22/100
Training statistic: Loss: 0.4378, train_score: {'accuracy': 0.8619089646579361, 'balanced_accuracy': 0.8566371719590377, 'f1_macro': 0.8625111544131414, 'f1_micro': 0.8619089646579361, 'f1_weighted': 0.861458972729448, 'precision_macro': 0.8741548395935445, 'precision_micro': 0.8619089646579361, 'precision_weighted': 0.8657620847742868, 'recall_macro': 0.8566371719590377, 'recall_micro': 0.8619089646579361, 'recall_weighted': 0.8619089646579361}
Validation statistic: Loss: 0.2420, dev_score: {'accuracy': 0.922758163434444, 'balanced_accuracy': 0.9205923982407181, 'f1_macro': 0.9218278165582878, 'f1_micro': 0.922758163434444, 'f1_weighted': 0.9228727826987987, 'precision_macro': 0.9277239069895972, 'precision_micro': 0.922758163434444, 'precision_weighted': 0.9274557009748887, 'recall_macro': 0.9205923982407181, 'recall_micro': 0.922758163434444, 'recall_weighted': 0.922758163434444}
-----------------------
Epoch 23/100
Training statistic: Loss: 0.4350, train_score: {'accuracy': 0.8627850532791672, 'balanced_accuracy': 0.8581457608534034, 'f1_macro': 0.86309071871472, 'f1_micro': 0.8627850532791672, 'f1_weighted': 0.8622384001106377, 'precision_macro': 0.8734257807159995, 'precision_micro': 0.8627850532791672, 'precision_weighted': 0.8660418584443061, 'recall_macro': 0.8581457608534034, 'recall_micro': 0.8627850532791672, 'recall_weighted': 0.8627850532791672}
Validation statistic: Loss: 0.2377, dev_score: {'accuracy': 0.9267362837725841, 'balanced_accuracy': 0.9247100338789371, 'f1_macro': 0.9258841069112076, 'f1_micro': 0.9267362837725841, 'f1_weighted': 0.926864994498996, 'precision_macro': 0.9312473868212742, 'precision_micro': 0.9267362837725841, 'precision_weighted': 0.9310263392993671, 'recall_macro': 0.9247100338789371, 'recall_micro': 0.9267362837725841, 'recall_weighted': 0.9267362837725841}
-----------------------
Epoch 24/100
Training statistic: Loss: 0.4306, train_score: {'accuracy': 0.8663413241268316, 'balanced_accuracy': 0.8611396005429832, 'f1_macro': 0.8667360290593674, 'f1_micro': 0.8663413241268316, 'f1_weighted': 0.8659297397809752, 'precision_macro': 0.8768078898024481, 'precision_micro': 0.8663413241268316, 'precision_weighted': 0.8689058847521971, 'recall_macro': 0.8611396005429832, 'recall_micro': 0.8663413241268316, 'recall_weighted': 0.8663413241268316}
Validation statistic: Loss: 0.2300, dev_score: {'accuracy': 0.9288910989557434, 'balanced_accuracy': 0.9270889365159738, 'f1_macro': 0.9281367381218265, 'f1_micro': 0.9288910989557434, 'f1_weighted': 0.9290254705594387, 'precision_macro': 0.933173407787691, 'precision_micro': 0.9288910989557434, 'precision_weighted': 0.9330000176061378, 'recall_macro': 0.9270889365159738, 'recall_micro': 0.9288910989557434, 'recall_weighted': 0.9288910989557434}
-----------------------
Epoch 25/100
Training statistic: Loss: 0.4241, train_score: {'accuracy': 0.8679312627357327, 'balanced_accuracy': 0.8639266126138766, 'f1_macro': 0.8685498602983234, 'f1_micro': 0.8679312627357327, 'f1_weighted': 0.8675360914618503, 'precision_macro': 0.8770890557395816, 'precision_micro': 0.8679312627357327, 'precision_weighted': 0.8702211824778061, 'recall_macro': 0.8639266126138766, 'recall_micro': 0.8679312627357327, 'recall_weighted': 0.8679312627357327}
Validation statistic: Loss: 0.2293, dev_score: {'accuracy': 0.9292226089839217, 'balanced_accuracy': 0.9273786454263137, 'f1_macro': 0.928363278413846, 'f1_micro': 0.9292226089839217, 'f1_weighted': 0.9292494123642645, 'precision_macro': 0.9331204438134894, 'precision_micro': 0.9292226089839217, 'precision_weighted': 0.9329064152982025, 'recall_macro': 0.9273786454263137, 'recall_micro': 0.9292226089839217, 'recall_weighted': 0.9292226089839217}
-----------------------
Epoch 26/100
Training statistic: Loss: 0.4223, train_score: {'accuracy': 0.8689631004451828, 'balanced_accuracy': 0.865953778855608, 'f1_macro': 0.8700350736499182, 'f1_micro': 0.8689631004451828, 'f1_weighted': 0.8686487554536179, 'precision_macro': 0.8775917050971207, 'precision_micro': 0.8689631004451828, 'precision_weighted': 0.8711560390125036, 'recall_macro': 0.865953778855608, 'recall_micro': 0.8689631004451828, 'recall_weighted': 0.8689631004451828}
Validation statistic: Loss: 0.2232, dev_score: {'accuracy': 0.930382894082546, 'balanced_accuracy': 0.928690813467993, 'f1_macro': 0.9296533427039112, 'f1_micro': 0.930382894082546, 'f1_weighted': 0.9304731479867784, 'precision_macro': 0.9335924033118049, 'precision_micro': 0.930382894082546, 'precision_weighted': 0.9334356229149977, 'recall_macro': 0.928690813467993, 'recall_micro': 0.930382894082546, 'recall_weighted': 0.930382894082546}
Saving model...
Model saved!
-------------------------------------------
-----------------------
Epoch 27/100
Training statistic: Loss: 0.4173, train_score: {'accuracy': 0.871571897672849, 'balanced_accuracy': 0.8692800778536898, 'f1_macro': 0.8727865867691662, 'f1_micro': 0.871571897672849, 'f1_weighted': 0.8711936135413134, 'precision_macro': 0.8795761300368283, 'precision_micro': 0.871571897672849, 'precision_weighted': 0.8734882965800026, 'recall_macro': 0.8692800778536898, 'recall_micro': 0.871571897672849, 'recall_weighted': 0.871571897672849}
Validation statistic: Loss: 0.2192, dev_score: {'accuracy': 0.931377424167081, 'balanced_accuracy': 0.9296709655435891, 'f1_macro': 0.9307752969223472, 'f1_micro': 0.931377424167081, 'f1_weighted': 0.9314710488082835, 'precision_macro': 0.9344890688813134, 'precision_micro': 0.931377424167081, 'precision_weighted': 0.9340739940429567, 'recall_macro': 0.9296709655435891, 'recall_micro': 0.931377424167081, 'recall_weighted': 0.931377424167081}
Saving model...
Model saved!
-------------------------------------------
-----------------------
Epoch 28/100
Training statistic: Loss: 0.4191, train_score: {'accuracy': 0.8706374031435358, 'balanced_accuracy': 0.8666408131234835, 'f1_macro': 0.8714429877117492, 'f1_micro': 0.8706374031435358, 'f1_weighted': 0.8703001729894071, 'precision_macro': 0.8803202061508072, 'precision_micro': 0.8706374031435358, 'precision_weighted': 0.8732486565872033, 'recall_macro': 0.8666408131234835, 'recall_micro': 0.8706374031435358, 'recall_weighted': 0.8706374031435358}
Validation statistic: Loss: 0.2260, dev_score: {'accuracy': 0.9295541190121002, 'balanced_accuracy': 0.9277774461250206, 'f1_macro': 0.9289326725786742, 'f1_micro': 0.9295541190121002, 'f1_weighted': 0.9297435077268906, 'precision_macro': 0.9337118402391941, 'precision_micro': 0.9295541190121002, 'precision_weighted': 0.933436522928901, 'recall_macro': 0.9277774461250206, 'recall_micro': 0.9295541190121002, 'recall_weighted': 0.9295541190121002}
-----------------------
Epoch 29/100
Training statistic: Loss: 0.4168, train_score: {'accuracy': 0.8726037353822991, 'balanced_accuracy': 0.8691042075012385, 'f1_macro': 0.8735190763877215, 'f1_micro': 0.8726037353822991, 'f1_weighted': 0.8722964917138158, 'precision_macro': 0.8819015543109201, 'precision_micro': 0.8726037353822991, 'precision_weighted': 0.8751410268736939, 'recall_macro': 0.8691042075012385, 'recall_micro': 0.8726037353822991, 'recall_weighted': 0.8726037353822991}
Validation statistic: Loss: 0.2220, dev_score: {'accuracy': 0.9298856290402785, 'balanced_accuracy': 0.9281072196600645, 'f1_macro': 0.9292077752211455, 'f1_micro': 0.9298856290402785, 'f1_weighted': 0.9300795508399723, 'precision_macro': 0.9339218851025901, 'precision_micro': 0.9298856290402785, 'precision_weighted': 0.9337731205704854, 'recall_macro': 0.9281072196600645, 'recall_micro': 0.9298856290402785, 'recall_weighted': 0.9298856290402785}
-----------------------
Epoch 30/100
Training statistic: Loss: 0.4094, train_score: {'accuracy': 0.873590146274352, 'balanced_accuracy': 0.87085272225167, 'f1_macro': 0.8748055658295844, 'f1_micro': 0.873590146274352, 'f1_weighted': 0.8733165788459898, 'precision_macro': 0.8819137594672484, 'precision_micro': 0.873590146274352, 'precision_weighted': 0.8757121745097994, 'recall_macro': 0.87085272225167, 'recall_micro': 0.873590146274352, 'recall_weighted': 0.873590146274352}
Validation statistic: Loss: 0.2189, dev_score: {'accuracy': 0.9305486490966351, 'balanced_accuracy': 0.9287723257714425, 'f1_macro': 0.9297911527882992, 'f1_micro': 0.9305486490966351, 'f1_weighted': 0.9306507152438065, 'precision_macro': 0.9338692039307555, 'precision_micro': 0.9305486490966351, 'precision_weighted': 0.933698410025611, 'recall_macro': 0.9287723257714425, 'recall_micro': 0.9305486490966351, 'recall_weighted': 0.9305486490966351}
Saving model...
Model saved!
-------------------------------------------
-----------------------
Epoch 31/100
Training statistic: Loss: 0.4100, train_score: {'accuracy': 0.8732981167339416, 'balanced_accuracy': 0.8688591773514711, 'f1_macro': 0.8742105794660482, 'f1_micro': 0.8732981167339416, 'f1_weighted': 0.8729926964939771, 'precision_macro': 0.8833767240775616, 'precision_micro': 0.8732981167339416, 'precision_weighted': 0.8757613682341772, 'recall_macro': 0.8688591773514711, 'recall_micro': 0.8732981167339416, 'recall_weighted': 0.8732981167339416}
Validation statistic: Loss: 0.2192, dev_score: {'accuracy': 0.929388363998011, 'balanced_accuracy': 0.9275248377340238, 'f1_macro': 0.9285771986968957, 'f1_micro': 0.929388363998011, 'f1_weighted': 0.9294461884137323, 'precision_macro': 0.9332311850271984, 'precision_micro': 0.929388363998011, 'precision_weighted': 0.9329601333914422, 'recall_macro': 0.9275248377340238, 'recall_micro': 0.929388363998011, 'recall_weighted': 0.929388363998011}
-----------------------
Epoch 32/100
Training statistic: Loss: 0.4092, train_score: {'accuracy': 0.8729282126494218, 'balanced_accuracy': 0.8698193163306354, 'f1_macro': 0.8741349856504538, 'f1_micro': 0.8729282126494218, 'f1_weighted': 0.8725680867748269, 'precision_macro': 0.8826215057032775, 'precision_micro': 0.8729282126494218, 'precision_weighted': 0.8758236571761, 'recall_macro': 0.8698193163306354, 'recall_micro': 0.8729282126494218, 'recall_weighted': 0.8729282126494218}
Validation statistic: Loss: 0.2204, dev_score: {'accuracy': 0.9295541190121002, 'balanced_accuracy': 0.9275461745862236, 'f1_macro': 0.9288475644035437, 'f1_micro': 0.9295541190121002, 'f1_weighted': 0.9296831124749562, 'precision_macro': 0.9339365375169905, 'precision_micro': 0.9295541190121002, 'precision_weighted': 0.9334376906245488, 'recall_macro': 0.9275461745862236, 'recall_micro': 0.9295541190121002, 'recall_weighted': 0.9295541190121002}
-----------------------
Epoch 33/100
Training statistic: Loss: 0.4089, train_score: {'accuracy': 0.8739016444507898, 'balanced_accuracy': 0.869338481748254, 'f1_macro': 0.8750608925441188, 'f1_micro': 0.8739016444507898, 'f1_weighted': 0.8737258338052842, 'precision_macro': 0.8844279973636132, 'precision_micro': 0.8739016444507898, 'precision_weighted': 0.8766264294132244, 'recall_macro': 0.869338481748254, 'recall_micro': 0.8739016444507898, 'recall_weighted': 0.8739016444507898}
Validation statistic: Loss: 0.2211, dev_score: {'accuracy': 0.929388363998011, 'balanced_accuracy': 0.9276179326733217, 'f1_macro': 0.9287088160677769, 'f1_micro': 0.929388363998011, 'f1_weighted': 0.9295662468987906, 'precision_macro': 0.9331469972837674, 'precision_micro': 0.929388363998011, 'precision_weighted': 0.9329701365217234, 'recall_macro': 0.9276179326733217, 'recall_micro': 0.929388363998011, 'recall_weighted': 0.929388363998011}
-----------------------
Epoch 34/100
Training statistic: Loss: 0.4129, train_score: {'accuracy': 0.8734928030942152, 'balanced_accuracy': 0.8688836266137304, 'f1_macro': 0.8740398443853687, 'f1_micro': 0.8734928030942152, 'f1_weighted': 0.8730955401386117, 'precision_macro': 0.8835887212786508, 'precision_micro': 0.8734928030942152, 'precision_weighted': 0.8760930061152263, 'recall_macro': 0.8688836266137304, 'recall_micro': 0.8734928030942152, 'recall_weighted': 0.8734928030942152}
Validation statistic: Loss: 0.2201, dev_score: {'accuracy': 0.9300513840543676, 'balanced_accuracy': 0.9282168090659907, 'f1_macro': 0.9293062499783445, 'f1_micro': 0.9300513840543676, 'f1_weighted': 0.9301371858671574, 'precision_macro': 0.933778511377359, 'precision_micro': 0.9300513840543676, 'precision_weighted': 0.9334647433402924, 'recall_macro': 0.9282168090659907, 'recall_micro': 0.9300513840543676, 'recall_weighted': 0.9300513840543676}
-----------------------
Epoch 35/100
Training statistic: Loss: 0.3968, train_score: {'accuracy': 0.8783794307370826, 'balanced_accuracy': 0.874824419182407, 'f1_macro': 0.8790707068807675, 'f1_micro': 0.8783794307370826, 'f1_weighted': 0.8781060479981418, 'precision_macro': 0.8870539672050457, 'precision_micro': 0.8783794307370826, 'precision_weighted': 0.8807246841885695, 'recall_macro': 0.874824419182407, 'recall_micro': 0.8783794307370826, 'recall_weighted': 0.8783794307370826}
Validation statistic: Loss: 0.2120, dev_score: {'accuracy': 0.933200729322062, 'balanced_accuracy': 0.9314423832894626, 'f1_macro': 0.9325200382965113, 'f1_micro': 0.933200729322062, 'f1_weighted': 0.9333299069709746, 'precision_macro': 0.9366349790265243, 'precision_micro': 0.933200729322062, 'precision_weighted': 0.9363774744640295, 'recall_macro': 0.9314423832894626, 'recall_micro': 0.933200729322062, 'recall_weighted': 0.933200729322062}
Saving model...
Model saved!
-------------------------------------------
-----------------------
Epoch 36/100
Training statistic: Loss: 0.4044, train_score: {'accuracy': 0.8772632289381805, 'balanced_accuracy': 0.8733813727953532, 'f1_macro': 0.8782900913347003, 'f1_micro': 0.8772632289381805, 'f1_weighted': 0.8770889246633197, 'precision_macro': 0.8869179556390003, 'precision_micro': 0.8772632289381805, 'precision_weighted': 0.8799110917713079, 'recall_macro': 0.8733813727953532, 'recall_micro': 0.8772632289381805, 'recall_weighted': 0.8772632289381805}
Validation statistic: Loss: 0.2166, dev_score: {'accuracy': 0.9322061992375269, 'balanced_accuracy': 0.9303979317835169, 'f1_macro': 0.9315748354470805, 'f1_micro': 0.9322061992375269, 'f1_weighted': 0.9323790153718973, 'precision_macro': 0.9361041368826258, 'precision_micro': 0.9322061992375269, 'precision_weighted': 0.9357843420847257, 'recall_macro': 0.9303979317835169, 'recall_micro': 0.9322061992375269, 'recall_weighted': 0.9322061992375269}
-----------------------
Epoch 37/100
Training statistic: Loss: 0.4019, train_score: {'accuracy': 0.8766207639492777, 'balanced_accuracy': 0.8740607313198254, 'f1_macro': 0.8781128825300375, 'f1_micro': 0.8766207639492777, 'f1_weighted': 0.8763699953300523, 'precision_macro': 0.885288389651339, 'precision_micro': 0.8766207639492777, 'precision_weighted': 0.8787496440546554, 'recall_macro': 0.8740607313198254, 'recall_micro': 0.8766207639492777, 'recall_weighted': 0.8766207639492777}
Validation statistic: Loss: 0.2105, dev_score: {'accuracy': 0.9341952594065971, 'balanced_accuracy': 0.9325214644125083, 'f1_macro': 0.9335042300820611, 'f1_micro': 0.9341952594065971, 'f1_weighted': 0.9342192076437402, 'precision_macro': 0.936910161816404, 'precision_micro': 0.9341952594065971, 'precision_weighted': 0.9365652826594069, 'recall_macro': 0.9325214644125083, 'recall_micro': 0.9341952594065971, 'recall_weighted': 0.9341952594065971}
Saving model...
Model saved!
-------------------------------------------
-----------------------
Epoch 38/100
Training statistic: Loss: 0.3997, train_score: {'accuracy': 0.877354082572975, 'balanced_accuracy': 0.8739229988049668, 'f1_macro': 0.8784352914944062, 'f1_micro': 0.877354082572975, 'f1_weighted': 0.8770401364934297, 'precision_macro': 0.8866330500447311, 'precision_micro': 0.877354082572975, 'precision_weighted': 0.8796156928682171, 'recall_macro': 0.8739229988049668, 'recall_micro': 0.877354082572975, 'recall_weighted': 0.877354082572975}
Validation statistic: Loss: 0.2150, dev_score: {'accuracy': 0.9327034642797944, 'balanced_accuracy': 0.9309802490576766, 'f1_macro': 0.9319882446073626, 'f1_micro': 0.9327034642797944, 'f1_weighted': 0.9328357012952773, 'precision_macro': 0.93565195473962, 'precision_micro': 0.9327034642797944, 'precision_weighted': 0.9355300307813171, 'recall_macro': 0.9309802490576766, 'recall_micro': 0.9327034642797944, 'recall_weighted': 0.9327034642797944}
-----------------------
Epoch 39/100
Training statistic: Loss: 0.4001, train_score: {'accuracy': 0.8784378366451646, 'balanced_accuracy': 0.8746785753142905, 'f1_macro': 0.8795487765874679, 'f1_micro': 0.8784378366451646, 'f1_weighted': 0.878243332795556, 'precision_macro': 0.8882642267863663, 'precision_micro': 0.8784378366451646, 'precision_weighted': 0.8811679919269476, 'recall_macro': 0.8746785753142905, 'recall_micro': 0.8784378366451646, 'recall_weighted': 0.8784378366451646}
Validation statistic: Loss: 0.2125, dev_score: {'accuracy': 0.9323719542516161, 'balanced_accuracy': 0.9305224168335771, 'f1_macro': 0.9316835118642054, 'f1_micro': 0.9323719542516161, 'f1_weighted': 0.9325705942325603, 'precision_macro': 0.9360418753535388, 'precision_micro': 0.9323719542516161, 'precision_weighted': 0.9358576907013152, 'recall_macro': 0.9305224168335771, 'recall_micro': 0.9323719542516161, 'recall_weighted': 0.9323719542516161}
-----------------------
Epoch 40/100
Training statistic: Loss: 0.3995, train_score: {'accuracy': 0.8794372266279025, 'balanced_accuracy': 0.8755066855629409, 'f1_macro': 0.8802713314431413, 'f1_micro': 0.8794372266279025, 'f1_weighted': 0.8791919972124279, 'precision_macro': 0.8886017305544701, 'precision_micro': 0.8794372266279025, 'precision_weighted': 0.8817264918143826, 'recall_macro': 0.8755066855629409, 'recall_micro': 0.8794372266279025, 'recall_weighted': 0.8794372266279025}
Validation statistic: Loss: 0.2140, dev_score: {'accuracy': 0.9320404442234378, 'balanced_accuracy': 0.9302639609519584, 'f1_macro': 0.9313197886680122, 'f1_micro': 0.9320404442234378, 'f1_weighted': 0.9321975298147437, 'precision_macro': 0.9355909354626709, 'precision_micro': 0.9320404442234378, 'precision_weighted': 0.9354461496869219, 'recall_macro': 0.9302639609519584, 'recall_micro': 0.9320404442234378, 'recall_weighted': 0.9320404442234378}
-----------------------
Epoch 41/100
Training statistic: Loss: 0.3994, train_score: {'accuracy': 0.8805080016094072, 'balanced_accuracy': 0.8770329619287605, 'f1_macro': 0.8813994991151827, 'f1_micro': 0.8805080016094072, 'f1_weighted': 0.8802143375607585, 'precision_macro': 0.889072599642722, 'precision_micro': 0.8805080016094072, 'precision_weighted': 0.8825926886463034, 'recall_macro': 0.8770329619287605, 'recall_micro': 0.8805080016094072, 'recall_weighted': 0.8805080016094072}
Validation statistic: Loss: 0.2114, dev_score: {'accuracy': 0.9338637493784187, 'balanced_accuracy': 0.9321363002307248, 'f1_macro': 0.9331631846837555, 'f1_micro': 0.9338637493784187, 'f1_weighted': 0.9339611778041609, 'precision_macro': 0.9370156322058871, 'precision_micro': 0.9338637493784187, 'precision_weighted': 0.9367797414688009, 'recall_macro': 0.9321363002307248, 'recall_micro': 0.9338637493784187, 'recall_weighted': 0.9338637493784187}
-----------------------
Epoch 42/100
Training statistic: Loss: 0.3891, train_score: {'accuracy': 0.8827988111152932, 'balanced_accuracy': 0.8786429500497309, 'f1_macro': 0.8838528734830492, 'f1_micro': 0.8827988111152932, 'f1_weighted': 0.882655359247103, 'precision_macro': 0.8923451862280372, 'precision_micro': 0.8827988111152932, 'precision_weighted': 0.8851416593942553, 'recall_macro': 0.8786429500497309, 'recall_micro': 0.8827988111152932, 'recall_weighted': 0.8827988111152932}
Validation statistic: Loss: 0.2071, dev_score: {'accuracy': 0.9341952594065971, 'balanced_accuracy': 0.9327167688651569, 'f1_macro': 0.9338126944593711, 'f1_micro': 0.9341952594065971, 'f1_weighted': 0.9344182375640023, 'precision_macro': 0.9379119590361464, 'precision_micro': 0.9341952594065971, 'precision_weighted': 0.9375450465818936, 'recall_macro': 0.9327167688651569, 'recall_micro': 0.9341952594065971, 'recall_weighted': 0.9341952594065971}
Saving model...
Model saved!
-------------------------------------------
-----------------------
Epoch 43/100
Training statistic: Loss: 0.3978, train_score: {'accuracy': 0.88011862888886, 'balanced_accuracy': 0.8758546972889085, 'f1_macro': 0.8805754562843301, 'f1_micro': 0.88011862888886, 'f1_weighted': 0.8797743096017592, 'precision_macro': 0.8893568266144853, 'precision_micro': 0.88011862888886, 'precision_weighted': 0.8826307019543163, 'recall_macro': 0.8758546972889085, 'recall_micro': 0.88011862888886, 'recall_weighted': 0.88011862888886}
Validation statistic: Loss: 0.2153, dev_score: {'accuracy': 0.9307144041107244, 'balanced_accuracy': 0.9288037584158468, 'f1_macro': 0.9299812632568152, 'f1_micro': 0.9307144041107244, 'f1_weighted': 0.9308678971849953, 'precision_macro': 0.9351867717110698, 'precision_micro': 0.9307144041107244, 'precision_weighted': 0.9349015133587972, 'recall_macro': 0.9288037584158468, 'recall_micro': 0.9307144041107244, 'recall_weighted': 0.9307144041107244}
-----------------------
Epoch 44/100
Training statistic: Loss: 0.3929, train_score: {'accuracy': 0.8828312588420055, 'balanced_accuracy': 0.8792184538230778, 'f1_macro': 0.883892245067095, 'f1_micro': 0.8828312588420055, 'f1_weighted': 0.8826007145892372, 'precision_macro': 0.8919874423365796, 'precision_micro': 0.8828312588420055, 'precision_weighted': 0.8852184924815315, 'recall_macro': 0.8792184538230778, 'recall_micro': 0.8828312588420055, 'recall_weighted': 0.8828312588420055}
Validation statistic: Loss: 0.2122, dev_score: {'accuracy': 0.9340295043925079, 'balanced_accuracy': 0.9323583223747697, 'f1_macro': 0.9334480836564056, 'f1_micro': 0.9340295043925079, 'f1_weighted': 0.9342270471560506, 'precision_macro': 0.9376192939471355, 'precision_micro': 0.9340295043925079, 'precision_weighted': 0.9373920310261938, 'recall_macro': 0.9323583223747697, 'recall_micro': 0.9340295043925079, 'recall_weighted': 0.9340295043925079}
-----------------------
Epoch 45/100
Training statistic: Loss: 0.3885, train_score: {'accuracy': 0.8826884888444716, 'balanced_accuracy': 0.8796970872556994, 'f1_macro': 0.8834201860135404, 'f1_micro': 0.8826884888444716, 'f1_weighted': 0.8822959462323495, 'precision_macro': 0.8906113590887124, 'precision_micro': 0.8826884888444716, 'precision_weighted': 0.8845491916229702, 'recall_macro': 0.8796970872556994, 'recall_micro': 0.8826884888444716, 'recall_weighted': 0.8826884888444716}
Validation statistic: Loss: 0.2094, dev_score: {'accuracy': 0.933200729322062, 'balanced_accuracy': 0.9314595235464249, 'f1_macro': 0.9325419751794731, 'f1_micro': 0.933200729322062, 'f1_weighted': 0.933303268944728, 'precision_macro': 0.9362706812932643, 'precision_micro': 0.933200729322062, 'precision_weighted': 0.935946405111272, 'recall_macro': 0.9314595235464249, 'recall_micro': 0.933200729322062, 'recall_weighted': 0.933200729322062}
-----------------------
Epoch 46/100
Training statistic: Loss: 0.3895, train_score: {'accuracy': 0.8829545602035122, 'balanced_accuracy': 0.8787919832866329, 'f1_macro': 0.8839895522754914, 'f1_micro': 0.8829545602035122, 'f1_weighted': 0.8827296600132779, 'precision_macro': 0.8921451212668483, 'precision_micro': 0.8829545602035122, 'precision_weighted': 0.8849197661462505, 'recall_macro': 0.8787919832866329, 'recall_micro': 0.8829545602035122, 'recall_weighted': 0.8829545602035122}
Validation statistic: Loss: 0.2102, dev_score: {'accuracy': 0.9320404442234378, 'balanced_accuracy': 0.9301722163175319, 'f1_macro': 0.9313829878327811, 'f1_micro': 0.9320404442234378, 'f1_weighted': 0.9322041549207212, 'precision_macro': 0.9357236338127521, 'precision_micro': 0.9320404442234378, 'precision_weighted': 0.9353787436293726, 'recall_macro': 0.9301722163175319, 'recall_micro': 0.9320404442234378, 'recall_weighted': 0.9320404442234378}
-----------------------
Epoch 47/100
Training statistic: Loss: 0.3836, train_score: {'accuracy': 0.8866795592300803, 'balanced_accuracy': 0.8835530687806186, 'f1_macro': 0.8878289929203695, 'f1_micro': 0.8866795592300803, 'f1_weighted': 0.8864891972422575, 'precision_macro': 0.8945953910013011, 'precision_micro': 0.8866795592300803, 'precision_weighted': 0.8882993555632694, 'recall_macro': 0.8835530687806186, 'recall_micro': 0.8866795592300803, 'recall_weighted': 0.8866795592300803}
Validation statistic: Loss: 0.2031, dev_score: {'accuracy': 0.9355212995193105, 'balanced_accuracy': 0.9339723438170555, 'f1_macro': 0.9349430958986694, 'f1_micro': 0.9355212995193105, 'f1_weighted': 0.9356587355793382, 'precision_macro': 0.9381231637490833, 'precision_micro': 0.9355212995193105, 'precision_weighted': 0.9379237090227299, 'recall_macro': 0.9339723438170555, 'recall_micro': 0.9355212995193105, 'recall_weighted': 0.9355212995193105}
Saving model...
Model saved!
-------------------------------------------
-----------------------
Epoch 48/100
Training statistic: Loss: 0.3889, train_score: {'accuracy': 0.8842459797266603, 'balanced_accuracy': 0.8806758683951879, 'f1_macro': 0.8849211825950917, 'f1_micro': 0.8842459797266603, 'f1_weighted': 0.8839694990536311, 'precision_macro': 0.8926776325567021, 'precision_micro': 0.8842459797266603, 'precision_weighted': 0.886473273892077, 'recall_macro': 0.8806758683951879, 'recall_micro': 0.8842459797266603, 'recall_weighted': 0.8842459797266603}
Validation statistic: Loss: 0.2124, dev_score: {'accuracy': 0.9317089341952594, 'balanced_accuracy': 0.9299850640007452, 'f1_macro': 0.9311257582914066, 'f1_micro': 0.9317089341952594, 'f1_weighted': 0.9318928874679471, 'precision_macro': 0.9357088361941568, 'precision_micro': 0.9317089341952594, 'precision_weighted': 0.9354005756668607, 'recall_macro': 0.9299850640007452, 'recall_micro': 0.9317089341952594, 'recall_weighted': 0.9317089341952594}
-----------------------
Epoch 49/100
Training statistic: Loss: 0.3874, train_score: {'accuracy': 0.883467234285566, 'balanced_accuracy': 0.8797851838533768, 'f1_macro': 0.8837280577891274, 'f1_micro': 0.883467234285566, 'f1_weighted': 0.8830558374918779, 'precision_macro': 0.8921088818191741, 'precision_micro': 0.883467234285566, 'precision_weighted': 0.8860840389144842, 'recall_macro': 0.8797851838533768, 'recall_micro': 0.883467234285566, 'recall_weighted': 0.883467234285566}
Validation statistic: Loss: 0.2126, dev_score: {'accuracy': 0.9323719542516161, 'balanced_accuracy': 0.9303685619808475, 'f1_macro': 0.9317107794225311, 'f1_micro': 0.9323719542516161, 'f1_weighted': 0.9325124035365222, 'precision_macro': 0.9371650675321874, 'precision_micro': 0.9323719542516161, 'precision_weighted': 0.9366017993169071, 'recall_macro': 0.9303685619808475, 'recall_micro': 0.9323719542516161, 'recall_weighted': 0.9323719542516161}
-----------------------
Epoch 50/100
Training statistic: Loss: 0.3889, train_score: {'accuracy': 0.8855568678858359, 'balanced_accuracy': 0.8820383053277269, 'f1_macro': 0.8864702952614184, 'f1_micro': 0.8855568678858359, 'f1_weighted': 0.8852994792469211, 'precision_macro': 0.893978562789199, 'precision_micro': 0.8855568678858359, 'precision_weighted': 0.8873702634833713, 'recall_macro': 0.8820383053277269, 'recall_micro': 0.8855568678858359, 'recall_weighted': 0.8855568678858359}
Validation statistic: Loss: 0.2073, dev_score: {'accuracy': 0.9348582794629537, 'balanced_accuracy': 0.9331797283590072, 'f1_macro': 0.9341843510581403, 'f1_micro': 0.9348582794629537, 'f1_weighted': 0.9349231359444695, 'precision_macro': 0.9375762965466576, 'precision_micro': 0.9348582794629537, 'precision_weighted': 0.9372789438774293, 'recall_macro': 0.9331797283590072, 'recall_micro': 0.9348582794629537, 'recall_weighted': 0.9348582794629537}
-----------------------
Epoch 51/100
Training statistic: Loss: 0.3792, train_score: {'accuracy': 0.8869780783158332, 'balanced_accuracy': 0.8839702068709977, 'f1_macro': 0.8879240594812888, 'f1_micro': 0.8869780783158332, 'f1_weighted': 0.8867367649560329, 'precision_macro': 0.8945341478498005, 'precision_micro': 0.8869780783158332, 'precision_weighted': 0.8885822308582522, 'recall_macro': 0.8839702068709977, 'recall_micro': 0.8869780783158332, 'recall_weighted': 0.8869780783158332}
Validation statistic: Loss: 0.2020, dev_score: {'accuracy': 0.935024034477043, 'balanced_accuracy': 0.9333789908757282, 'f1_macro': 0.9344704249255654, 'f1_micro': 0.935024034477043, 'f1_weighted': 0.9351520793844139, 'precision_macro': 0.9382708778872078, 'precision_micro': 0.935024034477043, 'precision_weighted': 0.9378864756317719, 'recall_macro': 0.9333789908757282, 'recall_micro': 0.935024034477043, 'recall_weighted': 0.935024034477043}
Saving model...
Model saved!
-------------------------------------------
-----------------------
Epoch 52/100
Training statistic: Loss: 0.3844, train_score: {'accuracy': 0.8867055174114502, 'balanced_accuracy': 0.8835646320367185, 'f1_macro': 0.8879448314585151, 'f1_micro': 0.8867055174114502, 'f1_weighted': 0.8866051792566108, 'precision_macro': 0.8950410700503605, 'precision_micro': 0.8867055174114502, 'precision_weighted': 0.8887126095752996, 'recall_macro': 0.8835646320367185, 'recall_micro': 0.8867055174114502, 'recall_weighted': 0.8867055174114502}
Validation statistic: Loss: 0.2085, dev_score: {'accuracy': 0.9320404442234378, 'balanced_accuracy': 0.9303828814760736, 'f1_macro': 0.9314579864435213, 'f1_micro': 0.9320404442234378, 'f1_weighted': 0.932235418567015, 'precision_macro': 0.9355933661421222, 'precision_micro': 0.9320404442234378, 'precision_weighted': 0.9353922344122837, 'recall_macro': 0.9303828814760736, 'recall_micro': 0.9320404442234378, 'recall_weighted': 0.9320404442234378}
-----------------------
Epoch 53/100
Training statistic: Loss: 0.3842, train_score: {'accuracy': 0.8860955001492595, 'balanced_accuracy': 0.8826883489881459, 'f1_macro': 0.8868153839801096, 'f1_micro': 0.8860955001492595, 'f1_weighted': 0.8857611335591049, 'precision_macro': 0.8944421243751398, 'precision_micro': 0.8860955001492595, 'precision_weighted': 0.8881753741700745, 'recall_macro': 0.8826883489881459, 'recall_micro': 0.8860955001492595, 'recall_weighted': 0.8860955001492595}
Validation statistic: Loss: 0.2082, dev_score: {'accuracy': 0.9333664843361512, 'balanced_accuracy': 0.931501733339152, 'f1_macro': 0.9326764904282501, 'f1_micro': 0.9333664843361512, 'f1_weighted': 0.9334784555181861, 'precision_macro': 0.9365915013326447, 'precision_micro': 0.9333664843361512, 'precision_weighted': 0.9362122444185825, 'recall_macro': 0.931501733339152, 'recall_micro': 0.9333664843361512, 'recall_weighted': 0.9333664843361512}
-----------------------
Epoch 54/100
Training statistic: Loss: 0.3881, train_score: {'accuracy': 0.8846742897192623, 'balanced_accuracy': 0.8806031721453091, 'f1_macro': 0.885400825456468, 'f1_micro': 0.8846742897192623, 'f1_weighted': 0.8843801137138775, 'precision_macro': 0.8937219414353113, 'precision_micro': 0.8846742897192623, 'precision_weighted': 0.8869125040839195, 'recall_macro': 0.8806031721453091, 'recall_micro': 0.8846742897192623, 'recall_weighted': 0.8846742897192623}
Validation statistic: Loss: 0.2119, dev_score: {'accuracy': 0.9300513840543676, 'balanced_accuracy': 0.9279982401416401, 'f1_macro': 0.929190956543813, 'f1_micro': 0.9300513840543676, 'f1_weighted': 0.9301631773813276, 'precision_macro': 0.934377858566841, 'precision_micro': 0.9300513840543676, 'precision_weighted': 0.9341252586840525, 'recall_macro': 0.9279982401416401, 'recall_micro': 0.9300513840543676, 'recall_weighted': 0.9300513840543676}
-----------------------
Epoch 55/100
Training statistic: Loss: 0.3867, train_score: {'accuracy': 0.8857840019728218, 'balanced_accuracy': 0.8822392652016309, 'f1_macro': 0.8864538922305076, 'f1_micro': 0.8857840019728218, 'f1_weighted': 0.8854384013763261, 'precision_macro': 0.8943533241223346, 'precision_micro': 0.8857840019728218, 'precision_weighted': 0.8879767202367274, 'recall_macro': 0.8822392652016309, 'recall_micro': 0.8857840019728218, 'recall_weighted': 0.8857840019728218}
Validation statistic: Loss: 0.2089, dev_score: {'accuracy': 0.9327034642797944, 'balanced_accuracy': 0.9307194651086623, 'f1_macro': 0.9318698165616187, 'f1_micro': 0.9327034642797944, 'f1_weighted': 0.9327899502298891, 'precision_macro': 0.9364119858595068, 'precision_micro': 0.9327034642797944, 'precision_weighted': 0.9361441878727258, 'recall_macro': 0.9307194651086623, 'recall_micro': 0.9327034642797944, 'recall_weighted': 0.9327034642797944}
-----------------------
Epoch 56/100
Training statistic: Loss: 0.3788, train_score: {'accuracy': 0.8877957610289823, 'balanced_accuracy': 0.8854431867225676, 'f1_macro': 0.889039135812628, 'f1_micro': 0.8877957610289823, 'f1_weighted': 0.887621286324191, 'precision_macro': 0.8949477609759624, 'precision_micro': 0.8877957610289823, 'precision_weighted': 0.8893241033706366, 'recall_macro': 0.8854431867225676, 'recall_micro': 0.8877957610289823, 'recall_weighted': 0.8877957610289823}
Validation statistic: Loss: 0.2048, dev_score: {'accuracy': 0.9336979943643295, 'balanced_accuracy': 0.9319779426720929, 'f1_macro': 0.9330402253964495, 'f1_micro': 0.9336979943643295, 'f1_weighted': 0.9338393900539264, 'precision_macro': 0.9369689544977156, 'precision_micro': 0.9336979943643295, 'precision_weighted': 0.9367414227025469, 'recall_macro': 0.9319779426720929, 'recall_micro': 0.9336979943643295, 'recall_weighted': 0.9336979943643295}
-----------------------
Epoch 57/100
Training statistic: Loss: 0.3807, train_score: {'accuracy': 0.886802860591587, 'balanced_accuracy': 0.8828765977113363, 'f1_macro': 0.8874149718720628, 'f1_micro': 0.886802860591587, 'f1_weighted': 0.8865151780033498, 'precision_macro': 0.89558751197671, 'precision_micro': 0.886802860591587, 'precision_weighted': 0.8891089960178923, 'recall_macro': 0.8828765977113363, 'recall_micro': 0.886802860591587, 'recall_weighted': 0.886802860591587}
Validation statistic: Loss: 0.2048, dev_score: {'accuracy': 0.9335322393502403, 'balanced_accuracy': 0.9316297205591553, 'f1_macro': 0.9328802095363817, 'f1_micro': 0.9335322393502403, 'f1_weighted': 0.9336811921700513, 'precision_macro': 0.937122408275725, 'precision_micro': 0.9335322393502403, 'precision_weighted': 0.9366988509825909, 'recall_macro': 0.9316297205591553, 'recall_micro': 0.9335322393502403, 'recall_weighted': 0.9335322393502403}
-----------------------
Epoch 58/100
Training statistic: Loss: 0.3785, train_score: {'accuracy': 0.8886653601048711, 'balanced_accuracy': 0.8846685919146162, 'f1_macro': 0.889213368986605, 'f1_micro': 0.8886653601048711, 'f1_weighted': 0.8884191912387924, 'precision_macro': 0.897051865108567, 'precision_micro': 0.8886653601048711, 'precision_weighted': 0.8908101341992244, 'recall_macro': 0.8846685919146162, 'recall_micro': 0.8886653601048711, 'recall_weighted': 0.8886653601048711}
Validation statistic: Loss: 0.2053, dev_score: {'accuracy': 0.9338637493784187, 'balanced_accuracy': 0.9321059780676189, 'f1_macro': 0.9331618291565636, 'f1_micro': 0.9338637493784187, 'f1_weighted': 0.9339472492831531, 'precision_macro': 0.9371798684042991, 'precision_micro': 0.9338637493784187, 'precision_weighted': 0.9368811266770426, 'recall_macro': 0.9321059780676189, 'recall_micro': 0.9338637493784187, 'recall_weighted': 0.9338637493784187}
-----------------------
Epoch 59/100
Training statistic: Loss: 0.3789, train_score: {'accuracy': 0.8882110919308993, 'balanced_accuracy': 0.8853374219036029, 'f1_macro': 0.8892384637959962, 'f1_micro': 0.8882110919308993, 'f1_weighted': 0.8880526411025902, 'precision_macro': 0.8960462443281564, 'precision_micro': 0.8882110919308993, 'precision_weighted': 0.8903779391011489, 'recall_macro': 0.8853374219036029, 'recall_micro': 0.8882110919308993, 'recall_weighted': 0.8882110919308993}
Validation statistic: Loss: 0.2033, dev_score: {'accuracy': 0.9355212995193105, 'balanced_accuracy': 0.9338596523108942, 'f1_macro': 0.9349749112829162, 'f1_micro': 0.9355212995193105, 'f1_weighted': 0.9357260974820912, 'precision_macro': 0.938740593623921, 'precision_micro': 0.9355212995193105, 'precision_weighted': 0.938484366865676, 'recall_macro': 0.9338596523108942, 'recall_micro': 0.9355212995193105, 'recall_weighted': 0.9355212995193105}
-----------------------
Epoch 60/100
Training statistic: Loss: 0.3799, train_score: {'accuracy': 0.8877568237569275, 'balanced_accuracy': 0.8842221729567253, 'f1_macro': 0.8882224409294033, 'f1_micro': 0.8877568237569275, 'f1_weighted': 0.8874515615509417, 'precision_macro': 0.8956566505103402, 'precision_micro': 0.8877568237569275, 'precision_weighted': 0.8897827651676745, 'recall_macro': 0.8842221729567253, 'recall_micro': 0.8877568237569275, 'recall_weighted': 0.8877568237569275}
Validation statistic: Loss: 0.2062, dev_score: {'accuracy': 0.9348582794629537, 'balanced_accuracy': 0.933048710321224, 'f1_macro': 0.9342189126889547, 'f1_micro': 0.9348582794629537, 'f1_weighted': 0.9350094678012234, 'precision_macro': 0.9384702984732073, 'precision_micro': 0.9348582794629537, 'precision_weighted': 0.9381194911084723, 'recall_macro': 0.933048710321224, 'recall_micro': 0.9348582794629537, 'recall_weighted': 0.9348582794629537}
-----------------------
Epoch 61/100
Training statistic: Loss: 0.3761, train_score: {'accuracy': 0.88916505509624, 'balanced_accuracy': 0.8849621772510025, 'f1_macro': 0.8898239937323531, 'f1_micro': 0.88916505509624, 'f1_weighted': 0.8888622139942701, 'precision_macro': 0.8982884114917363, 'precision_micro': 0.88916505509624, 'precision_weighted': 0.8915099382991087, 'recall_macro': 0.8849621772510025, 'recall_micro': 0.88916505509624, 'recall_weighted': 0.88916505509624}
Validation statistic: Loss: 0.2032, dev_score: {'accuracy': 0.9338637493784187, 'balanced_accuracy': 0.932131432534381, 'f1_macro': 0.9332586675622379, 'f1_micro': 0.9338637493784187, 'f1_weighted': 0.9340239619820714, 'precision_macro': 0.9373802810504523, 'precision_micro': 0.9338637493784187, 'precision_weighted': 0.9370667406150521, 'recall_macro': 0.932131432534381, 'recall_micro': 0.9338637493784187, 'recall_weighted': 0.9338637493784187}
-----------------------
Epoch 62/100
Training statistic: Loss: 0.3785, train_score: {'accuracy': 0.8867639233195322, 'balanced_accuracy': 0.8822583615427606, 'f1_macro': 0.8869538589378081, 'f1_micro': 0.8867639233195322, 'f1_weighted': 0.8863433655026846, 'precision_macro': 0.8957456904940221, 'precision_micro': 0.8867639233195322, 'precision_weighted': 0.8891885658224653, 'recall_macro': 0.8822583615427606, 'recall_micro': 0.8867639233195322, 'recall_weighted': 0.8867639233195322}
Validation statistic: Loss: 0.2062, dev_score: {'accuracy': 0.9338637493784187, 'balanced_accuracy': 0.9319509762667074, 'f1_macro': 0.9331839735318521, 'f1_micro': 0.9338637493784187, 'f1_weighted': 0.9339532499271005, 'precision_macro': 0.9377393006076551, 'precision_micro': 0.9338637493784187, 'precision_weighted': 0.9372255383531131, 'recall_macro': 0.9319509762667074, 'recall_micro': 0.9338637493784187, 'recall_weighted': 0.9338637493784187}
-----------------------
Epoch 63/100
Training statistic: Loss: 0.3747, train_score: {'accuracy': 0.8899632691733617, 'balanced_accuracy': 0.8867618569595326, 'f1_macro': 0.8905688685528013, 'f1_micro': 0.8899632691733617, 'f1_weighted': 0.8897062696234238, 'precision_macro': 0.8974555437250885, 'precision_micro': 0.8899632691733617, 'precision_weighted': 0.8918341810013987, 'recall_macro': 0.8867618569595326, 'recall_micro': 0.8899632691733617, 'recall_weighted': 0.8899632691733617}
Validation statistic: Loss: 0.2065, dev_score: {'accuracy': 0.9335322393502403, 'balanced_accuracy': 0.9317331375958346, 'f1_macro': 0.9327970684676907, 'f1_micro': 0.9335322393502403, 'f1_weighted': 0.9336234428791493, 'precision_macro': 0.9371560136361069, 'precision_micro': 0.9335322393502403, 'precision_weighted': 0.9368824354337123, 'recall_macro': 0.9317331375958346, 'recall_micro': 0.9335322393502403, 'recall_weighted': 0.9335322393502403}
-----------------------
Epoch 64/100
Training statistic: Loss: 0.3764, train_score: {'accuracy': 0.8895738964528145, 'balanced_accuracy': 0.8853137884477411, 'f1_macro': 0.8897083141444317, 'f1_micro': 0.8895738964528145, 'f1_weighted': 0.8892027875252232, 'precision_macro': 0.8983145353551503, 'precision_micro': 0.8895738964528145, 'precision_weighted': 0.8921594204661039, 'recall_macro': 0.8853137884477411, 'recall_micro': 0.8895738964528145, 'recall_weighted': 0.8895738964528145}
Validation statistic: Loss: 0.2068, dev_score: {'accuracy': 0.9330349743079728, 'balanced_accuracy': 0.9310896191641118, 'f1_macro': 0.9323319663449322, 'f1_micro': 0.9330349743079728, 'f1_weighted': 0.9331821105511143, 'precision_macro': 0.937168478188188, 'precision_micro': 0.9330349743079728, 'precision_weighted': 0.9367916456948634, 'recall_macro': 0.9310896191641118, 'recall_micro': 0.9330349743079728, 'recall_weighted': 0.9330349743079728}
-----------------------
Epoch 65/100
Training statistic: Loss: 0.3754, train_score: {'accuracy': 0.8889054732825419, 'balanced_accuracy': 0.8844969865590153, 'f1_macro': 0.8897574800905022, 'f1_micro': 0.8889054732825419, 'f1_weighted': 0.8886787830069369, 'precision_macro': 0.8984219130109723, 'precision_micro': 0.8889054732825419, 'precision_weighted': 0.8911459458775292, 'recall_macro': 0.8844969865590153, 'recall_micro': 0.8889054732825419, 'recall_weighted': 0.8889054732825419}
Validation statistic: Loss: 0.2051, dev_score: {'accuracy': 0.9351897894911321, 'balanced_accuracy': 0.9334699310601628, 'f1_macro': 0.9345529423856057, 'f1_micro': 0.9351897894911321, 'f1_weighted': 0.9353436779619334, 'precision_macro': 0.9386085864043568, 'precision_micro': 0.9351897894911321, 'precision_weighted': 0.9383548066441187, 'recall_macro': 0.9334699310601628, 'recall_micro': 0.9351897894911321, 'recall_weighted': 0.9351897894911321}
-----------------------
Epoch 66/100
Training statistic: Loss: 0.3768, train_score: {'accuracy': 0.8900281646267862, 'balanced_accuracy': 0.887186846234276, 'f1_macro': 0.8909324873544036, 'f1_micro': 0.8900281646267862, 'f1_weighted': 0.8897291007534712, 'precision_macro': 0.8981408302301709, 'precision_micro': 0.8900281646267862, 'precision_weighted': 0.8921348380510256, 'recall_macro': 0.887186846234276, 'recall_micro': 0.8900281646267862, 'recall_weighted': 0.8900281646267862}
Validation statistic: Loss: 0.2047, dev_score: {'accuracy': 0.9346925244488645, 'balanced_accuracy': 0.9328890163157306, 'f1_macro': 0.9340986949689579, 'f1_micro': 0.9346925244488645, 'f1_weighted': 0.9348236415635316, 'precision_macro': 0.9384057472216641, 'precision_micro': 0.9346925244488645, 'precision_weighted': 0.9379408792361248, 'recall_macro': 0.9328890163157306, 'recall_micro': 0.9346925244488645, 'recall_weighted': 0.9346925244488645}
-----------------------
Epoch 67/100
Training statistic: Loss: 0.3706, train_score: {'accuracy': 0.8921242877723987, 'balanced_accuracy': 0.8894097154360605, 'f1_macro': 0.893580657445505, 'f1_micro': 0.8921242877723987, 'f1_weighted': 0.8919325642218128, 'precision_macro': 0.9003818331580424, 'precision_micro': 0.8921242877723987, 'precision_weighted': 0.8940415701126146, 'recall_macro': 0.8894097154360605, 'recall_micro': 0.8921242877723987, 'recall_weighted': 0.8921242877723987}
Validation statistic: Loss: 0.1997, dev_score: {'accuracy': 0.9356870545333996, 'balanced_accuracy': 0.9341103761854077, 'f1_macro': 0.9351557842671872, 'f1_micro': 0.9356870545333996, 'f1_weighted': 0.9358016129524911, 'precision_macro': 0.9384798492132136, 'precision_micro': 0.9356870545333996, 'precision_weighted': 0.9381029706499138, 'recall_macro': 0.9341103761854077, 'recall_micro': 0.9356870545333996, 'recall_weighted': 0.9356870545333996}
Saving model...
Model saved!
-------------------------------------------
-----------------------
Epoch 68/100
Training statistic: Loss: 0.3711, train_score: {'accuracy': 0.8923319532233571, 'balanced_accuracy': 0.8914968494619167, 'f1_macro': 0.8936462039063227, 'f1_micro': 0.8923319532233571, 'f1_weighted': 0.8921318582606587, 'precision_macro': 0.8982654738271527, 'precision_micro': 0.8923319532233571, 'precision_weighted': 0.8939787038779702, 'recall_macro': 0.8914968494619167, 'recall_micro': 0.8923319532233571, 'recall_weighted': 0.8923319532233571}
Validation statistic: Loss: 0.1998, dev_score: {'accuracy': 0.9353555445052213, 'balanced_accuracy': 0.9337517635975601, 'f1_macro': 0.9347469119291633, 'f1_micro': 0.9353555445052213, 'f1_weighted': 0.9354618142588799, 'precision_macro': 0.9381433011044754, 'precision_micro': 0.9353555445052213, 'precision_weighted': 0.9378859851375173, 'recall_macro': 0.9337517635975601, 'recall_micro': 0.9353555445052213, 'recall_weighted': 0.9353555445052213}
-----------------------
Epoch 69/100
Training statistic: Loss: 0.3730, train_score: {'accuracy': 0.8920074759562345, 'balanced_accuracy': 0.8888085067469758, 'f1_macro': 0.8928166921096808, 'f1_micro': 0.8920074759562345, 'f1_weighted': 0.8917478354914854, 'precision_macro': 0.8995728230282009, 'precision_micro': 0.8920074759562345, 'precision_weighted': 0.8936389742824139, 'recall_macro': 0.8888085067469758, 'recall_micro': 0.8920074759562345, 'recall_weighted': 0.8920074759562345}
Validation statistic: Loss: 0.2005, dev_score: {'accuracy': 0.9346925244488645, 'balanced_accuracy': 0.9329562538214449, 'f1_macro': 0.9341460217811044, 'f1_micro': 0.9346925244488645, 'f1_weighted': 0.9348716865145426, 'precision_macro': 0.9379529310958945, 'precision_micro': 0.9346925244488645, 'precision_weighted': 0.9375667340209621, 'recall_macro': 0.9329562538214449, 'recall_micro': 0.9346925244488645, 'recall_weighted': 0.9346925244488645}
-----------------------
Epoch 70/100
Training statistic: Loss: 0.3702, train_score: {'accuracy': 0.8925525977650006, 'balanced_accuracy': 0.890305307574625, 'f1_macro': 0.8937356650831741, 'f1_micro': 0.8925525977650006, 'f1_weighted': 0.892367127292431, 'precision_macro': 0.8998451603564789, 'precision_micro': 0.8925525977650006, 'precision_weighted': 0.8943908979467571, 'recall_macro': 0.890305307574625, 'recall_micro': 0.8925525977650006, 'recall_weighted': 0.8925525977650006}
Validation statistic: Loss: 0.2013, dev_score: {'accuracy': 0.9361843195756672, 'balanced_accuracy': 0.9343967463692424, 'f1_macro': 0.9355667451815389, 'f1_micro': 0.9361843195756672, 'f1_weighted': 0.9363172889574652, 'precision_macro': 0.9391747072648631, 'precision_micro': 0.9361843195756672, 'precision_weighted': 0.9387983492162726, 'recall_macro': 0.9343967463692424, 'recall_micro': 0.9361843195756672, 'recall_weighted': 0.9361843195756672}
-----------------------
Epoch 71/100
Training statistic: Loss: 0.3752, train_score: {'accuracy': 0.8919750282295222, 'balanced_accuracy': 0.8897875652865238, 'f1_macro': 0.8932038244074489, 'f1_micro': 0.8919750282295222, 'f1_weighted': 0.8917716630415671, 'precision_macro': 0.8994596133406445, 'precision_micro': 0.8919750282295222, 'precision_weighted': 0.8939155062809863, 'recall_macro': 0.8897875652865238, 'recall_micro': 0.8919750282295222, 'recall_weighted': 0.8919750282295222}
Validation statistic: Loss: 0.2038, dev_score: {'accuracy': 0.9343610144206862, 'balanced_accuracy': 0.9325201093514718, 'f1_macro': 0.933768699901836, 'f1_micro': 0.9343610144206862, 'f1_weighted': 0.9345583952602048, 'precision_macro': 0.9380010212728062, 'precision_micro': 0.9343610144206862, 'precision_weighted': 0.9376285614623265, 'recall_macro': 0.9325201093514718, 'recall_micro': 0.9343610144206862, 'recall_weighted': 0.9343610144206862}
-----------------------
Epoch 72/100
Training statistic: Loss: 0.3711, train_score: {'accuracy': 0.8928900541228082, 'balanced_accuracy': 0.8900528028892291, 'f1_macro': 0.8936347277495014, 'f1_micro': 0.8928900541228082, 'f1_weighted': 0.892592964617708, 'precision_macro': 0.9004669449343036, 'precision_micro': 0.8928900541228082, 'precision_weighted': 0.8948011181324489, 'recall_macro': 0.8900528028892291, 'recall_micro': 0.8928900541228082, 'recall_weighted': 0.8928900541228082}
Validation statistic: Loss: 0.1997, dev_score: {'accuracy': 0.9348582794629537, 'balanced_accuracy': 0.9331373760240721, 'f1_macro': 0.9342157270086988, 'f1_micro': 0.9348582794629537, 'f1_weighted': 0.93498711322878, 'precision_macro': 0.9379107992178385, 'precision_micro': 0.9348582794629537, 'precision_weighted': 0.9376325280489889, 'recall_macro': 0.9331373760240721, 'recall_micro': 0.9348582794629537, 'recall_weighted': 0.9348582794629537}
Saving model...
Model saved!
-------------------------------------------
-----------------------
Epoch 73/100
Training statistic: Loss: 0.3682, train_score: {'accuracy': 0.8925461082196582, 'balanced_accuracy': 0.8893401624074503, 'f1_macro': 0.8937034295599314, 'f1_micro': 0.8925461082196582, 'f1_weighted': 0.8923520737108787, 'precision_macro': 0.9013049929720818, 'precision_micro': 0.8925461082196582, 'precision_weighted': 0.894753141873492, 'recall_macro': 0.8893401624074503, 'recall_micro': 0.8925461082196582, 'recall_weighted': 0.8925461082196582}
Validation statistic: Loss: 0.2012, dev_score: {'accuracy': 0.9351897894911321, 'balanced_accuracy': 0.9336325714390801, 'f1_macro': 0.9347902221611223, 'f1_micro': 0.9351897894911321, 'f1_weighted': 0.9353860465747641, 'precision_macro': 0.9383816333800276, 'precision_micro': 0.9351897894911321, 'precision_weighted': 0.9379211892534349, 'recall_macro': 0.9336325714390801, 'recall_micro': 0.9351897894911321, 'recall_weighted': 0.9351897894911321}
-----------------------
Epoch 74/100
Training statistic: Loss: 0.3715, train_score: {'accuracy': 0.8931042091191091, 'balanced_accuracy': 0.8907167306369708, 'f1_macro': 0.8943248196257804, 'f1_micro': 0.8931042091191091, 'f1_weighted': 0.8929075366572656, 'precision_macro': 0.9005872005494295, 'precision_micro': 0.8931042091191091, 'precision_weighted': 0.8948640799885565, 'recall_macro': 0.8907167306369708, 'recall_micro': 0.8931042091191091, 'recall_weighted': 0.8931042091191091}
Validation statistic: Loss: 0.2010, dev_score: {'accuracy': 0.936018564561578, 'balanced_accuracy': 0.9344834291026896, 'f1_macro': 0.9355161263413901, 'f1_micro': 0.936018564561578, 'f1_weighted': 0.9361644645733629, 'precision_macro': 0.9388568417878028, 'precision_micro': 0.936018564561578, 'precision_weighted': 0.9385381238870548, 'recall_macro': 0.9344834291026896, 'recall_micro': 0.936018564561578, 'recall_weighted': 0.936018564561578}
-----------------------
Epoch 75/100
Training statistic: Loss: 0.3639, train_score: {'accuracy': 0.8951938427193791, 'balanced_accuracy': 0.8927821082278993, 'f1_macro': 0.8963570259753588, 'f1_micro': 0.8951938427193791, 'f1_weighted': 0.8950314228090862, 'precision_macro': 0.9027505683136458, 'precision_micro': 0.8951938427193791, 'precision_weighted': 0.8971704077642414, 'recall_macro': 0.8927821082278993, 'recall_micro': 0.8951938427193791, 'recall_weighted': 0.8951938427193791}
Validation statistic: Loss: 0.2002, dev_score: {'accuracy': 0.933200729322062, 'balanced_accuracy': 0.9315646034341661, 'f1_macro': 0.9327017915025302, 'f1_micro': 0.933200729322062, 'f1_weighted': 0.9333960184330997, 'precision_macro': 0.9365430545307352, 'precision_micro': 0.933200729322062, 'precision_weighted': 0.9361997884488722, 'recall_macro': 0.9315646034341661, 'recall_micro': 0.933200729322062, 'recall_weighted': 0.933200729322062}
-----------------------
Epoch 76/100
Training statistic: Loss: 0.3687, train_score: {'accuracy': 0.892357911404727, 'balanced_accuracy': 0.888563258026581, 'f1_macro': 0.8928383513728946, 'f1_micro': 0.892357911404727, 'f1_weighted': 0.8920974809235231, 'precision_macro': 0.9009780677417268, 'precision_micro': 0.892357911404727, 'precision_weighted': 0.894874771771602, 'recall_macro': 0.888563258026581, 'recall_micro': 0.892357911404727, 'recall_weighted': 0.892357911404727}
Validation statistic: Loss: 0.2044, dev_score: {'accuracy': 0.9343610144206862, 'balanced_accuracy': 0.9324910081168178, 'f1_macro': 0.9336812560282304, 'f1_micro': 0.9343610144206862, 'f1_weighted': 0.9344969092668793, 'precision_macro': 0.9380937160274495, 'precision_micro': 0.9343610144206862, 'precision_weighted': 0.9377260975858557, 'recall_macro': 0.9324910081168178, 'recall_micro': 0.9343610144206862, 'recall_weighted': 0.9343610144206862}
-----------------------
Epoch 77/100
Training statistic: Loss: 0.3653, train_score: {'accuracy': 0.8936233727465054, 'balanced_accuracy': 0.8905244599480749, 'f1_macro': 0.8943370929742429, 'f1_micro': 0.8936233727465054, 'f1_weighted': 0.8933952863630927, 'precision_macro': 0.9013399316889796, 'precision_micro': 0.8936233727465054, 'precision_weighted': 0.8957460704936041, 'recall_macro': 0.8905244599480749, 'recall_micro': 0.8936233727465054, 'recall_weighted': 0.8936233727465054}
Validation statistic: Loss: 0.2006, dev_score: {'accuracy': 0.9363500745897564, 'balanced_accuracy': 0.9345732312581682, 'f1_macro': 0.9357578760380916, 'f1_micro': 0.9363500745897564, 'f1_weighted': 0.9364941552468387, 'precision_macro': 0.9398198067354802, 'precision_micro': 0.9363500745897564, 'precision_weighted': 0.9394161818102709, 'recall_macro': 0.9345732312581682, 'recall_micro': 0.9363500745897564, 'recall_weighted': 0.9363500745897564}
-----------------------
Epoch 78/100
Training statistic: Loss: 0.3649, train_score: {'accuracy': 0.8953950186249952, 'balanced_accuracy': 0.8927415517365864, 'f1_macro': 0.8961858373574119, 'f1_micro': 0.8953950186249952, 'f1_weighted': 0.8951663805527945, 'precision_macro': 0.9021352709730573, 'precision_micro': 0.8953950186249952, 'precision_weighted': 0.8968529659967577, 'recall_macro': 0.8927415517365864, 'recall_micro': 0.8953950186249952, 'recall_weighted': 0.8953950186249952}
Validation statistic: Loss: 0.1998, dev_score: {'accuracy': 0.936018564561578, 'balanced_accuracy': 0.9344714652234675, 'f1_macro': 0.9355017118825293, 'f1_micro': 0.936018564561578, 'f1_weighted': 0.9361895063223985, 'precision_macro': 0.9391816170298887, 'precision_micro': 0.936018564561578, 'precision_weighted': 0.9389159298236744, 'recall_macro': 0.9344714652234675, 'recall_micro': 0.936018564561578, 'recall_weighted': 0.936018564561578}
-----------------------
Epoch 79/100
Training statistic: Loss: 0.3652, train_score: {'accuracy': 0.8959531195244461, 'balanced_accuracy': 0.8938325124630216, 'f1_macro': 0.8973260513723342, 'f1_micro': 0.8959531195244461, 'f1_weighted': 0.8957866692376774, 'precision_macro': 0.9032351912064096, 'precision_micro': 0.8959531195244461, 'precision_weighted': 0.8977289877330186, 'recall_macro': 0.8938325124630216, 'recall_micro': 0.8959531195244461, 'recall_weighted': 0.8959531195244461}
Validation statistic: Loss: 0.1982, dev_score: {'accuracy': 0.9355212995193105, 'balanced_accuracy': 0.9339207830823286, 'f1_macro': 0.9350305111773414, 'f1_micro': 0.9355212995193105, 'f1_weighted': 0.9356983358383065, 'precision_macro': 0.938597364487334, 'precision_micro': 0.9355212995193105, 'precision_weighted': 0.9382497020676868, 'recall_macro': 0.9339207830823286, 'recall_micro': 0.9355212995193105, 'recall_weighted': 0.9355212995193105}
Saving model...
Model saved!
-------------------------------------------
-----------------------
Epoch 80/100
Training statistic: Loss: 0.3603, train_score: {'accuracy': 0.8959012031617065, 'balanced_accuracy': 0.8929481659085393, 'f1_macro': 0.8969750112021606, 'f1_micro': 0.8959012031617065, 'f1_weighted': 0.8957029734642782, 'precision_macro': 0.9034242109537207, 'precision_micro': 0.8959012031617065, 'precision_weighted': 0.897539531325839, 'recall_macro': 0.8929481659085393, 'recall_micro': 0.8959012031617065, 'recall_weighted': 0.8959012031617065}
Validation statistic: Loss: 0.1997, dev_score: {'accuracy': 0.9353555445052213, 'balanced_accuracy': 0.9336791028392721, 'f1_macro': 0.9348481263055541, 'f1_micro': 0.9353555445052213, 'f1_weighted': 0.9355432026883719, 'precision_macro': 0.9385740108750369, 'precision_micro': 0.9353555445052213, 'precision_weighted': 0.9381909918518552, 'recall_macro': 0.9336791028392721, 'recall_micro': 0.9353555445052213, 'recall_weighted': 0.9353555445052213}
-----------------------
Epoch 81/100
Training statistic: Loss: 0.3629, train_score: {'accuracy': 0.8953431022622556, 'balanced_accuracy': 0.8911955226038698, 'f1_macro': 0.8956093968962099, 'f1_micro': 0.8953431022622556, 'f1_weighted': 0.8950485132481514, 'precision_macro': 0.9037062930302755, 'precision_micro': 0.8953431022622556, 'precision_weighted': 0.8975958928099254, 'recall_macro': 0.8911955226038698, 'recall_micro': 0.8953431022622556, 'recall_weighted': 0.8953431022622556}
Validation statistic: Loss: 0.2023, dev_score: {'accuracy': 0.9351897894911321, 'balanced_accuracy': 0.9333269210224803, 'f1_macro': 0.9345294218930839, 'f1_micro': 0.9351897894911321, 'f1_weighted': 0.9353266359513971, 'precision_macro': 0.93875713675096, 'precision_micro': 0.9351897894911321, 'precision_weighted': 0.9383788330913058, 'recall_macro': 0.9333269210224803, 'recall_micro': 0.9351897894911321, 'recall_weighted': 0.9351897894911321}
-----------------------
Epoch 82/100
Training statistic: Loss: 0.3610, train_score: {'accuracy': 0.8968746349630745, 'balanced_accuracy': 0.8939127814484349, 'f1_macro': 0.8978308967327138, 'f1_micro': 0.8968746349630745, 'f1_weighted': 0.8966722013121139, 'precision_macro': 0.9045385154291926, 'precision_micro': 0.8968746349630745, 'precision_weighted': 0.8986657850067667, 'recall_macro': 0.8939127814484349, 'recall_micro': 0.8968746349630745, 'recall_weighted': 0.8968746349630745}
Validation statistic: Loss: 0.1992, dev_score: {'accuracy': 0.9356870545333996, 'balanced_accuracy': 0.934014521780824, 'f1_macro': 0.9351346417488922, 'f1_micro': 0.9356870545333996, 'f1_weighted': 0.9358147582110414, 'precision_macro': 0.9388683427167756, 'precision_micro': 0.9356870545333996, 'precision_weighted': 0.9384538849489116, 'recall_macro': 0.934014521780824, 'recall_micro': 0.9356870545333996, 'recall_weighted': 0.9356870545333996}
-----------------------
Epoch 83/100
Training statistic: Loss: 0.3702, train_score: {'accuracy': 0.8953171440808857, 'balanced_accuracy': 0.8928556347446369, 'f1_macro': 0.896361569581847, 'f1_micro': 0.8953171440808857, 'f1_weighted': 0.895144127611755, 'precision_macro': 0.9026618504638704, 'precision_micro': 0.8953171440808857, 'precision_weighted': 0.8973425337038347, 'recall_macro': 0.8928556347446369, 'recall_micro': 0.8953171440808857, 'recall_weighted': 0.8953171440808857}
Validation statistic: Loss: 0.2030, dev_score: {'accuracy': 0.9353555445052213, 'balanced_accuracy': 0.9335505277347285, 'f1_macro': 0.9347702752723223, 'f1_micro': 0.9353555445052213, 'f1_weighted': 0.9355221166864561, 'precision_macro': 0.9389121020521529, 'precision_micro': 0.9353555445052213, 'precision_weighted': 0.9384963850221649, 'recall_macro': 0.9335505277347285, 'recall_micro': 0.9353555445052213, 'recall_weighted': 0.9353555445052213}
-----------------------
Epoch 84/100
Training statistic: Loss: 0.3641, train_score: {'accuracy': 0.8960050358871857, 'balanced_accuracy': 0.8923894444131728, 'f1_macro': 0.8967856861195191, 'f1_micro': 0.8960050358871857, 'f1_weighted': 0.8957886636016515, 'precision_macro': 0.9046035305052824, 'precision_micro': 0.8960050358871857, 'precision_weighted': 0.8983288685626797, 'recall_macro': 0.8923894444131728, 'recall_micro': 0.8960050358871857, 'recall_weighted': 0.8960050358871857}
Validation statistic: Loss: 0.2014, dev_score: {'accuracy': 0.9365158296038455, 'balanced_accuracy': 0.9348315950204297, 'f1_macro': 0.9359431715369873, 'f1_micro': 0.9365158296038455, 'f1_weighted': 0.9366566597957564, 'precision_macro': 0.9396103661994157, 'precision_micro': 0.9365158296038455, 'precision_weighted': 0.9392586838840623, 'recall_macro': 0.9348315950204297, 'recall_micro': 0.9365158296038455, 'recall_weighted': 0.9365158296038455}
-----------------------
Epoch 85/100
Training statistic: Loss: 0.3635, train_score: {'accuracy': 0.8946292522745857, 'balanced_accuracy': 0.89284605171238, 'f1_macro': 0.8955579260678478, 'f1_micro': 0.8946292522745857, 'f1_weighted': 0.8943316008162281, 'precision_macro': 0.9016168512631166, 'precision_micro': 0.8946292522745857, 'precision_weighted': 0.8969271626336808, 'recall_macro': 0.89284605171238, 'recall_micro': 0.8946292522745857, 'recall_weighted': 0.8946292522745857}
Validation statistic: Loss: 0.2028, dev_score: {'accuracy': 0.9327034642797944, 'balanced_accuracy': 0.9308092491967767, 'f1_macro': 0.9320159206995366, 'f1_micro': 0.9327034642797944, 'f1_weighted': 0.9327765702899316, 'precision_macro': 0.9361902811675817, 'precision_micro': 0.9327034642797944, 'precision_weighted': 0.9357040429426114, 'recall_macro': 0.9308092491967767, 'recall_micro': 0.9327034642797944, 'recall_weighted': 0.9327034642797944}
-----------------------
Epoch 86/100
Training statistic: Loss: 0.3565, train_score: {'accuracy': 0.8979908367619764, 'balanced_accuracy': 0.8942470744799402, 'f1_macro': 0.8986300504565286, 'f1_micro': 0.8979908367619764, 'f1_weighted': 0.8978252370523612, 'precision_macro': 0.9058881047154064, 'precision_micro': 0.8979908367619764, 'precision_weighted': 0.8999084375987698, 'recall_macro': 0.8942470744799402, 'recall_micro': 0.8979908367619764, 'recall_weighted': 0.8979908367619764}
Validation statistic: Loss: 0.2029, dev_score: {'accuracy': 0.9345267694347754, 'balanced_accuracy': 0.9328261595639802, 'f1_macro': 0.9339864931087947, 'f1_micro': 0.9345267694347754, 'f1_weighted': 0.9347122080991436, 'precision_macro': 0.9384473858037182, 'precision_micro': 0.9345267694347754, 'precision_weighted': 0.9380880364848468, 'recall_macro': 0.9328261595639802, 'recall_micro': 0.9345267694347754, 'recall_weighted': 0.9345267694347754}
-----------------------
Epoch 87/100
Training statistic: Loss: 0.3578, train_score: {'accuracy': 0.8983218035744416, 'balanced_accuracy': 0.895135427921036, 'f1_macro': 0.8991681977582608, 'f1_micro': 0.8983218035744416, 'f1_weighted': 0.8981662762212104, 'precision_macro': 0.9056998603131193, 'precision_micro': 0.8983218035744416, 'precision_weighted': 0.8999820130993852, 'recall_macro': 0.895135427921036, 'recall_micro': 0.8983218035744416, 'recall_weighted': 0.8983218035744416}
Validation statistic: Loss: 0.1996, dev_score: {'accuracy': 0.9358528095474888, 'balanced_accuracy': 0.9342571549377864, 'f1_macro': 0.9352351048390997, 'f1_micro': 0.9358528095474888, 'f1_weighted': 0.9359748672822854, 'precision_macro': 0.9390809424057679, 'precision_micro': 0.9358528095474888, 'precision_weighted': 0.9388660895180481, 'recall_macro': 0.9342571549377864, 'recall_micro': 0.9358528095474888, 'recall_weighted': 0.9358528095474888}
-----------------------
Epoch 88/100
Training statistic: Loss: 0.3618, train_score: {'accuracy': 0.8983672303918387, 'balanced_accuracy': 0.8957963083764117, 'f1_macro': 0.8991353344062892, 'f1_micro': 0.8983672303918387, 'f1_weighted': 0.8981079606997737, 'precision_macro': 0.9051471220056351, 'precision_micro': 0.8983672303918387, 'precision_weighted': 0.8999260670776115, 'recall_macro': 0.8957963083764117, 'recall_micro': 0.8983672303918387, 'recall_weighted': 0.8983672303918387}
Validation statistic: Loss: 0.1988, dev_score: {'accuracy': 0.9355212995193105, 'balanced_accuracy': 0.9337671977046751, 'f1_macro': 0.9348942980252717, 'f1_micro': 0.9355212995193105, 'f1_weighted': 0.9356594221884568, 'precision_macro': 0.9389844994970836, 'precision_micro': 0.9355212995193105, 'precision_weighted': 0.9386494680690562, 'recall_macro': 0.9337671977046751, 'recall_micro': 0.9355212995193105, 'recall_weighted': 0.9355212995193105}
-----------------------
Epoch 89/100
Training statistic: Loss: 0.3605, train_score: {'accuracy': 0.8961672745207471, 'balanced_accuracy': 0.8921060449286069, 'f1_macro': 0.8968412504403973, 'f1_micro': 0.8961672745207471, 'f1_weighted': 0.8959401612684442, 'precision_macro': 0.9050072211196696, 'precision_micro': 0.8961672745207471, 'precision_weighted': 0.8984315418402967, 'recall_macro': 0.8921060449286069, 'recall_micro': 0.8961672745207471, 'recall_weighted': 0.8961672745207471}
Validation statistic: Loss: 0.2026, dev_score: {'accuracy': 0.9335322393502403, 'balanced_accuracy': 0.9317464268633289, 'f1_macro': 0.9329073953894806, 'f1_micro': 0.9335322393502403, 'f1_weighted': 0.9336800556173195, 'precision_macro': 0.9376343373555953, 'precision_micro': 0.9335322393502403, 'precision_weighted': 0.9372516876349231, 'recall_macro': 0.9317464268633289, 'recall_micro': 0.9335322393502403, 'recall_weighted': 0.9335322393502403}
-----------------------
Epoch 90/100
Training statistic: Loss: 0.3615, train_score: {'accuracy': 0.8959012031617065, 'balanced_accuracy': 0.892788209342713, 'f1_macro': 0.8971166216081221, 'f1_micro': 0.8959012031617065, 'f1_weighted': 0.8958840218103519, 'precision_macro': 0.9045480100073444, 'precision_micro': 0.8959012031617065, 'precision_weighted': 0.8985524328762986, 'recall_macro': 0.892788209342713, 'recall_micro': 0.8959012031617065, 'recall_weighted': 0.8959012031617065}
Validation statistic: Loss: 0.2029, dev_score: {'accuracy': 0.9322061992375269, 'balanced_accuracy': 0.9304787892961265, 'f1_macro': 0.9316706577320032, 'f1_micro': 0.9322061992375269, 'f1_weighted': 0.9324337015871274, 'precision_macro': 0.9364121677564977, 'precision_micro': 0.9322061992375269, 'precision_weighted': 0.9361016205874179, 'recall_macro': 0.9304787892961265, 'recall_micro': 0.9322061992375269, 'recall_weighted': 0.9322061992375269}
-----------------------
Epoch 91/100
Training statistic: Loss: 0.3563, train_score: {'accuracy': 0.8981920126675925, 'balanced_accuracy': 0.8946747050678384, 'f1_macro': 0.8987233262346507, 'f1_micro': 0.8981920126675925, 'f1_weighted': 0.8979979032417309, 'precision_macro': 0.9055013001108947, 'precision_micro': 0.8981920126675925, 'precision_weighted': 0.8999053516824826, 'recall_macro': 0.8946747050678384, 'recall_micro': 0.8981920126675925, 'recall_weighted': 0.8981920126675925}
Validation statistic: Loss: 0.1979, dev_score: {'accuracy': 0.9353555445052213, 'balanced_accuracy': 0.9336113635610724, 'f1_macro': 0.9346965467634671, 'f1_micro': 0.9353555445052213, 'f1_weighted': 0.9355262879665862, 'precision_macro': 0.9389044046764423, 'precision_micro': 0.9353555445052213, 'precision_weighted': 0.9387110743673737, 'recall_macro': 0.9336113635610724, 'recall_micro': 0.9353555445052213, 'recall_weighted': 0.9353555445052213}
Saving model...
Model saved!
-------------------------------------------
-----------------------
Epoch 92/100
Training statistic: Loss: 0.3610, train_score: {'accuracy': 0.8965890949680065, 'balanced_accuracy': 0.8941444785331722, 'f1_macro': 0.8973564289036589, 'f1_micro': 0.8965890949680065, 'f1_weighted': 0.8963377388779217, 'precision_macro': 0.9037113094269003, 'precision_micro': 0.8965890949680065, 'precision_weighted': 0.8987237005584947, 'recall_macro': 0.8941444785331722, 'recall_micro': 0.8965890949680065, 'recall_weighted': 0.8965890949680065}
Validation statistic: Loss: 0.2003, dev_score: {'accuracy': 0.9348582794629537, 'balanced_accuracy': 0.9329426824081306, 'f1_macro': 0.9341057676563397, 'f1_micro': 0.9348582794629537, 'f1_weighted': 0.9349347214778982, 'precision_macro': 0.9385162118936403, 'precision_micro': 0.9348582794629537, 'precision_weighted': 0.9381331456562365, 'recall_macro': 0.9329426824081306, 'recall_micro': 0.9348582794629537, 'recall_weighted': 0.9348582794629537}
-----------------------
Epoch 93/100
Training statistic: Loss: 0.3550, train_score: {'accuracy': 0.8986397912962217, 'balanced_accuracy': 0.8952965989320216, 'f1_macro': 0.8993872290247353, 'f1_micro': 0.8986397912962217, 'f1_weighted': 0.898481159716128, 'precision_macro': 0.9066733579656729, 'precision_micro': 0.8986397912962217, 'precision_weighted': 0.9008691676547316, 'recall_macro': 0.8952965989320216, 'recall_micro': 0.8986397912962217, 'recall_weighted': 0.8986397912962217}
Validation statistic: Loss: 0.1987, dev_score: {'accuracy': 0.9355212995193105, 'balanced_accuracy': 0.933737982974095, 'f1_macro': 0.9349495520917299, 'f1_micro': 0.9355212995193105, 'f1_weighted': 0.9356853392074579, 'precision_macro': 0.939123457228094, 'precision_micro': 0.9355212995193105, 'precision_weighted': 0.9387006831346947, 'recall_macro': 0.933737982974095, 'recall_micro': 0.9355212995193105, 'recall_weighted': 0.9355212995193105}
-----------------------
Epoch 94/100
Training statistic: Loss: 0.3532, train_score: {'accuracy': 0.8993341726478643, 'balanced_accuracy': 0.8974717903736629, 'f1_macro': 0.9004799387528706, 'f1_micro': 0.8993341726478643, 'f1_weighted': 0.8991241263662291, 'precision_macro': 0.9059238122778976, 'precision_micro': 0.8993341726478643, 'precision_weighted': 0.9008982660916675, 'recall_macro': 0.8974717903736629, 'recall_micro': 0.8993341726478643, 'recall_weighted': 0.8993341726478643}
Validation statistic: Loss: 0.1947, dev_score: {'accuracy': 0.937013094646113, 'balanced_accuracy': 0.9355127121371609, 'f1_macro': 0.9365363477574438, 'f1_micro': 0.937013094646113, 'f1_weighted': 0.9371376406745926, 'precision_macro': 0.9398981125096514, 'precision_micro': 0.937013094646113, 'precision_weighted': 0.9395221650737792, 'recall_macro': 0.9355127121371609, 'recall_micro': 0.937013094646113, 'recall_weighted': 0.937013094646113}
Saving model...
Model saved!
-------------------------------------------
-----------------------
Epoch 95/100
Training statistic: Loss: 0.3601, train_score: {'accuracy': 0.8974781626799226, 'balanced_accuracy': 0.894061614688078, 'f1_macro': 0.8983201811997963, 'f1_micro': 0.8974781626799226, 'f1_weighted': 0.8972268394537228, 'precision_macro': 0.9055384757575368, 'precision_micro': 0.8974781626799226, 'precision_weighted': 0.8993244132809556, 'recall_macro': 0.894061614688078, 'recall_micro': 0.8974781626799226, 'recall_weighted': 0.8974781626799226}
Validation statistic: Loss: 0.1993, dev_score: {'accuracy': 0.9353555445052213, 'balanced_accuracy': 0.933783004014147, 'f1_macro': 0.9348116748117862, 'f1_micro': 0.9353555445052213, 'f1_weighted': 0.9355093761912335, 'precision_macro': 0.9388040977530945, 'precision_micro': 0.9353555445052213, 'precision_weighted': 0.9385137635102905, 'recall_macro': 0.933783004014147, 'recall_micro': 0.9353555445052213, 'recall_weighted': 0.9353555445052213}
-----------------------
Epoch 96/100
Training statistic: Loss: 0.3514, train_score: {'accuracy': 0.8983477617558114, 'balanced_accuracy': 0.8952495798300051, 'f1_macro': 0.8993003864560609, 'f1_micro': 0.8983477617558114, 'f1_weighted': 0.8981870988600865, 'precision_macro': 0.906302883208005, 'precision_micro': 0.8983477617558114, 'precision_weighted': 0.9004826490601744, 'recall_macro': 0.8952495798300051, 'recall_micro': 0.8983477617558114, 'recall_weighted': 0.8983477617558114}
Validation statistic: Loss: 0.1940, dev_score: {'accuracy': 0.9356870545333996, 'balanced_accuracy': 0.9340108470475066, 'f1_macro': 0.935025829320326, 'f1_micro': 0.9356870545333996, 'f1_weighted': 0.9358005803467545, 'precision_macro': 0.9386966775069678, 'precision_micro': 0.9356870545333996, 'precision_weighted': 0.9384740034097948, 'recall_macro': 0.9340108470475066, 'recall_micro': 0.9356870545333996, 'recall_weighted': 0.9356870545333996}
Saving model...
Model saved!
-------------------------------------------
-----------------------
Epoch 97/100
Training statistic: Loss: 0.3533, train_score: {'accuracy': 0.8981206276688255, 'balanced_accuracy': 0.8950100846949158, 'f1_macro': 0.8990982824597673, 'f1_micro': 0.8981206276688255, 'f1_weighted': 0.8979326916759467, 'precision_macro': 0.9062467776092342, 'precision_micro': 0.8981206276688255, 'precision_weighted': 0.9003046733280488, 'recall_macro': 0.8950100846949158, 'recall_micro': 0.8981206276688255, 'recall_weighted': 0.8981206276688255}
Validation statistic: Loss: 0.1982, dev_score: {'accuracy': 0.9341952594065971, 'balanced_accuracy': 0.9325961722840249, 'f1_macro': 0.9337338725550053, 'f1_micro': 0.9341952594065971, 'f1_weighted': 0.9343992124280072, 'precision_macro': 0.938015095608554, 'precision_micro': 0.9341952594065971, 'precision_weighted': 0.9376339775508891, 'recall_macro': 0.9325961722840249, 'recall_micro': 0.9341952594065971, 'recall_weighted': 0.9341952594065971}
-----------------------
Epoch 98/100
Training statistic: Loss: 0.3552, train_score: {'accuracy': 0.8990421431074539, 'balanced_accuracy': 0.8968835154193661, 'f1_macro': 0.8999100827625501, 'f1_micro': 0.8990421431074539, 'f1_weighted': 0.8987491946525374, 'precision_macro': 0.9057001003982299, 'precision_micro': 0.8990421431074539, 'precision_weighted': 0.9007693205847052, 'recall_macro': 0.8968835154193661, 'recall_micro': 0.8990421431074539, 'recall_weighted': 0.8990421431074539}
Validation statistic: Loss: 0.1979, dev_score: {'accuracy': 0.9363500745897564, 'balanced_accuracy': 0.9345372840922843, 'f1_macro': 0.9356805039919192, 'f1_micro': 0.9363500745897564, 'f1_weighted': 0.9364327344344253, 'precision_macro': 0.9394164080143742, 'precision_micro': 0.9363500745897564, 'precision_weighted': 0.9389994514518808, 'recall_macro': 0.9345372840922843, 'recall_micro': 0.9363500745897564, 'recall_weighted': 0.9363500745897564}
-----------------------
Epoch 99/100
Training statistic: Loss: 0.3535, train_score: {'accuracy': 0.901819668514024, 'balanced_accuracy': 0.8989436718516275, 'f1_macro': 0.9026197825317744, 'f1_micro': 0.901819668514024, 'f1_weighted': 0.901615030825309, 'precision_macro': 0.9087845021760639, 'precision_micro': 0.901819668514024, 'precision_weighted': 0.9033708958479477, 'recall_macro': 0.8989436718516275, 'recall_micro': 0.901819668514024, 'recall_weighted': 0.901819668514024}
Validation statistic: Loss: 0.1971, dev_score: {'accuracy': 0.9365158296038455, 'balanced_accuracy': 0.9348066583157024, 'f1_macro': 0.9359309876192639, 'f1_micro': 0.9365158296038455, 'f1_weighted': 0.9366447777651352, 'precision_macro': 0.9396653034052329, 'precision_micro': 0.9365158296038455, 'precision_weighted': 0.9392788369229003, 'recall_macro': 0.9348066583157024, 'recall_micro': 0.9365158296038455, 'recall_weighted': 0.9365158296038455}
-----------------------
Epoch 100/100
Training statistic: Loss: 0.3546, train_score: {'accuracy': 0.8993471517385492, 'balanced_accuracy': 0.8974462081945612, 'f1_macro': 0.9004199162060817, 'f1_micro': 0.8993471517385492, 'f1_weighted': 0.8991560106785604, 'precision_macro': 0.9058117080536727, 'precision_micro': 0.8993471517385492, 'precision_weighted': 0.9009645005997183, 'recall_macro': 0.8974462081945612, 'recall_micro': 0.8993471517385492, 'recall_weighted': 0.8993471517385492}
Validation statistic: Loss: 0.1957, dev_score: {'accuracy': 0.9365158296038455, 'balanced_accuracy': 0.9348096707503183, 'f1_macro': 0.9359253108064001, 'f1_micro': 0.9365158296038455, 'f1_weighted': 0.9366227321440719, 'precision_macro': 0.9396991072874755, 'precision_micro': 0.9365158296038455, 'precision_weighted': 0.939280786139837, 'recall_macro': 0.9348096707503183, 'recall_micro': 0.9365158296038455, 'recall_weighted': 0.9365158296038455}
Testing statistic: loss: 0.20150927866192245, scores: {'accuracy': 0.9369998987136635, 'balanced_accuracy': 0.93712561505561, 'f1_macro': 0.9373387087713979, 'f1_micro': 0.9369998987136635, 'f1_weighted': 0.9371694194766649, 'precision_macro': 0.9397820630236413, 'precision_micro': 0.9369998987136635, 'precision_weighted': 0.9395971461044835, 'recall_macro': 0.93712561505561, 'recall_micro': 0.9369998987136635, 'recall_weighted': 0.9369998987136635}
Finish training!
