=====Setting up data=====
Dataset name:mnist12
train_option:synthetic
augment_option:tvae
mix_ratio:-1
n_sample:-1
Training dataset size: 100096 samples
Validation dataset size: 6144 samples

=====Setting up parameters for training=====
num_epochs: 100
learning_rate: 0.001
patience: 30
early_stop_criterion: loss
=====Setting up trainer=====
input_size: 144
model: DNN_MNIST12
----------------------------------------------------------------
        Layer (type)               Output Shape         Param #
================================================================
           Dropout-1                  [-1, 144]               0
            Linear-2                 [-1, 1024]         148,480
         LeakyReLU-3                 [-1, 1024]               0
       BatchNorm1d-4                 [-1, 1024]           2,048
           Dropout-5                 [-1, 1024]               0
            Linear-6                 [-1, 1024]       1,049,600
         LeakyReLU-7                 [-1, 1024]               0
       BatchNorm1d-8                 [-1, 1024]           2,048
           Dropout-9                 [-1, 1024]               0
           Linear-10                  [-1, 256]         262,400
        LeakyReLU-11                  [-1, 256]               0
      BatchNorm1d-12                  [-1, 256]             512
          Dropout-13                  [-1, 256]               0
           Linear-14                   [-1, 10]           2,570
================================================================
Total params: 1,467,658
Trainable params: 1,467,658
Non-trainable params: 0
----------------------------------------------------------------
Input size (MB): 0.00
Forward/backward pass size (MB): 0.07
Params size (MB): 5.60
Estimated Total Size (MB): 5.67
----------------------------------------------------------------
=====Setting up output files=====
weight_dir, weight_file: /home/thuy/Research/minh_data_synth/TabularDA/.cache/mnist_head_fixed_runtime_20261009/output/mnist_head_fixed_20261009/mnist12/weight/, mnist12_seed42_tvae_full_generated_synthetic.weights.pth
acc_dir, acc_file: /home/thuy/Research/minh_data_synth/TabularDA/.cache/mnist_head_fixed_runtime_20261009/output/mnist_head_fixed_20261009/mnist12/acc/, mnist12_seed42_tvae_full_generated_synthetic.epochs.csv
report_file: mnist12_seed42_tvae_full_generated_synthetic.report.txt
==========================================================================================
Start training...
-----------------------
Epoch 1/100
Training statistic: Loss: 0.7756, train_score: {'accuracy': 0.7194, 'balanced_accuracy': 0.7248216327087807, 'f1_macro': 0.7231167273073313, 'f1_micro': 0.7194, 'f1_weighted': 0.7200090145826739, 'precision_macro': 0.7255612260621527, 'precision_micro': 0.7194, 'precision_weighted': 0.7250778040846949, 'recall_macro': 0.7248216327087807, 'recall_micro': 0.7194, 'recall_weighted': 0.7194}
Validation statistic: Loss: 0.3934, dev_score: {'accuracy': 0.8977291563069782, 'balanced_accuracy': 0.894859527491481, 'f1_macro': 0.8963531894290501, 'f1_micro': 0.8977291563069782, 'f1_weighted': 0.897900210318317, 'precision_macro': 0.9010095605215813, 'precision_micro': 0.8977291563069782, 'precision_weighted': 0.9011889555629151, 'recall_macro': 0.894859527491481, 'recall_micro': 0.8977291563069782, 'recall_weighted': 0.8977291563069782}
Saving model...
Model saved!
-------------------------------------------
-----------------------
Epoch 2/100
Training statistic: Loss: 0.7315, train_score: {'accuracy': 0.7328, 'balanced_accuracy': 0.7381620959641396, 'f1_macro': 0.7358099819198407, 'f1_micro': 0.7328, 'f1_weighted': 0.7330284483715312, 'precision_macro': 0.7360031563065161, 'precision_micro': 0.7328, 'precision_weighted': 0.7358572613239532, 'recall_macro': 0.7381620959641396, 'recall_micro': 0.7328, 'recall_weighted': 0.7328}
Validation statistic: Loss: 0.3534, dev_score: {'accuracy': 0.9030333167578319, 'balanced_accuracy': 0.9006339610788998, 'f1_macro': 0.9018574638240773, 'f1_micro': 0.9030333167578319, 'f1_weighted': 0.9031183232064796, 'precision_macro': 0.9051629516213989, 'precision_micro': 0.9030333167578319, 'precision_weighted': 0.9052559327767266, 'recall_macro': 0.9006339610788998, 'recall_micro': 0.9030333167578319, 'recall_weighted': 0.9030333167578319}
Saving model...
Model saved!
-------------------------------------------
-----------------------
Epoch 3/100
Training statistic: Loss: 0.7092, train_score: {'accuracy': 0.74131, 'balanced_accuracy': 0.7466122316752879, 'f1_macro': 0.7441256194802115, 'f1_micro': 0.74131, 'f1_weighted': 0.7415456827065274, 'precision_macro': 0.7436742060032067, 'precision_micro': 0.74131, 'precision_weighted': 0.7438095164793918, 'recall_macro': 0.7466122316752879, 'recall_micro': 0.74131, 'recall_weighted': 0.74131}
Validation statistic: Loss: 0.3339, dev_score: {'accuracy': 0.9111553124482016, 'balanced_accuracy': 0.909194319012629, 'f1_macro': 0.910158219162932, 'f1_micro': 0.9111553124482016, 'f1_weighted': 0.9111929647340518, 'precision_macro': 0.9123667946316312, 'precision_micro': 0.9111553124482016, 'precision_weighted': 0.9124503519652892, 'recall_macro': 0.909194319012629, 'recall_micro': 0.9111553124482016, 'recall_weighted': 0.9111553124482016}
Saving model...
Model saved!
-------------------------------------------
-----------------------
Epoch 4/100
Training statistic: Loss: 0.6933, train_score: {'accuracy': 0.74519, 'balanced_accuracy': 0.7506015997649048, 'f1_macro': 0.7479053250651948, 'f1_micro': 0.74519, 'f1_weighted': 0.745508705489968, 'precision_macro': 0.7472853746045031, 'precision_micro': 0.74519, 'precision_weighted': 0.7479529598404244, 'recall_macro': 0.7506015997649048, 'recall_micro': 0.74519, 'recall_weighted': 0.74519}
Validation statistic: Loss: 0.3191, dev_score: {'accuracy': 0.9136416376595392, 'balanced_accuracy': 0.9117949980398418, 'f1_macro': 0.9127826394481469, 'f1_micro': 0.9136416376595392, 'f1_weighted': 0.9137526417071697, 'precision_macro': 0.9152346044457473, 'precision_micro': 0.9136416376595392, 'precision_weighted': 0.9153136625307685, 'recall_macro': 0.9117949980398418, 'recall_micro': 0.9136416376595392, 'recall_weighted': 0.9136416376595392}
Saving model...
Model saved!
-------------------------------------------
-----------------------
Epoch 5/100
Training statistic: Loss: 0.6833, train_score: {'accuracy': 0.74688, 'balanced_accuracy': 0.7526686098237013, 'f1_macro': 0.7497752744877026, 'f1_micro': 0.74688, 'f1_weighted': 0.7472172196402055, 'precision_macro': 0.7507769101102582, 'precision_micro': 0.74688, 'precision_weighted': 0.7515585004446024, 'recall_macro': 0.7526686098237013, 'recall_micro': 0.74688, 'recall_weighted': 0.74688}
Validation statistic: Loss: 0.3095, dev_score: {'accuracy': 0.915299187800431, 'balanced_accuracy': 0.9133909206253165, 'f1_macro': 0.914579254033972, 'f1_micro': 0.915299187800431, 'f1_weighted': 0.9153989631348983, 'precision_macro': 0.9174329205568774, 'precision_micro': 0.915299187800431, 'precision_weighted': 0.9171241884419182, 'recall_macro': 0.9133909206253165, 'recall_micro': 0.915299187800431, 'recall_weighted': 0.915299187800431}
Saving model...
Model saved!
-------------------------------------------
-----------------------
Epoch 6/100
Training statistic: Loss: 0.6746, train_score: {'accuracy': 0.74976, 'balanced_accuracy': 0.756090728476025, 'f1_macro': 0.752421160519013, 'f1_micro': 0.74976, 'f1_weighted': 0.7500220971890095, 'precision_macro': 0.7522654242453019, 'precision_micro': 0.74976, 'precision_weighted': 0.753846216316236, 'recall_macro': 0.756090728476025, 'recall_micro': 0.74976, 'recall_weighted': 0.74976}
Validation statistic: Loss: 0.3017, dev_score: {'accuracy': 0.9206033482512846, 'balanced_accuracy': 0.918999073407717, 'f1_macro': 0.9200225078773026, 'f1_micro': 0.9206033482512846, 'f1_weighted': 0.9207028439370611, 'precision_macro': 0.9221100387740044, 'precision_micro': 0.9206033482512846, 'precision_weighted': 0.9218403873324845, 'recall_macro': 0.918999073407717, 'recall_micro': 0.9206033482512846, 'recall_weighted': 0.9206033482512846}
Saving model...
Model saved!
-------------------------------------------
-----------------------
Epoch 7/100
Training statistic: Loss: 0.6687, train_score: {'accuracy': 0.75292, 'balanced_accuracy': 0.7586494531391635, 'f1_macro': 0.7555160158225255, 'f1_micro': 0.75292, 'f1_weighted': 0.7531072293723159, 'precision_macro': 0.755005091990371, 'precision_micro': 0.75292, 'precision_weighted': 0.7559615593954976, 'recall_macro': 0.7586494531391635, 'recall_micro': 0.75292, 'recall_weighted': 0.75292}
Validation statistic: Loss: 0.3033, dev_score: {'accuracy': 0.9186142880822145, 'balanced_accuracy': 0.9170426232965401, 'f1_macro': 0.9179778658280483, 'f1_micro': 0.9186142880822145, 'f1_weighted': 0.9186967757795792, 'precision_macro': 0.9196357826312257, 'precision_micro': 0.9186142880822145, 'precision_weighted': 0.9194765442592931, 'recall_macro': 0.9170426232965401, 'recall_micro': 0.9186142880822145, 'recall_weighted': 0.9186142880822145}
-----------------------
Epoch 8/100
Training statistic: Loss: 0.6614, train_score: {'accuracy': 0.75512, 'balanced_accuracy': 0.7603543359721727, 'f1_macro': 0.7579176492661608, 'f1_micro': 0.75512, 'f1_weighted': 0.7555543032395408, 'precision_macro': 0.7579566444588117, 'precision_micro': 0.75512, 'precision_weighted': 0.7584848567305645, 'recall_macro': 0.7603543359721727, 'recall_micro': 0.75512, 'recall_weighted': 0.75512}
Validation statistic: Loss: 0.2985, dev_score: {'accuracy': 0.9182827780540361, 'balanced_accuracy': 0.9170100238413902, 'f1_macro': 0.9177588303694998, 'f1_micro': 0.9182827780540361, 'f1_weighted': 0.9184430690320992, 'precision_macro': 0.9199499146102148, 'precision_micro': 0.9182827780540361, 'precision_weighted': 0.9200513802544041, 'recall_macro': 0.9170100238413902, 'recall_micro': 0.9182827780540361, 'recall_weighted': 0.9182827780540361}
Saving model...
Model saved!
-------------------------------------------
-----------------------
Epoch 9/100
Training statistic: Loss: 0.6531, train_score: {'accuracy': 0.75878, 'balanced_accuracy': 0.7639689081259659, 'f1_macro': 0.7615001766940599, 'f1_micro': 0.75878, 'f1_weighted': 0.7591266583144232, 'precision_macro': 0.7613734031094908, 'precision_micro': 0.75878, 'precision_weighted': 0.7618652633166175, 'recall_macro': 0.7639689081259659, 'recall_micro': 0.75878, 'recall_weighted': 0.75878}
Validation statistic: Loss: 0.2933, dev_score: {'accuracy': 0.9211006132935521, 'balanced_accuracy': 0.9197034510646663, 'f1_macro': 0.9206560883222688, 'f1_micro': 0.9211006132935521, 'f1_weighted': 0.9212520319936245, 'precision_macro': 0.9226808708584023, 'precision_micro': 0.9211006132935521, 'precision_weighted': 0.9224615300122058, 'recall_macro': 0.9197034510646663, 'recall_micro': 0.9211006132935521, 'recall_weighted': 0.9211006132935521}
Saving model...
Model saved!
-------------------------------------------
-----------------------
Epoch 10/100
Training statistic: Loss: 0.6456, train_score: {'accuracy': 0.76181, 'balanced_accuracy': 0.7668315256949463, 'f1_macro': 0.7642508315861221, 'f1_micro': 0.76181, 'f1_weighted': 0.7620260867599402, 'precision_macro': 0.7639120779814823, 'precision_micro': 0.76181, 'precision_weighted': 0.7644803390999578, 'recall_macro': 0.7668315256949463, 'recall_micro': 0.76181, 'recall_weighted': 0.76181}
Validation statistic: Loss: 0.2885, dev_score: {'accuracy': 0.9215978783358196, 'balanced_accuracy': 0.9202734052990769, 'f1_macro': 0.9210243902313229, 'f1_micro': 0.9215978783358196, 'f1_weighted': 0.9215711733102596, 'precision_macro': 0.9223706277625728, 'precision_micro': 0.9215978783358196, 'precision_weighted': 0.9221177102400282, 'recall_macro': 0.9202734052990769, 'recall_micro': 0.9215978783358196, 'recall_weighted': 0.9215978783358196}
Saving model...
Model saved!
-------------------------------------------
-----------------------
Epoch 11/100
Training statistic: Loss: 0.6427, train_score: {'accuracy': 0.76173, 'balanced_accuracy': 0.7676356419199891, 'f1_macro': 0.7641147194138971, 'f1_micro': 0.76173, 'f1_weighted': 0.7618346048872792, 'precision_macro': 0.7626197993817927, 'precision_micro': 0.76173, 'precision_weighted': 0.763988607659076, 'recall_macro': 0.7676356419199891, 'recall_micro': 0.76173, 'recall_weighted': 0.76173}
Validation statistic: Loss: 0.2857, dev_score: {'accuracy': 0.9217636333499089, 'balanced_accuracy': 0.9204698089329086, 'f1_macro': 0.9212295440282465, 'f1_micro': 0.9217636333499089, 'f1_weighted': 0.9217042818018983, 'precision_macro': 0.9227495086148508, 'precision_micro': 0.9217636333499089, 'precision_weighted': 0.922393687363567, 'recall_macro': 0.9204698089329086, 'recall_micro': 0.9217636333499089, 'recall_weighted': 0.9217636333499089}
Saving model...
Model saved!
-------------------------------------------
-----------------------
Epoch 12/100
Training statistic: Loss: 0.6380, train_score: {'accuracy': 0.76277, 'balanced_accuracy': 0.768509390411667, 'f1_macro': 0.7652599533892099, 'f1_micro': 0.76277, 'f1_weighted': 0.7630419544650455, 'precision_macro': 0.7643905708130307, 'precision_micro': 0.76277, 'precision_weighted': 0.76569691510377, 'recall_macro': 0.768509390411667, 'recall_micro': 0.76277, 'recall_weighted': 0.76277}
Validation statistic: Loss: 0.2837, dev_score: {'accuracy': 0.922758163434444, 'balanced_accuracy': 0.921538471964191, 'f1_macro': 0.922168028824718, 'f1_micro': 0.922758163434444, 'f1_weighted': 0.9226854169789632, 'precision_macro': 0.9232980119035104, 'precision_micro': 0.922758163434444, 'precision_weighted': 0.9231067313566397, 'recall_macro': 0.921538471964191, 'recall_micro': 0.922758163434444, 'recall_weighted': 0.922758163434444}
Saving model...
Model saved!
-------------------------------------------
-----------------------
Epoch 13/100
Training statistic: Loss: 0.6326, train_score: {'accuracy': 0.76544, 'balanced_accuracy': 0.7707766429877215, 'f1_macro': 0.7677779915863165, 'f1_micro': 0.76544, 'f1_weighted': 0.7655473798738499, 'precision_macro': 0.7669946810600278, 'precision_micro': 0.76544, 'precision_weighted': 0.7678612715108225, 'recall_macro': 0.7707766429877215, 'recall_micro': 0.76544, 'recall_weighted': 0.76544}
Validation statistic: Loss: 0.2842, dev_score: {'accuracy': 0.9242499585612465, 'balanced_accuracy': 0.9230992881971736, 'f1_macro': 0.9237236235289101, 'f1_micro': 0.9242499585612465, 'f1_weighted': 0.9242132137794297, 'precision_macro': 0.924995832720399, 'precision_micro': 0.9242499585612465, 'precision_weighted': 0.9248250444583961, 'recall_macro': 0.9230992881971736, 'recall_micro': 0.9242499585612465, 'recall_weighted': 0.9242499585612465}
-----------------------
Epoch 14/100
Training statistic: Loss: 0.6268, train_score: {'accuracy': 0.76625, 'balanced_accuracy': 0.7715488199386478, 'f1_macro': 0.7684606111925026, 'f1_micro': 0.76625, 'f1_weighted': 0.766357416712407, 'precision_macro': 0.76759060663847, 'precision_micro': 0.76625, 'precision_weighted': 0.7686256766078597, 'recall_macro': 0.7715488199386478, 'recall_micro': 0.76625, 'recall_weighted': 0.76625}
Validation statistic: Loss: 0.2768, dev_score: {'accuracy': 0.9264047737444058, 'balanced_accuracy': 0.925163741893174, 'f1_macro': 0.9258974989158615, 'f1_micro': 0.9264047737444058, 'f1_weighted': 0.9264030475660276, 'precision_macro': 0.9273888492445046, 'precision_micro': 0.9264047737444058, 'precision_weighted': 0.9271498886669645, 'recall_macro': 0.925163741893174, 'recall_micro': 0.9264047737444058, 'recall_weighted': 0.9264047737444058}
Saving model...
Model saved!
-------------------------------------------
-----------------------
Epoch 15/100
Training statistic: Loss: 0.6290, train_score: {'accuracy': 0.76534, 'balanced_accuracy': 0.7710600330499994, 'f1_macro': 0.7680457955768212, 'f1_micro': 0.76534, 'f1_weighted': 0.7656744845867012, 'precision_macro': 0.7674244499006525, 'precision_micro': 0.76534, 'precision_weighted': 0.7684724771656799, 'recall_macro': 0.7710600330499994, 'recall_micro': 0.76534, 'recall_weighted': 0.76534}
Validation statistic: Loss: 0.2813, dev_score: {'accuracy': 0.9270677938007624, 'balanced_accuracy': 0.9259863718707153, 'f1_macro': 0.9266818172770013, 'f1_micro': 0.9270677938007624, 'f1_weighted': 0.9271191756689379, 'precision_macro': 0.9279092128620332, 'precision_micro': 0.9270677938007624, 'precision_weighted': 0.9276968321626461, 'recall_macro': 0.9259863718707153, 'recall_micro': 0.9270677938007624, 'recall_weighted': 0.9270677938007624}
-----------------------
Epoch 16/100
Training statistic: Loss: 0.6212, train_score: {'accuracy': 0.76772, 'balanced_accuracy': 0.7728672419527383, 'f1_macro': 0.7702544463592752, 'f1_micro': 0.76772, 'f1_weighted': 0.767900448048012, 'precision_macro': 0.7696895496826712, 'precision_micro': 0.76772, 'precision_weighted': 0.7701044116141098, 'recall_macro': 0.7728672419527383, 'recall_micro': 0.76772, 'recall_weighted': 0.76772}
Validation statistic: Loss: 0.2761, dev_score: {'accuracy': 0.926570528758495, 'balanced_accuracy': 0.9254312256716192, 'f1_macro': 0.9262083357631911, 'f1_micro': 0.926570528758495, 'f1_weighted': 0.9266505798871162, 'precision_macro': 0.9278678096147462, 'precision_micro': 0.926570528758495, 'precision_weighted': 0.9275992587406662, 'recall_macro': 0.9254312256716192, 'recall_micro': 0.926570528758495, 'recall_weighted': 0.926570528758495}
Saving model...
Model saved!
-------------------------------------------
-----------------------
Epoch 17/100
Training statistic: Loss: 0.6152, train_score: {'accuracy': 0.77061, 'balanced_accuracy': 0.7756122842153222, 'f1_macro': 0.7730248861042004, 'f1_micro': 0.77061, 'f1_weighted': 0.7708553584413308, 'precision_macro': 0.7719471029434407, 'precision_micro': 0.77061, 'precision_weighted': 0.7726155032754961, 'recall_macro': 0.7756122842153222, 'recall_micro': 0.77061, 'recall_weighted': 0.77061}
Validation statistic: Loss: 0.2734, dev_score: {'accuracy': 0.9282280788993867, 'balanced_accuracy': 0.9272692522301715, 'f1_macro': 0.927839447783823, 'f1_micro': 0.9282280788993867, 'f1_weighted': 0.928235026411593, 'precision_macro': 0.9289552216565602, 'precision_micro': 0.9282280788993867, 'precision_weighted': 0.9287954975802813, 'recall_macro': 0.9272692522301715, 'recall_micro': 0.9282280788993867, 'recall_weighted': 0.9282280788993867}
Saving model...
Model saved!
-------------------------------------------
-----------------------
Epoch 18/100
Training statistic: Loss: 0.6132, train_score: {'accuracy': 0.77095, 'balanced_accuracy': 0.7757678919557361, 'f1_macro': 0.7732161422509061, 'f1_micro': 0.77095, 'f1_weighted': 0.7711725752047178, 'precision_macro': 0.7729708940859519, 'precision_micro': 0.77095, 'precision_weighted': 0.7736063899771157, 'recall_macro': 0.7757678919557361, 'recall_micro': 0.77095, 'recall_weighted': 0.77095}
Validation statistic: Loss: 0.2724, dev_score: {'accuracy': 0.9278965688712083, 'balanced_accuracy': 0.9269665360090789, 'f1_macro': 0.9276309375712362, 'f1_micro': 0.9278965688712083, 'f1_weighted': 0.9279992030101192, 'precision_macro': 0.9288337153932996, 'precision_micro': 0.9278965688712083, 'precision_weighted': 0.928643287550559, 'recall_macro': 0.9269665360090789, 'recall_micro': 0.9278965688712083, 'recall_weighted': 0.9278965688712083}
Saving model...
Model saved!
-------------------------------------------
-----------------------
Epoch 19/100
Training statistic: Loss: 0.6147, train_score: {'accuracy': 0.7719, 'balanced_accuracy': 0.7767187667725887, 'f1_macro': 0.7740673715827413, 'f1_micro': 0.7719, 'f1_weighted': 0.7719713662632821, 'precision_macro': 0.7730492630689556, 'precision_micro': 0.7719, 'precision_weighted': 0.773621376131074, 'recall_macro': 0.7767187667725887, 'recall_micro': 0.7719, 'recall_weighted': 0.7719}
Validation statistic: Loss: 0.2761, dev_score: {'accuracy': 0.9280623238852975, 'balanced_accuracy': 0.9270613762618922, 'f1_macro': 0.9276724445336928, 'f1_micro': 0.9280623238852975, 'f1_weighted': 0.928033725498447, 'precision_macro': 0.928896851654377, 'precision_micro': 0.9280623238852975, 'precision_weighted': 0.9286203549180194, 'recall_macro': 0.9270613762618922, 'recall_micro': 0.9280623238852975, 'recall_weighted': 0.9280623238852975}
-----------------------
Epoch 20/100
Training statistic: Loss: 0.6124, train_score: {'accuracy': 0.77176, 'balanced_accuracy': 0.777555606602637, 'f1_macro': 0.7741279936293669, 'f1_micro': 0.77176, 'f1_weighted': 0.7719605461208571, 'precision_macro': 0.7733268025065091, 'precision_micro': 0.77176, 'precision_weighted': 0.7747514442653148, 'recall_macro': 0.777555606602637, 'recall_micro': 0.77176, 'recall_weighted': 0.77176}
Validation statistic: Loss: 0.2750, dev_score: {'accuracy': 0.9272335488148516, 'balanced_accuracy': 0.9259847141973607, 'f1_macro': 0.926755642660343, 'f1_micro': 0.9272335488148516, 'f1_weighted': 0.9272493190060472, 'precision_macro': 0.9285212180832154, 'precision_micro': 0.9272335488148516, 'precision_weighted': 0.9282502490875928, 'recall_macro': 0.9259847141973607, 'recall_micro': 0.9272335488148516, 'recall_weighted': 0.9272335488148516}
-----------------------
Epoch 21/100
Training statistic: Loss: 0.6100, train_score: {'accuracy': 0.77334, 'balanced_accuracy': 0.7781300892178492, 'f1_macro': 0.7754913204680554, 'f1_micro': 0.77334, 'f1_weighted': 0.7733896731907401, 'precision_macro': 0.7749509508535312, 'precision_micro': 0.77334, 'precision_weighted': 0.7754126715210605, 'recall_macro': 0.7781300892178492, 'recall_micro': 0.77334, 'recall_weighted': 0.77334}
Validation statistic: Loss: 0.2759, dev_score: {'accuracy': 0.9277308138571192, 'balanced_accuracy': 0.92671707354788, 'f1_macro': 0.9273097800715242, 'f1_micro': 0.9277308138571192, 'f1_weighted': 0.927728195547485, 'precision_macro': 0.9286737590178007, 'precision_micro': 0.9277308138571192, 'precision_weighted': 0.9284930593775402, 'recall_macro': 0.92671707354788, 'recall_micro': 0.9277308138571192, 'recall_weighted': 0.9277308138571192}
-----------------------
Epoch 22/100
Training statistic: Loss: 0.6062, train_score: {'accuracy': 0.77336, 'balanced_accuracy': 0.7783484572114616, 'f1_macro': 0.7754248768041466, 'f1_micro': 0.77336, 'f1_weighted': 0.7733716676014314, 'precision_macro': 0.774116548070209, 'precision_micro': 0.77336, 'precision_weighted': 0.774890764853732, 'recall_macro': 0.7783484572114616, 'recall_micro': 0.77336, 'recall_weighted': 0.77336}
Validation statistic: Loss: 0.2731, dev_score: {'accuracy': 0.9288910989557434, 'balanced_accuracy': 0.9278161499087163, 'f1_macro': 0.9282621058612675, 'f1_micro': 0.9288910989557434, 'f1_weighted': 0.9288080205945215, 'precision_macro': 0.929272958609095, 'precision_micro': 0.9288910989557434, 'precision_weighted': 0.9292882617030753, 'recall_macro': 0.9278161499087163, 'recall_micro': 0.9288910989557434, 'recall_weighted': 0.9288910989557434}
-----------------------
Epoch 23/100
Training statistic: Loss: 0.6042, train_score: {'accuracy': 0.77567, 'balanced_accuracy': 0.7808018952764576, 'f1_macro': 0.7777752200341956, 'f1_micro': 0.77567, 'f1_weighted': 0.7757282812193683, 'precision_macro': 0.7762828278059091, 'precision_micro': 0.77567, 'precision_weighted': 0.7772557301736528, 'recall_macro': 0.7808018952764576, 'recall_micro': 0.77567, 'recall_weighted': 0.77567}
Validation statistic: Loss: 0.2712, dev_score: {'accuracy': 0.9290568539698326, 'balanced_accuracy': 0.928112932381775, 'f1_macro': 0.9285660747246182, 'f1_micro': 0.9290568539698326, 'f1_weighted': 0.9289665598409973, 'precision_macro': 0.9294406688145974, 'precision_micro': 0.9290568539698326, 'precision_weighted': 0.9292978724182697, 'recall_macro': 0.928112932381775, 'recall_micro': 0.9290568539698326, 'recall_weighted': 0.9290568539698326}
Saving model...
Model saved!
-------------------------------------------
-----------------------
Epoch 24/100
Training statistic: Loss: 0.6014, train_score: {'accuracy': 0.77502, 'balanced_accuracy': 0.7797466116198803, 'f1_macro': 0.7773372053063435, 'f1_micro': 0.77502, 'f1_weighted': 0.7752347532036209, 'precision_macro': 0.776566113961904, 'precision_micro': 0.77502, 'precision_weighted': 0.7770436298073792, 'recall_macro': 0.7797466116198803, 'recall_micro': 0.77502, 'recall_weighted': 0.77502}
Validation statistic: Loss: 0.2717, dev_score: {'accuracy': 0.9269020387866733, 'balanced_accuracy': 0.9258959842380206, 'f1_macro': 0.9264326000566683, 'f1_micro': 0.9269020387866733, 'f1_weighted': 0.9269184540690466, 'precision_macro': 0.9276753269245198, 'precision_micro': 0.9269020387866733, 'precision_weighted': 0.9276344773765292, 'recall_macro': 0.9258959842380206, 'recall_micro': 0.9269020387866733, 'recall_weighted': 0.9269020387866733}
-----------------------
Epoch 25/100
Training statistic: Loss: 0.6027, train_score: {'accuracy': 0.77605, 'balanced_accuracy': 0.7810469937865414, 'f1_macro': 0.7782805177688267, 'f1_micro': 0.77605, 'f1_weighted': 0.7761516940822347, 'precision_macro': 0.777210542396149, 'precision_micro': 0.77605, 'precision_weighted': 0.777906216681411, 'recall_macro': 0.7810469937865414, 'recall_micro': 0.77605, 'recall_weighted': 0.77605}
Validation statistic: Loss: 0.2699, dev_score: {'accuracy': 0.9292226089839217, 'balanced_accuracy': 0.9283539086550119, 'f1_macro': 0.928691634026991, 'f1_micro': 0.9292226089839217, 'f1_weighted': 0.9291430278044117, 'precision_macro': 0.9292638339916875, 'precision_micro': 0.9292226089839217, 'precision_weighted': 0.9292966022412826, 'recall_macro': 0.9283539086550119, 'recall_micro': 0.9292226089839217, 'recall_weighted': 0.9292226089839217}
Saving model...
Model saved!
-------------------------------------------
-----------------------
Epoch 26/100
Training statistic: Loss: 0.6002, train_score: {'accuracy': 0.7764, 'balanced_accuracy': 0.7816905790389862, 'f1_macro': 0.7787149759265954, 'f1_micro': 0.7764, 'f1_weighted': 0.7766488346295918, 'precision_macro': 0.7779341527326517, 'precision_micro': 0.7764, 'precision_weighted': 0.7790957483366011, 'recall_macro': 0.7816905790389862, 'recall_micro': 0.7764, 'recall_weighted': 0.7764}
Validation statistic: Loss: 0.2704, dev_score: {'accuracy': 0.9295541190121002, 'balanced_accuracy': 0.928457290770727, 'f1_macro': 0.9291734517309728, 'f1_micro': 0.9295541190121002, 'f1_weighted': 0.9295791679549551, 'precision_macro': 0.9307005901277663, 'precision_micro': 0.9295541190121002, 'precision_weighted': 0.930404428668652, 'recall_macro': 0.928457290770727, 'recall_micro': 0.9295541190121002, 'recall_weighted': 0.9295541190121002}
-----------------------
Epoch 27/100
Training statistic: Loss: 0.5972, train_score: {'accuracy': 0.77776, 'balanced_accuracy': 0.7830300049219063, 'f1_macro': 0.7802647187503776, 'f1_micro': 0.77776, 'f1_weighted': 0.7780577344954545, 'precision_macro': 0.7796068088422103, 'precision_micro': 0.77776, 'precision_weighted': 0.780524932759245, 'recall_macro': 0.7830300049219063, 'recall_micro': 0.77776, 'recall_weighted': 0.77776}
Validation statistic: Loss: 0.2665, dev_score: {'accuracy': 0.9300513840543676, 'balanced_accuracy': 0.9292156630388158, 'f1_macro': 0.9297847925863794, 'f1_micro': 0.9300513840543676, 'f1_weighted': 0.9301193922813418, 'precision_macro': 0.9309191368106088, 'precision_micro': 0.9300513840543676, 'precision_weighted': 0.9307498735012609, 'recall_macro': 0.9292156630388158, 'recall_micro': 0.9300513840543676, 'recall_weighted': 0.9300513840543676}
Saving model...
Model saved!
-------------------------------------------
-----------------------
Epoch 28/100
Training statistic: Loss: 0.5954, train_score: {'accuracy': 0.77741, 'balanced_accuracy': 0.7829511516292349, 'f1_macro': 0.7797598937096293, 'f1_micro': 0.77741, 'f1_weighted': 0.7775618459980671, 'precision_macro': 0.778320384819181, 'precision_micro': 0.77741, 'precision_weighted': 0.7794728185897766, 'recall_macro': 0.7829511516292349, 'recall_micro': 0.77741, 'recall_weighted': 0.77741}
Validation statistic: Loss: 0.2645, dev_score: {'accuracy': 0.9328692192938837, 'balanced_accuracy': 0.9321297846990483, 'f1_macro': 0.9323962366112415, 'f1_micro': 0.9328692192938837, 'f1_weighted': 0.932780889397288, 'precision_macro': 0.932865237521735, 'precision_micro': 0.9328692192938837, 'precision_weighted': 0.9328946555710097, 'recall_macro': 0.9321297846990483, 'recall_micro': 0.9328692192938837, 'recall_weighted': 0.9328692192938837}
Saving model...
Model saved!
-------------------------------------------
-----------------------
Epoch 29/100
Training statistic: Loss: 0.5965, train_score: {'accuracy': 0.77742, 'balanced_accuracy': 0.782389279547598, 'f1_macro': 0.7796516289555034, 'f1_micro': 0.77742, 'f1_weighted': 0.7775335208260866, 'precision_macro': 0.7788697201246169, 'precision_micro': 0.77742, 'precision_weighted': 0.7795251947224922, 'recall_macro': 0.782389279547598, 'recall_micro': 0.77742, 'recall_weighted': 0.77742}
Validation statistic: Loss: 0.2687, dev_score: {'accuracy': 0.9307144041107244, 'balanced_accuracy': 0.929760229162164, 'f1_macro': 0.9304331752771805, 'f1_micro': 0.9307144041107244, 'f1_weighted': 0.9307824522793525, 'precision_macro': 0.9316912434454269, 'precision_micro': 0.9307144041107244, 'precision_weighted': 0.9314274403751058, 'recall_macro': 0.929760229162164, 'recall_micro': 0.9307144041107244, 'recall_weighted': 0.9307144041107244}
-----------------------
Epoch 30/100
Training statistic: Loss: 0.5911, train_score: {'accuracy': 0.77843, 'balanced_accuracy': 0.7837732980514213, 'f1_macro': 0.7808478657442235, 'f1_micro': 0.77843, 'f1_weighted': 0.7786815420056735, 'precision_macro': 0.7799435442368751, 'precision_micro': 0.77843, 'precision_weighted': 0.7809393882105725, 'recall_macro': 0.7837732980514213, 'recall_micro': 0.77843, 'recall_weighted': 0.77843}
Validation statistic: Loss: 0.2637, dev_score: {'accuracy': 0.9310459141389027, 'balanced_accuracy': 0.9300920101451228, 'f1_macro': 0.9307744890309229, 'f1_micro': 0.9310459141389027, 'f1_weighted': 0.9310669151429661, 'precision_macro': 0.9320847324453941, 'precision_micro': 0.9310459141389027, 'precision_weighted': 0.9317207252480645, 'recall_macro': 0.9300920101451228, 'recall_micro': 0.9310459141389027, 'recall_weighted': 0.9310459141389027}
Saving model...
Model saved!
-------------------------------------------
-----------------------
Epoch 31/100
Training statistic: Loss: 0.5889, train_score: {'accuracy': 0.78015, 'balanced_accuracy': 0.7849422165438519, 'f1_macro': 0.7825659788868036, 'f1_micro': 0.78015, 'f1_weighted': 0.780471844021934, 'precision_macro': 0.7819654274212251, 'precision_micro': 0.78015, 'precision_weighted': 0.7826190911254738, 'recall_macro': 0.7849422165438519, 'recall_micro': 0.78015, 'recall_weighted': 0.78015}
Validation statistic: Loss: 0.2663, dev_score: {'accuracy': 0.9269020387866733, 'balanced_accuracy': 0.9258939412052214, 'f1_macro': 0.9265675116911567, 'f1_micro': 0.9269020387866733, 'f1_weighted': 0.9269702387654529, 'precision_macro': 0.9278249315852578, 'precision_micro': 0.9269020387866733, 'precision_weighted': 0.9276173165881977, 'recall_macro': 0.9258939412052214, 'recall_micro': 0.9269020387866733, 'recall_weighted': 0.9269020387866733}
-----------------------
Epoch 32/100
Training statistic: Loss: 0.5868, train_score: {'accuracy': 0.78192, 'balanced_accuracy': 0.7868526734512303, 'f1_macro': 0.7840119657168514, 'f1_micro': 0.78192, 'f1_weighted': 0.7820044034882543, 'precision_macro': 0.7823936169035167, 'precision_micro': 0.78192, 'precision_weighted': 0.7832517882098807, 'recall_macro': 0.7868526734512303, 'recall_micro': 0.78192, 'recall_weighted': 0.78192}
Validation statistic: Loss: 0.2645, dev_score: {'accuracy': 0.9322061992375269, 'balanced_accuracy': 0.9315029896881318, 'f1_macro': 0.9316788870548507, 'f1_micro': 0.9322061992375269, 'f1_weighted': 0.9321148722811389, 'precision_macro': 0.932150270913886, 'precision_micro': 0.9322061992375269, 'precision_weighted': 0.9323261923265822, 'recall_macro': 0.9315029896881318, 'recall_micro': 0.9322061992375269, 'recall_weighted': 0.9322061992375269}
-----------------------
Epoch 33/100
Training statistic: Loss: 0.5876, train_score: {'accuracy': 0.78073, 'balanced_accuracy': 0.7859347176637858, 'f1_macro': 0.7832316515868871, 'f1_micro': 0.78073, 'f1_weighted': 0.7810546867653, 'precision_macro': 0.7826843191791557, 'precision_micro': 0.78073, 'precision_weighted': 0.7835713001809284, 'recall_macro': 0.7859347176637858, 'recall_micro': 0.78073, 'recall_weighted': 0.78073}
Validation statistic: Loss: 0.2655, dev_score: {'accuracy': 0.9298856290402785, 'balanced_accuracy': 0.9290096223281189, 'f1_macro': 0.9295723915675935, 'f1_micro': 0.9298856290402785, 'f1_weighted': 0.9299466365908142, 'precision_macro': 0.9307772302149967, 'precision_micro': 0.9298856290402785, 'precision_weighted': 0.9306533949238692, 'recall_macro': 0.9290096223281189, 'recall_micro': 0.9298856290402785, 'recall_weighted': 0.9298856290402785}
-----------------------
Epoch 34/100
Training statistic: Loss: 0.5846, train_score: {'accuracy': 0.78178, 'balanced_accuracy': 0.7865629168274099, 'f1_macro': 0.7839066990790747, 'f1_micro': 0.78178, 'f1_weighted': 0.7818741965030168, 'precision_macro': 0.7831621946665948, 'precision_micro': 0.78178, 'precision_weighted': 0.7838324701059354, 'recall_macro': 0.7865629168274099, 'recall_micro': 0.78178, 'recall_weighted': 0.78178}
Validation statistic: Loss: 0.2638, dev_score: {'accuracy': 0.9297198740261893, 'balanced_accuracy': 0.9288594972385082, 'f1_macro': 0.9293283348017167, 'f1_micro': 0.9297198740261893, 'f1_weighted': 0.9297462809921, 'precision_macro': 0.9301426157093298, 'precision_micro': 0.9297198740261893, 'precision_weighted': 0.9301116307996916, 'recall_macro': 0.9288594972385082, 'recall_micro': 0.9297198740261893, 'recall_weighted': 0.9297198740261893}
-----------------------
Epoch 35/100
Training statistic: Loss: 0.5826, train_score: {'accuracy': 0.78297, 'balanced_accuracy': 0.787640831941254, 'f1_macro': 0.7852189288118556, 'f1_micro': 0.78297, 'f1_weighted': 0.7830885158712031, 'precision_macro': 0.7841526435171253, 'precision_micro': 0.78297, 'precision_weighted': 0.7845558013353991, 'recall_macro': 0.787640831941254, 'recall_micro': 0.78297, 'recall_weighted': 0.78297}
Validation statistic: Loss: 0.2639, dev_score: {'accuracy': 0.9302171390684568, 'balanced_accuracy': 0.9292940672475545, 'f1_macro': 0.9297294007912151, 'f1_micro': 0.9302171390684568, 'f1_weighted': 0.9301722433794128, 'precision_macro': 0.9305019597865007, 'precision_micro': 0.9302171390684568, 'precision_weighted': 0.9304616825668118, 'recall_macro': 0.9292940672475545, 'recall_micro': 0.9302171390684568, 'recall_weighted': 0.9302171390684568}
-----------------------
Epoch 36/100
Training statistic: Loss: 0.5801, train_score: {'accuracy': 0.78378, 'balanced_accuracy': 0.7880268348852817, 'f1_macro': 0.7858467709263914, 'f1_micro': 0.78378, 'f1_weighted': 0.7839825670798846, 'precision_macro': 0.7849024383292272, 'precision_micro': 0.78378, 'precision_weighted': 0.7853539775329189, 'recall_macro': 0.7880268348852817, 'recall_micro': 0.78378, 'recall_weighted': 0.78378}
Validation statistic: Loss: 0.2615, dev_score: {'accuracy': 0.9297198740261893, 'balanced_accuracy': 0.9288545123666474, 'f1_macro': 0.9292436157504028, 'f1_micro': 0.9297198740261893, 'f1_weighted': 0.9296487311136968, 'precision_macro': 0.9301190380184595, 'precision_micro': 0.9297198740261893, 'precision_weighted': 0.9300672698886251, 'recall_macro': 0.9288545123666474, 'recall_micro': 0.9297198740261893, 'recall_weighted': 0.9297198740261893}
Saving model...
Model saved!
-------------------------------------------
-----------------------
Epoch 37/100
Training statistic: Loss: 0.5788, train_score: {'accuracy': 0.78439, 'balanced_accuracy': 0.7883495886038923, 'f1_macro': 0.786370551569188, 'f1_micro': 0.78439, 'f1_weighted': 0.7845066547236913, 'precision_macro': 0.7854374352756122, 'precision_micro': 0.78439, 'precision_weighted': 0.7856079772642427, 'recall_macro': 0.7883495886038923, 'recall_micro': 0.78439, 'recall_weighted': 0.78439}
Validation statistic: Loss: 0.2641, dev_score: {'accuracy': 0.9297198740261893, 'balanced_accuracy': 0.9288746232767696, 'f1_macro': 0.9291931536696305, 'f1_micro': 0.9297198740261893, 'f1_weighted': 0.9296362017762837, 'precision_macro': 0.9299547370153626, 'precision_micro': 0.9297198740261893, 'precision_weighted': 0.9299974134914374, 'recall_macro': 0.9288746232767696, 'recall_micro': 0.9297198740261893, 'recall_weighted': 0.9297198740261893}
-----------------------
Epoch 38/100
Training statistic: Loss: 0.5829, train_score: {'accuracy': 0.78211, 'balanced_accuracy': 0.7872686818460822, 'f1_macro': 0.7846040416108228, 'f1_micro': 0.78211, 'f1_weighted': 0.7824447699312325, 'precision_macro': 0.784146635141741, 'precision_micro': 0.78211, 'precision_weighted': 0.785041793561361, 'recall_macro': 0.7872686818460822, 'recall_micro': 0.78211, 'recall_weighted': 0.78211}
Validation statistic: Loss: 0.2631, dev_score: {'accuracy': 0.9302171390684568, 'balanced_accuracy': 0.929431558926815, 'f1_macro': 0.9300317905306258, 'f1_micro': 0.9302171390684568, 'f1_weighted': 0.9302837958843342, 'precision_macro': 0.9311988151119053, 'precision_micro': 0.9302171390684568, 'precision_weighted': 0.9309226850154603, 'recall_macro': 0.929431558926815, 'recall_micro': 0.9302171390684568, 'recall_weighted': 0.9302171390684568}
-----------------------
Epoch 39/100
Training statistic: Loss: 0.5770, train_score: {'accuracy': 0.78407, 'balanced_accuracy': 0.7887778072670827, 'f1_macro': 0.7862042712821598, 'f1_micro': 0.78407, 'f1_weighted': 0.784243237138417, 'precision_macro': 0.7850134245307935, 'precision_micro': 0.78407, 'precision_weighted': 0.7857796129916316, 'recall_macro': 0.7887778072670827, 'recall_micro': 0.78407, 'recall_weighted': 0.78407}
Validation statistic: Loss: 0.2611, dev_score: {'accuracy': 0.9305486490966351, 'balanced_accuracy': 0.9296402435304272, 'f1_macro': 0.9302016728137822, 'f1_micro': 0.9305486490966351, 'f1_weighted': 0.930535288743421, 'precision_macro': 0.9312832285893304, 'precision_micro': 0.9305486490966351, 'precision_weighted': 0.9310431375393879, 'recall_macro': 0.9296402435304272, 'recall_micro': 0.9305486490966351, 'recall_weighted': 0.9305486490966351}
Saving model...
Model saved!
-------------------------------------------
-----------------------
Epoch 40/100
Training statistic: Loss: 0.5793, train_score: {'accuracy': 0.78442, 'balanced_accuracy': 0.7889101755508936, 'f1_macro': 0.7867590737264502, 'f1_micro': 0.78442, 'f1_weighted': 0.7846752310985782, 'precision_macro': 0.7864644410018466, 'precision_micro': 0.78442, 'precision_weighted': 0.7867614118970826, 'recall_macro': 0.7889101755508936, 'recall_micro': 0.78442, 'recall_weighted': 0.78442}
Validation statistic: Loss: 0.2633, dev_score: {'accuracy': 0.9312116691529919, 'balanced_accuracy': 0.9302501140284596, 'f1_macro': 0.9308850740238152, 'f1_micro': 0.9312116691529919, 'f1_weighted': 0.9312926225689643, 'precision_macro': 0.9321160880271426, 'precision_micro': 0.9312116691529919, 'precision_weighted': 0.9319685906131802, 'recall_macro': 0.9302501140284596, 'recall_micro': 0.9312116691529919, 'recall_weighted': 0.9312116691529919}
-----------------------
Epoch 41/100
Training statistic: Loss: 0.5758, train_score: {'accuracy': 0.78454, 'balanced_accuracy': 0.7894628437128617, 'f1_macro': 0.7866275393277824, 'f1_micro': 0.78454, 'f1_weighted': 0.7846492095468531, 'precision_macro': 0.7856212343216697, 'precision_micro': 0.78454, 'precision_weighted': 0.7865642918727709, 'recall_macro': 0.7894628437128617, 'recall_micro': 0.78454, 'recall_weighted': 0.78454}
Validation statistic: Loss: 0.2589, dev_score: {'accuracy': 0.9318746892093486, 'balanced_accuracy': 0.9310276068599984, 'f1_macro': 0.931538107679542, 'f1_micro': 0.9318746892093486, 'f1_weighted': 0.9319026680033804, 'precision_macro': 0.9326113493871653, 'precision_micro': 0.9318746892093486, 'precision_weighted': 0.9324955912806623, 'recall_macro': 0.9310276068599984, 'recall_micro': 0.9318746892093486, 'recall_weighted': 0.9318746892093486}
Saving model...
Model saved!
-------------------------------------------
-----------------------
Epoch 42/100
Training statistic: Loss: 0.5754, train_score: {'accuracy': 0.78452, 'balanced_accuracy': 0.7901958266046115, 'f1_macro': 0.7868575970855595, 'f1_micro': 0.78452, 'f1_weighted': 0.7847772744088952, 'precision_macro': 0.7857757077273411, 'precision_micro': 0.78452, 'precision_weighted': 0.7873008889849888, 'recall_macro': 0.7901958266046115, 'recall_micro': 0.78452, 'recall_weighted': 0.78452}
Validation statistic: Loss: 0.2586, dev_score: {'accuracy': 0.9308801591248135, 'balanced_accuracy': 0.9299583100983855, 'f1_macro': 0.9303853964003462, 'f1_micro': 0.9308801591248135, 'f1_weighted': 0.930845116996156, 'precision_macro': 0.9312514871076061, 'precision_micro': 0.9308801591248135, 'precision_weighted': 0.9312533003672727, 'recall_macro': 0.9299583100983855, 'recall_micro': 0.9308801591248135, 'recall_weighted': 0.9308801591248135}
Saving model...
Model saved!
-------------------------------------------
-----------------------
Epoch 43/100
Training statistic: Loss: 0.5732, train_score: {'accuracy': 0.78591, 'balanced_accuracy': 0.790241079228817, 'f1_macro': 0.7882609230359088, 'f1_micro': 0.78591, 'f1_weighted': 0.7861564584362246, 'precision_macro': 0.7876297126792304, 'precision_micro': 0.78591, 'precision_weighted': 0.7877687315689461, 'recall_macro': 0.790241079228817, 'recall_micro': 0.78591, 'recall_weighted': 0.78591}
Validation statistic: Loss: 0.2612, dev_score: {'accuracy': 0.9290568539698326, 'balanced_accuracy': 0.92821479630288, 'f1_macro': 0.9287283735115656, 'f1_micro': 0.9290568539698326, 'f1_weighted': 0.9290649547202887, 'precision_macro': 0.9298361937961597, 'precision_micro': 0.9290568539698326, 'precision_weighted': 0.9296713395646854, 'recall_macro': 0.92821479630288, 'recall_micro': 0.9290568539698326, 'recall_weighted': 0.9290568539698326}
-----------------------
Epoch 44/100
Training statistic: Loss: 0.5705, train_score: {'accuracy': 0.7873, 'balanced_accuracy': 0.7916672825309645, 'f1_macro': 0.7893024031947066, 'f1_micro': 0.7873, 'f1_weighted': 0.7873425039647899, 'precision_macro': 0.7881941768561275, 'precision_micro': 0.7873, 'precision_weighted': 0.7885933497387324, 'recall_macro': 0.7916672825309645, 'recall_micro': 0.7873, 'recall_weighted': 0.7873}
Validation statistic: Loss: 0.2589, dev_score: {'accuracy': 0.9310459141389027, 'balanced_accuracy': 0.9302237646446729, 'f1_macro': 0.9307028684444557, 'f1_micro': 0.9310459141389027, 'f1_weighted': 0.931054180634066, 'precision_macro': 0.9317405349959005, 'precision_micro': 0.9310459141389027, 'precision_weighted': 0.9316224121875655, 'recall_macro': 0.9302237646446729, 'recall_micro': 0.9310459141389027, 'recall_weighted': 0.9310459141389027}
-----------------------
Epoch 45/100
Training statistic: Loss: 0.5704, train_score: {'accuracy': 0.78642, 'balanced_accuracy': 0.7910859302844606, 'f1_macro': 0.788428785963879, 'f1_micro': 0.78642, 'f1_weighted': 0.7864977822210215, 'precision_macro': 0.7875742894101775, 'precision_micro': 0.78642, 'precision_weighted': 0.7882875314909432, 'recall_macro': 0.7910859302844606, 'recall_micro': 0.78642, 'recall_weighted': 0.78642}
Validation statistic: Loss: 0.2588, dev_score: {'accuracy': 0.929388363998011, 'balanced_accuracy': 0.9285852984603291, 'f1_macro': 0.9289961758555778, 'f1_micro': 0.929388363998011, 'f1_weighted': 0.929390165780943, 'precision_macro': 0.9298932467552097, 'precision_micro': 0.929388363998011, 'precision_weighted': 0.9298766826089061, 'recall_macro': 0.9285852984603291, 'recall_micro': 0.929388363998011, 'recall_weighted': 0.929388363998011}
-----------------------
Epoch 46/100
Training statistic: Loss: 0.5706, train_score: {'accuracy': 0.78601, 'balanced_accuracy': 0.7908746708747872, 'f1_macro': 0.788091393453157, 'f1_micro': 0.78601, 'f1_weighted': 0.7861904392371908, 'precision_macro': 0.7870735615718099, 'precision_micro': 0.78601, 'precision_weighted': 0.7880413916144037, 'recall_macro': 0.7908746708747872, 'recall_micro': 0.78601, 'recall_weighted': 0.78601}
Validation statistic: Loss: 0.2603, dev_score: {'accuracy': 0.9315431791811702, 'balanced_accuracy': 0.9306570557357808, 'f1_macro': 0.9311232179591593, 'f1_micro': 0.9315431791811702, 'f1_weighted': 0.9315557194118672, 'precision_macro': 0.9320540368820893, 'precision_micro': 0.9315431791811702, 'precision_weighted': 0.9320308428437573, 'recall_macro': 0.9306570557357808, 'recall_micro': 0.9315431791811702, 'recall_weighted': 0.9315431791811702}
-----------------------
Epoch 47/100
Training statistic: Loss: 0.5671, train_score: {'accuracy': 0.78789, 'balanced_accuracy': 0.7923478536100579, 'f1_macro': 0.7900953618361928, 'f1_micro': 0.78789, 'f1_weighted': 0.7880352363538132, 'precision_macro': 0.7887799870065114, 'precision_micro': 0.78789, 'precision_weighted': 0.7891389982087126, 'recall_macro': 0.7923478536100579, 'recall_micro': 0.78789, 'recall_weighted': 0.78789}
Validation statistic: Loss: 0.2594, dev_score: {'accuracy': 0.9302171390684568, 'balanced_accuracy': 0.9294501947306598, 'f1_macro': 0.9298100392771556, 'f1_micro': 0.9302171390684568, 'f1_weighted': 0.9301775515965661, 'precision_macro': 0.9305861131686477, 'precision_micro': 0.9302171390684568, 'precision_weighted': 0.9305642767543834, 'recall_macro': 0.9294501947306598, 'recall_micro': 0.9302171390684568, 'recall_weighted': 0.9302171390684568}
-----------------------
Epoch 48/100
Training statistic: Loss: 0.5652, train_score: {'accuracy': 0.78837, 'balanced_accuracy': 0.7929992624738602, 'f1_macro': 0.7904672465236336, 'f1_micro': 0.78837, 'f1_weighted': 0.7884510090904183, 'precision_macro': 0.7893328426682473, 'precision_micro': 0.78837, 'precision_weighted': 0.7899156092751262, 'recall_macro': 0.7929992624738602, 'recall_micro': 0.78837, 'recall_weighted': 0.78837}
Validation statistic: Loss: 0.2564, dev_score: {'accuracy': 0.931377424167081, 'balanced_accuracy': 0.9304866861864525, 'f1_macro': 0.9310505807705421, 'f1_micro': 0.931377424167081, 'f1_weighted': 0.931390900674947, 'precision_macro': 0.9322760095806043, 'precision_micro': 0.931377424167081, 'precision_weighted': 0.9320653000545899, 'recall_macro': 0.9304866861864525, 'recall_micro': 0.931377424167081, 'recall_weighted': 0.931377424167081}
Saving model...
Model saved!
-------------------------------------------
-----------------------
Epoch 49/100
Training statistic: Loss: 0.5693, train_score: {'accuracy': 0.78816, 'balanced_accuracy': 0.7929445735935238, 'f1_macro': 0.7900288949125182, 'f1_micro': 0.78816, 'f1_weighted': 0.7881484923427173, 'precision_macro': 0.7887421342547624, 'precision_micro': 0.78816, 'precision_weighted': 0.7896649757795982, 'recall_macro': 0.7929445735935238, 'recall_micro': 0.78816, 'recall_weighted': 0.78816}
Validation statistic: Loss: 0.2599, dev_score: {'accuracy': 0.9297198740261893, 'balanced_accuracy': 0.9288807307799022, 'f1_macro': 0.9291979199931719, 'f1_micro': 0.9297198740261893, 'f1_weighted': 0.9296376707696347, 'precision_macro': 0.9299055691623778, 'precision_micro': 0.9297198740261893, 'precision_weighted': 0.929950393204943, 'recall_macro': 0.9288807307799022, 'recall_micro': 0.9297198740261893, 'recall_weighted': 0.9297198740261893}
-----------------------
Epoch 50/100
Training statistic: Loss: 0.5630, train_score: {'accuracy': 0.78934, 'balanced_accuracy': 0.7941315819983705, 'f1_macro': 0.7916665566291988, 'f1_micro': 0.78934, 'f1_weighted': 0.789566164439449, 'precision_macro': 0.7906786613546304, 'precision_micro': 0.78934, 'precision_weighted': 0.7912724291856933, 'recall_macro': 0.7941315819983705, 'recall_micro': 0.78934, 'recall_weighted': 0.78934}
Validation statistic: Loss: 0.2552, dev_score: {'accuracy': 0.9302171390684568, 'balanced_accuracy': 0.9292813156473892, 'f1_macro': 0.929772790507708, 'f1_micro': 0.9302171390684568, 'f1_weighted': 0.9302161456989644, 'precision_macro': 0.9306929366493877, 'precision_micro': 0.9302171390684568, 'precision_weighted': 0.930652607629446, 'recall_macro': 0.9292813156473892, 'recall_micro': 0.9302171390684568, 'recall_weighted': 0.9302171390684568}
Saving model...
Model saved!
-------------------------------------------
-----------------------
Epoch 51/100
Training statistic: Loss: 0.5659, train_score: {'accuracy': 0.7888, 'balanced_accuracy': 0.7930073003012306, 'f1_macro': 0.7908049706558208, 'f1_micro': 0.7888, 'f1_weighted': 0.7888889075164444, 'precision_macro': 0.7899788796181445, 'precision_micro': 0.7888, 'precision_weighted': 0.7902651973433126, 'recall_macro': 0.7930073003012306, 'recall_micro': 0.7888, 'recall_weighted': 0.7888}
Validation statistic: Loss: 0.2574, dev_score: {'accuracy': 0.9295541190121002, 'balanced_accuracy': 0.9286863131815956, 'f1_macro': 0.9291187283020836, 'f1_micro': 0.9295541190121002, 'f1_weighted': 0.9295407653818993, 'precision_macro': 0.9299695785898177, 'precision_micro': 0.9295541190121002, 'precision_weighted': 0.9299393108118359, 'recall_macro': 0.9286863131815956, 'recall_micro': 0.9295541190121002, 'recall_weighted': 0.9295541190121002}
-----------------------
Epoch 52/100
Training statistic: Loss: 0.5642, train_score: {'accuracy': 0.78927, 'balanced_accuracy': 0.7937520971297134, 'f1_macro': 0.7915348186554412, 'f1_micro': 0.78927, 'f1_weighted': 0.7895157320354701, 'precision_macro': 0.7907573312055892, 'precision_micro': 0.78927, 'precision_weighted': 0.79118675596623, 'recall_macro': 0.7937520971297134, 'recall_micro': 0.78927, 'recall_weighted': 0.78927}
Validation statistic: Loss: 0.2587, dev_score: {'accuracy': 0.931377424167081, 'balanced_accuracy': 0.9306803364740345, 'f1_macro': 0.9311379861706739, 'f1_micro': 0.931377424167081, 'f1_weighted': 0.9314146643898983, 'precision_macro': 0.9320698339242124, 'precision_micro': 0.931377424167081, 'precision_weighted': 0.93193547180635, 'recall_macro': 0.9306803364740345, 'recall_micro': 0.931377424167081, 'recall_weighted': 0.931377424167081}
-----------------------
Epoch 53/100
Training statistic: Loss: 0.5672, train_score: {'accuracy': 0.78911, 'balanced_accuracy': 0.793221931947378, 'f1_macro': 0.7912603577662347, 'f1_micro': 0.78911, 'f1_weighted': 0.7892086334594486, 'precision_macro': 0.7910668652487794, 'precision_micro': 0.78911, 'precision_weighted': 0.7910320591078156, 'recall_macro': 0.793221931947378, 'recall_micro': 0.78911, 'recall_weighted': 0.78911}
Validation statistic: Loss: 0.2612, dev_score: {'accuracy': 0.9307144041107244, 'balanced_accuracy': 0.9299857349191027, 'f1_macro': 0.930489961170856, 'f1_micro': 0.9307144041107244, 'f1_weighted': 0.9307580934469755, 'precision_macro': 0.9316600198053118, 'precision_micro': 0.9307144041107244, 'precision_weighted': 0.9314753429884471, 'recall_macro': 0.9299857349191027, 'recall_micro': 0.9307144041107244, 'recall_weighted': 0.9307144041107244}
-----------------------
Epoch 54/100
Training statistic: Loss: 0.5621, train_score: {'accuracy': 0.78998, 'balanced_accuracy': 0.7948586015921738, 'f1_macro': 0.7920768096901962, 'f1_micro': 0.78998, 'f1_weighted': 0.790068706065938, 'precision_macro': 0.7910332335039278, 'precision_micro': 0.78998, 'precision_weighted': 0.7918328970777027, 'recall_macro': 0.7948586015921738, 'recall_micro': 0.78998, 'recall_weighted': 0.78998}
Validation statistic: Loss: 0.2559, dev_score: {'accuracy': 0.9327034642797944, 'balanced_accuracy': 0.9316107483694898, 'f1_macro': 0.9322351898394583, 'f1_micro': 0.9327034642797944, 'f1_weighted': 0.9326432909500617, 'precision_macro': 0.9333894199124844, 'precision_micro': 0.9327034642797944, 'precision_weighted': 0.9331108537036656, 'recall_macro': 0.9316107483694898, 'recall_micro': 0.9327034642797944, 'recall_weighted': 0.9327034642797944}
-----------------------
Epoch 55/100
Training statistic: Loss: 0.5605, train_score: {'accuracy': 0.79124, 'balanced_accuracy': 0.7959557831222606, 'f1_macro': 0.7932058349320884, 'f1_micro': 0.79124, 'f1_weighted': 0.7912850028789741, 'precision_macro': 0.7917930519226071, 'precision_micro': 0.79124, 'precision_weighted': 0.792579888191573, 'recall_macro': 0.7959557831222606, 'recall_micro': 0.79124, 'recall_weighted': 0.79124}
Validation statistic: Loss: 0.2555, dev_score: {'accuracy': 0.9328692192938837, 'balanced_accuracy': 0.9319465056632543, 'f1_macro': 0.9324763470137519, 'f1_micro': 0.9328692192938837, 'f1_weighted': 0.9327801135444738, 'precision_macro': 0.9335736932582964, 'precision_micro': 0.9328692192938837, 'precision_weighted': 0.9332601313445181, 'recall_macro': 0.9319465056632543, 'recall_micro': 0.9328692192938837, 'recall_weighted': 0.9328692192938837}
-----------------------
Epoch 56/100
Training statistic: Loss: 0.5622, train_score: {'accuracy': 0.78985, 'balanced_accuracy': 0.7949060024037824, 'f1_macro': 0.7918193169714176, 'f1_micro': 0.78985, 'f1_weighted': 0.7899918691316391, 'precision_macro': 0.7905127525578577, 'precision_micro': 0.78985, 'precision_weighted': 0.7917910121316688, 'recall_macro': 0.7949060024037824, 'recall_micro': 0.78985, 'recall_weighted': 0.78985}
Validation statistic: Loss: 0.2562, dev_score: {'accuracy': 0.9327034642797944, 'balanced_accuracy': 0.9318715433239861, 'f1_macro': 0.9323292177703149, 'f1_micro': 0.9327034642797944, 'f1_weighted': 0.9326937133039619, 'precision_macro': 0.9332349467569033, 'precision_micro': 0.9327034642797944, 'precision_weighted': 0.9331326582292938, 'recall_macro': 0.9318715433239861, 'recall_micro': 0.9327034642797944, 'recall_weighted': 0.9327034642797944}
-----------------------
Epoch 57/100
Training statistic: Loss: 0.5632, train_score: {'accuracy': 0.79058, 'balanced_accuracy': 0.7953280355705237, 'f1_macro': 0.7927621488417513, 'f1_micro': 0.79058, 'f1_weighted': 0.7907206508482807, 'precision_macro': 0.7920397043189404, 'precision_micro': 0.79058, 'precision_weighted': 0.7926623732671992, 'recall_macro': 0.7953280355705237, 'recall_micro': 0.79058, 'recall_weighted': 0.79058}
Validation statistic: Loss: 0.2586, dev_score: {'accuracy': 0.9310459141389027, 'balanced_accuracy': 0.9301965670989757, 'f1_macro': 0.9306960469076196, 'f1_micro': 0.9310459141389027, 'f1_weighted': 0.9310606138064024, 'precision_macro': 0.9317511445219582, 'precision_micro': 0.9310459141389027, 'precision_weighted': 0.9316338021946536, 'recall_macro': 0.9301965670989757, 'recall_micro': 0.9310459141389027, 'recall_weighted': 0.9310459141389027}
-----------------------
Epoch 58/100
Training statistic: Loss: 0.5556, train_score: {'accuracy': 0.79245, 'balanced_accuracy': 0.7971187424545422, 'f1_macro': 0.7944813147637586, 'f1_micro': 0.79245, 'f1_weighted': 0.7924736757009689, 'precision_macro': 0.7933573949924917, 'precision_micro': 0.79245, 'precision_weighted': 0.793958883990085, 'recall_macro': 0.7971187424545422, 'recall_micro': 0.79245, 'recall_weighted': 0.79245}
Validation statistic: Loss: 0.2549, dev_score: {'accuracy': 0.9310459141389027, 'balanced_accuracy': 0.9299985477393278, 'f1_macro': 0.9305964837128007, 'f1_micro': 0.9310459141389027, 'f1_weighted': 0.9310141230246431, 'precision_macro': 0.931716518368715, 'precision_micro': 0.9310459141389027, 'precision_weighted': 0.931499050363949, 'recall_macro': 0.9299985477393278, 'recall_micro': 0.9310459141389027, 'recall_weighted': 0.9310459141389027}
Saving model...
Model saved!
-------------------------------------------
-----------------------
Epoch 59/100
Training statistic: Loss: 0.5539, train_score: {'accuracy': 0.79323, 'balanced_accuracy': 0.7973842378059082, 'f1_macro': 0.7954931900421216, 'f1_micro': 0.79323, 'f1_weighted': 0.7933671626227307, 'precision_macro': 0.7947968513528438, 'precision_micro': 0.79323, 'precision_weighted': 0.7947011134583168, 'recall_macro': 0.7973842378059082, 'recall_micro': 0.79323, 'recall_weighted': 0.79323}
Validation statistic: Loss: 0.2537, dev_score: {'accuracy': 0.9320404442234378, 'balanced_accuracy': 0.9309866080727666, 'f1_macro': 0.931565596262765, 'f1_micro': 0.9320404442234378, 'f1_weighted': 0.9320355136208901, 'precision_macro': 0.9327083541287504, 'precision_micro': 0.9320404442234378, 'precision_weighted': 0.9325917754353134, 'recall_macro': 0.9309866080727666, 'recall_micro': 0.9320404442234378, 'recall_weighted': 0.9320404442234378}
Saving model...
Model saved!
-------------------------------------------
-----------------------
Epoch 60/100
Training statistic: Loss: 0.5561, train_score: {'accuracy': 0.79299, 'balanced_accuracy': 0.7965425946218906, 'f1_macro': 0.795012132205424, 'f1_micro': 0.79299, 'f1_weighted': 0.7930615658677438, 'precision_macro': 0.7945238975384855, 'precision_micro': 0.79299, 'precision_weighted': 0.7941226095423244, 'recall_macro': 0.7965425946218906, 'recall_micro': 0.79299, 'recall_weighted': 0.79299}
Validation statistic: Loss: 0.2565, dev_score: {'accuracy': 0.9327034642797944, 'balanced_accuracy': 0.931869098535169, 'f1_macro': 0.9322930448557937, 'f1_micro': 0.9327034642797944, 'f1_weighted': 0.9326666578682288, 'precision_macro': 0.9329813155122484, 'precision_micro': 0.9327034642797944, 'precision_weighted': 0.9328898341656214, 'recall_macro': 0.931869098535169, 'recall_micro': 0.9327034642797944, 'recall_weighted': 0.9327034642797944}
-----------------------
Epoch 61/100
Training statistic: Loss: 0.5586, train_score: {'accuracy': 0.79213, 'balanced_accuracy': 0.796869959058691, 'f1_macro': 0.7943265780041081, 'f1_micro': 0.79213, 'f1_weighted': 0.7923291514755184, 'precision_macro': 0.7931752708034158, 'precision_micro': 0.79213, 'precision_weighted': 0.7939199560812111, 'recall_macro': 0.796869959058691, 'recall_micro': 0.79213, 'recall_weighted': 0.79213}
Validation statistic: Loss: 0.2567, dev_score: {'accuracy': 0.9317089341952594, 'balanced_accuracy': 0.9307615660587455, 'f1_macro': 0.931296537423243, 'f1_micro': 0.9317089341952594, 'f1_weighted': 0.931656876465674, 'precision_macro': 0.9321741001862407, 'precision_micro': 0.9317089341952594, 'precision_weighted': 0.9319499820843047, 'recall_macro': 0.9307615660587455, 'recall_micro': 0.9317089341952594, 'recall_weighted': 0.9317089341952594}
-----------------------
Epoch 62/100
Training statistic: Loss: 0.5558, train_score: {'accuracy': 0.79213, 'balanced_accuracy': 0.7967588156461287, 'f1_macro': 0.7944753308569359, 'f1_micro': 0.79213, 'f1_weighted': 0.7924431229938116, 'precision_macro': 0.7938738522482236, 'precision_micro': 0.79213, 'precision_weighted': 0.79444037823901, 'recall_macro': 0.7967588156461287, 'recall_micro': 0.79213, 'recall_weighted': 0.79213}
Validation statistic: Loss: 0.2573, dev_score: {'accuracy': 0.9298856290402785, 'balanced_accuracy': 0.9289893430972551, 'f1_macro': 0.9295788843898689, 'f1_micro': 0.9298856290402785, 'f1_weighted': 0.9298928855749462, 'precision_macro': 0.9307072207689829, 'precision_micro': 0.9298856290402785, 'precision_weighted': 0.9304469676511927, 'recall_macro': 0.9289893430972551, 'recall_micro': 0.9298856290402785, 'recall_weighted': 0.9298856290402785}
-----------------------
Epoch 63/100
Training statistic: Loss: 0.5531, train_score: {'accuracy': 0.7939, 'balanced_accuracy': 0.7975104885746458, 'f1_macro': 0.7959161985651926, 'f1_micro': 0.7939, 'f1_weighted': 0.7939776321972097, 'precision_macro': 0.7953314119507607, 'precision_micro': 0.7939, 'precision_weighted': 0.7950048948030054, 'recall_macro': 0.7975104885746458, 'recall_micro': 0.7939, 'recall_weighted': 0.7939}
Validation statistic: Loss: 0.2556, dev_score: {'accuracy': 0.9305486490966351, 'balanced_accuracy': 0.9297744065817206, 'f1_macro': 0.9301736163237981, 'f1_micro': 0.9305486490966351, 'f1_weighted': 0.9305513230878657, 'precision_macro': 0.9310965822861352, 'precision_micro': 0.9305486490966351, 'precision_weighted': 0.9310774387253329, 'recall_macro': 0.9297744065817206, 'recall_micro': 0.9305486490966351, 'recall_weighted': 0.9305486490966351}
-----------------------
Epoch 64/100
Training statistic: Loss: 0.5560, train_score: {'accuracy': 0.79353, 'balanced_accuracy': 0.7979156447238283, 'f1_macro': 0.7958156945368248, 'f1_micro': 0.79353, 'f1_weighted': 0.7937628532539827, 'precision_macro': 0.7953137221952733, 'precision_micro': 0.79353, 'precision_weighted': 0.795604263718241, 'recall_macro': 0.7979156447238283, 'recall_micro': 0.79353, 'recall_weighted': 0.79353}
Validation statistic: Loss: 0.2549, dev_score: {'accuracy': 0.9325377092657053, 'balanced_accuracy': 0.9317557372197319, 'f1_macro': 0.9322720091666398, 'f1_micro': 0.9325377092657053, 'f1_weighted': 0.9325691629067564, 'precision_macro': 0.9333598809975397, 'precision_micro': 0.9325377092657053, 'precision_weighted': 0.9331829659474098, 'recall_macro': 0.9317557372197319, 'recall_micro': 0.9325377092657053, 'recall_weighted': 0.9325377092657053}
-----------------------
Epoch 65/100
Training statistic: Loss: 0.5546, train_score: {'accuracy': 0.7931, 'balanced_accuracy': 0.7978364582715697, 'f1_macro': 0.7952898232795713, 'f1_micro': 0.7931, 'f1_weighted': 0.7933095880498687, 'precision_macro': 0.7946463971656519, 'precision_micro': 0.7931, 'precision_weighted': 0.7954036433911201, 'recall_macro': 0.7978364582715697, 'recall_micro': 0.7931, 'recall_weighted': 0.7931}
Validation statistic: Loss: 0.2551, dev_score: {'accuracy': 0.9327034642797944, 'balanced_accuracy': 0.9318906950031091, 'f1_macro': 0.9324775221846237, 'f1_micro': 0.9327034642797944, 'f1_weighted': 0.9327066225782655, 'precision_macro': 0.9336047752645229, 'precision_micro': 0.9327034642797944, 'precision_weighted': 0.9332514676791478, 'recall_macro': 0.9318906950031091, 'recall_micro': 0.9327034642797944, 'recall_weighted': 0.9327034642797944}
-----------------------
Epoch 66/100
Training statistic: Loss: 0.5523, train_score: {'accuracy': 0.79445, 'balanced_accuracy': 0.7988234387819548, 'f1_macro': 0.7965890391709868, 'f1_micro': 0.79445, 'f1_weighted': 0.7946385866971176, 'precision_macro': 0.7959722945534844, 'precision_micro': 0.79445, 'precision_weighted': 0.7964022067943795, 'recall_macro': 0.7988234387819548, 'recall_micro': 0.79445, 'recall_weighted': 0.79445}
Validation statistic: Loss: 0.2553, dev_score: {'accuracy': 0.9305486490966351, 'balanced_accuracy': 0.9297882156065966, 'f1_macro': 0.930222625743434, 'f1_micro': 0.9305486490966351, 'f1_weighted': 0.9305414144683807, 'precision_macro': 0.931194464586736, 'precision_micro': 0.9305486490966351, 'precision_weighted': 0.9310769623597303, 'recall_macro': 0.9297882156065966, 'recall_micro': 0.9305486490966351, 'recall_weighted': 0.9305486490966351}
-----------------------
Epoch 67/100
Training statistic: Loss: 0.5514, train_score: {'accuracy': 0.79487, 'balanced_accuracy': 0.7994755262820082, 'f1_macro': 0.7969433931787459, 'f1_micro': 0.79487, 'f1_weighted': 0.7950449282698022, 'precision_macro': 0.7961399961426309, 'precision_micro': 0.79487, 'precision_weighted': 0.7968988165735754, 'recall_macro': 0.7994755262820082, 'recall_micro': 0.79487, 'recall_weighted': 0.79487}
Validation statistic: Loss: 0.2560, dev_score: {'accuracy': 0.9312116691529919, 'balanced_accuracy': 0.9302428492523023, 'f1_macro': 0.9308219997474367, 'f1_micro': 0.9312116691529919, 'f1_weighted': 0.9312408023388958, 'precision_macro': 0.93220601389914, 'precision_micro': 0.9312116691529919, 'precision_weighted': 0.9320724810646205, 'recall_macro': 0.9302428492523023, 'recall_micro': 0.9312116691529919, 'recall_weighted': 0.9312116691529919}
-----------------------
Epoch 68/100
Training statistic: Loss: 0.5492, train_score: {'accuracy': 0.79429, 'balanced_accuracy': 0.7985086797139136, 'f1_macro': 0.7966432601428401, 'f1_micro': 0.79429, 'f1_weighted': 0.794547094243612, 'precision_macro': 0.7960363690251441, 'precision_micro': 0.79429, 'precision_weighted': 0.7961121982673149, 'recall_macro': 0.7985086797139136, 'recall_micro': 0.79429, 'recall_weighted': 0.79429}
Validation statistic: Loss: 0.2531, dev_score: {'accuracy': 0.9317089341952594, 'balanced_accuracy': 0.9308377210052988, 'f1_macro': 0.9313699854073564, 'f1_micro': 0.9317089341952594, 'f1_weighted': 0.9317109125563595, 'precision_macro': 0.9323599199117505, 'precision_micro': 0.9317089341952594, 'precision_weighted': 0.9321712615764285, 'recall_macro': 0.9308377210052988, 'recall_micro': 0.9317089341952594, 'recall_weighted': 0.9317089341952594}
Saving model...
Model saved!
-------------------------------------------
-----------------------
Epoch 69/100
Training statistic: Loss: 0.5497, train_score: {'accuracy': 0.79474, 'balanced_accuracy': 0.7991482746068626, 'f1_macro': 0.7970453284788881, 'f1_micro': 0.79474, 'f1_weighted': 0.7948981343921402, 'precision_macro': 0.7959282710053969, 'precision_micro': 0.79474, 'precision_weighted': 0.796063787934385, 'recall_macro': 0.7991482746068626, 'recall_micro': 0.79474, 'recall_weighted': 0.79474}
Validation statistic: Loss: 0.2555, dev_score: {'accuracy': 0.9322061992375269, 'balanced_accuracy': 0.9314694902825049, 'f1_macro': 0.9317510738017084, 'f1_micro': 0.9322061992375269, 'f1_weighted': 0.9321188618036071, 'precision_macro': 0.9323176317584834, 'precision_micro': 0.9322061992375269, 'precision_weighted': 0.9323205470424311, 'recall_macro': 0.9314694902825049, 'recall_micro': 0.9322061992375269, 'recall_weighted': 0.9322061992375269}
-----------------------
Epoch 70/100
Training statistic: Loss: 0.5495, train_score: {'accuracy': 0.79432, 'balanced_accuracy': 0.7989490867504131, 'f1_macro': 0.7966790214789391, 'f1_micro': 0.79432, 'f1_weighted': 0.7945264217644674, 'precision_macro': 0.795500003500829, 'precision_micro': 0.79432, 'precision_weighted': 0.7958740717250563, 'recall_macro': 0.7989490867504131, 'recall_micro': 0.79432, 'recall_weighted': 0.79432}
Validation statistic: Loss: 0.2553, dev_score: {'accuracy': 0.9297198740261893, 'balanced_accuracy': 0.9289635872411692, 'f1_macro': 0.9293200201089119, 'f1_micro': 0.9297198740261893, 'f1_weighted': 0.9296967125786149, 'precision_macro': 0.9301157297506721, 'precision_micro': 0.9297198740261893, 'precision_weighted': 0.9301198892327, 'recall_macro': 0.9289635872411692, 'recall_micro': 0.9297198740261893, 'recall_weighted': 0.9297198740261893}
-----------------------
Epoch 71/100
Training statistic: Loss: 0.5504, train_score: {'accuracy': 0.79411, 'balanced_accuracy': 0.7990670845594426, 'f1_macro': 0.7966564439018196, 'f1_micro': 0.79411, 'f1_weighted': 0.7944066469898954, 'precision_macro': 0.7957300838496406, 'precision_micro': 0.79411, 'precision_weighted': 0.7962349279904931, 'recall_macro': 0.7990670845594426, 'recall_micro': 0.79411, 'recall_weighted': 0.79411}
Validation statistic: Loss: 0.2544, dev_score: {'accuracy': 0.930382894082546, 'balanced_accuracy': 0.9295540452662546, 'f1_macro': 0.9299771726760577, 'f1_micro': 0.930382894082546, 'f1_weighted': 0.9303601897631193, 'precision_macro': 0.9308086907001808, 'precision_micro': 0.930382894082546, 'precision_weighted': 0.9307541672421092, 'recall_macro': 0.9295540452662546, 'recall_micro': 0.930382894082546, 'recall_weighted': 0.930382894082546}
-----------------------
Epoch 72/100
Training statistic: Loss: 0.5438, train_score: {'accuracy': 0.79652, 'balanced_accuracy': 0.8008290528269996, 'f1_macro': 0.7985000169828218, 'f1_micro': 0.79652, 'f1_weighted': 0.7964746831241745, 'precision_macro': 0.7972101832989018, 'precision_micro': 0.79652, 'precision_weighted': 0.7974207070746292, 'recall_macro': 0.8008290528269996, 'recall_micro': 0.79652, 'recall_weighted': 0.79652}
Validation statistic: Loss: 0.2531, dev_score: {'accuracy': 0.9320404442234378, 'balanced_accuracy': 0.9313106751190553, 'f1_macro': 0.931563047149272, 'f1_micro': 0.9320404442234378, 'f1_weighted': 0.9319260365832951, 'precision_macro': 0.9323027939383236, 'precision_micro': 0.9320404442234378, 'precision_weighted': 0.932304196155665, 'recall_macro': 0.9313106751190553, 'recall_micro': 0.9320404442234378, 'recall_weighted': 0.9320404442234378}
-----------------------
Epoch 73/100
Training statistic: Loss: 0.5441, train_score: {'accuracy': 0.7957, 'balanced_accuracy': 0.8002551452823624, 'f1_macro': 0.7977622911210738, 'f1_micro': 0.7957, 'f1_weighted': 0.795748428685655, 'precision_macro': 0.7965108089063503, 'precision_micro': 0.7957, 'precision_weighted': 0.7969705519554265, 'recall_macro': 0.8002551452823624, 'recall_micro': 0.7957, 'recall_weighted': 0.7957}
Validation statistic: Loss: 0.2502, dev_score: {'accuracy': 0.9315431791811702, 'balanced_accuracy': 0.9308583278072016, 'f1_macro': 0.9311355440497385, 'f1_micro': 0.9315431791811702, 'f1_weighted': 0.9315098473129888, 'precision_macro': 0.9317432726331362, 'precision_micro': 0.9315431791811702, 'precision_weighted': 0.9318151882437105, 'recall_macro': 0.9308583278072016, 'recall_micro': 0.9315431791811702, 'recall_weighted': 0.9315431791811702}
Saving model...
Model saved!
-------------------------------------------
-----------------------
Epoch 74/100
Training statistic: Loss: 0.5467, train_score: {'accuracy': 0.79622, 'balanced_accuracy': 0.8013856976229896, 'f1_macro': 0.7982791523929214, 'f1_micro': 0.79622, 'f1_weighted': 0.7962950866197543, 'precision_macro': 0.796964079460295, 'precision_micro': 0.79622, 'precision_weighted': 0.7980975223933937, 'recall_macro': 0.8013856976229896, 'recall_micro': 0.79622, 'recall_weighted': 0.79622}
Validation statistic: Loss: 0.2538, dev_score: {'accuracy': 0.9322061992375269, 'balanced_accuracy': 0.9312870235395133, 'f1_macro': 0.9317610480039541, 'f1_micro': 0.9322061992375269, 'f1_weighted': 0.9321523413237662, 'precision_macro': 0.9328930756482597, 'precision_micro': 0.9322061992375269, 'precision_weighted': 0.9327623591977806, 'recall_macro': 0.9312870235395133, 'recall_micro': 0.9322061992375269, 'recall_weighted': 0.9322061992375269}
-----------------------
Epoch 75/100
Training statistic: Loss: 0.5479, train_score: {'accuracy': 0.79749, 'balanced_accuracy': 0.801944052402399, 'f1_macro': 0.7996100483126759, 'f1_micro': 0.79749, 'f1_weighted': 0.7975582867722107, 'precision_macro': 0.7985394589152476, 'precision_micro': 0.79749, 'precision_weighted': 0.7988625884382642, 'recall_macro': 0.801944052402399, 'recall_micro': 0.79749, 'recall_weighted': 0.79749}
Validation statistic: Loss: 0.2559, dev_score: {'accuracy': 0.9312116691529919, 'balanced_accuracy': 0.9303022570153665, 'f1_macro': 0.9307524241762912, 'f1_micro': 0.9312116691529919, 'f1_weighted': 0.9311623531253924, 'precision_macro': 0.9316541366381832, 'precision_micro': 0.9312116691529919, 'precision_weighted': 0.9315646614589033, 'recall_macro': 0.9303022570153665, 'recall_micro': 0.9312116691529919, 'recall_weighted': 0.9312116691529919}
-----------------------
Epoch 76/100
Training statistic: Loss: 0.5454, train_score: {'accuracy': 0.79799, 'balanced_accuracy': 0.8025035678438064, 'f1_macro': 0.7999158348670485, 'f1_micro': 0.79799, 'f1_weighted': 0.797951519146252, 'precision_macro': 0.7986657407096709, 'precision_micro': 0.79799, 'precision_weighted': 0.79921496255227, 'recall_macro': 0.8025035678438064, 'recall_micro': 0.79799, 'recall_weighted': 0.79799}
Validation statistic: Loss: 0.2545, dev_score: {'accuracy': 0.9345267694347754, 'balanced_accuracy': 0.9336111352296055, 'f1_macro': 0.9340548152039029, 'f1_micro': 0.9345267694347754, 'f1_weighted': 0.9344683743483658, 'precision_macro': 0.9348402629298673, 'precision_micro': 0.9345267694347754, 'precision_weighted': 0.9347496471952501, 'recall_macro': 0.9336111352296055, 'recall_micro': 0.9345267694347754, 'recall_weighted': 0.9345267694347754}
-----------------------
Epoch 77/100
Training statistic: Loss: 0.5464, train_score: {'accuracy': 0.79678, 'balanced_accuracy': 0.8014958869256905, 'f1_macro': 0.7989937246211493, 'f1_micro': 0.79678, 'f1_weighted': 0.7969893198001884, 'precision_macro': 0.7979178484817229, 'precision_micro': 0.79678, 'precision_weighted': 0.7985960933504282, 'recall_macro': 0.8014958869256905, 'recall_micro': 0.79678, 'recall_weighted': 0.79678}
Validation statistic: Loss: 0.2572, dev_score: {'accuracy': 0.9317089341952594, 'balanced_accuracy': 0.9309266678451626, 'f1_macro': 0.9313820718619354, 'f1_micro': 0.9317089341952594, 'f1_weighted': 0.9316802879712883, 'precision_macro': 0.9322896913915262, 'precision_micro': 0.9317089341952594, 'precision_weighted': 0.9321107214748193, 'recall_macro': 0.9309266678451626, 'recall_micro': 0.9317089341952594, 'recall_weighted': 0.9317089341952594}
-----------------------
Epoch 78/100
Training statistic: Loss: 0.5438, train_score: {'accuracy': 0.79732, 'balanced_accuracy': 0.8017161751191578, 'f1_macro': 0.7994040232055646, 'f1_micro': 0.79732, 'f1_weighted': 0.7974679971295487, 'precision_macro': 0.7984382984859331, 'precision_micro': 0.79732, 'precision_weighted': 0.7989211382103336, 'recall_macro': 0.8017161751191578, 'recall_micro': 0.79732, 'recall_weighted': 0.79732}
Validation statistic: Loss: 0.2536, dev_score: {'accuracy': 0.9317089341952594, 'balanced_accuracy': 0.9309272687890264, 'f1_macro': 0.9313216542555007, 'f1_micro': 0.9317089341952594, 'f1_weighted': 0.9317133901643284, 'precision_macro': 0.9321411806732061, 'precision_micro': 0.9317089341952594, 'precision_weighted': 0.9321409110994883, 'recall_macro': 0.9309272687890264, 'recall_micro': 0.9317089341952594, 'recall_weighted': 0.9317089341952594}
-----------------------
Epoch 79/100
Training statistic: Loss: 0.5417, train_score: {'accuracy': 0.79864, 'balanced_accuracy': 0.8031182681180852, 'f1_macro': 0.8009938266206811, 'f1_micro': 0.79864, 'f1_weighted': 0.798836334966448, 'precision_macro': 0.7999298045472113, 'precision_micro': 0.79864, 'precision_weighted': 0.8001418133690338, 'recall_macro': 0.8031182681180852, 'recall_micro': 0.79864, 'recall_weighted': 0.79864}
Validation statistic: Loss: 0.2507, dev_score: {'accuracy': 0.9336979943643295, 'balanced_accuracy': 0.932947587971617, 'f1_macro': 0.9332670527305689, 'f1_micro': 0.9336979943643295, 'f1_weighted': 0.933628394678699, 'precision_macro': 0.9338912271937622, 'precision_micro': 0.9336979943643295, 'precision_weighted': 0.933870862548067, 'recall_macro': 0.932947587971617, 'recall_micro': 0.9336979943643295, 'recall_weighted': 0.9336979943643295}
-----------------------
Epoch 80/100
Training statistic: Loss: 0.5436, train_score: {'accuracy': 0.79778, 'balanced_accuracy': 0.8024794204187004, 'f1_macro': 0.8000059650084201, 'f1_micro': 0.79778, 'f1_weighted': 0.797968525426887, 'precision_macro': 0.7989034204792808, 'precision_micro': 0.79778, 'precision_weighted': 0.7995447555850609, 'recall_macro': 0.8024794204187004, 'recall_micro': 0.79778, 'recall_weighted': 0.79778}
Validation statistic: Loss: 0.2547, dev_score: {'accuracy': 0.9323719542516161, 'balanced_accuracy': 0.9314412459817417, 'f1_macro': 0.9318278433295077, 'f1_micro': 0.9323719542516161, 'f1_weighted': 0.9322517218443334, 'precision_macro': 0.9325554492486173, 'precision_micro': 0.9323719542516161, 'precision_weighted': 0.9324732878418884, 'recall_macro': 0.9314412459817417, 'recall_micro': 0.9323719542516161, 'recall_weighted': 0.9323719542516161}
-----------------------
Epoch 81/100
Training statistic: Loss: 0.5402, train_score: {'accuracy': 0.79914, 'balanced_accuracy': 0.8029358615514068, 'f1_macro': 0.8013491948488072, 'f1_micro': 0.79914, 'f1_weighted': 0.7993175320393175, 'precision_macro': 0.8011957725951188, 'precision_micro': 0.79914, 'precision_weighted': 0.8009753982258472, 'recall_macro': 0.8029358615514068, 'recall_micro': 0.79914, 'recall_weighted': 0.79914}
Validation statistic: Loss: 0.2515, dev_score: {'accuracy': 0.933200729322062, 'balanced_accuracy': 0.9323257598046313, 'f1_macro': 0.9328320522889332, 'f1_micro': 0.933200729322062, 'f1_weighted': 0.9331812655927934, 'precision_macro': 0.9337323667650546, 'precision_micro': 0.933200729322062, 'precision_weighted': 0.9335561162117593, 'recall_macro': 0.9323257598046313, 'recall_micro': 0.933200729322062, 'recall_weighted': 0.933200729322062}
-----------------------
Epoch 82/100
Training statistic: Loss: 0.5427, train_score: {'accuracy': 0.79799, 'balanced_accuracy': 0.8026201590079742, 'f1_macro': 0.8002689570183726, 'f1_micro': 0.79799, 'f1_weighted': 0.7982415257285242, 'precision_macro': 0.7993267449161564, 'precision_micro': 0.79799, 'precision_weighted': 0.7998948525530384, 'recall_macro': 0.8026201590079742, 'recall_micro': 0.79799, 'recall_weighted': 0.79799}
Validation statistic: Loss: 0.2545, dev_score: {'accuracy': 0.9315431791811702, 'balanced_accuracy': 0.9307072969100542, 'f1_macro': 0.9311726143993256, 'f1_micro': 0.9315431791811702, 'f1_weighted': 0.9315309175790346, 'precision_macro': 0.9320161539148261, 'precision_micro': 0.9315431791811702, 'precision_weighted': 0.9319011410435776, 'recall_macro': 0.9307072969100542, 'recall_micro': 0.9315431791811702, 'recall_weighted': 0.9315431791811702}
-----------------------
Epoch 83/100
Training statistic: Loss: 0.5429, train_score: {'accuracy': 0.79844, 'balanced_accuracy': 0.8031235811527949, 'f1_macro': 0.8006823628959436, 'f1_micro': 0.79844, 'f1_weighted': 0.7985888151720073, 'precision_macro': 0.7993894236600785, 'precision_micro': 0.79844, 'precision_weighted': 0.7998521932337965, 'recall_macro': 0.8031235811527949, 'recall_micro': 0.79844, 'recall_weighted': 0.79844}
Validation statistic: Loss: 0.2564, dev_score: {'accuracy': 0.931377424167081, 'balanced_accuracy': 0.9306395287917237, 'f1_macro': 0.9309589605614752, 'f1_micro': 0.931377424167081, 'f1_weighted': 0.9313542067007415, 'precision_macro': 0.9318012334344636, 'precision_micro': 0.931377424167081, 'precision_weighted': 0.9318618550841148, 'recall_macro': 0.9306395287917237, 'recall_micro': 0.931377424167081, 'recall_weighted': 0.931377424167081}
-----------------------
Epoch 84/100
Training statistic: Loss: 0.5409, train_score: {'accuracy': 0.79872, 'balanced_accuracy': 0.803204439647842, 'f1_macro': 0.8008765217050596, 'f1_micro': 0.79872, 'f1_weighted': 0.7988215680314303, 'precision_macro': 0.7995391248844131, 'precision_micro': 0.79872, 'precision_weighted': 0.7999049974050555, 'recall_macro': 0.803204439647842, 'recall_micro': 0.79872, 'recall_weighted': 0.79872}
Validation statistic: Loss: 0.2542, dev_score: {'accuracy': 0.9317089341952594, 'balanced_accuracy': 0.9309302819510957, 'f1_macro': 0.9312012555388971, 'f1_micro': 0.9317089341952594, 'f1_weighted': 0.9316019032960977, 'precision_macro': 0.9317862876480951, 'precision_micro': 0.9317089341952594, 'precision_weighted': 0.9318105065069446, 'recall_macro': 0.9309302819510957, 'recall_micro': 0.9317089341952594, 'recall_weighted': 0.9317089341952594}
-----------------------
Epoch 85/100
Training statistic: Loss: 0.5373, train_score: {'accuracy': 0.80049, 'balanced_accuracy': 0.8047146175562666, 'f1_macro': 0.802549210147505, 'f1_micro': 0.80049, 'f1_weighted': 0.8005656467040198, 'precision_macro': 0.8012272007264208, 'precision_micro': 0.80049, 'precision_weighted': 0.8014460033910266, 'recall_macro': 0.8047146175562666, 'recall_micro': 0.80049, 'recall_weighted': 0.80049}
Validation statistic: Loss: 0.2521, dev_score: {'accuracy': 0.9322061992375269, 'balanced_accuracy': 0.9313989212920495, 'f1_macro': 0.9317257010669688, 'f1_micro': 0.9322061992375269, 'f1_weighted': 0.9321198370202295, 'precision_macro': 0.9324535764662952, 'precision_micro': 0.9322061992375269, 'precision_weighted': 0.9324352476015496, 'recall_macro': 0.9313989212920495, 'recall_micro': 0.9322061992375269, 'recall_weighted': 0.9322061992375269}
-----------------------
Epoch 86/100
Training statistic: Loss: 0.5405, train_score: {'accuracy': 0.79888, 'balanced_accuracy': 0.8039519210003696, 'f1_macro': 0.8008625365297275, 'f1_micro': 0.79888, 'f1_weighted': 0.7989263147583754, 'precision_macro': 0.7991396623524694, 'precision_micro': 0.79888, 'precision_weighted': 0.8002658937069069, 'recall_macro': 0.8039519210003696, 'recall_micro': 0.79888, 'recall_weighted': 0.79888}
Validation statistic: Loss: 0.2530, dev_score: {'accuracy': 0.9302171390684568, 'balanced_accuracy': 0.9293944907169841, 'f1_macro': 0.929773558817887, 'f1_micro': 0.9302171390684568, 'f1_weighted': 0.9301398159959782, 'precision_macro': 0.9305549368559312, 'precision_micro': 0.9302171390684568, 'precision_weighted': 0.930466074885678, 'recall_macro': 0.9293944907169841, 'recall_micro': 0.9302171390684568, 'recall_weighted': 0.9302171390684568}
-----------------------
Epoch 87/100
Training statistic: Loss: 0.5368, train_score: {'accuracy': 0.80058, 'balanced_accuracy': 0.8048808661059448, 'f1_macro': 0.8029092532699009, 'f1_micro': 0.80058, 'f1_weighted': 0.8008098386723822, 'precision_macro': 0.8021103867556093, 'precision_micro': 0.80058, 'precision_weighted': 0.8022694226890608, 'recall_macro': 0.8048808661059448, 'recall_micro': 0.80058, 'recall_weighted': 0.80058}
Validation statistic: Loss: 0.2535, dev_score: {'accuracy': 0.9310459141389027, 'balanced_accuracy': 0.9302816213127766, 'f1_macro': 0.9307191822805839, 'f1_micro': 0.9310459141389027, 'f1_weighted': 0.9310317044083875, 'precision_macro': 0.9315895746900467, 'precision_micro': 0.9310459141389027, 'precision_weighted': 0.9314553641346811, 'recall_macro': 0.9302816213127766, 'recall_micro': 0.9310459141389027, 'recall_weighted': 0.9310459141389027}
-----------------------
Epoch 88/100
Training statistic: Loss: 0.5383, train_score: {'accuracy': 0.80007, 'balanced_accuracy': 0.804662941270184, 'f1_macro': 0.8025010600701658, 'f1_micro': 0.80007, 'f1_weighted': 0.8004216997905764, 'precision_macro': 0.8018263953537339, 'precision_micro': 0.80007, 'precision_weighted': 0.8023067813978219, 'recall_macro': 0.804662941270184, 'recall_micro': 0.80007, 'recall_weighted': 0.80007}
Validation statistic: Loss: 0.2518, dev_score: {'accuracy': 0.9307144041107244, 'balanced_accuracy': 0.9299776475295882, 'f1_macro': 0.930449677292599, 'f1_micro': 0.9307144041107244, 'f1_weighted': 0.9307116643574004, 'precision_macro': 0.9314845584365553, 'precision_micro': 0.9307144041107244, 'precision_weighted': 0.9312805653941619, 'recall_macro': 0.9299776475295882, 'recall_micro': 0.9307144041107244, 'recall_weighted': 0.9307144041107244}
-----------------------
Epoch 89/100
Training statistic: Loss: 0.5375, train_score: {'accuracy': 0.7995, 'balanced_accuracy': 0.8037627527429005, 'f1_macro': 0.8012997499633764, 'f1_micro': 0.7995, 'f1_weighted': 0.7994095146194611, 'precision_macro': 0.8000841634797127, 'precision_micro': 0.7995, 'precision_weighted': 0.8005007400922945, 'recall_macro': 0.8037627527429005, 'recall_micro': 0.7995, 'recall_weighted': 0.7995}
Validation statistic: Loss: 0.2505, dev_score: {'accuracy': 0.9318746892093486, 'balanced_accuracy': 0.9312249748447202, 'f1_macro': 0.9314364672238424, 'f1_micro': 0.9318746892093486, 'f1_weighted': 0.9317686079291965, 'precision_macro': 0.9320000490608017, 'precision_micro': 0.9318746892093486, 'precision_weighted': 0.932019675830197, 'recall_macro': 0.9312249748447202, 'recall_micro': 0.9318746892093486, 'recall_weighted': 0.9318746892093486}
-----------------------
Epoch 90/100
Training statistic: Loss: 0.5383, train_score: {'accuracy': 0.79942, 'balanced_accuracy': 0.8035019713741557, 'f1_macro': 0.8018603766747617, 'f1_micro': 0.79942, 'f1_weighted': 0.7997226251589002, 'precision_macro': 0.8016688950092477, 'precision_micro': 0.79942, 'precision_weighted': 0.8015092431888857, 'recall_macro': 0.8035019713741557, 'recall_micro': 0.79942, 'recall_weighted': 0.79942}
Validation statistic: Loss: 0.2530, dev_score: {'accuracy': 0.9315431791811702, 'balanced_accuracy': 0.9309213896882305, 'f1_macro': 0.9313629295545496, 'f1_micro': 0.9315431791811702, 'f1_weighted': 0.9315797087478401, 'precision_macro': 0.9322634629572677, 'precision_micro': 0.9315431791811702, 'precision_weighted': 0.9320822144202399, 'recall_macro': 0.9309213896882305, 'recall_micro': 0.9315431791811702, 'recall_weighted': 0.9315431791811702}
-----------------------
Epoch 91/100
Training statistic: Loss: 0.5357, train_score: {'accuracy': 0.79989, 'balanced_accuracy': 0.8040410366186721, 'f1_macro': 0.8021740891632124, 'f1_micro': 0.79989, 'f1_weighted': 0.8001577315987002, 'precision_macro': 0.8018903334879335, 'precision_micro': 0.79989, 'precision_weighted': 0.8020066900955315, 'recall_macro': 0.8040410366186721, 'recall_micro': 0.79989, 'recall_weighted': 0.79989}
Validation statistic: Loss: 0.2513, dev_score: {'accuracy': 0.931377424167081, 'balanced_accuracy': 0.9304966667438942, 'f1_macro': 0.9310507709677328, 'f1_micro': 0.931377424167081, 'f1_weighted': 0.9314387266842893, 'precision_macro': 0.9321239117889728, 'precision_micro': 0.931377424167081, 'precision_weighted': 0.9320216075455899, 'recall_macro': 0.9304966667438942, 'recall_micro': 0.931377424167081, 'recall_weighted': 0.931377424167081}
-----------------------
Epoch 92/100
Training statistic: Loss: 0.5357, train_score: {'accuracy': 0.80075, 'balanced_accuracy': 0.8053475209497749, 'f1_macro': 0.8027293661464527, 'f1_micro': 0.80075, 'f1_weighted': 0.8008585212725474, 'precision_macro': 0.8016923243036949, 'precision_micro': 0.80075, 'precision_weighted': 0.8024589221451421, 'recall_macro': 0.8053475209497749, 'recall_micro': 0.80075, 'recall_weighted': 0.80075}
Validation statistic: Loss: 0.2503, dev_score: {'accuracy': 0.9317089341952594, 'balanced_accuracy': 0.9309326583481068, 'f1_macro': 0.931414783691482, 'f1_micro': 0.9317089341952594, 'f1_weighted': 0.9317013919230254, 'precision_macro': 0.9323842325806746, 'precision_micro': 0.9317089341952594, 'precision_weighted': 0.9321870730622306, 'recall_macro': 0.9309326583481068, 'recall_micro': 0.9317089341952594, 'recall_weighted': 0.9317089341952594}
-----------------------
Epoch 93/100
Training statistic: Loss: 0.5335, train_score: {'accuracy': 0.8025, 'balanced_accuracy': 0.8067448285109762, 'f1_macro': 0.8045827883053882, 'f1_micro': 0.8025, 'f1_weighted': 0.802619156126198, 'precision_macro': 0.8033394815935717, 'precision_micro': 0.8025, 'precision_weighted': 0.803627970407006, 'recall_macro': 0.8067448285109762, 'recall_micro': 0.8025, 'recall_weighted': 0.8025}
Validation statistic: Loss: 0.2526, dev_score: {'accuracy': 0.9302171390684568, 'balanced_accuracy': 0.9293390504321846, 'f1_macro': 0.9298163917016676, 'f1_micro': 0.9302171390684568, 'f1_weighted': 0.9301911085334977, 'precision_macro': 0.9307050683470924, 'precision_micro': 0.9302171390684568, 'precision_weighted': 0.9305808135636254, 'recall_macro': 0.9293390504321846, 'recall_micro': 0.9302171390684568, 'recall_weighted': 0.9302171390684568}
-----------------------
Epoch 94/100
Training statistic: Loss: 0.5352, train_score: {'accuracy': 0.80166, 'balanced_accuracy': 0.8062241009382479, 'f1_macro': 0.8035951110012725, 'f1_micro': 0.80166, 'f1_weighted': 0.8016988913701251, 'precision_macro': 0.8021498857503406, 'precision_micro': 0.80166, 'precision_weighted': 0.8028825060030197, 'recall_macro': 0.8062241009382479, 'recall_micro': 0.80166, 'recall_weighted': 0.80166}
Validation statistic: Loss: 0.2529, dev_score: {'accuracy': 0.930382894082546, 'balanced_accuracy': 0.9296146522939555, 'f1_macro': 0.9300126753733402, 'f1_micro': 0.930382894082546, 'f1_weighted': 0.9303522045122836, 'precision_macro': 0.9308065576668089, 'precision_micro': 0.930382894082546, 'precision_weighted': 0.9307244473390273, 'recall_macro': 0.9296146522939555, 'recall_micro': 0.930382894082546, 'recall_weighted': 0.930382894082546}
-----------------------
Epoch 95/100
Training statistic: Loss: 0.5360, train_score: {'accuracy': 0.80038, 'balanced_accuracy': 0.8054273692408975, 'f1_macro': 0.8024851565062916, 'f1_micro': 0.80038, 'f1_weighted': 0.8004965628351258, 'precision_macro': 0.8011536949672466, 'precision_micro': 0.80038, 'precision_weighted': 0.802205726719619, 'recall_macro': 0.8054273692408975, 'recall_micro': 0.80038, 'recall_weighted': 0.80038}
Validation statistic: Loss: 0.2516, dev_score: {'accuracy': 0.9317089341952594, 'balanced_accuracy': 0.9308353078986473, 'f1_macro': 0.9313584767334525, 'f1_micro': 0.9317089341952594, 'f1_weighted': 0.9316727224098871, 'precision_macro': 0.9323516588184159, 'precision_micro': 0.9317089341952594, 'precision_weighted': 0.9321099406259565, 'recall_macro': 0.9308353078986473, 'recall_micro': 0.9317089341952594, 'recall_weighted': 0.9317089341952594}
-----------------------
Epoch 96/100
Training statistic: Loss: 0.5354, train_score: {'accuracy': 0.7994, 'balanced_accuracy': 0.8047221913016249, 'f1_macro': 0.8016316532411494, 'f1_micro': 0.7994, 'f1_weighted': 0.7996165810748004, 'precision_macro': 0.8004482929977896, 'precision_micro': 0.7994, 'precision_weighted': 0.8017617211340665, 'recall_macro': 0.8047221913016249, 'recall_micro': 0.7994, 'recall_weighted': 0.7994}
Validation statistic: Loss: 0.2510, dev_score: {'accuracy': 0.9305486490966351, 'balanced_accuracy': 0.9298486066789657, 'f1_macro': 0.9302736543610939, 'f1_micro': 0.9305486490966351, 'f1_weighted': 0.9305160703899105, 'precision_macro': 0.9311328869285294, 'precision_micro': 0.9305486490966351, 'precision_weighted': 0.930922200194129, 'recall_macro': 0.9298486066789657, 'recall_micro': 0.9305486490966351, 'recall_weighted': 0.9305486490966351}
-----------------------
Epoch 97/100
Training statistic: Loss: 0.5338, train_score: {'accuracy': 0.80116, 'balanced_accuracy': 0.8058373853982064, 'f1_macro': 0.8032801446403062, 'f1_micro': 0.80116, 'f1_weighted': 0.8013261211660737, 'precision_macro': 0.8020730253550097, 'precision_micro': 0.80116, 'precision_weighted': 0.8028285959727248, 'recall_macro': 0.8058373853982064, 'recall_micro': 0.80116, 'recall_weighted': 0.80116}
Validation statistic: Loss: 0.2527, dev_score: {'accuracy': 0.9295541190121002, 'balanced_accuracy': 0.9287294827262226, 'f1_macro': 0.9291034807374585, 'f1_micro': 0.9295541190121002, 'f1_weighted': 0.9295282925764088, 'precision_macro': 0.929873600123134, 'precision_micro': 0.9295541190121002, 'precision_weighted': 0.9299031434755441, 'recall_macro': 0.9287294827262226, 'recall_micro': 0.9295541190121002, 'recall_weighted': 0.9295541190121002}
-----------------------
Epoch 98/100
Training statistic: Loss: 0.5342, train_score: {'accuracy': 0.80128, 'balanced_accuracy': 0.8059508366160397, 'f1_macro': 0.8035369228305026, 'f1_micro': 0.80128, 'f1_weighted': 0.801517322588058, 'precision_macro': 0.8027075675285884, 'precision_micro': 0.80128, 'precision_weighted': 0.8033613418192459, 'recall_macro': 0.8059508366160397, 'recall_micro': 0.80128, 'recall_weighted': 0.80128}
Validation statistic: Loss: 0.2512, dev_score: {'accuracy': 0.9325377092657053, 'balanced_accuracy': 0.9316894511036995, 'f1_macro': 0.9321684252601076, 'f1_micro': 0.9325377092657053, 'f1_weighted': 0.9325449292326649, 'precision_macro': 0.9329564729376155, 'precision_micro': 0.9325377092657053, 'precision_weighted': 0.9328593965125765, 'recall_macro': 0.9316894511036995, 'recall_micro': 0.9325377092657053, 'recall_weighted': 0.9325377092657053}
-----------------------
Epoch 99/100
Training statistic: Loss: 0.5320, train_score: {'accuracy': 0.80211, 'balanced_accuracy': 0.8064606163329264, 'f1_macro': 0.8043180327222492, 'f1_micro': 0.80211, 'f1_weighted': 0.8022772987410804, 'precision_macro': 0.80333885506809, 'precision_micro': 0.80211, 'precision_weighted': 0.8035904449727005, 'recall_macro': 0.8064606163329264, 'recall_micro': 0.80211, 'recall_weighted': 0.80211}
Validation statistic: Loss: 0.2526, dev_score: {'accuracy': 0.9302171390684568, 'balanced_accuracy': 0.9294016493121559, 'f1_macro': 0.9298909304704113, 'f1_micro': 0.9302171390684568, 'f1_weighted': 0.9301910500836444, 'precision_macro': 0.930859611575325, 'precision_micro': 0.9302171390684568, 'precision_weighted': 0.9306490489507525, 'recall_macro': 0.9294016493121559, 'recall_micro': 0.9302171390684568, 'recall_weighted': 0.9302171390684568}
-----------------------
Epoch 100/100
Training statistic: Loss: 0.5325, train_score: {'accuracy': 0.80188, 'balanced_accuracy': 0.806473209488343, 'f1_macro': 0.803868688926595, 'f1_micro': 0.80188, 'f1_weighted': 0.8019191368261152, 'precision_macro': 0.802648083224873, 'precision_micro': 0.80188, 'precision_weighted': 0.8032676062946125, 'recall_macro': 0.806473209488343, 'recall_micro': 0.80188, 'recall_weighted': 0.80188}
Validation statistic: Loss: 0.2499, dev_score: {'accuracy': 0.9323719542516161, 'balanced_accuracy': 0.9316292134305867, 'f1_macro': 0.9319454558366868, 'f1_micro': 0.9323719542516161, 'f1_weighted': 0.9322756934671234, 'precision_macro': 0.932583648243293, 'precision_micro': 0.9323719542516161, 'precision_weighted': 0.932502730661465, 'recall_macro': 0.9316292134305867, 'recall_micro': 0.9323719542516161, 'recall_weighted': 0.9323719542516161}
Saving model...
Model saved!
-------------------------------------------
Testing statistic: loss: 0.2501335060156963, scores: {'accuracy': 0.930011141497012, 'balanced_accuracy': 0.9301577367367212, 'f1_macro': 0.9301068693645898, 'f1_micro': 0.930011141497012, 'f1_weighted': 0.9300443599927571, 'precision_macro': 0.930355383361074, 'precision_micro': 0.930011141497012, 'precision_weighted': 0.9303818539556078, 'recall_macro': 0.9301577367367212, 'recall_micro': 0.930011141497012, 'recall_weighted': 0.930011141497012}
Finish training!
