=====Setting up data=====
Dataset name:mnist28
train_option:synthetic
augment_option:compare_rf
mix_ratio:-1
n_sample:-1
Training dataset size: 100096 samples
Validation dataset size: 6144 samples

=====Setting up parameters for training=====
num_epochs: 100
learning_rate: 0.001
patience: 30
early_stop_criterion: loss
=====Setting up trainer=====
input_size: 784
model: DNN_MNIST28
----------------------------------------------------------------
        Layer (type)               Output Shape         Param #
================================================================
           Dropout-1                  [-1, 784]               0
            Linear-2                  [-1, 512]         401,920
         LeakyReLU-3                  [-1, 512]               0
       BatchNorm1d-4                  [-1, 512]           1,024
           Dropout-5                  [-1, 512]               0
            Linear-6                 [-1, 1024]         525,312
         LeakyReLU-7                 [-1, 1024]               0
       BatchNorm1d-8                 [-1, 1024]           2,048
           Dropout-9                 [-1, 1024]               0
           Linear-10                  [-1, 256]         262,400
        LeakyReLU-11                  [-1, 256]               0
      BatchNorm1d-12                  [-1, 256]             512
          Dropout-13                  [-1, 256]               0
           Linear-14                  [-1, 128]          32,896
        LeakyReLU-15                  [-1, 128]               0
      BatchNorm1d-16                  [-1, 128]             256
          Dropout-17                  [-1, 128]               0
           Linear-18                   [-1, 10]           1,290
================================================================
Total params: 1,227,658
Trainable params: 1,227,658
Non-trainable params: 0
----------------------------------------------------------------
Input size (MB): 0.00
Forward/backward pass size (MB): 0.06
Params size (MB): 4.68
Estimated Total Size (MB): 4.75
----------------------------------------------------------------
=====Setting up output files=====
weight_dir, weight_file: /home/thuy/Research/minh_data_synth/TabularDA/.cache/mnist_head_fixed_runtime_20261009/output/mnist_head_fixed_20261009/mnist28/weight/, mnist28_seed43_ctgan_full_rf_synthetic.weights.pth
acc_dir, acc_file: /home/thuy/Research/minh_data_synth/TabularDA/.cache/mnist_head_fixed_runtime_20261009/output/mnist_head_fixed_20261009/mnist28/acc/, mnist28_seed43_ctgan_full_rf_synthetic.epochs.csv
report_file: mnist28_seed43_ctgan_full_rf_synthetic.report.txt
==========================================================================================
Start training...
-----------------------
Epoch 1/100
Training statistic: Loss: 0.6490, train_score: {'accuracy': 0.75396, 'balanced_accuracy': 0.7220597553376227, 'f1_macro': 0.729504655121638, 'f1_micro': 0.75396, 'f1_weighted': 0.7530801849595871, 'precision_macro': 0.7397872909993422, 'precision_micro': 0.75396, 'precision_weighted': 0.7545671624170868, 'recall_macro': 0.7220597553376227, 'recall_micro': 0.75396, 'recall_weighted': 0.75396}
Validation statistic: Loss: 0.5537, dev_score: {'accuracy': 0.8163434443891928, 'balanced_accuracy': 0.8122037137610908, 'f1_macro': 0.8127972265740334, 'f1_micro': 0.8163434443891928, 'f1_weighted': 0.8165761204332108, 'precision_macro': 0.8164717520027891, 'precision_micro': 0.8163434443891928, 'precision_weighted': 0.8198351262825001, 'recall_macro': 0.8122037137610908, 'recall_micro': 0.8163434443891928, 'recall_weighted': 0.8163434443891928}
Saving model...
Model saved!
-------------------------------------------
-----------------------
Epoch 2/100
Training statistic: Loss: 0.6062, train_score: {'accuracy': 0.77035, 'balanced_accuracy': 0.7463346187142184, 'f1_macro': 0.7500598154381406, 'f1_micro': 0.77035, 'f1_weighted': 0.7697600165947481, 'precision_macro': 0.756522253804163, 'precision_micro': 0.77035, 'precision_weighted': 0.7719378043156286, 'recall_macro': 0.7463346187142184, 'recall_micro': 0.77035, 'recall_weighted': 0.77035}
Validation statistic: Loss: 0.4996, dev_score: {'accuracy': 0.840046411403945, 'balanced_accuracy': 0.8366988207234242, 'f1_macro': 0.837278679681382, 'f1_micro': 0.840046411403945, 'f1_weighted': 0.840488752670406, 'precision_macro': 0.8402340318690908, 'precision_micro': 0.840046411403945, 'precision_weighted': 0.8433228829794118, 'recall_macro': 0.8366988207234242, 'recall_micro': 0.840046411403945, 'recall_weighted': 0.840046411403945}
Saving model...
Model saved!
-------------------------------------------
-----------------------
Epoch 3/100
Training statistic: Loss: 0.5841, train_score: {'accuracy': 0.77872, 'balanced_accuracy': 0.7499615993681144, 'f1_macro': 0.7575194314095034, 'f1_micro': 0.77872, 'f1_weighted': 0.7777001427300442, 'precision_macro': 0.7690176517565182, 'precision_micro': 0.77872, 'precision_weighted': 0.780315734564802, 'recall_macro': 0.7499615993681144, 'recall_micro': 0.77872, 'recall_weighted': 0.77872}
Validation statistic: Loss: 0.4651, dev_score: {'accuracy': 0.8586109729819327, 'balanced_accuracy': 0.8556726302088327, 'f1_macro': 0.8563028828804994, 'f1_micro': 0.8586109729819327, 'f1_weighted': 0.8589505257931229, 'precision_macro': 0.8592121737569741, 'precision_micro': 0.8586109729819327, 'precision_weighted': 0.861571723169085, 'recall_macro': 0.8556726302088327, 'recall_micro': 0.8586109729819327, 'recall_weighted': 0.8586109729819327}
Saving model...
Model saved!
-------------------------------------------
-----------------------
Epoch 4/100
Training statistic: Loss: 0.5644, train_score: {'accuracy': 0.78671, 'balanced_accuracy': 0.7653721689094867, 'f1_macro': 0.7673829800257981, 'f1_micro': 0.78671, 'f1_weighted': 0.7858166015630684, 'precision_macro': 0.7714167979197122, 'precision_micro': 0.78671, 'precision_weighted': 0.7870479777161087, 'recall_macro': 0.7653721689094867, 'recall_micro': 0.78671, 'recall_weighted': 0.78671}
Validation statistic: Loss: 0.4563, dev_score: {'accuracy': 0.8614288082214487, 'balanced_accuracy': 0.8584601493023486, 'f1_macro': 0.859052279819063, 'f1_micro': 0.8614288082214487, 'f1_weighted': 0.8616349353764436, 'precision_macro': 0.8623018420338061, 'precision_micro': 0.8614288082214487, 'precision_weighted': 0.8645188182772372, 'recall_macro': 0.8584601493023486, 'recall_micro': 0.8614288082214487, 'recall_weighted': 0.8614288082214487}
Saving model...
Model saved!
-------------------------------------------
-----------------------
Epoch 5/100
Training statistic: Loss: 0.5500, train_score: {'accuracy': 0.79153, 'balanced_accuracy': 0.7702063253507785, 'f1_macro': 0.7726559962900127, 'f1_micro': 0.79153, 'f1_weighted': 0.790706560400954, 'precision_macro': 0.7768223937538302, 'precision_micro': 0.79153, 'precision_weighted': 0.791653863089005, 'recall_macro': 0.7702063253507785, 'recall_micro': 0.79153, 'recall_weighted': 0.79153}
Validation statistic: Loss: 0.4362, dev_score: {'accuracy': 0.8683905188131941, 'balanced_accuracy': 0.8654777168296901, 'f1_macro': 0.866300249653464, 'f1_micro': 0.8683905188131941, 'f1_weighted': 0.8686272917302795, 'precision_macro': 0.8702307649679719, 'precision_micro': 0.8683905188131941, 'precision_weighted': 0.8719541303000141, 'recall_macro': 0.8654777168296901, 'recall_micro': 0.8683905188131941, 'recall_weighted': 0.8683905188131941}
Saving model...
Model saved!
-------------------------------------------
-----------------------
Epoch 6/100
Training statistic: Loss: 0.5426, train_score: {'accuracy': 0.79558, 'balanced_accuracy': 0.7750681244367842, 'f1_macro': 0.7780471643283667, 'f1_micro': 0.79558, 'f1_weighted': 0.79518966679831, 'precision_macro': 0.7825390823392837, 'precision_micro': 0.79558, 'precision_weighted': 0.7962579224276337, 'recall_macro': 0.7750681244367842, 'recall_micro': 0.79558, 'recall_weighted': 0.79558}
Validation statistic: Loss: 0.4245, dev_score: {'accuracy': 0.870213823968175, 'balanced_accuracy': 0.8672395665242508, 'f1_macro': 0.8680932942299437, 'f1_micro': 0.870213823968175, 'f1_weighted': 0.8704702011716069, 'precision_macro': 0.8722169709608657, 'precision_micro': 0.870213823968175, 'precision_weighted': 0.8739934236669966, 'recall_macro': 0.8672395665242508, 'recall_micro': 0.870213823968175, 'recall_weighted': 0.870213823968175}
Saving model...
Model saved!
-------------------------------------------
-----------------------
Epoch 7/100
Training statistic: Loss: 0.5324, train_score: {'accuracy': 0.79826, 'balanced_accuracy': 0.7800194213329754, 'f1_macro': 0.7810745322699855, 'f1_micro': 0.79826, 'f1_weighted': 0.7980054728306981, 'precision_macro': 0.7845731186041098, 'precision_micro': 0.79826, 'precision_weighted': 0.800341905805172, 'recall_macro': 0.7800194213329754, 'recall_micro': 0.79826, 'recall_weighted': 0.79826}
Validation statistic: Loss: 0.4140, dev_score: {'accuracy': 0.8765125145035637, 'balanced_accuracy': 0.8740306277787744, 'f1_macro': 0.8746343509583147, 'f1_micro': 0.8765125145035637, 'f1_weighted': 0.8767283889449446, 'precision_macro': 0.8771672276033688, 'precision_micro': 0.8765125145035637, 'precision_weighted': 0.8788716507947736, 'recall_macro': 0.8740306277787744, 'recall_micro': 0.8765125145035637, 'recall_weighted': 0.8765125145035637}
Saving model...
Model saved!
-------------------------------------------
-----------------------
Epoch 8/100
Training statistic: Loss: 0.5154, train_score: {'accuracy': 0.80592, 'balanced_accuracy': 0.7845755495049429, 'f1_macro': 0.787721370731905, 'f1_micro': 0.80592, 'f1_weighted': 0.8044084193620977, 'precision_macro': 0.7931233802471961, 'precision_micro': 0.80592, 'precision_weighted': 0.8052002016135936, 'recall_macro': 0.7845755495049429, 'recall_micro': 0.80592, 'recall_weighted': 0.80592}
Validation statistic: Loss: 0.4094, dev_score: {'accuracy': 0.878667329686723, 'balanced_accuracy': 0.8761925777608182, 'f1_macro': 0.8764605614069426, 'f1_micro': 0.878667329686723, 'f1_weighted': 0.878626764060735, 'precision_macro': 0.8791380904467436, 'precision_micro': 0.878667329686723, 'precision_weighted': 0.880936298760595, 'recall_macro': 0.8761925777608182, 'recall_micro': 0.878667329686723, 'recall_weighted': 0.878667329686723}
Saving model...
Model saved!
-------------------------------------------
-----------------------
Epoch 9/100
Training statistic: Loss: 0.5148, train_score: {'accuracy': 0.80472, 'balanced_accuracy': 0.7863905275895681, 'f1_macro': 0.7869214877963391, 'f1_micro': 0.80472, 'f1_weighted': 0.8037794243142428, 'precision_macro': 0.7897213880195705, 'precision_micro': 0.80472, 'precision_weighted': 0.8051456491827095, 'recall_macro': 0.7863905275895681, 'recall_micro': 0.80472, 'recall_weighted': 0.80472}
Validation statistic: Loss: 0.4060, dev_score: {'accuracy': 0.8783358196585447, 'balanced_accuracy': 0.87563668418676, 'f1_macro': 0.8760600071282496, 'f1_micro': 0.8783358196585447, 'f1_weighted': 0.8782734187104819, 'precision_macro': 0.8794504749386244, 'precision_micro': 0.8783358196585447, 'precision_weighted': 0.8811259423230952, 'recall_macro': 0.87563668418676, 'recall_micro': 0.8783358196585447, 'recall_weighted': 0.8783358196585447}
Saving model...
Model saved!
-------------------------------------------
-----------------------
Epoch 10/100
Training statistic: Loss: 0.5127, train_score: {'accuracy': 0.80573, 'balanced_accuracy': 0.789047612067123, 'f1_macro': 0.7891658251838835, 'f1_micro': 0.80573, 'f1_weighted': 0.8052668856492097, 'precision_macro': 0.7914676461411634, 'precision_micro': 0.80573, 'precision_weighted': 0.8070712118562664, 'recall_macro': 0.789047612067123, 'recall_micro': 0.80573, 'recall_weighted': 0.80573}
Validation statistic: Loss: 0.4086, dev_score: {'accuracy': 0.8781700646444555, 'balanced_accuracy': 0.8752640753333069, 'f1_macro': 0.8755897351933373, 'f1_micro': 0.8781700646444555, 'f1_weighted': 0.8780093668893878, 'precision_macro': 0.8795143792597185, 'precision_micro': 0.8781700646444555, 'precision_weighted': 0.8813643977010308, 'recall_macro': 0.8752640753333069, 'recall_micro': 0.8781700646444555, 'recall_weighted': 0.8781700646444555}
-----------------------
Epoch 11/100
Training statistic: Loss: 0.5029, train_score: {'accuracy': 0.80966, 'balanced_accuracy': 0.7919122635011286, 'f1_macro': 0.7941926512944664, 'f1_micro': 0.80966, 'f1_weighted': 0.8094016521713994, 'precision_macro': 0.798601628066046, 'precision_micro': 0.80966, 'precision_weighted': 0.8114846907440458, 'recall_macro': 0.7919122635011286, 'recall_micro': 0.80966, 'recall_weighted': 0.80966}
Validation statistic: Loss: 0.4094, dev_score: {'accuracy': 0.878667329686723, 'balanced_accuracy': 0.8755304791882947, 'f1_macro': 0.8764078981074741, 'f1_micro': 0.878667329686723, 'f1_weighted': 0.878622864972869, 'precision_macro': 0.8810521980444979, 'precision_micro': 0.878667329686723, 'precision_weighted': 0.8822873740774021, 'recall_macro': 0.8755304791882947, 'recall_micro': 0.878667329686723, 'recall_weighted': 0.878667329686723}
-----------------------
Epoch 12/100
Training statistic: Loss: 0.4962, train_score: {'accuracy': 0.8106, 'balanced_accuracy': 0.7862413094396274, 'f1_macro': 0.7931934775681975, 'f1_micro': 0.8106, 'f1_weighted': 0.8098739860725054, 'precision_macro': 0.8029320708788654, 'precision_micro': 0.8106, 'precision_weighted': 0.8117817700868292, 'recall_macro': 0.7862413094396274, 'recall_micro': 0.8106, 'recall_weighted': 0.8106}
Validation statistic: Loss: 0.4047, dev_score: {'accuracy': 0.8788330847008122, 'balanced_accuracy': 0.87604020387515, 'f1_macro': 0.8766141795182397, 'f1_micro': 0.8788330847008122, 'f1_weighted': 0.8788761043075337, 'precision_macro': 0.8805782075042858, 'precision_micro': 0.8788330847008122, 'precision_weighted': 0.8822401725305805, 'recall_macro': 0.87604020387515, 'recall_micro': 0.8788330847008122, 'recall_weighted': 0.8788330847008122}
Saving model...
Model saved!
-------------------------------------------
-----------------------
Epoch 13/100
Training statistic: Loss: 0.4857, train_score: {'accuracy': 0.81662, 'balanced_accuracy': 0.7950974229663246, 'f1_macro': 0.7991491767548344, 'f1_micro': 0.81662, 'f1_weighted': 0.815055334136585, 'precision_macro': 0.8059973929686365, 'precision_micro': 0.81662, 'precision_weighted': 0.8159070907427468, 'recall_macro': 0.7950974229663246, 'recall_micro': 0.81662, 'recall_weighted': 0.81662}
Validation statistic: Loss: 0.4002, dev_score: {'accuracy': 0.8821481849825957, 'balanced_accuracy': 0.8792588766731857, 'f1_macro': 0.8799265900716625, 'f1_micro': 0.8821481849825957, 'f1_weighted': 0.8820210856909304, 'precision_macro': 0.8840363241447022, 'precision_micro': 0.8821481849825957, 'precision_weighted': 0.885259477941151, 'recall_macro': 0.8792588766731857, 'recall_micro': 0.8821481849825957, 'recall_weighted': 0.8821481849825957}
Saving model...
Model saved!
-------------------------------------------
-----------------------
Epoch 14/100
Training statistic: Loss: 0.4871, train_score: {'accuracy': 0.81525, 'balanced_accuracy': 0.7987574832294003, 'f1_macro': 0.7992750381048122, 'f1_micro': 0.81525, 'f1_weighted': 0.8145409024899549, 'precision_macro': 0.8029686829880592, 'precision_micro': 0.81525, 'precision_weighted': 0.8174087627234007, 'recall_macro': 0.7987574832294003, 'recall_micro': 0.81525, 'recall_weighted': 0.81525}
Validation statistic: Loss: 0.3989, dev_score: {'accuracy': 0.8834742250953092, 'balanced_accuracy': 0.8812669356712034, 'f1_macro': 0.8815332374113272, 'f1_micro': 0.8834742250953092, 'f1_weighted': 0.8835399203834989, 'precision_macro': 0.8846430530698924, 'precision_micro': 0.8834742250953092, 'precision_weighted': 0.886382251319413, 'recall_macro': 0.8812669356712034, 'recall_micro': 0.8834742250953092, 'recall_weighted': 0.8834742250953092}
Saving model...
Model saved!
-------------------------------------------
-----------------------
Epoch 15/100
Training statistic: Loss: 0.4769, train_score: {'accuracy': 0.8205, 'balanced_accuracy': 0.8044650618691824, 'f1_macro': 0.8047387195509271, 'f1_micro': 0.8205, 'f1_weighted': 0.8202465627428424, 'precision_macro': 0.8064026728575875, 'precision_micro': 0.8205, 'precision_weighted': 0.8212059261169788, 'recall_macro': 0.8044650618691824, 'recall_micro': 0.8205, 'recall_weighted': 0.8205}
Validation statistic: Loss: 0.4020, dev_score: {'accuracy': 0.8794961047571689, 'balanced_accuracy': 0.8767758574929125, 'f1_macro': 0.8774830117512616, 'f1_micro': 0.8794961047571689, 'f1_weighted': 0.8796920149156789, 'precision_macro': 0.882361200771887, 'precision_micro': 0.8794961047571689, 'precision_weighted': 0.8839934596220779, 'recall_macro': 0.8767758574929125, 'recall_micro': 0.8794961047571689, 'recall_weighted': 0.8794961047571689}
-----------------------
Epoch 16/100
Training statistic: Loss: 0.4673, train_score: {'accuracy': 0.8236, 'balanced_accuracy': 0.804133230178353, 'f1_macro': 0.8073572868431548, 'f1_micro': 0.8236, 'f1_weighted': 0.8226584807898637, 'precision_macro': 0.8123387982574245, 'precision_micro': 0.8236, 'precision_weighted': 0.823365487617325, 'recall_macro': 0.804133230178353, 'recall_micro': 0.8236, 'recall_weighted': 0.8236}
Validation statistic: Loss: 0.3906, dev_score: {'accuracy': 0.8879496104757169, 'balanced_accuracy': 0.8852517945899134, 'f1_macro': 0.8858660039577867, 'f1_micro': 0.8879496104757169, 'f1_weighted': 0.8879454648605727, 'precision_macro': 0.8900238695611273, 'precision_micro': 0.8879496104757169, 'precision_weighted': 0.8914027794224099, 'recall_macro': 0.8852517945899134, 'recall_micro': 0.8879496104757169, 'recall_weighted': 0.8879496104757169}
Saving model...
Model saved!
-------------------------------------------
-----------------------
Epoch 17/100
Training statistic: Loss: 0.4648, train_score: {'accuracy': 0.82493, 'balanced_accuracy': 0.8086391456668475, 'f1_macro': 0.8099293326222068, 'f1_micro': 0.82493, 'f1_weighted': 0.8244013983295158, 'precision_macro': 0.8131414473442382, 'precision_micro': 0.82493, 'precision_weighted': 0.8258855436806798, 'recall_macro': 0.8086391456668475, 'recall_micro': 0.82493, 'recall_weighted': 0.82493}
Validation statistic: Loss: 0.3927, dev_score: {'accuracy': 0.8856290402784684, 'balanced_accuracy': 0.8827602965136385, 'f1_macro': 0.8835002944547735, 'f1_micro': 0.8856290402784684, 'f1_weighted': 0.8857063928200319, 'precision_macro': 0.8877608159564829, 'precision_micro': 0.8856290402784684, 'precision_weighted': 0.8892354654653035, 'recall_macro': 0.8827602965136385, 'recall_micro': 0.8856290402784684, 'recall_weighted': 0.8856290402784684}
-----------------------
Epoch 18/100
Training statistic: Loss: 0.4614, train_score: {'accuracy': 0.82563, 'balanced_accuracy': 0.8086469095243514, 'f1_macro': 0.810021770233524, 'f1_micro': 0.82563, 'f1_weighted': 0.8250411326869491, 'precision_macro': 0.8136230405423117, 'precision_micro': 0.82563, 'precision_weighted': 0.8266038994443664, 'recall_macro': 0.8086469095243514, 'recall_micro': 0.82563, 'recall_weighted': 0.82563}
Validation statistic: Loss: 0.3837, dev_score: {'accuracy': 0.8884468755179844, 'balanced_accuracy': 0.8857796601679382, 'f1_macro': 0.8864787511177749, 'f1_micro': 0.8884468755179844, 'f1_weighted': 0.8884509093236044, 'precision_macro': 0.8904503575218999, 'precision_micro': 0.8884468755179844, 'precision_weighted': 0.8916540584769064, 'recall_macro': 0.8857796601679382, 'recall_micro': 0.8884468755179844, 'recall_weighted': 0.8884468755179844}
Saving model...
Model saved!
-------------------------------------------
-----------------------
Epoch 19/100
Training statistic: Loss: 0.4529, train_score: {'accuracy': 0.82887, 'balanced_accuracy': 0.8118645672929861, 'f1_macro': 0.8126616854932649, 'f1_micro': 0.82887, 'f1_weighted': 0.8281175143636001, 'precision_macro': 0.8153302962286768, 'precision_micro': 0.82887, 'precision_weighted': 0.8287921973896485, 'recall_macro': 0.8118645672929861, 'recall_micro': 0.82887, 'recall_weighted': 0.82887}
Validation statistic: Loss: 0.3907, dev_score: {'accuracy': 0.8866235703630034, 'balanced_accuracy': 0.8838611869331722, 'f1_macro': 0.8847177178364941, 'f1_micro': 0.8866235703630034, 'f1_weighted': 0.8866171022536706, 'precision_macro': 0.890040363834976, 'precision_micro': 0.8866235703630034, 'precision_weighted': 0.8909585187026435, 'recall_macro': 0.8838611869331722, 'recall_micro': 0.8866235703630034, 'recall_weighted': 0.8866235703630034}
-----------------------
Epoch 20/100
Training statistic: Loss: 0.4476, train_score: {'accuracy': 0.82995, 'balanced_accuracy': 0.8160439524638784, 'f1_macro': 0.8160003446603271, 'f1_micro': 0.82995, 'f1_weighted': 0.82972217883295, 'precision_macro': 0.8178672903970984, 'precision_micro': 0.82995, 'precision_weighted': 0.831709178764885, 'recall_macro': 0.8160439524638784, 'recall_micro': 0.82995, 'recall_weighted': 0.82995}
Validation statistic: Loss: 0.3804, dev_score: {'accuracy': 0.8884468755179844, 'balanced_accuracy': 0.8860055460434528, 'f1_macro': 0.8867541683475725, 'f1_micro': 0.8884468755179844, 'f1_weighted': 0.8885054369823814, 'precision_macro': 0.8903735179371914, 'precision_micro': 0.8884468755179844, 'precision_weighted': 0.8913918286518298, 'recall_macro': 0.8860055460434528, 'recall_micro': 0.8884468755179844, 'recall_weighted': 0.8884468755179844}
Saving model...
Model saved!
-------------------------------------------
-----------------------
Epoch 21/100
Training statistic: Loss: 0.4443, train_score: {'accuracy': 0.83133, 'balanced_accuracy': 0.8123352401966011, 'f1_macro': 0.8163374549069651, 'f1_micro': 0.83133, 'f1_weighted': 0.8307167129162147, 'precision_macro': 0.8231176605371786, 'precision_micro': 0.83133, 'precision_weighted': 0.8327772145396258, 'recall_macro': 0.8123352401966011, 'recall_micro': 0.83133, 'recall_weighted': 0.83133}
Validation statistic: Loss: 0.3892, dev_score: {'accuracy': 0.8877838554616277, 'balanced_accuracy': 0.8847328744647059, 'f1_macro': 0.8858677379162015, 'f1_micro': 0.8877838554616277, 'f1_weighted': 0.8878993760123745, 'precision_macro': 0.8910504933858749, 'precision_micro': 0.8877838554616277, 'precision_weighted': 0.8919927423869378, 'recall_macro': 0.8847328744647059, 'recall_micro': 0.8877838554616277, 'recall_weighted': 0.8877838554616277}
-----------------------
Epoch 22/100
Training statistic: Loss: 0.4393, train_score: {'accuracy': 0.83404, 'balanced_accuracy': 0.8179317547356895, 'f1_macro': 0.8191451031003524, 'f1_micro': 0.83404, 'f1_weighted': 0.8334495972004712, 'precision_macro': 0.8225506290707081, 'precision_micro': 0.83404, 'precision_weighted': 0.8349165312858831, 'recall_macro': 0.8179317547356895, 'recall_micro': 0.83404, 'recall_weighted': 0.83404}
Validation statistic: Loss: 0.3865, dev_score: {'accuracy': 0.8892756505884303, 'balanced_accuracy': 0.8866872788055552, 'f1_macro': 0.8873367888289747, 'f1_micro': 0.8892756505884303, 'f1_weighted': 0.8892461633766532, 'precision_macro': 0.891148544047763, 'precision_micro': 0.8892756505884303, 'precision_weighted': 0.8923041975732128, 'recall_macro': 0.8866872788055552, 'recall_micro': 0.8892756505884303, 'recall_weighted': 0.8892756505884303}
-----------------------
Epoch 23/100
Training statistic: Loss: 0.4291, train_score: {'accuracy': 0.83753, 'balanced_accuracy': 0.8216975809322099, 'f1_macro': 0.823055651347867, 'f1_micro': 0.83753, 'f1_weighted': 0.836735020280545, 'precision_macro': 0.8267782331149671, 'precision_micro': 0.83753, 'precision_weighted': 0.8380592112177983, 'recall_macro': 0.8216975809322099, 'recall_micro': 0.83753, 'recall_weighted': 0.83753}
Validation statistic: Loss: 0.3838, dev_score: {'accuracy': 0.8915962207856788, 'balanced_accuracy': 0.8891021300664004, 'f1_macro': 0.8897868777982257, 'f1_micro': 0.8915962207856788, 'f1_weighted': 0.8915358551847017, 'precision_macro': 0.8933268746118472, 'precision_micro': 0.8915962207856788, 'precision_weighted': 0.8942554540045456, 'recall_macro': 0.8891021300664004, 'recall_micro': 0.8915962207856788, 'recall_weighted': 0.8915962207856788}
-----------------------
Epoch 24/100
Training statistic: Loss: 0.4268, train_score: {'accuracy': 0.84001, 'balanced_accuracy': 0.8235097135289067, 'f1_macro': 0.8260678741019808, 'f1_micro': 0.84001, 'f1_weighted': 0.8396606351675757, 'precision_macro': 0.8301263738158688, 'precision_micro': 0.84001, 'precision_weighted': 0.8407724892197134, 'recall_macro': 0.8235097135289067, 'recall_micro': 0.84001, 'recall_weighted': 0.84001}
Validation statistic: Loss: 0.3849, dev_score: {'accuracy': 0.889938670644787, 'balanced_accuracy': 0.8875082922262946, 'f1_macro': 0.8881830577095149, 'f1_micro': 0.889938670644787, 'f1_weighted': 0.8899504112020019, 'precision_macro': 0.8918883528067149, 'precision_micro': 0.889938670644787, 'precision_weighted': 0.8929090417676602, 'recall_macro': 0.8875082922262946, 'recall_micro': 0.889938670644787, 'recall_weighted': 0.889938670644787}
-----------------------
Epoch 25/100
Training statistic: Loss: 0.4235, train_score: {'accuracy': 0.84127, 'balanced_accuracy': 0.828137102696582, 'f1_macro': 0.828321282163954, 'f1_micro': 0.84127, 'f1_weighted': 0.8412179704610991, 'precision_macro': 0.8300796345148538, 'precision_micro': 0.84127, 'precision_weighted': 0.8429384580725393, 'recall_macro': 0.828137102696582, 'recall_micro': 0.84127, 'recall_weighted': 0.84127}
Validation statistic: Loss: 0.3781, dev_score: {'accuracy': 0.8930880159124813, 'balanced_accuracy': 0.8905695408773718, 'f1_macro': 0.8914556904458841, 'f1_micro': 0.8930880159124813, 'f1_weighted': 0.8931392985430554, 'precision_macro': 0.8950141883876274, 'precision_micro': 0.8930880159124813, 'precision_weighted': 0.8958405195437087, 'recall_macro': 0.8905695408773718, 'recall_micro': 0.8930880159124813, 'recall_weighted': 0.8930880159124813}
Saving model...
Model saved!
-------------------------------------------
-----------------------
Epoch 26/100
Training statistic: Loss: 0.4145, train_score: {'accuracy': 0.84486, 'balanced_accuracy': 0.8307466418348497, 'f1_macro': 0.8313806930276947, 'f1_micro': 0.84486, 'f1_weighted': 0.844785206687197, 'precision_macro': 0.8329872352973103, 'precision_micro': 0.84486, 'precision_weighted': 0.8456731756597883, 'recall_macro': 0.8307466418348497, 'recall_micro': 0.84486, 'recall_weighted': 0.84486}
Validation statistic: Loss: 0.3805, dev_score: {'accuracy': 0.8929222608983922, 'balanced_accuracy': 0.8903348575851113, 'f1_macro': 0.8912540811566132, 'f1_micro': 0.8929222608983922, 'f1_weighted': 0.8930162043740415, 'precision_macro': 0.8957955032645092, 'precision_micro': 0.8929222608983922, 'precision_weighted': 0.8966712386113393, 'recall_macro': 0.8903348575851113, 'recall_micro': 0.8929222608983922, 'recall_weighted': 0.8929222608983922}
-----------------------
Epoch 27/100
Training statistic: Loss: 0.4093, train_score: {'accuracy': 0.84545, 'balanced_accuracy': 0.83039992527455, 'f1_macro': 0.8316940475918091, 'f1_micro': 0.84545, 'f1_weighted': 0.8448034642629035, 'precision_macro': 0.8354252188073445, 'precision_micro': 0.84545, 'precision_weighted': 0.8465737022089045, 'recall_macro': 0.83039992527455, 'recall_micro': 0.84545, 'recall_weighted': 0.84545}
Validation statistic: Loss: 0.3761, dev_score: {'accuracy': 0.8929222608983922, 'balanced_accuracy': 0.8903919510420707, 'f1_macro': 0.8911129314889168, 'f1_micro': 0.8929222608983922, 'f1_weighted': 0.892826406907867, 'precision_macro': 0.8949091532943447, 'precision_micro': 0.8929222608983922, 'precision_weighted': 0.8957172871320785, 'recall_macro': 0.8903919510420707, 'recall_micro': 0.8929222608983922, 'recall_weighted': 0.8929222608983922}
Saving model...
Model saved!
-------------------------------------------
-----------------------
Epoch 28/100
Training statistic: Loss: 0.4084, train_score: {'accuracy': 0.84624, 'balanced_accuracy': 0.834457322104381, 'f1_macro': 0.8339704026815582, 'f1_micro': 0.84624, 'f1_weighted': 0.8461770310386234, 'precision_macro': 0.8353275472620088, 'precision_micro': 0.84624, 'precision_weighted': 0.8481520913821557, 'recall_macro': 0.834457322104381, 'recall_micro': 0.84624, 'recall_weighted': 0.84624}
Validation statistic: Loss: 0.3750, dev_score: {'accuracy': 0.8940825459970164, 'balanced_accuracy': 0.8917026845229667, 'f1_macro': 0.8925601237453265, 'f1_micro': 0.8940825459970164, 'f1_weighted': 0.8942750165233658, 'precision_macro': 0.8964761426992022, 'precision_micro': 0.8940825459970164, 'precision_weighted': 0.8974682809415493, 'recall_macro': 0.8917026845229667, 'recall_micro': 0.8940825459970164, 'recall_weighted': 0.8940825459970164}
Saving model...
Model saved!
-------------------------------------------
-----------------------
Epoch 29/100
Training statistic: Loss: 0.4004, train_score: {'accuracy': 0.85146, 'balanced_accuracy': 0.8378131460832551, 'f1_macro': 0.8384995723870734, 'f1_micro': 0.85146, 'f1_weighted': 0.8509189139091459, 'precision_macro': 0.8413289510913635, 'precision_micro': 0.85146, 'precision_weighted': 0.8522425450179552, 'recall_macro': 0.8378131460832551, 'recall_micro': 0.85146, 'recall_weighted': 0.85146}
Validation statistic: Loss: 0.3765, dev_score: {'accuracy': 0.8934195259406597, 'balanced_accuracy': 0.8908416884744558, 'f1_macro': 0.891537459261507, 'f1_micro': 0.8934195259406597, 'f1_weighted': 0.8933127375584098, 'precision_macro': 0.8953560359850179, 'precision_micro': 0.8934195259406597, 'precision_weighted': 0.8962478253773288, 'recall_macro': 0.8908416884744558, 'recall_micro': 0.8934195259406597, 'recall_weighted': 0.8934195259406597}
-----------------------
Epoch 30/100
Training statistic: Loss: 0.4029, train_score: {'accuracy': 0.85047, 'balanced_accuracy': 0.8352128278866235, 'f1_macro': 0.8377279161449259, 'f1_micro': 0.85047, 'f1_weighted': 0.8502259799650815, 'precision_macro': 0.841798195159915, 'precision_micro': 0.85047, 'precision_weighted': 0.8516194363839825, 'recall_macro': 0.8352128278866235, 'recall_micro': 0.85047, 'recall_weighted': 0.85047}
Validation statistic: Loss: 0.3766, dev_score: {'accuracy': 0.8959058511519974, 'balanced_accuracy': 0.8935904519552642, 'f1_macro': 0.8941684276640822, 'f1_micro': 0.8959058511519974, 'f1_weighted': 0.8959005060120909, 'precision_macro': 0.8976197753895923, 'precision_micro': 0.8959058511519974, 'precision_weighted': 0.898695987964357, 'recall_macro': 0.8935904519552642, 'recall_micro': 0.8959058511519974, 'recall_weighted': 0.8959058511519974}
-----------------------
Epoch 31/100
Training statistic: Loss: 0.3943, train_score: {'accuracy': 0.85427, 'balanced_accuracy': 0.83923435727926, 'f1_macro': 0.8418139027324797, 'f1_micro': 0.85427, 'f1_weighted': 0.8540922719629975, 'precision_macro': 0.8459316586452184, 'precision_micro': 0.85427, 'precision_weighted': 0.8555243157287531, 'recall_macro': 0.83923435727926, 'recall_micro': 0.85427, 'recall_weighted': 0.85427}
Validation statistic: Loss: 0.3920, dev_score: {'accuracy': 0.8917619757997679, 'balanced_accuracy': 0.8891461963524797, 'f1_macro': 0.8901421986265017, 'f1_micro': 0.8917619757997679, 'f1_weighted': 0.891957660481908, 'precision_macro': 0.895046963859134, 'precision_micro': 0.8917619757997679, 'precision_weighted': 0.8959953373193427, 'recall_macro': 0.8891461963524797, 'recall_micro': 0.8917619757997679, 'recall_weighted': 0.8917619757997679}
-----------------------
Epoch 32/100
Training statistic: Loss: 0.3902, train_score: {'accuracy': 0.85689, 'balanced_accuracy': 0.8436372769380924, 'f1_macro': 0.8444314613875488, 'f1_micro': 0.85689, 'f1_weighted': 0.8565947372544443, 'precision_macro': 0.8469009689014975, 'precision_micro': 0.85689, 'precision_weighted': 0.8579317010117374, 'recall_macro': 0.8436372769380924, 'recall_micro': 0.85689, 'recall_weighted': 0.85689}
Validation statistic: Loss: 0.3830, dev_score: {'accuracy': 0.8954085861097298, 'balanced_accuracy': 0.893030141066987, 'f1_macro': 0.8938786722010837, 'f1_micro': 0.8954085861097298, 'f1_weighted': 0.8955881423338254, 'precision_macro': 0.8979244215504096, 'precision_micro': 0.8954085861097298, 'precision_weighted': 0.8989376712622371, 'recall_macro': 0.893030141066987, 'recall_micro': 0.8954085861097298, 'recall_weighted': 0.8954085861097298}
-----------------------
Epoch 33/100
Training statistic: Loss: 0.3835, train_score: {'accuracy': 0.85833, 'balanced_accuracy': 0.8428687552741778, 'f1_macro': 0.8465061435205467, 'f1_micro': 0.85833, 'f1_weighted': 0.8580837249838891, 'precision_macro': 0.8516018196023187, 'precision_micro': 0.85833, 'precision_weighted': 0.8592781705563332, 'recall_macro': 0.8428687552741778, 'recall_micro': 0.85833, 'recall_weighted': 0.85833}
Validation statistic: Loss: 0.3876, dev_score: {'accuracy': 0.8935852809547489, 'balanced_accuracy': 0.8910523489375558, 'f1_macro': 0.8919524434427613, 'f1_micro': 0.8935852809547489, 'f1_weighted': 0.8937912370695906, 'precision_macro': 0.8960879783505312, 'precision_micro': 0.8935852809547489, 'precision_weighted': 0.8971958056399798, 'recall_macro': 0.8910523489375558, 'recall_micro': 0.8935852809547489, 'recall_weighted': 0.8935852809547489}
-----------------------
Epoch 34/100
Training statistic: Loss: 0.3808, train_score: {'accuracy': 0.85872, 'balanced_accuracy': 0.8469661180346753, 'f1_macro': 0.8477269429355261, 'f1_micro': 0.85872, 'f1_weighted': 0.8590819881238835, 'precision_macro': 0.8494838709825215, 'precision_micro': 0.85872, 'precision_weighted': 0.8606060268263708, 'recall_macro': 0.8469661180346753, 'recall_micro': 0.85872, 'recall_weighted': 0.85872}
Validation statistic: Loss: 0.3869, dev_score: {'accuracy': 0.894579811039284, 'balanced_accuracy': 0.892153720656162, 'f1_macro': 0.8930031355223497, 'f1_micro': 0.894579811039284, 'f1_weighted': 0.894702931583572, 'precision_macro': 0.8967904644949061, 'precision_micro': 0.894579811039284, 'precision_weighted': 0.897722158180566, 'recall_macro': 0.892153720656162, 'recall_micro': 0.894579811039284, 'recall_weighted': 0.894579811039284}
-----------------------
Epoch 35/100
Training statistic: Loss: 0.3770, train_score: {'accuracy': 0.86058, 'balanced_accuracy': 0.8491489243583805, 'f1_macro': 0.8497980786305932, 'f1_micro': 0.86058, 'f1_weighted': 0.8606164061752318, 'precision_macro': 0.8523713923476229, 'precision_micro': 0.86058, 'precision_weighted': 0.862804579037128, 'recall_macro': 0.8491489243583805, 'recall_micro': 0.86058, 'recall_weighted': 0.86058}
Validation statistic: Loss: 0.3797, dev_score: {'accuracy': 0.8977291563069782, 'balanced_accuracy': 0.8954511312205906, 'f1_macro': 0.8962898791519894, 'f1_micro': 0.8977291563069782, 'f1_weighted': 0.8978934593716585, 'precision_macro': 0.8995646549825003, 'precision_micro': 0.8977291563069782, 'precision_weighted': 0.9004576007810947, 'recall_macro': 0.8954511312205906, 'recall_micro': 0.8977291563069782, 'recall_weighted': 0.8977291563069782}
-----------------------
Epoch 36/100
Training statistic: Loss: 0.3742, train_score: {'accuracy': 0.86248, 'balanced_accuracy': 0.8517890248957327, 'f1_macro': 0.8520554637788613, 'f1_micro': 0.86248, 'f1_weighted': 0.8625805391104505, 'precision_macro': 0.8542688743062031, 'precision_micro': 0.86248, 'precision_weighted': 0.8649492369454929, 'recall_macro': 0.8517890248957327, 'recall_micro': 0.86248, 'recall_weighted': 0.86248}
Validation statistic: Loss: 0.3810, dev_score: {'accuracy': 0.8982264213492458, 'balanced_accuracy': 0.8959901612583083, 'f1_macro': 0.8968153840518276, 'f1_micro': 0.8982264213492458, 'f1_weighted': 0.8984442060217535, 'precision_macro': 0.9002223427013201, 'precision_micro': 0.8982264213492458, 'precision_weighted': 0.9012007214402069, 'recall_macro': 0.8959901612583083, 'recall_micro': 0.8982264213492458, 'recall_weighted': 0.8982264213492458}
-----------------------
Epoch 37/100
Training statistic: Loss: 0.3674, train_score: {'accuracy': 0.86605, 'balanced_accuracy': 0.8549158064863749, 'f1_macro': 0.8554317432218113, 'f1_micro': 0.86605, 'f1_weighted': 0.8661076754253917, 'precision_macro': 0.8569231482161175, 'precision_micro': 0.86605, 'precision_weighted': 0.8673698466439473, 'recall_macro': 0.8549158064863749, 'recall_micro': 0.86605, 'recall_weighted': 0.86605}
Validation statistic: Loss: 0.3798, dev_score: {'accuracy': 0.8972318912647108, 'balanced_accuracy': 0.8949883654754125, 'f1_macro': 0.8958798660474334, 'f1_micro': 0.8972318912647108, 'f1_weighted': 0.8973891348176783, 'precision_macro': 0.8998422772499733, 'precision_micro': 0.8972318912647108, 'precision_weighted': 0.9005845188431869, 'recall_macro': 0.8949883654754125, 'recall_micro': 0.8972318912647108, 'recall_weighted': 0.8972318912647108}
-----------------------
Epoch 38/100
Training statistic: Loss: 0.3621, train_score: {'accuracy': 0.86722, 'balanced_accuracy': 0.8546771767907799, 'f1_macro': 0.8567972437434003, 'f1_micro': 0.86722, 'f1_weighted': 0.8673253720027148, 'precision_macro': 0.8599725238983986, 'precision_micro': 0.86722, 'precision_weighted': 0.8684417099228569, 'recall_macro': 0.8546771767907799, 'recall_micro': 0.86722, 'recall_weighted': 0.86722}
Validation statistic: Loss: 0.3836, dev_score: {'accuracy': 0.8935852809547489, 'balanced_accuracy': 0.8910581016378896, 'f1_macro': 0.892074264339489, 'f1_micro': 0.8935852809547489, 'f1_weighted': 0.8938342267781847, 'precision_macro': 0.8964521991113312, 'precision_micro': 0.8935852809547489, 'precision_weighted': 0.8973888651255887, 'recall_macro': 0.8910581016378896, 'recall_micro': 0.8935852809547489, 'recall_weighted': 0.8935852809547489}
-----------------------
Epoch 39/100
Training statistic: Loss: 0.3543, train_score: {'accuracy': 0.87245, 'balanced_accuracy': 0.8609508993921443, 'f1_macro': 0.8618254628002185, 'f1_micro': 0.87245, 'f1_weighted': 0.8722707145629696, 'precision_macro': 0.8632249011664351, 'precision_micro': 0.87245, 'precision_weighted': 0.8725746868552691, 'recall_macro': 0.8609508993921443, 'recall_micro': 0.87245, 'recall_weighted': 0.87245}
Validation statistic: Loss: 0.3872, dev_score: {'accuracy': 0.8967346262224433, 'balanced_accuracy': 0.8939894360308154, 'f1_macro': 0.8951888414469936, 'f1_micro': 0.8967346262224433, 'f1_weighted': 0.8968974614024878, 'precision_macro': 0.9001332579387563, 'precision_micro': 0.8967346262224433, 'precision_weighted': 0.9007418398507654, 'recall_macro': 0.8939894360308154, 'recall_micro': 0.8967346262224433, 'recall_weighted': 0.8967346262224433}
-----------------------
Epoch 40/100
Training statistic: Loss: 0.3548, train_score: {'accuracy': 0.87088, 'balanced_accuracy': 0.8595540536513985, 'f1_macro': 0.8607085727605499, 'f1_micro': 0.87088, 'f1_weighted': 0.8710150262727897, 'precision_macro': 0.8626753949340117, 'precision_micro': 0.87088, 'precision_weighted': 0.8720361616555686, 'recall_macro': 0.8595540536513985, 'recall_micro': 0.87088, 'recall_weighted': 0.87088}
Validation statistic: Loss: 0.3959, dev_score: {'accuracy': 0.8920934858279463, 'balanced_accuracy': 0.8893387492307465, 'f1_macro': 0.8904788151169235, 'f1_micro': 0.8920934858279463, 'f1_weighted': 0.8923442054631616, 'precision_macro': 0.8956187335372308, 'precision_micro': 0.8920934858279463, 'precision_weighted': 0.8965244059368915, 'recall_macro': 0.8893387492307465, 'recall_micro': 0.8920934858279463, 'recall_weighted': 0.8920934858279463}
-----------------------
Epoch 41/100
Training statistic: Loss: 0.3464, train_score: {'accuracy': 0.87498, 'balanced_accuracy': 0.8628523401650374, 'f1_macro': 0.8647807022038618, 'f1_micro': 0.87498, 'f1_weighted': 0.8746763184047011, 'precision_macro': 0.867547987629729, 'precision_micro': 0.87498, 'precision_weighted': 0.8751606360885751, 'recall_macro': 0.8628523401650374, 'recall_micro': 0.87498, 'recall_weighted': 0.87498}
Validation statistic: Loss: 0.3845, dev_score: {'accuracy': 0.8975634012928891, 'balanced_accuracy': 0.894992996849296, 'f1_macro': 0.8959568513487364, 'f1_micro': 0.8975634012928891, 'f1_weighted': 0.89765684585617, 'precision_macro': 0.9000635248846158, 'precision_micro': 0.8975634012928891, 'precision_weighted': 0.9008568938116106, 'recall_macro': 0.894992996849296, 'recall_micro': 0.8975634012928891, 'recall_weighted': 0.8975634012928891}
-----------------------
Epoch 42/100
Training statistic: Loss: 0.3441, train_score: {'accuracy': 0.87603, 'balanced_accuracy': 0.8616450335590633, 'f1_macro': 0.8656191990386064, 'f1_micro': 0.87603, 'f1_weighted': 0.8757219767533497, 'precision_macro': 0.8708934918185609, 'precision_micro': 0.87603, 'precision_weighted': 0.8767183865415232, 'recall_macro': 0.8616450335590633, 'recall_micro': 0.87603, 'recall_weighted': 0.87603}
Validation statistic: Loss: 0.3800, dev_score: {'accuracy': 0.8969003812365324, 'balanced_accuracy': 0.894428327069632, 'f1_macro': 0.8952451759988836, 'f1_micro': 0.8969003812365324, 'f1_weighted': 0.8969125641176748, 'precision_macro': 0.8989027525300841, 'precision_micro': 0.8969003812365324, 'precision_weighted': 0.8997102547656829, 'recall_macro': 0.894428327069632, 'recall_micro': 0.8969003812365324, 'recall_weighted': 0.8969003812365324}
-----------------------
Epoch 43/100
Training statistic: Loss: 0.3379, train_score: {'accuracy': 0.87857, 'balanced_accuracy': 0.8658156287501784, 'f1_macro': 0.868401476759477, 'f1_micro': 0.87857, 'f1_weighted': 0.8784443300079291, 'precision_macro': 0.8724056495414013, 'precision_micro': 0.87857, 'precision_weighted': 0.8797114897955903, 'recall_macro': 0.8658156287501784, 'recall_micro': 0.87857, 'recall_weighted': 0.87857}
Validation statistic: Loss: 0.3895, dev_score: {'accuracy': 0.896568871208354, 'balanced_accuracy': 0.894071997253681, 'f1_macro': 0.8948455699121658, 'f1_micro': 0.896568871208354, 'f1_weighted': 0.8966459248062989, 'precision_macro': 0.8987103396452678, 'precision_micro': 0.896568871208354, 'precision_weighted': 0.8997654663103324, 'recall_macro': 0.894071997253681, 'recall_micro': 0.896568871208354, 'recall_weighted': 0.896568871208354}
-----------------------
Epoch 44/100
Training statistic: Loss: 0.3377, train_score: {'accuracy': 0.87822, 'balanced_accuracy': 0.8683197805138523, 'f1_macro': 0.8689486558664195, 'f1_micro': 0.87822, 'f1_weighted': 0.8783852580392914, 'precision_macro': 0.8704170162103508, 'precision_micro': 0.87822, 'precision_weighted': 0.8794590896820842, 'recall_macro': 0.8683197805138523, 'recall_micro': 0.87822, 'recall_weighted': 0.87822}
Validation statistic: Loss: 0.3877, dev_score: {'accuracy': 0.8990551964196917, 'balanced_accuracy': 0.8967829463962097, 'f1_macro': 0.8975635744808548, 'f1_micro': 0.8990551964196917, 'f1_weighted': 0.89915105939658, 'precision_macro': 0.9013267596785542, 'precision_micro': 0.8990551964196917, 'precision_weighted': 0.9021955533623306, 'recall_macro': 0.8967829463962097, 'recall_micro': 0.8990551964196917, 'recall_weighted': 0.8990551964196917}
-----------------------
Epoch 45/100
Training statistic: Loss: 0.3333, train_score: {'accuracy': 0.88017, 'balanced_accuracy': 0.87300001418206, 'f1_macro': 0.8708756202740677, 'f1_micro': 0.88017, 'f1_weighted': 0.880478632762737, 'precision_macro': 0.8696778347204737, 'precision_micro': 0.88017, 'precision_weighted': 0.8816987668353187, 'recall_macro': 0.87300001418206, 'recall_micro': 0.88017, 'recall_weighted': 0.88017}
Validation statistic: Loss: 0.3854, dev_score: {'accuracy': 0.8962373611801757, 'balanced_accuracy': 0.8936607068594652, 'f1_macro': 0.8944901474341943, 'f1_micro': 0.8962373611801757, 'f1_weighted': 0.8963217052516073, 'precision_macro': 0.8983066803352375, 'precision_micro': 0.8962373611801757, 'precision_weighted': 0.8993428858769028, 'recall_macro': 0.8936607068594652, 'recall_micro': 0.8962373611801757, 'recall_weighted': 0.8962373611801757}
-----------------------
Epoch 46/100
Training statistic: Loss: 0.3297, train_score: {'accuracy': 0.88242, 'balanced_accuracy': 0.8701338720549796, 'f1_macro': 0.8723663162666705, 'f1_micro': 0.88242, 'f1_weighted': 0.8823873412691475, 'precision_macro': 0.8759373065877103, 'precision_micro': 0.88242, 'precision_weighted': 0.8835357814308549, 'recall_macro': 0.8701338720549796, 'recall_micro': 0.88242, 'recall_weighted': 0.88242}
Validation statistic: Loss: 0.3989, dev_score: {'accuracy': 0.8949113210674623, 'balanced_accuracy': 0.8922626488655881, 'f1_macro': 0.893075317060571, 'f1_micro': 0.8949113210674623, 'f1_weighted': 0.8948888221941579, 'precision_macro': 0.897146266847264, 'precision_micro': 0.8949113210674623, 'precision_weighted': 0.898065571107108, 'recall_macro': 0.8922626488655881, 'recall_micro': 0.8949113210674623, 'recall_weighted': 0.8949113210674623}
-----------------------
Epoch 47/100
Training statistic: Loss: 0.3226, train_score: {'accuracy': 0.8848, 'balanced_accuracy': 0.8734023717884829, 'f1_macro': 0.8754985624196605, 'f1_micro': 0.8848, 'f1_weighted': 0.8846821755661793, 'precision_macro': 0.8783702018137619, 'precision_micro': 0.8848, 'precision_weighted': 0.8852438119275168, 'recall_macro': 0.8734023717884829, 'recall_micro': 0.8848, 'recall_weighted': 0.8848}
Validation statistic: Loss: 0.3902, dev_score: {'accuracy': 0.895574341123819, 'balanced_accuracy': 0.8928981473426034, 'f1_macro': 0.8938630143715678, 'f1_micro': 0.895574341123819, 'f1_weighted': 0.8956438350696974, 'precision_macro': 0.8979959945669792, 'precision_micro': 0.895574341123819, 'precision_weighted': 0.8988330472510973, 'recall_macro': 0.8928981473426034, 'recall_micro': 0.895574341123819, 'recall_weighted': 0.895574341123819}
-----------------------
Epoch 48/100
Training statistic: Loss: 0.3246, train_score: {'accuracy': 0.88715, 'balanced_accuracy': 0.8772755836812907, 'f1_macro': 0.8784254583375596, 'f1_micro': 0.88715, 'f1_weighted': 0.8872573310703207, 'precision_macro': 0.8802223957673764, 'precision_micro': 0.88715, 'precision_weighted': 0.8880983375380408, 'recall_macro': 0.8772755836812907, 'recall_micro': 0.88715, 'recall_weighted': 0.88715}
Validation statistic: Loss: 0.3868, dev_score: {'accuracy': 0.8992209514337809, 'balanced_accuracy': 0.8966126000051113, 'f1_macro': 0.8976147738760847, 'f1_micro': 0.8992209514337809, 'f1_weighted': 0.8993746584830737, 'precision_macro': 0.9015997121111898, 'precision_micro': 0.8992209514337809, 'precision_weighted': 0.9024817946142483, 'recall_macro': 0.8966126000051113, 'recall_micro': 0.8992209514337809, 'recall_weighted': 0.8992209514337809}
-----------------------
Epoch 49/100
Training statistic: Loss: 0.3228, train_score: {'accuracy': 0.88686, 'balanced_accuracy': 0.8749803803560846, 'f1_macro': 0.877308641870402, 'f1_micro': 0.88686, 'f1_weighted': 0.8867085401860078, 'precision_macro': 0.8807286066619942, 'precision_micro': 0.88686, 'precision_weighted': 0.887560948415817, 'recall_macro': 0.8749803803560846, 'recall_micro': 0.88686, 'recall_weighted': 0.88686}
Validation statistic: Loss: 0.4011, dev_score: {'accuracy': 0.8957400961379082, 'balanced_accuracy': 0.893137076576956, 'f1_macro': 0.8940794223040436, 'f1_micro': 0.8957400961379082, 'f1_weighted': 0.8959146322973549, 'precision_macro': 0.8982138660976343, 'precision_micro': 0.8957400961379082, 'precision_weighted': 0.8992426946860307, 'recall_macro': 0.893137076576956, 'recall_micro': 0.8957400961379082, 'recall_weighted': 0.8957400961379082}
-----------------------
Epoch 50/100
Training statistic: Loss: 0.3205, train_score: {'accuracy': 0.88731, 'balanced_accuracy': 0.8782554927929663, 'f1_macro': 0.8795030048952877, 'f1_micro': 0.88731, 'f1_weighted': 0.8876331310561787, 'precision_macro': 0.8817694954876412, 'precision_micro': 0.88731, 'precision_weighted': 0.8891350801635509, 'recall_macro': 0.8782554927929663, 'recall_micro': 0.88731, 'recall_weighted': 0.88731}
Validation statistic: Loss: 0.4033, dev_score: {'accuracy': 0.8937510359688381, 'balanced_accuracy': 0.8908755412470393, 'f1_macro': 0.8919898593348098, 'f1_micro': 0.8937510359688381, 'f1_weighted': 0.8939301968672476, 'precision_macro': 0.8969204779744551, 'precision_micro': 0.8937510359688381, 'precision_weighted': 0.8978717963053288, 'recall_macro': 0.8908755412470393, 'recall_micro': 0.8937510359688381, 'recall_weighted': 0.8937510359688381}
-----------------------
Epoch 51/100
Training statistic: Loss: 0.3140, train_score: {'accuracy': 0.89111, 'balanced_accuracy': 0.8808579429922683, 'f1_macro': 0.8822874564703256, 'f1_micro': 0.89111, 'f1_weighted': 0.8910109738966299, 'precision_macro': 0.8847912524023626, 'precision_micro': 0.89111, 'precision_weighted': 0.8921342956868441, 'recall_macro': 0.8808579429922683, 'recall_micro': 0.89111, 'recall_weighted': 0.89111}
Validation statistic: Loss: 0.3927, dev_score: {'accuracy': 0.8978949113210675, 'balanced_accuracy': 0.8953555349779674, 'f1_macro': 0.8963203894091156, 'f1_micro': 0.8978949113210675, 'f1_weighted': 0.8980083937610747, 'precision_macro': 0.900077832976312, 'precision_micro': 0.8978949113210675, 'precision_weighted': 0.9008792860450827, 'recall_macro': 0.8953555349779674, 'recall_micro': 0.8978949113210675, 'recall_weighted': 0.8978949113210675}
-----------------------
Epoch 52/100
Training statistic: Loss: 0.3089, train_score: {'accuracy': 0.89198, 'balanced_accuracy': 0.8824738437781763, 'f1_macro': 0.8832594658233077, 'f1_micro': 0.89198, 'f1_weighted': 0.8919128421803283, 'precision_macro': 0.88577605068211, 'precision_micro': 0.89198, 'precision_weighted': 0.8935006586537878, 'recall_macro': 0.8824738437781763, 'recall_micro': 0.89198, 'recall_weighted': 0.89198}
Validation statistic: Loss: 0.3926, dev_score: {'accuracy': 0.8990551964196917, 'balanced_accuracy': 0.8966652219205844, 'f1_macro': 0.8974808041588334, 'f1_micro': 0.8990551964196917, 'f1_weighted': 0.899182667892426, 'precision_macro': 0.9011273511362262, 'precision_micro': 0.8990551964196917, 'precision_weighted': 0.9021085251339831, 'recall_macro': 0.8966652219205844, 'recall_micro': 0.8990551964196917, 'recall_weighted': 0.8990551964196917}
-----------------------
Epoch 53/100
Training statistic: Loss: 0.3056, train_score: {'accuracy': 0.89443, 'balanced_accuracy': 0.8872806921790776, 'f1_macro': 0.8867869972961634, 'f1_micro': 0.89443, 'f1_weighted': 0.8947759674734946, 'precision_macro': 0.8873613078674427, 'precision_micro': 0.89443, 'precision_weighted': 0.89628261554976, 'recall_macro': 0.8872806921790776, 'recall_micro': 0.89443, 'recall_weighted': 0.89443}
Validation statistic: Loss: 0.3847, dev_score: {'accuracy': 0.8985579313774241, 'balanced_accuracy': 0.8960872185093521, 'f1_macro': 0.8970023010364455, 'f1_micro': 0.8985579313774241, 'f1_weighted': 0.8987558146648554, 'precision_macro': 0.9005380004858035, 'precision_micro': 0.8985579313774241, 'precision_weighted': 0.9015530634170411, 'recall_macro': 0.8960872185093521, 'recall_micro': 0.8985579313774241, 'recall_weighted': 0.8985579313774241}
-----------------------
Epoch 54/100
Training statistic: Loss: 0.3038, train_score: {'accuracy': 0.89647, 'balanced_accuracy': 0.8869948624197193, 'f1_macro': 0.8881159749894764, 'f1_micro': 0.89647, 'f1_weighted': 0.8963976801278861, 'precision_macro': 0.8901888782844452, 'precision_micro': 0.89647, 'precision_weighted': 0.8973582810902467, 'recall_macro': 0.8869948624197193, 'recall_micro': 0.89647, 'recall_weighted': 0.89647}
Validation statistic: Loss: 0.3854, dev_score: {'accuracy': 0.8985579313774241, 'balanced_accuracy': 0.8961341852012392, 'f1_macro': 0.896989240462277, 'f1_micro': 0.8985579313774241, 'f1_weighted': 0.8986613405179495, 'precision_macro': 0.9003896316431869, 'precision_micro': 0.8985579313774241, 'precision_weighted': 0.9012936341363004, 'recall_macro': 0.8961341852012392, 'recall_micro': 0.8985579313774241, 'recall_weighted': 0.8985579313774241}
-----------------------
Epoch 55/100
Training statistic: Loss: 0.3016, train_score: {'accuracy': 0.89622, 'balanced_accuracy': 0.887876913366137, 'f1_macro': 0.888253252173827, 'f1_micro': 0.89622, 'f1_weighted': 0.8966041247596108, 'precision_macro': 0.8898298580551073, 'precision_micro': 0.89622, 'precision_weighted': 0.8982352796644595, 'recall_macro': 0.887876913366137, 'recall_micro': 0.89622, 'recall_weighted': 0.89622}
Validation statistic: Loss: 0.3917, dev_score: {'accuracy': 0.8975634012928891, 'balanced_accuracy': 0.8949422700498921, 'f1_macro': 0.8960136338120378, 'f1_micro': 0.8975634012928891, 'f1_weighted': 0.8977870088165881, 'precision_macro': 0.9001433099306995, 'precision_micro': 0.8975634012928891, 'precision_weighted': 0.9010310415971171, 'recall_macro': 0.8949422700498921, 'recall_micro': 0.8975634012928891, 'recall_weighted': 0.8975634012928891}
-----------------------
Epoch 56/100
Training statistic: Loss: 0.2951, train_score: {'accuracy': 0.89969, 'balanced_accuracy': 0.891844991410472, 'f1_macro': 0.8915769911381904, 'f1_micro': 0.89969, 'f1_weighted': 0.8997979525831081, 'precision_macro': 0.8917783037417115, 'precision_micro': 0.89969, 'precision_weighted': 0.9003649651776132, 'recall_macro': 0.891844991410472, 'recall_micro': 0.89969, 'recall_weighted': 0.89969}
Validation statistic: Loss: 0.3988, dev_score: {'accuracy': 0.8929222608983922, 'balanced_accuracy': 0.8900742541136619, 'f1_macro': 0.891258661351852, 'f1_micro': 0.8929222608983922, 'f1_weighted': 0.8931620072429787, 'precision_macro': 0.8960345444301234, 'precision_micro': 0.8929222608983922, 'precision_weighted': 0.8969609262883758, 'recall_macro': 0.8900742541136619, 'recall_micro': 0.8929222608983922, 'recall_weighted': 0.8929222608983922}
-----------------------
Epoch 57/100
Training statistic: Loss: 0.2933, train_score: {'accuracy': 0.90117, 'balanced_accuracy': 0.8896443800642644, 'f1_macro': 0.892904517845956, 'f1_micro': 0.90117, 'f1_weighted': 0.9011284873269938, 'precision_macro': 0.896826606208877, 'precision_micro': 0.90117, 'precision_weighted': 0.9017308272307124, 'recall_macro': 0.8896443800642644, 'recall_micro': 0.90117, 'recall_weighted': 0.90117}
Validation statistic: Loss: 0.3970, dev_score: {'accuracy': 0.8960716061660865, 'balanced_accuracy': 0.8934975742174075, 'f1_macro': 0.8944602956057054, 'f1_micro': 0.8960716061660865, 'f1_weighted': 0.8963085909368653, 'precision_macro': 0.899063202877184, 'precision_micro': 0.8960716061660865, 'precision_weighted': 0.9001511223159258, 'recall_macro': 0.8934975742174075, 'recall_micro': 0.8960716061660865, 'recall_weighted': 0.8960716061660865}
-----------------------
Epoch 58/100
Training statistic: Loss: 0.2900, train_score: {'accuracy': 0.90116, 'balanced_accuracy': 0.8926090787847754, 'f1_macro': 0.8932381163695929, 'f1_micro': 0.90116, 'f1_weighted': 0.901232196139084, 'precision_macro': 0.8950559791322625, 'precision_micro': 0.90116, 'precision_weighted': 0.9022028317344114, 'recall_macro': 0.8926090787847754, 'recall_micro': 0.90116, 'recall_weighted': 0.90116}
Validation statistic: Loss: 0.4090, dev_score: {'accuracy': 0.8957400961379082, 'balanced_accuracy': 0.8930511283967606, 'f1_macro': 0.8941373722634338, 'f1_micro': 0.8957400961379082, 'f1_weighted': 0.8958874889907411, 'precision_macro': 0.8989611902894682, 'precision_micro': 0.8957400961379082, 'precision_weighted': 0.8996838078491215, 'recall_macro': 0.8930511283967606, 'recall_micro': 0.8957400961379082, 'recall_weighted': 0.8957400961379082}
-----------------------
Epoch 59/100
Training statistic: Loss: 0.2836, train_score: {'accuracy': 0.90343, 'balanced_accuracy': 0.8955598991234869, 'f1_macro': 0.8964044298419749, 'f1_micro': 0.90343, 'f1_weighted': 0.9034915289100572, 'precision_macro': 0.8978520930283717, 'precision_micro': 0.90343, 'precision_weighted': 0.9042440278762593, 'recall_macro': 0.8955598991234869, 'recall_micro': 0.90343, 'recall_weighted': 0.90343}
Validation statistic: Loss: 0.4108, dev_score: {'accuracy': 0.8959058511519974, 'balanced_accuracy': 0.8932514905444584, 'f1_macro': 0.8943176480997236, 'f1_micro': 0.8959058511519974, 'f1_weighted': 0.8961323499320758, 'precision_macro': 0.8988883359662573, 'precision_micro': 0.8959058511519974, 'precision_weighted': 0.8998127190755348, 'recall_macro': 0.8932514905444584, 'recall_micro': 0.8959058511519974, 'recall_weighted': 0.8959058511519974}
Early stopping by loss triggered!
Testing statistic: loss: 0.39719697376955587, scores: {'accuracy': 0.8844322900840677, 'balanced_accuracy': 0.8844567032511575, 'f1_macro': 0.8850054328704815, 'f1_micro': 0.8844322900840677, 'f1_weighted': 0.8850719307123246, 'precision_macro': 0.8892387653425056, 'precision_micro': 0.8844322900840677, 'precision_weighted': 0.8894086222230478, 'recall_macro': 0.8844567032511575, 'recall_micro': 0.8844322900840677, 'recall_weighted': 0.8844322900840677}
Finish training!
