=====Setting up data=====
Dataset name:mnist12
train_option:synthetic
augment_option:compare_dnn
mix_ratio:-1
n_sample:-1
Training dataset size: 100096 samples
Validation dataset size: 6144 samples

=====Setting up parameters for training=====
num_epochs: 100
learning_rate: 0.001
patience: 30
early_stop_criterion: loss
=====Setting up trainer=====
input_size: 144
model: DNN_MNIST12
----------------------------------------------------------------
        Layer (type)               Output Shape         Param #
================================================================
           Dropout-1                  [-1, 144]               0
            Linear-2                 [-1, 1024]         148,480
         LeakyReLU-3                 [-1, 1024]               0
       BatchNorm1d-4                 [-1, 1024]           2,048
           Dropout-5                 [-1, 1024]               0
            Linear-6                 [-1, 1024]       1,049,600
         LeakyReLU-7                 [-1, 1024]               0
       BatchNorm1d-8                 [-1, 1024]           2,048
           Dropout-9                 [-1, 1024]               0
           Linear-10                  [-1, 256]         262,400
        LeakyReLU-11                  [-1, 256]               0
      BatchNorm1d-12                  [-1, 256]             512
          Dropout-13                  [-1, 256]               0
           Linear-14                   [-1, 10]           2,570
================================================================
Total params: 1,467,658
Trainable params: 1,467,658
Non-trainable params: 0
----------------------------------------------------------------
Input size (MB): 0.00
Forward/backward pass size (MB): 0.07
Params size (MB): 5.60
Estimated Total Size (MB): 5.67
----------------------------------------------------------------
=====Setting up output files=====
weight_dir, weight_file: /home/thuy/Research/minh_data_synth/TabularDA/.cache/mnist_head_fixed_runtime_20261009/output/mnist_head_fixed_20261009/mnist12/weight/, mnist12_seed43_ctgan_full_dnn_synthetic.weights.pth
acc_dir, acc_file: /home/thuy/Research/minh_data_synth/TabularDA/.cache/mnist_head_fixed_runtime_20261009/output/mnist_head_fixed_20261009/mnist12/acc/, mnist12_seed43_ctgan_full_dnn_synthetic.epochs.csv
report_file: mnist12_seed43_ctgan_full_dnn_synthetic.report.txt
==========================================================================================
Start training...
-----------------------
Epoch 1/100
Training statistic: Loss: 0.9342, train_score: {'accuracy': 0.68187, 'balanced_accuracy': 0.6377093008693658, 'f1_macro': 0.6471827220191468, 'f1_micro': 0.68187, 'f1_weighted': 0.6774735157011679, 'precision_macro': 0.6646660757543894, 'precision_micro': 0.68187, 'precision_weighted': 0.6800308953239337, 'recall_macro': 0.6377093008693658, 'recall_micro': 0.68187, 'recall_weighted': 0.68187}
Validation statistic: Loss: 0.5408, dev_score: {'accuracy': 0.8430300016575502, 'balanced_accuracy': 0.8386579305437433, 'f1_macro': 0.8403312409146414, 'f1_micro': 0.8430300016575502, 'f1_weighted': 0.8433925441659899, 'precision_macro': 0.8510711744621011, 'precision_micro': 0.8430300016575502, 'precision_weighted': 0.852716941841183, 'recall_macro': 0.8386579305437433, 'recall_micro': 0.8430300016575502, 'recall_weighted': 0.8430300016575502}
Saving model...
Model saved!
-------------------------------------------
-----------------------
Epoch 2/100
Training statistic: Loss: 0.8274, train_score: {'accuracy': 0.71903, 'balanced_accuracy': 0.6810605734898889, 'f1_macro': 0.6891447103157856, 'f1_micro': 0.71903, 'f1_weighted': 0.7160064652984133, 'precision_macro': 0.7023295104259952, 'precision_micro': 0.71903, 'precision_weighted': 0.7171316142325357, 'recall_macro': 0.6810605734898889, 'recall_micro': 0.71903, 'recall_weighted': 0.71903}
Validation statistic: Loss: 0.4511, dev_score: {'accuracy': 0.8678932537709265, 'balanced_accuracy': 0.8651797813129869, 'f1_macro': 0.8663507328288576, 'f1_micro': 0.8678932537709265, 'f1_weighted': 0.8685068611762099, 'precision_macro': 0.8724380454433156, 'precision_micro': 0.8678932537709265, 'precision_weighted': 0.8739529061948069, 'recall_macro': 0.8651797813129869, 'recall_micro': 0.8678932537709265, 'recall_weighted': 0.8678932537709265}
Saving model...
Model saved!
-------------------------------------------
-----------------------
Epoch 3/100
Training statistic: Loss: 0.7719, train_score: {'accuracy': 0.73451, 'balanced_accuracy': 0.6943767484556881, 'f1_macro': 0.7061951070452109, 'f1_micro': 0.73451, 'f1_weighted': 0.7305001282682128, 'precision_macro': 0.7261190830260588, 'precision_micro': 0.73451, 'precision_weighted': 0.7341985346555906, 'recall_macro': 0.6943767484556881, 'recall_micro': 0.73451, 'recall_weighted': 0.73451}
Validation statistic: Loss: 0.4149, dev_score: {'accuracy': 0.8778385546162771, 'balanced_accuracy': 0.8749872638022452, 'f1_macro': 0.8763255546617646, 'f1_micro': 0.8778385546162771, 'f1_weighted': 0.8781211384655446, 'precision_macro': 0.8837340249173022, 'precision_micro': 0.8778385546162771, 'precision_weighted': 0.8843458429133217, 'recall_macro': 0.8749872638022452, 'recall_micro': 0.8778385546162771, 'recall_weighted': 0.8778385546162771}
Saving model...
Model saved!
-------------------------------------------
-----------------------
Epoch 4/100
Training statistic: Loss: 0.7260, train_score: {'accuracy': 0.74956, 'balanced_accuracy': 0.7190596992939832, 'f1_macro': 0.7246632428394446, 'f1_micro': 0.74956, 'f1_weighted': 0.7465959752961552, 'precision_macro': 0.7360038963537715, 'precision_micro': 0.74956, 'precision_weighted': 0.7499083323531665, 'recall_macro': 0.7190596992939832, 'recall_micro': 0.74956, 'recall_weighted': 0.74956}
Validation statistic: Loss: 0.3849, dev_score: {'accuracy': 0.8852975302502901, 'balanced_accuracy': 0.8826530140292522, 'f1_macro': 0.8837182380512647, 'f1_micro': 0.8852975302502901, 'f1_weighted': 0.8853032834697274, 'precision_macro': 0.8882958832967425, 'precision_micro': 0.8852975302502901, 'precision_weighted': 0.8887191948204416, 'recall_macro': 0.8826530140292522, 'recall_micro': 0.8852975302502901, 'recall_weighted': 0.8852975302502901}
Saving model...
Model saved!
-------------------------------------------
-----------------------
Epoch 5/100
Training statistic: Loss: 0.6948, train_score: {'accuracy': 0.76276, 'balanced_accuracy': 0.7281646301154832, 'f1_macro': 0.7384066979353946, 'f1_micro': 0.76276, 'f1_weighted': 0.7603837967874698, 'precision_macro': 0.752398944275793, 'precision_micro': 0.76276, 'precision_weighted': 0.7616449500072806, 'recall_macro': 0.7281646301154832, 'recall_micro': 0.76276, 'recall_weighted': 0.76276}
Validation statistic: Loss: 0.3746, dev_score: {'accuracy': 0.8852975302502901, 'balanced_accuracy': 0.882138238397981, 'f1_macro': 0.8834542178502567, 'f1_micro': 0.8852975302502901, 'f1_weighted': 0.8854758189151956, 'precision_macro': 0.8904859553528857, 'precision_micro': 0.8852975302502901, 'precision_weighted': 0.8912331371277933, 'recall_macro': 0.882138238397981, 'recall_micro': 0.8852975302502901, 'recall_weighted': 0.8852975302502901}
Saving model...
Model saved!
-------------------------------------------
-----------------------
Epoch 6/100
Training statistic: Loss: 0.6645, train_score: {'accuracy': 0.77426, 'balanced_accuracy': 0.7425206378703375, 'f1_macro': 0.7512089632661154, 'f1_micro': 0.77426, 'f1_weighted': 0.7718390118863849, 'precision_macro': 0.7643057417022752, 'precision_micro': 0.77426, 'precision_weighted': 0.7731343170412915, 'recall_macro': 0.7425206378703375, 'recall_micro': 0.77426, 'recall_weighted': 0.77426}
Validation statistic: Loss: 0.3462, dev_score: {'accuracy': 0.8964031161942648, 'balanced_accuracy': 0.8941077912803577, 'f1_macro': 0.895253902585815, 'f1_micro': 0.8964031161942648, 'f1_weighted': 0.8968082687587053, 'precision_macro': 0.8995791495060649, 'precision_micro': 0.8964031161942648, 'precision_weighted': 0.9003389407754425, 'recall_macro': 0.8941077912803577, 'recall_micro': 0.8964031161942648, 'recall_weighted': 0.8964031161942648}
Saving model...
Model saved!
-------------------------------------------
-----------------------
Epoch 7/100
Training statistic: Loss: 0.6423, train_score: {'accuracy': 0.7821, 'balanced_accuracy': 0.7556712072070007, 'f1_macro': 0.7618325376223503, 'f1_micro': 0.7821, 'f1_weighted': 0.7803473182684972, 'precision_macro': 0.7710801249664117, 'precision_micro': 0.7821, 'precision_weighted': 0.7820679454770035, 'recall_macro': 0.7556712072070007, 'recall_micro': 0.7821, 'recall_weighted': 0.7821}
Validation statistic: Loss: 0.3309, dev_score: {'accuracy': 0.9008785015746726, 'balanced_accuracy': 0.8988737540476816, 'f1_macro': 0.8998495201152978, 'f1_micro': 0.9008785015746726, 'f1_weighted': 0.9012202079186039, 'precision_macro': 0.903036648911686, 'precision_micro': 0.9008785015746726, 'precision_weighted': 0.9037125943435161, 'recall_macro': 0.8988737540476816, 'recall_micro': 0.9008785015746726, 'recall_weighted': 0.9008785015746726}
Saving model...
Model saved!
-------------------------------------------
-----------------------
Epoch 8/100
Training statistic: Loss: 0.6300, train_score: {'accuracy': 0.78616, 'balanced_accuracy': 0.7610961829281848, 'f1_macro': 0.7656606978002408, 'f1_micro': 0.78616, 'f1_weighted': 0.7839384298535484, 'precision_macro': 0.7765486442642108, 'precision_micro': 0.78616, 'precision_weighted': 0.7876202214372956, 'recall_macro': 0.7610961829281848, 'recall_micro': 0.78616, 'recall_weighted': 0.78616}
Validation statistic: Loss: 0.3238, dev_score: {'accuracy': 0.9015415216310293, 'balanced_accuracy': 0.8995337446717929, 'f1_macro': 0.9004357984781098, 'f1_micro': 0.9015415216310293, 'f1_weighted': 0.9016931991790699, 'precision_macro': 0.9036877436612629, 'precision_micro': 0.9015415216310293, 'precision_weighted': 0.9041256055491758, 'recall_macro': 0.8995337446717929, 'recall_micro': 0.9015415216310293, 'recall_weighted': 0.9015415216310293}
Saving model...
Model saved!
-------------------------------------------
-----------------------
Epoch 9/100
Training statistic: Loss: 0.6139, train_score: {'accuracy': 0.793, 'balanced_accuracy': 0.7630502668892747, 'f1_macro': 0.7721720309186269, 'f1_micro': 0.793, 'f1_weighted': 0.7907364154478445, 'precision_macro': 0.7856859941297542, 'precision_micro': 0.793, 'precision_weighted': 0.7926531408752288, 'recall_macro': 0.7630502668892747, 'recall_micro': 0.793, 'recall_weighted': 0.793}
Validation statistic: Loss: 0.3262, dev_score: {'accuracy': 0.9003812365324051, 'balanced_accuracy': 0.898037303005325, 'f1_macro': 0.899182468924389, 'f1_micro': 0.9003812365324051, 'f1_weighted': 0.9006108512669914, 'precision_macro': 0.9046889652484247, 'precision_micro': 0.9003812365324051, 'precision_weighted': 0.9050796343110642, 'recall_macro': 0.898037303005325, 'recall_micro': 0.9003812365324051, 'recall_weighted': 0.9003812365324051}
-----------------------
Epoch 10/100
Training statistic: Loss: 0.6078, train_score: {'accuracy': 0.79836, 'balanced_accuracy': 0.770173597331788, 'f1_macro': 0.7778149050800204, 'f1_micro': 0.79836, 'f1_weighted': 0.7967047211811208, 'precision_macro': 0.7887327985076695, 'precision_micro': 0.79836, 'precision_weighted': 0.7976654914974259, 'recall_macro': 0.770173597331788, 'recall_micro': 0.79836, 'recall_weighted': 0.79836}
Validation statistic: Loss: 0.3264, dev_score: {'accuracy': 0.9000497265042268, 'balanced_accuracy': 0.897364182342395, 'f1_macro': 0.8988645694987636, 'f1_micro': 0.9000497265042268, 'f1_weighted': 0.9004350397532229, 'precision_macro': 0.9065225340769446, 'precision_micro': 0.9000497265042268, 'precision_weighted': 0.906824262858048, 'recall_macro': 0.897364182342395, 'recall_micro': 0.9000497265042268, 'recall_weighted': 0.9000497265042268}
-----------------------
Epoch 11/100
Training statistic: Loss: 0.6017, train_score: {'accuracy': 0.79974, 'balanced_accuracy': 0.7725043399951078, 'f1_macro': 0.7806651708152826, 'f1_micro': 0.79974, 'f1_weighted': 0.7979253522957277, 'precision_macro': 0.7931762976474571, 'precision_micro': 0.79974, 'precision_weighted': 0.8000614477612249, 'recall_macro': 0.7725043399951078, 'recall_micro': 0.79974, 'recall_weighted': 0.79974}
Validation statistic: Loss: 0.3148, dev_score: {'accuracy': 0.9070114370959722, 'balanced_accuracy': 0.9049051388318403, 'f1_macro': 0.9059511920705126, 'f1_micro': 0.9070114370959722, 'f1_weighted': 0.9072321595535465, 'precision_macro': 0.9093918389690279, 'precision_micro': 0.9070114370959722, 'precision_weighted': 0.9097838632390245, 'recall_macro': 0.9049051388318403, 'recall_micro': 0.9070114370959722, 'recall_weighted': 0.9070114370959722}
Saving model...
Model saved!
-------------------------------------------
-----------------------
Epoch 12/100
Training statistic: Loss: 0.5869, train_score: {'accuracy': 0.80615, 'balanced_accuracy': 0.7830659535405606, 'f1_macro': 0.78794782551864, 'f1_micro': 0.80615, 'f1_weighted': 0.8048262108466935, 'precision_macro': 0.7958566425045571, 'precision_micro': 0.80615, 'precision_weighted': 0.8063549400681068, 'recall_macro': 0.7830659535405606, 'recall_micro': 0.80615, 'recall_weighted': 0.80615}
Validation statistic: Loss: 0.3034, dev_score: {'accuracy': 0.9085032322227747, 'balanced_accuracy': 0.9066199705824403, 'f1_macro': 0.9077177804797586, 'f1_micro': 0.9085032322227747, 'f1_weighted': 0.9087707633007504, 'precision_macro': 0.9108686169699174, 'precision_micro': 0.9085032322227747, 'precision_weighted': 0.911038036253625, 'recall_macro': 0.9066199705824403, 'recall_micro': 0.9085032322227747, 'recall_weighted': 0.9085032322227747}
Saving model...
Model saved!
-------------------------------------------
-----------------------
Epoch 13/100
Training statistic: Loss: 0.5826, train_score: {'accuracy': 0.80831, 'balanced_accuracy': 0.7810148811792212, 'f1_macro': 0.7892977558531236, 'f1_micro': 0.80831, 'f1_weighted': 0.806795929501248, 'precision_macro': 0.8007954494282238, 'precision_micro': 0.80831, 'precision_weighted': 0.8079999116224456, 'recall_macro': 0.7810148811792212, 'recall_micro': 0.80831, 'recall_weighted': 0.80831}
Validation statistic: Loss: 0.3137, dev_score: {'accuracy': 0.9041936018564561, 'balanced_accuracy': 0.9020222656059538, 'f1_macro': 0.9034602774225252, 'f1_micro': 0.9041936018564561, 'f1_weighted': 0.9047562763430104, 'precision_macro': 0.909487858711455, 'precision_micro': 0.9041936018564561, 'precision_weighted': 0.9098337596931367, 'recall_macro': 0.9020222656059538, 'recall_micro': 0.9041936018564561, 'recall_weighted': 0.9041936018564561}
-----------------------
Epoch 14/100
Training statistic: Loss: 0.5724, train_score: {'accuracy': 0.81201, 'balanced_accuracy': 0.788989235205075, 'f1_macro': 0.7942644345197367, 'f1_micro': 0.81201, 'f1_weighted': 0.810500997584523, 'precision_macro': 0.8029659390806598, 'precision_micro': 0.81201, 'precision_weighted': 0.8124060765932873, 'recall_macro': 0.788989235205075, 'recall_micro': 0.81201, 'recall_weighted': 0.81201}
Validation statistic: Loss: 0.2981, dev_score: {'accuracy': 0.9078402121664181, 'balanced_accuracy': 0.9059385586976981, 'f1_macro': 0.9069476856277513, 'f1_micro': 0.9078402121664181, 'f1_weighted': 0.9082124435149558, 'precision_macro': 0.9102962499348148, 'precision_micro': 0.9078402121664181, 'precision_weighted': 0.9108623800942721, 'recall_macro': 0.9059385586976981, 'recall_micro': 0.9078402121664181, 'recall_weighted': 0.9078402121664181}
Saving model...
Model saved!
-------------------------------------------
-----------------------
Epoch 15/100
Training statistic: Loss: 0.5620, train_score: {'accuracy': 0.81815, 'balanced_accuracy': 0.7905320901943715, 'f1_macro': 0.799201275491916, 'f1_micro': 0.81815, 'f1_weighted': 0.8165186211835492, 'precision_macro': 0.8108995555423439, 'precision_micro': 0.81815, 'precision_weighted': 0.8177271069223604, 'recall_macro': 0.7905320901943715, 'recall_micro': 0.81815, 'recall_weighted': 0.81815}
Validation statistic: Loss: 0.2967, dev_score: {'accuracy': 0.9109895574341124, 'balanced_accuracy': 0.9091249827088614, 'f1_macro': 0.9100577981137189, 'f1_micro': 0.9109895574341124, 'f1_weighted': 0.9112614469520054, 'precision_macro': 0.912864377204188, 'precision_micro': 0.9109895574341124, 'precision_weighted': 0.9133662237998313, 'recall_macro': 0.9091249827088614, 'recall_micro': 0.9109895574341124, 'recall_weighted': 0.9109895574341124}
Saving model...
Model saved!
-------------------------------------------
-----------------------
Epoch 16/100
Training statistic: Loss: 0.5598, train_score: {'accuracy': 0.81726, 'balanced_accuracy': 0.7917170925857364, 'f1_macro': 0.798274087996903, 'f1_micro': 0.81726, 'f1_weighted': 0.8160417645800511, 'precision_macro': 0.8078096984879469, 'precision_micro': 0.81726, 'precision_weighted': 0.8170614141948428, 'recall_macro': 0.7917170925857364, 'recall_micro': 0.81726, 'recall_weighted': 0.81726}
Validation statistic: Loss: 0.2953, dev_score: {'accuracy': 0.9093320072932206, 'balanced_accuracy': 0.907617840234414, 'f1_macro': 0.9086950510106575, 'f1_micro': 0.9093320072932206, 'f1_weighted': 0.9097586372597232, 'precision_macro': 0.912188178626901, 'precision_micro': 0.9093320072932206, 'precision_weighted': 0.9125718327833654, 'recall_macro': 0.907617840234414, 'recall_micro': 0.9093320072932206, 'recall_weighted': 0.9093320072932206}
Saving model...
Model saved!
-------------------------------------------
-----------------------
Epoch 17/100
Training statistic: Loss: 0.5500, train_score: {'accuracy': 0.82399, 'balanced_accuracy': 0.8035418180715176, 'f1_macro': 0.8072737438087957, 'f1_micro': 0.82399, 'f1_weighted': 0.8230560700783197, 'precision_macro': 0.8123339621795399, 'precision_micro': 0.82399, 'precision_weighted': 0.8235576044381167, 'recall_macro': 0.8035418180715176, 'recall_micro': 0.82399, 'recall_weighted': 0.82399}
Validation statistic: Loss: 0.2948, dev_score: {'accuracy': 0.9093320072932206, 'balanced_accuracy': 0.9076512250210478, 'f1_macro': 0.9087319343612121, 'f1_micro': 0.9093320072932206, 'f1_weighted': 0.9098688296311573, 'precision_macro': 0.9122439742064069, 'precision_micro': 0.9093320072932206, 'precision_weighted': 0.9128024254127626, 'recall_macro': 0.9076512250210478, 'recall_micro': 0.9093320072932206, 'recall_weighted': 0.9093320072932206}
Saving model...
Model saved!
-------------------------------------------
-----------------------
Epoch 18/100
Training statistic: Loss: 0.5548, train_score: {'accuracy': 0.82191, 'balanced_accuracy': 0.7992146846850572, 'f1_macro': 0.8051797315765855, 'f1_micro': 0.82191, 'f1_weighted': 0.820611896533182, 'precision_macro': 0.8148182042234365, 'precision_micro': 0.82191, 'precision_weighted': 0.8226342423791011, 'recall_macro': 0.7992146846850572, 'recall_micro': 0.82191, 'recall_weighted': 0.82191}
Validation statistic: Loss: 0.2897, dev_score: {'accuracy': 0.9129786176031826, 'balanced_accuracy': 0.9111664198935794, 'f1_macro': 0.9121646038690778, 'f1_micro': 0.9129786176031826, 'f1_weighted': 0.9132015185995754, 'precision_macro': 0.9149178417144869, 'precision_micro': 0.9129786176031826, 'precision_weighted': 0.915131461329245, 'recall_macro': 0.9111664198935794, 'recall_micro': 0.9129786176031826, 'recall_weighted': 0.9129786176031826}
Saving model...
Model saved!
-------------------------------------------
-----------------------
Epoch 19/100
Training statistic: Loss: 0.5361, train_score: {'accuracy': 0.8273, 'balanced_accuracy': 0.8071263131116082, 'f1_macro': 0.8106361162727106, 'f1_micro': 0.8273, 'f1_weighted': 0.8262339901305732, 'precision_macro': 0.8163931163808362, 'precision_micro': 0.8273, 'precision_weighted': 0.8273438353383448, 'recall_macro': 0.8071263131116082, 'recall_micro': 0.8273, 'recall_weighted': 0.8273}
Validation statistic: Loss: 0.2857, dev_score: {'accuracy': 0.9101607823636665, 'balanced_accuracy': 0.9082279874734306, 'f1_macro': 0.9092966296175717, 'f1_micro': 0.9101607823636665, 'f1_weighted': 0.9104919912629715, 'precision_macro': 0.9128647845906552, 'precision_micro': 0.9101607823636665, 'precision_weighted': 0.9132632237321616, 'recall_macro': 0.9082279874734306, 'recall_micro': 0.9101607823636665, 'recall_weighted': 0.9101607823636665}
Saving model...
Model saved!
-------------------------------------------
-----------------------
Epoch 20/100
Training statistic: Loss: 0.5369, train_score: {'accuracy': 0.82825, 'balanced_accuracy': 0.8042888430965645, 'f1_macro': 0.8119493125508717, 'f1_micro': 0.82825, 'f1_weighted': 0.8266137291196453, 'precision_macro': 0.8234842212318547, 'precision_micro': 0.82825, 'precision_weighted': 0.8285430306806345, 'recall_macro': 0.8042888430965645, 'recall_micro': 0.82825, 'recall_weighted': 0.82825}
Validation statistic: Loss: 0.2892, dev_score: {'accuracy': 0.9123155975468258, 'balanced_accuracy': 0.9108672649097013, 'f1_macro': 0.9118720558086615, 'f1_micro': 0.9123155975468258, 'f1_weighted': 0.9128215834029799, 'precision_macro': 0.915095167983193, 'precision_micro': 0.9123155975468258, 'precision_weighted': 0.915509215726825, 'recall_macro': 0.9108672649097013, 'recall_micro': 0.9123155975468258, 'recall_weighted': 0.9123155975468258}
-----------------------
Epoch 21/100
Training statistic: Loss: 0.5243, train_score: {'accuracy': 0.83161, 'balanced_accuracy': 0.8100758935037421, 'f1_macro': 0.815267287276089, 'f1_micro': 0.83161, 'f1_weighted': 0.8305537121008411, 'precision_macro': 0.8227424310917899, 'precision_micro': 0.83161, 'precision_weighted': 0.831365948492034, 'recall_macro': 0.8100758935037421, 'recall_micro': 0.83161, 'recall_weighted': 0.83161}
Validation statistic: Loss: 0.2862, dev_score: {'accuracy': 0.9096635173213989, 'balanced_accuracy': 0.9078197416462542, 'f1_macro': 0.9088676276120788, 'f1_micro': 0.9096635173213989, 'f1_weighted': 0.9100570493564708, 'precision_macro': 0.9127565988113482, 'precision_micro': 0.9096635173213989, 'precision_weighted': 0.9132397184045168, 'recall_macro': 0.9078197416462542, 'recall_micro': 0.9096635173213989, 'recall_weighted': 0.9096635173213989}
-----------------------
Epoch 22/100
Training statistic: Loss: 0.5275, train_score: {'accuracy': 0.83391, 'balanced_accuracy': 0.8093788746246998, 'f1_macro': 0.8177374584943419, 'f1_micro': 0.83391, 'f1_weighted': 0.8325792923940035, 'precision_macro': 0.8291344221547264, 'precision_micro': 0.83391, 'precision_weighted': 0.834007355019837, 'recall_macro': 0.8093788746246998, 'recall_micro': 0.83391, 'recall_weighted': 0.83391}
Validation statistic: Loss: 0.2825, dev_score: {'accuracy': 0.912481352560915, 'balanced_accuracy': 0.9107694942736263, 'f1_macro': 0.9117079966652014, 'f1_micro': 0.912481352560915, 'f1_weighted': 0.9127909648813134, 'precision_macro': 0.9142573290622842, 'precision_micro': 0.912481352560915, 'precision_weighted': 0.9146830573637755, 'recall_macro': 0.9107694942736263, 'recall_micro': 0.912481352560915, 'recall_weighted': 0.912481352560915}
Saving model...
Model saved!
-------------------------------------------
-----------------------
Epoch 23/100
Training statistic: Loss: 0.5224, train_score: {'accuracy': 0.83855, 'balanced_accuracy': 0.821297563533034, 'f1_macro': 0.8232529687940314, 'f1_micro': 0.83855, 'f1_weighted': 0.837834800268818, 'precision_macro': 0.8266337502664344, 'precision_micro': 0.83855, 'precision_weighted': 0.8383474018806419, 'recall_macro': 0.821297563533034, 'recall_micro': 0.83855, 'recall_weighted': 0.83855}
Validation statistic: Loss: 0.2772, dev_score: {'accuracy': 0.9159622078567876, 'balanced_accuracy': 0.9144234777787533, 'f1_macro': 0.9152914101452735, 'f1_micro': 0.9159622078567876, 'f1_weighted': 0.9162849277159962, 'precision_macro': 0.9178340161548993, 'precision_micro': 0.9159622078567876, 'precision_weighted': 0.9182499657005111, 'recall_macro': 0.9144234777787533, 'recall_micro': 0.9159622078567876, 'recall_weighted': 0.9159622078567876}
Saving model...
Model saved!
-------------------------------------------
-----------------------
Epoch 24/100
Training statistic: Loss: 0.5208, train_score: {'accuracy': 0.83534, 'balanced_accuracy': 0.8108717622343423, 'f1_macro': 0.8188082709339455, 'f1_micro': 0.83534, 'f1_weighted': 0.8340175241263452, 'precision_macro': 0.8294503845727519, 'precision_micro': 0.83534, 'precision_weighted': 0.8350098731028646, 'recall_macro': 0.8108717622343423, 'recall_micro': 0.83534, 'recall_weighted': 0.83534}
Validation statistic: Loss: 0.2862, dev_score: {'accuracy': 0.9114868224763799, 'balanced_accuracy': 0.9094187341511614, 'f1_macro': 0.9106997610440967, 'f1_micro': 0.9114868224763799, 'f1_weighted': 0.9118357377690868, 'precision_macro': 0.9150044714408032, 'precision_micro': 0.9114868224763799, 'precision_weighted': 0.9151381099368882, 'recall_macro': 0.9094187341511614, 'recall_micro': 0.9114868224763799, 'recall_weighted': 0.9114868224763799}
-----------------------
Epoch 25/100
Training statistic: Loss: 0.5103, train_score: {'accuracy': 0.83782, 'balanced_accuracy': 0.8135544089280982, 'f1_macro': 0.8213705386765093, 'f1_micro': 0.83782, 'f1_weighted': 0.8367857380251719, 'precision_macro': 0.8321854022941227, 'precision_micro': 0.83782, 'precision_weighted': 0.8381772538178668, 'recall_macro': 0.8135544089280982, 'recall_micro': 0.83782, 'recall_weighted': 0.83782}
Validation statistic: Loss: 0.2778, dev_score: {'accuracy': 0.9166252279131444, 'balanced_accuracy': 0.9152714217189833, 'f1_macro': 0.9160000194637563, 'f1_micro': 0.9166252279131444, 'f1_weighted': 0.9169521931487901, 'precision_macro': 0.9178726457702107, 'precision_micro': 0.9166252279131444, 'precision_weighted': 0.9184031182930922, 'recall_macro': 0.9152714217189833, 'recall_micro': 0.9166252279131444, 'recall_weighted': 0.9166252279131444}
-----------------------
Epoch 26/100
Training statistic: Loss: 0.5133, train_score: {'accuracy': 0.83837, 'balanced_accuracy': 0.8145882235781936, 'f1_macro': 0.8236977888930461, 'f1_micro': 0.83837, 'f1_weighted': 0.837114907286084, 'precision_macro': 0.8355288010051932, 'precision_micro': 0.83837, 'precision_weighted': 0.8385926620258207, 'recall_macro': 0.8145882235781936, 'recall_micro': 0.83837, 'recall_weighted': 0.83837}
Validation statistic: Loss: 0.2824, dev_score: {'accuracy': 0.9128128625890933, 'balanced_accuracy': 0.911219187841381, 'f1_macro': 0.9124207934853548, 'f1_micro': 0.9128128625890933, 'f1_weighted': 0.9133758358545254, 'precision_macro': 0.9163454636488995, 'precision_micro': 0.9128128625890933, 'precision_weighted': 0.9166014508376, 'recall_macro': 0.911219187841381, 'recall_micro': 0.9128128625890933, 'recall_weighted': 0.9128128625890933}
-----------------------
Epoch 27/100
Training statistic: Loss: 0.5121, train_score: {'accuracy': 0.84025, 'balanced_accuracy': 0.819893579562574, 'f1_macro': 0.8251900236806511, 'f1_micro': 0.84025, 'f1_weighted': 0.8393052642543293, 'precision_macro': 0.8330782131949599, 'precision_micro': 0.84025, 'precision_weighted': 0.8404061514962473, 'recall_macro': 0.819893579562574, 'recall_micro': 0.84025, 'recall_weighted': 0.84025}
Validation statistic: Loss: 0.2740, dev_score: {'accuracy': 0.915299187800431, 'balanced_accuracy': 0.9136385081684095, 'f1_macro': 0.9148175067796164, 'f1_micro': 0.915299187800431, 'f1_weighted': 0.9157161369564526, 'precision_macro': 0.9180259671669162, 'precision_micro': 0.915299187800431, 'precision_weighted': 0.9181264249403461, 'recall_macro': 0.9136385081684095, 'recall_micro': 0.915299187800431, 'recall_weighted': 0.915299187800431}
Saving model...
Model saved!
-------------------------------------------
-----------------------
Epoch 28/100
Training statistic: Loss: 0.5036, train_score: {'accuracy': 0.84568, 'balanced_accuracy': 0.8266833751651756, 'f1_macro': 0.8309060788382885, 'f1_micro': 0.84568, 'f1_weighted': 0.8449372459197607, 'precision_macro': 0.8367815594456071, 'precision_micro': 0.84568, 'precision_weighted': 0.8454663661786873, 'recall_macro': 0.8266833751651756, 'recall_micro': 0.84568, 'recall_weighted': 0.84568}
Validation statistic: Loss: 0.2727, dev_score: {'accuracy': 0.9146361677440743, 'balanced_accuracy': 0.912965055374424, 'f1_macro': 0.9141654643239381, 'f1_micro': 0.9146361677440743, 'f1_weighted': 0.9150984075013348, 'precision_macro': 0.9176690482771852, 'precision_micro': 0.9146361677440743, 'precision_weighted': 0.9178277400010212, 'recall_macro': 0.912965055374424, 'recall_micro': 0.9146361677440743, 'recall_weighted': 0.9146361677440743}
Saving model...
Model saved!
-------------------------------------------
-----------------------
Epoch 29/100
Training statistic: Loss: 0.5005, train_score: {'accuracy': 0.8474, 'balanced_accuracy': 0.8289959817689357, 'f1_macro': 0.8330001546774192, 'f1_micro': 0.8474, 'f1_weighted': 0.8467505604569755, 'precision_macro': 0.8380356560469172, 'precision_micro': 0.8474, 'precision_weighted': 0.8471748512875931, 'recall_macro': 0.8289959817689357, 'recall_micro': 0.8474, 'recall_weighted': 0.8474}
Validation statistic: Loss: 0.2733, dev_score: {'accuracy': 0.9148019227581634, 'balanced_accuracy': 0.913097316144907, 'f1_macro': 0.9144446945261986, 'f1_micro': 0.9148019227581634, 'f1_weighted': 0.9153706372042021, 'precision_macro': 0.9184804385045944, 'precision_micro': 0.9148019227581634, 'precision_weighted': 0.9185762348572462, 'recall_macro': 0.913097316144907, 'recall_micro': 0.9148019227581634, 'recall_weighted': 0.9148019227581634}
-----------------------
Epoch 30/100
Training statistic: Loss: 0.5062, train_score: {'accuracy': 0.84377, 'balanced_accuracy': 0.8227521656461849, 'f1_macro': 0.8294127972428271, 'f1_micro': 0.84377, 'f1_weighted': 0.8429262998437959, 'precision_macro': 0.8385418089685986, 'precision_micro': 0.84377, 'precision_weighted': 0.84441734565785, 'recall_macro': 0.8227521656461849, 'recall_micro': 0.84377, 'recall_weighted': 0.84377}
Validation statistic: Loss: 0.2758, dev_score: {'accuracy': 0.915299187800431, 'balanced_accuracy': 0.9136004141338866, 'f1_macro': 0.9147153607846151, 'f1_micro': 0.915299187800431, 'f1_weighted': 0.915705188163445, 'precision_macro': 0.9175780229020377, 'precision_micro': 0.915299187800431, 'precision_weighted': 0.9178284608302192, 'recall_macro': 0.9136004141338866, 'recall_micro': 0.915299187800431, 'recall_weighted': 0.915299187800431}
-----------------------
Epoch 31/100
Training statistic: Loss: 0.4935, train_score: {'accuracy': 0.85011, 'balanced_accuracy': 0.8292319893540538, 'f1_macro': 0.8362313964367372, 'f1_micro': 0.85011, 'f1_weighted': 0.8491176030994521, 'precision_macro': 0.8453968198292816, 'precision_micro': 0.85011, 'precision_weighted': 0.8501258547420343, 'recall_macro': 0.8292319893540538, 'recall_micro': 0.85011, 'recall_weighted': 0.85011}
Validation statistic: Loss: 0.2650, dev_score: {'accuracy': 0.9187800430963037, 'balanced_accuracy': 0.9172321115164352, 'f1_macro': 0.9182776057429407, 'f1_micro': 0.9187800430963037, 'f1_weighted': 0.9191828374331242, 'precision_macro': 0.9209298788499464, 'precision_micro': 0.9187800430963037, 'precision_weighted': 0.921162708338454, 'recall_macro': 0.9172321115164352, 'recall_micro': 0.9187800430963037, 'recall_weighted': 0.9187800430963037}
Saving model...
Model saved!
-------------------------------------------
-----------------------
Epoch 32/100
Training statistic: Loss: 0.4921, train_score: {'accuracy': 0.84819, 'balanced_accuracy': 0.8348548564823416, 'f1_macro': 0.8343774960920577, 'f1_micro': 0.84819, 'f1_weighted': 0.8474530370865084, 'precision_macro': 0.837458487043811, 'precision_micro': 0.84819, 'precision_weighted': 0.8497839652017474, 'recall_macro': 0.8348548564823416, 'recall_micro': 0.84819, 'recall_weighted': 0.84819}
Validation statistic: Loss: 0.2620, dev_score: {'accuracy': 0.9177855130117686, 'balanced_accuracy': 0.9161156682764406, 'f1_macro': 0.9170690192446477, 'f1_micro': 0.9177855130117686, 'f1_weighted': 0.9180300399733897, 'precision_macro': 0.9192819440589044, 'precision_micro': 0.9177855130117686, 'precision_weighted': 0.9194849313305916, 'recall_macro': 0.9161156682764406, 'recall_micro': 0.9177855130117686, 'recall_weighted': 0.9177855130117686}
Saving model...
Model saved!
-------------------------------------------
-----------------------
Epoch 33/100
Training statistic: Loss: 0.4895, train_score: {'accuracy': 0.84942, 'balanced_accuracy': 0.8292639850871282, 'f1_macro': 0.8346533513675937, 'f1_micro': 0.84942, 'f1_weighted': 0.8484835886268525, 'precision_macro': 0.8422994961134463, 'precision_micro': 0.84942, 'precision_weighted': 0.8496395462039966, 'recall_macro': 0.8292639850871282, 'recall_micro': 0.84942, 'recall_weighted': 0.84942}
Validation statistic: Loss: 0.2690, dev_score: {'accuracy': 0.9156306978286093, 'balanced_accuracy': 0.9137903654417034, 'f1_macro': 0.9148959977856441, 'f1_micro': 0.9156306978286093, 'f1_weighted': 0.9159282590369286, 'precision_macro': 0.9181240334552182, 'precision_micro': 0.9156306978286093, 'precision_weighted': 0.918285841501184, 'recall_macro': 0.9137903654417034, 'recall_micro': 0.9156306978286093, 'recall_weighted': 0.9156306978286093}
-----------------------
Epoch 34/100
Training statistic: Loss: 0.4863, train_score: {'accuracy': 0.85343, 'balanced_accuracy': 0.834837504531554, 'f1_macro': 0.8395585269610235, 'f1_micro': 0.85343, 'f1_weighted': 0.8526573473642458, 'precision_macro': 0.8461653718450144, 'precision_micro': 0.85343, 'precision_weighted': 0.853649273023458, 'recall_macro': 0.834837504531554, 'recall_micro': 0.85343, 'recall_weighted': 0.85343}
Validation statistic: Loss: 0.2682, dev_score: {'accuracy': 0.9187800430963037, 'balanced_accuracy': 0.9173013701519963, 'f1_macro': 0.9183982774742271, 'f1_micro': 0.9187800430963037, 'f1_weighted': 0.9192315088389063, 'precision_macro': 0.9210392359255719, 'precision_micro': 0.9187800430963037, 'precision_weighted': 0.9211966017556101, 'recall_macro': 0.9173013701519963, 'recall_micro': 0.9187800430963037, 'recall_weighted': 0.9187800430963037}
-----------------------
Epoch 35/100
Training statistic: Loss: 0.4823, train_score: {'accuracy': 0.85221, 'balanced_accuracy': 0.834058132007106, 'f1_macro': 0.838349651411914, 'f1_micro': 0.85221, 'f1_weighted': 0.8514154096030065, 'precision_macro': 0.8446462809514486, 'precision_micro': 0.85221, 'precision_weighted': 0.852360237095019, 'recall_macro': 0.834058132007106, 'recall_micro': 0.85221, 'recall_weighted': 0.85221}
Validation statistic: Loss: 0.2663, dev_score: {'accuracy': 0.9166252279131444, 'balanced_accuracy': 0.9152482437351294, 'f1_macro': 0.916213508232248, 'f1_micro': 0.9166252279131444, 'f1_weighted': 0.9170440114424206, 'precision_macro': 0.9188192400142959, 'precision_micro': 0.9166252279131444, 'precision_weighted': 0.9190709625842873, 'recall_macro': 0.9152482437351294, 'recall_micro': 0.9166252279131444, 'recall_weighted': 0.9166252279131444}
-----------------------
Epoch 36/100
Training statistic: Loss: 0.4841, train_score: {'accuracy': 0.85422, 'balanced_accuracy': 0.8360117706764999, 'f1_macro': 0.8406166813836556, 'f1_micro': 0.85422, 'f1_weighted': 0.8534127456171434, 'precision_macro': 0.84714425111683, 'precision_micro': 0.85422, 'precision_weighted': 0.8543369714724545, 'recall_macro': 0.8360117706764999, 'recall_micro': 0.85422, 'recall_weighted': 0.85422}
Validation statistic: Loss: 0.2650, dev_score: {'accuracy': 0.9177855130117686, 'balanced_accuracy': 0.916024099097085, 'f1_macro': 0.9172314692255285, 'f1_micro': 0.9177855130117686, 'f1_weighted': 0.918132471695526, 'precision_macro': 0.9203210097728093, 'precision_micro': 0.9177855130117686, 'precision_weighted': 0.9203220184376996, 'recall_macro': 0.916024099097085, 'recall_micro': 0.9177855130117686, 'recall_weighted': 0.9177855130117686}
-----------------------
Epoch 37/100
Training statistic: Loss: 0.4825, train_score: {'accuracy': 0.85453, 'balanced_accuracy': 0.8346797903095453, 'f1_macro': 0.8411852938734047, 'f1_micro': 0.85453, 'f1_weighted': 0.8537617925627492, 'precision_macro': 0.8492375164226263, 'precision_micro': 0.85453, 'precision_weighted': 0.8545542140822283, 'recall_macro': 0.8346797903095453, 'recall_micro': 0.85453, 'recall_weighted': 0.85453}
Validation statistic: Loss: 0.2650, dev_score: {'accuracy': 0.9182827780540361, 'balanced_accuracy': 0.9166578290814422, 'f1_macro': 0.9178306920946817, 'f1_micro': 0.9182827780540361, 'f1_weighted': 0.9187388905459793, 'precision_macro': 0.9206229972449261, 'precision_micro': 0.9182827780540361, 'precision_weighted': 0.9207837878040621, 'recall_macro': 0.9166578290814422, 'recall_micro': 0.9182827780540361, 'recall_weighted': 0.9182827780540361}
-----------------------
Epoch 38/100
Training statistic: Loss: 0.4792, train_score: {'accuracy': 0.8553, 'balanced_accuracy': 0.837071269596521, 'f1_macro': 0.8419268365989667, 'f1_micro': 0.8553, 'f1_weighted': 0.8545209817071633, 'precision_macro': 0.84875838681088, 'precision_micro': 0.8553, 'precision_weighted': 0.8555157214557055, 'recall_macro': 0.837071269596521, 'recall_micro': 0.8553, 'recall_weighted': 0.8553}
Validation statistic: Loss: 0.2652, dev_score: {'accuracy': 0.9174540029835903, 'balanced_accuracy': 0.9159371177144461, 'f1_macro': 0.9170660501355566, 'f1_micro': 0.9174540029835903, 'f1_weighted': 0.9178575002846638, 'precision_macro': 0.9201787539651665, 'precision_micro': 0.9174540029835903, 'precision_weighted': 0.9201923791448593, 'recall_macro': 0.9159371177144461, 'recall_micro': 0.9174540029835903, 'recall_weighted': 0.9174540029835903}
-----------------------
Epoch 39/100
Training statistic: Loss: 0.4741, train_score: {'accuracy': 0.86032, 'balanced_accuracy': 0.8417876396031192, 'f1_macro': 0.8467697310850841, 'f1_micro': 0.86032, 'f1_weighted': 0.8595953840724714, 'precision_macro': 0.8533069492086274, 'precision_micro': 0.86032, 'precision_weighted': 0.8602107871628062, 'recall_macro': 0.8417876396031192, 'recall_micro': 0.86032, 'recall_weighted': 0.86032}
Validation statistic: Loss: 0.2636, dev_score: {'accuracy': 0.9192773081385712, 'balanced_accuracy': 0.9176712448443853, 'f1_macro': 0.9187735265309881, 'f1_micro': 0.9192773081385712, 'f1_weighted': 0.9196393118564723, 'precision_macro': 0.9216594784512324, 'precision_micro': 0.9192773081385712, 'precision_weighted': 0.921748346515164, 'recall_macro': 0.9176712448443853, 'recall_micro': 0.9192773081385712, 'recall_weighted': 0.9192773081385712}
-----------------------
Epoch 40/100
Training statistic: Loss: 0.4734, train_score: {'accuracy': 0.8595, 'balanced_accuracy': 0.8436828636556257, 'f1_macro': 0.8465625643893034, 'f1_micro': 0.8595, 'f1_weighted': 0.8589041713227029, 'precision_macro': 0.8507055230196151, 'precision_micro': 0.8595, 'precision_weighted': 0.859361748898535, 'recall_macro': 0.8436828636556257, 'recall_micro': 0.8595, 'recall_weighted': 0.8595}
Validation statistic: Loss: 0.2669, dev_score: {'accuracy': 0.9182827780540361, 'balanced_accuracy': 0.9167361770729296, 'f1_macro': 0.917856347214672, 'f1_micro': 0.9182827780540361, 'f1_weighted': 0.9188472001342697, 'precision_macro': 0.9209883249800719, 'precision_micro': 0.9182827780540361, 'precision_weighted': 0.9214038634041997, 'recall_macro': 0.9167361770729296, 'recall_micro': 0.9182827780540361, 'recall_weighted': 0.9182827780540361}
-----------------------
Epoch 41/100
Training statistic: Loss: 0.4709, train_score: {'accuracy': 0.85767, 'balanced_accuracy': 0.8373524163554829, 'f1_macro': 0.8449517434192311, 'f1_micro': 0.85767, 'f1_weighted': 0.856768900855003, 'precision_macro': 0.8545623589351792, 'precision_micro': 0.85767, 'precision_weighted': 0.8579529067564841, 'recall_macro': 0.8373524163554829, 'recall_micro': 0.85767, 'recall_weighted': 0.85767}
Validation statistic: Loss: 0.2655, dev_score: {'accuracy': 0.916293717884966, 'balanced_accuracy': 0.9143147489468493, 'f1_macro': 0.9156091756296618, 'f1_micro': 0.916293717884966, 'f1_weighted': 0.9166979736531085, 'precision_macro': 0.9192031252242288, 'precision_micro': 0.916293717884966, 'precision_weighted': 0.9193424975070362, 'recall_macro': 0.9143147489468493, 'recall_micro': 0.916293717884966, 'recall_weighted': 0.916293717884966}
-----------------------
Epoch 42/100
Training statistic: Loss: 0.4696, train_score: {'accuracy': 0.86197, 'balanced_accuracy': 0.8435763044285387, 'f1_macro': 0.8498554740689063, 'f1_micro': 0.86197, 'f1_weighted': 0.8613685202883157, 'precision_macro': 0.8575996049389568, 'precision_micro': 0.86197, 'precision_weighted': 0.8622579456583026, 'recall_macro': 0.8435763044285387, 'recall_micro': 0.86197, 'recall_weighted': 0.86197}
Validation statistic: Loss: 0.2621, dev_score: {'accuracy': 0.9197745731808388, 'balanced_accuracy': 0.9182888890560396, 'f1_macro': 0.9192582746343734, 'f1_micro': 0.9197745731808388, 'f1_weighted': 0.9202016695972276, 'precision_macro': 0.9216264890010584, 'precision_micro': 0.9197745731808388, 'precision_weighted': 0.9220116369513177, 'recall_macro': 0.9182888890560396, 'recall_micro': 0.9197745731808388, 'recall_weighted': 0.9197745731808388}
-----------------------
Epoch 43/100
Training statistic: Loss: 0.4713, train_score: {'accuracy': 0.85905, 'balanced_accuracy': 0.841360503288873, 'f1_macro': 0.8461254738579933, 'f1_micro': 0.85905, 'f1_weighted': 0.8583053564064365, 'precision_macro': 0.8528872601198604, 'precision_micro': 0.85905, 'precision_weighted': 0.8593553343998629, 'recall_macro': 0.841360503288873, 'recall_micro': 0.85905, 'recall_weighted': 0.85905}
Validation statistic: Loss: 0.2658, dev_score: {'accuracy': 0.9164594728990552, 'balanced_accuracy': 0.9147655931560352, 'f1_macro': 0.9159368347756047, 'f1_micro': 0.9164594728990552, 'f1_weighted': 0.9168773151362332, 'precision_macro': 0.9194495003324429, 'precision_micro': 0.9164594728990552, 'precision_weighted': 0.9195979037454504, 'recall_macro': 0.9147655931560352, 'recall_micro': 0.9164594728990552, 'recall_weighted': 0.9164594728990552}
-----------------------
Epoch 44/100
Training statistic: Loss: 0.4677, train_score: {'accuracy': 0.86283, 'balanced_accuracy': 0.8454442163088972, 'f1_macro': 0.8506524483110649, 'f1_micro': 0.86283, 'f1_weighted': 0.8620974174652968, 'precision_macro': 0.8575410133608615, 'precision_micro': 0.86283, 'precision_weighted': 0.8628529475443353, 'recall_macro': 0.8454442163088972, 'recall_micro': 0.86283, 'recall_weighted': 0.86283}
Validation statistic: Loss: 0.2600, dev_score: {'accuracy': 0.9204375932371954, 'balanced_accuracy': 0.9191268762916435, 'f1_macro': 0.920091701385837, 'f1_micro': 0.9204375932371954, 'f1_weighted': 0.9209034567648263, 'precision_macro': 0.9222199674616274, 'precision_micro': 0.9204375932371954, 'precision_weighted': 0.9225254977372701, 'recall_macro': 0.9191268762916435, 'recall_micro': 0.9204375932371954, 'recall_weighted': 0.9204375932371954}
Saving model...
Model saved!
-------------------------------------------
-----------------------
Epoch 45/100
Training statistic: Loss: 0.4588, train_score: {'accuracy': 0.86443, 'balanced_accuracy': 0.8491278927510091, 'f1_macro': 0.8515662664704721, 'f1_micro': 0.86443, 'f1_weighted': 0.8638350319447202, 'precision_macro': 0.855801186791955, 'precision_micro': 0.86443, 'precision_weighted': 0.8648246068543974, 'recall_macro': 0.8491278927510091, 'recall_micro': 0.86443, 'recall_weighted': 0.86443}
Validation statistic: Loss: 0.2584, dev_score: {'accuracy': 0.9197745731808388, 'balanced_accuracy': 0.9180893234929111, 'f1_macro': 0.9192299273647173, 'f1_micro': 0.9197745731808388, 'f1_weighted': 0.920150609310573, 'precision_macro': 0.9221380170477704, 'precision_micro': 0.9197745731808388, 'precision_weighted': 0.9222617007764801, 'recall_macro': 0.9180893234929111, 'recall_micro': 0.9197745731808388, 'recall_weighted': 0.9197745731808388}
Saving model...
Model saved!
-------------------------------------------
-----------------------
Epoch 46/100
Training statistic: Loss: 0.4720, train_score: {'accuracy': 0.86308, 'balanced_accuracy': 0.8431805996786632, 'f1_macro': 0.8509099476280667, 'f1_micro': 0.86308, 'f1_weighted': 0.8622861975510672, 'precision_macro': 0.8608523001809708, 'precision_micro': 0.86308, 'precision_weighted': 0.8634685124720105, 'recall_macro': 0.8431805996786632, 'recall_micro': 0.86308, 'recall_weighted': 0.86308}
Validation statistic: Loss: 0.2617, dev_score: {'accuracy': 0.9207691032653738, 'balanced_accuracy': 0.9193561337128535, 'f1_macro': 0.9201731943563434, 'f1_micro': 0.9207691032653738, 'f1_weighted': 0.9210898541694883, 'precision_macro': 0.9221460165694788, 'precision_micro': 0.9207691032653738, 'precision_weighted': 0.9225439885756026, 'recall_macro': 0.9193561337128535, 'recall_micro': 0.9207691032653738, 'recall_weighted': 0.9207691032653738}
-----------------------
Epoch 47/100
Training statistic: Loss: 0.4605, train_score: {'accuracy': 0.86483, 'balanced_accuracy': 0.8482246006828509, 'f1_macro': 0.8530828790641201, 'f1_micro': 0.86483, 'f1_weighted': 0.8642362777515576, 'precision_macro': 0.8590000453354427, 'precision_micro': 0.86483, 'precision_weighted': 0.8646808167542686, 'recall_macro': 0.8482246006828509, 'recall_micro': 0.86483, 'recall_weighted': 0.86483}
Validation statistic: Loss: 0.2586, dev_score: {'accuracy': 0.919111553124482, 'balanced_accuracy': 0.9179153649811633, 'f1_macro': 0.9188110205442402, 'f1_micro': 0.919111553124482, 'f1_weighted': 0.9196055815681351, 'precision_macro': 0.9211536021440871, 'precision_micro': 0.919111553124482, 'precision_weighted': 0.9215407534209126, 'recall_macro': 0.9179153649811633, 'recall_micro': 0.919111553124482, 'recall_weighted': 0.919111553124482}
-----------------------
Epoch 48/100
Training statistic: Loss: 0.4627, train_score: {'accuracy': 0.86528, 'balanced_accuracy': 0.847813279319427, 'f1_macro': 0.8523909881657789, 'f1_micro': 0.86528, 'f1_weighted': 0.8646781839135996, 'precision_macro': 0.8587895735225837, 'precision_micro': 0.86528, 'precision_weighted': 0.865510395586011, 'recall_macro': 0.847813279319427, 'recall_micro': 0.86528, 'recall_weighted': 0.86528}
Validation statistic: Loss: 0.2622, dev_score: {'accuracy': 0.9194430631526603, 'balanced_accuracy': 0.9181000260354388, 'f1_macro': 0.919178415304302, 'f1_micro': 0.9194430631526603, 'f1_weighted': 0.9199278707803269, 'precision_macro': 0.9219867312835592, 'precision_micro': 0.9194430631526603, 'precision_weighted': 0.9221223846688469, 'recall_macro': 0.9181000260354388, 'recall_micro': 0.9194430631526603, 'recall_weighted': 0.9194430631526603}
-----------------------
Epoch 49/100
Training statistic: Loss: 0.4638, train_score: {'accuracy': 0.86797, 'balanced_accuracy': 0.8553100564752067, 'f1_macro': 0.8560642042512621, 'f1_micro': 0.86797, 'f1_weighted': 0.8675247629385533, 'precision_macro': 0.8583455960319523, 'precision_micro': 0.86797, 'precision_weighted': 0.8684400902892832, 'recall_macro': 0.8553100564752067, 'recall_micro': 0.86797, 'recall_weighted': 0.86797}
Validation statistic: Loss: 0.2615, dev_score: {'accuracy': 0.9186142880822145, 'balanced_accuracy': 0.9171827523816141, 'f1_macro': 0.9181459045597453, 'f1_micro': 0.9186142880822145, 'f1_weighted': 0.9190342849067707, 'precision_macro': 0.9207434965787231, 'precision_micro': 0.9186142880822145, 'precision_weighted': 0.9210755587082741, 'recall_macro': 0.9171827523816141, 'recall_micro': 0.9186142880822145, 'recall_weighted': 0.9186142880822145}
-----------------------
Epoch 50/100
Training statistic: Loss: 0.4576, train_score: {'accuracy': 0.86681, 'balanced_accuracy': 0.8494551357632453, 'f1_macro': 0.8544660654710492, 'f1_micro': 0.86681, 'f1_weighted': 0.8660199437677575, 'precision_macro': 0.8615420228308871, 'precision_micro': 0.86681, 'precision_weighted': 0.8669280017982655, 'recall_macro': 0.8494551357632453, 'recall_micro': 0.86681, 'recall_weighted': 0.86681}
Validation statistic: Loss: 0.2610, dev_score: {'accuracy': 0.9192773081385712, 'balanced_accuracy': 0.9177278953376262, 'f1_macro': 0.9189273499733149, 'f1_micro': 0.9192773081385712, 'f1_weighted': 0.9197715684968386, 'precision_macro': 0.9224777005756343, 'precision_micro': 0.9192773081385712, 'precision_weighted': 0.9225918969861667, 'recall_macro': 0.9177278953376262, 'recall_micro': 0.9192773081385712, 'recall_weighted': 0.9192773081385712}
-----------------------
Epoch 51/100
Training statistic: Loss: 0.4589, train_score: {'accuracy': 0.86849, 'balanced_accuracy': 0.854133537692992, 'f1_macro': 0.8567401487756847, 'f1_micro': 0.86849, 'f1_weighted': 0.8680476001475362, 'precision_macro': 0.8603526121664359, 'precision_micro': 0.86849, 'precision_weighted': 0.8685701746634746, 'recall_macro': 0.854133537692992, 'recall_micro': 0.86849, 'recall_weighted': 0.86849}
Validation statistic: Loss: 0.2656, dev_score: {'accuracy': 0.9181170230399469, 'balanced_accuracy': 0.9164364755871773, 'f1_macro': 0.9177358282875214, 'f1_micro': 0.9181170230399469, 'f1_weighted': 0.9186252320345311, 'precision_macro': 0.9218356152753351, 'precision_micro': 0.9181170230399469, 'precision_weighted': 0.9218760787256708, 'recall_macro': 0.9164364755871773, 'recall_micro': 0.9181170230399469, 'recall_weighted': 0.9181170230399469}
-----------------------
Epoch 52/100
Training statistic: Loss: 0.4531, train_score: {'accuracy': 0.86909, 'balanced_accuracy': 0.8533333544370679, 'f1_macro': 0.8568216783155774, 'f1_micro': 0.86909, 'f1_weighted': 0.8685513163391818, 'precision_macro': 0.8621414917971064, 'precision_micro': 0.86909, 'precision_weighted': 0.8695125988500935, 'recall_macro': 0.8533333544370679, 'recall_micro': 0.86909, 'recall_weighted': 0.86909}
Validation statistic: Loss: 0.2593, dev_score: {'accuracy': 0.9202718382231062, 'balanced_accuracy': 0.9188862249398675, 'f1_macro': 0.9199705531743838, 'f1_micro': 0.9202718382231062, 'f1_weighted': 0.9207439232569552, 'precision_macro': 0.9227999247121013, 'precision_micro': 0.9202718382231062, 'precision_weighted': 0.9229426215295559, 'recall_macro': 0.9188862249398675, 'recall_micro': 0.9202718382231062, 'recall_weighted': 0.9202718382231062}
-----------------------
Epoch 53/100
Training statistic: Loss: 0.4490, train_score: {'accuracy': 0.87064, 'balanced_accuracy': 0.8553544226504183, 'f1_macro': 0.8587547009900616, 'f1_micro': 0.87064, 'f1_weighted': 0.8700973214334364, 'precision_macro': 0.8638187103212586, 'precision_micro': 0.87064, 'precision_weighted': 0.8711023804744991, 'recall_macro': 0.8553544226504183, 'recall_micro': 0.87064, 'recall_weighted': 0.87064}
Validation statistic: Loss: 0.2568, dev_score: {'accuracy': 0.9217636333499089, 'balanced_accuracy': 0.9202967417273188, 'f1_macro': 0.9213101389963894, 'f1_micro': 0.9217636333499089, 'f1_weighted': 0.9221632039197039, 'precision_macro': 0.9242038791919546, 'precision_micro': 0.9217636333499089, 'precision_weighted': 0.9244094928647462, 'recall_macro': 0.9202967417273188, 'recall_micro': 0.9217636333499089, 'recall_weighted': 0.9217636333499089}
Saving model...
Model saved!
-------------------------------------------
-----------------------
Epoch 54/100
Training statistic: Loss: 0.4500, train_score: {'accuracy': 0.87135, 'balanced_accuracy': 0.8572587075807367, 'f1_macro': 0.8602877456727029, 'f1_micro': 0.87135, 'f1_weighted': 0.8708365125637274, 'precision_macro': 0.8645249254821893, 'precision_micro': 0.87135, 'precision_weighted': 0.8716112043085965, 'recall_macro': 0.8572587075807367, 'recall_micro': 0.87135, 'recall_weighted': 0.87135}
Validation statistic: Loss: 0.2561, dev_score: {'accuracy': 0.9212663683076413, 'balanced_accuracy': 0.9196378236514287, 'f1_macro': 0.9208330624462542, 'f1_micro': 0.9212663683076413, 'f1_weighted': 0.9216854827344999, 'precision_macro': 0.9239389194761369, 'precision_micro': 0.9212663683076413, 'precision_weighted': 0.9239751819013767, 'recall_macro': 0.9196378236514287, 'recall_micro': 0.9212663683076413, 'recall_weighted': 0.9212663683076413}
Saving model...
Model saved!
-------------------------------------------
-----------------------
Epoch 55/100
Training statistic: Loss: 0.4542, train_score: {'accuracy': 0.87085, 'balanced_accuracy': 0.8568453214534408, 'f1_macro': 0.8600901372431995, 'f1_micro': 0.87085, 'f1_weighted': 0.8703097098798053, 'precision_macro': 0.8647944471738562, 'precision_micro': 0.87085, 'precision_weighted': 0.8710975107776977, 'recall_macro': 0.8568453214534408, 'recall_micro': 0.87085, 'recall_weighted': 0.87085}
Validation statistic: Loss: 0.2547, dev_score: {'accuracy': 0.9237526935189789, 'balanced_accuracy': 0.9224859538992053, 'f1_macro': 0.923391378547372, 'f1_micro': 0.9237526935189789, 'f1_weighted': 0.9241405553390145, 'precision_macro': 0.9256562496262315, 'precision_micro': 0.9237526935189789, 'precision_weighted': 0.9258600038367534, 'recall_macro': 0.9224859538992053, 'recall_micro': 0.9237526935189789, 'recall_weighted': 0.9237526935189789}
Saving model...
Model saved!
-------------------------------------------
-----------------------
Epoch 56/100
Training statistic: Loss: 0.4466, train_score: {'accuracy': 0.87226, 'balanced_accuracy': 0.8552595449519049, 'f1_macro': 0.8603900188976414, 'f1_micro': 0.87226, 'f1_weighted': 0.871660997774589, 'precision_macro': 0.8674090093832021, 'precision_micro': 0.87226, 'precision_weighted': 0.8727518160877492, 'recall_macro': 0.8552595449519049, 'recall_micro': 0.87226, 'recall_weighted': 0.87226}
Validation statistic: Loss: 0.2587, dev_score: {'accuracy': 0.9220951433780872, 'balanced_accuracy': 0.9206663485823496, 'f1_macro': 0.9216315071350655, 'f1_micro': 0.9220951433780872, 'f1_weighted': 0.9225079044056801, 'precision_macro': 0.9237803842109631, 'precision_micro': 0.9220951433780872, 'precision_weighted': 0.9240921055049935, 'recall_macro': 0.9206663485823496, 'recall_micro': 0.9220951433780872, 'recall_weighted': 0.9220951433780872}
-----------------------
Epoch 57/100
Training statistic: Loss: 0.4453, train_score: {'accuracy': 0.87392, 'balanced_accuracy': 0.8562428808692333, 'f1_macro': 0.8631378387152733, 'f1_micro': 0.87392, 'f1_weighted': 0.8732162622177811, 'precision_macro': 0.8719052600893088, 'precision_micro': 0.87392, 'precision_weighted': 0.8742451471006822, 'recall_macro': 0.8562428808692333, 'recall_micro': 0.87392, 'recall_weighted': 0.87392}
Validation statistic: Loss: 0.2574, dev_score: {'accuracy': 0.9222608983921764, 'balanced_accuracy': 0.9207724344267525, 'f1_macro': 0.9217933947850293, 'f1_micro': 0.9222608983921764, 'f1_weighted': 0.9226619238554885, 'precision_macro': 0.9244645098797847, 'precision_micro': 0.9222608983921764, 'precision_weighted': 0.9246821117944949, 'recall_macro': 0.9207724344267525, 'recall_micro': 0.9222608983921764, 'recall_weighted': 0.9222608983921764}
-----------------------
Epoch 58/100
Training statistic: Loss: 0.4447, train_score: {'accuracy': 0.87481, 'balanced_accuracy': 0.8597746485099661, 'f1_macro': 0.8639543831201987, 'f1_micro': 0.87481, 'f1_weighted': 0.8743270459218052, 'precision_macro': 0.8691998003968611, 'precision_micro': 0.87481, 'precision_weighted': 0.8747445215077637, 'recall_macro': 0.8597746485099661, 'recall_micro': 0.87481, 'recall_weighted': 0.87481}
Validation statistic: Loss: 0.2566, dev_score: {'accuracy': 0.9201060832090171, 'balanced_accuracy': 0.9188062551744064, 'f1_macro': 0.9197483925347617, 'f1_micro': 0.9201060832090171, 'f1_weighted': 0.9205857606965191, 'precision_macro': 0.9224494969183802, 'precision_micro': 0.9201060832090171, 'precision_weighted': 0.922808719220138, 'recall_macro': 0.9188062551744064, 'recall_micro': 0.9201060832090171, 'recall_weighted': 0.9201060832090171}
-----------------------
Epoch 59/100
Training statistic: Loss: 0.4440, train_score: {'accuracy': 0.87278, 'balanced_accuracy': 0.8566250720386417, 'f1_macro': 0.8621987016651674, 'f1_micro': 0.87278, 'f1_weighted': 0.8721461166427514, 'precision_macro': 0.8699148286196566, 'precision_micro': 0.87278, 'precision_weighted': 0.8732630719835326, 'recall_macro': 0.8566250720386417, 'recall_micro': 0.87278, 'recall_weighted': 0.87278}
Validation statistic: Loss: 0.2562, dev_score: {'accuracy': 0.9204375932371954, 'balanced_accuracy': 0.919089097426968, 'f1_macro': 0.9200647347086143, 'f1_micro': 0.9204375932371954, 'f1_weighted': 0.9208486705866238, 'precision_macro': 0.9226414665052471, 'precision_micro': 0.9204375932371954, 'precision_weighted': 0.9228402964980307, 'recall_macro': 0.919089097426968, 'recall_micro': 0.9204375932371954, 'recall_weighted': 0.9204375932371954}
-----------------------
Epoch 60/100
Training statistic: Loss: 0.4449, train_score: {'accuracy': 0.87281, 'balanced_accuracy': 0.8552749267762183, 'f1_macro': 0.8613044889136535, 'f1_micro': 0.87281, 'f1_weighted': 0.872176202538285, 'precision_macro': 0.869507777385601, 'precision_micro': 0.87281, 'precision_weighted': 0.873519660404367, 'recall_macro': 0.8552749267762183, 'recall_micro': 0.87281, 'recall_weighted': 0.87281}
Validation statistic: Loss: 0.2560, dev_score: {'accuracy': 0.9212663683076413, 'balanced_accuracy': 0.9196420157418004, 'f1_macro': 0.9207160994199205, 'f1_micro': 0.9212663683076413, 'f1_weighted': 0.9215720652729986, 'precision_macro': 0.9233175002760634, 'precision_micro': 0.9212663683076413, 'precision_weighted': 0.9233639526062056, 'recall_macro': 0.9196420157418004, 'recall_micro': 0.9212663683076413, 'recall_weighted': 0.9212663683076413}
-----------------------
Epoch 61/100
Training statistic: Loss: 0.4427, train_score: {'accuracy': 0.87493, 'balanced_accuracy': 0.8594051624216263, 'f1_macro': 0.8641693209991036, 'f1_micro': 0.87493, 'f1_weighted': 0.8743848775518693, 'precision_macro': 0.870302456674324, 'precision_micro': 0.87493, 'precision_weighted': 0.8751955132274158, 'recall_macro': 0.8594051624216263, 'recall_micro': 0.87493, 'recall_weighted': 0.87493}
Validation statistic: Loss: 0.2573, dev_score: {'accuracy': 0.9211006132935521, 'balanced_accuracy': 0.9195471777898563, 'f1_macro': 0.9205629453594938, 'f1_micro': 0.9211006132935521, 'f1_weighted': 0.9215016627916357, 'precision_macro': 0.9231562279737224, 'precision_micro': 0.9211006132935521, 'precision_weighted': 0.9234473562711156, 'recall_macro': 0.9195471777898563, 'recall_micro': 0.9211006132935521, 'recall_weighted': 0.9211006132935521}
-----------------------
Epoch 62/100
Training statistic: Loss: 0.4458, train_score: {'accuracy': 0.87454, 'balanced_accuracy': 0.8594702008724203, 'f1_macro': 0.8637712651982781, 'f1_micro': 0.87454, 'f1_weighted': 0.8741406349577426, 'precision_macro': 0.8691403175160705, 'precision_micro': 0.87454, 'precision_weighted': 0.8748130964256322, 'recall_macro': 0.8594702008724203, 'recall_micro': 0.87454, 'recall_weighted': 0.87454}
Validation statistic: Loss: 0.2599, dev_score: {'accuracy': 0.921929388363998, 'balanced_accuracy': 0.9204607214258675, 'f1_macro': 0.9215080542568259, 'f1_micro': 0.921929388363998, 'f1_weighted': 0.9223531161744505, 'precision_macro': 0.9241929270333463, 'precision_micro': 0.921929388363998, 'precision_weighted': 0.9243796368519073, 'recall_macro': 0.9204607214258675, 'recall_micro': 0.921929388363998, 'recall_weighted': 0.921929388363998}
-----------------------
Epoch 63/100
Training statistic: Loss: 0.4422, train_score: {'accuracy': 0.87413, 'balanced_accuracy': 0.8599518143411163, 'f1_macro': 0.8627875301386748, 'f1_micro': 0.87413, 'f1_weighted': 0.8736473677150332, 'precision_macro': 0.8677646115279855, 'precision_micro': 0.87413, 'precision_weighted': 0.8752560034942339, 'recall_macro': 0.8599518143411163, 'recall_micro': 0.87413, 'recall_weighted': 0.87413}
Validation statistic: Loss: 0.2570, dev_score: {'accuracy': 0.9206033482512846, 'balanced_accuracy': 0.9190889740499303, 'f1_macro': 0.9200369446650504, 'f1_micro': 0.9206033482512846, 'f1_weighted': 0.9208800897621063, 'precision_macro': 0.922364323487591, 'precision_micro': 0.9206033482512846, 'precision_weighted': 0.9224987455535673, 'recall_macro': 0.9190889740499303, 'recall_micro': 0.9206033482512846, 'recall_weighted': 0.9206033482512846}
-----------------------
Epoch 64/100
Training statistic: Loss: 0.4397, train_score: {'accuracy': 0.87505, 'balanced_accuracy': 0.8593004752918638, 'f1_macro': 0.8644628324061283, 'f1_micro': 0.87505, 'f1_weighted': 0.8743384277117412, 'precision_macro': 0.8717894759176573, 'precision_micro': 0.87505, 'precision_weighted': 0.8755233951359287, 'recall_macro': 0.8593004752918638, 'recall_micro': 0.87505, 'recall_weighted': 0.87505}
Validation statistic: Loss: 0.2589, dev_score: {'accuracy': 0.9196088181667496, 'balanced_accuracy': 0.9180485063517112, 'f1_macro': 0.9189904411947236, 'f1_micro': 0.9196088181667496, 'f1_weighted': 0.9198868198823895, 'precision_macro': 0.9215065538140823, 'precision_micro': 0.9196088181667496, 'precision_weighted': 0.9217091942823737, 'recall_macro': 0.9180485063517112, 'recall_micro': 0.9196088181667496, 'recall_weighted': 0.9196088181667496}
-----------------------
Epoch 65/100
Training statistic: Loss: 0.4367, train_score: {'accuracy': 0.87559, 'balanced_accuracy': 0.8591638236970729, 'f1_macro': 0.8648342985289077, 'f1_micro': 0.87559, 'f1_weighted': 0.8748708946248822, 'precision_macro': 0.8734491914284794, 'precision_micro': 0.87559, 'precision_weighted': 0.8767220925719277, 'recall_macro': 0.8591638236970729, 'recall_micro': 0.87559, 'recall_weighted': 0.87559}
Validation statistic: Loss: 0.2504, dev_score: {'accuracy': 0.9235869385048898, 'balanced_accuracy': 0.9224920893985917, 'f1_macro': 0.9232111042269724, 'f1_micro': 0.9235869385048898, 'f1_weighted': 0.9239693566216838, 'precision_macro': 0.9250139722094473, 'precision_micro': 0.9235869385048898, 'precision_weighted': 0.9254149746325196, 'recall_macro': 0.9224920893985917, 'recall_micro': 0.9235869385048898, 'recall_weighted': 0.9235869385048898}
Saving model...
Model saved!
-------------------------------------------
-----------------------
Epoch 66/100
Training statistic: Loss: 0.4330, train_score: {'accuracy': 0.87922, 'balanced_accuracy': 0.8655045606196395, 'f1_macro': 0.8689332547141972, 'f1_micro': 0.87922, 'f1_weighted': 0.8786815986537959, 'precision_macro': 0.8743890083883421, 'precision_micro': 0.87922, 'precision_weighted': 0.8798019167349802, 'recall_macro': 0.8655045606196395, 'recall_micro': 0.87922, 'recall_weighted': 0.87922}
Validation statistic: Loss: 0.2541, dev_score: {'accuracy': 0.9220951433780872, 'balanced_accuracy': 0.9205336080376689, 'f1_macro': 0.9215685078019049, 'f1_micro': 0.9220951433780872, 'f1_weighted': 0.9224477935267332, 'precision_macro': 0.9244004680237324, 'precision_micro': 0.9220951433780872, 'precision_weighted': 0.9245653079107747, 'recall_macro': 0.9205336080376689, 'recall_micro': 0.9220951433780872, 'recall_weighted': 0.9220951433780872}
-----------------------
Epoch 67/100
Training statistic: Loss: 0.4375, train_score: {'accuracy': 0.87724, 'balanced_accuracy': 0.8609599507329788, 'f1_macro': 0.8662160839658053, 'f1_micro': 0.87724, 'f1_weighted': 0.8766820374143531, 'precision_macro': 0.8732029974654963, 'precision_micro': 0.87724, 'precision_weighted': 0.8776113708350571, 'recall_macro': 0.8609599507329788, 'recall_micro': 0.87724, 'recall_weighted': 0.87724}
Validation statistic: Loss: 0.2542, dev_score: {'accuracy': 0.9230896734626223, 'balanced_accuracy': 0.9217062824472662, 'f1_macro': 0.9227490408914043, 'f1_micro': 0.9230896734626223, 'f1_weighted': 0.9234674093242281, 'precision_macro': 0.92496268405518, 'precision_micro': 0.9230896734626223, 'precision_weighted': 0.9249928376232792, 'recall_macro': 0.9217062824472662, 'recall_micro': 0.9230896734626223, 'recall_weighted': 0.9230896734626223}
-----------------------
Epoch 68/100
Training statistic: Loss: 0.4325, train_score: {'accuracy': 0.87803, 'balanced_accuracy': 0.8610388756513402, 'f1_macro': 0.8671714642926608, 'f1_micro': 0.87803, 'f1_weighted': 0.8774634733554516, 'precision_macro': 0.8749160243824665, 'precision_micro': 0.87803, 'precision_weighted': 0.8783991553597696, 'recall_macro': 0.8610388756513402, 'recall_micro': 0.87803, 'recall_weighted': 0.87803}
Validation statistic: Loss: 0.2581, dev_score: {'accuracy': 0.9201060832090171, 'balanced_accuracy': 0.9185621286108361, 'f1_macro': 0.9197007648995935, 'f1_micro': 0.9201060832090171, 'f1_weighted': 0.9206021845025275, 'precision_macro': 0.9227825704977937, 'precision_micro': 0.9201060832090171, 'precision_weighted': 0.9230079337861443, 'recall_macro': 0.9185621286108361, 'recall_micro': 0.9201060832090171, 'recall_weighted': 0.9201060832090171}
-----------------------
Epoch 69/100
Training statistic: Loss: 0.4302, train_score: {'accuracy': 0.88097, 'balanced_accuracy': 0.8630351827786462, 'f1_macro': 0.8704025933590611, 'f1_micro': 0.88097, 'f1_weighted': 0.880345305049539, 'precision_macro': 0.879660189105316, 'precision_micro': 0.88097, 'precision_weighted': 0.8813599958646066, 'recall_macro': 0.8630351827786462, 'recall_micro': 0.88097, 'recall_weighted': 0.88097}
Validation statistic: Loss: 0.2542, dev_score: {'accuracy': 0.9234211834908006, 'balanced_accuracy': 0.9219539452280807, 'f1_macro': 0.9230010021896998, 'f1_micro': 0.9234211834908006, 'f1_weighted': 0.9238399176971074, 'precision_macro': 0.9255197626021363, 'precision_micro': 0.9234211834908006, 'precision_weighted': 0.9256953017863885, 'recall_macro': 0.9219539452280807, 'recall_micro': 0.9234211834908006, 'recall_weighted': 0.9234211834908006}
-----------------------
Epoch 70/100
Training statistic: Loss: 0.4298, train_score: {'accuracy': 0.88023, 'balanced_accuracy': 0.8629900152325648, 'f1_macro': 0.8691444978334543, 'f1_micro': 0.88023, 'f1_weighted': 0.8794682097007103, 'precision_macro': 0.8775756121728469, 'precision_micro': 0.88023, 'precision_weighted': 0.88067319447309, 'recall_macro': 0.8629900152325648, 'recall_micro': 0.88023, 'recall_weighted': 0.88023}
Validation statistic: Loss: 0.2585, dev_score: {'accuracy': 0.9197745731808388, 'balanced_accuracy': 0.9181653248584556, 'f1_macro': 0.9191503915298496, 'f1_micro': 0.9197745731808388, 'f1_weighted': 0.9200625473684637, 'precision_macro': 0.9218410565873414, 'precision_micro': 0.9197745731808388, 'precision_weighted': 0.9220095146201279, 'recall_macro': 0.9181653248584556, 'recall_micro': 0.9197745731808388, 'recall_weighted': 0.9197745731808388}
-----------------------
Epoch 71/100
Training statistic: Loss: 0.4244, train_score: {'accuracy': 0.88165, 'balanced_accuracy': 0.8672524114187024, 'f1_macro': 0.8707944624508412, 'f1_micro': 0.88165, 'f1_weighted': 0.8810340232127739, 'precision_macro': 0.8760595119916997, 'precision_micro': 0.88165, 'precision_weighted': 0.8819592356936073, 'recall_macro': 0.8672524114187024, 'recall_micro': 0.88165, 'recall_weighted': 0.88165}
Validation statistic: Loss: 0.2518, dev_score: {'accuracy': 0.9220951433780872, 'balanced_accuracy': 0.9204675714954147, 'f1_macro': 0.9214392586978883, 'f1_micro': 0.9220951433780872, 'f1_weighted': 0.9223728554232209, 'precision_macro': 0.9240919121378501, 'precision_micro': 0.9220951433780872, 'precision_weighted': 0.9242908667273602, 'recall_macro': 0.9204675714954147, 'recall_micro': 0.9220951433780872, 'recall_weighted': 0.9220951433780872}
-----------------------
Epoch 72/100
Training statistic: Loss: 0.4279, train_score: {'accuracy': 0.88022, 'balanced_accuracy': 0.8663748602693847, 'f1_macro': 0.869684249303921, 'f1_micro': 0.88022, 'f1_weighted': 0.8795882646849931, 'precision_macro': 0.8752499112089112, 'precision_micro': 0.88022, 'precision_weighted': 0.8810444348881035, 'recall_macro': 0.8663748602693847, 'recall_micro': 0.88022, 'recall_weighted': 0.88022}
Validation statistic: Loss: 0.2527, dev_score: {'accuracy': 0.9189457981103928, 'balanced_accuracy': 0.9170874826870202, 'f1_macro': 0.9181506620707323, 'f1_micro': 0.9189457981103928, 'f1_weighted': 0.9191815127101717, 'precision_macro': 0.9210373496913246, 'precision_micro': 0.9189457981103928, 'precision_weighted': 0.9211968537181059, 'recall_macro': 0.9170874826870202, 'recall_micro': 0.9189457981103928, 'recall_weighted': 0.9189457981103928}
-----------------------
Epoch 73/100
Training statistic: Loss: 0.4296, train_score: {'accuracy': 0.88104, 'balanced_accuracy': 0.8642895528457701, 'f1_macro': 0.8707893185855615, 'f1_micro': 0.88104, 'f1_weighted': 0.8803971069111838, 'precision_macro': 0.8792618394060758, 'precision_micro': 0.88104, 'precision_weighted': 0.8814323491090137, 'recall_macro': 0.8642895528457701, 'recall_micro': 0.88104, 'recall_weighted': 0.88104}
Validation statistic: Loss: 0.2535, dev_score: {'accuracy': 0.9220951433780872, 'balanced_accuracy': 0.9205640868648718, 'f1_macro': 0.9214156434596248, 'f1_micro': 0.9220951433780872, 'f1_weighted': 0.9223892703554639, 'precision_macro': 0.9237238526335343, 'precision_micro': 0.9220951433780872, 'precision_weighted': 0.9241131877124441, 'recall_macro': 0.9205640868648718, 'recall_micro': 0.9220951433780872, 'recall_weighted': 0.9220951433780872}
-----------------------
Epoch 74/100
Training statistic: Loss: 0.4255, train_score: {'accuracy': 0.88216, 'balanced_accuracy': 0.86913832095017, 'f1_macro': 0.8712938333052465, 'f1_micro': 0.88216, 'f1_weighted': 0.8817060578561939, 'precision_macro': 0.8749302413612814, 'precision_micro': 0.88216, 'precision_weighted': 0.8824891765997775, 'recall_macro': 0.86913832095017, 'recall_micro': 0.88216, 'recall_weighted': 0.88216}
Validation statistic: Loss: 0.2548, dev_score: {'accuracy': 0.919111553124482, 'balanced_accuracy': 0.9175774461617024, 'f1_macro': 0.9186730905669884, 'f1_micro': 0.919111553124482, 'f1_weighted': 0.9195371184163424, 'precision_macro': 0.9218892631257589, 'precision_micro': 0.919111553124482, 'precision_weighted': 0.9220395207348011, 'recall_macro': 0.9175774461617024, 'recall_micro': 0.919111553124482, 'recall_weighted': 0.919111553124482}
-----------------------
Epoch 75/100
Training statistic: Loss: 0.4324, train_score: {'accuracy': 0.88056, 'balanced_accuracy': 0.8649911547209748, 'f1_macro': 0.8701241256355854, 'f1_micro': 0.88056, 'f1_weighted': 0.8799125246707449, 'precision_macro': 0.8772969044980758, 'precision_micro': 0.88056, 'precision_weighted': 0.8809068991243033, 'recall_macro': 0.8649911547209748, 'recall_micro': 0.88056, 'recall_weighted': 0.88056}
Validation statistic: Loss: 0.2518, dev_score: {'accuracy': 0.9230896734626223, 'balanced_accuracy': 0.9215456183314202, 'f1_macro': 0.9225643298565975, 'f1_micro': 0.9230896734626223, 'f1_weighted': 0.9233565009478726, 'precision_macro': 0.9248887964142911, 'precision_micro': 0.9230896734626223, 'precision_weighted': 0.9249019378444558, 'recall_macro': 0.9215456183314202, 'recall_micro': 0.9230896734626223, 'recall_weighted': 0.9230896734626223}
-----------------------
Epoch 76/100
Training statistic: Loss: 0.4219, train_score: {'accuracy': 0.88256, 'balanced_accuracy': 0.8682811135007966, 'f1_macro': 0.871453416135922, 'f1_micro': 0.88256, 'f1_weighted': 0.8821238232114076, 'precision_macro': 0.8766594640103337, 'precision_micro': 0.88256, 'precision_weighted': 0.8833078197860833, 'recall_macro': 0.8682811135007966, 'recall_micro': 0.88256, 'recall_weighted': 0.88256}
Validation statistic: Loss: 0.2535, dev_score: {'accuracy': 0.922758163434444, 'balanced_accuracy': 0.92122070499279, 'f1_macro': 0.9222468455016454, 'f1_micro': 0.922758163434444, 'f1_weighted': 0.9231512309239348, 'precision_macro': 0.9250204416630743, 'precision_micro': 0.922758163434444, 'precision_weighted': 0.9252596527510297, 'recall_macro': 0.92122070499279, 'recall_micro': 0.922758163434444, 'recall_weighted': 0.922758163434444}
-----------------------
Epoch 77/100
Training statistic: Loss: 0.4201, train_score: {'accuracy': 0.88182, 'balanced_accuracy': 0.8673196811054737, 'f1_macro': 0.872052665179108, 'f1_micro': 0.88182, 'f1_weighted': 0.881304295911034, 'precision_macro': 0.8785725113259281, 'precision_micro': 0.88182, 'precision_weighted': 0.8823712644768822, 'recall_macro': 0.8673196811054737, 'recall_micro': 0.88182, 'recall_weighted': 0.88182}
Validation statistic: Loss: 0.2550, dev_score: {'accuracy': 0.9201060832090171, 'balanced_accuracy': 0.9183652729678606, 'f1_macro': 0.9196047116546782, 'f1_micro': 0.9201060832090171, 'f1_weighted': 0.9205111013002598, 'precision_macro': 0.9229462502507702, 'precision_micro': 0.9201060832090171, 'precision_weighted': 0.9229736646564524, 'recall_macro': 0.9183652729678606, 'recall_micro': 0.9201060832090171, 'recall_weighted': 0.9201060832090171}
-----------------------
Epoch 78/100
Training statistic: Loss: 0.4219, train_score: {'accuracy': 0.8823, 'balanced_accuracy': 0.8693361498800527, 'f1_macro': 0.8718233635648804, 'f1_micro': 0.8823, 'f1_weighted': 0.8817689641567159, 'precision_macro': 0.876833098164614, 'precision_micro': 0.8823, 'precision_weighted': 0.8833792179476423, 'recall_macro': 0.8693361498800527, 'recall_micro': 0.8823, 'recall_weighted': 0.8823}
Validation statistic: Loss: 0.2553, dev_score: {'accuracy': 0.9214321233217305, 'balanced_accuracy': 0.9198082964213432, 'f1_macro': 0.9209008510213863, 'f1_micro': 0.9214321233217305, 'f1_weighted': 0.9218051625048108, 'precision_macro': 0.9237631207081455, 'precision_micro': 0.9214321233217305, 'precision_weighted': 0.923915345923414, 'recall_macro': 0.9198082964213432, 'recall_micro': 0.9214321233217305, 'recall_weighted': 0.9214321233217305}
-----------------------
Epoch 79/100
Training statistic: Loss: 0.4278, train_score: {'accuracy': 0.88129, 'balanced_accuracy': 0.8701591165509328, 'f1_macro': 0.8710364776317416, 'f1_micro': 0.88129, 'f1_weighted': 0.8808442565155216, 'precision_macro': 0.874061859395117, 'precision_micro': 0.88129, 'precision_weighted': 0.8823123151960964, 'recall_macro': 0.8701591165509328, 'recall_micro': 0.88129, 'recall_weighted': 0.88129}
Validation statistic: Loss: 0.2530, dev_score: {'accuracy': 0.9224266534062655, 'balanced_accuracy': 0.9211156957665871, 'f1_macro': 0.9220211758620518, 'f1_micro': 0.9224266534062655, 'f1_weighted': 0.9228185679152133, 'precision_macro': 0.9243585002380226, 'precision_micro': 0.9224266534062655, 'precision_weighted': 0.924610641176555, 'recall_macro': 0.9211156957665871, 'recall_micro': 0.9224266534062655, 'recall_weighted': 0.9224266534062655}
-----------------------
Epoch 80/100
Training statistic: Loss: 0.4212, train_score: {'accuracy': 0.8848, 'balanced_accuracy': 0.8714490531685184, 'f1_macro': 0.8746514501095755, 'f1_micro': 0.8848, 'f1_weighted': 0.8842928418000889, 'precision_macro': 0.8798112073048244, 'precision_micro': 0.8848, 'precision_weighted': 0.8854469753781409, 'recall_macro': 0.8714490531685184, 'recall_micro': 0.8848, 'recall_weighted': 0.8848}
Validation statistic: Loss: 0.2495, dev_score: {'accuracy': 0.9217636333499089, 'balanced_accuracy': 0.9202522773922819, 'f1_macro': 0.9212496609137508, 'f1_micro': 0.9217636333499089, 'f1_weighted': 0.9220694573937862, 'precision_macro': 0.9240505925259381, 'precision_micro': 0.9217636333499089, 'precision_weighted': 0.9241347948232284, 'recall_macro': 0.9202522773922819, 'recall_micro': 0.9217636333499089, 'recall_weighted': 0.9217636333499089}
Saving model...
Model saved!
-------------------------------------------
-----------------------
Epoch 81/100
Training statistic: Loss: 0.4241, train_score: {'accuracy': 0.88449, 'balanced_accuracy': 0.8718517681648692, 'f1_macro': 0.8743042089378041, 'f1_micro': 0.88449, 'f1_weighted': 0.8840899209925751, 'precision_macro': 0.8785551645804424, 'precision_micro': 0.88449, 'precision_weighted': 0.8852863531434217, 'recall_macro': 0.8718517681648692, 'recall_micro': 0.88449, 'recall_weighted': 0.88449}
Validation statistic: Loss: 0.2500, dev_score: {'accuracy': 0.9240842035471573, 'balanced_accuracy': 0.9228625957229806, 'f1_macro': 0.9236902986701546, 'f1_micro': 0.9240842035471573, 'f1_weighted': 0.9244330926687578, 'precision_macro': 0.9255204268748614, 'precision_micro': 0.9240842035471573, 'precision_weighted': 0.9257709109653218, 'recall_macro': 0.9228625957229806, 'recall_micro': 0.9240842035471573, 'recall_weighted': 0.9240842035471573}
-----------------------
Epoch 82/100
Training statistic: Loss: 0.4211, train_score: {'accuracy': 0.88547, 'balanced_accuracy': 0.8722372788552416, 'f1_macro': 0.875456710357183, 'f1_micro': 0.88547, 'f1_weighted': 0.8850170081625353, 'precision_macro': 0.8806442454323925, 'precision_micro': 0.88547, 'precision_weighted': 0.8861309113566972, 'recall_macro': 0.8722372788552416, 'recall_micro': 0.88547, 'recall_weighted': 0.88547}
Validation statistic: Loss: 0.2503, dev_score: {'accuracy': 0.9234211834908006, 'balanced_accuracy': 0.9219599734768626, 'f1_macro': 0.9228695892932238, 'f1_micro': 0.9234211834908006, 'f1_weighted': 0.9237160837434172, 'precision_macro': 0.9249901729611028, 'precision_micro': 0.9234211834908006, 'precision_weighted': 0.9251976413005857, 'recall_macro': 0.9219599734768626, 'recall_micro': 0.9234211834908006, 'recall_weighted': 0.9234211834908006}
-----------------------
Epoch 83/100
Training statistic: Loss: 0.4131, train_score: {'accuracy': 0.88739, 'balanced_accuracy': 0.8731321734578235, 'f1_macro': 0.8777041465359815, 'f1_micro': 0.88739, 'f1_weighted': 0.8869262319267733, 'precision_macro': 0.8839242809855599, 'precision_micro': 0.88739, 'precision_weighted': 0.8877848456324265, 'recall_macro': 0.8731321734578235, 'recall_micro': 0.88739, 'recall_weighted': 0.88739}
Validation statistic: Loss: 0.2475, dev_score: {'accuracy': 0.9242499585612465, 'balanced_accuracy': 0.9228731581904374, 'f1_macro': 0.9238642298021364, 'f1_micro': 0.9242499585612465, 'f1_weighted': 0.9246613194889282, 'precision_macro': 0.9263380107180064, 'precision_micro': 0.9242499585612465, 'precision_weighted': 0.9265364795861327, 'recall_macro': 0.9228731581904374, 'recall_micro': 0.9242499585612465, 'recall_weighted': 0.9242499585612465}
Saving model...
Model saved!
-------------------------------------------
-----------------------
Epoch 84/100
Training statistic: Loss: 0.4187, train_score: {'accuracy': 0.88776, 'balanced_accuracy': 0.8709371249835447, 'f1_macro': 0.8778525214591028, 'f1_micro': 0.88776, 'f1_weighted': 0.8872436132148402, 'precision_macro': 0.8861376494288746, 'precision_micro': 0.88776, 'precision_weighted': 0.8880717052764435, 'recall_macro': 0.8709371249835447, 'recall_micro': 0.88776, 'recall_weighted': 0.88776}
Validation statistic: Loss: 0.2545, dev_score: {'accuracy': 0.9194430631526603, 'balanced_accuracy': 0.9178079383695881, 'f1_macro': 0.9189672142702046, 'f1_micro': 0.9194430631526603, 'f1_weighted': 0.9199195647038477, 'precision_macro': 0.9224616754147185, 'precision_micro': 0.9194430631526603, 'precision_weighted': 0.9226842691694545, 'recall_macro': 0.9178079383695881, 'recall_micro': 0.9194430631526603, 'recall_weighted': 0.9194430631526603}
-----------------------
Epoch 85/100
Training statistic: Loss: 0.4157, train_score: {'accuracy': 0.88967, 'balanced_accuracy': 0.8785184109878463, 'f1_macro': 0.8808147241717086, 'f1_micro': 0.88967, 'f1_weighted': 0.8893857240905686, 'precision_macro': 0.8840686272791196, 'precision_micro': 0.88967, 'precision_weighted': 0.8898959007882957, 'recall_macro': 0.8785184109878463, 'recall_micro': 0.88967, 'recall_weighted': 0.88967}
Validation statistic: Loss: 0.2476, dev_score: {'accuracy': 0.9234211834908006, 'balanced_accuracy': 0.9220541723777895, 'f1_macro': 0.9228659475222484, 'f1_micro': 0.9234211834908006, 'f1_weighted': 0.9237663302159569, 'precision_macro': 0.9249826562177426, 'precision_micro': 0.9234211834908006, 'precision_weighted': 0.9254007561590893, 'recall_macro': 0.9220541723777895, 'recall_micro': 0.9234211834908006, 'recall_weighted': 0.9234211834908006}
-----------------------
Epoch 86/100
Training statistic: Loss: 0.4103, train_score: {'accuracy': 0.88906, 'balanced_accuracy': 0.8727564309794215, 'f1_macro': 0.8794332475505364, 'f1_micro': 0.88906, 'f1_weighted': 0.8886487204141152, 'precision_macro': 0.8874872103035705, 'precision_micro': 0.88906, 'precision_weighted': 0.8892661581413354, 'recall_macro': 0.8727564309794215, 'recall_micro': 0.88906, 'recall_weighted': 0.88906}
Validation statistic: Loss: 0.2528, dev_score: {'accuracy': 0.920934858279463, 'balanced_accuracy': 0.9194459708598796, 'f1_macro': 0.9205666734624016, 'f1_micro': 0.920934858279463, 'f1_weighted': 0.9214149623460176, 'precision_macro': 0.9236149320281605, 'precision_micro': 0.920934858279463, 'precision_weighted': 0.9238007137429216, 'recall_macro': 0.9194459708598796, 'recall_micro': 0.920934858279463, 'recall_weighted': 0.920934858279463}
-----------------------
Epoch 87/100
Training statistic: Loss: 0.4112, train_score: {'accuracy': 0.89022, 'balanced_accuracy': 0.8778616622419995, 'f1_macro': 0.8811908508476964, 'f1_micro': 0.89022, 'f1_weighted': 0.889867346096935, 'precision_macro': 0.885505544245272, 'precision_micro': 0.89022, 'precision_weighted': 0.8904336194510092, 'recall_macro': 0.8778616622419995, 'recall_micro': 0.89022, 'recall_weighted': 0.89022}
Validation statistic: Loss: 0.2485, dev_score: {'accuracy': 0.922758163434444, 'balanced_accuracy': 0.9215131083180703, 'f1_macro': 0.9223239111971429, 'f1_micro': 0.922758163434444, 'f1_weighted': 0.923098772914533, 'precision_macro': 0.9242413627700445, 'precision_micro': 0.922758163434444, 'precision_weighted': 0.924535583271442, 'recall_macro': 0.9215131083180703, 'recall_micro': 0.922758163434444, 'recall_weighted': 0.922758163434444}
-----------------------
Epoch 88/100
Training statistic: Loss: 0.4173, train_score: {'accuracy': 0.88745, 'balanced_accuracy': 0.8742328145342851, 'f1_macro': 0.8781623552990118, 'f1_micro': 0.88745, 'f1_weighted': 0.887038629150666, 'precision_macro': 0.8834346520147814, 'precision_micro': 0.88745, 'precision_weighted': 0.8878989907596374, 'recall_macro': 0.8742328145342851, 'recall_micro': 0.88745, 'recall_weighted': 0.88745}
Validation statistic: Loss: 0.2542, dev_score: {'accuracy': 0.9207691032653738, 'balanced_accuracy': 0.919280290402698, 'f1_macro': 0.9203642482314646, 'f1_micro': 0.9207691032653738, 'f1_weighted': 0.9212642138269447, 'precision_macro': 0.9232630186125228, 'precision_micro': 0.9207691032653738, 'precision_weighted': 0.9235468668909809, 'recall_macro': 0.919280290402698, 'recall_micro': 0.9207691032653738, 'recall_weighted': 0.9207691032653738}
-----------------------
Epoch 89/100
Training statistic: Loss: 0.4091, train_score: {'accuracy': 0.89081, 'balanced_accuracy': 0.8774483162725714, 'f1_macro': 0.8808971686343531, 'f1_micro': 0.89081, 'f1_weighted': 0.8904173424821261, 'precision_macro': 0.8855900564843694, 'precision_micro': 0.89081, 'precision_weighted': 0.8909830663535517, 'recall_macro': 0.8774483162725714, 'recall_micro': 0.89081, 'recall_weighted': 0.89081}
Validation statistic: Loss: 0.2499, dev_score: {'accuracy': 0.9215978783358196, 'balanced_accuracy': 0.9201452156326715, 'f1_macro': 0.9211063560300443, 'f1_micro': 0.9215978783358196, 'f1_weighted': 0.9219416886367084, 'precision_macro': 0.9239353439906308, 'precision_micro': 0.9215978783358196, 'precision_weighted': 0.9241277405669927, 'recall_macro': 0.9201452156326715, 'recall_micro': 0.9215978783358196, 'recall_weighted': 0.9215978783358196}
-----------------------
Epoch 90/100
Training statistic: Loss: 0.4129, train_score: {'accuracy': 0.89042, 'balanced_accuracy': 0.8794099716020345, 'f1_macro': 0.8816000918513567, 'f1_micro': 0.89042, 'f1_weighted': 0.8901225431143552, 'precision_macro': 0.8853907038738743, 'precision_micro': 0.89042, 'precision_weighted': 0.8911868005125297, 'recall_macro': 0.8794099716020345, 'recall_micro': 0.89042, 'recall_weighted': 0.89042}
Validation statistic: Loss: 0.2532, dev_score: {'accuracy': 0.9212663683076413, 'balanced_accuracy': 0.9195253866864096, 'f1_macro': 0.9207862954269954, 'f1_micro': 0.9212663683076413, 'f1_weighted': 0.9216740495353408, 'precision_macro': 0.9242184085232532, 'precision_micro': 0.9212663683076413, 'precision_weighted': 0.9242055767907492, 'recall_macro': 0.9195253866864096, 'recall_micro': 0.9212663683076413, 'recall_weighted': 0.9212663683076413}
-----------------------
Epoch 91/100
Training statistic: Loss: 0.4086, train_score: {'accuracy': 0.89137, 'balanced_accuracy': 0.8798826140948997, 'f1_macro': 0.8823089174157766, 'f1_micro': 0.89137, 'f1_weighted': 0.891073393986256, 'precision_macro': 0.8856159732213644, 'precision_micro': 0.89137, 'precision_weighted': 0.8916544076780242, 'recall_macro': 0.8798826140948997, 'recall_micro': 0.89137, 'recall_weighted': 0.89137}
Validation statistic: Loss: 0.2528, dev_score: {'accuracy': 0.920934858279463, 'balanced_accuracy': 0.9193437626144476, 'f1_macro': 0.9204898270121351, 'f1_micro': 0.920934858279463, 'f1_weighted': 0.9213324542647569, 'precision_macro': 0.9234702089901354, 'precision_micro': 0.920934858279463, 'precision_weighted': 0.9235303007828454, 'recall_macro': 0.9193437626144476, 'recall_micro': 0.920934858279463, 'recall_weighted': 0.920934858279463}
-----------------------
Epoch 92/100
Training statistic: Loss: 0.4070, train_score: {'accuracy': 0.89224, 'balanced_accuracy': 0.8782373606962108, 'f1_macro': 0.8829124738892176, 'f1_micro': 0.89224, 'f1_weighted': 0.8918923743702603, 'precision_macro': 0.8890779570172592, 'precision_micro': 0.89224, 'precision_weighted': 0.8927195128472121, 'recall_macro': 0.8782373606962108, 'recall_micro': 0.89224, 'recall_weighted': 0.89224}
Validation statistic: Loss: 0.2495, dev_score: {'accuracy': 0.9217636333499089, 'balanced_accuracy': 0.9201490659527888, 'f1_macro': 0.9214145186505206, 'f1_micro': 0.9217636333499089, 'f1_weighted': 0.9222630080894271, 'precision_macro': 0.9245124204738729, 'precision_micro': 0.9217636333499089, 'precision_weighted': 0.9245686147157821, 'recall_macro': 0.9201490659527888, 'recall_micro': 0.9217636333499089, 'recall_weighted': 0.9217636333499089}
-----------------------
Epoch 93/100
Training statistic: Loss: 0.4062, train_score: {'accuracy': 0.89548, 'balanced_accuracy': 0.8828028723556776, 'f1_macro': 0.8864484612395188, 'f1_micro': 0.89548, 'f1_weighted': 0.895080588688106, 'precision_macro': 0.8911969103861341, 'precision_micro': 0.89548, 'precision_weighted': 0.8956787656705201, 'recall_macro': 0.8828028723556776, 'recall_micro': 0.89548, 'recall_weighted': 0.89548}
Validation statistic: Loss: 0.2494, dev_score: {'accuracy': 0.9220951433780872, 'balanced_accuracy': 0.9206713181267814, 'f1_macro': 0.9216820992626642, 'f1_micro': 0.9220951433780872, 'f1_weighted': 0.9224724104382936, 'precision_macro': 0.9243478821246836, 'precision_micro': 0.9220951433780872, 'precision_weighted': 0.9244828101037628, 'recall_macro': 0.9206713181267814, 'recall_micro': 0.9220951433780872, 'recall_weighted': 0.9220951433780872}
-----------------------
Epoch 94/100
Training statistic: Loss: 0.4079, train_score: {'accuracy': 0.89201, 'balanced_accuracy': 0.8792971978084742, 'f1_macro': 0.8827764189645286, 'f1_micro': 0.89201, 'f1_weighted': 0.8915931472272997, 'precision_macro': 0.8875764162777966, 'precision_micro': 0.89201, 'precision_weighted': 0.8924682663281494, 'recall_macro': 0.8792971978084742, 'recall_micro': 0.89201, 'recall_weighted': 0.89201}
Validation statistic: Loss: 0.2541, dev_score: {'accuracy': 0.9207691032653738, 'balanced_accuracy': 0.9189563241287798, 'f1_macro': 0.9202218283881007, 'f1_micro': 0.9207691032653738, 'f1_weighted': 0.9211900738838699, 'precision_macro': 0.923599352060768, 'precision_micro': 0.9207691032653738, 'precision_weighted': 0.9236806568238108, 'recall_macro': 0.9189563241287798, 'recall_micro': 0.9207691032653738, 'recall_weighted': 0.9207691032653738}
-----------------------
Epoch 95/100
Training statistic: Loss: 0.4132, train_score: {'accuracy': 0.89073, 'balanced_accuracy': 0.8764318547488402, 'f1_macro': 0.8808627729704496, 'f1_micro': 0.89073, 'f1_weighted': 0.890281155923913, 'precision_macro': 0.8869795661140601, 'precision_micro': 0.89073, 'precision_weighted': 0.8913291462320142, 'recall_macro': 0.8764318547488402, 'recall_micro': 0.89073, 'recall_weighted': 0.89073}
Validation statistic: Loss: 0.2521, dev_score: {'accuracy': 0.9202718382231062, 'balanced_accuracy': 0.9186272095579134, 'f1_macro': 0.9197726283253556, 'f1_micro': 0.9202718382231062, 'f1_weighted': 0.9206596443888292, 'precision_macro': 0.9229561804747233, 'precision_micro': 0.9202718382231062, 'precision_weighted': 0.9230431078389705, 'recall_macro': 0.9186272095579134, 'recall_micro': 0.9202718382231062, 'recall_weighted': 0.9202718382231062}
-----------------------
Epoch 96/100
Training statistic: Loss: 0.4053, train_score: {'accuracy': 0.89177, 'balanced_accuracy': 0.8785233109606523, 'f1_macro': 0.8831412544931906, 'f1_micro': 0.89177, 'f1_weighted': 0.8913064077514906, 'precision_macro': 0.8894863817844341, 'precision_micro': 0.89177, 'precision_weighted': 0.8924303987129921, 'recall_macro': 0.8785233109606523, 'recall_micro': 0.89177, 'recall_weighted': 0.89177}
Validation statistic: Loss: 0.2531, dev_score: {'accuracy': 0.9215978783358196, 'balanced_accuracy': 0.9200402184973011, 'f1_macro': 0.9210648569302714, 'f1_micro': 0.9215978783358196, 'f1_weighted': 0.921925076706648, 'precision_macro': 0.9239965979202245, 'precision_micro': 0.9215978783358196, 'precision_weighted': 0.9241183676647255, 'recall_macro': 0.9200402184973011, 'recall_micro': 0.9215978783358196, 'recall_weighted': 0.9215978783358196}
-----------------------
Epoch 97/100
Training statistic: Loss: 0.4096, train_score: {'accuracy': 0.89088, 'balanced_accuracy': 0.8780697671978139, 'f1_macro': 0.882170777664258, 'f1_micro': 0.89088, 'f1_weighted': 0.8903581969025238, 'precision_macro': 0.8885763089952171, 'precision_micro': 0.89088, 'precision_weighted': 0.892152289564352, 'recall_macro': 0.8780697671978139, 'recall_micro': 0.89088, 'recall_weighted': 0.89088}
Validation statistic: Loss: 0.2479, dev_score: {'accuracy': 0.9240842035471573, 'balanced_accuracy': 0.9224214729806468, 'f1_macro': 0.9234112902858447, 'f1_micro': 0.9240842035471573, 'f1_weighted': 0.9242812240476895, 'precision_macro': 0.9257828759632579, 'precision_micro': 0.9240842035471573, 'precision_weighted': 0.9258124193933203, 'recall_macro': 0.9224214729806468, 'recall_micro': 0.9240842035471573, 'recall_weighted': 0.9240842035471573}
-----------------------
Epoch 98/100
Training statistic: Loss: 0.4046, train_score: {'accuracy': 0.89253, 'balanced_accuracy': 0.8796765366561801, 'f1_macro': 0.8838645705408339, 'f1_micro': 0.89253, 'f1_weighted': 0.8920980371393222, 'precision_macro': 0.8893783706759406, 'precision_micro': 0.89253, 'precision_weighted': 0.8930832768942427, 'recall_macro': 0.8796765366561801, 'recall_micro': 0.89253, 'recall_weighted': 0.89253}
Validation statistic: Loss: 0.2472, dev_score: {'accuracy': 0.9232554284767114, 'balanced_accuracy': 0.9220070854944511, 'f1_macro': 0.9227758762974483, 'f1_micro': 0.9232554284767114, 'f1_weighted': 0.9235326235270991, 'precision_macro': 0.9247439509876324, 'precision_micro': 0.9232554284767114, 'precision_weighted': 0.9249888069744199, 'recall_macro': 0.9220070854944511, 'recall_micro': 0.9232554284767114, 'recall_weighted': 0.9232554284767114}
Saving model...
Model saved!
-------------------------------------------
-----------------------
Epoch 99/100
Training statistic: Loss: 0.4080, train_score: {'accuracy': 0.89181, 'balanced_accuracy': 0.8790764068894866, 'f1_macro': 0.8828794962691232, 'f1_micro': 0.89181, 'f1_weighted': 0.8914116134614823, 'precision_macro': 0.8882531767467821, 'precision_micro': 0.89181, 'precision_weighted': 0.892602056730593, 'recall_macro': 0.8790764068894866, 'recall_micro': 0.89181, 'recall_weighted': 0.89181}
Validation statistic: Loss: 0.2524, dev_score: {'accuracy': 0.9194430631526603, 'balanced_accuracy': 0.9178209482677728, 'f1_macro': 0.9188574871653132, 'f1_micro': 0.9194430631526603, 'f1_weighted': 0.9197454572843246, 'precision_macro': 0.9216275744469865, 'precision_micro': 0.9194430631526603, 'precision_weighted': 0.9217421832906025, 'recall_macro': 0.9178209482677728, 'recall_micro': 0.9194430631526603, 'recall_weighted': 0.9194430631526603}
-----------------------
Epoch 100/100
Training statistic: Loss: 0.4024, train_score: {'accuracy': 0.89118, 'balanced_accuracy': 0.8770851905194009, 'f1_macro': 0.8824542413557129, 'f1_micro': 0.89118, 'f1_weighted': 0.8906354900691356, 'precision_macro': 0.88955894050784, 'precision_micro': 0.89118, 'precision_weighted': 0.8918401255654383, 'recall_macro': 0.8770851905194009, 'recall_micro': 0.89118, 'recall_weighted': 0.89118}
Validation statistic: Loss: 0.2494, dev_score: {'accuracy': 0.9217636333499089, 'balanced_accuracy': 0.9199053910038868, 'f1_macro': 0.9210621709526748, 'f1_micro': 0.9217636333499089, 'f1_weighted': 0.9220536671617506, 'precision_macro': 0.9242667007236929, 'precision_micro': 0.9217636333499089, 'precision_weighted': 0.9243325284535683, 'recall_macro': 0.9199053910038868, 'recall_micro': 0.9217636333499089, 'recall_weighted': 0.9217636333499089}
Testing statistic: loss: 0.2559195586604622, scores: {'accuracy': 0.9217056619062088, 'balanced_accuracy': 0.9217415412629084, 'f1_macro': 0.9222982259193986, 'f1_micro': 0.9217056619062088, 'f1_weighted': 0.9221504436812494, 'precision_macro': 0.9243127392330462, 'precision_micro': 0.9217056619062088, 'precision_weighted': 0.9240617315097505, 'recall_macro': 0.9217415412629084, 'recall_micro': 0.9217056619062088, 'recall_weighted': 0.9217056619062088}
Finish training!
