=====Setting up data=====
Dataset name:mnist12
train_option:mix
augment_option:compare_xgb
mix_ratio:-1
n_sample:-1
Training dataset size: 154112 samples
Validation dataset size: 6144 samples

=====Setting up parameters for training=====
num_epochs: 100
learning_rate: 0.001
patience: 30
early_stop_criterion: loss
=====Setting up trainer=====
input_size: 144
model: DNN_MNIST12
----------------------------------------------------------------
        Layer (type)               Output Shape         Param #
================================================================
           Dropout-1                  [-1, 144]               0
            Linear-2                 [-1, 1024]         148,480
         LeakyReLU-3                 [-1, 1024]               0
       BatchNorm1d-4                 [-1, 1024]           2,048
           Dropout-5                 [-1, 1024]               0
            Linear-6                 [-1, 1024]       1,049,600
         LeakyReLU-7                 [-1, 1024]               0
       BatchNorm1d-8                 [-1, 1024]           2,048
           Dropout-9                 [-1, 1024]               0
           Linear-10                  [-1, 256]         262,400
        LeakyReLU-11                  [-1, 256]               0
      BatchNorm1d-12                  [-1, 256]             512
          Dropout-13                  [-1, 256]               0
           Linear-14                   [-1, 10]           2,570
================================================================
Total params: 1,467,658
Trainable params: 1,467,658
Non-trainable params: 0
----------------------------------------------------------------
Input size (MB): 0.00
Forward/backward pass size (MB): 0.07
Params size (MB): 5.60
Estimated Total Size (MB): 5.67
----------------------------------------------------------------
=====Setting up output files=====
weight_dir, weight_file: /home/thuy/Research/minh_data_synth/TabularDA/.cache/mnist_head_fixed_runtime_20261009/output/mnist_head_fixed_20261009/mnist12/weight/, mnist12_seed43_ctgan_full_xgb_mix.weights.pth
acc_dir, acc_file: /home/thuy/Research/minh_data_synth/TabularDA/.cache/mnist_head_fixed_runtime_20261009/output/mnist_head_fixed_20261009/mnist12/acc/, mnist12_seed43_ctgan_full_xgb_mix.epochs.csv
report_file: mnist12_seed43_ctgan_full_xgb_mix.report.txt
==========================================================================================
Start training...
-----------------------
Epoch 1/100
Training statistic: Loss: 0.6718, train_score: {'accuracy': 0.7670253222059262, 'balanced_accuracy': 0.7442451515042579, 'f1_macro': 0.7562737137663105, 'f1_micro': 0.7670253222059262, 'f1_weighted': 0.7648047170308486, 'precision_macro': 0.773636537850867, 'precision_micro': 0.7670253222059262, 'precision_weighted': 0.7689677318388374, 'recall_macro': 0.7442451515042579, 'recall_micro': 0.7670253222059262, 'recall_weighted': 0.7670253222059262}
Validation statistic: Loss: 0.4486, dev_score: {'accuracy': 0.8582794629537543, 'balanced_accuracy': 0.8558240272532405, 'f1_macro': 0.8571169755980254, 'f1_micro': 0.8582794629537543, 'f1_weighted': 0.8591604534100589, 'precision_macro': 0.8674039767185118, 'precision_micro': 0.8582794629537543, 'precision_weighted': 0.8688131824943014, 'recall_macro': 0.8558240272532405, 'recall_micro': 0.8582794629537543, 'recall_weighted': 0.8582794629537543}
Saving model...
Model saved!
-------------------------------------------
-----------------------
Epoch 2/100
Training statistic: Loss: 0.6131, train_score: {'accuracy': 0.7902578945319091, 'balanced_accuracy': 0.7729844688385071, 'f1_macro': 0.7820740567730123, 'f1_micro': 0.7902578945319091, 'f1_weighted': 0.7888253078520293, 'precision_macro': 0.7940927640911487, 'precision_micro': 0.7902578945319091, 'precision_weighted': 0.7910504251045941, 'recall_macro': 0.7729844688385071, 'recall_micro': 0.7902578945319091, 'recall_weighted': 0.7902578945319091}
Validation statistic: Loss: 0.3735, dev_score: {'accuracy': 0.8884468755179844, 'balanced_accuracy': 0.8864939896346187, 'f1_macro': 0.8873100893961029, 'f1_micro': 0.8884468755179844, 'f1_weighted': 0.888883819973891, 'precision_macro': 0.89111600279478, 'precision_micro': 0.8884468755179844, 'precision_weighted': 0.8922131782586278, 'recall_macro': 0.8864939896346187, 'recall_micro': 0.8884468755179844, 'recall_weighted': 0.8884468755179844}
Saving model...
Model saved!
-------------------------------------------
-----------------------
Epoch 3/100
Training statistic: Loss: 0.5872, train_score: {'accuracy': 0.7970524485054578, 'balanced_accuracy': 0.7799454236626704, 'f1_macro': 0.7890521741348777, 'f1_micro': 0.7970524485054578, 'f1_weighted': 0.7958230078576999, 'precision_macro': 0.801593860367835, 'precision_micro': 0.7970524485054578, 'precision_weighted': 0.7985464124888412, 'recall_macro': 0.7799454236626704, 'recall_micro': 0.7970524485054578, 'recall_weighted': 0.7970524485054578}
Validation statistic: Loss: 0.3497, dev_score: {'accuracy': 0.889938670644787, 'balanced_accuracy': 0.8879765432960156, 'f1_macro': 0.8891270778302317, 'f1_micro': 0.889938670644787, 'f1_weighted': 0.8905521275562562, 'precision_macro': 0.894993656718794, 'precision_micro': 0.889938670644787, 'precision_weighted': 0.895746273920499, 'recall_macro': 0.8879765432960156, 'recall_micro': 0.889938670644787, 'recall_weighted': 0.889938670644787}
Saving model...
Model saved!
-------------------------------------------
-----------------------
Epoch 4/100
Training statistic: Loss: 0.5566, train_score: {'accuracy': 0.8062221760743442, 'balanced_accuracy': 0.7923432815294577, 'f1_macro': 0.7995098022413708, 'f1_micro': 0.8062221760743442, 'f1_weighted': 0.8051760942907269, 'precision_macro': 0.80958749881312, 'precision_micro': 0.8062221760743442, 'precision_weighted': 0.8076460686891561, 'recall_macro': 0.7923432815294577, 'recall_micro': 0.8062221760743442, 'recall_weighted': 0.8062221760743442}
Validation statistic: Loss: 0.3168, dev_score: {'accuracy': 0.9023702967014752, 'balanced_accuracy': 0.9003969251360818, 'f1_macro': 0.9015492607860122, 'f1_micro': 0.9023702967014752, 'f1_weighted': 0.9029029284380157, 'precision_macro': 0.9061301876687567, 'precision_micro': 0.9023702967014752, 'precision_weighted': 0.9067493321732071, 'recall_macro': 0.9003969251360818, 'recall_micro': 0.9023702967014752, 'recall_weighted': 0.9023702967014752}
Saving model...
Model saved!
-------------------------------------------
-----------------------
Epoch 5/100
Training statistic: Loss: 0.5460, train_score: {'accuracy': 0.8109465650836503, 'balanced_accuracy': 0.797065652390832, 'f1_macro': 0.8041520707502805, 'f1_micro': 0.8109465650836503, 'f1_weighted': 0.8097951260432835, 'precision_macro': 0.814564778916588, 'precision_micro': 0.8109465650836503, 'precision_weighted': 0.8125784466363903, 'recall_macro': 0.797065652390832, 'recall_micro': 0.8109465650836503, 'recall_weighted': 0.8109465650836503}
Validation statistic: Loss: 0.3070, dev_score: {'accuracy': 0.9051881319409912, 'balanced_accuracy': 0.9029815634746955, 'f1_macro': 0.9042447375002973, 'f1_micro': 0.9051881319409912, 'f1_weighted': 0.9055619376441711, 'precision_macro': 0.9090734740695167, 'precision_micro': 0.9051881319409912, 'precision_weighted': 0.9093690871608564, 'recall_macro': 0.9029815634746955, 'recall_micro': 0.9051881319409912, 'recall_weighted': 0.9051881319409912}
Saving model...
Model saved!
-------------------------------------------
-----------------------
Epoch 6/100
Training statistic: Loss: 0.5287, train_score: {'accuracy': 0.8184939063169234, 'balanced_accuracy': 0.8065569478471752, 'f1_macro': 0.8125451081642338, 'f1_micro': 0.8184939063169234, 'f1_weighted': 0.8175106841543941, 'precision_macro': 0.8210512984848568, 'precision_micro': 0.8184939063169234, 'precision_weighted': 0.8195233227083911, 'recall_macro': 0.8065569478471752, 'recall_micro': 0.8184939063169234, 'recall_weighted': 0.8184939063169234}
Validation statistic: Loss: 0.2878, dev_score: {'accuracy': 0.9149676777722526, 'balanced_accuracy': 0.9130590462925916, 'f1_macro': 0.9141032202256676, 'f1_micro': 0.9149676777722526, 'f1_weighted': 0.9152701980199557, 'precision_macro': 0.9178717735693509, 'precision_micro': 0.9149676777722526, 'precision_weighted': 0.9181881589341919, 'recall_macro': 0.9130590462925916, 'recall_micro': 0.9149676777722526, 'recall_weighted': 0.9149676777722526}
Saving model...
Model saved!
-------------------------------------------
-----------------------
Epoch 7/100
Training statistic: Loss: 0.5149, train_score: {'accuracy': 0.8229911612392435, 'balanced_accuracy': 0.8097039262714019, 'f1_macro': 0.8170570925618028, 'f1_micro': 0.8229911612392435, 'f1_weighted': 0.8221761609358259, 'precision_macro': 0.8264057197442456, 'precision_micro': 0.8229911612392435, 'precision_weighted': 0.8238683965613391, 'recall_macro': 0.8097039262714019, 'recall_micro': 0.8229911612392435, 'recall_weighted': 0.8229911612392435}
Validation statistic: Loss: 0.2779, dev_score: {'accuracy': 0.916293717884966, 'balanced_accuracy': 0.914489861041192, 'f1_macro': 0.9153243027532362, 'f1_micro': 0.916293717884966, 'f1_weighted': 0.9164799011116441, 'precision_macro': 0.9184008189916975, 'precision_micro': 0.916293717884966, 'precision_weighted': 0.9188090057900286, 'recall_macro': 0.914489861041192, 'recall_micro': 0.916293717884966, 'recall_weighted': 0.916293717884966}
Saving model...
Model saved!
-------------------------------------------
-----------------------
Epoch 8/100
Training statistic: Loss: 0.5009, train_score: {'accuracy': 0.8264890261788259, 'balanced_accuracy': 0.8134670085843345, 'f1_macro': 0.8204125796925894, 'f1_micro': 0.8264890261788259, 'f1_weighted': 0.825233411290205, 'precision_macro': 0.8303248203378377, 'precision_micro': 0.8264890261788259, 'precision_weighted': 0.8274999959177892, 'recall_macro': 0.8134670085843345, 'recall_micro': 0.8264890261788259, 'recall_weighted': 0.8264890261788259}
Validation statistic: Loss: 0.2662, dev_score: {'accuracy': 0.919111553124482, 'balanced_accuracy': 0.9173463823602329, 'f1_macro': 0.918153351807989, 'f1_micro': 0.919111553124482, 'f1_weighted': 0.9192887986978634, 'precision_macro': 0.9214320802968985, 'precision_micro': 0.919111553124482, 'precision_weighted': 0.9218321231725738, 'recall_macro': 0.9173463823602329, 'recall_micro': 0.919111553124482, 'recall_weighted': 0.919111553124482}
Saving model...
Model saved!
-------------------------------------------
-----------------------
Epoch 9/100
Training statistic: Loss: 0.4954, train_score: {'accuracy': 0.8317325788155282, 'balanced_accuracy': 0.8200752376582011, 'f1_macro': 0.8265097909986968, 'f1_micro': 0.8317325788155282, 'f1_weighted': 0.8309746102787483, 'precision_macro': 0.8351895310410006, 'precision_micro': 0.8317325788155282, 'precision_weighted': 0.8327002195851185, 'recall_macro': 0.8200752376582011, 'recall_micro': 0.8317325788155282, 'recall_weighted': 0.8317325788155282}
Validation statistic: Loss: 0.2638, dev_score: {'accuracy': 0.9202718382231062, 'balanced_accuracy': 0.918885371244459, 'f1_macro': 0.9193872295129338, 'f1_micro': 0.9202718382231062, 'f1_weighted': 0.9204691095467307, 'precision_macro': 0.9216043343964688, 'precision_micro': 0.9202718382231062, 'precision_weighted': 0.922313531479218, 'recall_macro': 0.918885371244459, 'recall_micro': 0.9202718382231062, 'recall_weighted': 0.9202718382231062}
Saving model...
Model saved!
-------------------------------------------
-----------------------
Epoch 10/100
Training statistic: Loss: 0.4965, train_score: {'accuracy': 0.8312328838241593, 'balanced_accuracy': 0.8178533494489238, 'f1_macro': 0.826022699423685, 'f1_micro': 0.8312328838241593, 'f1_weighted': 0.8302605721661944, 'precision_macro': 0.8368787545913967, 'precision_micro': 0.8312328838241593, 'precision_weighted': 0.8324913623914207, 'recall_macro': 0.8178533494489238, 'recall_micro': 0.8312328838241593, 'recall_weighted': 0.8312328838241593}
Validation statistic: Loss: 0.2655, dev_score: {'accuracy': 0.9217636333499089, 'balanced_accuracy': 0.9202643383235058, 'f1_macro': 0.9210759272773353, 'f1_micro': 0.9217636333499089, 'f1_weighted': 0.9220629202879252, 'precision_macro': 0.9239492987880439, 'precision_micro': 0.9217636333499089, 'precision_weighted': 0.9243299316423473, 'recall_macro': 0.9202643383235058, 'recall_micro': 0.9217636333499089, 'recall_weighted': 0.9217636333499089}
-----------------------
Epoch 11/100
Training statistic: Loss: 0.4859, train_score: {'accuracy': 0.835236933300453, 'balanced_accuracy': 0.8239643549454104, 'f1_macro': 0.8299864738150504, 'f1_micro': 0.835236933300453, 'f1_weighted': 0.8344749432036547, 'precision_macro': 0.838366850930883, 'precision_micro': 0.835236933300453, 'precision_weighted': 0.8364989122720222, 'recall_macro': 0.8239643549454104, 'recall_micro': 0.835236933300453, 'recall_weighted': 0.835236933300453}
Validation statistic: Loss: 0.2559, dev_score: {'accuracy': 0.9184485330681254, 'balanced_accuracy': 0.916762954933265, 'f1_macro': 0.9177505602362291, 'f1_micro': 0.9184485330681254, 'f1_weighted': 0.9187280949102734, 'precision_macro': 0.9211567010290718, 'precision_micro': 0.9184485330681254, 'precision_weighted': 0.9213279881947865, 'recall_macro': 0.916762954933265, 'recall_micro': 0.9184485330681254, 'recall_weighted': 0.9184485330681254}
Saving model...
Model saved!
-------------------------------------------
-----------------------
Epoch 12/100
Training statistic: Loss: 0.4756, train_score: {'accuracy': 0.8378457305281192, 'balanced_accuracy': 0.8259604018510457, 'f1_macro': 0.8329596521186502, 'f1_micro': 0.8378457305281192, 'f1_weighted': 0.836921281816115, 'precision_macro': 0.8423060949096779, 'precision_micro': 0.8378457305281192, 'precision_weighted': 0.8388544566477761, 'recall_macro': 0.8259604018510457, 'recall_micro': 0.8378457305281192, 'recall_weighted': 0.8378457305281192}
Validation statistic: Loss: 0.2508, dev_score: {'accuracy': 0.9215978783358196, 'balanced_accuracy': 0.9198669767437714, 'f1_macro': 0.9207880958837039, 'f1_micro': 0.9215978783358196, 'f1_weighted': 0.9217989028397848, 'precision_macro': 0.9240162193831558, 'precision_micro': 0.9215978783358196, 'precision_weighted': 0.9242079311064911, 'recall_macro': 0.9198669767437714, 'recall_micro': 0.9215978783358196, 'recall_weighted': 0.9215978783358196}
Saving model...
Model saved!
-------------------------------------------
-----------------------
Epoch 13/100
Training statistic: Loss: 0.4726, train_score: {'accuracy': 0.8410126286552364, 'balanced_accuracy': 0.8323249910651922, 'f1_macro': 0.8359845122305126, 'f1_micro': 0.8410126286552364, 'f1_weighted': 0.8405686323726375, 'precision_macro': 0.8411720024450109, 'precision_micro': 0.8410126286552364, 'precision_weighted': 0.8417640562297499, 'recall_macro': 0.8323249910651922, 'recall_micro': 0.8410126286552364, 'recall_weighted': 0.8410126286552364}
Validation statistic: Loss: 0.2407, dev_score: {'accuracy': 0.9269020387866733, 'balanced_accuracy': 0.9255422932347483, 'f1_macro': 0.9263616014685887, 'f1_micro': 0.9269020387866733, 'f1_weighted': 0.9271151469963664, 'precision_macro': 0.9285531979603755, 'precision_micro': 0.9269020387866733, 'precision_weighted': 0.9286504161924702, 'recall_macro': 0.9255422932347483, 'recall_micro': 0.9269020387866733, 'recall_weighted': 0.9269020387866733}
Saving model...
Model saved!
-------------------------------------------
-----------------------
Epoch 14/100
Training statistic: Loss: 0.4691, train_score: {'accuracy': 0.8402468623048269, 'balanced_accuracy': 0.8269270355527893, 'f1_macro': 0.8353931906450616, 'f1_micro': 0.8402468623048269, 'f1_weighted': 0.8393232658859711, 'precision_macro': 0.8468783874376926, 'precision_micro': 0.8402468623048269, 'precision_weighted': 0.8419780526129631, 'recall_macro': 0.8269270355527893, 'recall_micro': 0.8402468623048269, 'recall_weighted': 0.8402468623048269}
Validation statistic: Loss: 0.2442, dev_score: {'accuracy': 0.9240842035471573, 'balanced_accuracy': 0.9224306708881482, 'f1_macro': 0.9233209223646245, 'f1_micro': 0.9240842035471573, 'f1_weighted': 0.9242910655480077, 'precision_macro': 0.9262959651255013, 'precision_micro': 0.9240842035471573, 'precision_weighted': 0.9265068788179307, 'recall_macro': 0.9224306708881482, 'recall_micro': 0.9240842035471573, 'recall_weighted': 0.9240842035471573}
-----------------------
Epoch 15/100
Training statistic: Loss: 0.4596, train_score: {'accuracy': 0.8449128454060508, 'balanced_accuracy': 0.8350424890802353, 'f1_macro': 0.8401487278843185, 'f1_micro': 0.8449128454060508, 'f1_weighted': 0.8442173995807224, 'precision_macro': 0.8470053960982036, 'precision_micro': 0.8449128454060508, 'precision_weighted': 0.8455359336626883, 'recall_macro': 0.8350424890802353, 'recall_micro': 0.8449128454060508, 'recall_weighted': 0.8449128454060508}
Validation statistic: Loss: 0.2350, dev_score: {'accuracy': 0.9280623238852975, 'balanced_accuracy': 0.926657054173439, 'f1_macro': 0.9274589335961331, 'f1_micro': 0.9280623238852975, 'f1_weighted': 0.928243254206028, 'precision_macro': 0.9296455310055235, 'precision_micro': 0.9280623238852975, 'precision_weighted': 0.9297607349053164, 'recall_macro': 0.926657054173439, 'recall_micro': 0.9280623238852975, 'recall_weighted': 0.9280623238852975}
Saving model...
Model saved!
-------------------------------------------
-----------------------
Epoch 16/100
Training statistic: Loss: 0.4555, train_score: {'accuracy': 0.8465871481044038, 'balanced_accuracy': 0.8363248969099463, 'f1_macro': 0.8419051419329311, 'f1_micro': 0.8465871481044038, 'f1_weighted': 0.8459295973703626, 'precision_macro': 0.8494887243322362, 'precision_micro': 0.8465871481044038, 'precision_weighted': 0.8475857887061752, 'recall_macro': 0.8363248969099463, 'recall_micro': 0.8465871481044038, 'recall_weighted': 0.8465871481044038}
Validation statistic: Loss: 0.2330, dev_score: {'accuracy': 0.9300513840543676, 'balanced_accuracy': 0.928656815765019, 'f1_macro': 0.929483843810614, 'f1_micro': 0.9300513840543676, 'f1_weighted': 0.930165359220715, 'precision_macro': 0.9317149093484367, 'precision_micro': 0.9300513840543676, 'precision_weighted': 0.9316198926629969, 'recall_macro': 0.928656815765019, 'recall_micro': 0.9300513840543676, 'recall_weighted': 0.9300513840543676}
Saving model...
Model saved!
-------------------------------------------
-----------------------
Epoch 17/100
Training statistic: Loss: 0.4516, train_score: {'accuracy': 0.8491699871507002, 'balanced_accuracy': 0.838169458081165, 'f1_macro': 0.8446007437313895, 'f1_micro': 0.8491699871507002, 'f1_weighted': 0.8486152670988723, 'precision_macro': 0.8528564001600204, 'precision_micro': 0.8491699871507002, 'precision_weighted': 0.8500505855245144, 'recall_macro': 0.838169458081165, 'recall_micro': 0.8491699871507002, 'recall_weighted': 0.8491699871507002}
Validation statistic: Loss: 0.2309, dev_score: {'accuracy': 0.9300513840543676, 'balanced_accuracy': 0.9286311747012057, 'f1_macro': 0.9295547009296892, 'f1_micro': 0.9300513840543676, 'f1_weighted': 0.9302533301232621, 'precision_macro': 0.9321660817604995, 'precision_micro': 0.9300513840543676, 'precision_weighted': 0.9320699478595659, 'recall_macro': 0.9286311747012057, 'recall_micro': 0.9300513840543676, 'recall_weighted': 0.9300513840543676}
Saving model...
Model saved!
-------------------------------------------
-----------------------
Epoch 18/100
Training statistic: Loss: 0.4460, train_score: {'accuracy': 0.8508572689397381, 'balanced_accuracy': 0.8423245552243548, 'f1_macro': 0.8465863436607688, 'f1_micro': 0.8508572689397381, 'f1_weighted': 0.850433045060744, 'precision_macro': 0.8521320220704334, 'precision_micro': 0.8508572689397381, 'precision_weighted': 0.8514522342945914, 'recall_macro': 0.8423245552243548, 'recall_micro': 0.8508572689397381, 'recall_weighted': 0.8508572689397381}
Validation statistic: Loss: 0.2270, dev_score: {'accuracy': 0.9308801591248135, 'balanced_accuracy': 0.9297260024668297, 'f1_macro': 0.9304203185015915, 'f1_micro': 0.9308801591248135, 'f1_weighted': 0.9310988109515607, 'precision_macro': 0.9322923877698391, 'precision_micro': 0.9308801591248135, 'precision_weighted': 0.9324461138924485, 'recall_macro': 0.9297260024668297, 'recall_micro': 0.9308801591248135, 'recall_weighted': 0.9308801591248135}
Saving model...
Model saved!
-------------------------------------------
-----------------------
Epoch 19/100
Training statistic: Loss: 0.4463, train_score: {'accuracy': 0.851000038937272, 'balanced_accuracy': 0.8423536278512469, 'f1_macro': 0.8469559958019934, 'f1_micro': 0.851000038937272, 'f1_weighted': 0.8504346669452434, 'precision_macro': 0.8536182180305995, 'precision_micro': 0.851000038937272, 'precision_weighted': 0.8521937359680812, 'recall_macro': 0.8423536278512469, 'recall_micro': 0.851000038937272, 'recall_weighted': 0.851000038937272}
Validation statistic: Loss: 0.2268, dev_score: {'accuracy': 0.9310459141389027, 'balanced_accuracy': 0.9298692823638222, 'f1_macro': 0.9305388012444287, 'f1_micro': 0.9310459141389027, 'f1_weighted': 0.9312150477680563, 'precision_macro': 0.9322986844215648, 'precision_micro': 0.9310459141389027, 'precision_weighted': 0.9324211882012181, 'recall_macro': 0.9298692823638222, 'recall_micro': 0.9310459141389027, 'recall_weighted': 0.9310459141389027}
Saving model...
Model saved!
-------------------------------------------
-----------------------
Epoch 20/100
Training statistic: Loss: 0.4393, train_score: {'accuracy': 0.8540955520656223, 'balanced_accuracy': 0.8448090942697866, 'f1_macro': 0.8499150124729807, 'f1_micro': 0.8540955520656223, 'f1_weighted': 0.8534942668209522, 'precision_macro': 0.8566700532851218, 'precision_micro': 0.8540955520656223, 'precision_weighted': 0.8547927613106114, 'recall_macro': 0.8448090942697866, 'recall_micro': 0.8540955520656223, 'recall_weighted': 0.8540955520656223}
Validation statistic: Loss: 0.2195, dev_score: {'accuracy': 0.9348582794629537, 'balanced_accuracy': 0.933881909123847, 'f1_macro': 0.934415866487868, 'f1_micro': 0.9348582794629537, 'f1_weighted': 0.9349965026747175, 'precision_macro': 0.9358695086256159, 'precision_micro': 0.9348582794629537, 'precision_weighted': 0.9360139124267497, 'recall_macro': 0.933881909123847, 'recall_micro': 0.9348582794629537, 'recall_weighted': 0.9348582794629537}
Saving model...
Model saved!
-------------------------------------------
-----------------------
Epoch 21/100
Training statistic: Loss: 0.4395, train_score: {'accuracy': 0.8552636702272639, 'balanced_accuracy': 0.8466558386925593, 'f1_macro': 0.8511758168402984, 'f1_micro': 0.8552636702272639, 'f1_weighted': 0.8546789010428585, 'precision_macro': 0.8571066491357712, 'precision_micro': 0.8552636702272639, 'precision_weighted': 0.8556941711578323, 'recall_macro': 0.8466558386925593, 'recall_micro': 0.8552636702272639, 'recall_weighted': 0.8552636702272639}
Validation statistic: Loss: 0.2223, dev_score: {'accuracy': 0.9343610144206862, 'balanced_accuracy': 0.9329215947424594, 'f1_macro': 0.9336932951789905, 'f1_micro': 0.9343610144206862, 'f1_weighted': 0.9344193176855984, 'precision_macro': 0.9354730982314173, 'precision_micro': 0.9343610144206862, 'precision_weighted': 0.9354350695750302, 'recall_macro': 0.9329215947424594, 'recall_micro': 0.9343610144206862, 'recall_weighted': 0.9343610144206862}
-----------------------
Epoch 22/100
Training statistic: Loss: 0.4366, train_score: {'accuracy': 0.8562890183913715, 'balanced_accuracy': 0.8462091005986554, 'f1_macro': 0.8518259356880258, 'f1_micro': 0.8562890183913715, 'f1_weighted': 0.8556930506611976, 'precision_macro': 0.859207285720802, 'precision_micro': 0.8562890183913715, 'precision_weighted': 0.8570706043059734, 'recall_macro': 0.8462091005986554, 'recall_micro': 0.8562890183913715, 'recall_weighted': 0.8562890183913715}
Validation statistic: Loss: 0.2238, dev_score: {'accuracy': 0.9330349743079728, 'balanced_accuracy': 0.9315976705738148, 'f1_macro': 0.9325263426081214, 'f1_micro': 0.9330349743079728, 'f1_weighted': 0.9331903925458838, 'precision_macro': 0.9349015206235519, 'precision_micro': 0.9330349743079728, 'precision_weighted': 0.9347286124554649, 'recall_macro': 0.9315976705738148, 'recall_micro': 0.9330349743079728, 'recall_weighted': 0.9330349743079728}
-----------------------
Epoch 23/100
Training statistic: Loss: 0.4299, train_score: {'accuracy': 0.8571780861032876, 'balanced_accuracy': 0.8477523066363902, 'f1_macro': 0.8535857959728583, 'f1_micro': 0.8571780861032876, 'f1_weighted': 0.8566785199672932, 'precision_macro': 0.8608376803856169, 'precision_micro': 0.8571780861032876, 'precision_weighted': 0.8578576348504635, 'recall_macro': 0.8477523066363902, 'recall_micro': 0.8571780861032876, 'recall_weighted': 0.8571780861032876}
Validation statistic: Loss: 0.2146, dev_score: {'accuracy': 0.9341952594065971, 'balanced_accuracy': 0.9329458975362396, 'f1_macro': 0.9336586837733473, 'f1_micro': 0.9341952594065971, 'f1_weighted': 0.9343129160188204, 'precision_macro': 0.9354170866506972, 'precision_micro': 0.9341952594065971, 'precision_weighted': 0.935427960223339, 'recall_macro': 0.9329458975362396, 'recall_micro': 0.9341952594065971, 'recall_weighted': 0.9341952594065971}
Saving model...
Model saved!
-------------------------------------------
-----------------------
Epoch 24/100
Training statistic: Loss: 0.4270, train_score: {'accuracy': 0.8572364920113696, 'balanced_accuracy': 0.8475653167619187, 'f1_macro': 0.8529893770360287, 'f1_micro': 0.8572364920113696, 'f1_weighted': 0.8567046028879813, 'precision_macro': 0.8601684293896275, 'precision_micro': 0.8572364920113696, 'precision_weighted': 0.8581806911629245, 'recall_macro': 0.8475653167619187, 'recall_micro': 0.8572364920113696, 'recall_weighted': 0.8572364920113696}
Validation statistic: Loss: 0.2172, dev_score: {'accuracy': 0.9328692192938837, 'balanced_accuracy': 0.9313270003767838, 'f1_macro': 0.9322523062165073, 'f1_micro': 0.9328692192938837, 'f1_weighted': 0.9330170316177779, 'precision_macro': 0.9345837289335599, 'precision_micro': 0.9328692192938837, 'precision_weighted': 0.9345070007866059, 'recall_macro': 0.9313270003767838, 'recall_micro': 0.9328692192938837, 'recall_weighted': 0.9328692192938837}
-----------------------
Epoch 25/100
Training statistic: Loss: 0.4225, train_score: {'accuracy': 0.8598712474204058, 'balanced_accuracy': 0.8512567956474377, 'f1_macro': 0.855942863236695, 'f1_micro': 0.8598712474204058, 'f1_weighted': 0.8593229957876981, 'precision_macro': 0.8619972366442017, 'precision_micro': 0.8598712474204058, 'precision_weighted': 0.8603443846866404, 'recall_macro': 0.8512567956474377, 'recall_micro': 0.8598712474204058, 'recall_weighted': 0.8598712474204058}
Validation statistic: Loss: 0.2089, dev_score: {'accuracy': 0.9363500745897564, 'balanced_accuracy': 0.9352657802101033, 'f1_macro': 0.9358025923764641, 'f1_micro': 0.9363500745897564, 'f1_weighted': 0.9364408127920583, 'precision_macro': 0.9369327892485089, 'precision_micro': 0.9363500745897564, 'precision_weighted': 0.9370956771284111, 'recall_macro': 0.9352657802101033, 'recall_micro': 0.9363500745897564, 'recall_weighted': 0.9363500745897564}
Saving model...
Model saved!
-------------------------------------------
-----------------------
Epoch 26/100
Training statistic: Loss: 0.4212, train_score: {'accuracy': 0.8605786078627331, 'balanced_accuracy': 0.8524422664152496, 'f1_macro': 0.8564826659438785, 'f1_micro': 0.8605786078627331, 'f1_weighted': 0.8599888571415929, 'precision_macro': 0.8620923933984515, 'precision_micro': 0.8605786078627331, 'precision_weighted': 0.8610788025186531, 'recall_macro': 0.8524422664152496, 'recall_micro': 0.8605786078627331, 'recall_weighted': 0.8605786078627331}
Validation statistic: Loss: 0.2111, dev_score: {'accuracy': 0.9335322393502403, 'balanced_accuracy': 0.9322074280797306, 'f1_macro': 0.932957866722151, 'f1_micro': 0.9335322393502403, 'f1_weighted': 0.9336546450725616, 'precision_macro': 0.9347508935372495, 'precision_micro': 0.9335322393502403, 'precision_weighted': 0.9347715855460547, 'recall_macro': 0.9322074280797306, 'recall_micro': 0.9335322393502403, 'recall_weighted': 0.9335322393502403}
-----------------------
Epoch 27/100
Training statistic: Loss: 0.4181, train_score: {'accuracy': 0.8630770828195776, 'balanced_accuracy': 0.8535223447975477, 'f1_macro': 0.8590620289498455, 'f1_micro': 0.8630770828195776, 'f1_weighted': 0.8626365474626605, 'precision_macro': 0.8657916622190909, 'precision_micro': 0.8630770828195776, 'precision_weighted': 0.8634617937853291, 'recall_macro': 0.8535223447975477, 'recall_micro': 0.8630770828195776, 'recall_weighted': 0.8630770828195776}
Validation statistic: Loss: 0.2097, dev_score: {'accuracy': 0.9351897894911321, 'balanced_accuracy': 0.9339826004510773, 'f1_macro': 0.9346525112114301, 'f1_micro': 0.9351897894911321, 'f1_weighted': 0.9353240109059543, 'precision_macro': 0.9361959214069744, 'precision_micro': 0.9351897894911321, 'precision_weighted': 0.9362958783280281, 'recall_macro': 0.9339826004510773, 'recall_micro': 0.9351897894911321, 'recall_weighted': 0.9351897894911321}
-----------------------
Epoch 28/100
Training statistic: Loss: 0.4168, train_score: {'accuracy': 0.8622269523797162, 'balanced_accuracy': 0.8524455973436089, 'f1_macro': 0.8586200843624722, 'f1_micro': 0.8622269523797162, 'f1_weighted': 0.861671408121723, 'precision_macro': 0.8666556443384724, 'precision_micro': 0.8622269523797162, 'precision_weighted': 0.8633208169926884, 'recall_macro': 0.8524455973436089, 'recall_micro': 0.8622269523797162, 'recall_weighted': 0.8622269523797162}
Validation statistic: Loss: 0.2090, dev_score: {'accuracy': 0.935024034477043, 'balanced_accuracy': 0.9339026091754512, 'f1_macro': 0.9344823925980981, 'f1_micro': 0.935024034477043, 'f1_weighted': 0.9351932913732935, 'precision_macro': 0.9360043085458326, 'precision_micro': 0.935024034477043, 'precision_weighted': 0.9362664102637345, 'recall_macro': 0.9339026091754512, 'recall_micro': 0.935024034477043, 'recall_weighted': 0.935024034477043}
-----------------------
Epoch 29/100
Training statistic: Loss: 0.4138, train_score: {'accuracy': 0.8634015600867003, 'balanced_accuracy': 0.8543746816378717, 'f1_macro': 0.8594680553321155, 'f1_micro': 0.8634015600867003, 'f1_weighted': 0.8627322145082705, 'precision_macro': 0.8663143246739068, 'precision_micro': 0.8634015600867003, 'precision_weighted': 0.8640307111651501, 'recall_macro': 0.8543746816378717, 'recall_micro': 0.8634015600867003, 'recall_weighted': 0.8634015600867003}
Validation statistic: Loss: 0.2079, dev_score: {'accuracy': 0.9356870545333996, 'balanced_accuracy': 0.9344121831609151, 'f1_macro': 0.9351468457295675, 'f1_micro': 0.9356870545333996, 'f1_weighted': 0.9357568889752343, 'precision_macro': 0.9368906150455988, 'precision_micro': 0.9356870545333996, 'precision_weighted': 0.9367921013534152, 'recall_macro': 0.9344121831609151, 'recall_micro': 0.9356870545333996, 'recall_weighted': 0.9356870545333996}
Saving model...
Model saved!
-------------------------------------------
-----------------------
Epoch 30/100
Training statistic: Loss: 0.4133, train_score: {'accuracy': 0.8646605318831363, 'balanced_accuracy': 0.8561779892402732, 'f1_macro': 0.860943040052969, 'f1_micro': 0.8646605318831363, 'f1_weighted': 0.8642413415366226, 'precision_macro': 0.8671207392316201, 'precision_micro': 0.8646605318831363, 'precision_weighted': 0.8654423867336513, 'recall_macro': 0.8561779892402732, 'recall_micro': 0.8646605318831363, 'recall_weighted': 0.8646605318831363}
Validation statistic: Loss: 0.2088, dev_score: {'accuracy': 0.9358528095474888, 'balanced_accuracy': 0.9345392389557039, 'f1_macro': 0.935357512389252, 'f1_micro': 0.9358528095474888, 'f1_weighted': 0.9360401611214587, 'precision_macro': 0.9372200862009585, 'precision_micro': 0.9358528095474888, 'precision_weighted': 0.937233759921839, 'recall_macro': 0.9345392389557039, 'recall_micro': 0.9358528095474888, 'recall_weighted': 0.9358528095474888}
-----------------------
Epoch 31/100
Training statistic: Loss: 0.4125, train_score: {'accuracy': 0.8667177177566939, 'balanced_accuracy': 0.8590532455694465, 'f1_macro': 0.8632784015893901, 'f1_micro': 0.8667177177566939, 'f1_weighted': 0.8662766510040912, 'precision_macro': 0.8684922875688097, 'precision_micro': 0.8667177177566939, 'precision_weighted': 0.866976152188303, 'recall_macro': 0.8590532455694465, 'recall_micro': 0.8667177177566939, 'recall_weighted': 0.8667177177566939}
Validation statistic: Loss: 0.2051, dev_score: {'accuracy': 0.9381733797447372, 'balanced_accuracy': 0.9370801103113742, 'f1_macro': 0.9377155922545477, 'f1_micro': 0.9381733797447372, 'f1_weighted': 0.9383062643479313, 'precision_macro': 0.939012961147516, 'precision_micro': 0.9381733797447372, 'precision_weighted': 0.9390739469732345, 'recall_macro': 0.9370801103113742, 'recall_micro': 0.9381733797447372, 'recall_weighted': 0.9381733797447372}
Saving model...
Model saved!
-------------------------------------------
-----------------------
Epoch 32/100
Training statistic: Loss: 0.4096, train_score: {'accuracy': 0.8653938505068335, 'balanced_accuracy': 0.8560910849367156, 'f1_macro': 0.861890122381688, 'f1_micro': 0.8653938505068335, 'f1_weighted': 0.8648765667449484, 'precision_macro': 0.8691767383177167, 'precision_micro': 0.8653938505068335, 'precision_weighted': 0.866156389839581, 'recall_macro': 0.8560910849367156, 'recall_micro': 0.8653938505068335, 'recall_weighted': 0.8653938505068335}
Validation statistic: Loss: 0.2049, dev_score: {'accuracy': 0.9353555445052213, 'balanced_accuracy': 0.9340951945050902, 'f1_macro': 0.9347035976428059, 'f1_micro': 0.9353555445052213, 'f1_weighted': 0.9355108796526465, 'precision_macro': 0.936299420329864, 'precision_micro': 0.9353555445052213, 'precision_weighted': 0.9366118893501024, 'recall_macro': 0.9340951945050902, 'recall_micro': 0.9353555445052213, 'recall_weighted': 0.9353555445052213}
Saving model...
Model saved!
-------------------------------------------
-----------------------
Epoch 33/100
Training statistic: Loss: 0.4074, train_score: {'accuracy': 0.8679766895531299, 'balanced_accuracy': 0.8615256711790321, 'f1_macro': 0.8641588560243312, 'f1_micro': 0.8679766895531299, 'f1_weighted': 0.8675577652749333, 'precision_macro': 0.8680976219045163, 'precision_micro': 0.8679766895531299, 'precision_weighted': 0.8684718613703662, 'recall_macro': 0.8615256711790321, 'recall_micro': 0.8679766895531299, 'recall_weighted': 0.8679766895531299}
Validation statistic: Loss: 0.2044, dev_score: {'accuracy': 0.9375103596883806, 'balanced_accuracy': 0.9362557383680798, 'f1_macro': 0.9369822074125148, 'f1_micro': 0.9375103596883806, 'f1_weighted': 0.9376393990116247, 'precision_macro': 0.9386165142099738, 'precision_micro': 0.9375103596883806, 'precision_weighted': 0.9386404470298093, 'recall_macro': 0.9362557383680798, 'recall_micro': 0.9375103596883806, 'recall_weighted': 0.9375103596883806}
Saving model...
Model saved!
-------------------------------------------
-----------------------
Epoch 34/100
Training statistic: Loss: 0.4071, train_score: {'accuracy': 0.8673082663828572, 'balanced_accuracy': 0.8591271853045385, 'f1_macro': 0.8637276489978334, 'f1_micro': 0.8673082663828572, 'f1_weighted': 0.8667867645260372, 'precision_macro': 0.8699302097980721, 'precision_micro': 0.8673082663828572, 'precision_weighted': 0.8680299546792095, 'recall_macro': 0.8591271853045385, 'recall_micro': 0.8673082663828572, 'recall_weighted': 0.8673082663828572}
Validation statistic: Loss: 0.2040, dev_score: {'accuracy': 0.9345267694347754, 'balanced_accuracy': 0.9332718132238295, 'f1_macro': 0.9339902079269157, 'f1_micro': 0.9345267694347754, 'f1_weighted': 0.9346303335104184, 'precision_macro': 0.9356422578795023, 'precision_micro': 0.9345267694347754, 'precision_weighted': 0.9356271304237374, 'recall_macro': 0.9332718132238295, 'recall_micro': 0.9345267694347754, 'recall_weighted': 0.9345267694347754}
Saving model...
Model saved!
-------------------------------------------
-----------------------
Epoch 35/100
Training statistic: Loss: 0.4013, train_score: {'accuracy': 0.8695860967980583, 'balanced_accuracy': 0.8618362441560125, 'f1_macro': 0.8661300196969874, 'f1_micro': 0.8695860967980583, 'f1_weighted': 0.8692086698780449, 'precision_macro': 0.8718764886559519, 'precision_micro': 0.8695860967980583, 'precision_weighted': 0.8703253601141699, 'recall_macro': 0.8618362441560125, 'recall_micro': 0.8695860967980583, 'recall_weighted': 0.8695860967980583}
Validation statistic: Loss: 0.2009, dev_score: {'accuracy': 0.9365158296038455, 'balanced_accuracy': 0.9352201723971572, 'f1_macro': 0.935877291907459, 'f1_micro': 0.9365158296038455, 'f1_weighted': 0.9366306423586698, 'precision_macro': 0.9375083849298372, 'precision_micro': 0.9365158296038455, 'precision_weighted': 0.9376878424709052, 'recall_macro': 0.9352201723971572, 'recall_micro': 0.9365158296038455, 'recall_weighted': 0.9365158296038455}
Saving model...
Model saved!
-------------------------------------------
-----------------------
Epoch 36/100
Training statistic: Loss: 0.4008, train_score: {'accuracy': 0.8704621854192895, 'balanced_accuracy': 0.8639836970902351, 'f1_macro': 0.8675688240887552, 'f1_micro': 0.8704621854192895, 'f1_weighted': 0.87020273574951, 'precision_macro': 0.8722024487317354, 'precision_micro': 0.8704621854192895, 'precision_weighted': 0.8710328604046497, 'recall_macro': 0.8639836970902351, 'recall_micro': 0.8704621854192895, 'recall_weighted': 0.8704621854192895}
Validation statistic: Loss: 0.1957, dev_score: {'accuracy': 0.9394994198574507, 'balanced_accuracy': 0.9386539781351925, 'f1_macro': 0.9389785682700362, 'f1_micro': 0.9394994198574507, 'f1_weighted': 0.939573598907728, 'precision_macro': 0.939631916712728, 'precision_micro': 0.9394994198574507, 'precision_weighted': 0.9399632629279905, 'recall_macro': 0.9386539781351925, 'recall_micro': 0.9394994198574507, 'recall_weighted': 0.9394994198574507}
Saving model...
Model saved!
-------------------------------------------
-----------------------
Epoch 37/100
Training statistic: Loss: 0.3990, train_score: {'accuracy': 0.8701766454242216, 'balanced_accuracy': 0.8620011784471941, 'f1_macro': 0.8670480980109712, 'f1_micro': 0.8701766454242216, 'f1_weighted': 0.8696929742288333, 'precision_macro': 0.8736319580323425, 'precision_micro': 0.8701766454242216, 'precision_weighted': 0.8710493251233858, 'recall_macro': 0.8620011784471941, 'recall_micro': 0.8701766454242216, 'recall_weighted': 0.8701766454242216}
Validation statistic: Loss: 0.1990, dev_score: {'accuracy': 0.9376761147024697, 'balanced_accuracy': 0.9364322873461516, 'f1_macro': 0.9370526977218585, 'f1_micro': 0.9376761147024697, 'f1_weighted': 0.9377696353570293, 'precision_macro': 0.9384010880721629, 'precision_micro': 0.9376761147024697, 'precision_weighted': 0.9385539281449156, 'recall_macro': 0.9364322873461516, 'recall_micro': 0.9376761147024697, 'recall_weighted': 0.9376761147024697}
-----------------------
Epoch 38/100
Training statistic: Loss: 0.3974, train_score: {'accuracy': 0.8732072630991473, 'balanced_accuracy': 0.8679224592503398, 'f1_macro': 0.8700218898789045, 'f1_micro': 0.8732072630991473, 'f1_weighted': 0.8729858641896461, 'precision_macro': 0.8730664403351819, 'precision_micro': 0.8732072630991473, 'precision_weighted': 0.8737291843853472, 'recall_macro': 0.8679224592503398, 'recall_micro': 0.8732072630991473, 'recall_weighted': 0.8732072630991473}
Validation statistic: Loss: 0.1975, dev_score: {'accuracy': 0.938836399801094, 'balanced_accuracy': 0.9376745463036474, 'f1_macro': 0.938339141285122, 'f1_micro': 0.938836399801094, 'f1_weighted': 0.9389627055524935, 'precision_macro': 0.9398318255575392, 'precision_micro': 0.938836399801094, 'precision_weighted': 0.9398865505819971, 'recall_macro': 0.9376745463036474, 'recall_micro': 0.938836399801094, 'recall_weighted': 0.938836399801094}
-----------------------
Epoch 39/100
Training statistic: Loss: 0.3949, train_score: {'accuracy': 0.8723960699313406, 'balanced_accuracy': 0.8652530959851724, 'f1_macro': 0.8690058418125222, 'f1_micro': 0.8723960699313406, 'f1_weighted': 0.8718151418016942, 'precision_macro': 0.8742957503491329, 'precision_micro': 0.8723960699313406, 'precision_weighted': 0.8729471970772934, 'recall_macro': 0.8652530959851724, 'recall_micro': 0.8723960699313406, 'recall_weighted': 0.8723960699313406}
Validation statistic: Loss: 0.1963, dev_score: {'accuracy': 0.9381733797447372, 'balanced_accuracy': 0.9369414589542286, 'f1_macro': 0.9376258668077861, 'f1_micro': 0.9381733797447372, 'f1_weighted': 0.9382856669199092, 'precision_macro': 0.9392271524587704, 'precision_micro': 0.9381733797447372, 'precision_weighted': 0.9392757927458331, 'recall_macro': 0.9369414589542286, 'recall_micro': 0.9381733797447372, 'recall_weighted': 0.9381733797447372}
-----------------------
Epoch 40/100
Training statistic: Loss: 0.3917, train_score: {'accuracy': 0.8740314353576388, 'balanced_accuracy': 0.8668006561800377, 'f1_macro': 0.8706726664787677, 'f1_micro': 0.8740314353576388, 'f1_weighted': 0.873629092163356, 'precision_macro': 0.8757331961962856, 'precision_micro': 0.8740314353576388, 'precision_weighted': 0.8745699662092548, 'recall_macro': 0.8668006561800377, 'recall_micro': 0.8740314353576388, 'recall_weighted': 0.8740314353576388}
Validation statistic: Loss: 0.1952, dev_score: {'accuracy': 0.9393336648433616, 'balanced_accuracy': 0.9382151920733506, 'f1_macro': 0.9387937153711345, 'f1_micro': 0.9393336648433616, 'f1_weighted': 0.9394298812464822, 'precision_macro': 0.9402792847066477, 'precision_micro': 0.9393336648433616, 'precision_weighted': 0.9404018066472506, 'recall_macro': 0.9382151920733506, 'recall_micro': 0.9393336648433616, 'recall_weighted': 0.9393336648433616}
Saving model...
Model saved!
-------------------------------------------
-----------------------
Epoch 41/100
Training statistic: Loss: 0.3920, train_score: {'accuracy': 0.8736031253650369, 'balanced_accuracy': 0.8667933515124879, 'f1_macro': 0.8701212898461028, 'f1_micro': 0.8736031253650369, 'f1_weighted': 0.8731823910475374, 'precision_macro': 0.874403886896818, 'precision_micro': 0.8736031253650369, 'precision_weighted': 0.8737735488492364, 'recall_macro': 0.8667933515124879, 'recall_micro': 0.8736031253650369, 'recall_weighted': 0.8736031253650369}
Validation statistic: Loss: 0.1960, dev_score: {'accuracy': 0.9376761147024697, 'balanced_accuracy': 0.9363327124299126, 'f1_macro': 0.9370774320345543, 'f1_micro': 0.9376761147024697, 'f1_weighted': 0.9377512359194834, 'precision_macro': 0.9387261697870052, 'precision_micro': 0.9376761147024697, 'precision_weighted': 0.9386930211196108, 'recall_macro': 0.9363327124299126, 'recall_micro': 0.9376761147024697, 'recall_weighted': 0.9376761147024697}
-----------------------
Epoch 42/100
Training statistic: Loss: 0.3925, train_score: {'accuracy': 0.873862707178735, 'balanced_accuracy': 0.8656031620043467, 'f1_macro': 0.8710166375168822, 'f1_micro': 0.873862707178735, 'f1_weighted': 0.8734013887659269, 'precision_macro': 0.8775153569400377, 'precision_micro': 0.873862707178735, 'precision_weighted': 0.874279883893947, 'recall_macro': 0.8656031620043467, 'recall_micro': 0.873862707178735, 'recall_weighted': 0.873862707178735}
Validation statistic: Loss: 0.1984, dev_score: {'accuracy': 0.9373446046742914, 'balanced_accuracy': 0.9361142563343791, 'f1_macro': 0.9366727182506915, 'f1_micro': 0.9373446046742914, 'f1_weighted': 0.9373976898134234, 'precision_macro': 0.9378712564661207, 'precision_micro': 0.9373446046742914, 'precision_weighted': 0.938061255985726, 'recall_macro': 0.9361142563343791, 'recall_micro': 0.9373446046742914, 'recall_weighted': 0.9373446046742914}
-----------------------
Epoch 43/100
Training statistic: Loss: 0.3909, train_score: {'accuracy': 0.8736550417277765, 'balanced_accuracy': 0.8669547397767058, 'f1_macro': 0.8705702674399711, 'f1_micro': 0.8736550417277765, 'f1_weighted': 0.8731631618395007, 'precision_macro': 0.875673388913407, 'precision_micro': 0.8736550417277765, 'precision_weighted': 0.8743036017551886, 'recall_macro': 0.8669547397767058, 'recall_micro': 0.8736550417277765, 'recall_weighted': 0.8736550417277765}
Validation statistic: Loss: 0.1956, dev_score: {'accuracy': 0.9381733797447372, 'balanced_accuracy': 0.9370201797757802, 'f1_macro': 0.9376657718535537, 'f1_micro': 0.9381733797447372, 'f1_weighted': 0.9382642537429344, 'precision_macro': 0.9391259004110777, 'precision_micro': 0.9381733797447372, 'precision_weighted': 0.9391387218426572, 'recall_macro': 0.9370201797757802, 'recall_micro': 0.9381733797447372, 'recall_weighted': 0.9381733797447372}
-----------------------
Epoch 44/100
Training statistic: Loss: 0.3871, train_score: {'accuracy': 0.8752384907913352, 'balanced_accuracy': 0.8672599454319243, 'f1_macro': 0.8722027293324224, 'f1_micro': 0.8752384907913352, 'f1_weighted': 0.8748937714949584, 'precision_macro': 0.8781349131931766, 'precision_micro': 0.8752384907913352, 'precision_weighted': 0.8756135504597828, 'recall_macro': 0.8672599454319243, 'recall_micro': 0.8752384907913352, 'recall_weighted': 0.8752384907913352}
Validation statistic: Loss: 0.1953, dev_score: {'accuracy': 0.938836399801094, 'balanced_accuracy': 0.937646196129337, 'f1_macro': 0.9382387024282467, 'f1_micro': 0.938836399801094, 'f1_weighted': 0.9389357071201982, 'precision_macro': 0.9397047697496556, 'precision_micro': 0.938836399801094, 'precision_weighted': 0.9398780481670886, 'recall_macro': 0.937646196129337, 'recall_micro': 0.938836399801094, 'recall_weighted': 0.938836399801094}
-----------------------
Epoch 45/100
Training statistic: Loss: 0.3850, train_score: {'accuracy': 0.876711617584072, 'balanced_accuracy': 0.8708252794996231, 'f1_macro': 0.8737314127323531, 'f1_micro': 0.876711617584072, 'f1_weighted': 0.876375819998599, 'precision_macro': 0.8777684008827391, 'precision_micro': 0.876711617584072, 'precision_weighted': 0.8772141941361372, 'recall_macro': 0.8708252794996231, 'recall_micro': 0.876711617584072, 'recall_weighted': 0.876711617584072}
Validation statistic: Loss: 0.1910, dev_score: {'accuracy': 0.9419857450687883, 'balanced_accuracy': 0.9408196581944255, 'f1_macro': 0.9414458677155528, 'f1_micro': 0.9419857450687883, 'f1_weighted': 0.9420145112053274, 'precision_macro': 0.9425658858486374, 'precision_micro': 0.9419857450687883, 'precision_weighted': 0.9425150483586445, 'recall_macro': 0.9408196581944255, 'recall_micro': 0.9419857450687883, 'recall_weighted': 0.9419857450687883}
Saving model...
Model saved!
-------------------------------------------
-----------------------
Epoch 46/100
Training statistic: Loss: 0.3854, train_score: {'accuracy': 0.8762573494101004, 'balanced_accuracy': 0.8690907159195854, 'f1_macro': 0.8732738680399705, 'f1_micro': 0.8762573494101004, 'f1_weighted': 0.8758631239836266, 'precision_macro': 0.8784301240408207, 'precision_micro': 0.8762573494101004, 'precision_weighted': 0.8765617701042199, 'recall_macro': 0.8690907159195854, 'recall_micro': 0.8762573494101004, 'recall_weighted': 0.8762573494101004}
Validation statistic: Loss: 0.1915, dev_score: {'accuracy': 0.9393336648433616, 'balanced_accuracy': 0.9382686460379677, 'f1_macro': 0.938897040824189, 'f1_micro': 0.9393336648433616, 'f1_weighted': 0.939418618520749, 'precision_macro': 0.9401129036693814, 'precision_micro': 0.9393336648433616, 'precision_weighted': 0.9400651128484067, 'recall_macro': 0.9382686460379677, 'recall_micro': 0.9393336648433616, 'recall_weighted': 0.9393336648433616}
-----------------------
Epoch 47/100
Training statistic: Loss: 0.3847, train_score: {'accuracy': 0.8773995093903721, 'balanced_accuracy': 0.8708163897154231, 'f1_macro': 0.874134857601538, 'f1_micro': 0.8773995093903721, 'f1_weighted': 0.8770695844148043, 'precision_macro': 0.8783826386643344, 'precision_micro': 0.8773995093903721, 'precision_weighted': 0.8777705678491851, 'recall_macro': 0.8708163897154231, 'recall_micro': 0.8773995093903721, 'recall_weighted': 0.8773995093903721}
Validation statistic: Loss: 0.1914, dev_score: {'accuracy': 0.9414884800265209, 'balanced_accuracy': 0.9405065841308966, 'f1_macro': 0.9410402704198685, 'f1_micro': 0.9414884800265209, 'f1_weighted': 0.9415447415157904, 'precision_macro': 0.9420104091903883, 'precision_micro': 0.9414884800265209, 'precision_weighted': 0.9420213460538686, 'recall_macro': 0.9405065841308966, 'recall_micro': 0.9414884800265209, 'recall_weighted': 0.9414884800265209}
-----------------------
Epoch 48/100
Training statistic: Loss: 0.3859, train_score: {'accuracy': 0.8775228107518788, 'balanced_accuracy': 0.870073933330073, 'f1_macro': 0.874327112340558, 'f1_micro': 0.8775228107518788, 'f1_weighted': 0.877189602874385, 'precision_macro': 0.8797189944110118, 'precision_micro': 0.8775228107518788, 'precision_weighted': 0.8780882361616097, 'recall_macro': 0.870073933330073, 'recall_micro': 0.8775228107518788, 'recall_weighted': 0.8775228107518788}
Validation statistic: Loss: 0.1922, dev_score: {'accuracy': 0.94165423504061, 'balanced_accuracy': 0.9405486662260302, 'f1_macro': 0.9412757560522778, 'f1_micro': 0.94165423504061, 'f1_weighted': 0.9417675771031654, 'precision_macro': 0.9427358755363215, 'precision_micro': 0.94165423504061, 'precision_weighted': 0.9425843691894848, 'recall_macro': 0.9405486662260302, 'recall_micro': 0.94165423504061, 'recall_weighted': 0.94165423504061}
-----------------------
Epoch 49/100
Training statistic: Loss: 0.3862, train_score: {'accuracy': 0.8760496839591418, 'balanced_accuracy': 0.8677591793235327, 'f1_macro': 0.8729448718927045, 'f1_micro': 0.8760496839591418, 'f1_weighted': 0.8754603887316987, 'precision_macro': 0.880124795385283, 'precision_micro': 0.8760496839591418, 'precision_weighted': 0.8771342609900394, 'recall_macro': 0.8677591793235327, 'recall_micro': 0.8760496839591418, 'recall_weighted': 0.8760496839591418}
Validation statistic: Loss: 0.1954, dev_score: {'accuracy': 0.9385048897729157, 'balanced_accuracy': 0.9370615808875955, 'f1_macro': 0.9379555332271468, 'f1_micro': 0.9385048897729157, 'f1_weighted': 0.9386194247756088, 'precision_macro': 0.9400775655101661, 'precision_micro': 0.9385048897729157, 'precision_weighted': 0.9399109013730953, 'recall_macro': 0.9370615808875955, 'recall_micro': 0.9385048897729157, 'recall_weighted': 0.9385048897729157}
-----------------------
Epoch 50/100
Training statistic: Loss: 0.3842, train_score: {'accuracy': 0.878600075278726, 'balanced_accuracy': 0.8710564548501903, 'f1_macro': 0.8756211475674303, 'f1_micro': 0.878600075278726, 'f1_weighted': 0.8782246174351257, 'precision_macro': 0.8813559592382179, 'precision_micro': 0.878600075278726, 'precision_weighted': 0.8791438338144717, 'recall_macro': 0.8710564548501903, 'recall_micro': 0.878600075278726, 'recall_weighted': 0.878600075278726}
Validation statistic: Loss: 0.1938, dev_score: {'accuracy': 0.9408254599701641, 'balanced_accuracy': 0.9396128886846455, 'f1_macro': 0.9403306408692877, 'f1_micro': 0.9408254599701641, 'f1_weighted': 0.9409113510837069, 'precision_macro': 0.9417669355899749, 'precision_micro': 0.9408254599701641, 'precision_weighted': 0.9416878412725719, 'recall_macro': 0.9396128886846455, 'recall_micro': 0.9408254599701641, 'recall_weighted': 0.9408254599701641}
-----------------------
Epoch 51/100
Training statistic: Loss: 0.3829, train_score: {'accuracy': 0.8789115734551637, 'balanced_accuracy': 0.870930900566217, 'f1_macro': 0.8761021095875507, 'f1_micro': 0.8789115734551637, 'f1_weighted': 0.8784906637280474, 'precision_macro': 0.8826684686421029, 'precision_micro': 0.8789115734551637, 'precision_weighted': 0.8796111593539355, 'recall_macro': 0.870930900566217, 'recall_micro': 0.8789115734551637, 'recall_weighted': 0.8789115734551637}
Validation statistic: Loss: 0.1916, dev_score: {'accuracy': 0.9403281949278965, 'balanced_accuracy': 0.9393080337441088, 'f1_macro': 0.9398976517900606, 'f1_micro': 0.9403281949278965, 'f1_weighted': 0.9404146621386739, 'precision_macro': 0.9410476714065567, 'precision_micro': 0.9403281949278965, 'precision_weighted': 0.9410398502160783, 'recall_macro': 0.9393080337441088, 'recall_micro': 0.9403281949278965, 'recall_weighted': 0.9403281949278965}
-----------------------
Epoch 52/100
Training statistic: Loss: 0.3822, train_score: {'accuracy': 0.8801965034329695, 'balanced_accuracy': 0.8714732137302426, 'f1_macro': 0.8773588736657241, 'f1_micro': 0.8801965034329695, 'f1_weighted': 0.8798656387752435, 'precision_macro': 0.8844032998487557, 'precision_micro': 0.8801965034329695, 'precision_weighted': 0.8808964484789448, 'recall_macro': 0.8714732137302426, 'recall_micro': 0.8801965034329695, 'recall_weighted': 0.8801965034329695}
Validation statistic: Loss: 0.1923, dev_score: {'accuracy': 0.9406597049560749, 'balanced_accuracy': 0.9396562470013151, 'f1_macro': 0.9402969803356644, 'f1_micro': 0.9406597049560749, 'f1_weighted': 0.9407864527330363, 'precision_macro': 0.9415351778007908, 'precision_micro': 0.9406597049560749, 'precision_weighted': 0.9414883672220828, 'recall_macro': 0.9396562470013151, 'recall_micro': 0.9406597049560749, 'recall_weighted': 0.9406597049560749}
-----------------------
Epoch 53/100
Training statistic: Loss: 0.3777, train_score: {'accuracy': 0.880261398886394, 'balanced_accuracy': 0.8726724628883529, 'f1_macro': 0.8774429405358959, 'f1_micro': 0.880261398886394, 'f1_weighted': 0.8799307614687686, 'precision_macro': 0.8832413279390243, 'precision_micro': 0.880261398886394, 'precision_weighted': 0.8807055785841188, 'recall_macro': 0.8726724628883529, 'recall_micro': 0.880261398886394, 'recall_weighted': 0.880261398886394}
Validation statistic: Loss: 0.1911, dev_score: {'accuracy': 0.9396651748715399, 'balanced_accuracy': 0.9385565226878315, 'f1_macro': 0.9392467679690049, 'f1_micro': 0.9396651748715399, 'f1_weighted': 0.9398214969092078, 'precision_macro': 0.9407787990507629, 'precision_micro': 0.9396651748715399, 'precision_weighted': 0.9407958463025783, 'recall_macro': 0.9385565226878315, 'recall_micro': 0.9396651748715399, 'recall_weighted': 0.9396651748715399}
-----------------------
Epoch 54/100
Training statistic: Loss: 0.3808, train_score: {'accuracy': 0.8795280802626968, 'balanced_accuracy': 0.87054625807994, 'f1_macro': 0.8766054858604239, 'f1_micro': 0.8795280802626968, 'f1_weighted': 0.8790890352032923, 'precision_macro': 0.8843807482821235, 'precision_micro': 0.8795280802626968, 'precision_weighted': 0.8805880917358715, 'recall_macro': 0.87054625807994, 'recall_micro': 0.8795280802626968, 'recall_weighted': 0.8795280802626968}
Validation statistic: Loss: 0.1942, dev_score: {'accuracy': 0.9383391347588265, 'balanced_accuracy': 0.9371780768750246, 'f1_macro': 0.9379151284884746, 'f1_micro': 0.9383391347588265, 'f1_weighted': 0.9385031385242769, 'precision_macro': 0.9396855404779565, 'precision_micro': 0.9383391347588265, 'precision_weighted': 0.9396643524995548, 'recall_macro': 0.9371780768750246, 'recall_micro': 0.9383391347588265, 'recall_weighted': 0.9383391347588265}
-----------------------
Epoch 55/100
Training statistic: Loss: 0.3741, train_score: {'accuracy': 0.8807221566057082, 'balanced_accuracy': 0.8736187167738934, 'f1_macro': 0.8777655898275467, 'f1_micro': 0.8807221566057082, 'f1_weighted': 0.8803814623918774, 'precision_macro': 0.882990069280105, 'precision_micro': 0.8807221566057082, 'precision_weighted': 0.8812718842291438, 'recall_macro': 0.8736187167738934, 'recall_micro': 0.8807221566057082, 'recall_weighted': 0.8807221566057082}
Validation statistic: Loss: 0.1920, dev_score: {'accuracy': 0.9390021548151831, 'balanced_accuracy': 0.9376678428982176, 'f1_macro': 0.9384938009513876, 'f1_micro': 0.9390021548151831, 'f1_weighted': 0.939095497404782, 'precision_macro': 0.9403175598632348, 'precision_micro': 0.9390021548151831, 'precision_weighted': 0.9401475709697258, 'recall_macro': 0.9376678428982176, 'recall_micro': 0.9390021548151831, 'recall_weighted': 0.9390021548151831}
-----------------------
Epoch 56/100
Training statistic: Loss: 0.3793, train_score: {'accuracy': 0.8827988111152932, 'balanced_accuracy': 0.8764147795159782, 'f1_macro': 0.879693113535253, 'f1_micro': 0.8827988111152932, 'f1_weighted': 0.8824933127601704, 'precision_macro': 0.8836663626955849, 'precision_micro': 0.8827988111152932, 'precision_weighted': 0.8829750620515253, 'recall_macro': 0.8764147795159782, 'recall_micro': 0.8827988111152932, 'recall_weighted': 0.8827988111152932}
Validation statistic: Loss: 0.1922, dev_score: {'accuracy': 0.9401624399138074, 'balanced_accuracy': 0.9390856094596097, 'f1_macro': 0.9396921207721182, 'f1_micro': 0.9401624399138074, 'f1_weighted': 0.9402774346904815, 'precision_macro': 0.9408800542576353, 'precision_micro': 0.9401624399138074, 'precision_weighted': 0.9409532316919753, 'recall_macro': 0.9390856094596097, 'recall_micro': 0.9401624399138074, 'recall_weighted': 0.9401624399138074}
-----------------------
Epoch 57/100
Training statistic: Loss: 0.3755, train_score: {'accuracy': 0.8819746388568017, 'balanced_accuracy': 0.8737140184931118, 'f1_macro': 0.8793201506599555, 'f1_micro': 0.8819746388568017, 'f1_weighted': 0.8815611663286518, 'precision_macro': 0.8862954539690401, 'precision_micro': 0.8819746388568017, 'precision_weighted': 0.8827721689330736, 'recall_macro': 0.8737140184931118, 'recall_micro': 0.8819746388568017, 'recall_weighted': 0.8819746388568017}
Validation statistic: Loss: 0.1907, dev_score: {'accuracy': 0.9409912149842533, 'balanced_accuracy': 0.9397963546434847, 'f1_macro': 0.9404624525005272, 'f1_micro': 0.9409912149842533, 'f1_weighted': 0.9410738754349272, 'precision_macro': 0.9419318576732142, 'precision_micro': 0.9409912149842533, 'precision_weighted': 0.9419292652867527, 'recall_macro': 0.9397963546434847, 'recall_micro': 0.9409912149842533, 'recall_weighted': 0.9409912149842533}
Saving model...
Model saved!
-------------------------------------------
-----------------------
Epoch 58/100
Training statistic: Loss: 0.3773, train_score: {'accuracy': 0.8827858320246084, 'balanced_accuracy': 0.8754533629950447, 'f1_macro': 0.8799614290994467, 'f1_micro': 0.8827858320246084, 'f1_weighted': 0.8823385205318389, 'precision_macro': 0.8858584516195969, 'precision_micro': 0.8827858320246084, 'precision_weighted': 0.8834213574937316, 'recall_macro': 0.8754533629950447, 'recall_micro': 0.8827858320246084, 'recall_weighted': 0.8827858320246084}
Validation statistic: Loss: 0.1903, dev_score: {'accuracy': 0.9403281949278965, 'balanced_accuracy': 0.9391696168540102, 'f1_macro': 0.9399623417412236, 'f1_micro': 0.9403281949278965, 'f1_weighted': 0.9404348457615923, 'precision_macro': 0.9418442238209366, 'precision_micro': 0.9403281949278965, 'precision_weighted': 0.9415886662510448, 'recall_macro': 0.9391696168540102, 'recall_micro': 0.9403281949278965, 'recall_weighted': 0.9403281949278965}
Saving model...
Model saved!
-------------------------------------------
-----------------------
Epoch 59/100
Training statistic: Loss: 0.3729, train_score: {'accuracy': 0.883181694290498, 'balanced_accuracy': 0.8751368392579671, 'f1_macro': 0.8806364300584297, 'f1_micro': 0.883181694290498, 'f1_weighted': 0.8828496237836406, 'precision_macro': 0.887420943476911, 'precision_micro': 0.883181694290498, 'precision_weighted': 0.8839491141595455, 'recall_macro': 0.8751368392579671, 'recall_micro': 0.883181694290498, 'recall_weighted': 0.883181694290498}
Validation statistic: Loss: 0.1908, dev_score: {'accuracy': 0.9386706447870048, 'balanced_accuracy': 0.9373356891563789, 'f1_macro': 0.9382118035039813, 'f1_micro': 0.9386706447870048, 'f1_weighted': 0.9388133422874272, 'precision_macro': 0.9402613597152591, 'precision_micro': 0.9386706447870048, 'precision_weighted': 0.9400864868610765, 'recall_macro': 0.9373356891563789, 'recall_micro': 0.9386706447870048, 'recall_weighted': 0.9386706447870048}
-----------------------
Epoch 60/100
Training statistic: Loss: 0.3720, train_score: {'accuracy': 0.8843433229067972, 'balanced_accuracy': 0.8771042955256586, 'f1_macro': 0.8817600206675861, 'f1_micro': 0.8843433229067972, 'f1_weighted': 0.8839527788475929, 'precision_macro': 0.8875124432985453, 'precision_micro': 0.8843433229067972, 'precision_weighted': 0.8848510015287441, 'recall_macro': 0.8771042955256586, 'recall_micro': 0.8843433229067972, 'recall_weighted': 0.8843433229067972}
Validation statistic: Loss: 0.1879, dev_score: {'accuracy': 0.9429802751533234, 'balanced_accuracy': 0.9421032446835614, 'f1_macro': 0.9426187326316068, 'f1_micro': 0.9429802751533234, 'f1_weighted': 0.9431093925901715, 'precision_macro': 0.9436411298456377, 'precision_micro': 0.9429802751533234, 'precision_weighted': 0.9437296935865787, 'recall_macro': 0.9421032446835614, 'recall_micro': 0.9429802751533234, 'recall_weighted': 0.9429802751533234}
Saving model...
Model saved!
-------------------------------------------
-----------------------
Epoch 61/100
Training statistic: Loss: 0.3786, train_score: {'accuracy': 0.882694978389814, 'balanced_accuracy': 0.8752164484344922, 'f1_macro': 0.8796630010502573, 'f1_micro': 0.882694978389814, 'f1_weighted': 0.8823527003221072, 'precision_macro': 0.8855318582960645, 'precision_micro': 0.882694978389814, 'precision_weighted': 0.8834907954849243, 'recall_macro': 0.8752164484344922, 'recall_micro': 0.882694978389814, 'recall_weighted': 0.882694978389814}
Validation statistic: Loss: 0.1927, dev_score: {'accuracy': 0.94165423504061, 'balanced_accuracy': 0.9404858843560264, 'f1_macro': 0.9412051494322927, 'f1_micro': 0.94165423504061, 'f1_weighted': 0.9418159011377581, 'precision_macro': 0.9429572448158341, 'precision_micro': 0.94165423504061, 'precision_weighted': 0.9429743235225273, 'recall_macro': 0.9404858843560264, 'recall_micro': 0.94165423504061, 'recall_weighted': 0.94165423504061}
-----------------------
Epoch 62/100
Training statistic: Loss: 0.3711, train_score: {'accuracy': 0.8829156229314574, 'balanced_accuracy': 0.8755960450575626, 'f1_macro': 0.8800846463005059, 'f1_micro': 0.8829156229314574, 'f1_weighted': 0.8824849524486493, 'precision_macro': 0.8860788630878792, 'precision_micro': 0.8829156229314574, 'precision_weighted': 0.8837240793412012, 'recall_macro': 0.8755960450575626, 'recall_micro': 0.8829156229314574, 'recall_weighted': 0.8829156229314574}
Validation statistic: Loss: 0.1898, dev_score: {'accuracy': 0.9423172550969667, 'balanced_accuracy': 0.9413073276950108, 'f1_macro': 0.9418213794505391, 'f1_micro': 0.9423172550969667, 'f1_weighted': 0.9424063587731738, 'precision_macro': 0.9428838703074438, 'precision_micro': 0.9423172550969667, 'precision_weighted': 0.9430240704264256, 'recall_macro': 0.9413073276950108, 'recall_micro': 0.9423172550969667, 'recall_weighted': 0.9423172550969667}
-----------------------
Epoch 63/100
Training statistic: Loss: 0.3690, train_score: {'accuracy': 0.885829428790219, 'balanced_accuracy': 0.8813594087180473, 'f1_macro': 0.8827605293691667, 'f1_micro': 0.885829428790219, 'f1_weighted': 0.8856043044066223, 'precision_macro': 0.8848629021723031, 'precision_micro': 0.885829428790219, 'precision_weighted': 0.8860572090548984, 'recall_macro': 0.8813594087180473, 'recall_micro': 0.885829428790219, 'recall_weighted': 0.885829428790219}
Validation statistic: Loss: 0.1883, dev_score: {'accuracy': 0.94165423504061, 'balanced_accuracy': 0.9405409356198184, 'f1_macro': 0.9412151897856591, 'f1_micro': 0.94165423504061, 'f1_weighted': 0.9418391952638918, 'precision_macro': 0.9426528558496651, 'precision_micro': 0.94165423504061, 'precision_weighted': 0.9427691736005616, 'recall_macro': 0.9405409356198184, 'recall_micro': 0.94165423504061, 'recall_weighted': 0.94165423504061}
-----------------------
Epoch 64/100
Training statistic: Loss: 0.3704, train_score: {'accuracy': 0.8845899256298104, 'balanced_accuracy': 0.8774450348347971, 'f1_macro': 0.8816814577169442, 'f1_micro': 0.8845899256298104, 'f1_weighted': 0.884291654869339, 'precision_macro': 0.8870815482230661, 'precision_micro': 0.8845899256298104, 'precision_weighted': 0.8852489483810659, 'recall_macro': 0.8774450348347971, 'recall_micro': 0.8845899256298104, 'recall_weighted': 0.8845899256298104}
Validation statistic: Loss: 0.1888, dev_score: {'accuracy': 0.9401624399138074, 'balanced_accuracy': 0.9390168698889173, 'f1_macro': 0.9397309201701042, 'f1_micro': 0.9401624399138074, 'f1_weighted': 0.9403332322348903, 'precision_macro': 0.941227293427049, 'precision_micro': 0.9401624399138074, 'precision_weighted': 0.9412621223637455, 'recall_macro': 0.9390168698889173, 'recall_micro': 0.9401624399138074, 'recall_weighted': 0.9401624399138074}
-----------------------
Epoch 65/100
Training statistic: Loss: 0.3722, train_score: {'accuracy': 0.8862707178735058, 'balanced_accuracy': 0.8791873104442731, 'f1_macro': 0.883306639507498, 'f1_micro': 0.8862707178735058, 'f1_weighted': 0.8860229830118438, 'precision_macro': 0.8882029710744556, 'precision_micro': 0.8862707178735058, 'precision_weighted': 0.8866174976065442, 'recall_macro': 0.8791873104442731, 'recall_micro': 0.8862707178735058, 'recall_weighted': 0.8862707178735058}
Validation statistic: Loss: 0.1895, dev_score: {'accuracy': 0.94165423504061, 'balanced_accuracy': 0.9405857005365788, 'f1_macro': 0.9412853625164954, 'f1_micro': 0.94165423504061, 'f1_weighted': 0.9417819563714681, 'precision_macro': 0.9426887574564118, 'precision_micro': 0.94165423504061, 'precision_weighted': 0.9425871474787371, 'recall_macro': 0.9405857005365788, 'recall_micro': 0.94165423504061, 'recall_weighted': 0.94165423504061}
-----------------------
Epoch 66/100
Training statistic: Loss: 0.3679, train_score: {'accuracy': 0.8847521642633717, 'balanced_accuracy': 0.877430419560716, 'f1_macro': 0.8817781972558029, 'f1_micro': 0.8847521642633717, 'f1_weighted': 0.8843157361522931, 'precision_macro': 0.8876877341506211, 'precision_micro': 0.8847521642633717, 'precision_weighted': 0.8855468149036322, 'recall_macro': 0.877430419560716, 'recall_micro': 0.8847521642633717, 'recall_weighted': 0.8847521642633717}
Validation statistic: Loss: 0.1875, dev_score: {'accuracy': 0.9396651748715399, 'balanced_accuracy': 0.938546895835748, 'f1_macro': 0.9391959675597367, 'f1_micro': 0.9396651748715399, 'f1_weighted': 0.9397941779341926, 'precision_macro': 0.9407232773032577, 'precision_micro': 0.9396651748715399, 'precision_weighted': 0.9407672921455458, 'recall_macro': 0.938546895835748, 'recall_micro': 0.9396651748715399, 'recall_weighted': 0.9396651748715399}
Saving model...
Model saved!
-------------------------------------------
-----------------------
Epoch 67/100
Training statistic: Loss: 0.3649, train_score: {'accuracy': 0.8856866587926849, 'balanced_accuracy': 0.8787054597032519, 'f1_macro': 0.8826106257433686, 'f1_micro': 0.8856866587926849, 'f1_weighted': 0.8853902646834552, 'precision_macro': 0.8880653287656768, 'precision_micro': 0.8856866587926849, 'precision_weighted': 0.8865908221694894, 'recall_macro': 0.8787054597032519, 'recall_micro': 0.8856866587926849, 'recall_weighted': 0.8856866587926849}
Validation statistic: Loss: 0.1860, dev_score: {'accuracy': 0.9413227250124316, 'balanced_accuracy': 0.9402324944557554, 'f1_macro': 0.94100632819508, 'f1_micro': 0.9413227250124316, 'f1_weighted': 0.9415121419920666, 'precision_macro': 0.9428764974768529, 'precision_micro': 0.9413227250124316, 'precision_weighted': 0.9427633642957345, 'recall_macro': 0.9402324944557554, 'recall_micro': 0.9413227250124316, 'recall_weighted': 0.9413227250124316}
Saving model...
Model saved!
-------------------------------------------
-----------------------
Epoch 68/100
Training statistic: Loss: 0.3653, train_score: {'accuracy': 0.8862707178735058, 'balanced_accuracy': 0.8804236170478184, 'f1_macro': 0.8836076547083884, 'f1_micro': 0.8862707178735058, 'f1_weighted': 0.8860577061456737, 'precision_macro': 0.887728397933629, 'precision_micro': 0.8862707178735058, 'precision_weighted': 0.8868365195445763, 'recall_macro': 0.8804236170478184, 'recall_micro': 0.8862707178735058, 'recall_weighted': 0.8862707178735058}
Validation statistic: Loss: 0.1855, dev_score: {'accuracy': 0.9426487651251451, 'balanced_accuracy': 0.9417292991326935, 'f1_macro': 0.9423263207085215, 'f1_micro': 0.9426487651251451, 'f1_weighted': 0.9428005061434013, 'precision_macro': 0.943443405149007, 'precision_micro': 0.9426487651251451, 'precision_weighted': 0.9434551831253117, 'recall_macro': 0.9417292991326935, 'recall_micro': 0.9426487651251451, 'recall_weighted': 0.9426487651251451}
Saving model...
Model saved!
-------------------------------------------
-----------------------
Epoch 69/100
Training statistic: Loss: 0.3632, train_score: {'accuracy': 0.8870624424052851, 'balanced_accuracy': 0.8797927778303223, 'f1_macro': 0.8841980465763546, 'f1_micro': 0.8870624424052851, 'f1_weighted': 0.8867483173119555, 'precision_macro': 0.8899238231190141, 'precision_micro': 0.8870624424052851, 'precision_weighted': 0.8878621450167761, 'recall_macro': 0.8797927778303223, 'recall_micro': 0.8870624424052851, 'recall_weighted': 0.8870624424052851}
Validation statistic: Loss: 0.1845, dev_score: {'accuracy': 0.9426487651251451, 'balanced_accuracy': 0.9416767129080388, 'f1_macro': 0.9423269976558956, 'f1_micro': 0.9426487651251451, 'f1_weighted': 0.9427964322833403, 'precision_macro': 0.9436684080480312, 'precision_micro': 0.9426487651251451, 'precision_weighted': 0.9436110776955619, 'recall_macro': 0.9416767129080388, 'recall_micro': 0.9426487651251451, 'recall_weighted': 0.9426487651251451}
Saving model...
Model saved!
-------------------------------------------
-----------------------
Epoch 70/100
Training statistic: Loss: 0.3609, train_score: {'accuracy': 0.8894116578192531, 'balanced_accuracy': 0.8851355522457315, 'f1_macro': 0.8868501686163359, 'f1_micro': 0.8894116578192531, 'f1_weighted': 0.8891621216046022, 'precision_macro': 0.8891943840513752, 'precision_micro': 0.8894116578192531, 'precision_weighted': 0.8895607320643499, 'recall_macro': 0.8851355522457315, 'recall_micro': 0.8894116578192531, 'recall_weighted': 0.8894116578192531}
Validation statistic: Loss: 0.1825, dev_score: {'accuracy': 0.9419857450687883, 'balanced_accuracy': 0.941080928534288, 'f1_macro': 0.9415150342985115, 'f1_micro': 0.9419857450687883, 'f1_weighted': 0.9420426777345757, 'precision_macro': 0.9423330859039053, 'precision_micro': 0.9419857450687883, 'precision_weighted': 0.9424686717662308, 'recall_macro': 0.941080928534288, 'recall_micro': 0.9419857450687883, 'recall_weighted': 0.9419857450687883}
Saving model...
Model saved!
-------------------------------------------
-----------------------
Epoch 71/100
Training statistic: Loss: 0.3632, train_score: {'accuracy': 0.888392799200488, 'balanced_accuracy': 0.8829246555300653, 'f1_macro': 0.8856310514101182, 'f1_micro': 0.888392799200488, 'f1_weighted': 0.8881896825692612, 'precision_macro': 0.8892692216724963, 'precision_micro': 0.888392799200488, 'precision_weighted': 0.888949727740652, 'recall_macro': 0.8829246555300653, 'recall_micro': 0.888392799200488, 'recall_weighted': 0.888392799200488}
Validation statistic: Loss: 0.1849, dev_score: {'accuracy': 0.9431460301674126, 'balanced_accuracy': 0.9421637364707799, 'f1_macro': 0.9426699907864096, 'f1_micro': 0.9431460301674126, 'f1_weighted': 0.9432203859100394, 'precision_macro': 0.9435819052982607, 'precision_micro': 0.9431460301674126, 'precision_weighted': 0.9436846569483841, 'recall_macro': 0.9421637364707799, 'recall_micro': 0.9431460301674126, 'recall_weighted': 0.9431460301674126}
-----------------------
Epoch 72/100
Training statistic: Loss: 0.3607, train_score: {'accuracy': 0.8892753773670616, 'balanced_accuracy': 0.8830824974533851, 'f1_macro': 0.8868691093906504, 'f1_micro': 0.8892753773670616, 'f1_weighted': 0.8891098431247801, 'precision_macro': 0.8914008702426436, 'precision_micro': 0.8892753773670616, 'precision_weighted': 0.889744645164401, 'recall_macro': 0.8830824974533851, 'recall_micro': 0.8892753773670616, 'recall_weighted': 0.8892753773670616}
Validation statistic: Loss: 0.1846, dev_score: {'accuracy': 0.9428145201392342, 'balanced_accuracy': 0.9419216323340045, 'f1_macro': 0.9424643875949217, 'f1_micro': 0.9428145201392342, 'f1_weighted': 0.9429148734464915, 'precision_macro': 0.9434504263313682, 'precision_micro': 0.9428145201392342, 'precision_weighted': 0.9434423281568387, 'recall_macro': 0.9419216323340045, 'recall_micro': 0.9428145201392342, 'recall_weighted': 0.9428145201392342}
-----------------------
Epoch 73/100
Training statistic: Loss: 0.3635, train_score: {'accuracy': 0.8897036873596635, 'balanced_accuracy': 0.8829049740883977, 'f1_macro': 0.8869262544172842, 'f1_micro': 0.8897036873596635, 'f1_weighted': 0.8894685175500391, 'precision_macro': 0.8917658896508195, 'precision_micro': 0.8897036873596635, 'precision_weighted': 0.8901252378222598, 'recall_macro': 0.8829049740883977, 'recall_micro': 0.8897036873596635, 'recall_weighted': 0.8897036873596635}
Validation statistic: Loss: 0.1856, dev_score: {'accuracy': 0.9426487651251451, 'balanced_accuracy': 0.9415862038082199, 'f1_macro': 0.9421785225883609, 'f1_micro': 0.9426487651251451, 'f1_weighted': 0.9427824329010127, 'precision_macro': 0.9435061182637368, 'precision_micro': 0.9426487651251451, 'precision_weighted': 0.9436248677306148, 'recall_macro': 0.9415862038082199, 'recall_micro': 0.9426487651251451, 'recall_weighted': 0.9426487651251451}
-----------------------
Epoch 74/100
Training statistic: Loss: 0.3599, train_score: {'accuracy': 0.889366231001856, 'balanced_accuracy': 0.8836860244514169, 'f1_macro': 0.8863232750487906, 'f1_micro': 0.889366231001856, 'f1_weighted': 0.8892137869399891, 'precision_macro': 0.8901056753356347, 'precision_micro': 0.889366231001856, 'precision_weighted': 0.8901520736807228, 'recall_macro': 0.8836860244514169, 'recall_micro': 0.889366231001856, 'recall_weighted': 0.889366231001856}
Validation statistic: Loss: 0.1847, dev_score: {'accuracy': 0.9409912149842533, 'balanced_accuracy': 0.9396935984643179, 'f1_macro': 0.9404477067144983, 'f1_micro': 0.9409912149842533, 'f1_weighted': 0.9411108984430356, 'precision_macro': 0.9422138865305698, 'precision_micro': 0.9409912149842533, 'precision_weighted': 0.9422062527656379, 'recall_macro': 0.9396935984643179, 'recall_micro': 0.9409912149842533, 'recall_weighted': 0.9409912149842533}
-----------------------
Epoch 75/100
Training statistic: Loss: 0.3580, train_score: {'accuracy': 0.8895414487261023, 'balanced_accuracy': 0.8843086287940454, 'f1_macro': 0.886790893170869, 'f1_micro': 0.8895414487261023, 'f1_weighted': 0.889289128692017, 'precision_macro': 0.8904123462889778, 'precision_micro': 0.8895414487261023, 'precision_weighted': 0.8901576952191504, 'recall_macro': 0.8843086287940454, 'recall_micro': 0.8895414487261023, 'recall_weighted': 0.8895414487261023}
Validation statistic: Loss: 0.1834, dev_score: {'accuracy': 0.9414884800265209, 'balanced_accuracy': 0.9404437734829492, 'f1_macro': 0.9410505248317129, 'f1_micro': 0.9414884800265209, 'f1_weighted': 0.9415959933285236, 'precision_macro': 0.942233966159925, 'precision_micro': 0.9414884800265209, 'precision_weighted': 0.9422582863949454, 'recall_macro': 0.9404437734829492, 'recall_micro': 0.9414884800265209, 'recall_weighted': 0.9414884800265209}
-----------------------
Epoch 76/100
Training statistic: Loss: 0.3594, train_score: {'accuracy': 0.891313094604592, 'balanced_accuracy': 0.8860932806682411, 'f1_macro': 0.8884967879918607, 'f1_micro': 0.891313094604592, 'f1_weighted': 0.8910319759780742, 'precision_macro': 0.8916395567522729, 'precision_micro': 0.891313094604592, 'precision_weighted': 0.8915143969539597, 'recall_macro': 0.8860932806682411, 'recall_micro': 0.891313094604592, 'recall_weighted': 0.891313094604592}
Validation statistic: Loss: 0.1836, dev_score: {'accuracy': 0.9423172550969667, 'balanced_accuracy': 0.9412406534916347, 'f1_macro': 0.9418466514513198, 'f1_micro': 0.9423172550969667, 'f1_weighted': 0.942407362623547, 'precision_macro': 0.9431056055257768, 'precision_micro': 0.9423172550969667, 'precision_weighted': 0.9431293306202088, 'recall_macro': 0.9412406534916347, 'recall_micro': 0.9423172550969667, 'recall_weighted': 0.9423172550969667}
-----------------------
Epoch 77/100
Training statistic: Loss: 0.3594, train_score: {'accuracy': 0.8892494191856919, 'balanced_accuracy': 0.8831040651456675, 'f1_macro': 0.8866131630742979, 'f1_micro': 0.8892494191856919, 'f1_weighted': 0.8890056297295253, 'precision_macro': 0.8912187716988372, 'precision_micro': 0.8892494191856919, 'precision_weighted': 0.8898868934577202, 'recall_macro': 0.8831040651456675, 'recall_micro': 0.8892494191856919, 'recall_weighted': 0.8892494191856919}
Validation statistic: Loss: 0.1844, dev_score: {'accuracy': 0.9413227250124316, 'balanced_accuracy': 0.9403128878371534, 'f1_macro': 0.940929388969694, 'f1_micro': 0.9413227250124316, 'f1_weighted': 0.9414923195536892, 'precision_macro': 0.9422072951611444, 'precision_micro': 0.9413227250124316, 'precision_weighted': 0.9423034674040571, 'recall_macro': 0.9403128878371534, 'recall_micro': 0.9413227250124316, 'recall_weighted': 0.9413227250124316}
-----------------------
Epoch 78/100
Training statistic: Loss: 0.3565, train_score: {'accuracy': 0.8909886173374694, 'balanced_accuracy': 0.8851547778082944, 'f1_macro': 0.8883249785510074, 'f1_micro': 0.8909886173374694, 'f1_weighted': 0.8906959108971505, 'precision_macro': 0.8924955127238829, 'precision_micro': 0.8909886173374694, 'precision_weighted': 0.8914327180217304, 'recall_macro': 0.8851547778082944, 'recall_micro': 0.8909886173374694, 'recall_weighted': 0.8909886173374694}
Validation statistic: Loss: 0.1839, dev_score: {'accuracy': 0.9409912149842533, 'balanced_accuracy': 0.9398682831454688, 'f1_macro': 0.9404911116172514, 'f1_micro': 0.9409912149842533, 'f1_weighted': 0.9411309997582182, 'precision_macro': 0.941917248450358, 'precision_micro': 0.9409912149842533, 'precision_weighted': 0.9420449809895702, 'recall_macro': 0.9398682831454688, 'recall_micro': 0.9409912149842533, 'recall_weighted': 0.9409912149842533}
-----------------------
Epoch 79/100
Training statistic: Loss: 0.3557, train_score: {'accuracy': 0.8915207600555505, 'balanced_accuracy': 0.88537935814551, 'f1_macro': 0.8889723615600674, 'f1_micro': 0.8915207600555505, 'f1_weighted': 0.8912799331783533, 'precision_macro': 0.8936641037721929, 'precision_micro': 0.8915207600555505, 'precision_weighted': 0.8921506240460527, 'recall_macro': 0.88537935814551, 'recall_micro': 0.8915207600555505, 'recall_weighted': 0.8915207600555505}
Validation statistic: Loss: 0.1831, dev_score: {'accuracy': 0.9423172550969667, 'balanced_accuracy': 0.9411603761203835, 'f1_macro': 0.941932359983069, 'f1_micro': 0.9423172550969667, 'f1_weighted': 0.9425004889997151, 'precision_macro': 0.943700522766596, 'precision_micro': 0.9423172550969667, 'precision_weighted': 0.9436477778955973, 'recall_macro': 0.9411603761203835, 'recall_micro': 0.9423172550969667, 'recall_weighted': 0.9423172550969667}
-----------------------
Epoch 80/100
Training statistic: Loss: 0.3595, train_score: {'accuracy': 0.8903915791659637, 'balanced_accuracy': 0.8848732656222229, 'f1_macro': 0.8878762536490324, 'f1_micro': 0.8903915791659637, 'f1_weighted': 0.8901030689746063, 'precision_macro': 0.8919513041561997, 'precision_micro': 0.8903915791659637, 'precision_weighted': 0.8910044889887473, 'recall_macro': 0.8848732656222229, 'recall_micro': 0.8903915791659637, 'recall_weighted': 0.8903915791659637}
Validation statistic: Loss: 0.1813, dev_score: {'accuracy': 0.9444720702801259, 'balanced_accuracy': 0.9434713857721254, 'f1_macro': 0.9440464743902744, 'f1_micro': 0.9444720702801259, 'f1_weighted': 0.9445210753087592, 'precision_macro': 0.9449905655020879, 'precision_micro': 0.9444720702801259, 'precision_weighted': 0.9449224628896795, 'recall_macro': 0.9434713857721254, 'recall_micro': 0.9444720702801259, 'recall_weighted': 0.9444720702801259}
Saving model...
Model saved!
-------------------------------------------
-----------------------
Epoch 81/100
Training statistic: Loss: 0.3576, train_score: {'accuracy': 0.8904370059833608, 'balanced_accuracy': 0.8835773151428189, 'f1_macro': 0.8876562587216936, 'f1_micro': 0.8904370059833608, 'f1_weighted': 0.8901237743427742, 'precision_macro': 0.8933234837982189, 'precision_micro': 0.8904370059833608, 'precision_weighted': 0.8914461001566482, 'recall_macro': 0.8835773151428189, 'recall_micro': 0.8904370059833608, 'recall_weighted': 0.8904370059833608}
Validation statistic: Loss: 0.1843, dev_score: {'accuracy': 0.9421515000828775, 'balanced_accuracy': 0.9410081392372887, 'f1_macro': 0.9416776936715158, 'f1_micro': 0.9421515000828775, 'f1_weighted': 0.9422818684903141, 'precision_macro': 0.9433208270300183, 'precision_micro': 0.9421515000828775, 'precision_weighted': 0.9433532260639683, 'recall_macro': 0.9410081392372887, 'recall_micro': 0.9421515000828775, 'recall_weighted': 0.9421515000828775}
-----------------------
Epoch 82/100
Training statistic: Loss: 0.3528, train_score: {'accuracy': 0.8919685386841798, 'balanced_accuracy': 0.8864116838760143, 'f1_macro': 0.8894538277272142, 'f1_micro': 0.8919685386841798, 'f1_weighted': 0.8916714821710322, 'precision_macro': 0.8934834204275239, 'precision_micro': 0.8919685386841798, 'precision_weighted': 0.8924163572074075, 'recall_macro': 0.8864116838760143, 'recall_micro': 0.8919685386841798, 'recall_weighted': 0.8919685386841798}
Validation statistic: Loss: 0.1804, dev_score: {'accuracy': 0.9424830101110558, 'balanced_accuracy': 0.9415323334193351, 'f1_macro': 0.942030685870837, 'f1_micro': 0.9424830101110558, 'f1_weighted': 0.9425363502212958, 'precision_macro': 0.9430587163433639, 'precision_micro': 0.9424830101110558, 'precision_weighted': 0.9430980355658803, 'recall_macro': 0.9415323334193351, 'recall_micro': 0.9424830101110558, 'recall_weighted': 0.9424830101110558}
Saving model...
Model saved!
-------------------------------------------
-----------------------
Epoch 83/100
Training statistic: Loss: 0.3521, train_score: {'accuracy': 0.8927343050345893, 'balanced_accuracy': 0.8866913901447049, 'f1_macro': 0.8904562227126733, 'f1_micro': 0.8927343050345893, 'f1_weighted': 0.8924334650389796, 'precision_macro': 0.8950492506524658, 'precision_micro': 0.8927343050345893, 'precision_weighted': 0.8930727959128306, 'recall_macro': 0.8866913901447049, 'recall_micro': 0.8927343050345893, 'recall_weighted': 0.8927343050345893}
Validation statistic: Loss: 0.1809, dev_score: {'accuracy': 0.9431460301674126, 'balanced_accuracy': 0.9420466093847082, 'f1_macro': 0.9427336092989773, 'f1_micro': 0.9431460301674126, 'f1_weighted': 0.943249303369097, 'precision_macro': 0.9441521162257829, 'precision_micro': 0.9431460301674126, 'precision_weighted': 0.9440560465896112, 'recall_macro': 0.9420466093847082, 'recall_micro': 0.9431460301674126, 'recall_weighted': 0.9431460301674126}
-----------------------
Epoch 84/100
Training statistic: Loss: 0.3536, train_score: {'accuracy': 0.8929289913948629, 'balanced_accuracy': 0.8865133551821817, 'f1_macro': 0.8903337709244266, 'f1_micro': 0.8929289913948629, 'f1_weighted': 0.8926563974945328, 'precision_macro': 0.8951098342265806, 'precision_micro': 0.8929289913948629, 'precision_weighted': 0.8934381384761749, 'recall_macro': 0.8865133551821817, 'recall_micro': 0.8929289913948629, 'recall_weighted': 0.8929289913948629}
Validation statistic: Loss: 0.1822, dev_score: {'accuracy': 0.9428145201392342, 'balanced_accuracy': 0.9418813093487, 'f1_macro': 0.9424268308403709, 'f1_micro': 0.9428145201392342, 'f1_weighted': 0.9429326871880904, 'precision_macro': 0.9436841768014048, 'precision_micro': 0.9428145201392342, 'precision_weighted': 0.9437357269893021, 'recall_macro': 0.9418813093487, 'recall_micro': 0.9428145201392342, 'recall_weighted': 0.9428145201392342}
-----------------------
Epoch 85/100
Training statistic: Loss: 0.3562, train_score: {'accuracy': 0.8919296014121251, 'balanced_accuracy': 0.8865922625992443, 'f1_macro': 0.8891930637726875, 'f1_micro': 0.8919296014121251, 'f1_weighted': 0.8916899872549057, 'precision_macro': 0.8927574920891898, 'precision_micro': 0.8919296014121251, 'precision_weighted': 0.8924191101698994, 'recall_macro': 0.8865922625992443, 'recall_micro': 0.8919296014121251, 'recall_weighted': 0.8919296014121251}
Validation statistic: Loss: 0.1847, dev_score: {'accuracy': 0.939830929885629, 'balanced_accuracy': 0.9386123001493172, 'f1_macro': 0.9394403003592737, 'f1_micro': 0.939830929885629, 'f1_weighted': 0.9399819025863678, 'precision_macro': 0.9412370100411434, 'precision_micro': 0.939830929885629, 'precision_weighted': 0.9410691420851796, 'recall_macro': 0.9386123001493172, 'recall_micro': 0.939830929885629, 'recall_weighted': 0.939830929885629}
-----------------------
Epoch 86/100
Training statistic: Loss: 0.3515, train_score: {'accuracy': 0.8928251586693836, 'balanced_accuracy': 0.8870215604154239, 'f1_macro': 0.8904820741376186, 'f1_micro': 0.8928251586693836, 'f1_weighted': 0.8926141603456853, 'precision_macro': 0.8946445961792909, 'precision_micro': 0.8928251586693836, 'precision_weighted': 0.893156372702892, 'recall_macro': 0.8870215604154239, 'recall_micro': 0.8928251586693836, 'recall_weighted': 0.8928251586693836}
Validation statistic: Loss: 0.1835, dev_score: {'accuracy': 0.9426487651251451, 'balanced_accuracy': 0.9417544169977001, 'f1_macro': 0.9423182668333062, 'f1_micro': 0.9426487651251451, 'f1_weighted': 0.9428158151027867, 'precision_macro': 0.9436883097412665, 'precision_micro': 0.9426487651251451, 'precision_weighted': 0.9437685082239982, 'recall_macro': 0.9417544169977001, 'recall_micro': 0.9426487651251451, 'recall_weighted': 0.9426487651251451}
-----------------------
Epoch 87/100
Training statistic: Loss: 0.3504, train_score: {'accuracy': 0.8931755941178761, 'balanced_accuracy': 0.8870372902618634, 'f1_macro': 0.890858872664273, 'f1_micro': 0.8931755941178761, 'f1_weighted': 0.8928365978164157, 'precision_macro': 0.895684282590708, 'precision_micro': 0.8931755941178761, 'precision_weighted': 0.8936029926796085, 'recall_macro': 0.8870372902618634, 'recall_micro': 0.8931755941178761, 'recall_weighted': 0.8931755941178761}
Validation statistic: Loss: 0.1810, dev_score: {'accuracy': 0.9421515000828775, 'balanced_accuracy': 0.940936063989736, 'f1_macro': 0.9416592465431833, 'f1_micro': 0.9421515000828775, 'f1_weighted': 0.9422327185109498, 'precision_macro': 0.9432476814296343, 'precision_micro': 0.9421515000828775, 'precision_weighted': 0.9431486402940826, 'recall_macro': 0.940936063989736, 'recall_micro': 0.9421515000828775, 'recall_weighted': 0.9421515000828775}
-----------------------
Epoch 88/100
Training statistic: Loss: 0.3540, train_score: {'accuracy': 0.892844627305411, 'balanced_accuracy': 0.8868626581861591, 'f1_macro': 0.8903240613537357, 'f1_micro': 0.892844627305411, 'f1_weighted': 0.8925218890806561, 'precision_macro': 0.8947513557901902, 'precision_micro': 0.892844627305411, 'precision_weighted': 0.893226705114601, 'recall_macro': 0.8868626581861591, 'recall_micro': 0.892844627305411, 'recall_weighted': 0.892844627305411}
Validation statistic: Loss: 0.1806, dev_score: {'accuracy': 0.9424830101110558, 'balanced_accuracy': 0.9414344396955114, 'f1_macro': 0.9421185303295191, 'f1_micro': 0.9424830101110558, 'f1_weighted': 0.9426062170929349, 'precision_macro': 0.9435726175091086, 'precision_micro': 0.9424830101110558, 'precision_weighted': 0.9434734811182015, 'recall_macro': 0.9414344396955114, 'recall_micro': 0.9424830101110558, 'recall_weighted': 0.9424830101110558}
-----------------------
Epoch 89/100
Training statistic: Loss: 0.3482, train_score: {'accuracy': 0.8932988954793827, 'balanced_accuracy': 0.8879777995529992, 'f1_macro': 0.890919233226817, 'f1_micro': 0.8932988954793827, 'f1_weighted': 0.8930514159699203, 'precision_macro': 0.8948970251573147, 'precision_micro': 0.8932988954793827, 'precision_weighted': 0.8938611436556558, 'recall_macro': 0.8879777995529992, 'recall_micro': 0.8932988954793827, 'recall_weighted': 0.8932988954793827}
Validation statistic: Loss: 0.1788, dev_score: {'accuracy': 0.939830929885629, 'balanced_accuracy': 0.9385984724609809, 'f1_macro': 0.9394349045429097, 'f1_micro': 0.939830929885629, 'f1_weighted': 0.939967818830608, 'precision_macro': 0.9413080278205049, 'precision_micro': 0.939830929885629, 'precision_weighted': 0.9411056298329236, 'recall_macro': 0.9385984724609809, 'recall_micro': 0.939830929885629, 'recall_weighted': 0.939830929885629}
Saving model...
Model saved!
-------------------------------------------
-----------------------
Epoch 90/100
Training statistic: Loss: 0.3535, train_score: {'accuracy': 0.8930717613923969, 'balanced_accuracy': 0.8873447219749405, 'f1_macro': 0.8903938968722793, 'f1_micro': 0.8930717613923969, 'f1_weighted': 0.8928516506438708, 'precision_macro': 0.894672089063288, 'precision_micro': 0.8930717613923969, 'precision_weighted': 0.8938565028776119, 'recall_macro': 0.8873447219749405, 'recall_micro': 0.8930717613923969, 'recall_weighted': 0.8930717613923969}
Validation statistic: Loss: 0.1820, dev_score: {'accuracy': 0.9411569699983424, 'balanced_accuracy': 0.9399881264887548, 'f1_macro': 0.9407916321182302, 'f1_micro': 0.9411569699983424, 'f1_weighted': 0.941365545538925, 'precision_macro': 0.9426868191585989, 'precision_micro': 0.9411569699983424, 'precision_weighted': 0.94263150592908, 'recall_macro': 0.9399881264887548, 'recall_micro': 0.9411569699983424, 'recall_weighted': 0.9411569699983424}
-----------------------
Epoch 91/100
Training statistic: Loss: 0.3539, train_score: {'accuracy': 0.8925136604929459, 'balanced_accuracy': 0.8849624349989715, 'f1_macro': 0.8900838761719585, 'f1_micro': 0.8925136604929459, 'f1_weighted': 0.8922064549266132, 'precision_macro': 0.8962907076620399, 'precision_micro': 0.8925136604929459, 'precision_weighted': 0.8931310037900544, 'recall_macro': 0.8849624349989715, 'recall_micro': 0.8925136604929459, 'recall_weighted': 0.8925136604929459}
Validation statistic: Loss: 0.1811, dev_score: {'accuracy': 0.9429802751533234, 'balanced_accuracy': 0.9418852547748167, 'f1_macro': 0.9425633263659929, 'f1_micro': 0.9429802751533234, 'f1_weighted': 0.9430947523831095, 'precision_macro': 0.9440342497021487, 'precision_micro': 0.9429802751533234, 'precision_weighted': 0.9439685904044849, 'recall_macro': 0.9418852547748167, 'recall_micro': 0.9429802751533234, 'recall_weighted': 0.9429802751533234}
-----------------------
Epoch 92/100
Training statistic: Loss: 0.3454, train_score: {'accuracy': 0.8953950186249952, 'balanced_accuracy': 0.8902925576387704, 'f1_macro': 0.8929761973980159, 'f1_micro': 0.8953950186249952, 'f1_weighted': 0.8951629546796174, 'precision_macro': 0.8966259203931349, 'precision_micro': 0.8953950186249952, 'precision_weighted': 0.8959111443694213, 'recall_macro': 0.8902925576387704, 'recall_micro': 0.8953950186249952, 'recall_weighted': 0.8953950186249952}
Validation statistic: Loss: 0.1785, dev_score: {'accuracy': 0.9421515000828775, 'balanced_accuracy': 0.9412834242819963, 'f1_macro': 0.9418709356096105, 'f1_micro': 0.9421515000828775, 'f1_weighted': 0.9423384948976103, 'precision_macro': 0.9431480532410553, 'precision_micro': 0.9421515000828775, 'precision_weighted': 0.9431986458414466, 'recall_macro': 0.9412834242819963, 'recall_micro': 0.9421515000828775, 'recall_weighted': 0.9421515000828775}
Saving model...
Model saved!
-------------------------------------------
-----------------------
Epoch 93/100
Training statistic: Loss: 0.3450, train_score: {'accuracy': 0.8956416213480084, 'balanced_accuracy': 0.8901562334530067, 'f1_macro': 0.8930995952289654, 'f1_micro': 0.8956416213480084, 'f1_weighted': 0.8954362583999254, 'precision_macro': 0.8966999346544228, 'precision_micro': 0.8956416213480084, 'precision_weighted': 0.8959042081136761, 'recall_macro': 0.8901562334530067, 'recall_micro': 0.8956416213480084, 'recall_weighted': 0.8956416213480084}
Validation statistic: Loss: 0.1786, dev_score: {'accuracy': 0.9429802751533234, 'balanced_accuracy': 0.9420027998382883, 'f1_macro': 0.9426099465887038, 'f1_micro': 0.9429802751533234, 'f1_weighted': 0.9430769985614118, 'precision_macro': 0.943777033943511, 'precision_micro': 0.9429802751533234, 'precision_weighted': 0.9437118224164716, 'recall_macro': 0.9420027998382883, 'recall_micro': 0.9429802751533234, 'recall_weighted': 0.9429802751533234}
-----------------------
Epoch 94/100
Training statistic: Loss: 0.3461, train_score: {'accuracy': 0.8940971095565045, 'balanced_accuracy': 0.8884633461005297, 'f1_macro': 0.8915933211182405, 'f1_micro': 0.8940971095565045, 'f1_weighted': 0.8939003544020391, 'precision_macro': 0.8961083783319956, 'precision_micro': 0.8940971095565045, 'precision_weighted': 0.8951049955410183, 'recall_macro': 0.8884633461005297, 'recall_micro': 0.8940971095565045, 'recall_weighted': 0.8940971095565045}
Validation statistic: Loss: 0.1804, dev_score: {'accuracy': 0.9413227250124316, 'balanced_accuracy': 0.9400847505829153, 'f1_macro': 0.9409136336860555, 'f1_micro': 0.9413227250124316, 'f1_weighted': 0.9415204466686955, 'precision_macro': 0.942694060666754, 'precision_micro': 0.9413227250124316, 'precision_weighted': 0.9426352110087061, 'recall_macro': 0.9400847505829153, 'recall_micro': 0.9413227250124316, 'recall_weighted': 0.9413227250124316}
-----------------------
Epoch 95/100
Training statistic: Loss: 0.3463, train_score: {'accuracy': 0.8957584331641725, 'balanced_accuracy': 0.8886062621918865, 'f1_macro': 0.8933986171942374, 'f1_micro': 0.8957584331641725, 'f1_weighted': 0.89547121670019, 'precision_macro': 0.8992777653266248, 'precision_micro': 0.8957584331641725, 'precision_weighted': 0.8963693990990033, 'recall_macro': 0.8886062621918865, 'recall_micro': 0.8957584331641725, 'recall_weighted': 0.8957584331641725}
Validation statistic: Loss: 0.1813, dev_score: {'accuracy': 0.9418199900546992, 'balanced_accuracy': 0.9406654872711508, 'f1_macro': 0.941409885132676, 'f1_micro': 0.9418199900546992, 'f1_weighted': 0.9419491306154546, 'precision_macro': 0.9430458177503012, 'precision_micro': 0.9418199900546992, 'precision_weighted': 0.942936215176611, 'recall_macro': 0.9406654872711508, 'recall_micro': 0.9418199900546992, 'recall_weighted': 0.9418199900546992}
-----------------------
Epoch 96/100
Training statistic: Loss: 0.3470, train_score: {'accuracy': 0.8965696263319792, 'balanced_accuracy': 0.8909685663474127, 'f1_macro': 0.8943137813256623, 'f1_micro': 0.8965696263319792, 'f1_weighted': 0.8963256362535752, 'precision_macro': 0.898571105189285, 'precision_micro': 0.8965696263319792, 'precision_weighted': 0.8970874271034043, 'recall_macro': 0.8909685663474127, 'recall_micro': 0.8965696263319792, 'recall_weighted': 0.8965696263319792}
Validation statistic: Loss: 0.1805, dev_score: {'accuracy': 0.9428145201392342, 'balanced_accuracy': 0.9417375973000974, 'f1_macro': 0.9423901916035445, 'f1_micro': 0.9428145201392342, 'f1_weighted': 0.942945158183123, 'precision_macro': 0.94372673714313, 'precision_micro': 0.9428145201392342, 'precision_weighted': 0.9437366572166829, 'recall_macro': 0.9417375973000974, 'recall_micro': 0.9428145201392342, 'recall_weighted': 0.9428145201392342}
-----------------------
Epoch 97/100
Training statistic: Loss: 0.3470, train_score: {'accuracy': 0.8952327799914338, 'balanced_accuracy': 0.8884218442597644, 'f1_macro': 0.892888779320858, 'f1_micro': 0.8952327799914338, 'f1_weighted': 0.8950218515586584, 'precision_macro': 0.8983882872071252, 'precision_micro': 0.8952327799914338, 'precision_weighted': 0.8959555400245266, 'recall_macro': 0.8884218442597644, 'recall_micro': 0.8952327799914338, 'recall_weighted': 0.8952327799914338}
Validation statistic: Loss: 0.1819, dev_score: {'accuracy': 0.9421515000828775, 'balanced_accuracy': 0.9411436739792972, 'f1_macro': 0.9417220703334526, 'f1_micro': 0.9421515000828775, 'f1_weighted': 0.9422774973772996, 'precision_macro': 0.9428922084739921, 'precision_micro': 0.9421515000828775, 'precision_weighted': 0.9429781552900028, 'recall_macro': 0.9411436739792972, 'recall_micro': 0.9421515000828775, 'recall_weighted': 0.9421515000828775}
-----------------------
Epoch 98/100
Training statistic: Loss: 0.3437, train_score: {'accuracy': 0.895979077705816, 'balanced_accuracy': 0.8893851744491285, 'f1_macro': 0.8935740458267425, 'f1_micro': 0.895979077705816, 'f1_weighted': 0.8957013223499259, 'precision_macro': 0.8988473180338479, 'precision_micro': 0.895979077705816, 'precision_weighted': 0.8966016201954068, 'recall_macro': 0.8893851744491285, 'recall_micro': 0.895979077705816, 'recall_weighted': 0.895979077705816}
Validation statistic: Loss: 0.1793, dev_score: {'accuracy': 0.9421515000828775, 'balanced_accuracy': 0.9411890190223076, 'f1_macro': 0.9417569561344342, 'f1_micro': 0.9421515000828775, 'f1_weighted': 0.942271116288678, 'precision_macro': 0.9428849564293078, 'precision_micro': 0.9421515000828775, 'precision_weighted': 0.942932786246935, 'recall_macro': 0.9411890190223076, 'recall_micro': 0.9421515000828775, 'recall_weighted': 0.9421515000828775}
-----------------------
Epoch 99/100
Training statistic: Loss: 0.3480, train_score: {'accuracy': 0.8954923618051319, 'balanced_accuracy': 0.8902841191552865, 'f1_macro': 0.8933799095571541, 'f1_micro': 0.8954923618051319, 'f1_weighted': 0.8951901074402393, 'precision_macro': 0.8977310790644596, 'precision_micro': 0.8954923618051319, 'precision_weighted': 0.8962085460757292, 'recall_macro': 0.8902841191552865, 'recall_micro': 0.8954923618051319, 'recall_weighted': 0.8954923618051319}
Validation statistic: Loss: 0.1812, dev_score: {'accuracy': 0.9411569699983424, 'balanced_accuracy': 0.9400971428066833, 'f1_macro': 0.9407012650136369, 'f1_micro': 0.9411569699983424, 'f1_weighted': 0.9412751512018767, 'precision_macro': 0.9421033003978103, 'precision_micro': 0.9411569699983424, 'precision_weighted': 0.9421637750169217, 'recall_macro': 0.9400971428066833, 'recall_micro': 0.9411569699983424, 'recall_weighted': 0.9411569699983424}
-----------------------
Epoch 100/100
Training statistic: Loss: 0.3439, train_score: {'accuracy': 0.8963944086077329, 'balanced_accuracy': 0.8902640679011554, 'f1_macro': 0.8941106556057319, 'f1_micro': 0.8963944086077329, 'f1_weighted': 0.8960943287050398, 'precision_macro': 0.8991501946210884, 'precision_micro': 0.8963944086077329, 'precision_weighted': 0.8970687163485144, 'recall_macro': 0.8902640679011554, 'recall_micro': 0.8963944086077329, 'recall_weighted': 0.8963944086077329}
Validation statistic: Loss: 0.1800, dev_score: {'accuracy': 0.9404939499419858, 'balanced_accuracy': 0.9393962154143495, 'f1_macro': 0.94007860941134, 'f1_micro': 0.9404939499419858, 'f1_weighted': 0.9406582884268068, 'precision_macro': 0.9415459260808428, 'precision_micro': 0.9404939499419858, 'precision_weighted': 0.9415850739096715, 'recall_macro': 0.9393962154143495, 'recall_micro': 0.9404939499419858, 'recall_weighted': 0.9404939499419858}
Testing statistic: loss: 0.18690666495986977, scores: {'accuracy': 0.9411526385090652, 'balanced_accuracy': 0.9411141772926266, 'f1_macro': 0.9415158298109739, 'f1_micro': 0.9411526385090652, 'f1_weighted': 0.9414303183038214, 'precision_macro': 0.9429683601630007, 'precision_micro': 0.9411526385090652, 'precision_weighted': 0.9427644166706225, 'recall_macro': 0.9411141772926266, 'recall_micro': 0.9411526385090652, 'recall_weighted': 0.9411526385090652}
Finish training!
