=====Setting up data=====
Dataset name:news
train_option:synthetic
augment_option:compare_dnn
mix_ratio:-1
n_sample:-1
Dataset name:news
Training dataset size: 100096 samples
Validation dataset size: 3200 samples

=====Setting up parameters for training=====
num_epochs: 100
learning_rate: 0.001
patience: 30
early_stop_criterion: loss
=====Setting up metrics for evaluating and plotting=====
metrics for evaluating: ['mae', 'mse', 'r2']
metric for plotting: mse
=====Setting up trainer=====
input_size: 58
model: DNN_News_log_no_norm
----------------------------------------------------------------
        Layer (type)               Output Shape         Param #
================================================================
            Linear-1                  [-1, 512]          30,208
              ReLU-2                  [-1, 512]               0
          Identity-3                  [-1, 512]               0
           Dropout-4                  [-1, 512]               0
            Linear-5                  [-1, 512]         262,656
              ReLU-6                  [-1, 512]               0
          Identity-7                  [-1, 512]               0
           Dropout-8                  [-1, 512]               0
            Linear-9                  [-1, 256]         131,328
             ReLU-10                  [-1, 256]               0
         Identity-11                  [-1, 256]               0
          Dropout-12                  [-1, 256]               0
           Linear-13                  [-1, 128]          32,896
             ReLU-14                  [-1, 128]               0
         Identity-15                  [-1, 128]               0
          Dropout-16                  [-1, 128]               0
           Linear-17                    [-1, 1]             129
================================================================
Total params: 457,217
Trainable params: 457,217
Non-trainable params: 0
----------------------------------------------------------------
Input size (MB): 0.00
Forward/backward pass size (MB): 0.04
Params size (MB): 1.74
Estimated Total Size (MB): 1.79
----------------------------------------------------------------
=====Setting up output files=====
weight_dir, weight_file: /home/thuy/Research/minh_data_synth/TabularDA/.cache/news_log_runtime_20261008/output/news_log_v1/news/weight/, news_seed42_ctgan_full_dnn_synthetic.weights.pth
acc_dir, acc_file: /home/thuy/Research/minh_data_synth/TabularDA/.cache/news_log_runtime_20261008/output/news_log_v1/news/acc/, news_seed42_ctgan_full_dnn_synthetic.epochs.csv
report_file: news_seed42_ctgan_full_dnn_synthetic.report.txt
==========================================================================================
Start training...
-----------------------
Epoch 1/100
Training statistic: Loss: 1059356.7542, train_score: {'mae': 607.2901515482826, 'mse': 1059356.7542124544, 'r2': -0.00768186054607134}
Validation statistic: Loss: 136848058745116585720539877736448.0000, dev_score: {'mae': 207942486563810.8, 'mse': 1.3684805874511659e+32, 'r2': -1.9638402836114413e+24}
Saving model...
Model saved!
-------------------------------------------
-----------------------
Epoch 2/100
Training statistic: Loss: 467393.8196, train_score: {'mae': 476.857695716642, 'mse': 467393.81956671586, 'r2': 0.5554054176405743}
Validation statistic: Loss: 2021896515169479168.0000, dev_score: {'mae': 26461837.222416896, 'mse': 2.021896515169479e+18, 'r2': -29015258689.50815}
Saving model...
Model saved!
-------------------------------------------
-----------------------
Epoch 3/100
Training statistic: Loss: 458601.7897, train_score: {'mae': 461.94206902281513, 'mse': 458601.78967034083, 'r2': 0.5637685767073631}
Validation statistic: Loss: 910748289218.4939, dev_score: {'mae': 21881.027321204867, 'mse': 910748289218.494, 'r2': -13068.70807623025}
Saving model...
Model saved!
-------------------------------------------
-----------------------
Epoch 4/100
Training statistic: Loss: 569855.3909, train_score: {'mae': 522.4144921905497, 'mse': 569855.390946185, 'r2': 0.4579418705667705}
Validation statistic: Loss: 90310895.2267, dev_score: {'mae': 2444.7595877216127, 'mse': 90310895.2266898, 'r2': -0.2960079647568592}
Saving model...
Model saved!
-------------------------------------------
-----------------------
Epoch 5/100
Training statistic: Loss: 353312.8564, train_score: {'mae': 389.9782202642106, 'mse': 353312.8564474313, 'r2': 0.6639215683252317}
Validation statistic: Loss: 73484516.7889, dev_score: {'mae': 2388.509021913583, 'mse': 73484516.78892846, 'r2': -0.05454074844133472}
Saving model...
Model saved!
-------------------------------------------
-----------------------
Epoch 6/100
Training statistic: Loss: 353270.1412, train_score: {'mae': 358.0826925718696, 'mse': 353270.14118730096, 'r2': 0.6639621999562954}
Validation statistic: Loss: 71079430.6984, dev_score: {'mae': 2367.7165704577164, 'mse': 71079430.6983624, 'r2': -0.020026521542403586}
Saving model...
Model saved!
-------------------------------------------
-----------------------
Epoch 7/100
Training statistic: Loss: 106078.8127, train_score: {'mae': 222.2123460570458, 'mse': 106078.8126860333, 'r2': 0.8990956588449308}
Validation statistic: Loss: 73206044.7382, dev_score: {'mae': 2437.67897487962, 'mse': 73206044.73816547, 'r2': -0.05054453076632304}
-----------------------
Epoch 8/100
Training statistic: Loss: 232453.5493, train_score: {'mae': 290.0264343748337, 'mse': 232453.54928331665, 'r2': 0.7788854188157905}
Validation statistic: Loss: 71157658.9681, dev_score: {'mae': 2378.8057211842306, 'mse': 71157658.96807374, 'r2': -0.021149137593994727}
-----------------------
Epoch 9/100
Training statistic: Loss: 127083.8855, train_score: {'mae': 232.21989235674738, 'mse': 127083.88551312151, 'r2': 0.8791152029851469}
Validation statistic: Loss: 69661255.0837, dev_score: {'mae': 2400.6910526179313, 'mse': 69661255.08373046, 'r2': 0.0003250305862011471}
Saving model...
Model saved!
-------------------------------------------
-----------------------
Epoch 10/100
Training statistic: Loss: 125140.0499, train_score: {'mae': 215.06668651315533, 'mse': 125140.04993096914, 'r2': 0.8809642192379155}
Validation statistic: Loss: 72541166.7658, dev_score: {'mae': 2417.3969407524337, 'mse': 72541166.76577798, 'r2': -0.041003188654248346}
-----------------------
Epoch 11/100
Training statistic: Loss: 118938.6460, train_score: {'mae': 199.43634382929488, 'mse': 118938.64597865206, 'r2': 0.8868631218010224}
Validation statistic: Loss: 69721765.9374, dev_score: {'mae': 2374.393435711529, 'mse': 69721765.93743747, 'r2': -0.0005433314000429235}
-----------------------
Epoch 12/100
Training statistic: Loss: 112240.9266, train_score: {'mae': 199.84775037988786, 'mse': 112240.92658185073, 'r2': 0.89323412978898}
Validation statistic: Loss: 69922246.6413, dev_score: {'mae': 2372.470658453232, 'mse': 69922246.64133832, 'r2': -0.0034203329886481892}
-----------------------
Epoch 13/100
Training statistic: Loss: 143183.3333, train_score: {'mae': 220.94893485307693, 'mse': 143183.33332105688, 'r2': 0.8638010782048454}
Validation statistic: Loss: 70308839.6933, dev_score: {'mae': 2373.038763377714, 'mse': 70308839.6932589, 'r2': -0.00896814284205627}
-----------------------
Epoch 14/100
Training statistic: Loss: 148794.6752, train_score: {'mae': 222.42507124451828, 'mse': 148794.67520094055, 'r2': 0.8584634547808225}
Validation statistic: Loss: 70198289.1764, dev_score: {'mae': 2368.013579657725, 'mse': 70198289.17641945, 'r2': -0.0073816858595152635}
-----------------------
Epoch 15/100
Training statistic: Loss: 109585.5331, train_score: {'mae': 187.3544396210406, 'mse': 109585.53307186831, 'r2': 0.8957599945290508}
Validation statistic: Loss: 69985334.6740, dev_score: {'mae': 2381.290835159556, 'mse': 69985334.6739724, 'r2': -0.004325678822828971}
-----------------------
Epoch 16/100
Training statistic: Loss: 117480.0375, train_score: {'mae': 192.02695473145246, 'mse': 117480.03751081419, 'r2': 0.8882505800758997}
Validation statistic: Loss: 70067174.6786, dev_score: {'mae': 2382.1037277124447, 'mse': 70067174.67857918, 'r2': -0.005500125134537903}
-----------------------
Epoch 17/100
Training statistic: Loss: 131314.9204, train_score: {'mae': 198.5820729580545, 'mse': 131314.92043254577, 'r2': 0.8750905558370665}
Validation statistic: Loss: 70065144.0561, dev_score: {'mae': 2380.1878354764926, 'mse': 70065144.0560817, 'r2': -0.005470984653496824}
-----------------------
Epoch 18/100
Training statistic: Loss: 87255.3511, train_score: {'mae': 169.95488783427308, 'mse': 87255.35106940716, 'r2': 0.9170009214000939}
Validation statistic: Loss: 69908437.2264, dev_score: {'mae': 2385.1184076877475, 'mse': 69908437.22642906, 'r2': -0.0032221607563156507}
-----------------------
Epoch 19/100
Training statistic: Loss: 106126.7616, train_score: {'mae': 187.39982418823763, 'mse': 106126.76161340269, 'r2': 0.8990500488423037}
Validation statistic: Loss: 69981249.0179, dev_score: {'mae': 2395.5374862802764, 'mse': 69981249.0178964, 'r2': -0.004267047549132874}
-----------------------
Epoch 20/100
Training statistic: Loss: 123079.8402, train_score: {'mae': 188.16856503894445, 'mse': 123079.84019272838, 'r2': 0.8829239329735294}
Validation statistic: Loss: 70258642.8013, dev_score: {'mae': 2388.7084122539873, 'mse': 70258642.80130263, 'r2': -0.008247791530976212}
-----------------------
Epoch 21/100
Training statistic: Loss: 91094.7608, train_score: {'mae': 173.86238949235286, 'mse': 91094.76078235783, 'r2': 0.9133487961764049}
Validation statistic: Loss: 70005943.0105, dev_score: {'mae': 2396.868822436134, 'mse': 70005943.01054794, 'r2': -0.004621419090658607}
-----------------------
Epoch 22/100
Training statistic: Loss: 74683.6768, train_score: {'mae': 161.72693239702912, 'mse': 74683.67681080336, 'r2': 0.9289593556638249}
Validation statistic: Loss: 69935081.6078, dev_score: {'mae': 2395.9454295116934, 'mse': 69935081.60778293, 'r2': -0.0036045213825053324}
-----------------------
Epoch 23/100
Training statistic: Loss: 72241.9242, train_score: {'mae': 189.4874636622573, 'mse': 72241.92424775653, 'r2': 0.9312820007557074}
Validation statistic: Loss: 69465325.6080, dev_score: {'mae': 2413.734469197886, 'mse': 69465325.60804445, 'r2': 0.0031367197005912617}
Saving model...
Model saved!
-------------------------------------------
-----------------------
Epoch 24/100
Training statistic: Loss: 90558.0643, train_score: {'mae': 179.67931744545572, 'mse': 90558.06431308258, 'r2': 0.9138593128598141}
Validation statistic: Loss: 69735239.7431, dev_score: {'mae': 2397.827854878658, 'mse': 69735239.74311277, 'r2': -0.0007366874666274725}
-----------------------
Epoch 25/100
Training statistic: Loss: 101129.7773, train_score: {'mae': 196.32325734249912, 'mse': 101129.7772995365, 'r2': 0.9038032827557076}
Validation statistic: Loss: 69694598.7392, dev_score: {'mae': 2406.8923663172704, 'mse': 69694598.73916529, 'r2': -0.00015346808119875988}
-----------------------
Epoch 26/100
Training statistic: Loss: 98761.8444, train_score: {'mae': 202.76528708554872, 'mse': 98761.84444697572, 'r2': 0.9060557090257327}
Validation statistic: Loss: 69654302.5394, dev_score: {'mae': 2413.88491930795, 'mse': 69654302.53940025, 'r2': 0.00042480318622528657}
-----------------------
Epoch 27/100
Training statistic: Loss: 116740.2445, train_score: {'mae': 221.3509279140646, 'mse': 116740.24454013261, 'r2': 0.8889542863147574}
Validation statistic: Loss: 69624462.5751, dev_score: {'mae': 2412.987047295399, 'mse': 69624462.57511602, 'r2': 0.0008530220770175401}
-----------------------
Epoch 28/100
Training statistic: Loss: 110502.4336, train_score: {'mae': 199.96494688923363, 'mse': 110502.43361470923, 'r2': 0.8948878199369961}
Validation statistic: Loss: 69801323.3613, dev_score: {'mae': 2402.644694080494, 'mse': 69801323.36129306, 'r2': -0.0016850214997099489}
-----------------------
Epoch 29/100
Training statistic: Loss: 105225.1487, train_score: {'mae': 199.43036733836811, 'mse': 105225.14867016384, 'r2': 0.8999076815562337}
Validation statistic: Loss: 69846703.3383, dev_score: {'mae': 2405.579463752846, 'mse': 69846703.33828327, 'r2': -0.002336247594547869}
-----------------------
Epoch 30/100
Training statistic: Loss: 86531.6013, train_score: {'mae': 230.44316419018563, 'mse': 86531.6013096857, 'r2': 0.9176893670078138}
Validation statistic: Loss: 69519568.4584, dev_score: {'mae': 2443.6235567918034, 'mse': 69519568.4584436, 'r2': 0.00235830679734228}
-----------------------
Epoch 31/100
Training statistic: Loss: 94130.4049, train_score: {'mae': 190.5220546839387, 'mse': 94130.40494569067, 'r2': 0.9104612292200426}
Validation statistic: Loss: 69792446.5689, dev_score: {'mae': 2405.081000194314, 'mse': 69792446.56893453, 'r2': -0.001557634947187525}
-----------------------
Epoch 32/100
Training statistic: Loss: 127282.8618, train_score: {'mae': 222.93397129992016, 'mse': 127282.86175643576, 'r2': 0.8789259327036576}
Validation statistic: Loss: 69852407.6979, dev_score: {'mae': 2412.784110557711, 'mse': 69852407.69791545, 'r2': -0.0024181080998455506}
-----------------------
Epoch 33/100
Training statistic: Loss: 107103.7510, train_score: {'mae': 195.16571129138347, 'mse': 107103.75096475867, 'r2': 0.8981207165438184}
Validation statistic: Loss: 70173288.7857, dev_score: {'mae': 2406.3908184956217, 'mse': 70173288.78572097, 'r2': -0.007022917347854207}
-----------------------
Epoch 34/100
Training statistic: Loss: 91011.3763, train_score: {'mae': 201.6029591956709, 'mse': 91011.37632534413, 'r2': 0.9134281131812287}
Validation statistic: Loss: 69617709.7369, dev_score: {'mae': 2421.1200279275804, 'mse': 69617709.73687175, 'r2': 0.0009499287916208132}
-----------------------
Epoch 35/100
Training statistic: Loss: 77354.0071, train_score: {'mae': 187.81465222233857, 'mse': 77354.0071048652, 'r2': 0.926419282748546}
Validation statistic: Loss: 70048394.5284, dev_score: {'mae': 2424.8142301086314, 'mse': 70048394.52840811, 'r2': -0.0052306202853174}
-----------------------
Epoch 36/100
Training statistic: Loss: 84822.1545, train_score: {'mae': 187.9721976176716, 'mse': 84822.1544732502, 'r2': 0.9193154278808806}
Validation statistic: Loss: 69723566.8612, dev_score: {'mae': 2410.925261974682, 'mse': 69723566.86116153, 'r2': -0.0005691755851153779}
-----------------------
Epoch 37/100
Training statistic: Loss: 132793.7215, train_score: {'mae': 212.28751860359017, 'mse': 132793.72147408777, 'r2': 0.8736838899721509}
Validation statistic: Loss: 69965812.5948, dev_score: {'mae': 2401.8695930744298, 'mse': 69965812.59484136, 'r2': -0.0040455269100510005}
-----------------------
Epoch 38/100
Training statistic: Loss: 100487.2499, train_score: {'mae': 202.30590865481395, 'mse': 100487.24993462717, 'r2': 0.90441446795649}
Validation statistic: Loss: 69693321.2651, dev_score: {'mae': 2404.310310408843, 'mse': 69693321.26506093, 'r2': -0.00013513566837208835}
-----------------------
Epoch 39/100
Training statistic: Loss: 102574.0317, train_score: {'mae': 199.63186016365907, 'mse': 102574.03170939947, 'r2': 0.9024294783550225}
Validation statistic: Loss: 69832928.2035, dev_score: {'mae': 2415.4854790376658, 'mse': 69832928.20351699, 'r2': -0.002138567299962313}
-----------------------
Epoch 40/100
Training statistic: Loss: 92469.5118, train_score: {'mae': 190.188940648286, 'mse': 92469.51181531305, 'r2': 0.9120411048125961}
Validation statistic: Loss: 69888374.5878, dev_score: {'mae': 2409.2306738919438, 'mse': 69888374.58775668, 'r2': -0.002934251535084087}
-----------------------
Epoch 41/100
Training statistic: Loss: 110600.6891, train_score: {'mae': 200.89086406365246, 'mse': 110600.68909787593, 'r2': 0.8947943573072515}
Validation statistic: Loss: 69764054.0840, dev_score: {'mae': 2413.1331264362134, 'mse': 69764054.08397695, 'r2': -0.0011501881319178064}
-----------------------
Epoch 42/100
Training statistic: Loss: 120521.3323, train_score: {'mae': 190.47436691640604, 'mse': 120521.33233428001, 'r2': 0.885357638095785}
Validation statistic: Loss: 69954968.4438, dev_score: {'mae': 2397.029898765857, 'mse': 69954968.44383542, 'r2': -0.0038899077453926623}
-----------------------
Epoch 43/100
Training statistic: Loss: 125379.4176, train_score: {'mae': 203.9170222032595, 'mse': 125379.41761735348, 'r2': 0.8807365277877867}
Validation statistic: Loss: 69927207.3764, dev_score: {'mae': 2399.548699659785, 'mse': 69927207.37639244, 'r2': -0.0034915220973936734}
-----------------------
Epoch 44/100
Training statistic: Loss: 101988.8959, train_score: {'mae': 194.9083975830719, 'mse': 101988.89593301647, 'r2': 0.9029860715003185}
Validation statistic: Loss: 69886238.9776, dev_score: {'mae': 2412.164019738105, 'mse': 69886238.97759071, 'r2': -0.002903604426805817}
-----------------------
Epoch 45/100
Training statistic: Loss: 130526.0391, train_score: {'mae': 204.8329959921896, 'mse': 130526.0390748848, 'r2': 0.8758409559558904}
Validation statistic: Loss: 70003856.6948, dev_score: {'mae': 2411.0812855950385, 'mse': 70003856.69476819, 'r2': -0.0045914793822683375}
-----------------------
Epoch 46/100
Training statistic: Loss: 109777.0122, train_score: {'mae': 202.37594525303632, 'mse': 109777.01221699358, 'r2': 0.8955778556410432}
Validation statistic: Loss: 69775372.5816, dev_score: {'mae': 2411.6663271014513, 'mse': 69775372.58163139, 'r2': -0.001312614415838631}
-----------------------
Epoch 47/100
Training statistic: Loss: 81479.9164, train_score: {'mae': 180.9216696977097, 'mse': 81479.91642686162, 'r2': 0.922494633223727}
Validation statistic: Loss: 69706473.5918, dev_score: {'mae': 2402.2054840508777, 'mse': 69706473.59175742, 'r2': -0.0003238783456640526}
-----------------------
Epoch 48/100
Training statistic: Loss: 122445.5936, train_score: {'mae': 207.56315723592263, 'mse': 122445.59364770597, 'r2': 0.8835272412886854}
Validation statistic: Loss: 69812282.1072, dev_score: {'mae': 2406.5582356964655, 'mse': 69812282.10722138, 'r2': -0.001842285160657875}
-----------------------
Epoch 49/100
Training statistic: Loss: 107631.8801, train_score: {'mae': 199.69563992415203, 'mse': 107631.88006942945, 'r2': 0.8976183493132448}
Validation statistic: Loss: 69741499.7319, dev_score: {'mae': 2409.540990716622, 'mse': 69741499.73185807, 'r2': -0.0008265215365128586}
-----------------------
Epoch 50/100
Training statistic: Loss: 126425.8466, train_score: {'mae': 203.76066639238317, 'mse': 126425.84656434717, 'r2': 0.8797411431224764}
Validation statistic: Loss: 69898374.1718, dev_score: {'mae': 2405.8119853082044, 'mse': 69898374.17183803, 'r2': -0.0030777507284112104}
-----------------------
Epoch 51/100
Training statistic: Loss: 114423.9212, train_score: {'mae': 192.03743452888452, 'mse': 114423.92118729757, 'r2': 0.8911576205706911}
Validation statistic: Loss: 69777134.1569, dev_score: {'mae': 2403.1645695761727, 'mse': 69777134.1569438, 'r2': -0.001337893930892342}
-----------------------
Epoch 52/100
Training statistic: Loss: 103955.3226, train_score: {'mae': 192.31315681572102, 'mse': 103955.32260461008, 'r2': 0.9011155661401749}
Validation statistic: Loss: 69730234.2527, dev_score: {'mae': 2406.900364723676, 'mse': 69730234.2527179, 'r2': -0.0006648560956397098}
-----------------------
Epoch 53/100
Training statistic: Loss: 113100.1809, train_score: {'mae': 181.36249353526802, 'mse': 113100.1809043368, 'r2': 0.8924167894634267}
Validation statistic: Loss: 69764984.9768, dev_score: {'mae': 2399.156326651614, 'mse': 69764984.97680552, 'r2': -0.0011635469245323549}
-----------------------
Epoch 54/100
Training statistic: Loss: 98618.2526, train_score: {'mae': 194.6484639100532, 'mse': 98618.25257013027, 'r2': 0.9061922965625031}
Validation statistic: Loss: 69965472.5854, dev_score: {'mae': 2410.983362002352, 'mse': 69965472.58539064, 'r2': -0.004040647598920977}
Early stopping (loss) triggered!
Early stopping by loss
Testing statistic: loss: 89810267.3633744, scores: {'mae': 2424.92373513991, 'mse': 89810267.36337437, 'r2': 0.0018290205497297762}
Finish training!
