=====Setting up data=====
Dataset name:news
train_option:synthetic
augment_option:ctgan
mix_ratio:-1
n_sample:-1
Dataset name:news
Training dataset size: 100096 samples
Validation dataset size: 3200 samples

=====Setting up parameters for training=====
num_epochs: 100
learning_rate: 0.001
patience: 30
early_stop_criterion: loss
=====Setting up metrics for evaluating and plotting=====
metrics for evaluating: ['mae', 'mse', 'r2']
metric for plotting: mse
=====Setting up trainer=====
input_size: 58
model: DNN_News_log_no_norm
----------------------------------------------------------------
        Layer (type)               Output Shape         Param #
================================================================
            Linear-1                  [-1, 512]          30,208
              ReLU-2                  [-1, 512]               0
          Identity-3                  [-1, 512]               0
           Dropout-4                  [-1, 512]               0
            Linear-5                  [-1, 512]         262,656
              ReLU-6                  [-1, 512]               0
          Identity-7                  [-1, 512]               0
           Dropout-8                  [-1, 512]               0
            Linear-9                  [-1, 256]         131,328
             ReLU-10                  [-1, 256]               0
         Identity-11                  [-1, 256]               0
          Dropout-12                  [-1, 256]               0
           Linear-13                  [-1, 128]          32,896
             ReLU-14                  [-1, 128]               0
         Identity-15                  [-1, 128]               0
          Dropout-16                  [-1, 128]               0
           Linear-17                    [-1, 1]             129
================================================================
Total params: 457,217
Trainable params: 457,217
Non-trainable params: 0
----------------------------------------------------------------
Input size (MB): 0.00
Forward/backward pass size (MB): 0.04
Params size (MB): 1.74
Estimated Total Size (MB): 1.79
----------------------------------------------------------------
=====Setting up output files=====
weight_dir, weight_file: /home/thuy/Research/minh_data_synth/TabularDA/.cache/news_log_runtime_20261008/output/news_log_v1/news/weight/, news_seed42_ctgan_full_generated_synthetic.weights.pth
acc_dir, acc_file: /home/thuy/Research/minh_data_synth/TabularDA/.cache/news_log_runtime_20261008/output/news_log_v1/news/acc/, news_seed42_ctgan_full_generated_synthetic.epochs.csv
report_file: news_seed42_ctgan_full_generated_synthetic.report.txt
==========================================================================================
Start training...
-----------------------
Epoch 1/100
Training statistic: Loss: 11840018.0098, train_score: {'mae': 1475.4140808731233, 'mse': 11840018.00976725, 'r2': 0.04701873714513283}
Validation statistic: Loss: 32604074243088602837762344747008.0000, dev_score: {'mae': 101436564044116.83, 'mse': 3.2604074243088603e+31, 'r2': -4.678852955283188e+23}
Saving model...
Model saved!
-------------------------------------------
-----------------------
Epoch 2/100
Training statistic: Loss: 11896919.8786, train_score: {'mae': 1367.8451234299982, 'mse': 11896919.878564814, 'r2': 0.042438810430429075}
Validation statistic: Loss: 7781963498621260.0000, dev_score: {'mae': 1622169.8597843898, 'mse': 7781963498621259.0, 'r2': -111675192.23493224}
Saving model...
Model saved!
-------------------------------------------
-----------------------
Epoch 3/100
Training statistic: Loss: 12524996.0987, train_score: {'mae': 1345.2971334943736, 'mse': 12524996.098719643, 'r2': -0.008113888810272973}
Validation statistic: Loss: 120696658.9355, dev_score: {'mae': 2613.848619668523, 'mse': 120696658.93549779, 'r2': -0.732059359032009}
Saving model...
Model saved!
-------------------------------------------
-----------------------
Epoch 4/100
Training statistic: Loss: 12621664.3463, train_score: {'mae': 1353.5501152066847, 'mse': 12621664.346267292, 'r2': -0.01589453817667863}
Validation statistic: Loss: 74039604.8127, dev_score: {'mae': 2475.238625217518, 'mse': 74039604.8126833, 'r2': -0.0625065481172391}
Saving model...
Model saved!
-------------------------------------------
-----------------------
Epoch 5/100
Training statistic: Loss: 12310736.1838, train_score: {'mae': 1339.598481936264, 'mse': 12310736.183802022, 'r2': 0.009131497482968376}
Validation statistic: Loss: 73542767.2137, dev_score: {'mae': 2452.6971821955904, 'mse': 73542767.21371762, 'r2': -0.05537667210578001}
Saving model...
Model saved!
-------------------------------------------
-----------------------
Epoch 6/100
Training statistic: Loss: 12337875.3647, train_score: {'mae': 1333.5754034335068, 'mse': 12337875.364688823, 'r2': 0.006947114752045569}
Validation statistic: Loss: 72831031.3382, dev_score: {'mae': 2421.6232122095835, 'mse': 72831031.33815137, 'r2': -0.0451628948951599}
Saving model...
Model saved!
-------------------------------------------
-----------------------
Epoch 7/100
Training statistic: Loss: 12032213.8532, train_score: {'mae': 1331.7458949572892, 'mse': 12032213.8532471, 'r2': 0.03154924736194242}
Validation statistic: Loss: 72742581.6705, dev_score: {'mae': 2449.4059511255755, 'mse': 72742581.67049138, 'r2': -0.04389359650674596}
Saving model...
Model saved!
-------------------------------------------
-----------------------
Epoch 8/100
Training statistic: Loss: 11932208.3888, train_score: {'mae': 1324.370213565515, 'mse': 11932208.388782151, 'r2': 0.03959850317722713}
Validation statistic: Loss: 72670504.9849, dev_score: {'mae': 2422.1745964602, 'mse': 72670504.98487535, 'r2': -0.04285925886235464}
Saving model...
Model saved!
-------------------------------------------
-----------------------
Epoch 9/100
Training statistic: Loss: 11688613.8092, train_score: {'mae': 1317.1419892292733, 'mse': 11688613.809238287, 'r2': 0.05920498264768159}
Validation statistic: Loss: 72207174.2895, dev_score: {'mae': 2421.416246671434, 'mse': 72207174.2895069, 'r2': -0.036210224213693465}
Saving model...
Model saved!
-------------------------------------------
-----------------------
Epoch 10/100
Training statistic: Loss: 11725620.3303, train_score: {'mae': 1316.06582850403, 'mse': 11725620.330261366, 'r2': 0.05622639586602729}
Validation statistic: Loss: 72270155.1142, dev_score: {'mae': 2410.9783522086423, 'mse': 72270155.11420222, 'r2': -0.0371140315586127}
-----------------------
Epoch 11/100
Training statistic: Loss: 11565769.0878, train_score: {'mae': 1315.627477220953, 'mse': 11565769.08782464, 'r2': 0.06909252822837708}
Validation statistic: Loss: 72102415.1802, dev_score: {'mae': 2408.8151046636044, 'mse': 72102415.18024671, 'r2': -0.034706876919424756}
Saving model...
Model saved!
-------------------------------------------
-----------------------
Epoch 12/100
Training statistic: Loss: 11376377.5988, train_score: {'mae': 1314.3194660762135, 'mse': 11376377.598846281, 'r2': 0.08433630067801956}
Validation statistic: Loss: 71923071.1576, dev_score: {'mae': 2408.6182793235125, 'mse': 71923071.15760013, 'r2': -0.032133197617519205}
Saving model...
Model saved!
-------------------------------------------
-----------------------
Epoch 13/100
Training statistic: Loss: 11596161.6465, train_score: {'mae': 1309.118258029792, 'mse': 11596161.646537485, 'r2': 0.06664628710275855}
Validation statistic: Loss: 72388640.2582, dev_score: {'mae': 2404.2523247995396, 'mse': 72388640.25824264, 'r2': -0.03881435453732207}
-----------------------
Epoch 14/100
Training statistic: Loss: 11552920.3972, train_score: {'mae': 1309.3574932535214, 'mse': 11552920.397247646, 'r2': 0.07012669569011531}
Validation statistic: Loss: 72208554.5910, dev_score: {'mae': 2407.908789067458, 'mse': 72208554.59104663, 'r2': -0.03623003225329691}
-----------------------
Epoch 15/100
Training statistic: Loss: 11525809.3963, train_score: {'mae': 1303.8955517748284, 'mse': 11525809.396288326, 'r2': 0.07230881027052904}
Validation statistic: Loss: 72203759.6087, dev_score: {'mae': 2404.0902336294953, 'mse': 72203759.60870393, 'r2': -0.03616122178152148}
-----------------------
Epoch 16/100
Training statistic: Loss: 11273611.2549, train_score: {'mae': 1304.439472253744, 'mse': 11273611.25490948, 'r2': 0.09260777460171477}
Validation statistic: Loss: 71959666.6134, dev_score: {'mae': 2396.3344197544825, 'mse': 71959666.61339277, 'r2': -0.03265836129862465}
-----------------------
Epoch 17/100
Training statistic: Loss: 11371605.5815, train_score: {'mae': 1304.427541921382, 'mse': 11371605.581470752, 'r2': 0.0847203915756134}
Validation statistic: Loss: 72213418.6275, dev_score: {'mae': 2398.2774752689725, 'mse': 72213418.62750018, 'r2': -0.03629983368720868}
-----------------------
Epoch 18/100
Training statistic: Loss: 11239480.8789, train_score: {'mae': 1301.5317595009224, 'mse': 11239480.878901826, 'r2': 0.09535486576345575}
Validation statistic: Loss: 72075327.1853, dev_score: {'mae': 2406.2616695112574, 'mse': 72075327.18532842, 'r2': -0.0343181502095935}
-----------------------
Epoch 19/100
Training statistic: Loss: 11048831.9605, train_score: {'mae': 1299.1498443667197, 'mse': 11048831.960496182, 'r2': 0.1106998463939115}
Validation statistic: Loss: 71897967.4998, dev_score: {'mae': 2403.031994100176, 'mse': 71897967.49975924, 'r2': -0.03177294716905843}
Saving model...
Model saved!
-------------------------------------------
-----------------------
Epoch 20/100
Training statistic: Loss: 10955097.1741, train_score: {'mae': 1300.6908064943138, 'mse': 10955097.174116025, 'r2': 0.11824438686879113}
Validation statistic: Loss: 71948744.6089, dev_score: {'mae': 2410.2304954051065, 'mse': 71948744.60886177, 'r2': -0.03250162489569397}
-----------------------
Epoch 21/100
Training statistic: Loss: 10931217.5960, train_score: {'mae': 1295.8708835059642, 'mse': 10931217.59603808, 'r2': 0.1201664101676061}
Validation statistic: Loss: 72010015.8310, dev_score: {'mae': 2401.765879308755, 'mse': 72010015.83103758, 'r2': -0.033380898561965466}
-----------------------
Epoch 22/100
Training statistic: Loss: 10947071.7812, train_score: {'mae': 1296.4744621117848, 'mse': 10947071.7811623, 'r2': 0.11889033598015564}
Validation statistic: Loss: 71932462.3089, dev_score: {'mae': 2399.1176693228194, 'mse': 71932462.30886377, 'r2': -0.03226796548584088}
-----------------------
Epoch 23/100
Training statistic: Loss: 10972324.4817, train_score: {'mae': 1285.5181180355696, 'mse': 10972324.481730245, 'r2': 0.11685779257879547}
Validation statistic: Loss: 72255052.2113, dev_score: {'mae': 2403.007376899178, 'mse': 72255052.21129782, 'r2': -0.03689729710585454}
-----------------------
Epoch 24/100
Training statistic: Loss: 10837728.9510, train_score: {'mae': 1286.6990116617658, 'mse': 10837728.950983098, 'r2': 0.12769113918014563}
Validation statistic: Loss: 71968297.4484, dev_score: {'mae': 2393.5302588036493, 'mse': 71968297.44842815, 'r2': -0.03278221823659755}
-----------------------
Epoch 25/100
Training statistic: Loss: 10703190.4487, train_score: {'mae': 1288.32501428817, 'mse': 10703190.448748091, 'r2': 0.1385198956614916}
Validation statistic: Loss: 71740167.7485, dev_score: {'mae': 2391.4578847713537, 'mse': 71740167.74849921, 'r2': -0.02950843928264768}
Saving model...
Model saved!
-------------------------------------------
-----------------------
Epoch 26/100
Training statistic: Loss: 10436886.6712, train_score: {'mae': 1287.2428545347254, 'mse': 10436886.671230193, 'r2': 0.15995419668980704}
Validation statistic: Loss: 71609503.6195, dev_score: {'mae': 2392.894594485377, 'mse': 71609503.61954002, 'r2': -0.027633341583592985}
Saving model...
Model saved!
-------------------------------------------
-----------------------
Epoch 27/100
Training statistic: Loss: 10505776.5664, train_score: {'mae': 1287.413566396211, 'mse': 10505776.566437393, 'r2': 0.15440937578849268}
Validation statistic: Loss: 71719626.9473, dev_score: {'mae': 2391.3291080623003, 'mse': 71719626.94728807, 'r2': -0.029213668182158425}
-----------------------
Epoch 28/100
Training statistic: Loss: 10383672.9230, train_score: {'mae': 1275.060274344054, 'mse': 10383672.922996245, 'r2': 0.16423727336683536}
Validation statistic: Loss: 72187116.1177, dev_score: {'mae': 2420.7810532635835, 'mse': 72187116.11772223, 'r2': -0.035922379094606605}
-----------------------
Epoch 29/100
Training statistic: Loss: 10220259.2984, train_score: {'mae': 1280.9026242556488, 'mse': 10220259.298443405, 'r2': 0.17739013531059156}
Validation statistic: Loss: 71688627.5890, dev_score: {'mae': 2399.6274373533042, 'mse': 71688627.58897097, 'r2': -0.0287688113885185}
-----------------------
Epoch 30/100
Training statistic: Loss: 10253280.2058, train_score: {'mae': 1265.6527031972348, 'mse': 10253280.205821125, 'r2': 0.174732343237347}
Validation statistic: Loss: 71851192.8945, dev_score: {'mae': 2392.370918527922, 'mse': 71851192.89445381, 'r2': -0.03110170743799312}
-----------------------
Epoch 31/100
Training statistic: Loss: 10372532.4547, train_score: {'mae': 1263.570607670843, 'mse': 10372532.454653231, 'r2': 0.16513394916425073}
Validation statistic: Loss: 72013818.5700, dev_score: {'mae': 2393.048192813289, 'mse': 72013818.57001969, 'r2': -0.033435469829322884}
-----------------------
Epoch 32/100
Training statistic: Loss: 10321427.0803, train_score: {'mae': 1273.4019458568716, 'mse': 10321427.080270417, 'r2': 0.16924732670960818}
Validation statistic: Loss: 71807024.5668, dev_score: {'mae': 2397.2344427307576, 'mse': 71807024.56682466, 'r2': -0.030467869136936887}
-----------------------
Epoch 33/100
Training statistic: Loss: 10273063.3413, train_score: {'mae': 1265.1183854519243, 'mse': 10273063.34131449, 'r2': 0.17314003506432352}
Validation statistic: Loss: 72006498.9240, dev_score: {'mae': 2393.874023112825, 'mse': 72006498.92399362, 'r2': -0.03333042913046613}
-----------------------
Epoch 34/100
Training statistic: Loss: 9719784.0768, train_score: {'mae': 1255.7835991969125, 'mse': 9719784.07676911, 'r2': 0.2176724649814834}
Validation statistic: Loss: 71773921.7997, dev_score: {'mae': 2403.0121620870154, 'mse': 71773921.79967517, 'r2': -0.029992827340777684}
-----------------------
Epoch 35/100
Training statistic: Loss: 9576200.6859, train_score: {'mae': 1242.9804627839617, 'mse': 9576200.685851544, 'r2': 0.229229227909439}
Validation statistic: Loss: 72491875.1398, dev_score: {'mae': 2419.0963339027694, 'mse': 72491875.13977757, 'r2': -0.0402958283769308}
-----------------------
Epoch 36/100
Training statistic: Loss: 10170127.7965, train_score: {'mae': 1262.7981759394524, 'mse': 10170127.796521017, 'r2': 0.18142512765362662}
Validation statistic: Loss: 71806996.4875, dev_score: {'mae': 2392.119651046096, 'mse': 71806996.48754174, 'r2': -0.030467466184732617}
-----------------------
Epoch 37/100
Training statistic: Loss: 9474276.1652, train_score: {'mae': 1242.0387520628894, 'mse': 9474276.165197369, 'r2': 0.23743294502614998}
Validation statistic: Loss: 72090431.7689, dev_score: {'mae': 2404.910783200943, 'mse': 72090431.76886815, 'r2': -0.03453490878033616}
-----------------------
Epoch 38/100
Training statistic: Loss: 9479973.4538, train_score: {'mae': 1234.154116095616, 'mse': 9479973.45384988, 'r2': 0.23697438074605848}
Validation statistic: Loss: 100915058.8670, dev_score: {'mae': 2511.611713719202, 'mse': 100915058.86698496, 'r2': -0.4481831868373294}
-----------------------
Epoch 39/100
Training statistic: Loss: 9496462.1915, train_score: {'mae': 1242.7677557651807, 'mse': 9496462.191513814, 'r2': 0.2356472325923229}
Validation statistic: Loss: 71808852.2497, dev_score: {'mae': 2386.183578332612, 'mse': 71808852.24972679, 'r2': -0.030494097330027614}
-----------------------
Epoch 40/100
Training statistic: Loss: 9155391.8784, train_score: {'mae': 1230.0096811004364, 'mse': 9155391.878369689, 'r2': 0.263099354495707}
Validation statistic: Loss: 73385572.3661, dev_score: {'mae': 2416.204627562446, 'mse': 73385572.36614117, 'r2': -0.053120844899478215}
-----------------------
Epoch 41/100
Training statistic: Loss: 9210596.2123, train_score: {'mae': 1229.3773532927073, 'mse': 9210596.212318439, 'r2': 0.2586560592373599}
Validation statistic: Loss: 71919824.3613, dev_score: {'mae': 2385.013238360562, 'mse': 71919824.36130895, 'r2': -0.03208660441475275}
-----------------------
Epoch 42/100
Training statistic: Loss: 9173817.1621, train_score: {'mae': 1227.4587804742564, 'mse': 9173817.162106723, 'r2': 0.2616163373119753}
Validation statistic: Loss: 71932736.8901, dev_score: {'mae': 2391.098263463261, 'mse': 71932736.89013535, 'r2': -0.03227190586882611}
-----------------------
Epoch 43/100
Training statistic: Loss: 9445034.7619, train_score: {'mae': 1229.1145441969431, 'mse': 9445034.76189002, 'r2': 0.23978653177141473}
Validation statistic: Loss: 72063208.1085, dev_score: {'mae': 2389.2782694938314, 'mse': 72063208.1084969, 'r2': -0.03414423520122467}
-----------------------
Epoch 44/100
Training statistic: Loss: 10264810.9016, train_score: {'mae': 1248.261231440139, 'mse': 10264810.901639044, 'r2': 0.1738042587485319}
Validation statistic: Loss: 72314518.5305, dev_score: {'mae': 2387.0279418233554, 'mse': 72314518.53045696, 'r2': -0.037750669482150556}
-----------------------
Epoch 45/100
Training statistic: Loss: 10171871.1531, train_score: {'mae': 1244.7112420694266, 'mse': 10171871.15312655, 'r2': 0.1812848080883881}
Validation statistic: Loss: 72427311.0044, dev_score: {'mae': 2384.791454284904, 'mse': 72427311.00442623, 'r2': -0.039369299706797145}
-----------------------
Epoch 46/100
Training statistic: Loss: 9309086.4086, train_score: {'mae': 1222.8958915590138, 'mse': 9309086.408628616, 'r2': 0.2507287645676163}
Validation statistic: Loss: 72903260.4289, dev_score: {'mae': 2405.5920926548088, 'mse': 72903260.42892942, 'r2': -0.046199419632297234}
-----------------------
Epoch 47/100
Training statistic: Loss: 9209559.2561, train_score: {'mae': 1214.6564965376906, 'mse': 9209559.25613615, 'r2': 0.25873952193237515}
Validation statistic: Loss: 72104931.0215, dev_score: {'mae': 2385.1855368503216, 'mse': 72104931.0214784, 'r2': -0.03474298053977054}
-----------------------
Epoch 48/100
Training statistic: Loss: 9564495.7342, train_score: {'mae': 1222.6217270893853, 'mse': 9564495.73423713, 'r2': 0.23017133792666677}
Validation statistic: Loss: 72118441.4646, dev_score: {'mae': 2382.946699304537, 'mse': 72118441.46456558, 'r2': -0.034936862372127786}
-----------------------
Epoch 49/100
Training statistic: Loss: 9621776.6633, train_score: {'mae': 1233.161575842904, 'mse': 9621776.66331621, 'r2': 0.2255609013474107}
Validation statistic: Loss: 72070966.9262, dev_score: {'mae': 2384.988844979987, 'mse': 72070966.92616828, 'r2': -0.03425557823989078}
-----------------------
Epoch 50/100
Training statistic: Loss: 8783840.1555, train_score: {'mae': 1205.60825757419, 'mse': 8783840.155540334, 'r2': 0.29300486897598277}
Validation statistic: Loss: 72014883.4623, dev_score: {'mae': 2386.691744961233, 'mse': 72014883.46231622, 'r2': -0.03345075158347277}
-----------------------
Epoch 51/100
Training statistic: Loss: 8942836.5611, train_score: {'mae': 1202.3972832535007, 'mse': 8942836.561071796, 'r2': 0.280207540863157}
Validation statistic: Loss: 71904714.0561, dev_score: {'mae': 2383.7491769204266, 'mse': 71904714.05606768, 'r2': -0.031869763734639456}
-----------------------
Epoch 52/100
Training statistic: Loss: 8425047.2852, train_score: {'mae': 1188.73998996054, 'mse': 8425047.285184713, 'r2': 0.3218834468981411}
Validation statistic: Loss: 71655658.4018, dev_score: {'mae': 2388.5682513492693, 'mse': 71655658.40181485, 'r2': -0.028295686534217657}
-----------------------
Epoch 53/100
Training statistic: Loss: 9744241.9597, train_score: {'mae': 1229.3169380152797, 'mse': 9744241.959740316, 'r2': 0.21570389498594533}
Validation statistic: Loss: 72362126.3548, dev_score: {'mae': 2386.006761512136, 'mse': 72362126.35479097, 'r2': -0.03843386633638102}
-----------------------
Epoch 54/100
Training statistic: Loss: 9208068.0903, train_score: {'mae': 1209.1975960763582, 'mse': 9208068.090279358, 'r2': 0.2588595431283024}
Validation statistic: Loss: 72210524.2158, dev_score: {'mae': 2386.1562746404056, 'mse': 72210524.21580675, 'r2': -0.036258297385319826}
-----------------------
Epoch 55/100
Training statistic: Loss: 8924600.2490, train_score: {'mae': 1201.1769595598819, 'mse': 8924600.248960719, 'r2': 0.2816753480684411}
Validation statistic: Loss: 72182599.8393, dev_score: {'mae': 2387.887273718845, 'mse': 72182599.83927096, 'r2': -0.03585756816753949}
-----------------------
Epoch 56/100
Training statistic: Loss: 8477418.4115, train_score: {'mae': 1183.9877446121563, 'mse': 8477418.411474422, 'r2': 0.31766819131090074}
Validation statistic: Loss: 72256574.0615, dev_score: {'mae': 2398.0214386171688, 'mse': 72256574.06149615, 'r2': -0.0369191364417758}
-----------------------
Epoch 57/100
Training statistic: Loss: 8525701.2531, train_score: {'mae': 1195.372727846129, 'mse': 8525701.253137443, 'r2': 0.3137819942304325}
Validation statistic: Loss: 72007845.1785, dev_score: {'mae': 2390.3103467278397, 'mse': 72007845.1785345, 'r2': -0.03334974857806072}
Early stopping (loss) triggered!
Early stopping by loss
Testing statistic: loss: 91240632.51174939, scores: {'mae': 2413.775432905347, 'mse': 91240632.51174939, 'r2': -0.014068370951715536}
Finish training!
