=====Setting up data=====
Dataset name:news
train_option:mix
augment_option:tvae_dnn
mix_ratio:-1
n_sample:-1
Dataset name:news
Training dataset size: 128640 samples
Validation dataset size: 3200 samples

=====Setting up parameters for training=====
num_epochs: 100
learning_rate: 0.001
patience: 30
early_stop_criterion: loss
=====Setting up metrics for evaluating and plotting=====
metrics for evaluating: ['mae', 'mse', 'r2']
metric for plotting: mse
=====Setting up trainer=====
input_size: 58
model: DNN_News_log_no_norm
----------------------------------------------------------------
        Layer (type)               Output Shape         Param #
================================================================
            Linear-1                  [-1, 512]          30,208
              ReLU-2                  [-1, 512]               0
          Identity-3                  [-1, 512]               0
           Dropout-4                  [-1, 512]               0
            Linear-5                  [-1, 512]         262,656
              ReLU-6                  [-1, 512]               0
          Identity-7                  [-1, 512]               0
           Dropout-8                  [-1, 512]               0
            Linear-9                  [-1, 256]         131,328
             ReLU-10                  [-1, 256]               0
         Identity-11                  [-1, 256]               0
          Dropout-12                  [-1, 256]               0
           Linear-13                  [-1, 128]          32,896
             ReLU-14                  [-1, 128]               0
         Identity-15                  [-1, 128]               0
          Dropout-16                  [-1, 128]               0
           Linear-17                    [-1, 1]             129
================================================================
Total params: 457,217
Trainable params: 457,217
Non-trainable params: 0
----------------------------------------------------------------
Input size (MB): 0.00
Forward/backward pass size (MB): 0.04
Params size (MB): 1.74
Estimated Total Size (MB): 1.79
----------------------------------------------------------------
=====Setting up output files=====
weight_dir, weight_file: /home/thuy/Research/minh_data_synth/TabularDA/.cache/news_log_runtime_20261008/output/news_log_v1/news/weight/, news_seed42_tvae_xonly_dnn_mix.weights.pth
acc_dir, acc_file: /home/thuy/Research/minh_data_synth/TabularDA/.cache/news_log_runtime_20261008/output/news_log_v1/news/acc/, news_seed42_tvae_xonly_dnn_mix.epochs.csv
report_file: news_seed42_tvae_xonly_dnn_mix.report.txt
==========================================================================================
Start training...
-----------------------
Epoch 1/100
Training statistic: Loss: 495684938818578063423377119418449470534670188001648779744676058706309653948375954826928670911415266360426496.0000, train_score: {'mae': 1.9637158516839476e+51, 'mse': 4.9568493881857806e+107, 'r2': -1.4007208477245003e+100}
Validation statistic: Loss: 148244092229032.1562, dev_score: {'mae': 234855.29772854995, 'mse': 148244092229032.2, 'r2': -2127378.246709059}
Saving model...
Model saved!
-------------------------------------------
-----------------------
Epoch 2/100
Training statistic: Loss: 110451063636227169097842048596316448257857902608384.0000, train_score: {'mae': 2.9313031553361704e+22, 'mse': 1.1045106363622717e+50, 'r2': -3.1211581263160697e+42}
Validation statistic: Loss: 130806970.5062, dev_score: {'mae': 2579.6714751169006, 'mse': 130806970.50624466, 'r2': -0.8771475489892822}
Saving model...
Model saved!
-------------------------------------------
-----------------------
Epoch 3/100
Training statistic: Loss: 65956034.8128, train_score: {'mae': 893.2193639416778, 'mse': 65956034.81282443, 'r2': -0.8638047227289187}
Validation statistic: Loss: 70795784.7933, dev_score: {'mae': 2366.3866327041956, 'mse': 70795784.7932526, 'r2': -0.015956056386784878}
Saving model...
Model saved!
-------------------------------------------
-----------------------
Epoch 4/100
Training statistic: Loss: 34964528.3332, train_score: {'mae': 881.177035490576, 'mse': 34964528.33322931, 'r2': 0.011962237869538317}
Validation statistic: Loss: 70947308.6941, dev_score: {'mae': 2360.293221550623, 'mse': 70947308.69414921, 'r2': -0.018130502580902652}
-----------------------
Epoch 5/100
Training statistic: Loss: 34430133.6775, train_score: {'mae': 716.0670818879781, 'mse': 34430133.677453436, 'r2': 0.02706331673309814}
Validation statistic: Loss: 69763373.2229, dev_score: {'mae': 2409.4010060412934, 'mse': 69763373.22286853, 'r2': -0.0011404174235531972}
Saving model...
Model saved!
-------------------------------------------
-----------------------
Epoch 6/100
Training statistic: Loss: 34632047.3556, train_score: {'mae': 784.7458567434537, 'mse': 34632047.35564216, 'r2': 0.02135758157088463}
Validation statistic: Loss: 70333662.3447, dev_score: {'mae': 2368.196175700677, 'mse': 70333662.34473084, 'r2': -0.009324360704068058}
-----------------------
Epoch 7/100
Training statistic: Loss: 34411338.4724, train_score: {'mae': 704.601175694074, 'mse': 34411338.47239816, 'r2': 0.027594437077826273}
Validation statistic: Loss: 69899867.9038, dev_score: {'mae': 2390.8934680184216, 'mse': 69899867.90380819, 'r2': -0.0030991865532434826}
-----------------------
Epoch 8/100
Training statistic: Loss: 34354644.8877, train_score: {'mae': 685.1502082627039, 'mse': 34354644.88767141, 'r2': 0.029196500805004688}
Validation statistic: Loss: 69786050.2648, dev_score: {'mae': 2414.309818437684, 'mse': 69786050.26482654, 'r2': -0.0014658446814819204}
-----------------------
Epoch 9/100
Training statistic: Loss: 34306432.9703, train_score: {'mae': 681.6397725415412, 'mse': 34306432.97029965, 'r2': 0.030558887121045486}
Validation statistic: Loss: 69735802.7216, dev_score: {'mae': 2391.3741381856094, 'mse': 69735802.72156881, 'r2': -0.0007447664980797519}
Saving model...
Model saved!
-------------------------------------------
-----------------------
Epoch 10/100
Training statistic: Loss: 34264922.9674, train_score: {'mae': 665.5282763765694, 'mse': 34264922.96736965, 'r2': 0.031731888798920416}
Validation statistic: Loss: 69583707.4141, dev_score: {'mae': 2405.7933628864603, 'mse': 69583707.4141191, 'r2': 0.0014378796750337264}
Saving model...
Model saved!
-------------------------------------------
-----------------------
Epoch 11/100
Training statistic: Loss: 34174194.1243, train_score: {'mae': 667.9342803501092, 'mse': 34174194.124274544, 'r2': 0.034295730708584826}
Validation statistic: Loss: 69377540.4571, dev_score: {'mae': 2423.880900956009, 'mse': 69377540.45710227, 'r2': 0.004396481931082552}
Saving model...
Model saved!
-------------------------------------------
-----------------------
Epoch 12/100
Training statistic: Loss: 34390683.5480, train_score: {'mae': 686.5494311663177, 'mse': 34390683.54796868, 'r2': 0.02817810991092673}
Validation statistic: Loss: 69917337.7994, dev_score: {'mae': 2394.665372021198, 'mse': 69917337.79944825, 'r2': -0.003349888573594084}
-----------------------
Epoch 13/100
Training statistic: Loss: 34204682.8276, train_score: {'mae': 660.0496134642116, 'mse': 34204682.82759815, 'r2': 0.0334341721051048}
Validation statistic: Loss: 69436837.7031, dev_score: {'mae': 2418.1043853565534, 'mse': 69436837.70313911, 'r2': 0.0035455358413667426}
-----------------------
Epoch 14/100
Training statistic: Loss: 34315101.4071, train_score: {'mae': 669.8747613084513, 'mse': 34315101.4070977, 'r2': 0.030313931924925486}
Validation statistic: Loss: 69787629.4345, dev_score: {'mae': 2392.3160900049998, 'mse': 69787629.43444999, 'r2': -0.001488506580741511}
-----------------------
Epoch 15/100
Training statistic: Loss: 34215159.0111, train_score: {'mae': 649.5797610443689, 'mse': 34215159.011116765, 'r2': 0.03313813307890223}
Validation statistic: Loss: 69630830.4485, dev_score: {'mae': 2397.2456454437447, 'mse': 69630830.44847845, 'r2': 0.000761639807186798}
-----------------------
Epoch 16/100
Training statistic: Loss: 34259644.6985, train_score: {'mae': 661.4971346136607, 'mse': 34259644.69854506, 'r2': 0.03188104364716182}
Validation statistic: Loss: 69742626.8609, dev_score: {'mae': 2394.9031090236763, 'mse': 69742626.86094835, 'r2': -0.0008426964207794985}
-----------------------
Epoch 17/100
Training statistic: Loss: 34289080.2860, train_score: {'mae': 665.6536916698544, 'mse': 34289080.28598592, 'r2': 0.031049244297121303}
Validation statistic: Loss: 69807253.6822, dev_score: {'mae': 2392.460669987726, 'mse': 69807253.68221538, 'r2': -0.0017701246661616654}
-----------------------
Epoch 18/100
Training statistic: Loss: 34284388.4497, train_score: {'mae': 664.4425144635542, 'mse': 34284388.44973926, 'r2': 0.031181827563832143}
Validation statistic: Loss: 69707909.1591, dev_score: {'mae': 2398.382002974024, 'mse': 69707909.15912555, 'r2': -0.0003444794784330796}
-----------------------
Epoch 19/100
Training statistic: Loss: 34224054.1359, train_score: {'mae': 663.3037098602308, 'mse': 34224054.135872774, 'r2': 0.032886772068851156}
Validation statistic: Loss: 69625730.2667, dev_score: {'mae': 2404.876500827561, 'mse': 69625730.2666732, 'r2': 0.0008348300487928118}
-----------------------
Epoch 20/100
Training statistic: Loss: 34213360.7588, train_score: {'mae': 665.3619378978883, 'mse': 34213360.75879803, 'r2': 0.03318894861342936}
Validation statistic: Loss: 69611254.3080, dev_score: {'mae': 2406.0796098665146, 'mse': 69611254.30796482, 'r2': 0.0010425675287111247}
-----------------------
Epoch 21/100
Training statistic: Loss: 34193418.2598, train_score: {'mae': 650.2626452170932, 'mse': 34193418.25977112, 'r2': 0.03375248952329246}
Validation statistic: Loss: 69584955.2526, dev_score: {'mae': 2397.3600538553487, 'mse': 69584955.25262429, 'r2': 0.0014199725483530212}
-----------------------
Epoch 22/100
Training statistic: Loss: 34185757.9496, train_score: {'mae': 645.0578326657476, 'mse': 34185757.94959282, 'r2': 0.0339689567855892}
Validation statistic: Loss: 69628269.1319, dev_score: {'mae': 2401.8542691939265, 'mse': 69628269.1318935, 'r2': 0.0007983960223257869}
-----------------------
Epoch 23/100
Training statistic: Loss: 34247683.1102, train_score: {'mae': 654.2879841565092, 'mse': 34247683.11022012, 'r2': 0.03221905767233235}
Validation statistic: Loss: 69850345.8618, dev_score: {'mae': 2390.899114138927, 'mse': 69850345.86181553, 'r2': -0.0023885196874970926}
-----------------------
Epoch 24/100
Training statistic: Loss: 34092719.8822, train_score: {'mae': 636.4545191413175, 'mse': 34092719.882217735, 'r2': 0.03659805342336264}
Validation statistic: Loss: 69483163.9590, dev_score: {'mae': 2402.9097815088758, 'mse': 69483163.95900042, 'r2': 0.0028807301562617793}
-----------------------
Epoch 25/100
Training statistic: Loss: 34123718.6609, train_score: {'mae': 647.3654460940315, 'mse': 34123718.660860635, 'r2': 0.03572208096386853}
Validation statistic: Loss: 69477756.0709, dev_score: {'mae': 2404.6924560999855, 'mse': 69477756.07093085, 'r2': 0.002958336141598017}
-----------------------
Epoch 26/100
Training statistic: Loss: 34070112.9532, train_score: {'mae': 648.7034257951764, 'mse': 34070112.95319849, 'r2': 0.037236886567168725}
Validation statistic: Loss: 69487203.7727, dev_score: {'mae': 2407.4500684150935, 'mse': 69487203.7726759, 'r2': 0.002822756744677024}
-----------------------
Epoch 27/100
Training statistic: Loss: 34182151.1937, train_score: {'mae': 657.6578747529918, 'mse': 34182151.19373781, 'r2': 0.034070877536516386}
Validation statistic: Loss: 69696212.6098, dev_score: {'mae': 2402.38055501916, 'mse': 69696212.60982715, 'r2': -0.00017662795827200206}
-----------------------
Epoch 28/100
Training statistic: Loss: 34081721.8405, train_score: {'mae': 646.5076337454213, 'mse': 34081721.84048608, 'r2': 0.036908839270001215}
Validation statistic: Loss: 69431626.4106, dev_score: {'mae': 2405.8108174357567, 'mse': 69431626.41061448, 'r2': 0.0036203205791511817}
-----------------------
Epoch 29/100
Training statistic: Loss: 34194083.2024, train_score: {'mae': 665.8445972221434, 'mse': 34194083.202419885, 'r2': 0.03373369938145576}
Validation statistic: Loss: 69729413.2481, dev_score: {'mae': 2399.45660766551, 'mse': 69729413.24807926, 'r2': -0.0006530742552748325}
-----------------------
Epoch 30/100
Training statistic: Loss: 34183041.0065, train_score: {'mae': 670.8046515890771, 'mse': 34183041.00647213, 'r2': 0.03404573295071334}
Validation statistic: Loss: 69817280.5546, dev_score: {'mae': 2400.86242425866, 'mse': 69817280.55464943, 'r2': -0.0019140154614361027}
-----------------------
Epoch 31/100
Training statistic: Loss: 34088211.9132, train_score: {'mae': 664.1357534017415, 'mse': 34088211.91321793, 'r2': 0.036725440916191454}
Validation statistic: Loss: 69696904.2970, dev_score: {'mae': 2411.5809543061064, 'mse': 69696904.29696767, 'r2': -0.00018655402578571234}
-----------------------
Epoch 32/100
Training statistic: Loss: 34047363.0137, train_score: {'mae': 660.6552199007295, 'mse': 34047363.0137126, 'r2': 0.03787976094213574}
Validation statistic: Loss: 69607850.0670, dev_score: {'mae': 2409.0822037243556, 'mse': 69607850.0669906, 'r2': 0.0010914201439516935}
-----------------------
Epoch 33/100
Training statistic: Loss: 34083415.4433, train_score: {'mae': 661.5878221553558, 'mse': 34083415.44332958, 'r2': 0.036860980950635835}
Validation statistic: Loss: 69788469.2437, dev_score: {'mae': 2404.8493243082426, 'mse': 69788469.24368238, 'r2': -0.0015005582767337877}
-----------------------
Epoch 34/100
Training statistic: Loss: 34133844.7813, train_score: {'mae': 669.102251624268, 'mse': 34133844.78127005, 'r2': 0.03543593412233148}
Validation statistic: Loss: 69863899.6968, dev_score: {'mae': 2400.459431412332, 'mse': 69863899.69675423, 'r2': -0.002583024215322638}
-----------------------
Epoch 35/100
Training statistic: Loss: 34157658.7567, train_score: {'mae': 674.4013397422686, 'mse': 34157658.75672594, 'r2': 0.03476299191093901}
Validation statistic: Loss: 69903558.6783, dev_score: {'mae': 2396.4062201774263, 'mse': 69903558.67834604, 'r2': -0.0031521510730301294}
-----------------------
Epoch 36/100
Training statistic: Loss: 33984949.3127, train_score: {'mae': 671.0175666370892, 'mse': 33984949.31269267, 'r2': 0.03964346537121577}
Validation statistic: Loss: 69931380.7081, dev_score: {'mae': 2401.288402493194, 'mse': 69931380.7080891, 'r2': -0.0035514115615038477}
-----------------------
Epoch 37/100
Training statistic: Loss: 33961160.1726, train_score: {'mae': 663.1172567988905, 'mse': 33961160.172577985, 'r2': 0.04031570577834831}
Validation statistic: Loss: 69872508.8378, dev_score: {'mae': 2399.0975557853167, 'mse': 69872508.83784306, 'r2': -0.00270656983396389}
-----------------------
Epoch 38/100
Training statistic: Loss: 34039471.9049, train_score: {'mae': 669.2505449069506, 'mse': 34039471.90494719, 'r2': 0.03810275017771181}
Validation statistic: Loss: 69955122.1222, dev_score: {'mae': 2401.0499300190268, 'mse': 69955122.1221661, 'r2': -0.0038921131087661376}
-----------------------
Epoch 39/100
Training statistic: Loss: 33813974.2549, train_score: {'mae': 666.7622523172064, 'mse': 33813974.25488285, 'r2': 0.044474928043572226}
Validation statistic: Loss: 70024170.6701, dev_score: {'mae': 2401.801534615461, 'mse': 70024170.67006749, 'r2': -0.0048829954138356335}
-----------------------
Epoch 40/100
Training statistic: Loss: 33871808.7119, train_score: {'mae': 665.118270577435, 'mse': 33871808.711928226, 'r2': 0.042840625216188144}
Validation statistic: Loss: 70007220.9321, dev_score: {'mae': 2404.6622757161035, 'mse': 70007220.93205258, 'r2': -0.004639757923910137}
-----------------------
Epoch 41/100
Training statistic: Loss: 33919622.6065, train_score: {'mae': 668.6542633451247, 'mse': 33919622.606458254, 'r2': 0.04148948634481675}
Validation statistic: Loss: 70037591.5247, dev_score: {'mae': 2405.5405722463156, 'mse': 70037591.52472587, 'r2': -0.005075591605994134}
-----------------------
Epoch 42/100
Training statistic: Loss: 34050242.8147, train_score: {'mae': 686.1621157124479, 'mse': 34050242.81473278, 'r2': 0.0377983826913485}
Validation statistic: Loss: 70138324.5874, dev_score: {'mae': 2397.8559863185283, 'mse': 70138324.58738592, 'r2': -0.006521163053316181}
Early stopping (loss) triggered!
Early stopping by loss
Testing statistic: loss: 89645908.9233732, scores: {'mae': 2442.318046158636, 'mse': 89645908.92337319, 'r2': 0.0036557362455321707}
Finish training!
