=====Setting up data=====
Dataset name:adult
train_option:synthetic
augment_option:tvae_compare_gaussian
mix_ratio:-1
n_sample:-1
Training dataset size: 100096 samples
Validation dataset size: 3840 samples

=====Setting up parameters for training=====
num_epochs: 100
learning_rate: 0.001
patience: 30
early_stop_criterion: loss
=====Setting up trainer=====
input_size: 107
model: DNN_Adult
----------------------------------------------------------------
        Layer (type)               Output Shape         Param #
================================================================
            Linear-1                  [-1, 128]          13,824
       BatchNorm1d-2                  [-1, 128]             256
              ReLU-3                  [-1, 128]               0
           Dropout-4                  [-1, 128]               0
            Linear-5                   [-1, 64]           8,256
       BatchNorm1d-6                   [-1, 64]             128
              ReLU-7                   [-1, 64]               0
           Dropout-8                   [-1, 64]               0
            Linear-9                   [-1, 32]           2,080
      BatchNorm1d-10                   [-1, 32]              64
             ReLU-11                   [-1, 32]               0
          Dropout-12                   [-1, 32]               0
           Linear-13                   [-1, 16]             528
      BatchNorm1d-14                   [-1, 16]              32
             ReLU-15                   [-1, 16]               0
          Dropout-16                   [-1, 16]               0
           Linear-17                    [-1, 1]              17
          Sigmoid-18                    [-1, 1]               0
================================================================
Total params: 25,185
Trainable params: 25,185
Non-trainable params: 0
----------------------------------------------------------------
Input size (MB): 0.00
Forward/backward pass size (MB): 0.01
Params size (MB): 0.10
Estimated Total Size (MB): 0.10
----------------------------------------------------------------
=====Setting up output files=====
weight_dir, weight_file: /home/thuy/Research/minh_data_synth/TabularDA/output/corrected_v2/adult/weight/, adult_seed43_tvae_full_gaussian_synthetic.weights.pth
acc_dir, acc_file: /home/thuy/Research/minh_data_synth/TabularDA/output/corrected_v2/adult/acc/, adult_seed43_tvae_full_gaussian_synthetic.epochs.csv
report_file: adult_seed43_tvae_full_gaussian_synthetic.report.txt
==========================================================================================
Start training...
-----------------------
Epoch 1/100
Training statistic: Loss: 0.0815, train_score: {'accuracy': 0.97438, 'balanced_accuracy': 0.8777859780561585, 'f1_macro': 0.9233114874161945, 'f1_micro': 0.97438, 'f1_weighted': 0.9727779291184925, 'f1_binary': 0.860730593607306, 'pr_auc': 0.9919156279321059, 'precision_macro': 0.9860307690325917, 'precision_micro': 0.97438, 'precision_weighted': 0.9750887583461679, 'precision_binary': 0.9998737054811822, 'recall_macro': 0.8777859780561585, 'recall_micro': 0.97438, 'recall_weighted': 0.97438, 'recall_binary': 0.7555831265508685, 'roc_auc': 0.9982912725775108}
Validation statistic: Loss: 0.8059, dev_score: {'accuracy': 0.7955497382198953, 'balanced_accuracy': 0.608472752775961, 'f1_macro': 0.6233298583891873, 'f1_micro': 0.7955497382198953, 'f1_weighted': 0.7557451434622752, 'f1_binary': 0.36863379143088115, 'pr_auc': 0.42428438120260414, 'precision_macro': 0.7578214285714286, 'precision_micro': 0.7955497382198953, 'precision_weighted': 0.7813838257292447, 'precision_binary': 0.7125, 'recall_macro': 0.608472752775961, 'recall_micro': 0.7955497382198953, 'recall_weighted': 0.7955497382198953, 'recall_binary': 0.24863685932388221, 'roc_auc': 0.6004060403050129}
Saving model...
Model saved!
-------------------------------------------
-----------------------
Epoch 2/100
Training statistic: Loss: 0.0242, train_score: {'accuracy': 0.99676, 'balanced_accuracy': 0.9925865920818824, 'f1_macro': 0.9913857549937648, 'f1_micro': 0.99676, 'f1_weighted': 0.9967639463475851, 'f1_binary': 0.9845817074331398, 'pr_auc': 0.9991363764150003, 'precision_macro': 0.9901925232809781, 'precision_micro': 0.99676, 'precision_weighted': 0.9967696521804609, 'precision_binary': 0.9818716780561884, 'recall_macro': 0.9925865920818824, 'recall_micro': 0.99676, 'recall_weighted': 0.99676, 'recall_binary': 0.9873067379270853, 'roc_auc': 0.9999003455731561}
Validation statistic: Loss: 1.1742, dev_score: {'accuracy': 0.7910994764397906, 'balanced_accuracy': 0.6186004700886647, 'f1_macro': 0.635467589146827, 'f1_micro': 0.7910994764397906, 'f1_weighted': 0.7592996917765648, 'f1_binary': 0.3972809667673716, 'pr_auc': 0.4194641554553685, 'precision_macro': 0.7272856853870624, 'precision_micro': 0.7910994764397906, 'precision_weighted': 0.76944609424625, 'precision_binary': 0.6461916461916462, 'recall_macro': 0.6186004700886647, 'recall_micro': 0.7910994764397906, 'recall_weighted': 0.7910994764397906, 'recall_binary': 0.28680479825517996, 'roc_auc': 0.590612839498567}
-----------------------
Epoch 3/100
Training statistic: Loss: 0.0157, train_score: {'accuracy': 0.99643, 'balanced_accuracy': 0.9947617732659052, 'f1_macro': 0.9905657802506078, 'f1_micro': 0.99643, 'f1_weighted': 0.9964450992073811, 'f1_binary': 0.9831277470579896, 'pr_auc': 0.999128940968081, 'precision_macro': 0.9864615737426667, 'precision_micro': 0.99643, 'precision_weighted': 0.9964814659714194, 'precision_binary': 0.9737852261024249, 'recall_macro': 0.9947617732659052, 'recall_micro': 0.99643, 'recall_weighted': 0.99643, 'recall_binary': 0.9926512693262073, 'roc_auc': 0.9998989010279912}
Validation statistic: Loss: 1.4526, dev_score: {'accuracy': 0.7882198952879581, 'balanced_accuracy': 0.6181979608955651, 'f1_macro': 0.6345716991544508, 'f1_micro': 0.7882198952879581, 'f1_weighted': 0.7577631878589908, 'f1_binary': 0.39761727475800446, 'pr_auc': 0.41388197121210973, 'precision_macro': 0.7176230630690448, 'precision_micro': 0.7882198952879581, 'precision_weighted': 0.7648620485093286, 'precision_binary': 0.6267605633802817, 'recall_macro': 0.6181979608955651, 'recall_micro': 0.7882198952879581, 'recall_weighted': 0.7882198952879581, 'recall_binary': 0.29116684841875684, 'roc_auc': 0.5478679784872641}
-----------------------
Epoch 4/100
Training statistic: Loss: 0.0140, train_score: {'accuracy': 0.99643, 'balanced_accuracy': 0.9952252451877148, 'f1_macro': 0.9905744197796509, 'f1_micro': 0.99643, 'f1_weighted': 0.9964467155831662, 'f1_binary': 0.983145271705774, 'pr_auc': 0.9991279738105534, 'precision_macro': 0.9860361273618206, 'precision_micro': 0.99643, 'precision_weighted': 0.9964895114472756, 'precision_binary': 0.9728113613005699, 'recall_macro': 0.9952252451877148, 'recall_micro': 0.99643, 'recall_weighted': 0.99643, 'recall_binary': 0.993701087993892, 'roc_auc': 0.9998999665799412}
Validation statistic: Loss: 1.6254, dev_score: {'accuracy': 0.787434554973822, 'balanced_accuracy': 0.6176812540405875, 'f1_macro': 0.6338596488743024, 'f1_micro': 0.787434554973822, 'f1_weighted': 0.7571416874812732, 'f1_binary': 0.3967310549777117, 'pr_auc': 0.422654298191793, 'precision_macro': 0.715346876656225, 'precision_micro': 0.787434554973822, 'precision_weighted': 0.7636811538806503, 'precision_binary': 0.6223776223776224, 'recall_macro': 0.6176812540405875, 'recall_micro': 0.787434554973822, 'recall_weighted': 0.787434554973822, 'recall_binary': 0.29116684841875684, 'roc_auc': 0.5825091254825696}
-----------------------
Epoch 5/100
Training statistic: Loss: 0.0109, train_score: {'accuracy': 0.99682, 'balanced_accuracy': 0.9970020197491904, 'f1_macro': 0.9916163147805143, 'f1_micro': 0.99682, 'f1_weighted': 0.9968371730066646, 'f1_binary': 0.9850113122171946, 'pr_auc': 0.9993018873823508, 'precision_macro': 0.9863806747541508, 'precision_micro': 0.99682, 'precision_weighted': 0.9968891310825714, 'precision_binary': 0.9730862357981002, 'recall_macro': 0.9970020197491904, 'recall_micro': 0.99682, 'recall_weighted': 0.99682, 'recall_binary': 0.9972322962397404, 'roc_auc': 0.9999192472600731}
Validation statistic: Loss: 1.8020, dev_score: {'accuracy': 0.7887434554973822, 'balanced_accuracy': 0.6189154527843381, 'f1_macro': 0.6354751065731049, 'f1_micro': 0.7887434554973822, 'f1_weighted': 0.7583620427715768, 'f1_binary': 0.3991064780342517, 'pr_auc': 0.4346786787363643, 'precision_macro': 0.7189440907871112, 'precision_micro': 0.7887434554973822, 'precision_weighted': 0.7656494608391996, 'precision_binary': 0.6291079812206573, 'recall_macro': 0.6189154527843381, 'recall_micro': 0.7887434554973822, 'recall_weighted': 0.7887434554973822, 'recall_binary': 0.29225736095965105, 'roc_auc': 0.6183901059746789}
-----------------------
Epoch 6/100
Training statistic: Loss: 0.0109, train_score: {'accuracy': 0.9966, 'balanced_accuracy': 0.9966684758697568, 'f1_macro': 0.9910407771502261, 'f1_micro': 0.9966, 'f1_weighted': 0.9966191960165431, 'f1_binary': 0.9839834181270021, 'pr_auc': 0.9992922710382461, 'precision_macro': 0.9855769656699889, 'precision_micro': 0.9966, 'precision_weighted': 0.9966763889258029, 'precision_binary': 0.9715348837209302, 'recall_macro': 0.9966684758697568, 'recall_micro': 0.9966, 'recall_weighted': 0.9966, 'recall_binary': 0.9967551059362474, 'roc_auc': 0.9999181929020154}
Validation statistic: Loss: 2.0351, dev_score: {'accuracy': 0.7858638743455497, 'balanced_accuracy': 0.6166478403306324, 'f1_macro': 0.6324406778385052, 'f1_micro': 0.7858638743455497, 'f1_weighted': 0.75590034893372, 'f1_binary': 0.39497041420118345, 'pr_auc': 0.4120445599208421, 'precision_macro': 0.7108847348851424, 'precision_micro': 0.7858638743455497, 'precision_weighted': 0.7613622165693352, 'precision_binary': 0.6137931034482759, 'recall_macro': 0.6166478403306324, 'recall_micro': 0.7858638743455497, 'recall_weighted': 0.7858638743455497, 'recall_binary': 0.29116684841875684, 'roc_auc': 0.5604496307546325}
-----------------------
Epoch 7/100
Training statistic: Loss: 0.0100, train_score: {'accuracy': 0.99674, 'balanced_accuracy': 0.9972944084835734, 'f1_macro': 0.9914139632766255, 'f1_micro': 0.99674, 'f1_weighted': 0.9967592051095664, 'f1_binary': 0.9846516007532957, 'pr_auc': 0.9992323994160401, 'precision_macro': 0.9857121085389094, 'precision_micro': 0.99674, 'precision_weighted': 0.996819818573193, 'precision_binary': 0.971659542835904, 'recall_macro': 0.9972944084835734, 'recall_micro': 0.99674, 'recall_weighted': 0.99674, 'recall_binary': 0.9979958007253292, 'roc_auc': 0.9999120373272687}
Validation statistic: Loss: 2.2079, dev_score: {'accuracy': 0.78717277486911, 'balanced_accuracy': 0.6175090184222616, 'f1_macro': 0.6336226804131009, 'f1_micro': 0.78717277486911, 'f1_weighted': 0.7569346446628518, 'f1_binary': 0.39643652561247217, 'pr_auc': 0.4109181907302328, 'precision_macro': 0.7145949097893942, 'precision_micro': 0.78717277486911, 'precision_weighted': 0.7632907341300412, 'precision_binary': 0.6209302325581395, 'recall_macro': 0.6175090184222616, 'recall_micro': 0.78717277486911, 'recall_weighted': 0.78717277486911, 'recall_binary': 0.29116684841875684, 'roc_auc': 0.5592498040045063}
-----------------------
Epoch 8/100
Training statistic: Loss: 0.0097, train_score: {'accuracy': 0.99681, 'balanced_accuracy': 0.9974599064517242, 'f1_macro': 0.9915979774523844, 'f1_micro': 0.99681, 'f1_weighted': 0.9968287275730499, 'f1_binary': 0.984980460473657, 'pr_auc': 0.9993628023286139, 'precision_macro': 0.9859134581714779, 'precision_micro': 0.99681, 'precision_weighted': 0.9968885881734364, 'precision_binary': 0.9720286218752904, 'recall_macro': 0.9974599064517242, 'recall_micro': 0.99681, 'recall_weighted': 0.99681, 'recall_binary': 0.9982821149074251, 'roc_auc': 0.9999265861891614}
Validation statistic: Loss: 2.3832, dev_score: {'accuracy': 0.7869109947643979, 'balanced_accuracy': 0.6177098034560571, 'f1_macro': 0.6338126361655774, 'f1_micro': 0.7869109947643979, 'f1_weighted': 0.7569111544559651, 'f1_binary': 0.397037037037037, 'pr_auc': 0.3832487173344871, 'precision_macro': 0.713661322909017, 'precision_micro': 0.7869109947643979, 'precision_weighted': 0.7629077170541716, 'precision_binary': 0.6189376443418014, 'recall_macro': 0.6177098034560571, 'recall_micro': 0.7869109947643979, 'recall_weighted': 0.7869109947643979, 'recall_binary': 0.29225736095965105, 'roc_auc': 0.48726057464714234}
-----------------------
Epoch 9/100
Training statistic: Loss: 0.0090, train_score: {'accuracy': 0.99685, 'balanced_accuracy': 0.9973558458956062, 'f1_macro': 0.9916998881038728, 'f1_micro': 0.99685, 'f1_weighted': 0.9968678489615168, 'f1_binary': 0.9851618069621744, 'pr_auc': 0.9993665141690627, 'precision_macro': 0.9862092049389579, 'precision_micro': 0.99685, 'precision_weighted': 0.9969240130207564, 'precision_binary': 0.9726537066319412, 'recall_macro': 0.9973558458956062, 'recall_micro': 0.99685, 'recall_weighted': 0.99685, 'recall_binary': 0.9979958007253292, 'roc_auc': 0.999926504100617}
Validation statistic: Loss: 2.4816, dev_score: {'accuracy': 0.787434554973822, 'balanced_accuracy': 0.6180542746927087, 'f1_macro': 0.6342866736716211, 'f1_micro': 0.787434554973822, 'f1_weighted': 0.7573253841352824, 'f1_binary': 0.39762611275964393, 'pr_auc': 0.41351014585878454, 'precision_macro': 0.7151539134048399, 'precision_micro': 0.787434554973822, 'precision_weighted': 0.7636831068314789, 'precision_binary': 0.6218097447795824, 'recall_macro': 0.6180542746927087, 'recall_micro': 0.787434554973822, 'recall_weighted': 0.787434554973822, 'recall_binary': 0.29225736095965105, 'roc_auc': 0.5729161462346138}
-----------------------
Epoch 10/100
Training statistic: Loss: 0.0089, train_score: {'accuracy': 0.99693, 'balanced_accuracy': 0.9973583938387383, 'f1_macro': 0.9919073249822237, 'f1_micro': 0.99693, 'f1_weighted': 0.9969467675395042, 'f1_binary': 0.9855318346764692, 'pr_auc': 0.999448111905587, 'precision_macro': 0.9866098419842451, 'precision_micro': 0.99693, 'precision_weighted': 0.9969991357792646, 'precision_binary': 0.9734661577134345, 'recall_macro': 0.9973583938387383, 'recall_micro': 0.99693, 'recall_weighted': 0.99693, 'recall_binary': 0.9979003626646307, 'roc_auc': 0.9999359218954408}
Validation statistic: Loss: 2.7379, dev_score: {'accuracy': 0.7879581151832461, 'balanced_accuracy': 0.6183987459293605, 'f1_macro': 0.6347614723992424, 'f1_micro': 0.7879581151832461, 'f1_weighted': 0.7577398606648168, 'f1_binary': 0.39821693907875183, 'pr_auc': 0.39947664580996217, 'precision_macro': 0.7166598269517763, 'precision_micro': 0.7879581151832461, 'precision_weighted': 0.7644648237200743, 'precision_binary': 0.6247086247086248, 'recall_macro': 0.6183987459293605, 'recall_micro': 0.7879581151832461, 'recall_weighted': 0.7879581151832461, 'recall_binary': 0.29225736095965105, 'roc_auc': 0.5417503270974148}
-----------------------
Epoch 11/100
Training statistic: Loss: 0.0082, train_score: {'accuracy': 0.99708, 'balanced_accuracy': 0.9976949749943156, 'f1_macro': 0.9923017733204722, 'f1_micro': 0.99708, 'f1_weighted': 0.9970957689243587, 'f1_binary': 0.986236802413273, 'pr_auc': 0.9994155460235998, 'precision_macro': 0.987058820971481, 'precision_micro': 0.99708, 'precision_weighted': 0.9971463620433859, 'precision_binary': 0.9742968895511268, 'recall_macro': 0.9976949749943156, 'recall_micro': 0.99708, 'recall_weighted': 0.99708, 'recall_binary': 0.9984729910288223, 'roc_auc': 0.9999324016827955}
Validation statistic: Loss: 2.8754, dev_score: {'accuracy': 0.787434554973822, 'balanced_accuracy': 0.6180542746927087, 'f1_macro': 0.6342866736716211, 'f1_micro': 0.787434554973822, 'f1_weighted': 0.7573253841352824, 'f1_binary': 0.39762611275964393, 'pr_auc': 0.4048674836862418, 'precision_macro': 0.7151539134048399, 'precision_micro': 0.787434554973822, 'precision_weighted': 0.7636831068314789, 'precision_binary': 0.6218097447795824, 'recall_macro': 0.6180542746927087, 'recall_micro': 0.787434554973822, 'recall_weighted': 0.787434554973822, 'recall_binary': 0.29225736095965105, 'roc_auc': 0.5482811937111649}
-----------------------
Epoch 12/100
Training statistic: Loss: 0.0082, train_score: {'accuracy': 0.99715, 'balanced_accuracy': 0.9971441981742152, 'f1_macro': 0.9924753771350154, 'f1_micro': 0.99715, 'f1_weighted': 0.9971633443731158, 'f1_binary': 0.9865445446390633, 'pr_auc': 0.9993756805891193, 'precision_macro': 0.9879194733487453, 'precision_micro': 0.99715, 'precision_weighted': 0.9972028505610232, 'precision_binary': 0.9761749042324582, 'recall_macro': 0.9971441981742152, 'recall_micro': 0.99715, 'recall_weighted': 0.99715, 'recall_binary': 0.9971368581790419, 'roc_auc': 0.9999277087766585}
Validation statistic: Loss: 2.9772, dev_score: {'accuracy': 0.7879581151832461, 'balanced_accuracy': 0.6183987459293605, 'f1_macro': 0.6347614723992424, 'f1_micro': 0.7879581151832461, 'f1_weighted': 0.7577398606648168, 'f1_binary': 0.39821693907875183, 'pr_auc': 0.40394160375147087, 'precision_macro': 0.7166598269517763, 'precision_micro': 0.7879581151832461, 'precision_weighted': 0.7644648237200743, 'precision_binary': 0.6247086247086248, 'recall_macro': 0.6183987459293605, 'recall_micro': 0.7879581151832461, 'recall_weighted': 0.7879581151832461, 'recall_binary': 0.29225736095965105, 'roc_auc': 0.5504569596901037}
-----------------------
Epoch 13/100
Training statistic: Loss: 0.0085, train_score: {'accuracy': 0.99719, 'balanced_accuracy': 0.9978406800284956, 'f1_macro': 0.9925896200779412, 'f1_micro': 0.99719, 'f1_weighted': 0.9972047719424842, 'f1_binary': 0.9867509076335518, 'pr_auc': 0.9994223854087407, 'precision_macro': 0.9874809926453456, 'precision_micro': 0.99719, 'precision_weighted': 0.9972525526206607, 'precision_binary': 0.9751188146491473, 'recall_macro': 0.9978406800284956, 'recall_micro': 0.99719, 'recall_weighted': 0.99719, 'recall_binary': 0.9986638671502195, 'roc_auc': 0.9999333840801162}
Validation statistic: Loss: 3.1608, dev_score: {'accuracy': 0.787696335078534, 'balanced_accuracy': 0.6182265103110346, 'f1_macro': 0.6345239776322569, 'f1_micro': 0.787696335078534, 'f1_weighted': 0.7575325914164486, 'f1_binary': 0.3979213066072754, 'pr_auc': 0.4142319107762342, 'precision_macro': 0.7159051931124374, 'precision_micro': 0.787696335078534, 'precision_weighted': 0.7640731687694198, 'precision_binary': 0.6232558139534884, 'recall_macro': 0.6182265103110346, 'recall_micro': 0.787696335078534, 'recall_weighted': 0.787696335078534, 'recall_binary': 0.29225736095965105, 'roc_auc': 0.5827187382961484}
-----------------------
Epoch 14/100
Training statistic: Loss: 0.0079, train_score: {'accuracy': 0.99727, 'balanced_accuracy': 0.997590425105186, 'f1_macro': 0.9927940027687359, 'f1_micro': 0.99727, 'f1_weighted': 0.9972831190966012, 'f1_binary': 0.9871147401708595, 'pr_auc': 0.9994168914767818, 'precision_macro': 0.9881166024979725, 'precision_micro': 0.99727, 'precision_weighted': 0.9973238147367837, 'precision_binary': 0.9764683910729293, 'recall_macro': 0.997590425105186, 'recall_micro': 0.99727, 'recall_weighted': 0.99727, 'recall_binary': 0.9979958007253292, 'roc_auc': 0.9999325168199746}
Validation statistic: Loss: 3.4270, dev_score: {'accuracy': 0.7879581151832461, 'balanced_accuracy': 0.6183987459293605, 'f1_macro': 0.6347614723992424, 'f1_micro': 0.7879581151832461, 'f1_weighted': 0.7577398606648168, 'f1_binary': 0.39821693907875183, 'pr_auc': 0.39055406640950147, 'precision_macro': 0.7166598269517763, 'precision_micro': 0.7879581151832461, 'precision_weighted': 0.7644648237200743, 'precision_binary': 0.6247086247086248, 'recall_macro': 0.6183987459293605, 'recall_micro': 0.7879581151832461, 'recall_weighted': 0.7879581151832461, 'recall_binary': 0.29225736095965105, 'roc_auc': 0.5051295035294215}
-----------------------
Epoch 15/100
Training statistic: Loss: 0.0076, train_score: {'accuracy': 0.9975, 'balanced_accuracy': 0.9966655398716875, 'f1_macro': 0.9933809884584233, 'f1_micro': 0.9975, 'f1_weighted': 0.9975082499280427, 'f1_binary': 0.988159515013735, 'pr_auc': 0.999419164505708, 'precision_macro': 0.9901525542103818, 'precision_micro': 0.9975, 'precision_weighted': 0.9975294913229033, 'precision_binary': 0.9808198570891312, 'recall_macro': 0.9966655398716875, 'recall_micro': 0.9975, 'recall_weighted': 0.9975, 'recall_binary': 0.9956098492078641, 'roc_auc': 0.9999328430419825}
Validation statistic: Loss: 3.4998, dev_score: {'accuracy': 0.7887434554973822, 'balanced_accuracy': 0.6189154527843381, 'f1_macro': 0.6354751065731049, 'f1_micro': 0.7887434554973822, 'f1_weighted': 0.7583620427715768, 'f1_binary': 0.3991064780342517, 'pr_auc': 0.41216207568489105, 'precision_macro': 0.7189440907871112, 'precision_micro': 0.7887434554973822, 'precision_weighted': 0.7656494608391996, 'precision_binary': 0.6291079812206573, 'recall_macro': 0.6189154527843381, 'recall_micro': 0.7887434554973822, 'recall_weighted': 0.7887434554973822, 'recall_binary': 0.29225736095965105, 'roc_auc': 0.5652818071479472}
-----------------------
Epoch 16/100
Training statistic: Loss: 0.0073, train_score: {'accuracy': 0.99761, 'balanced_accuracy': 0.9957157658179541, 'f1_macro': 0.9936565855500774, 'f1_micro': 0.99761, 'f1_weighted': 0.9976149577304521, 'f1_binary': 0.9886487770125861, 'pr_auc': 0.9995052530402362, 'precision_macro': 0.9916195690068169, 'precision_micro': 0.99761, 'precision_weighted': 0.9976250433165494, 'precision_binary': 0.9840219343859318, 'recall_macro': 0.9957157658179541, 'recall_micro': 0.99761, 'recall_weighted': 0.99761, 'recall_binary': 0.9933193357510975, 'roc_auc': 0.9999428365227021}
Validation statistic: Loss: 3.4726, dev_score: {'accuracy': 0.7900523560209424, 'balanced_accuracy': 0.6197766308759675, 'f1_macro': 0.6366683601997895, 'f1_micro': 0.7900523560209424, 'f1_weighted': 0.759400276275861, 'f1_binary': 0.40059790732436473, 'pr_auc': 0.40720477694114954, 'precision_macro': 0.7228205305598475, 'precision_micro': 0.7900523560209424, 'precision_weighted': 0.7676567983119411, 'precision_binary': 0.6365795724465558, 'recall_macro': 0.6197766308759675, 'recall_micro': 0.7900523560209424, 'recall_weighted': 0.7900523560209424, 'recall_binary': 0.29225736095965105, 'roc_auc': 0.5565225835267619}
-----------------------
Epoch 17/100
Training statistic: Loss: 0.0075, train_score: {'accuracy': 0.99747, 'balanced_accuracy': 0.9968594532692283, 'f1_macro': 0.9933051955217238, 'f1_micro': 0.99747, 'f1_weighted': 0.9974790294722627, 'f1_binary': 0.988024802385573, 'pr_auc': 0.9994481230224359, 'precision_macro': 0.9898165814710608, 'precision_micro': 0.99747, 'precision_weighted': 0.9975032579748532, 'precision_binary': 0.980092027420415, 'recall_macro': 0.9968594532692283, 'recall_micro': 0.99747, 'recall_weighted': 0.99747, 'recall_binary': 0.9960870395113571, 'roc_auc': 0.999936172425414}
Validation statistic: Loss: 3.6605, dev_score: {'accuracy': 0.7887434554973822, 'balanced_accuracy': 0.6189154527843381, 'f1_macro': 0.6354751065731049, 'f1_micro': 0.7887434554973822, 'f1_weighted': 0.7583620427715768, 'f1_binary': 0.3991064780342517, 'pr_auc': 0.3957577670879983, 'precision_macro': 0.7189440907871112, 'precision_micro': 0.7887434554973822, 'precision_weighted': 0.7656494608391996, 'precision_binary': 0.6291079812206573, 'recall_macro': 0.6189154527843381, 'recall_micro': 0.7887434554973822, 'recall_weighted': 0.7887434554973822, 'recall_binary': 0.29225736095965105, 'roc_auc': 0.49566424535067133}
-----------------------
Epoch 18/100
Training statistic: Loss: 0.0073, train_score: {'accuracy': 0.99739, 'balanced_accuracy': 0.9972782434368321, 'f1_macro': 0.9931021384221628, 'f1_micro': 0.99739, 'f1_weighted': 0.9974009313468176, 'f1_binary': 0.9876636574183485, 'pr_auc': 0.9994728155871835, 'precision_macro': 0.9890164469273491, 'precision_micro': 0.99739, 'precision_weighted': 0.9974328036969458, 'precision_binary': 0.9783687611199551, 'recall_macro': 0.9972782434368321, 'recall_micro': 0.99739, 'recall_weighted': 0.99739, 'recall_binary': 0.9971368581790419, 'roc_auc': 0.9999394730245508}
Validation statistic: Loss: 3.6430, dev_score: {'accuracy': 0.7884816753926701, 'balanced_accuracy': 0.6187432171660122, 'f1_macro': 0.6352370363647365, 'f1_micro': 0.7884816753926701, 'f1_weighted': 0.7581545860858497, 'f1_binary': 0.39880952380952384, 'pr_auc': 0.41403124515233347, 'precision_macro': 0.7181792518140737, 'precision_micro': 0.7884816753926701, 'precision_weighted': 0.7652529582291421, 'precision_binary': 0.6276346604215457, 'recall_macro': 0.6187432171660122, 'recall_micro': 0.7884816753926701, 'recall_weighted': 0.7884816753926701, 'recall_binary': 0.29225736095965105, 'roc_auc': 0.55553931911898}
-----------------------
Epoch 19/100
Training statistic: Loss: 0.0074, train_score: {'accuracy': 0.9974, 'balanced_accuracy': 0.9979579696332854, 'f1_macro': 0.9931374310184595, 'f1_micro': 0.9974, 'f1_weighted': 0.9974125477846485, 'f1_binary': 0.987728903152728, 'pr_auc': 0.9995933213405288, 'precision_macro': 0.9884370099254843, 'precision_micro': 0.9974, 'precision_weighted': 0.9974529247568665, 'precision_binary': 0.9770308123249299, 'recall_macro': 0.9979579696332854, 'recall_micro': 0.9974, 'recall_weighted': 0.9974, 'recall_binary': 0.9986638671502195, 'roc_auc': 0.9999536674131835}
Validation statistic: Loss: 3.9309, dev_score: {'accuracy': 0.7887434554973822, 'balanced_accuracy': 0.6189154527843381, 'f1_macro': 0.6354751065731049, 'f1_micro': 0.7887434554973822, 'f1_weighted': 0.7583620427715768, 'f1_binary': 0.3991064780342517, 'pr_auc': 0.40145694771421225, 'precision_macro': 0.7189440907871112, 'precision_micro': 0.7887434554973822, 'precision_weighted': 0.7656494608391996, 'precision_binary': 0.6291079812206573, 'recall_macro': 0.6189154527843381, 'recall_micro': 0.7887434554973822, 'recall_weighted': 0.7887434554973822, 'recall_binary': 0.29225736095965105, 'roc_auc': 0.5292287788626138}
-----------------------
Epoch 20/100
Training statistic: Loss: 0.0071, train_score: {'accuracy': 0.99763, 'balanced_accuracy': 0.99484212622396, 'f1_macro': 0.993698045234064, 'f1_micro': 0.99763, 'f1_weighted': 0.9976327378180775, 'f1_binary': 0.9887201941839988, 'pr_auc': 0.9994792093461353, 'precision_macro': 0.9925608335256677, 'precision_micro': 0.99763, 'precision_weighted': 0.9976370642348313, 'precision_binary': 0.9861388018608184, 'recall_macro': 0.99484212622396, 'recall_micro': 0.99763, 'recall_weighted': 0.99763, 'recall_binary': 0.9913151364764268, 'roc_auc': 0.9999397544709888}
Validation statistic: Loss: 3.8735, dev_score: {'accuracy': 0.7903141361256545, 'balanced_accuracy': 0.6199488664942934, 'f1_macro': 0.6369075950227783, 'f1_micro': 0.7903141361256545, 'f1_weighted': 0.7596081148094525, 'f1_binary': 0.40089753178758414, 'pr_auc': 0.4081473253630453, 'precision_macro': 0.7236064425770308, 'precision_micro': 0.7903141361256545, 'precision_weighted': 0.7680633148547377, 'precision_binary': 0.638095238095238, 'recall_macro': 0.6199488664942934, 'recall_micro': 0.7903141361256545, 'recall_weighted': 0.7903141361256545, 'recall_binary': 0.29225736095965105, 'roc_auc': 0.5542607936512111}
-----------------------
Epoch 21/100
Training statistic: Loss: 0.0070, train_score: {'accuracy': 0.99762, 'balanced_accuracy': 0.9971960344248054, 'f1_macro': 0.9937013319119078, 'f1_micro': 0.99762, 'f1_weighted': 0.9976283464709012, 'f1_binary': 0.9887331944707441, 'pr_auc': 0.9995253779507131, 'precision_macro': 0.9902700524726985, 'precision_micro': 0.99762, 'precision_weighted': 0.9976513765102553, 'precision_binary': 0.98093180537291, 'recall_macro': 0.9971960344248054, 'recall_micro': 0.99762, 'recall_weighted': 0.99762, 'recall_binary': 0.9966596678755487, 'roc_auc': 0.9999450347899567}
Validation statistic: Loss: 4.0426, dev_score: {'accuracy': 0.7884816753926701, 'balanced_accuracy': 0.6187432171660122, 'f1_macro': 0.6352370363647365, 'f1_micro': 0.7884816753926701, 'f1_weighted': 0.7581545860858497, 'f1_binary': 0.39880952380952384, 'pr_auc': 0.41966274684630267, 'precision_macro': 0.7181792518140737, 'precision_micro': 0.7884816753926701, 'precision_weighted': 0.7652529582291421, 'precision_binary': 0.6276346604215457, 'recall_macro': 0.6187432171660122, 'recall_micro': 0.7884816753926701, 'recall_weighted': 0.7884816753926701, 'recall_binary': 0.29225736095965105, 'roc_auc': 0.5811701203320296}
-----------------------
Epoch 22/100
Training statistic: Loss: 0.0075, train_score: {'accuracy': 0.99746, 'balanced_accuracy': 0.997022403294247, 'f1_macro': 0.9932812577979733, 'f1_micro': 0.99746, 'f1_weighted': 0.9974695376039303, 'f1_binary': 0.9879825889477668, 'pr_auc': 0.9994880592474533, 'precision_macro': 0.989612784167665, 'precision_micro': 0.99746, 'precision_weighted': 0.99749590307686, 'precision_binary': 0.9796397072621505, 'recall_macro': 0.997022403294247, 'recall_micro': 0.99746, 'recall_weighted': 0.99746, 'recall_binary': 0.9964687917541516, 'roc_auc': 0.999941441017447}
Validation statistic: Loss: 3.8883, dev_score: {'accuracy': 0.7882198952879581, 'balanced_accuracy': 0.6185709815476863, 'f1_macro': 0.6349991584753345, 'f1_micro': 0.7882198952879581, 'f1_weighted': 0.7579471921358882, 'f1_binary': 0.39851301115241633, 'pr_auc': 0.43109484603830206, 'precision_macro': 0.717417838564627, 'precision_micro': 0.7882198952879581, 'precision_weighted': 0.7648580830492882, 'precision_binary': 0.6261682242990654, 'recall_macro': 0.6185709815476863, 'recall_micro': 0.7882198952879581, 'recall_weighted': 0.7882198952879581, 'recall_binary': 0.29225736095965105, 'roc_auc': 0.6132012497130972}
-----------------------
Epoch 23/100
Training statistic: Loss: 0.0075, train_score: {'accuracy': 0.9976, 'balanced_accuracy': 0.9945725676996913, 'f1_macro': 0.993615859899637, 'f1_micro': 0.9976, 'f1_weighted': 0.9976023199377784, 'f1_binary': 0.9885725169031521, 'pr_auc': 0.9994817233394286, 'precision_macro': 0.992663960527036, 'precision_micro': 0.9976, 'precision_weighted': 0.9976057517938939, 'precision_binary': 0.9864120106423413, 'recall_macro': 0.9945725676996913, 'recall_micro': 0.9976, 'recall_weighted': 0.9976, 'recall_binary': 0.9907425081122352, 'roc_auc': 0.9999401180059712}
Validation statistic: Loss: 3.9432, dev_score: {'accuracy': 0.7903141361256545, 'balanced_accuracy': 0.6199488664942934, 'f1_macro': 0.6369075950227783, 'f1_micro': 0.7903141361256545, 'f1_weighted': 0.7596081148094525, 'f1_binary': 0.40089753178758414, 'pr_auc': 0.44839229233234423, 'precision_macro': 0.7236064425770308, 'precision_micro': 0.7903141361256545, 'precision_weighted': 0.7680633148547377, 'precision_binary': 0.638095238095238, 'recall_macro': 0.6199488664942934, 'recall_micro': 0.7903141361256545, 'recall_weighted': 0.7903141361256545, 'recall_binary': 0.29225736095965105, 'roc_auc': 0.6541382941198347}
-----------------------
Epoch 24/100
Training statistic: Loss: 0.0071, train_score: {'accuracy': 0.99759, 'balanced_accuracy': 0.9951147220243722, 'f1_macro': 0.9935965244319579, 'f1_micro': 0.99759, 'f1_weighted': 0.9975936915287442, 'f1_binary': 0.9885396357411194, 'pr_auc': 0.9995233885189485, 'precision_macro': 0.9920904056215969, 'precision_micro': 0.99759, 'precision_weighted': 0.9976001769471882, 'precision_binary': 0.9851198938489243, 'recall_macro': 0.9951147220243722, 'recall_micro': 0.99759, 'recall_weighted': 0.99759, 'recall_binary': 0.991983202901317, 'roc_auc': 0.9999447762643461}
Validation statistic: Loss: 3.9339, dev_score: {'accuracy': 0.7905759162303665, 'balanced_accuracy': 0.6201211021126192, 'f1_macro': 0.6371470257454633, 'f1_micro': 0.7905759162303665, 'f1_weighted': 0.7598160178964366, 'f1_binary': 0.40119760479041916, 'pr_auc': 0.4552272362380352, 'precision_macro': 0.7243959554223487, 'precision_micro': 0.7905759162303665, 'precision_weighted': 0.7684715430027389, 'precision_binary': 0.639618138424821, 'recall_macro': 0.6201211021126192, 'recall_micro': 0.7905759162303665, 'recall_weighted': 0.7905759162303665, 'recall_binary': 0.29225736095965105, 'roc_auc': 0.6493081838026393}
-----------------------
Epoch 25/100
Training statistic: Loss: 0.0066, train_score: {'accuracy': 0.99759, 'balanced_accuracy': 0.9974742154444936, 'f1_macro': 0.9936264599660883, 'f1_micro': 0.99759, 'f1_weighted': 0.9975992983033803, 'f1_binary': 0.988600350030746, 'pr_auc': 0.9995959704825331, 'precision_macro': 0.9898554817051096, 'precision_micro': 0.99759, 'precision_weighted': 0.9976263750637963, 'precision_binary': 0.9800243833817875, 'recall_macro': 0.9974742154444936, 'recall_micro': 0.99759, 'recall_weighted': 0.99759, 'recall_binary': 0.997327734300439, 'roc_auc': 0.9999531285072197}
Validation statistic: Loss: 4.0741, dev_score: {'accuracy': 0.7882198952879581, 'balanced_accuracy': 0.6185709815476863, 'f1_macro': 0.6349991584753345, 'f1_micro': 0.7882198952879581, 'f1_weighted': 0.7579471921358882, 'f1_binary': 0.39851301115241633, 'pr_auc': 0.4436293999454767, 'precision_macro': 0.717417838564627, 'precision_micro': 0.7882198952879581, 'precision_weighted': 0.7648580830492882, 'precision_binary': 0.6261682242990654, 'recall_macro': 0.6185709815476863, 'recall_micro': 0.7882198952879581, 'recall_weighted': 0.7882198952879581, 'recall_binary': 0.29225736095965105, 'roc_auc': 0.6329920050367179}
-----------------------
Epoch 26/100
Training statistic: Loss: 0.0067, train_score: {'accuracy': 0.99758, 'balanced_accuracy': 0.9965416863815988, 'f1_macro': 0.9935885112836781, 'f1_micro': 0.99758, 'f1_weighted': 0.9975871834858143, 'f1_binary': 0.9885297184567258, 'pr_auc': 0.9995666125138828, 'precision_macro': 0.9906807473454924, 'precision_micro': 0.99758, 'precision_weighted': 0.9976048779552296, 'precision_binary': 0.9819209039548022, 'recall_macro': 0.9965416863815988, 'recall_micro': 0.99758, 'recall_weighted': 0.99758, 'recall_binary': 0.9952280969650696, 'roc_auc': 0.9999514142425519}
Validation statistic: Loss: 4.2552, dev_score: {'accuracy': 0.7882198952879581, 'balanced_accuracy': 0.6185709815476863, 'f1_macro': 0.6349991584753345, 'f1_micro': 0.7882198952879581, 'f1_weighted': 0.7579471921358882, 'f1_binary': 0.39851301115241633, 'pr_auc': 0.40099618188274644, 'precision_macro': 0.717417838564627, 'precision_micro': 0.7882198952879581, 'precision_weighted': 0.7648580830492882, 'precision_binary': 0.6261682242990654, 'recall_macro': 0.6185709815476863, 'recall_micro': 0.7882198952879581, 'recall_weighted': 0.7882198952879581, 'recall_binary': 0.29225736095965105, 'roc_auc': 0.5371873040749406}
-----------------------
Epoch 27/100
Training statistic: Loss: 0.0058, train_score: {'accuracy': 0.99777, 'balanced_accuracy': 0.9965635379256901, 'f1_macro': 0.9940862051619407, 'f1_micro': 0.99777, 'f1_weighted': 0.9977755542804655, 'f1_binary': 0.9894187425860024, 'pr_auc': 0.9996774932176389, 'precision_macro': 0.991640860795513, 'precision_micro': 0.99777, 'precision_weighted': 0.9977885104577148, 'precision_binary': 0.9838633575540248, 'recall_macro': 0.9965635379256901, 'recall_micro': 0.99777, 'recall_weighted': 0.99777, 'recall_binary': 0.9950372208436724, 'roc_auc': 0.9999623757284446}
Validation statistic: Loss: 4.4700, dev_score: {'accuracy': 0.7900523560209424, 'balanced_accuracy': 0.6197766308759675, 'f1_macro': 0.6366683601997895, 'f1_micro': 0.7900523560209424, 'f1_weighted': 0.759400276275861, 'f1_binary': 0.40059790732436473, 'pr_auc': 0.38999011116577526, 'precision_macro': 0.7228205305598475, 'precision_micro': 0.7900523560209424, 'precision_weighted': 0.7676567983119411, 'precision_binary': 0.6365795724465558, 'recall_macro': 0.6197766308759675, 'recall_micro': 0.7900523560209424, 'recall_weighted': 0.7900523560209424, 'recall_binary': 0.29225736095965105, 'roc_auc': 0.492407358085927}
-----------------------
Epoch 28/100
Training statistic: Loss: 0.0065, train_score: {'accuracy': 0.99764, 'balanced_accuracy': 0.9962381272086642, 'f1_macro': 0.9937417167643654, 'f1_micro': 0.99764, 'f1_weighted': 0.997645927144953, 'f1_binary': 0.9888024293034732, 'pr_auc': 0.9996034388953011, 'precision_macro': 0.9912778115615775, 'precision_micro': 0.99764, 'precision_weighted': 0.9976593762401049, 'precision_binary': 0.9832043781845631, 'recall_macro': 0.9962381272086642, 'recall_micro': 0.99764, 'recall_weighted': 0.99764, 'recall_binary': 0.9944645924794808, 'roc_auc': 0.9999538555771845}
Validation statistic: Loss: 4.5403, dev_score: {'accuracy': 0.7890052356020942, 'balanced_accuracy': 0.6190876884026639, 'f1_macro': 0.6357133696075541, 'f1_micro': 0.7890052356020942, 'f1_weighted': 0.758569562450636, 'f1_binary': 0.39940387481371087, 'pr_auc': 0.409035751611925, 'precision_macro': 0.7197123797972798, 'precision_micro': 0.7890052356020942, 'precision_weighted': 0.7660476025677719, 'precision_binary': 0.6305882352941177, 'recall_macro': 0.6190876884026639, 'recall_micro': 0.7890052356020942, 'recall_weighted': 0.7890052356020942, 'recall_binary': 0.29225736095965105, 'roc_auc': 0.5446112790476216}
-----------------------
Epoch 29/100
Training statistic: Loss: 0.0066, train_score: {'accuracy': 0.99785, 'balanced_accuracy': 0.9966924873020429, 'f1_macro': 0.9942974043551899, 'f1_micro': 0.99785, 'f1_weighted': 0.997855176151974, 'f1_binary': 0.9897964026386977, 'pr_auc': 0.9996079211140636, 'precision_macro': 0.9919322178422613, 'precision_micro': 0.99785, 'precision_weighted': 0.9978672696462085, 'precision_binary': 0.9844236760124611, 'recall_macro': 0.9966924873020429, 'recall_micro': 0.99785, 'recall_weighted': 0.99785, 'recall_binary': 0.9952280969650696, 'roc_auc': 0.9999552734702246}
Validation statistic: Loss: 4.7092, dev_score: {'accuracy': 0.7900523560209424, 'balanced_accuracy': 0.6197766308759675, 'f1_macro': 0.6366683601997895, 'f1_micro': 0.7900523560209424, 'f1_weighted': 0.759400276275861, 'f1_binary': 0.40059790732436473, 'pr_auc': 0.4209424956531935, 'precision_macro': 0.7228205305598475, 'precision_micro': 0.7900523560209424, 'precision_weighted': 0.7676567983119411, 'precision_binary': 0.6365795724465558, 'recall_macro': 0.6197766308759675, 'recall_micro': 0.7900523560209424, 'recall_weighted': 0.7900523560209424, 'recall_binary': 0.29225736095965105, 'roc_auc': 0.5806109650040514}
-----------------------
Epoch 30/100
Training statistic: Loss: 0.0068, train_score: {'accuracy': 0.99761, 'balanced_accuracy': 0.9969376463390882, 'f1_macro': 0.993671960631061, 'f1_micro': 0.99761, 'f1_weighted': 0.9976178374406546, 'f1_binary': 0.9886799602140861, 'pr_auc': 0.9995958282970774, 'precision_macro': 0.9904617179493269, 'precision_micro': 0.99761, 'precision_weighted': 0.9976385095968997, 'precision_binary': 0.9813822284908321, 'recall_macro': 0.9969376463390882, 'recall_micro': 0.99761, 'recall_weighted': 0.99761, 'recall_binary': 0.9960870395113571, 'roc_auc': 0.9999530325595705}
Validation statistic: Loss: 4.5927, dev_score: {'accuracy': 0.7884816753926701, 'balanced_accuracy': 0.6187432171660122, 'f1_macro': 0.6352370363647365, 'f1_micro': 0.7884816753926701, 'f1_weighted': 0.7581545860858497, 'f1_binary': 0.39880952380952384, 'pr_auc': 0.44335727709313627, 'precision_macro': 0.7181792518140737, 'precision_micro': 0.7884816753926701, 'precision_weighted': 0.7652529582291421, 'precision_binary': 0.6276346604215457, 'recall_macro': 0.6187432171660122, 'recall_micro': 0.7884816753926701, 'recall_weighted': 0.7884816753926701, 'recall_binary': 0.29225736095965105, 'roc_auc': 0.6270542900943671}
-----------------------
Epoch 31/100
Training statistic: Loss: 0.0066, train_score: {'accuracy': 0.99792, 'balanced_accuracy': 0.9965630485926784, 'f1_macro': 0.9944796028629697, 'f1_micro': 0.99792, 'f1_weighted': 0.9979243580223158, 'f1_binary': 0.9901215805471124, 'pr_auc': 0.9996484753629911, 'precision_macro': 0.9924188020407729, 'precision_micro': 0.99792, 'precision_weighted': 0.997933954639438, 'precision_binary': 0.9854414823218, 'recall_macro': 0.9965630485926784, 'recall_micro': 0.99792, 'recall_weighted': 0.99792, 'recall_binary': 0.9948463447222753, 'roc_auc': 0.9999591492222148}
Validation statistic: Loss: 4.5214, dev_score: {'accuracy': 0.7905759162303665, 'balanced_accuracy': 0.6193750608083767, 'f1_macro': 0.6362881587992558, 'f1_micro': 0.7905759162303665, 'f1_weighted': 0.7594455085814847, 'f1_binary': 0.3993993993993994, 'pr_auc': 0.45155876513981374, 'precision_macro': 0.7248872140544558, 'precision_micro': 0.7905759162303665, 'precision_weighted': 0.7685185727572513, 'precision_binary': 0.6409638554216868, 'recall_macro': 0.6193750608083767, 'recall_micro': 0.7905759162303665, 'recall_weighted': 0.7905759162303665, 'recall_binary': 0.2900763358778626, 'roc_auc': 0.6353912828867666}
-----------------------
Epoch 32/100
Training statistic: Loss: 0.0064, train_score: {'accuracy': 0.9978, 'balanced_accuracy': 0.9970437655053267, 'f1_macro': 0.994170398968917, 'f1_micro': 0.9978, 'f1_weighted': 0.9978063478688854, 'f1_binary': 0.9895704939793306, 'pr_auc': 0.999632958972835, 'precision_macro': 0.9913399817800084, 'precision_micro': 0.9978, 'precision_weighted': 0.9978226356518982, 'precision_binary': 0.9831386586284853, 'recall_macro': 0.9970437655053267, 'recall_micro': 0.9978, 'recall_weighted': 0.9978, 'recall_binary': 0.9960870395113571, 'roc_auc': 0.9999603043253043}
Validation statistic: Loss: 4.5735, dev_score: {'accuracy': 0.7895287958115184, 'balanced_accuracy': 0.6194321596393157, 'f1_macro': 0.6361904761904762, 'f1_micro': 0.7895287958115184, 'f1_weighted': 0.7589847918224882, 'f1_binary': 0.4, 'pr_auc': 0.42661079862580475, 'precision_macro': 0.7212594063319673, 'precision_micro': 0.7895287958115184, 'precision_weighted': 0.7668488506851576, 'precision_binary': 0.6335697399527187, 'recall_macro': 0.6194321596393157, 'recall_micro': 0.7895287958115184, 'recall_weighted': 0.7895287958115184, 'recall_binary': 0.29225736095965105, 'roc_auc': 0.5776369423425772}
Early stopping by loss triggered!
Testing statistic: loss: 0.7984348938139831, scores: {'accuracy': 0.7966600147043378, 'balanced_accuracy': 0.6123408479219072, 'f1_macro': 0.628564201859789, 'f1_micro': 0.7966600147043378, 'f1_weighted': 0.7590779375781248, 'f1_binary': 0.37869062901155326, 'pr_auc': 0.4202760103000479, 'precision_macro': 0.7533405093081041, 'precision_micro': 0.7966600147043378, 'precision_weighted': 0.7808290764046296, 'precision_binary': 0.7007125890736342, 'recall_macro': 0.6123408479219072, 'recall_micro': 0.7966600147043378, 'recall_weighted': 0.7966600147043378, 'recall_binary': 0.2594547053649956, 'roc_auc': 0.5891355401482965}
Finish training!
