=====Setting up data=====
Dataset name:adult
train_option:synthetic
augment_option:tvae_compare_dnn
mix_ratio:-1
n_sample:-1
Training dataset size: 100096 samples
Validation dataset size: 3840 samples

=====Setting up parameters for training=====
num_epochs: 100
learning_rate: 0.001
patience: 30
early_stop_criterion: loss
=====Setting up trainer=====
input_size: 107
model: DNN_Adult
----------------------------------------------------------------
        Layer (type)               Output Shape         Param #
================================================================
            Linear-1                  [-1, 128]          13,824
       BatchNorm1d-2                  [-1, 128]             256
              ReLU-3                  [-1, 128]               0
           Dropout-4                  [-1, 128]               0
            Linear-5                   [-1, 64]           8,256
       BatchNorm1d-6                   [-1, 64]             128
              ReLU-7                   [-1, 64]               0
           Dropout-8                   [-1, 64]               0
            Linear-9                   [-1, 32]           2,080
      BatchNorm1d-10                   [-1, 32]              64
             ReLU-11                   [-1, 32]               0
          Dropout-12                   [-1, 32]               0
           Linear-13                   [-1, 16]             528
      BatchNorm1d-14                   [-1, 16]              32
             ReLU-15                   [-1, 16]               0
          Dropout-16                   [-1, 16]               0
           Linear-17                    [-1, 1]              17
          Sigmoid-18                    [-1, 1]               0
================================================================
Total params: 25,185
Trainable params: 25,185
Non-trainable params: 0
----------------------------------------------------------------
Input size (MB): 0.00
Forward/backward pass size (MB): 0.01
Params size (MB): 0.10
Estimated Total Size (MB): 0.10
----------------------------------------------------------------
=====Setting up output files=====
weight_dir, weight_file: /home/thuy/Research/minh_data_synth/TabularDA/output/corrected_v2/adult/weight/, adult_seed43_tvae_full_dnn_synthetic.weights.pth
acc_dir, acc_file: /home/thuy/Research/minh_data_synth/TabularDA/output/corrected_v2/adult/acc/, adult_seed43_tvae_full_dnn_synthetic.epochs.csv
report_file: adult_seed43_tvae_full_dnn_synthetic.report.txt
==========================================================================================
Start training...
-----------------------
Epoch 1/100
Training statistic: Loss: 0.1002, train_score: {'accuracy': 0.96629, 'balanced_accuracy': 0.9552059631148888, 'f1_macro': 0.9547421817961848, 'f1_micro': 0.96629, 'f1_weighted': 0.966307145811282, 'f1_binary': 0.9318811000868915, 'pr_auc': 0.9847817393565614, 'precision_macro': 0.9542807836488638, 'precision_micro': 0.96629, 'precision_weighted': 0.9663257147875147, 'precision_binary': 0.9304709253056778, 'recall_macro': 0.9552059631148888, 'recall_micro': 0.96629, 'recall_weighted': 0.96629, 'recall_binary': 0.9332955557354489, 'roc_auc': 0.9942676503889851}
Validation statistic: Loss: 0.4705, dev_score: {'accuracy': 0.8350785340314136, 'balanced_accuracy': 0.8001015006849981, 'f1_macro': 0.7848307560589105, 'f1_micro': 0.8350785340314136, 'f1_weighted': 0.8388893080921669, 'f1_binary': 0.6808510638297872, 'pr_auc': 0.7395546504534388, 'precision_macro': 0.77354492789055, 'precision_micro': 0.8350785340314136, 'precision_weighted': 0.8451778363288589, 'precision_binary': 0.6357615894039735, 'recall_macro': 0.8001015006849981, 'recall_micro': 0.8350785340314136, 'recall_weighted': 0.8350785340314136, 'recall_binary': 0.732824427480916, 'roc_auc': 0.8987985203889782}
Saving model...
Model saved!
-------------------------------------------
-----------------------
Epoch 2/100
Training statistic: Loss: 0.0759, train_score: {'accuracy': 0.97236, 'balanced_accuracy': 0.954464154202888, 'f1_macro': 0.9622119428778295, 'f1_micro': 0.97236, 'f1_weighted': 0.9721183516172908, 'f1_binary': 0.9426294159159783, 'pr_auc': 0.9904870269083677, 'precision_macro': 0.9706434085956268, 'precision_micro': 0.97236, 'precision_weighted': 0.9722801495102157, 'precision_binary': 0.9674079754601227, 'recall_macro': 0.954464154202888, 'recall_micro': 0.97236, 'recall_weighted': 0.97236, 'recall_binary': 0.9190884805310451, 'roc_auc': 0.9966065135626546}
Validation statistic: Loss: 0.5488, dev_score: {'accuracy': 0.8392670157068063, 'balanced_accuracy': 0.7909206097103324, 'f1_macro': 0.7844807149255109, 'f1_micro': 0.8392670157068063, 'f1_weighted': 0.8409737540489028, 'f1_binary': 0.675818373812038, 'pr_auc': 0.7385800930848413, 'precision_macro': 0.7788171201798957, 'precision_micro': 0.8392670157068063, 'precision_weighted': 0.8431544687953536, 'precision_binary': 0.6550665301944729, 'recall_macro': 0.7909206097103324, 'recall_micro': 0.8392670157068063, 'recall_weighted': 0.8392670157068063, 'recall_binary': 0.697928026172301, 'roc_auc': 0.8982249025281634}
-----------------------
Epoch 3/100
Training statistic: Loss: 0.0658, train_score: {'accuracy': 0.97298, 'balanced_accuracy': 0.9533937609757155, 'f1_macro': 0.962912031931402, 'f1_micro': 0.97298, 'f1_weighted': 0.9726874411029162, 'f1_binary': 0.943588458808301, 'pr_auc': 0.9925137442796896, 'precision_macro': 0.9734713310484682, 'precision_micro': 0.97298, 'precision_weighted': 0.9730077482545278, 'precision_binary': 0.974387719903415, 'recall_macro': 0.9533937609757155, 'recall_micro': 0.97298, 'recall_weighted': 0.97298, 'recall_binary': 0.9146765967781105, 'roc_auc': 0.9973837030896953}
Validation statistic: Loss: 0.6556, dev_score: {'accuracy': 0.8387434554973822, 'balanced_accuracy': 0.7887110352130744, 'f1_macro': 0.783163429857085, 'f1_micro': 0.8387434554973822, 'f1_weighted': 0.8402378512229745, 'f1_binary': 0.6733828207847296, 'pr_auc': 0.7410543433124367, 'precision_macro': 0.7782010476290795, 'precision_micro': 0.8387434554973822, 'precision_weighted': 0.842089050831231, 'precision_binary': 0.6553147574819401, 'recall_macro': 0.7887110352130744, 'recall_micro': 0.8387434554973822, 'recall_weighted': 0.8387434554973822, 'recall_binary': 0.6924754634678298, 'roc_auc': 0.8978047377754971}
-----------------------
Epoch 4/100
Training statistic: Loss: 0.0625, train_score: {'accuracy': 0.97425, 'balanced_accuracy': 0.952143127690902, 'f1_macro': 0.9644330317359261, 'f1_micro': 0.97425, 'f1_weighted': 0.9738858134049017, 'f1_binary': 0.9457472136190296, 'pr_auc': 0.9944204906408936, 'precision_macro': 0.9784808916308014, 'precision_micro': 0.97425, 'precision_weighted': 0.9745526835439723, 'precision_binary': 0.9862459902447599, 'recall_macro': 0.952143127690902, 'recall_micro': 0.97425, 'recall_weighted': 0.97425, 'recall_binary': 0.9084432931271755, 'roc_auc': 0.9980575399674917}
Validation statistic: Loss: 0.7148, dev_score: {'accuracy': 0.8418848167539267, 'balanced_accuracy': 0.7885397387202575, 'f1_macro': 0.7855415872421002, 'f1_micro': 0.8418848167539267, 'f1_weighted': 0.8426905422014911, 'f1_binary': 0.6756176154672395, 'pr_auc': 0.7409044021819178, 'precision_macro': 0.7827172762824937, 'precision_micro': 0.8418848167539267, 'precision_weighted': 0.8436015951303, 'precision_binary': 0.6656084656084656, 'recall_macro': 0.7885397387202575, 'recall_micro': 0.8418848167539267, 'recall_weighted': 0.8418848167539267, 'recall_binary': 0.6859323882224646, 'roc_auc': 0.9007900299430777}
-----------------------
Epoch 5/100
Training statistic: Loss: 0.0590, train_score: {'accuracy': 0.97662, 'balanced_accuracy': 0.9587071906760916, 'f1_macro': 0.9679367551535427, 'f1_micro': 0.97662, 'f1_weighted': 0.9763777234527853, 'f1_binary': 0.9512510425354462, 'pr_auc': 0.9943406889493192, 'precision_macro': 0.9781288367224981, 'precision_micro': 0.97662, 'precision_weighted': 0.9767019124699419, 'precision_binary': 0.9809495140620969, 'recall_macro': 0.9587071906760916, 'recall_micro': 0.97662, 'recall_weighted': 0.97662, 'recall_binary': 0.9232979842953128, 'roc_auc': 0.9980339864890911}
Validation statistic: Loss: 0.7543, dev_score: {'accuracy': 0.8431937172774869, 'balanced_accuracy': 0.7968613298543116, 'f1_macro': 0.7899686914582635, 'f1_micro': 0.8431937172774869, 'f1_weighted': 0.8449374388721885, 'f1_binary': 0.6842382709541381, 'pr_auc': 0.7438178969747263, 'precision_macro': 0.7839393503880425, 'precision_micro': 0.8431937172774869, 'precision_weighted': 0.8472077227764493, 'precision_binary': 0.6622448979591836, 'recall_macro': 0.7968613298543116, 'recall_micro': 0.8431937172774869, 'recall_weighted': 0.8431937172774869, 'recall_binary': 0.707742639040349, 'roc_auc': 0.901430325715022}
-----------------------
Epoch 6/100
Training statistic: Loss: 0.0550, train_score: {'accuracy': 0.97877, 'balanced_accuracy': 0.9625008685293083, 'f1_macro': 0.970940352737313, 'f1_micro': 0.97877, 'f1_weighted': 0.9785710421573298, 'f1_binary': 0.9558563616326701, 'pr_auc': 0.9953182899112312, 'precision_macro': 0.9801737063916767, 'precision_micro': 0.97877, 'precision_weighted': 0.9788395708387112, 'precision_binary': 0.9828109633557104, 'recall_macro': 0.9625008685293083, 'recall_micro': 0.97877, 'recall_weighted': 0.97877, 'recall_binary': 0.9303408079009148, 'roc_auc': 0.9983711682042116}
Validation statistic: Loss: 0.8040, dev_score: {'accuracy': 0.8426701570680628, 'balanced_accuracy': 0.7946517553570536, 'f1_macro': 0.7886693399881937, 'f1_micro': 0.8426701570680628, 'f1_weighted': 0.8442082435203636, 'f1_binary': 0.6818422445738486, 'pr_auc': 0.7383296839508205, 'precision_macro': 0.7833473493780923, 'precision_micro': 0.8426701570680628, 'precision_weighted': 0.8461485732972189, 'precision_binary': 0.6625514403292181, 'recall_macro': 0.7946517553570536, 'recall_micro': 0.8426701570680628, 'recall_weighted': 0.8426701570680628, 'recall_binary': 0.7022900763358778, 'roc_auc': 0.9011576036672475}
-----------------------
Epoch 7/100
Training statistic: Loss: 0.0533, train_score: {'accuracy': 0.98013, 'balanced_accuracy': 0.9634039949404434, 'f1_macro': 0.9727491891429685, 'f1_micro': 0.98013, 'f1_weighted': 0.9799236498703575, 'f1_binary': 0.9585670496486436, 'pr_auc': 0.9960635174781246, 'precision_macro': 0.9830679434545022, 'precision_micro': 0.98013, 'precision_weighted': 0.9802898081321284, 'precision_binary': 0.9885596318437917, 'recall_macro': 0.9634039949404434, 'recall_micro': 0.98013, 'recall_weighted': 0.98013, 'recall_binary': 0.9303408079009148, 'roc_auc': 0.9986312426437076}
Validation statistic: Loss: 0.8065, dev_score: {'accuracy': 0.8445026178010471, 'balanced_accuracy': 0.7962304253374559, 'f1_macro': 0.7907583557229676, 'f1_micro': 0.8445026178010471, 'f1_weighted': 0.8458906410985182, 'f1_binary': 0.6847133757961783, 'pr_auc': 0.7405996307698269, 'precision_macro': 0.7858365674695733, 'precision_micro': 0.8445026178010471, 'precision_weighted': 0.8476132249236067, 'precision_binary': 0.6670113753877973, 'recall_macro': 0.7962304253374559, 'recall_micro': 0.8445026178010471, 'recall_weighted': 0.8445026178010471, 'recall_binary': 0.7033805888767721, 'roc_auc': 0.9024040110426134}
-----------------------
Epoch 8/100
Training statistic: Loss: 0.0508, train_score: {'accuracy': 0.98057, 'balanced_accuracy': 0.964675193068316, 'f1_macro': 0.9733905776044336, 'f1_micro': 0.98057, 'f1_weighted': 0.9803827155276748, 'f1_binary': 0.9595688453295046, 'pr_auc': 0.9963108864732424, 'precision_macro': 0.9829479398180812, 'precision_micro': 0.98057, 'precision_weighted': 0.980690909169331, 'precision_binary': 0.9874095327823219, 'recall_macro': 0.964675193068316, 'recall_micro': 0.98057, 'recall_weighted': 0.98057, 'recall_binary': 0.9332550797377155, 'roc_auc': 0.9987305317810273}
Validation statistic: Loss: 0.8674, dev_score: {'accuracy': 0.8439790575916231, 'balanced_accuracy': 0.7966319954050467, 'f1_macro': 0.7905019553715206, 'f1_micro': 0.8439790575916231, 'f1_weighted': 0.8455307248062995, 'f1_binary': 0.6846560846560846, 'pr_auc': 0.7415856736910681, 'precision_macro': 0.7850585405527754, 'precision_micro': 0.8439790575916231, 'precision_weighted': 0.847500454554457, 'precision_binary': 0.6649537512846866, 'recall_macro': 0.7966319954050467, 'recall_micro': 0.8439790575916231, 'recall_weighted': 0.8439790575916231, 'recall_binary': 0.7055616139585605, 'roc_auc': 0.9014804750171954}
-----------------------
Epoch 9/100
Training statistic: Loss: 0.0515, train_score: {'accuracy': 0.97846, 'balanced_accuracy': 0.9584333576012996, 'f1_macro': 0.9702881259903695, 'f1_micro': 0.97846, 'f1_weighted': 0.9781707963129838, 'f1_binary': 0.954706030784759, 'pr_auc': 0.9965289298928877, 'precision_macro': 0.9837454389201745, 'precision_micro': 0.97846, 'precision_weighted': 0.9788213176661453, 'precision_binary': 0.9934792122538293, 'recall_macro': 0.9584333576012996, 'recall_micro': 0.97846, 'recall_weighted': 0.97846, 'recall_binary': 0.918845624544645, 'roc_auc': 0.9987970615077184}
Validation statistic: Loss: 0.8911, dev_score: {'accuracy': 0.8460732984293193, 'balanced_accuracy': 0.79390665317832, 'f1_macro': 0.7910704319678535, 'f1_micro': 0.8460732984293193, 'f1_weighted': 0.8468029282905428, 'f1_binary': 0.6838709677419355, 'pr_auc': 0.7421781883883897, 'precision_macro': 0.788386040454683, 'precision_micro': 0.8460732984293193, 'precision_weighted': 0.8476243519012331, 'precision_binary': 0.6744432661717922, 'recall_macro': 0.79390665317832, 'recall_micro': 0.8460732984293193, 'recall_weighted': 0.8460732984293193, 'recall_binary': 0.693565976008724, 'roc_auc': 0.9013512513471756}
-----------------------
Epoch 10/100
Training statistic: Loss: 0.0493, train_score: {'accuracy': 0.98115, 'balanced_accuracy': 0.965250713008993, 'f1_macro': 0.9741738625228593, 'f1_micro': 0.98115, 'f1_weighted': 0.9809640967347307, 'f1_binary': 0.960751244091865, 'pr_auc': 0.9966674984087949, 'precision_macro': 0.983978695617695, 'precision_micro': 0.98115, 'precision_weighted': 0.981296847461693, 'precision_binary': 0.9892800480253848, 'recall_macro': 0.965250713008993, 'recall_micro': 0.98115, 'recall_weighted': 0.98115, 'recall_binary': 0.9338217437059824, 'roc_auc': 0.9988511913140743}
Validation statistic: Loss: 0.9428, dev_score: {'accuracy': 0.8452879581151832, 'balanced_accuracy': 0.7967471321924335, 'f1_macro': 0.7915917198321856, 'f1_micro': 0.8452879581151832, 'f1_weighted': 0.8465895172690259, 'f1_binary': 0.6858054226475279, 'pr_auc': 0.7413217535139778, 'precision_macro': 0.7869245208456827, 'precision_micro': 0.8452879581151832, 'precision_weighted': 0.8481876214890379, 'precision_binary': 0.6690871369294605, 'recall_macro': 0.7967471321924335, 'recall_micro': 0.8452879581151832, 'recall_weighted': 0.8452879581151832, 'recall_binary': 0.7033805888767721, 'roc_auc': 0.9007242911574572}
-----------------------
Epoch 11/100
Training statistic: Loss: 0.0503, train_score: {'accuracy': 0.9803, 'balanced_accuracy': 0.9622931230276741, 'f1_macro': 0.9729059996074259, 'f1_micro': 0.9803, 'f1_weighted': 0.9800661774761001, 'f1_binary': 0.958752093802345, 'pr_auc': 0.9969874069677707, 'precision_macro': 0.9847835814260221, 'precision_micro': 0.9803, 'precision_weighted': 0.9805748785168776, 'precision_binary': 0.9931031491281339, 'recall_macro': 0.9622931230276741, 'recall_micro': 0.9803, 'recall_weighted': 0.9803, 'recall_binary': 0.9266979681049138, 'roc_auc': 0.9989654819547376}
Validation statistic: Loss: 1.0041, dev_score: {'accuracy': 0.8434554973821989, 'balanced_accuracy': 0.7944224209077888, 'f1_macro': 0.7891987085195702, 'f1_micro': 0.8434554973821989, 'f1_weighted': 0.8447993187781774, 'f1_binary': 0.6822529224229543, 'pr_auc': 0.7352007098070256, 'precision_macro': 0.7844813662060017, 'precision_micro': 0.8434554973821989, 'precision_weighted': 0.8464510088070217, 'precision_binary': 0.6652849740932643, 'recall_macro': 0.7944224209077888, 'recall_micro': 0.8434554973821989, 'recall_weighted': 0.8434554973821989, 'recall_binary': 0.7001090512540894, 'roc_auc': 0.9016406898290078}
-----------------------
Epoch 12/100
Training statistic: Loss: 0.0474, train_score: {'accuracy': 0.9817, 'balanced_accuracy': 0.9658878952244861, 'f1_macro': 0.9749220523118819, 'f1_micro': 0.9817, 'f1_weighted': 0.9815174746717827, 'f1_binary': 0.9618845288677831, 'pr_auc': 0.9972001555816791, 'precision_macro': 0.9848585989445573, 'precision_micro': 0.9817, 'precision_weighted': 0.9818656566465268, 'precision_binary': 0.9907749077490775, 'recall_macro': 0.9658878952244861, 'recall_micro': 0.9817, 'recall_weighted': 0.9817, 'recall_binary': 0.9346312636606492, 'roc_auc': 0.99904064563632}
Validation statistic: Loss: 0.9822, dev_score: {'accuracy': 0.8450261780104712, 'balanced_accuracy': 0.7980669791825927, 'f1_macro': 0.7919079825166782, 'f1_micro': 0.8450261780104712, 'f1_weighted': 0.8465674313512238, 'f1_binary': 0.6867724867724868, 'pr_auc': 0.7365392687806459, 'precision_macro': 0.7864375367085528, 'precision_micro': 0.8450261780104712, 'precision_weighted': 0.8485277403508208, 'precision_binary': 0.6670092497430626, 'recall_macro': 0.7980669791825927, 'recall_micro': 0.8450261780104712, 'recall_weighted': 0.8450261780104712, 'recall_binary': 0.707742639040349, 'roc_auc': 0.9002907908225649}
-----------------------
Epoch 13/100
Training statistic: Loss: 0.0468, train_score: {'accuracy': 0.98276, 'balanced_accuracy': 0.9686314070979434, 'f1_macro': 0.9764396596662155, 'f1_micro': 0.98276, 'f1_weighted': 0.98261283371737, 'f1_binary': 0.9642368169937352, 'pr_auc': 0.9971067275513956, 'precision_macro': 0.9849141983034349, 'precision_micro': 0.98276, 'precision_weighted': 0.9828580363454318, 'precision_binary': 0.9889787234042553, 'recall_macro': 0.9686314070979434, 'recall_micro': 0.98276, 'recall_weighted': 0.98276, 'recall_binary': 0.9407026633206509, 'roc_auc': 0.9990068495167688}
Validation statistic: Loss: 0.9796, dev_score: {'accuracy': 0.8429319371727748, 'balanced_accuracy': 0.795570032279622, 'f1_macro': 0.789245565329461, 'f1_micro': 0.8429319371727748, 'f1_weighted': 0.8445469836286421, 'f1_binary': 0.6828752642706131, 'pr_auc': 0.7363786481355962, 'precision_macro': 0.7836546347618404, 'precision_micro': 0.8429319371727748, 'precision_weighted': 0.8466090318677847, 'precision_binary': 0.6625641025641026, 'recall_macro': 0.795570032279622, 'recall_micro': 0.8429319371727748, 'recall_weighted': 0.8429319371727748, 'recall_binary': 0.7044711014176663, 'roc_auc': 0.9005516798889278}
-----------------------
Epoch 14/100
Training statistic: Loss: 0.0471, train_score: {'accuracy': 0.98176, 'balanced_accuracy': 0.9652478708622082, 'f1_macro': 0.974966426890437, 'f1_micro': 0.98176, 'f1_weighted': 0.98156360269699, 'f1_binary': 0.9619254373147413, 'pr_auc': 0.9973747623195963, 'precision_macro': 0.985733432112069, 'precision_micro': 0.98176, 'precision_weighted': 0.9819832831627155, 'precision_binary': 0.9931465517241379, 'recall_macro': 0.9652478708622082, 'recall_micro': 0.98176, 'recall_weighted': 0.98176, 'recall_binary': 0.9326074637739821, 'roc_auc': 0.9990988142262571}
Validation statistic: Loss: 0.9093, dev_score: {'accuracy': 0.8442408376963351, 'balanced_accuracy': 0.7953121484148876, 'f1_macro': 0.7901811730967012, 'f1_micro': 0.8442408376963351, 'f1_weighted': 0.8455512060491885, 'f1_binary': 0.68367889420521, 'pr_auc': 0.7408071370567043, 'precision_macro': 0.78553703639132, 'precision_micro': 0.8442408376963351, 'precision_weighted': 0.8471574113341107, 'precision_binary': 0.66701244813278, 'recall_macro': 0.7953121484148876, 'recall_micro': 0.8442408376963351, 'recall_weighted': 0.8442408376963351, 'recall_binary': 0.7011995637949836, 'roc_auc': 0.9012255963540892}
-----------------------
Epoch 15/100
Training statistic: Loss: 0.0494, train_score: {'accuracy': 0.98209, 'balanced_accuracy': 0.9664868140914169, 'f1_macro': 0.9754603461993441, 'f1_micro': 0.98209, 'f1_weighted': 0.9819128333853607, 'f1_binary': 0.9627053703433771, 'pr_auc': 0.9973689523395146, 'precision_macro': 0.9853224835111807, 'precision_micro': 0.98209, 'precision_weighted': 0.982258268920175, 'precision_binary': 0.9913796800617575, 'recall_macro': 0.9664868140914169, 'recall_micro': 0.98209, 'recall_weighted': 0.98209, 'recall_binary': 0.9356431636039828, 'roc_auc': 0.9991037475307862}
Validation statistic: Loss: 0.9780, dev_score: {'accuracy': 0.8471204188481676, 'balanced_accuracy': 0.8001909054334421, 'f1_macro': 0.7944276672671066, 'f1_micro': 0.8471204188481676, 'f1_weighted': 0.8485371836269758, 'f1_binary': 0.6903499469777307, 'pr_auc': 0.7298291310029417, 'precision_macro': 0.7892630145524953, 'precision_micro': 0.8471204188481676, 'precision_weighted': 0.8503176399144533, 'precision_binary': 0.6718266253869969, 'recall_macro': 0.8001909054334421, 'recall_micro': 0.8471204188481676, 'recall_weighted': 0.8471204188481676, 'recall_binary': 0.7099236641221374, 'roc_auc': 0.9005969457384551}
-----------------------
Epoch 16/100
Training statistic: Loss: 0.0437, train_score: {'accuracy': 0.9835, 'balanced_accuracy': 0.969707500745866, 'f1_macro': 0.9774547798509017, 'f1_micro': 0.9835, 'f1_weighted': 0.9833606080711825, 'f1_binary': 0.9657804139532955, 'pr_auc': 0.9972607188161817, 'precision_macro': 0.9858558362683209, 'precision_micro': 0.9835, 'precision_weighted': 0.9836061940691776, 'precision_binary': 0.9903028240898265, 'recall_macro': 0.969707500745866, 'recall_micro': 0.9835, 'recall_weighted': 0.9835, 'recall_binary': 0.9424431312231847, 'roc_auc': 0.9990568832880523}
Validation statistic: Loss: 1.0260, dev_score: {'accuracy': 0.8465968586387435, 'balanced_accuracy': 0.7998464341967904, 'f1_macro': 0.7938705181396006, 'f1_micro': 0.8465968586387435, 'f1_weighted': 0.8480705762303344, 'f1_binary': 0.6896186440677966, 'pr_auc': 0.7357229096728857, 'precision_macro': 0.7885383745321953, 'precision_micro': 0.8465968586387435, 'precision_weighted': 0.8499356852007814, 'precision_binary': 0.670442842430484, 'recall_macro': 0.7998464341967904, 'recall_micro': 0.8465968586387435, 'recall_weighted': 0.8465968586387435, 'recall_binary': 0.7099236641221374, 'roc_auc': 0.9014855462949433}
-----------------------
Epoch 17/100
Training statistic: Loss: 0.0456, train_score: {'accuracy': 0.98279, 'balanced_accuracy': 0.9675091504708542, 'f1_macro': 0.9764234909007535, 'f1_micro': 0.98279, 'f1_weighted': 0.9826212963912313, 'f1_binary': 0.9641719579473301, 'pr_auc': 0.9976018216174618, 'precision_macro': 0.98621199814447, 'precision_micro': 0.98279, 'precision_weighted': 0.9829666747195431, 'precision_binary': 0.9926272021946932, 'recall_macro': 0.9675091504708542, 'recall_micro': 0.98279, 'recall_weighted': 0.98279, 'recall_binary': 0.93730267951105, 'roc_auc': 0.9991800855398989}
Validation statistic: Loss: 0.9885, dev_score: {'accuracy': 0.8452879581151832, 'balanced_accuracy': 0.8001043180615248, 'f1_macro': 0.7929199161377118, 'f1_micro': 0.8452879581151832, 'f1_weighted': 0.8470599116438327, 'f1_binary': 0.688783570300158, 'pr_auc': 0.7388880861347957, 'precision_macro': 0.7866584425221284, 'precision_micro': 0.8452879581151832, 'precision_weighted': 0.8493945513409897, 'precision_binary': 0.6659877800407332, 'recall_macro': 0.8001043180615248, 'recall_micro': 0.8452879581151832, 'recall_weighted': 0.8452879581151832, 'recall_binary': 0.7131952017448201, 'roc_auc': 0.9018125497971301}
-----------------------
Epoch 18/100
Training statistic: Loss: 0.0463, train_score: {'accuracy': 0.98302, 'balanced_accuracy': 0.9684233374399801, 'f1_macro': 0.9767679883233512, 'f1_micro': 0.98302, 'f1_weighted': 0.9828647723216994, 'f1_binary': 0.9647161499459729, 'pr_auc': 0.9974732378937429, 'precision_macro': 0.9858753036268133, 'precision_micro': 0.98302, 'precision_weighted': 0.9831583504277833, 'precision_binary': 0.9912460500469724, 'recall_macro': 0.9684233374399801, 'recall_micro': 0.98302, 'recall_weighted': 0.98302, 'recall_binary': 0.9395693353841172, 'roc_auc': 0.999138680616566}
Validation statistic: Loss: 1.0134, dev_score: {'accuracy': 0.8447643979057592, 'balanced_accuracy': 0.799759846824873, 'f1_macro': 0.7923654052090044, 'f1_micro': 0.8447643979057592, 'f1_weighted': 0.8465938572651559, 'f1_binary': 0.6880589163598106, 'pr_auc': 0.739671493172267, 'precision_macro': 0.785948949052255, 'precision_micro': 0.8447643979057592, 'precision_weighted': 0.8490199433411638, 'precision_binary': 0.6646341463414634, 'recall_macro': 0.799759846824873, 'recall_micro': 0.8447643979057592, 'recall_weighted': 0.8447643979057592, 'recall_binary': 0.7131952017448201, 'roc_auc': 0.9014986940520673}
-----------------------
Epoch 19/100
Training statistic: Loss: 0.0463, train_score: {'accuracy': 0.98133, 'balanced_accuracy': 0.9636569766459353, 'f1_macro': 0.974321482485553, 'f1_micro': 0.98133, 'f1_weighted': 0.981107977978171, 'f1_binary': 0.9609062545804804, 'pr_auc': 0.9977355655573277, 'precision_macro': 0.9862581066807097, 'precision_micro': 0.98133, 'precision_weighted': 0.9816326463526133, 'precision_binary': 0.9954015010194786, 'recall_macro': 0.9636569766459353, 'recall_micro': 0.98133, 'recall_weighted': 0.98133, 'recall_binary': 0.928721767991581, 'roc_auc': 0.9992243955060205}
Validation statistic: Loss: 1.0251, dev_score: {'accuracy': 0.8481675392670157, 'balanced_accuracy': 0.8008798479067456, 'f1_macro': 0.7955438978952354, 'f1_micro': 0.8481675392670157, 'f1_weighted': 0.8494709111895365, 'f1_binary': 0.691817215727949, 'pr_auc': 0.7380908622311033, 'precision_macro': 0.7907207607778373, 'precision_micro': 0.8481675392670157, 'precision_weighted': 0.8510854708728153, 'precision_binary': 0.6746113989637306, 'recall_macro': 0.8008798479067456, 'recall_micro': 0.8481675392670157, 'recall_weighted': 0.8481675392670157, 'recall_binary': 0.7099236641221374, 'roc_auc': 0.9002186659834842}
-----------------------
Epoch 20/100
Training statistic: Loss: 0.0478, train_score: {'accuracy': 0.98185, 'balanced_accuracy': 0.9642198475013377, 'f1_macro': 0.9750295065624226, 'f1_micro': 0.98185, 'f1_weighted': 0.9816314069894965, 'f1_binary': 0.9619791775771415, 'pr_auc': 0.9978250247891707, 'precision_macro': 0.9871445765808817, 'precision_micro': 0.98185, 'precision_weighted': 0.9821788373974926, 'precision_binary': 0.9969606182970778, 'recall_macro': 0.9642198475013377, 'recall_micro': 0.98185, 'recall_weighted': 0.98185, 'recall_binary': 0.9293693839553145, 'roc_auc': 0.9992526976327327}
Validation statistic: Loss: 1.0150, dev_score: {'accuracy': 0.8476439790575916, 'balanced_accuracy': 0.7997893353658514, 'f1_macro': 0.7946919326241135, 'f1_micro': 0.8476439790575916, 'f1_weighted': 0.8488995430451896, 'f1_binary': 0.6904255319148936, 'pr_auc': 0.7378356120102001, 'precision_macro': 0.7900654638131699, 'precision_micro': 0.8476439790575916, 'precision_weighted': 0.8504408235150821, 'precision_binary': 0.6739356178608515, 'recall_macro': 0.7997893353658514, 'recall_micro': 0.8476439790575916, 'recall_weighted': 0.8476439790575916, 'recall_binary': 0.707742639040349, 'roc_auc': 0.9008396157699456}
-----------------------
Epoch 21/100
Training statistic: Loss: 0.0485, train_score: {'accuracy': 0.97931, 'balanced_accuracy': 0.959160979970147, 'f1_macro': 0.9714353757181207, 'f1_micro': 0.97931, 'f1_weighted': 0.9790224911008787, 'f1_binary': 0.9564375197389199, 'pr_auc': 0.9979170993380524, 'precision_macro': 0.9854263367287549, 'precision_micro': 0.97931, 'precision_weighted': 0.9797408925621633, 'precision_binary': 0.9966650577032778, 'recall_macro': 0.959160979970147, 'recall_micro': 0.97931, 'recall_weighted': 0.97931, 'recall_binary': 0.9193313365174451, 'roc_auc': 0.9992949632099337}
Validation statistic: Loss: 0.9805, dev_score: {'accuracy': 0.8484293193717277, 'balanced_accuracy': 0.7995600009165865, 'f1_macro': 0.7952357203674902, 'f1_micro': 0.8484293193717277, 'f1_weighted': 0.8494948305998558, 'f1_binary': 0.6908702616123865, 'pr_auc': 0.740364863841275, 'precision_macro': 0.7912522498305323, 'precision_micro': 0.8484293193717277, 'precision_weighted': 0.8507667467429088, 'precision_binary': 0.6767782426778243, 'recall_macro': 0.7995600009165865, 'recall_micro': 0.8484293193717277, 'recall_weighted': 0.8484293193717277, 'recall_binary': 0.7055616139585605, 'roc_auc': 0.9011899095847526}
-----------------------
Epoch 22/100
Training statistic: Loss: 0.0413, train_score: {'accuracy': 0.98402, 'balanced_accuracy': 0.9699984243314549, 'f1_macro': 0.9781467307258359, 'f1_micro': 0.98402, 'f1_weighted': 0.9838779321849119, 'f1_binary': 0.9668175588687238, 'pr_auc': 0.9979467466441602, 'precision_macro': 0.9870185182595569, 'precision_micro': 0.98402, 'precision_weighted': 0.9841616355995738, 'precision_binary': 0.9926658707146512, 'recall_macro': 0.9699984243314549, 'recall_micro': 0.98402, 'recall_weighted': 0.98402, 'recall_binary': 0.9422812272322513, 'roc_auc': 0.9993025338460546}
Validation statistic: Loss: 1.1067, dev_score: {'accuracy': 0.8450261780104712, 'balanced_accuracy': 0.8025432270080476, 'f1_macro': 0.7936560250024545, 'f1_micro': 0.8450261780104712, 'f1_weighted': 0.8471823229426021, 'f1_binary': 0.690700104493208, 'pr_auc': 0.7374038398835172, 'precision_macro': 0.7861526485229688, 'precision_micro': 0.8450261780104712, 'precision_weighted': 0.8501848662459589, 'precision_binary': 0.6629889669007021, 'recall_macro': 0.8025432270080476, 'recall_micro': 0.8450261780104712, 'recall_weighted': 0.8450261780104712, 'recall_binary': 0.7208287895310797, 'roc_auc': 0.9009707176909834}
-----------------------
Epoch 23/100
Training statistic: Loss: 0.0472, train_score: {'accuracy': 0.97924, 'balanced_accuracy': 0.9594952217002541, 'f1_macro': 0.9713648720070276, 'f1_micro': 0.97924, 'f1_weighted': 0.9789615879009388, 'f1_binary': 0.9563480381849531, 'pr_auc': 0.9975838782903647, 'precision_macro': 0.9848360664552853, 'precision_micro': 0.97924, 'precision_weighted': 0.9796221683810262, 'precision_binary': 0.995142657097847, 'recall_macro': 0.9594952217002541, 'recall_micro': 0.97924, 'recall_weighted': 0.97924, 'recall_binary': 0.9204646644539788, 'roc_auc': 0.999179800088803}
Validation statistic: Loss: 1.0338, dev_score: {'accuracy': 0.8484293193717277, 'balanced_accuracy': 0.7995600009165865, 'f1_macro': 0.7952357203674902, 'f1_micro': 0.8484293193717277, 'f1_weighted': 0.8494948305998558, 'f1_binary': 0.6908702616123865, 'pr_auc': 0.7385777941697484, 'precision_macro': 0.7912522498305323, 'precision_micro': 0.8484293193717277, 'precision_weighted': 0.8507667467429088, 'precision_binary': 0.6767782426778243, 'recall_macro': 0.7995600009165865, 'recall_micro': 0.8484293193717277, 'recall_weighted': 0.8484293193717277, 'recall_binary': 0.7055616139585605, 'roc_auc': 0.9012826951850283}
-----------------------
Epoch 24/100
Training statistic: Loss: 0.0437, train_score: {'accuracy': 0.98363, 'balanced_accuracy': 0.9692635318296174, 'f1_macro': 0.9776035431975049, 'f1_micro': 0.98363, 'f1_weighted': 0.9834807123746225, 'f1_binary': 0.9659858291603466, 'pr_auc': 0.9979067405677919, 'precision_macro': 0.9867035194842139, 'precision_micro': 0.98363, 'precision_weighted': 0.9837785937220066, 'precision_binary': 0.9924853763716323, 'recall_macro': 0.9692635318296174, 'recall_micro': 0.98363, 'recall_weighted': 0.98363, 'recall_binary': 0.9408645673115842, 'roc_auc': 0.9992934120439518}
Validation statistic: Loss: 0.9986, dev_score: {'accuracy': 0.8458115183246073, 'balanced_accuracy': 0.8026869132109039, 'f1_macro': 0.7943435566212411, 'f1_micro': 0.8458115183246073, 'f1_weighted': 0.8478314540272512, 'f1_binary': 0.6914614981665793, 'pr_auc': 0.738083161500565, 'precision_macro': 0.7872228179039102, 'precision_micro': 0.8458115183246073, 'precision_weighted': 0.85059817685571, 'precision_binary': 0.6653225806451613, 'recall_macro': 0.8026869132109039, 'recall_micro': 0.8458115183246073, 'recall_weighted': 0.8458115183246073, 'recall_binary': 0.7197382769901853, 'roc_auc': 0.8998302436730177}
-----------------------
Epoch 25/100
Training statistic: Loss: 0.0422, train_score: {'accuracy': 0.98484, 'balanced_accuracy': 0.9716579402385219, 'f1_macro': 0.9792921703204239, 'f1_micro': 0.98484, 'f1_weighted': 0.9847143806726342, 'f1_binary': 0.9685737976782753, 'pr_auc': 0.9979214490400172, 'precision_macro': 0.9875574929851774, 'precision_micro': 0.98484, 'precision_weighted': 0.9849603393704613, 'precision_binary': 0.9926914251720914, 'recall_macro': 0.9716579402385219, 'recall_micro': 0.98484, 'recall_weighted': 0.98484, 'recall_binary': 0.9456002590463854, 'roc_auc': 0.9992934999370856}
Validation statistic: Loss: 1.0089, dev_score: {'accuracy': 0.8455497382198953, 'balanced_accuracy': 0.8021416569404568, 'f1_macro': 0.793922383587817, 'f1_micro': 0.8455497382198953, 'f1_weighted': 0.847547868053982, 'f1_binary': 0.6907756813417191, 'pr_auc': 0.736375218918433, 'precision_macro': 0.7868932802432925, 'precision_micro': 0.8455497382198953, 'precision_weighted': 0.8502728915281311, 'precision_binary': 0.6649848637739657, 'recall_macro': 0.8021416569404568, 'recall_micro': 0.8455497382198953, 'recall_weighted': 0.8455497382198953, 'recall_binary': 0.7186477644492911, 'roc_auc': 0.9004434926303065}
-----------------------
Epoch 26/100
Training statistic: Loss: 0.0415, train_score: {'accuracy': 0.98652, 'balanced_accuracy': 0.9757649869496382, 'f1_macro': 0.9816573330468525, 'f1_micro': 0.98652, 'f1_weighted': 0.9864350015487526, 'f1_binary': 0.9722130606860159, 'pr_auc': 0.9981157764950309, 'precision_macro': 0.9879193948407333, 'precision_micro': 0.98652, 'precision_weighted': 0.9865680818262449, 'precision_binary': 0.9905906074098967, 'recall_macro': 0.9757649869496382, 'recall_micro': 0.98652, 'recall_weighted': 0.98652, 'recall_binary': 0.9545049785477212, 'roc_auc': 0.9993577866417492}
Validation statistic: Loss: 0.9709, dev_score: {'accuracy': 0.8463350785340314, 'balanced_accuracy': 0.8026583637954344, 'f1_macro': 0.7947547750951358, 'f1_micro': 0.8463350785340314, 'f1_weighted': 0.8482474553194943, 'f1_binary': 0.6918635170603674, 'pr_auc': 0.7368795718956687, 'precision_macro': 0.787951176833871, 'precision_micro': 0.8463350785340314, 'precision_weighted': 0.8508310189035666, 'precision_binary': 0.667004048582996, 'recall_macro': 0.8026583637954344, 'recall_micro': 0.8463350785340314, 'recall_weighted': 0.8463350785340314, 'recall_binary': 0.7186477644492911, 'roc_auc': 0.9002028886749353}
-----------------------
Epoch 27/100
Training statistic: Loss: 0.0392, train_score: {'accuracy': 0.98561, 'balanced_accuracy': 0.9729987083354049, 'f1_macro': 0.9803564472800234, 'f1_micro': 0.98561, 'f1_weighted': 0.9854955118647314, 'f1_binary': 0.9701977839908874, 'pr_auc': 0.9981483244009017, 'precision_macro': 0.9882976821419585, 'precision_micro': 0.98561, 'precision_weighted': 0.9857246443273906, 'precision_binary': 0.9933839433394122, 'recall_macro': 0.9729987083354049, 'recall_micro': 0.98561, 'recall_weighted': 0.98561, 'recall_binary': 0.9480692949081195, 'roc_auc': 0.9993704252443564}
Validation statistic: Loss: 1.0506, dev_score: {'accuracy': 0.8465968586387435, 'balanced_accuracy': 0.8013385168052753, 'f1_macro': 0.794454385717476, 'f1_micro': 0.8465968586387435, 'f1_weighted': 0.8482771254376615, 'f1_binary': 0.6909282700421941, 'pr_auc': 0.7395444612129511, 'precision_macro': 0.7884145010730443, 'precision_micro': 0.8465968586387435, 'precision_weighted': 0.8504715161780274, 'precision_binary': 0.669050051072523, 'recall_macro': 0.8013385168052753, 'recall_micro': 0.8465968586387435, 'recall_weighted': 0.8465968586387435, 'recall_binary': 0.7142857142857143, 'roc_auc': 0.9011869043831242}
-----------------------
Epoch 28/100
Training statistic: Loss: 0.0447, train_score: {'accuracy': 0.98333, 'balanced_accuracy': 0.9678405500541765, 'f1_macro': 0.9771443691393027, 'f1_micro': 0.98333, 'f1_weighted': 0.9831593758475079, 'f1_binary': 0.9652541842966421, 'pr_auc': 0.9981006081545629, 'precision_macro': 0.9874006275583286, 'precision_micro': 0.98333, 'precision_weighted': 0.9835485398086797, 'precision_binary': 0.9950152550384599, 'recall_macro': 0.9678405500541765, 'recall_micro': 0.98333, 'recall_weighted': 0.98333, 'recall_binary': 0.9372217275155833, 'roc_auc': 0.999358202454221}
Validation statistic: Loss: 0.9614, dev_score: {'accuracy': 0.8431937172774869, 'balanced_accuracy': 0.7946232059415841, 'f1_macro': 0.7890723554883656, 'f1_micro': 0.8431937172774869, 'f1_weighted': 0.8446201717742544, 'f1_binary': 0.6822281167108754, 'pr_auc': 0.7353919275973978, 'precision_macro': 0.7840916335354051, 'precision_micro': 0.8431937172774869, 'precision_weighted': 0.8463935116202111, 'precision_binary': 0.6642561983471075, 'recall_macro': 0.7946232059415841, 'recall_micro': 0.8431937172774869, 'recall_weighted': 0.8431937172774869, 'recall_binary': 0.7011995637949836, 'roc_auc': 0.9007254181080677}
-----------------------
Epoch 29/100
Training statistic: Loss: 0.0428, train_score: {'accuracy': 0.98299, 'balanced_accuracy': 0.9666357582800638, 'f1_macro': 0.9766415148362075, 'f1_micro': 0.98299, 'f1_weighted': 0.9828018579483617, 'f1_binary': 0.9644640357657677, 'pr_auc': 0.9982103914926896, 'precision_macro': 0.9877550916616739, 'precision_micro': 0.98299, 'precision_weighted': 0.9832643048033567, 'precision_binary': 0.9966322697638271, 'recall_macro': 0.9666357582800638, 'recall_micro': 0.98299, 'recall_weighted': 0.98299, 'recall_binary': 0.9343074556787825, 'roc_auc': 0.999389100250642}
Validation statistic: Loss: 1.0392, dev_score: {'accuracy': 0.8468586387434555, 'balanced_accuracy': 0.7977805459023888, 'f1_macro': 0.7932627927146574, 'f1_micro': 0.8468586387434555, 'f1_weighted': 0.8479884226443195, 'f1_binary': 0.688, 'pr_auc': 0.7323090391334116, 'precision_macro': 0.7891196135671654, 'precision_micro': 0.8468586387434555, 'precision_weighted': 0.8493452984411738, 'precision_binary': 0.673277661795407, 'recall_macro': 0.7977805459023888, 'recall_micro': 0.8468586387434555, 'recall_weighted': 0.8468586387434555, 'recall_binary': 0.7033805888767721, 'roc_auc': 0.9000233278776403}
-----------------------
Epoch 30/100
Training statistic: Loss: 0.0427, train_score: {'accuracy': 0.98257, 'balanced_accuracy': 0.9660985016879492, 'f1_macro': 0.9760661328062287, 'f1_micro': 0.98257, 'f1_weighted': 0.9823777373564503, 'f1_binary': 0.9635896471767876, 'pr_auc': 0.9980864957906173, 'precision_macro': 0.9871347524558183, 'precision_micro': 0.98257, 'precision_weighted': 0.9828321309310384, 'precision_binary': 0.9956399740988561, 'recall_macro': 0.9660985016879492, 'recall_micro': 0.98257, 'recall_weighted': 0.98257, 'recall_binary': 0.9335384117218489, 'roc_auc': 0.9993495357073959}
Validation statistic: Loss: 1.0313, dev_score: {'accuracy': 0.8473821989528796, 'balanced_accuracy': 0.7992440790954043, 'f1_macro': 0.7942654351501384, 'f1_micro': 0.8473821989528796, 'f1_weighted': 0.848613654064226, 'f1_binary': 0.6897285790313997, 'pr_auc': 0.7266153205213751, 'precision_macro': 0.7897374550628575, 'precision_micro': 0.8473821989528796, 'precision_weighted': 0.8501185000868996, 'precision_binary': 0.6735966735966736, 'recall_macro': 0.7992440790954043, 'recall_micro': 0.8473821989528796, 'recall_weighted': 0.8473821989528796, 'recall_binary': 0.7066521264994547, 'roc_auc': 0.9001230630066817}
-----------------------
Epoch 31/100
Training statistic: Loss: 0.0395, train_score: {'accuracy': 0.98632, 'balanced_accuracy': 0.9746395667072988, 'f1_macro': 0.9813522228511049, 'f1_micro': 0.98632, 'f1_weighted': 0.9862212488984624, 'f1_binary': 0.9717273591534742, 'pr_auc': 0.9983313808447921, 'precision_macro': 0.9885473769760327, 'precision_micro': 0.98632, 'precision_weighted': 0.9864068270812084, 'precision_binary': 0.9927787162162162, 'recall_macro': 0.9746395667072988, 'recall_micro': 0.98632, 'recall_weighted': 0.98632, 'recall_binary': 0.9515502307131871, 'roc_auc': 0.9994317249263966}
Validation statistic: Loss: 1.1154, dev_score: {'accuracy': 0.8452879581151832, 'balanced_accuracy': 0.8008503593657672, 'f1_macro': 0.793211108282831, 'f1_micro': 0.8452879581151832, 'f1_weighted': 0.8471623987194776, 'f1_binary': 0.6894377299001576, 'pr_auc': 0.7306277767658582, 'precision_macro': 0.7866092121028199, 'precision_micro': 0.8452879581151832, 'precision_weighted': 0.8496698125251975, 'precision_binary': 0.665314401622718, 'recall_macro': 0.8008503593657672, 'recall_micro': 0.8452879581151832, 'recall_weighted': 0.8452879581151832, 'recall_binary': 0.7153762268266085, 'roc_auc': 0.898553784281368}
-----------------------
Epoch 32/100
Training statistic: Loss: 0.0393, train_score: {'accuracy': 0.98563, 'balanced_accuracy': 0.9729983922426662, 'f1_macro': 0.9803826409941478, 'f1_micro': 0.98563, 'f1_weighted': 0.985515249849463, 'f1_binary': 0.9702367390899111, 'pr_auc': 0.9982223594829478, 'precision_macro': 0.988354644573881, 'precision_micro': 0.98563, 'precision_weighted': 0.985746615818848, 'precision_binary': 0.9935100742311771, 'recall_macro': 0.9729983922426662, 'recall_micro': 0.98563, 'recall_weighted': 0.98563, 'recall_binary': 0.9480288189103862, 'roc_auc': 0.9993943961479468}
Validation statistic: Loss: 1.0845, dev_score: {'accuracy': 0.8442408376963351, 'balanced_accuracy': 0.7982963136318575, 'f1_macro': 0.7913712377590432, 'f1_micro': 0.8442408376963351, 'f1_weighted': 0.8459729150733759, 'f1_binary': 0.6863468634686347, 'pr_auc': 0.7273374651504241, 'precision_macro': 0.7853118712273641, 'precision_micro': 0.8442408376963351, 'precision_weighted': 0.8482327999410073, 'precision_binary': 0.6642857142857143, 'recall_macro': 0.7982963136318575, 'recall_micro': 0.8442408376963351, 'recall_weighted': 0.8442408376963351, 'recall_binary': 0.7099236641221374, 'roc_auc': 0.8972912239472495}
Early stopping by loss triggered!
Testing statistic: loss: 0.46633498439354604, scores: {'accuracy': 0.8357315408045374, 'balanced_accuracy': 0.799753004882741, 'f1_macro': 0.784766967149062, 'f1_micro': 0.8357315408045374, 'f1_weighted': 0.8394716562897223, 'f1_binary': 0.6800327332242226, 'pr_auc': 0.7309930653715306, 'precision_macro': 0.7736007148863427, 'precision_micro': 0.8357315408045374, 'precision_weighted': 0.8455729015369791, 'precision_binary': 0.6358071920428462, 'recall_macro': 0.799753004882741, 'recall_micro': 0.8357315408045374, 'recall_weighted': 0.8357315408045374, 'recall_binary': 0.7308707124010554, 'roc_auc': 0.897143500012561}
Finish training!
