=====Setting up data=====
Dataset name:adult
train_option:synthetic
augment_option:tvae_gaussian
mix_ratio:-1
n_sample:-1
Training dataset size: 100096 samples
Validation dataset size: 3840 samples

=====Setting up parameters for training=====
num_epochs: 100
learning_rate: 0.001
patience: 30
early_stop_criterion: loss
=====Setting up trainer=====
input_size: 107
model: DNN_Adult
----------------------------------------------------------------
        Layer (type)               Output Shape         Param #
================================================================
            Linear-1                  [-1, 128]          13,824
       BatchNorm1d-2                  [-1, 128]             256
              ReLU-3                  [-1, 128]               0
           Dropout-4                  [-1, 128]               0
            Linear-5                   [-1, 64]           8,256
       BatchNorm1d-6                   [-1, 64]             128
              ReLU-7                   [-1, 64]               0
           Dropout-8                   [-1, 64]               0
            Linear-9                   [-1, 32]           2,080
      BatchNorm1d-10                   [-1, 32]              64
             ReLU-11                   [-1, 32]               0
          Dropout-12                   [-1, 32]               0
           Linear-13                   [-1, 16]             528
      BatchNorm1d-14                   [-1, 16]              32
             ReLU-15                   [-1, 16]               0
          Dropout-16                   [-1, 16]               0
           Linear-17                    [-1, 1]              17
          Sigmoid-18                    [-1, 1]               0
================================================================
Total params: 25,185
Trainable params: 25,185
Non-trainable params: 0
----------------------------------------------------------------
Input size (MB): 0.00
Forward/backward pass size (MB): 0.01
Params size (MB): 0.10
Estimated Total Size (MB): 0.10
----------------------------------------------------------------
=====Setting up output files=====
weight_dir, weight_file: /home/thuy/Research/minh_data_synth/TabularDA/output/corrected_v2/adult/weight/, adult_seed43_tvae_xonly_gaussian_synthetic.weights.pth
acc_dir, acc_file: /home/thuy/Research/minh_data_synth/TabularDA/output/corrected_v2/adult/acc/, adult_seed43_tvae_xonly_gaussian_synthetic.epochs.csv
report_file: adult_seed43_tvae_xonly_gaussian_synthetic.report.txt
==========================================================================================
Start training...
-----------------------
Epoch 1/100
Training statistic: Loss: 0.0653, train_score: {'accuracy': 0.98269, 'balanced_accuracy': 0.908611820168465, 'f1_macro': 0.9443795012196009, 'f1_micro': 0.98269, 'f1_weighted': 0.9819149547859183, 'f1_binary': 0.8982183806667843, 'pr_auc': 0.9930128153641432, 'precision_macro': 0.9890711724883144, 'precision_micro': 0.98269, 'precision_weighted': 0.9829430704036253, 'precision_binary': 0.9966075156576201, 'recall_macro': 0.908611820168465, 'recall_micro': 0.98269, 'recall_weighted': 0.98269, 'recall_binary': 0.8175104356202505, 'roc_auc': 0.9992309473699629}
Validation statistic: Loss: 0.8283, dev_score: {'accuracy': 0.7968586387434555, 'balanced_accuracy': 0.6182864265185002, 'f1_macro': 0.6358687106918239, 'f1_micro': 0.7968586387434555, 'f1_weighted': 0.7617450875069973, 'f1_binary': 0.39375, 'pr_auc': 0.5049954925340786, 'precision_macro': 0.7509257776173388, 'precision_micro': 0.7968586387434555, 'precision_weighted': 0.7804095081268629, 'precision_binary': 0.6942148760330579, 'recall_macro': 0.6182864265185002, 'recall_micro': 0.7968586387434555, 'recall_weighted': 0.7968586387434555, 'recall_binary': 0.2748091603053435, 'roc_auc': 0.7032831076489519}
Saving model...
Model saved!
-------------------------------------------
-----------------------
Epoch 2/100
Training statistic: Loss: 0.0293, train_score: {'accuracy': 0.98966, 'balanced_accuracy': 0.9911291394103385, 'f1_macro': 0.9707406265271044, 'f1_micro': 0.98966, 'f1_weighted': 0.9898722229875211, 'f1_binary': 0.9472125791300796, 'pr_auc': 0.9957070101808665, 'precision_macro': 0.9523897751155408, 'precision_micro': 0.98966, 'precision_weighted': 0.9905056230120936, 'precision_binary': 0.9055148853099073, 'recall_macro': 0.9911291394103385, 'recall_micro': 0.98966, 'recall_weighted': 0.98966, 'recall_binary': 0.9929358878304613, 'roc_auc': 0.9995468822715302}
Validation statistic: Loss: 1.2035, dev_score: {'accuracy': 0.7900523560209424, 'balanced_accuracy': 0.619030589571725, 'f1_macro': 0.6358100683245438, 'f1_micro': 0.7900523560209424, 'f1_weighted': 0.7590301742638228, 'f1_binary': 0.3988005997001499, 'pr_auc': 0.4357506589264661, 'precision_macro': 0.7232939478567014, 'precision_micro': 0.7900523560209424, 'precision_weighted': 0.7676952199980887, 'precision_binary': 0.6378896882494005, 'recall_macro': 0.619030589571725, 'recall_micro': 0.7900523560209424, 'recall_weighted': 0.7900523560209424, 'recall_binary': 0.2900763358778626, 'roc_auc': 0.5336567556369131}
-----------------------
Epoch 3/100
Training statistic: Loss: 0.0284, train_score: {'accuracy': 0.9906, 'balanced_accuracy': 0.9927515933074903, 'f1_macro': 0.973342320563473, 'f1_micro': 0.9906, 'f1_weighted': 0.9907831724861893, 'f1_binary': 0.9518935516888434, 'pr_auc': 0.9966350150926793, 'precision_macro': 0.9557770624967442, 'precision_micro': 0.9906, 'precision_weighted': 0.9913471494266206, 'precision_binary': 0.9120329508679024, 'recall_macro': 0.9927515933074903, 'recall_micro': 0.9906, 'recall_weighted': 0.9906, 'recall_binary': 0.995397623889543, 'roc_auc': 0.9996449993678987}
Validation statistic: Loss: 1.4131, dev_score: {'accuracy': 0.7905759162303665, 'balanced_accuracy': 0.6204941227647405, 'f1_macro': 0.6375744241394409, 'f1_micro': 0.7905759162303665, 'f1_weighted': 0.7600002755868939, 'f1_binary': 0.4020926756352765, 'pr_auc': 0.4408873144177417, 'precision_macro': 0.7241552811047542, 'precision_micro': 0.7905759162303665, 'precision_weighted': 0.7684505737036347, 'precision_binary': 0.6389548693586699, 'recall_macro': 0.6204941227647405, 'recall_micro': 0.7905759162303665, 'recall_weighted': 0.7905759162303665, 'recall_binary': 0.29334787350054525, 'roc_auc': 0.5354732121961601}
-----------------------
Epoch 4/100
Training statistic: Loss: 0.0243, train_score: {'accuracy': 0.98814, 'balanced_accuracy': 0.9925468479826122, 'f1_macro': 0.9668104362822328, 'f1_micro': 0.98814, 'f1_weighted': 0.9884454454400619, 'f1_binary': 0.9402036906322476, 'pr_auc': 0.9970339048335664, 'precision_macro': 0.9442747633338506, 'precision_micro': 0.98814, 'precision_weighted': 0.9894145777340034, 'precision_binary': 0.8887617958249928, 'recall_macro': 0.9925468479826122, 'recall_micro': 0.98814, 'recall_weighted': 0.98814, 'recall_binary': 0.9979663919511934, 'roc_auc': 0.9996880804071318}
Validation statistic: Loss: 1.7285, dev_score: {'accuracy': 0.787434554973822, 'balanced_accuracy': 0.61842729534483, 'f1_macro': 0.6347123594182418, 'f1_micro': 0.787434554973822, 'f1_weighted': 0.7575084243467366, 'f1_binary': 0.3985185185185185, 'pr_auc': 0.4073786318400241, 'precision_macro': 0.7149636805855291, 'precision_micro': 0.787434554973822, 'precision_weighted': 0.7636864823916055, 'precision_binary': 0.6212471131639723, 'recall_macro': 0.61842729534483, 'recall_micro': 0.787434554973822, 'recall_weighted': 0.787434554973822, 'recall_binary': 0.29334787350054525, 'roc_auc': 0.47910858957998925}
-----------------------
Epoch 5/100
Training statistic: Loss: 0.0218, train_score: {'accuracy': 0.98931, 'balanced_accuracy': 0.9933361394922068, 'f1_macro': 0.9699347784743333, 'f1_micro': 0.98931, 'f1_weighted': 0.9895602846982587, 'f1_binary': 0.9457993205901739, 'pr_auc': 0.997151403689597, 'precision_macro': 0.9491881908585125, 'precision_micro': 0.98931, 'precision_weighted': 0.9903601341766715, 'precision_binary': 0.8985549132947976, 'recall_macro': 0.9933361394922068, 'recall_micro': 0.98931, 'recall_weighted': 0.98931, 'recall_binary': 0.9982874879588998, 'roc_auc': 0.9997018777917575}
Validation statistic: Loss: 1.8825, dev_score: {'accuracy': 0.7895287958115184, 'balanced_accuracy': 0.6201782009435581, 'f1_macro': 0.6370427936104557, 'f1_micro': 0.7895287958115184, 'f1_weighted': 0.7593518406101772, 'f1_binary': 0.4017857142857143, 'pr_auc': 0.4251530015725039, 'precision_macro': 0.7208158966214364, 'precision_micro': 0.7895287958115184, 'precision_weighted': 0.766825275512705, 'precision_binary': 0.6323185011709602, 'recall_macro': 0.6201782009435581, 'recall_micro': 0.7895287958115184, 'recall_weighted': 0.7895287958115184, 'recall_binary': 0.29443838604143946, 'roc_auc': 0.5246178604391877}
-----------------------
Epoch 6/100
Training statistic: Loss: 0.0235, train_score: {'accuracy': 0.98784, 'balanced_accuracy': 0.9927173941169324, 'f1_macro': 0.9660379319277244, 'f1_micro': 0.98784, 'f1_weighted': 0.988164356171116, 'f1_binary': 0.9388268437468558, 'pr_auc': 0.9970610148610906, 'precision_macro': 0.9427900775243312, 'precision_micro': 0.98784, 'precision_weighted': 0.9892006868767514, 'precision_binary': 0.8857142857142857, 'recall_macro': 0.9927173941169324, 'recall_micro': 0.98784, 'recall_weighted': 0.98784, 'recall_binary': 0.9987156159691748, 'roc_auc': 0.9997077000484025}
Validation statistic: Loss: 2.0994, dev_score: {'accuracy': 0.7884816753926701, 'balanced_accuracy': 0.6194892584702547, 'f1_macro': 0.6360882171510712, 'f1_micro': 0.7884816753926701, 'f1_weighted': 0.758520825592744, 'f1_binary': 0.40059347181008903, 'pr_auc': 0.4038605161215474, 'precision_macro': 0.7177691713124008, 'precision_micro': 0.7884816753926701, 'precision_weighted': 0.7652455178652795, 'precision_binary': 0.6264501160092807, 'recall_macro': 0.6194892584702547, 'recall_micro': 0.7884816753926701, 'recall_weighted': 0.7884816753926701, 'recall_binary': 0.29443838604143946, 'roc_auc': 0.47100130688705816}
-----------------------
Epoch 7/100
Training statistic: Loss: 0.0197, train_score: {'accuracy': 0.99122, 'balanced_accuracy': 0.9937655514331523, 'f1_macro': 0.9750618905649385, 'f1_micro': 0.99122, 'f1_weighted': 0.9913846041908312, 'f1_binary': 0.9549882087562801, 'pr_auc': 0.9971639128952682, 'precision_macro': 0.958069433920518, 'precision_micro': 0.99122, 'precision_weighted': 0.991902367251178, 'precision_binary': 0.9164616747023516, 'recall_macro': 0.9937655514331523, 'recall_micro': 0.99122, 'recall_weighted': 0.99122, 'recall_binary': 0.9968960719255058, 'roc_auc': 0.9997026853398758}
Validation statistic: Loss: 2.2546, dev_score: {'accuracy': 0.7895287958115184, 'balanced_accuracy': 0.6198051802914369, 'f1_macro': 0.6366173066556743, 'f1_micro': 0.7895287958115184, 'f1_weighted': 0.7591686454222224, 'f1_binary': 0.4008941877794337, 'pr_auc': 0.41243377384272983, 'precision_macro': 0.7210361257905225, 'precision_micro': 0.7895287958115184, 'precision_weighted': 0.7668362748348652, 'precision_binary': 0.6329411764705882, 'recall_macro': 0.6198051802914369, 'recall_micro': 0.7895287958115184, 'recall_weighted': 0.7895287958115184, 'recall_binary': 0.29334787350054525, 'roc_auc': 0.5112916694683911}
-----------------------
Epoch 8/100
Training statistic: Loss: 0.0189, train_score: {'accuracy': 0.99242, 'balanced_accuracy': 0.9931313676032458, 'f1_macro': 0.978297429172784, 'f1_micro': 0.99242, 'f1_weighted': 0.9925330954127334, 'f1_binary': 0.9607903993378853, 'pr_auc': 0.9973022637203813, 'precision_macro': 0.9645502743911638, 'precision_micro': 0.99242, 'precision_weighted': 0.9928699723261929, 'precision_binary': 0.9297226949644609, 'recall_macro': 0.9931313676032458, 'recall_micro': 0.99242, 'recall_weighted': 0.99242, 'recall_binary': 0.994006207856149, 'roc_auc': 0.999717779051744}
Validation statistic: Loss: 2.4008, dev_score: {'accuracy': 0.7897905759162304, 'balanced_accuracy': 0.6196043952576415, 'f1_macro': 0.6364293207605181, 'f1_micro': 0.7897905759162304, 'f1_weighted': 0.7591925020338937, 'f1_binary': 0.40029873039581776, 'pr_auc': 0.4009560524542052, 'precision_macro': 0.7220381936405301, 'precision_micro': 0.7897905759162304, 'precision_weighted': 0.7672519810059671, 'precision_binary': 0.6350710900473934, 'recall_macro': 0.6196043952576415, 'recall_micro': 0.7897905759162304, 'recall_weighted': 0.7897905759162304, 'recall_binary': 0.29225736095965105, 'roc_auc': 0.4655340938246487}
-----------------------
Epoch 9/100
Training statistic: Loss: 0.0188, train_score: {'accuracy': 0.99188, 'balanced_accuracy': 0.993073545268977, 'f1_macro': 0.9768198368153965, 'f1_micro': 0.99188, 'f1_weighted': 0.9920126573850067, 'f1_binary': 0.9581356980820788, 'pr_auc': 0.9973729105804372, 'precision_macro': 0.9618671015269046, 'precision_micro': 0.99188, 'precision_weighted': 0.9924134357502665, 'precision_binary': 0.9243012036208097, 'recall_macro': 0.993073545268977, 'recall_micro': 0.99188, 'recall_weighted': 0.99188, 'recall_binary': 0.9945413678689928, 'roc_auc': 0.9997255091998497}
Validation statistic: Loss: 2.5802, dev_score: {'accuracy': 0.7892670157068062, 'balanced_accuracy': 0.6188869033688686, 'f1_macro': 0.6355237898035081, 'f1_micro': 0.7892670157068062, 'f1_weighted': 0.7585927324250116, 'f1_binary': 0.3988050784167289, 'pr_auc': 0.3986434502312244, 'precision_macro': 0.7207062141376723, 'precision_micro': 0.7892670157068062, 'precision_weighted': 0.7664594909912678, 'precision_binary': 0.6327014218009479, 'recall_macro': 0.6188869033688686, 'recall_micro': 0.7892670157068062, 'recall_weighted': 0.7892670157068062, 'recall_binary': 0.29116684841875684, 'roc_auc': 0.4625095462107976}
-----------------------
Epoch 10/100
Training statistic: Loss: 0.0185, train_score: {'accuracy': 0.99154, 'balanced_accuracy': 0.9933660323497802, 'f1_macro': 0.9759090867023712, 'f1_micro': 0.99154, 'f1_weighted': 0.9916882559622519, 'f1_binary': 0.9565038560411311, 'pr_auc': 0.9965237356895913, 'precision_macro': 0.9599480666608866, 'precision_micro': 0.99154, 'precision_weighted': 0.9921450243669587, 'precision_binary': 0.9203522311269418, 'recall_macro': 0.9933660323497802, 'recall_micro': 0.99154, 'recall_weighted': 0.99154, 'recall_binary': 0.9956116878946805, 'roc_auc': 0.9997050820104607}
Validation statistic: Loss: 2.7310, dev_score: {'accuracy': 0.7890052356020942, 'balanced_accuracy': 0.6190876884026639, 'f1_macro': 0.6357133696075541, 'f1_micro': 0.7890052356020942, 'f1_weighted': 0.758569562450636, 'f1_binary': 0.39940387481371087, 'pr_auc': 0.40109931799711296, 'precision_macro': 0.7197123797972798, 'precision_micro': 0.7890052356020942, 'precision_weighted': 0.7660476025677719, 'precision_binary': 0.6305882352941177, 'recall_macro': 0.6190876884026639, 'recall_micro': 0.7890052356020942, 'recall_weighted': 0.7890052356020942, 'recall_binary': 0.29225736095965105, 'roc_auc': 0.4668458643354316}
-----------------------
Epoch 11/100
Training statistic: Loss: 0.0190, train_score: {'accuracy': 0.9915, 'balanced_accuracy': 0.9928639641003965, 'f1_macro': 0.975777400424253, 'f1_micro': 0.9915, 'f1_weighted': 0.9916459735432149, 'f1_binary': 0.9562622208500566, 'pr_auc': 0.9969062021344958, 'precision_macro': 0.9601266464694024, 'precision_micro': 0.9915, 'precision_weighted': 0.9920880194552829, 'precision_binary': 0.92082053314835, 'recall_macro': 0.9928639641003965, 'recall_micro': 0.9915, 'recall_weighted': 0.9915, 'recall_binary': 0.9945413678689928, 'roc_auc': 0.9996784659800835}
Validation statistic: Loss: 2.7804, dev_score: {'accuracy': 0.7897905759162304, 'balanced_accuracy': 0.6192313746055204, 'f1_macro': 0.6360009972575418, 'f1_micro': 0.7897905759162304, 'f1_weighted': 0.7590078853832588, 'f1_binary': 0.3994016454749439, 'pr_auc': 0.41736691278668553, 'precision_macro': 0.7222689075630252, 'precision_micro': 0.7897905759162304, 'precision_weighted': 0.7672682476131814, 'precision_binary': 0.6357142857142857, 'recall_macro': 0.6192313746055204, 'recall_micro': 0.7897905759162304, 'recall_weighted': 0.7897905759162304, 'recall_binary': 0.29116684841875684, 'roc_auc': 0.524738444154526}
-----------------------
Epoch 12/100
Training statistic: Loss: 0.0170, train_score: {'accuracy': 0.99311, 'balanced_accuracy': 0.9923599059060517, 'f1_macro': 0.9801657200152015, 'f1_micro': 0.99311, 'f1_weighted': 0.9931947623211235, 'f1_binary': 0.9641425969294821, 'pr_auc': 0.9969966762179268, 'precision_macro': 0.9687113731423502, 'precision_micro': 0.99311, 'precision_weighted': 0.9934316425839239, 'precision_binary': 0.9383103727714749, 'recall_macro': 0.9923599059060517, 'recall_micro': 0.99311, 'recall_weighted': 0.99311, 'recall_binary': 0.9914374397944986, 'roc_auc': 0.9996960567157382}
Validation statistic: Loss: 2.9352, dev_score: {'accuracy': 0.7895287958115184, 'balanced_accuracy': 0.6190591389871944, 'f1_macro': 0.635762296260138, 'f1_micro': 0.7895287958115184, 'f1_weighted': 0.7588002769648283, 'f1_binary': 0.3991031390134529, 'pr_auc': 0.4082592520323064, 'precision_macro': 0.7214857800149408, 'precision_micro': 0.7895287958115184, 'precision_weighted': 0.7668630229202473, 'precision_binary': 0.6342042755344418, 'recall_macro': 0.6190591389871944, 'recall_micro': 0.7895287958115184, 'recall_weighted': 0.7895287958115184, 'recall_binary': 0.29116684841875684, 'roc_auc': 0.49538025379679057}
-----------------------
Epoch 13/100
Training statistic: Loss: 0.0184, train_score: {'accuracy': 0.99157, 'balanced_accuracy': 0.9931425746946384, 'f1_macro': 0.9759801894244489, 'f1_micro': 0.99157, 'f1_weighted': 0.9917153266107547, 'f1_binary': 0.9566291094304676, 'pr_auc': 0.9967666030741132, 'precision_macro': 0.9602652788963376, 'precision_micro': 0.99157, 'precision_weighted': 0.992159130595621, 'precision_binary': 0.9210422032890826, 'recall_macro': 0.9931425746946384, 'recall_micro': 0.99157, 'recall_weighted': 0.99157, 'recall_binary': 0.9950765278818366, 'roc_auc': 0.9996927019672325}
Validation statistic: Loss: 2.9503, dev_score: {'accuracy': 0.7897905759162304, 'balanced_accuracy': 0.6192313746055204, 'f1_macro': 0.6360009972575418, 'f1_micro': 0.7897905759162304, 'f1_weighted': 0.7590078853832588, 'f1_binary': 0.3994016454749439, 'pr_auc': 0.4358742636006303, 'precision_macro': 0.7222689075630252, 'precision_micro': 0.7897905759162304, 'precision_weighted': 0.7672682476131814, 'precision_binary': 0.6357142857142857, 'recall_macro': 0.6192313746055204, 'recall_micro': 0.7897905759162304, 'recall_weighted': 0.7897905759162304, 'recall_binary': 0.29116684841875684, 'roc_auc': 0.5828008178656232}
-----------------------
Epoch 14/100
Training statistic: Loss: 0.0179, train_score: {'accuracy': 0.99138, 'balanced_accuracy': 0.9925097763292301, 'f1_macro': 0.9754354343125953, 'f1_micro': 0.99138, 'f1_weighted': 0.9915280343461779, 'f1_binary': 0.9556447463208809, 'pr_auc': 0.9969273753921808, 'precision_macro': 0.9597959847792853, 'precision_micro': 0.99138, 'precision_weighted': 0.9919719678113982, 'precision_binary': 0.9202259439104152, 'recall_macro': 0.9925097763292301, 'recall_micro': 0.99138, 'recall_weighted': 0.99138, 'recall_binary': 0.9938991758535802, 'roc_auc': 0.9996849009815725}
Validation statistic: Loss: 2.9335, dev_score: {'accuracy': 0.787434554973822, 'balanced_accuracy': 0.6176812540405875, 'f1_macro': 0.6338596488743024, 'f1_micro': 0.787434554973822, 'f1_weighted': 0.7571416874812732, 'f1_binary': 0.3967310549777117, 'pr_auc': 0.4506584590431955, 'precision_macro': 0.715346876656225, 'precision_micro': 0.787434554973822, 'precision_weighted': 0.7636811538806503, 'precision_binary': 0.6223776223776224, 'recall_macro': 0.6176812540405875, 'recall_micro': 0.787434554973822, 'recall_weighted': 0.787434554973822, 'recall_binary': 0.29116684841875684, 'roc_auc': 0.6172552667097663}
-----------------------
Epoch 15/100
Training statistic: Loss: 0.0167, train_score: {'accuracy': 0.99212, 'balanced_accuracy': 0.9918618925163348, 'f1_macro': 0.9774217995546424, 'f1_micro': 0.99212, 'f1_weighted': 0.9922347670700582, 'f1_binary': 0.95920480430731, 'pr_auc': 0.9971812566314527, 'precision_macro': 0.9640152686081382, 'precision_micro': 0.99212, 'precision_weighted': 0.9925623509325423, 'precision_binary': 0.9289080517396971, 'recall_macro': 0.9918618925163348, 'recall_micro': 0.99212, 'recall_weighted': 0.99212, 'recall_binary': 0.9915444717970673, 'roc_auc': 0.9997084367589666}
Validation statistic: Loss: 3.1870, dev_score: {'accuracy': 0.7890052356020942, 'balanced_accuracy': 0.6183416470984214, 'f1_macro': 0.6348562323204867, 'f1_micro': 0.7890052356020942, 'f1_weighted': 0.7582002776537956, 'f1_binary': 0.3976083707025411, 'pr_auc': 0.42567649104971733, 'precision_macro': 0.7201510294700342, 'precision_micro': 0.7890052356020942, 'precision_weighted': 0.7660692475285539, 'precision_binary': 0.6318289786223278, 'recall_macro': 0.6183416470984214, 'recall_micro': 0.7890052356020942, 'recall_weighted': 0.7890052356020942, 'recall_binary': 0.2900763358778626, 'roc_auc': 0.5553712156528932}
-----------------------
Epoch 16/100
Training statistic: Loss: 0.0176, train_score: {'accuracy': 0.99183, 'balanced_accuracy': 0.9933339730436731, 'f1_macro': 0.9766953320899361, 'f1_micro': 0.99183, 'f1_weighted': 0.9919665344729376, 'f1_binary': 0.9579147993612528, 'pr_auc': 0.9974554440049206, 'precision_macro': 0.9614181271519688, 'precision_micro': 0.99183, 'precision_weighted': 0.9923837047723647, 'precision_binary': 0.9233366434955312, 'recall_macro': 0.9933339730436731, 'recall_micro': 0.99183, 'recall_weighted': 0.99183, 'recall_binary': 0.9951835598844054, 'roc_auc': 0.9997337623652308}
Validation statistic: Loss: 3.1920, dev_score: {'accuracy': 0.7890052356020942, 'balanced_accuracy': 0.6183416470984214, 'f1_macro': 0.6348562323204867, 'f1_micro': 0.7890052356020942, 'f1_weighted': 0.7582002776537956, 'f1_binary': 0.3976083707025411, 'pr_auc': 0.4332079479130503, 'precision_macro': 0.7201510294700342, 'precision_micro': 0.7890052356020942, 'precision_weighted': 0.7660692475285539, 'precision_binary': 0.6318289786223278, 'recall_macro': 0.6183416470984214, 'recall_micro': 0.7890052356020942, 'recall_weighted': 0.7890052356020942, 'recall_binary': 0.2900763358778626, 'roc_auc': 0.5656614016786305}
-----------------------
Epoch 17/100
Training statistic: Loss: 0.0173, train_score: {'accuracy': 0.99243, 'balanced_accuracy': 0.9917928630906734, 'f1_macro': 0.9782688224884675, 'f1_micro': 0.99243, 'f1_weighted': 0.9925333252840419, 'f1_binary': 0.9607263294422828, 'pr_auc': 0.9974157478915826, 'precision_macro': 0.9656532990306461, 'precision_micro': 0.99243, 'precision_weighted': 0.9928236177715621, 'precision_binary': 0.9322392267418446, 'recall_macro': 0.9917928630906734, 'recall_micro': 0.99243, 'recall_weighted': 0.99243, 'recall_binary': 0.9910093117842235, 'roc_auc': 0.9997313190599226}
Validation statistic: Loss: 3.2601, dev_score: {'accuracy': 0.7900523560209424, 'balanced_accuracy': 0.6194036102238463, 'f1_macro': 0.636239893309827, 'f1_micro': 0.7900523560209424, 'f1_weighted': 0.7592155579411777, 'f1_binary': 0.3997005988023952, 'pr_auc': 0.43860054602745885, 'precision_macro': 0.7230556224162625, 'precision_micro': 0.7900523560209424, 'precision_weighted': 0.7676751773924176, 'precision_binary': 0.6372315035799523, 'recall_macro': 0.6194036102238463, 'recall_micro': 0.7900523560209424, 'recall_weighted': 0.7900523560209424, 'recall_binary': 0.29116684841875684, 'roc_auc': 0.5808068665852006}
-----------------------
Epoch 18/100
Training statistic: Loss: 0.0156, train_score: {'accuracy': 0.99332, 'balanced_accuracy': 0.9897876874651972, 'f1_macro': 0.9806504534081346, 'f1_micro': 0.99332, 'f1_weighted': 0.9933820027738005, 'f1_binary': 0.9649931872969291, 'pr_auc': 0.997467786282003, 'precision_macro': 0.9719337634223975, 'precision_micro': 0.99332, 'precision_weighted': 0.9935303512005348, 'precision_binary': 0.9453742684053804, 'recall_macro': 0.9897876874651972, 'recall_micro': 0.99332, 'recall_weighted': 0.99332, 'recall_binary': 0.9854436476506475, 'roc_auc': 0.9997347924613319}
Validation statistic: Loss: 3.4195, dev_score: {'accuracy': 0.7908376963350785, 'balanced_accuracy': 0.6191742757745813, 'f1_macro': 0.6360958728289695, 'f1_micro': 0.7908376963350785, 'f1_weighted': 0.759466913167441, 'f1_binary': 0.39879608728367194, 'pr_auc': 0.41250765567868464, 'precision_macro': 0.7259446647522676, 'precision_micro': 0.7908376963350785, 'precision_weighted': 0.7689612070498185, 'precision_binary': 0.6432038834951457, 'recall_macro': 0.6191742757745813, 'recall_micro': 0.7908376963350785, 'recall_weighted': 0.7908376963350785, 'recall_binary': 0.2889858233369684, 'roc_auc': 0.5192522607568375}
-----------------------
Epoch 19/100
Training statistic: Loss: 0.0167, train_score: {'accuracy': 0.9933, 'balanced_accuracy': 0.9914566816354802, 'f1_macro': 0.9806577758326083, 'f1_micro': 0.9933, 'f1_weighted': 0.9933731831000956, 'f1_binary': 0.9650203612822387, 'pr_auc': 0.9970921466004943, 'precision_macro': 0.9704420013546813, 'precision_micro': 0.9933, 'precision_weighted': 0.9935661808794947, 'precision_binary': 0.9420038732035471, 'recall_macro': 0.9914566816354802, 'recall_micro': 0.9933, 'recall_weighted': 0.9933, 'recall_binary': 0.9891897677405544, 'roc_auc': 0.9997148198129158}
Validation statistic: Loss: 3.6129, dev_score: {'accuracy': 0.7903141361256545, 'balanced_accuracy': 0.6192028251900509, 'f1_macro': 0.636049015424936, 'f1_micro': 0.7903141361256545, 'f1_weighted': 0.7592378090363662, 'f1_binary': 0.39909977494373594, 'pr_auc': 0.4109177414337061, 'precision_macro': 0.7240887417517852, 'precision_micro': 0.7903141361256545, 'precision_weighted': 0.7681060219480718, 'precision_binary': 0.6394230769230769, 'recall_macro': 0.6192028251900509, 'recall_micro': 0.7903141361256545, 'recall_weighted': 0.7903141361256545, 'recall_binary': 0.2900763358778626, 'roc_auc': 0.5103829716260132}
-----------------------
Epoch 20/100
Training statistic: Loss: 0.0148, train_score: {'accuracy': 0.99385, 'balanced_accuracy': 0.9911840143120383, 'f1_macro': 0.9821798240474944, 'f1_micro': 0.99385, 'f1_weighted': 0.9939060976020455, 'f1_binary': 0.9677588466579292, 'pr_auc': 0.9976400349068338, 'precision_macro': 0.9735828817803007, 'precision_micro': 0.99385, 'precision_weighted': 0.9940457859587629, 'precision_binary': 0.9484175914508837, 'recall_macro': 0.9911840143120383, 'recall_micro': 0.99385, 'recall_weighted': 0.99385, 'recall_binary': 0.9879053837097292, 'roc_auc': 0.9997647030282941}
Validation statistic: Loss: 3.5891, dev_score: {'accuracy': 0.7895287958115184, 'balanced_accuracy': 0.618313097682952, 'f1_macro': 0.634901864006151, 'f1_micro': 0.7895287958115184, 'f1_weighted': 0.7584292520051292, 'f1_binary': 0.39730134932533734, 'pr_auc': 0.4265429274926898, 'precision_macro': 0.7219479779091802, 'precision_micro': 0.7895287958115184, 'precision_weighted': 0.7668962379071854, 'precision_binary': 0.6354916067146283, 'recall_macro': 0.618313097682952, 'recall_micro': 0.7895287958115184, 'recall_weighted': 0.7895287958115184, 'recall_binary': 0.2889858233369684, 'roc_auc': 0.5341296992431775}
-----------------------
Epoch 21/100
Training statistic: Loss: 0.0156, train_score: {'accuracy': 0.99391, 'balanced_accuracy': 0.9928011294188528, 'f1_macro': 0.9824031758771292, 'f1_micro': 0.99391, 'f1_weighted': 0.993973891226503, 'f1_binary': 0.9681735040501699, 'pr_auc': 0.9978555573398766, 'precision_macro': 0.9725447339424123, 'precision_micro': 0.99391, 'precision_weighted': 0.9941485844722407, 'precision_binary': 0.9459763071895425, 'recall_macro': 0.9928011294188528, 'recall_micro': 0.99391, 'recall_weighted': 0.99391, 'recall_binary': 0.9914374397944986, 'roc_auc': 0.9997759478997157}
Validation statistic: Loss: 3.6513, dev_score: {'accuracy': 0.7903141361256545, 'balanced_accuracy': 0.6188298045379296, 'f1_macro': 0.6356176804414859, 'f1_micro': 0.7903141361256545, 'f1_weighted': 0.7590516543220638, 'f1_binary': 0.3981968444778362, 'pr_auc': 0.4296477173862716, 'precision_macro': 0.7243348623202589, 'precision_micro': 0.7903141361256545, 'precision_weighted': 0.7681299284223697, 'precision_binary': 0.6400966183574879, 'recall_macro': 0.6188298045379296, 'recall_micro': 0.7903141361256545, 'recall_weighted': 0.7903141361256545, 'recall_binary': 0.2889858233369684, 'roc_auc': 0.5524381388636056}
-----------------------
Epoch 22/100
Training statistic: Loss: 0.0163, train_score: {'accuracy': 0.99259, 'balanced_accuracy': 0.9925531176964748, 'f1_macro': 0.9787399573293041, 'f1_micro': 0.99259, 'f1_weighted': 0.9926931293056273, 'f1_binary': 0.9615803390885053, 'pr_auc': 0.9972777478887958, 'precision_macro': 0.9658724148828536, 'precision_micro': 0.99259, 'precision_weighted': 0.9929908704976883, 'precision_binary': 0.9325221238938053, 'recall_macro': 0.9925531176964748, 'recall_micro': 0.99259, 'recall_weighted': 0.99259, 'recall_binary': 0.9925077598201862, 'roc_auc': 0.9997288846093089}
Validation statistic: Loss: 3.7032, dev_score: {'accuracy': 0.7903141361256545, 'balanced_accuracy': 0.6188298045379296, 'f1_macro': 0.6356176804414859, 'f1_micro': 0.7903141361256545, 'f1_weighted': 0.7590516543220638, 'f1_binary': 0.3981968444778362, 'pr_auc': 0.46057038297975306, 'precision_macro': 0.7243348623202589, 'precision_micro': 0.7903141361256545, 'precision_weighted': 0.7681299284223697, 'precision_binary': 0.6400966183574879, 'recall_macro': 0.6188298045379296, 'recall_micro': 0.7903141361256545, 'recall_weighted': 0.7903141361256545, 'recall_binary': 0.2889858233369684, 'roc_auc': 0.6261162915361125}
-----------------------
Epoch 23/100
Training statistic: Loss: 0.0150, train_score: {'accuracy': 0.99439, 'balanced_accuracy': 0.9898498161324504, 'f1_macro': 0.9836509107063041, 'f1_micro': 0.99439, 'f1_weighted': 0.9944253786918876, 'f1_binary': 0.9704004643064422, 'pr_auc': 0.9978874614851636, 'precision_macro': 0.9776467945182392, 'precision_micro': 0.99439, 'precision_weighted': 0.9945006817495328, 'precision_binary': 0.9569198751300728, 'recall_macro': 0.9898498161324504, 'recall_micro': 0.99439, 'recall_weighted': 0.99439, 'recall_binary': 0.9842662956223911, 'roc_auc': 0.9997780128144215}
Validation statistic: Loss: 3.6444, dev_score: {'accuracy': 0.7924083769633508, 'balanced_accuracy': 0.6202076894845365, 'f1_macro': 0.6375352068606099, 'f1_micro': 0.7924083769633508, 'f1_weighted': 0.7607142680636709, 'f1_binary': 0.40060468631897206, 'pr_auc': 0.43238071841277903, 'precision_macro': 0.7308655175299621, 'precision_micro': 0.7924083769633508, 'precision_weighted': 0.7714985357595866, 'precision_binary': 0.6527093596059114, 'recall_macro': 0.6202076894845365, 'recall_micro': 0.7924083769633508, 'recall_weighted': 0.7924083769633508, 'recall_binary': 0.2889858233369684, 'roc_auc': 0.5674750408613509}
-----------------------
Epoch 24/100
Training statistic: Loss: 0.0148, train_score: {'accuracy': 0.99396, 'balanced_accuracy': 0.9913406839597971, 'f1_macro': 0.98249281135124, 'f1_micro': 0.99396, 'f1_weighted': 0.9940141252664437, 'f1_binary': 0.9683238934340256, 'pr_auc': 0.9975006188487878, 'precision_macro': 0.974038168150873, 'precision_micro': 0.99396, 'precision_weighted': 0.9941489544324361, 'precision_binary': 0.9493059125964011, 'recall_macro': 0.9913406839597971, 'recall_micro': 0.99396, 'recall_weighted': 0.99396, 'recall_binary': 0.9881194477148667, 'roc_auc': 0.9997434381848261}
Validation statistic: Loss: 3.8758, dev_score: {'accuracy': 0.7908376963350785, 'balanced_accuracy': 0.6191742757745813, 'f1_macro': 0.6360958728289695, 'f1_micro': 0.7908376963350785, 'f1_weighted': 0.759466913167441, 'f1_binary': 0.39879608728367194, 'pr_auc': 0.4343118108056771, 'precision_macro': 0.7259446647522676, 'precision_micro': 0.7908376963350785, 'precision_weighted': 0.7689612070498185, 'precision_binary': 0.6432038834951457, 'recall_macro': 0.6191742757745813, 'recall_micro': 0.7908376963350785, 'recall_weighted': 0.7908376963350785, 'recall_binary': 0.2889858233369684, 'roc_auc': 0.553846263651598}
-----------------------
Epoch 25/100
Training statistic: Loss: 0.0143, train_score: {'accuracy': 0.99441, 'balanced_accuracy': 0.9893328389391524, 'f1_macro': 0.9836907031848989, 'f1_micro': 0.99441, 'f1_weighted': 0.994442129727351, 'f1_binary': 0.9704685931639284, 'pr_auc': 0.9977975753797488, 'precision_macro': 0.9782103224626578, 'precision_micro': 0.99441, 'precision_weighted': 0.994507404900321, 'precision_binary': 0.9581681619027749, 'recall_macro': 0.9893328389391524, 'recall_micro': 0.99441, 'recall_weighted': 0.99441, 'recall_binary': 0.9830889435941347, 'roc_auc': 0.9997690306125446}
Validation statistic: Loss: 4.0871, dev_score: {'accuracy': 0.7921465968586388, 'balanced_accuracy': 0.6196624332140894, 'f1_macro': 0.6368610875250647, 'f1_micro': 0.7921465968586388, 'f1_weighted': 0.7603186621993954, 'f1_binary': 0.39939485627836613, 'pr_auc': 0.40620904859658724, 'precision_macro': 0.7303183124559406, 'precision_micro': 0.7921465968586388, 'precision_weighted': 0.7711126555867573, 'precision_binary': 0.6518518518518519, 'recall_macro': 0.6196624332140894, 'recall_micro': 0.7921465968586388, 'recall_weighted': 0.7921465968586388, 'recall_binary': 0.28789531079607417, 'roc_auc': 0.49223681289351706}
-----------------------
Epoch 26/100
Training statistic: Loss: 0.0137, train_score: {'accuracy': 0.99389, 'balanced_accuracy': 0.9916860825614221, 'f1_macro': 0.9823090009331434, 'f1_micro': 0.99389, 'f1_weighted': 0.9939479701222618, 'f1_binary': 0.9679953904981405, 'pr_auc': 0.9977210941480354, 'precision_macro': 0.9733727485258938, 'precision_micro': 0.99389, 'precision_weighted': 0.9940964366204663, 'precision_binary': 0.9478867459991793, 'recall_macro': 0.9916860825614221, 'recall_micro': 0.99389, 'recall_weighted': 0.99389, 'recall_binary': 0.9889757037354169, 'roc_auc': 0.9997631640824283}
Validation statistic: Loss: 3.9979, dev_score: {'accuracy': 0.7913612565445026, 'balanced_accuracy': 0.6195187470112331, 'f1_macro': 0.6365748552257151, 'f1_micro': 0.7913612565445026, 'f1_weighted': 0.7598824336529563, 'f1_binary': 0.39939713639789, 'pr_auc': 0.4524540506523188, 'precision_macro': 0.7275695586867892, 'precision_micro': 0.7913612565445026, 'precision_weighted': 0.7697996626685955, 'precision_binary': 0.6463414634146342, 'recall_macro': 0.6195187470112331, 'recall_micro': 0.7913612565445026, 'recall_weighted': 0.7913612565445026, 'recall_binary': 0.2889858233369684, 'roc_auc': 0.6106233501912623}
-----------------------
Epoch 27/100
Training statistic: Loss: 0.0150, train_score: {'accuracy': 0.99372, 'balanced_accuracy': 0.9921683310534444, 'f1_macro': 0.9818516337443666, 'f1_micro': 0.99372, 'f1_weighted': 0.9937854559448732, 'f1_binary': 0.967175412920761, 'pr_auc': 0.9978045649070553, 'precision_macro': 0.9720668803668593, 'precision_micro': 0.99372, 'precision_weighted': 0.9939601654113646, 'precision_binary': 0.945142506895495, 'recall_macro': 0.9921683310534444, 'recall_micro': 0.99372, 'recall_weighted': 0.99372, 'recall_binary': 0.9902600877662421, 'roc_auc': 0.9997695382816834}
Validation statistic: Loss: 3.8269, dev_score: {'accuracy': 0.7921465968586388, 'balanced_accuracy': 0.6204084745183319, 'f1_macro': 0.6377271700083752, 'f1_micro': 0.7921465968586388, 'f1_weighted': 0.7606930808843269, 'f1_binary': 0.40120663650075417, 'pr_auc': 0.43094130215857285, 'precision_macro': 0.72975681295736, 'precision_micro': 0.7921465968586388, 'precision_weighted': 0.7710313335529427, 'precision_binary': 0.6503667481662592, 'recall_macro': 0.6204084745183319, 'recall_micro': 0.7921465968586388, 'recall_weighted': 0.7921465968586388, 'recall_binary': 0.2900763358778626, 'roc_auc': 0.5444893805565709}
-----------------------
Epoch 28/100
Training statistic: Loss: 0.0144, train_score: {'accuracy': 0.99378, 'balanced_accuracy': 0.9920574206947813, 'f1_macro': 0.982014937664121, 'f1_micro': 0.99378, 'f1_weighted': 0.9938431310219309, 'f1_binary': 0.9674686192468619, 'pr_auc': 0.9979017891153095, 'precision_macro': 0.9724769206320691, 'precision_micro': 0.99378, 'precision_weighted': 0.994009856958598, 'precision_binary': 0.9459957042037435, 'recall_macro': 0.9920574206947813, 'recall_micro': 0.99378, 'recall_weighted': 0.99378, 'recall_binary': 0.9899389917585358, 'roc_auc': 0.9997828415743684}
Validation statistic: Loss: 4.1108, dev_score: {'accuracy': 0.7916230366492146, 'balanced_accuracy': 0.6200640032816802, 'f1_macro': 0.6372467054529907, 'f1_micro': 0.7916230366492146, 'f1_weighted': 0.7602769597690824, 'f1_binary': 0.4006024096385542, 'pr_auc': 0.42049750439276024, 'precision_macro': 0.7281184270347777, 'precision_micro': 0.7916230366492146, 'precision_weighted': 0.7701865239975101, 'precision_binary': 0.6472019464720195, 'recall_macro': 0.6200640032816802, 'recall_micro': 0.7916230366492146, 'recall_weighted': 0.7916230366492146, 'recall_binary': 0.2900763358778626, 'roc_auc': 0.5224997567664932}
-----------------------
Epoch 29/100
Training statistic: Loss: 0.0124, train_score: {'accuracy': 0.99508, 'balanced_accuracy': 0.9892703572647539, 'f1_macro': 0.9855875011885624, 'f1_micro': 0.99508, 'f1_weighted': 0.9950984806399059, 'f1_binary': 0.9738908936531522, 'pr_auc': 0.9980668969002328, 'precision_macro': 0.9819738750777465, 'precision_micro': 0.99508, 'precision_weighted': 0.9951311313300999, 'precision_binary': 0.9657930744132197, 'recall_macro': 0.9892703572647539, 'recall_micro': 0.99508, 'recall_weighted': 0.99508, 'recall_binary': 0.9821256555710157, 'roc_auc': 0.9997980338684995}
Validation statistic: Loss: 4.1739, dev_score: {'accuracy': 0.7916230366492146, 'balanced_accuracy': 0.6193179619774377, 'f1_macro': 0.6363812042116219, 'f1_micro': 0.7916230366492146, 'f1_weighted': 0.759902950694418, 'f1_binary': 0.3987915407854985, 'pr_auc': 0.4309352024016058, 'precision_macro': 0.7286606852970756, 'precision_micro': 0.7916230366492146, 'precision_weighted': 0.7702585661305248, 'precision_binary': 0.6486486486486487, 'recall_macro': 0.6193179619774377, 'recall_micro': 0.7916230366492146, 'recall_weighted': 0.7916230366492146, 'recall_binary': 0.28789531079607417, 'roc_auc': 0.5571506706670909}
-----------------------
Epoch 30/100
Training statistic: Loss: 0.0130, train_score: {'accuracy': 0.99445, 'balanced_accuracy': 0.9920909404351316, 'f1_macro': 0.9838911750667072, 'f1_micro': 0.99445, 'f1_weighted': 0.9944960377861124, 'f1_binary': 0.9708493093124639, 'pr_auc': 0.9979928388167474, 'precision_macro': 0.9760290616455338, 'precision_micro': 0.99445, 'precision_weighted': 0.9946113386075606, 'precision_binary': 0.9531765676567657, 'recall_macro': 0.9920909404351316, 'recall_micro': 0.99445, 'recall_weighted': 0.99445, 'recall_binary': 0.9891897677405544, 'roc_auc': 0.9997898025446977}
Validation statistic: Loss: 4.1450, dev_score: {'accuracy': 0.7910994764397906, 'balanced_accuracy': 0.6193465113929072, 'f1_macro': 0.6363352650144304, 'f1_micro': 0.7910994764397906, 'f1_weighted': 0.7596746405725224, 'f1_binary': 0.3990963855421687, 'pr_auc': 0.4220559845119778, 'precision_macro': 0.7267552114447302, 'precision_micro': 0.7910994764397906, 'precision_weighted': 0.7693795310845534, 'precision_binary': 0.6447688564476886, 'recall_macro': 0.6193465113929072, 'recall_micro': 0.7910994764397906, 'recall_weighted': 0.7910994764397906, 'recall_binary': 0.2889858233369684, 'roc_auc': 0.5324789044236944}
-----------------------
Epoch 31/100
Training statistic: Loss: 0.0132, train_score: {'accuracy': 0.99422, 'balanced_accuracy': 0.9922040922120732, 'f1_macro': 0.9832495754920789, 'f1_micro': 0.99422, 'f1_weighted': 0.9942723253244866, 'f1_binary': 0.9696937919463087, 'pr_auc': 0.9980317913726431, 'precision_macro': 0.9746969654793718, 'precision_micro': 0.99422, 'precision_weighted': 0.9944071294808908, 'precision_binary': 0.9504573954157673, 'recall_macro': 0.9922040922120732, 'recall_micro': 0.99422, 'recall_weighted': 0.99422, 'recall_binary': 0.9897249277533983, 'roc_auc': 0.9997947700281883}
Validation statistic: Loss: 4.2766, dev_score: {'accuracy': 0.7908376963350785, 'balanced_accuracy': 0.6191742757745813, 'f1_macro': 0.6360958728289695, 'f1_micro': 0.7908376963350785, 'f1_weighted': 0.759466913167441, 'f1_binary': 0.39879608728367194, 'pr_auc': 0.42535496412369883, 'precision_macro': 0.7259446647522676, 'precision_micro': 0.7908376963350785, 'precision_weighted': 0.7689612070498185, 'precision_binary': 0.6432038834951457, 'recall_macro': 0.6191742757745813, 'recall_micro': 0.7908376963350785, 'recall_weighted': 0.7908376963350785, 'recall_binary': 0.2889858233369684, 'roc_auc': 0.532347614677555}
-----------------------
Epoch 32/100
Training statistic: Loss: 0.0126, train_score: {'accuracy': 0.9946, 'balanced_accuracy': 0.993757693187136, 'f1_macro': 0.9843640145438988, 'f1_micro': 0.9946, 'f1_weighted': 0.9946511103463634, 'f1_binary': 0.9717129387113672, 'pr_auc': 0.9983102706202313, 'precision_macro': 0.9754107029913701, 'precision_micro': 0.9946, 'precision_weighted': 0.9947925937443542, 'precision_binary': 0.9515748435416026, 'recall_macro': 0.993757693187136, 'recall_micro': 0.9946, 'recall_weighted': 0.9946, 'recall_binary': 0.9927218238253238, 'roc_auc': 0.9998240454184141}
Validation statistic: Loss: 4.1880, dev_score: {'accuracy': 0.7921465968586388, 'balanced_accuracy': 0.6204084745183319, 'f1_macro': 0.6377271700083752, 'f1_micro': 0.7921465968586388, 'f1_weighted': 0.7606930808843269, 'f1_binary': 0.40120663650075417, 'pr_auc': 0.45427969178478367, 'precision_macro': 0.72975681295736, 'precision_micro': 0.7921465968586388, 'precision_weighted': 0.7710313335529427, 'precision_binary': 0.6503667481662592, 'recall_macro': 0.6204084745183319, 'recall_micro': 0.7921465968586388, 'recall_weighted': 0.7921465968586388, 'recall_binary': 0.2900763358778626, 'roc_auc': 0.5999592043878949}
Early stopping by loss triggered!
Testing statistic: loss: 0.8221746679865354, scores: {'accuracy': 0.7976052935616007, 'balanced_accuracy': 0.6221656454695292, 'f1_macro': 0.6406795260423793, 'f1_micro': 0.7976052935616007, 'f1_weighted': 0.7647087443947455, 'f1_binary': 0.4032208113967172, 'pr_auc': 0.5008134173812485, 'precision_macro': 0.7461026975024846, 'precision_micro': 0.7976052935616007, 'precision_weighted': 0.7797543083554586, 'precision_binary': 0.6816753926701571, 'recall_macro': 0.6221656454695292, 'recall_micro': 0.7976052935616007, 'recall_weighted': 0.7976052935616007, 'recall_binary': 0.2862796833773087, 'roc_auc': 0.7003104672312166}
Finish training!
