=====Setting up data=====
Dataset name:california_housing
train_option:synthetic
augment_option:tvae_compare_dnn
mix_ratio:-1
n_sample:-1
Dataset name:california_housing
Training dataset size: 100096 samples
Validation dataset size: 1664 samples

=====Setting up parameters for training=====
num_epochs: 100
learning_rate: 0.001
patience: 30
early_stop_criterion: loss
=====Setting up metrics for evaluating and plotting=====
metrics for evaluating: ['mae', 'mse', 'r2']
metric for plotting: mse
=====Setting up trainer=====
input_size: 8
model: DNN_News
----------------------------------------------------------------
        Layer (type)               Output Shape         Param #
================================================================
            Linear-1                  [-1, 512]           4,608
              ReLU-2                  [-1, 512]               0
       BatchNorm1d-3                  [-1, 512]           1,024
           Dropout-4                  [-1, 512]               0
            Linear-5                  [-1, 512]         262,656
              ReLU-6                  [-1, 512]               0
       BatchNorm1d-7                  [-1, 512]           1,024
           Dropout-8                  [-1, 512]               0
            Linear-9                  [-1, 256]         131,328
             ReLU-10                  [-1, 256]               0
      BatchNorm1d-11                  [-1, 256]             512
          Dropout-12                  [-1, 256]               0
           Linear-13                  [-1, 128]          32,896
             ReLU-14                  [-1, 128]               0
      BatchNorm1d-15                  [-1, 128]             256
          Dropout-16                  [-1, 128]               0
           Linear-17                    [-1, 1]             129
================================================================
Total params: 434,433
Trainable params: 434,433
Non-trainable params: 0
----------------------------------------------------------------
Input size (MB): 0.00
Forward/backward pass size (MB): 0.04
Params size (MB): 1.66
Estimated Total Size (MB): 1.70
----------------------------------------------------------------
=====Setting up output files=====
weight_dir, weight_file: /home/thuy/Research/minh_data_synth/TabularDA/.cache/housing_no_faker_runtime_20261009/output/housing_no_faker_20261009/california_housing/weight/, california_housing_seed43_tvae_full_dnn_synthetic.weights.pth
acc_dir, acc_file: /home/thuy/Research/minh_data_synth/TabularDA/.cache/housing_no_faker_runtime_20261009/output/housing_no_faker_20261009/california_housing/acc/, california_housing_seed43_tvae_full_dnn_synthetic.epochs.csv
report_file: california_housing_seed43_tvae_full_dnn_synthetic.report.txt
==========================================================================================
Start training...
-----------------------
Epoch 1/100
Training statistic: Loss: 0.0470, train_score: {'mae': 0.15120706, 'mse': 0.04696225, 'r2': 0.9550693666972799}
Validation statistic: Loss: 0.3869, dev_score: {'mae': 0.41339678, 'mse': 0.3868799, 'r2': 0.7067063572527038}
Saving model...
Model saved!
-------------------------------------------
-----------------------
Epoch 2/100
Training statistic: Loss: 0.0217, train_score: {'mae': 0.100239694, 'mse': 0.021705493, 'r2': 0.9792335022860843}
Validation statistic: Loss: 0.3444, dev_score: {'mae': 0.3964126, 'mse': 0.34442458, 'r2': 0.7388917321049855}
Saving model...
Model saved!
-------------------------------------------
-----------------------
Epoch 3/100
Training statistic: Loss: 0.0176, train_score: {'mae': 0.091283485, 'mse': 0.017614631, 'r2': 0.9831473887120343}
Validation statistic: Loss: 0.3256, dev_score: {'mae': 0.3887225, 'mse': 0.32563886, 'r2': 0.7531331973047652}
Saving model...
Model saved!
-------------------------------------------
-----------------------
Epoch 4/100
Training statistic: Loss: 0.0134, train_score: {'mae': 0.08270542, 'mse': 0.013389429, 'r2': 0.9871898083386561}
Validation statistic: Loss: 0.3119, dev_score: {'mae': 0.38669565, 'mse': 0.31193227, 'r2': 0.763524158287768}
Saving model...
Model saved!
-------------------------------------------
-----------------------
Epoch 5/100
Training statistic: Loss: 0.0138, train_score: {'mae': 0.08766088, 'mse': 0.013764291, 'r2': 0.986831162540931}
Validation statistic: Loss: 0.3033, dev_score: {'mae': 0.38555053, 'mse': 0.3033391, 'r2': 0.7700386472921078}
Saving model...
Model saved!
-------------------------------------------
-----------------------
Epoch 6/100
Training statistic: Loss: 0.0139, train_score: {'mae': 0.0811691, 'mse': 0.013858073, 'r2': 0.9867414368733993}
Validation statistic: Loss: 0.3055, dev_score: {'mae': 0.383903, 'mse': 0.30548546, 'r2': 0.7684114918573577}
-----------------------
Epoch 7/100
Training statistic: Loss: 0.0106, train_score: {'mae': 0.07518114, 'mse': 0.010622847, 'r2': 0.9898367049460971}
Validation statistic: Loss: 0.3005, dev_score: {'mae': 0.38124576, 'mse': 0.30045104, 'r2': 0.7722280763761495}
Saving model...
Model saved!
-------------------------------------------
-----------------------
Epoch 8/100
Training statistic: Loss: 0.0095, train_score: {'mae': 0.0711494, 'mse': 0.009549268, 'r2': 0.9908638402278827}
Validation statistic: Loss: 0.2956, dev_score: {'mae': 0.37892348, 'mse': 0.29558557, 'r2': 0.7759165935830514}
Saving model...
Model saved!
-------------------------------------------
-----------------------
Epoch 9/100
Training statistic: Loss: 0.0101, train_score: {'mae': 0.070244074, 'mse': 0.010090969, 'r2': 0.9903455737969671}
Validation statistic: Loss: 0.2957, dev_score: {'mae': 0.37470263, 'mse': 0.29574865, 'r2': 0.7757929686214581}
-----------------------
Epoch 10/100
Training statistic: Loss: 0.0094, train_score: {'mae': 0.068718344, 'mse': 0.009425096, 'r2': 0.9909826394609488}
Validation statistic: Loss: 0.2972, dev_score: {'mae': 0.37517315, 'mse': 0.2972187, 'r2': 0.7746785196868732}
-----------------------
Epoch 11/100
Training statistic: Loss: 0.0090, train_score: {'mae': 0.06668347, 'mse': 0.008958692, 'r2': 0.9914288670383187}
Validation statistic: Loss: 0.2956, dev_score: {'mae': 0.37366247, 'mse': 0.29564455, 'r2': 0.7758718732824161}
-----------------------
Epoch 12/100
Training statistic: Loss: 0.0102, train_score: {'mae': 0.06989166, 'mse': 0.0101518, 'r2': 0.9902873744954964}
Validation statistic: Loss: 0.3009, dev_score: {'mae': 0.37415966, 'mse': 0.30085582, 'r2': 0.7719212120943144}
-----------------------
Epoch 13/100
Training statistic: Loss: 0.0079, train_score: {'mae': 0.062159076, 'mse': 0.007880973, 'r2': 0.9924599647843484}
Validation statistic: Loss: 0.2993, dev_score: {'mae': 0.3724112, 'mse': 0.299314, 'r2': 0.773090055204565}
-----------------------
Epoch 14/100
Training statistic: Loss: 0.0106, train_score: {'mae': 0.068864904, 'mse': 0.010556649, 'r2': 0.9899000385297221}
Validation statistic: Loss: 0.2936, dev_score: {'mae': 0.37222663, 'mse': 0.2935749, 'r2': 0.7774409087693516}
Saving model...
Model saved!
-------------------------------------------
-----------------------
Epoch 15/100
Training statistic: Loss: 0.0092, train_score: {'mae': 0.067039974, 'mse': 0.009185283, 'r2': 0.9912120796641493}
Validation statistic: Loss: 0.2912, dev_score: {'mae': 0.37426522, 'mse': 0.29119718, 'r2': 0.7792434346466223}
Saving model...
Model saved!
-------------------------------------------
-----------------------
Epoch 16/100
Training statistic: Loss: 0.0081, train_score: {'mae': 0.062469345, 'mse': 0.008099563, 'r2': 0.9922508298369704}
Validation statistic: Loss: 0.2864, dev_score: {'mae': 0.3708561, 'mse': 0.28644255, 'r2': 0.7828479258601643}
Saving model...
Model saved!
-------------------------------------------
-----------------------
Epoch 17/100
Training statistic: Loss: 0.0083, train_score: {'mae': 0.063156344, 'mse': 0.008292794, 'r2': 0.9920659574145494}
Validation statistic: Loss: 0.2830, dev_score: {'mae': 0.36742246, 'mse': 0.2829697, 'r2': 0.7854806516063901}
Saving model...
Model saved!
-------------------------------------------
-----------------------
Epoch 18/100
Training statistic: Loss: 0.0091, train_score: {'mae': 0.065344304, 'mse': 0.009094163, 'r2': 0.9912992578239613}
Validation statistic: Loss: 0.3008, dev_score: {'mae': 0.3670709, 'mse': 0.30081528, 'r2': 0.7719519277986326}
-----------------------
Epoch 19/100
Training statistic: Loss: 0.0065, train_score: {'mae': 0.05678748, 'mse': 0.006457821, 'r2': 0.9938215492033958}
Validation statistic: Loss: 0.2922, dev_score: {'mae': 0.36607024, 'mse': 0.29216927, 'r2': 0.7785064813745115}
-----------------------
Epoch 20/100
Training statistic: Loss: 0.0067, train_score: {'mae': 0.05625722, 'mse': 0.0066836784, 'r2': 0.9936054627631953}
Validation statistic: Loss: 0.2890, dev_score: {'mae': 0.36561644, 'mse': 0.28900954, 'r2': 0.7809018760386535}
-----------------------
Epoch 21/100
Training statistic: Loss: 0.0074, train_score: {'mae': 0.058145273, 'mse': 0.007427638, 'r2': 0.9928936867600615}
Validation statistic: Loss: 0.2939, dev_score: {'mae': 0.36729342, 'mse': 0.2939413, 'r2': 0.7771631199752207}
-----------------------
Epoch 22/100
Training statistic: Loss: 0.0089, train_score: {'mae': 0.06045939, 'mse': 0.008852599, 'r2': 0.9915303702947531}
Validation statistic: Loss: 0.3009, dev_score: {'mae': 0.36915904, 'mse': 0.300893, 'r2': 0.7718930022943482}
-----------------------
Epoch 23/100
Training statistic: Loss: 0.0077, train_score: {'mae': 0.057723265, 'mse': 0.007692276, 'r2': 0.9926404979363268}
Validation statistic: Loss: 0.2939, dev_score: {'mae': 0.36927757, 'mse': 0.29394856, 'r2': 0.7771576125082061}
-----------------------
Epoch 24/100
Training statistic: Loss: 0.0075, train_score: {'mae': 0.060753267, 'mse': 0.007510557, 'r2': 0.9928143552105122}
Validation statistic: Loss: 0.2893, dev_score: {'mae': 0.36618587, 'mse': 0.2893151, 'r2': 0.7806702171604187}
-----------------------
Epoch 25/100
Training statistic: Loss: 0.0075, train_score: {'mae': 0.05795456, 'mse': 0.0075214338, 'r2': 0.9928039486975858}
Validation statistic: Loss: 0.2914, dev_score: {'mae': 0.36822262, 'mse': 0.29137275, 'r2': 0.7791103315745673}
-----------------------
Epoch 26/100
Training statistic: Loss: 0.0076, train_score: {'mae': 0.055937998, 'mse': 0.0075573283, 'r2': 0.9927696069506313}
Validation statistic: Loss: 0.2922, dev_score: {'mae': 0.36715245, 'mse': 0.29222083, 'r2': 0.7784673839429208}
-----------------------
Epoch 27/100
Training statistic: Loss: 0.0079, train_score: {'mae': 0.0573036, 'mse': 0.007919582, 'r2': 0.9924230252429319}
Validation statistic: Loss: 0.2939, dev_score: {'mae': 0.3695219, 'mse': 0.29390717, 'r2': 0.7771889753138717}
-----------------------
Epoch 28/100
Training statistic: Loss: 0.0060, train_score: {'mae': 0.052798398, 'mse': 0.0059892302, 'r2': 0.994269868340873}
Validation statistic: Loss: 0.2907, dev_score: {'mae': 0.36687052, 'mse': 0.2906627, 'r2': 0.7796486031966572}
-----------------------
Epoch 29/100
Training statistic: Loss: 0.0068, train_score: {'mae': 0.054501627, 'mse': 0.006759899, 'r2': 0.9935325394535096}
Validation statistic: Loss: 0.2891, dev_score: {'mae': 0.3653313, 'mse': 0.2891055, 'r2': 0.7808291353365505}
-----------------------
Epoch 30/100
Training statistic: Loss: 0.0064, train_score: {'mae': 0.053387154, 'mse': 0.0064184004, 'r2': 0.9938592643226003}
Validation statistic: Loss: 0.2959, dev_score: {'mae': 0.3683395, 'mse': 0.29590124, 'r2': 0.7756772667225569}
-----------------------
Epoch 31/100
Training statistic: Loss: 0.0079, train_score: {'mae': 0.0629771, 'mse': 0.0078557, 'r2': 0.9924841425090783}
Validation statistic: Loss: 0.2932, dev_score: {'mae': 0.36697006, 'mse': 0.29322177, 'r2': 0.7777085678994279}
-----------------------
Epoch 32/100
Training statistic: Loss: 0.0078, train_score: {'mae': 0.058079317, 'mse': 0.007822854, 'r2': 0.9925155672180794}
Validation statistic: Loss: 0.2912, dev_score: {'mae': 0.36636665, 'mse': 0.29119197, 'r2': 0.7792473801992943}
-----------------------
Epoch 33/100
Training statistic: Loss: 0.0077, train_score: {'mae': 0.056412518, 'mse': 0.0076822997, 'r2': 0.9926500419841773}
Validation statistic: Loss: 0.2890, dev_score: {'mae': 0.3708184, 'mse': 0.2890231, 'r2': 0.7808916126531523}
-----------------------
Epoch 34/100
Training statistic: Loss: 0.0066, train_score: {'mae': 0.05294633, 'mse': 0.006602492, 'r2': 0.9936831362736094}
Validation statistic: Loss: 0.2865, dev_score: {'mae': 0.36200294, 'mse': 0.28654855, 'r2': 0.7827675541593557}
-----------------------
Epoch 35/100
Training statistic: Loss: 0.0068, train_score: {'mae': 0.052704312, 'mse': 0.0067975395, 'r2': 0.993496525967106}
Validation statistic: Loss: 0.2896, dev_score: {'mae': 0.36744243, 'mse': 0.28961453, 'r2': 0.7804432538663071}
-----------------------
Epoch 36/100
Training statistic: Loss: 0.0068, train_score: {'mae': 0.05374539, 'mse': 0.00683033, 'r2': 0.9934651547076013}
Validation statistic: Loss: 0.2954, dev_score: {'mae': 0.36918432, 'mse': 0.29536927, 'r2': 0.7760805686134394}
-----------------------
Epoch 37/100
Training statistic: Loss: 0.0086, train_score: {'mae': 0.05874692, 'mse': 0.008576951, 'r2': 0.9917940937915746}
Validation statistic: Loss: 0.2938, dev_score: {'mae': 0.36571392, 'mse': 0.2938222, 'r2': 0.7772533942361829}
-----------------------
Epoch 38/100
Training statistic: Loss: 0.0072, train_score: {'mae': 0.055116743, 'mse': 0.007232479, 'r2': 0.9930804038375354}
Validation statistic: Loss: 0.2935, dev_score: {'mae': 0.36901113, 'mse': 0.29349914, 'r2': 0.7774983105793477}
-----------------------
Epoch 39/100
Training statistic: Loss: 0.0072, train_score: {'mae': 0.052872606, 'mse': 0.0071617626, 'r2': 0.9931480608780424}
Validation statistic: Loss: 0.2896, dev_score: {'mae': 0.36819482, 'mse': 0.28955784, 'r2': 0.7804862192245137}
-----------------------
Epoch 40/100
Training statistic: Loss: 0.0076, train_score: {'mae': 0.054161344, 'mse': 0.007574809, 'r2': 0.9927528821161873}
Validation statistic: Loss: 0.2880, dev_score: {'mae': 0.3652803, 'mse': 0.28797153, 'r2': 0.7816887973538744}
-----------------------
Epoch 41/100
Training statistic: Loss: 0.0062, train_score: {'mae': 0.049015682, 'mse': 0.0062415013, 'r2': 0.9940285100473114}
Validation statistic: Loss: 0.2988, dev_score: {'mae': 0.36602926, 'mse': 0.29875392, 'r2': 0.7735146645919564}
-----------------------
Epoch 42/100
Training statistic: Loss: 0.0066, train_score: {'mae': 0.05272581, 'mse': 0.0065714284, 'r2': 0.9937128564727872}
Validation statistic: Loss: 0.2955, dev_score: {'mae': 0.36643445, 'mse': 0.29549703, 'r2': 0.7759837005959397}
-----------------------
Epoch 43/100
Training statistic: Loss: 0.0068, train_score: {'mae': 0.052004997, 'mse': 0.0068220147, 'r2': 0.9934731110858747}
Validation statistic: Loss: 0.2963, dev_score: {'mae': 0.36554173, 'mse': 0.29627833, 'r2': 0.7753913975659776}
-----------------------
Epoch 44/100
Training statistic: Loss: 0.0068, train_score: {'mae': 0.055044107, 'mse': 0.006809873, 'r2': 0.9934847277026204}
Validation statistic: Loss: 0.2996, dev_score: {'mae': 0.36647993, 'mse': 0.29962182, 'r2': 0.7728567049614696}
-----------------------
Epoch 45/100
Training statistic: Loss: 0.0074, train_score: {'mae': 0.056589667, 'mse': 0.0073856725, 'r2': 0.9929338376156471}
Validation statistic: Loss: 0.2971, dev_score: {'mae': 0.3673265, 'mse': 0.29706407, 'r2': 0.7747957430497381}
-----------------------
Epoch 46/100
Training statistic: Loss: 0.0073, train_score: {'mae': 0.053724214, 'mse': 0.007272139, 'r2': 0.9930424595557747}
Validation statistic: Loss: 0.2977, dev_score: {'mae': 0.36537078, 'mse': 0.2976769, 'r2': 0.7743311606416279}
-----------------------
Epoch 47/100
Training statistic: Loss: 0.0068, train_score: {'mae': 0.052351773, 'mse': 0.006837124, 'r2': 0.9934586546507485}
Validation statistic: Loss: 0.2891, dev_score: {'mae': 0.36405507, 'mse': 0.28913808, 'r2': 0.7808044153486728}
-----------------------
Epoch 48/100
Training statistic: Loss: 0.0075, train_score: {'mae': 0.052148793, 'mse': 0.0075073647, 'r2': 0.9928174103666288}
Validation statistic: Loss: 0.2916, dev_score: {'mae': 0.36151037, 'mse': 0.29155168, 'r2': 0.77897469213249}
Early stopping (loss) triggered!
Early stopping by loss
Testing statistic: loss: 0.28160469638284785, scores: {'mae': 0.3553647, 'mse': 0.28160468, 'r2': 0.7943350458715398}
Finish training!
