=====Setting up data=====
Dataset name:california_housing
train_option:synthetic
augment_option:tvae_dnn
mix_ratio:-1
n_sample:-1
Dataset name:california_housing
Training dataset size: 100096 samples
Validation dataset size: 1664 samples

=====Setting up parameters for training=====
num_epochs: 100
learning_rate: 0.001
patience: 30
early_stop_criterion: loss
=====Setting up metrics for evaluating and plotting=====
metrics for evaluating: ['mae', 'mse', 'r2']
metric for plotting: mse
=====Setting up trainer=====
input_size: 8
model: DNN_News
----------------------------------------------------------------
        Layer (type)               Output Shape         Param #
================================================================
            Linear-1                  [-1, 512]           4,608
              ReLU-2                  [-1, 512]               0
       BatchNorm1d-3                  [-1, 512]           1,024
           Dropout-4                  [-1, 512]               0
            Linear-5                  [-1, 512]         262,656
              ReLU-6                  [-1, 512]               0
       BatchNorm1d-7                  [-1, 512]           1,024
           Dropout-8                  [-1, 512]               0
            Linear-9                  [-1, 256]         131,328
             ReLU-10                  [-1, 256]               0
      BatchNorm1d-11                  [-1, 256]             512
          Dropout-12                  [-1, 256]               0
           Linear-13                  [-1, 128]          32,896
             ReLU-14                  [-1, 128]               0
      BatchNorm1d-15                  [-1, 128]             256
          Dropout-16                  [-1, 128]               0
           Linear-17                    [-1, 1]             129
================================================================
Total params: 434,433
Trainable params: 434,433
Non-trainable params: 0
----------------------------------------------------------------
Input size (MB): 0.00
Forward/backward pass size (MB): 0.04
Params size (MB): 1.66
Estimated Total Size (MB): 1.70
----------------------------------------------------------------
=====Setting up output files=====
weight_dir, weight_file: /home/thuy/Research/minh_data_synth/TabularDA/.cache/housing_no_faker_runtime_20261009/output/housing_no_faker_20261009/california_housing/weight/, california_housing_seed43_tvae_xonly_dnn_synthetic.weights.pth
acc_dir, acc_file: /home/thuy/Research/minh_data_synth/TabularDA/.cache/housing_no_faker_runtime_20261009/output/housing_no_faker_20261009/california_housing/acc/, california_housing_seed43_tvae_xonly_dnn_synthetic.epochs.csv
report_file: california_housing_seed43_tvae_xonly_dnn_synthetic.report.txt
==========================================================================================
Start training...
-----------------------
Epoch 1/100
Training statistic: Loss: 0.0451, train_score: {'mae': 0.15116686, 'mse': 0.045135148, 'r2': 0.9611633076697135}
Validation statistic: Loss: 0.3798, dev_score: {'mae': 0.40679166, 'mse': 0.37977907, 'r2': 0.7120894671902532}
Saving model...
Model saved!
-------------------------------------------
-----------------------
Epoch 2/100
Training statistic: Loss: 0.0299, train_score: {'mae': 0.12089733, 'mse': 0.029868584, 'r2': 0.9742994763630454}
Validation statistic: Loss: 0.3114, dev_score: {'mae': 0.38236097, 'mse': 0.31139502, 'r2': 0.763931460208211}
Saving model...
Model saved!
-------------------------------------------
-----------------------
Epoch 3/100
Training statistic: Loss: 0.0227, train_score: {'mae': 0.10686232, 'mse': 0.022714287, 'r2': 0.9804554162732131}
Validation statistic: Loss: 0.3099, dev_score: {'mae': 0.37616453, 'mse': 0.30987528, 'r2': 0.7650835781325378}
Saving model...
Model saved!
-------------------------------------------
-----------------------
Epoch 4/100
Training statistic: Loss: 0.0160, train_score: {'mae': 0.09073356, 'mse': 0.016002305, 'r2': 0.9862307628767115}
Validation statistic: Loss: 0.2946, dev_score: {'mae': 0.3742521, 'mse': 0.29463094, 'r2': 0.7766402889483139}
Saving model...
Model saved!
-------------------------------------------
-----------------------
Epoch 5/100
Training statistic: Loss: 0.0156, train_score: {'mae': 0.08899156, 'mse': 0.01555476, 'r2': 0.9866158560482652}
Validation statistic: Loss: 0.3011, dev_score: {'mae': 0.3759156, 'mse': 0.3010607, 'r2': 0.7717658855572757}
-----------------------
Epoch 6/100
Training statistic: Loss: 0.0118, train_score: {'mae': 0.077760756, 'mse': 0.011833355, 'r2': 0.9898179509444929}
Validation statistic: Loss: 0.2970, dev_score: {'mae': 0.3741512, 'mse': 0.2970266, 'r2': 0.7748241229564328}
-----------------------
Epoch 7/100
Training statistic: Loss: 0.0130, train_score: {'mae': 0.08082779, 'mse': 0.012962967, 'r2': 0.9888459709378653}
Validation statistic: Loss: 0.2932, dev_score: {'mae': 0.3716132, 'mse': 0.2931701, 'r2': 0.777747747911627}
Saving model...
Model saved!
-------------------------------------------
-----------------------
Epoch 8/100
Training statistic: Loss: 0.0102, train_score: {'mae': 0.07213746, 'mse': 0.010196003, 'r2': 0.9912268146472925}
Validation statistic: Loss: 0.2875, dev_score: {'mae': 0.3697841, 'mse': 0.28748083, 'r2': 0.782060807889722}
Saving model...
Model saved!
-------------------------------------------
-----------------------
Epoch 9/100
Training statistic: Loss: 0.0129, train_score: {'mae': 0.078801125, 'mse': 0.012915367, 'r2': 0.9888869288300622}
Validation statistic: Loss: 0.2916, dev_score: {'mae': 0.36910906, 'mse': 0.29155248, 'r2': 0.7789740708824635}
-----------------------
Epoch 10/100
Training statistic: Loss: 0.0140, train_score: {'mae': 0.081299916, 'mse': 0.013987174, 'r2': 0.9879646879925074}
Validation statistic: Loss: 0.2891, dev_score: {'mae': 0.36592835, 'mse': 0.2890666, 'r2': 0.7808586041847565}
-----------------------
Epoch 11/100
Training statistic: Loss: 0.0115, train_score: {'mae': 0.0758613, 'mse': 0.011475184, 'r2': 0.9901261389231566}
Validation statistic: Loss: 0.2875, dev_score: {'mae': 0.36952174, 'mse': 0.28751275, 'r2': 0.7820365867300989}
-----------------------
Epoch 12/100
Training statistic: Loss: 0.0108, train_score: {'mae': 0.07389306, 'mse': 0.010849667, 'r2': 0.9906643679202836}
Validation statistic: Loss: 0.2900, dev_score: {'mae': 0.36872262, 'mse': 0.29002348, 'r2': 0.780133216578985}
-----------------------
Epoch 13/100
Training statistic: Loss: 0.0121, train_score: {'mae': 0.07974382, 'mse': 0.012148648, 'r2': 0.9895466544401791}
Validation statistic: Loss: 0.2909, dev_score: {'mae': 0.36786845, 'mse': 0.29089266, 'r2': 0.7794742939701221}
-----------------------
Epoch 14/100
Training statistic: Loss: 0.0104, train_score: {'mae': 0.07136579, 'mse': 0.010422998, 'r2': 0.9910314955057015}
Validation statistic: Loss: 0.2881, dev_score: {'mae': 0.3713776, 'mse': 0.28806415, 'r2': 0.7816185620893292}
-----------------------
Epoch 15/100
Training statistic: Loss: 0.0105, train_score: {'mae': 0.07044344, 'mse': 0.010493281, 'r2': 0.9909710210286813}
Validation statistic: Loss: 0.2866, dev_score: {'mae': 0.36746916, 'mse': 0.2865842, 'r2': 0.7827405175026452}
Saving model...
Model saved!
-------------------------------------------
-----------------------
Epoch 16/100
Training statistic: Loss: 0.0112, train_score: {'mae': 0.0745675, 'mse': 0.011181793, 'r2': 0.9903785889087751}
Validation statistic: Loss: 0.2906, dev_score: {'mae': 0.3710513, 'mse': 0.2905907, 'r2': 0.7797032083331853}
-----------------------
Epoch 17/100
Training statistic: Loss: 0.0099, train_score: {'mae': 0.07164598, 'mse': 0.009905127, 'r2': 0.9914771002203329}
Validation statistic: Loss: 0.2877, dev_score: {'mae': 0.36994624, 'mse': 0.28765696, 'r2': 0.7819272689581707}
-----------------------
Epoch 18/100
Training statistic: Loss: 0.0089, train_score: {'mae': 0.06749084, 'mse': 0.00889624, 'r2': 0.9923452006251727}
Validation statistic: Loss: 0.2870, dev_score: {'mae': 0.36775592, 'mse': 0.28700733, 'r2': 0.7824197484914506}
-----------------------
Epoch 19/100
Training statistic: Loss: 0.0084, train_score: {'mae': 0.06334998, 'mse': 0.008368294, 'r2': 0.9927994739672588}
Validation statistic: Loss: 0.2893, dev_score: {'mae': 0.36537275, 'mse': 0.2893067, 'r2': 0.7806765811561799}
-----------------------
Epoch 20/100
Training statistic: Loss: 0.0137, train_score: {'mae': 0.0784838, 'mse': 0.013707458, 'r2': 0.988205371328291}
Validation statistic: Loss: 0.2894, dev_score: {'mae': 0.37002462, 'mse': 0.28940856, 'r2': 0.7805993865300118}
-----------------------
Epoch 21/100
Training statistic: Loss: 0.0101, train_score: {'mae': 0.07158532, 'mse': 0.010146034, 'r2': 0.9912698108206123}
Validation statistic: Loss: 0.2827, dev_score: {'mae': 0.36632314, 'mse': 0.28269672, 'r2': 0.785687601931345}
Saving model...
Model saved!
-------------------------------------------
-----------------------
Epoch 22/100
Training statistic: Loss: 0.0085, train_score: {'mae': 0.061992787, 'mse': 0.00848102, 'r2': 0.9927024773608311}
Validation statistic: Loss: 0.2815, dev_score: {'mae': 0.3656812, 'mse': 0.28152058, 'r2': 0.7865792686886233}
Saving model...
Model saved!
-------------------------------------------
-----------------------
Epoch 23/100
Training statistic: Loss: 0.0103, train_score: {'mae': 0.07010984, 'mse': 0.010343479, 'r2': 0.9910999187847604}
Validation statistic: Loss: 0.2852, dev_score: {'mae': 0.36669382, 'mse': 0.28516567, 'r2': 0.7838159027635885}
-----------------------
Epoch 24/100
Training statistic: Loss: 0.0078, train_score: {'mae': 0.06268674, 'mse': 0.007765246, 'r2': 0.9933183666672706}
Validation statistic: Loss: 0.2806, dev_score: {'mae': 0.36725637, 'mse': 0.28060502, 'r2': 0.7872733469065802}
Saving model...
Model saved!
-------------------------------------------
-----------------------
Epoch 25/100
Training statistic: Loss: 0.0098, train_score: {'mae': 0.07143809, 'mse': 0.0098071005, 'r2': 0.9915614481249853}
Validation statistic: Loss: 0.2862, dev_score: {'mae': 0.3683246, 'mse': 0.28617647, 'r2': 0.7830496325949065}
-----------------------
Epoch 26/100
Training statistic: Loss: 0.0086, train_score: {'mae': 0.064311594, 'mse': 0.0085588535, 'r2': 0.9926355066905704}
Validation statistic: Loss: 0.2843, dev_score: {'mae': 0.36747518, 'mse': 0.28426573, 'r2': 0.7844981575636625}
-----------------------
Epoch 27/100
Training statistic: Loss: 0.0084, train_score: {'mae': 0.062830575, 'mse': 0.008369512, 'r2': 0.9927984261748343}
Validation statistic: Loss: 0.2855, dev_score: {'mae': 0.36759296, 'mse': 0.2855143, 'r2': 0.7835516219663994}
-----------------------
Epoch 28/100
Training statistic: Loss: 0.0086, train_score: {'mae': 0.06268143, 'mse': 0.008647978, 'r2': 0.9925588176547224}
Validation statistic: Loss: 0.2847, dev_score: {'mae': 0.36612555, 'mse': 0.2846732, 'r2': 0.7841892393343228}
-----------------------
Epoch 29/100
Training statistic: Loss: 0.0104, train_score: {'mae': 0.06787817, 'mse': 0.010381368, 'r2': 0.9910673169471009}
Validation statistic: Loss: 0.2892, dev_score: {'mae': 0.36810473, 'mse': 0.28921166, 'r2': 0.7807486330052686}
-----------------------
Epoch 30/100
Training statistic: Loss: 0.0077, train_score: {'mae': 0.060860965, 'mse': 0.007671559, 'r2': 0.9933989812538732}
Validation statistic: Loss: 0.2952, dev_score: {'mae': 0.36975676, 'mse': 0.29522094, 'r2': 0.7761930203623368}
-----------------------
Epoch 31/100
Training statistic: Loss: 0.0088, train_score: {'mae': 0.064290725, 'mse': 0.008816379, 'r2': 0.9924139168420945}
Validation statistic: Loss: 0.2903, dev_score: {'mae': 0.3668042, 'mse': 0.2902697, 'r2': 0.7799465437194034}
-----------------------
Epoch 32/100
Training statistic: Loss: 0.0102, train_score: {'mae': 0.071974635, 'mse': 0.010240575, 'r2': 0.9911884632907453}
Validation statistic: Loss: 0.2910, dev_score: {'mae': 0.37005857, 'mse': 0.29099175, 'r2': 0.7793991585520966}
-----------------------
Epoch 33/100
Training statistic: Loss: 0.0094, train_score: {'mae': 0.06719855, 'mse': 0.009439655, 'r2': 0.9918776175870265}
Validation statistic: Loss: 0.2888, dev_score: {'mae': 0.3696358, 'mse': 0.28883624, 'r2': 0.7810332481479261}
-----------------------
Epoch 34/100
Training statistic: Loss: 0.0112, train_score: {'mae': 0.074558295, 'mse': 0.01124359, 'r2': 0.9903254160584262}
Validation statistic: Loss: 0.2894, dev_score: {'mae': 0.36940953, 'mse': 0.2894476, 'r2': 0.7805697662448741}
-----------------------
Epoch 35/100
Training statistic: Loss: 0.0097, train_score: {'mae': 0.06696395, 'mse': 0.009672079, 'r2': 0.991677626521577}
Validation statistic: Loss: 0.2814, dev_score: {'mae': 0.36587998, 'mse': 0.2814219, 'r2': 0.7866540604375228}
-----------------------
Epoch 36/100
Training statistic: Loss: 0.0098, train_score: {'mae': 0.067624435, 'mse': 0.009765412, 'r2': 0.991597318686205}
Validation statistic: Loss: 0.2869, dev_score: {'mae': 0.3663012, 'mse': 0.286853, 'r2': 0.7825367606633689}
-----------------------
Epoch 37/100
Training statistic: Loss: 0.0102, train_score: {'mae': 0.072526395, 'mse': 0.010243241, 'r2': 0.9911861681191533}
Validation statistic: Loss: 0.2798, dev_score: {'mae': 0.36335754, 'mse': 0.27976775, 'r2': 0.7879080644053991}
Saving model...
Model saved!
-------------------------------------------
-----------------------
Epoch 38/100
Training statistic: Loss: 0.0119, train_score: {'mae': 0.076225094, 'mse': 0.011853136, 'r2': 0.9898009292050157}
Validation statistic: Loss: 0.2830, dev_score: {'mae': 0.36645278, 'mse': 0.282951, 'r2': 0.7854948465484151}
-----------------------
Epoch 39/100
Training statistic: Loss: 0.0091, train_score: {'mae': 0.06480747, 'mse': 0.009094204, 'r2': 0.9921748618222392}
Validation statistic: Loss: 0.2814, dev_score: {'mae': 0.36340553, 'mse': 0.28138703, 'r2': 0.7866804997613512}
-----------------------
Epoch 40/100
Training statistic: Loss: 0.0092, train_score: {'mae': 0.067367665, 'mse': 0.00917588, 'r2': 0.9921045833199701}
Validation statistic: Loss: 0.2829, dev_score: {'mae': 0.3657222, 'mse': 0.28291154, 'r2': 0.7855247562032106}
-----------------------
Epoch 41/100
Training statistic: Loss: 0.0134, train_score: {'mae': 0.08173188, 'mse': 0.013442678, 'r2': 0.9884332032333648}
Validation statistic: Loss: 0.2891, dev_score: {'mae': 0.37004945, 'mse': 0.28910396, 'r2': 0.7808302949652446}
-----------------------
Epoch 42/100
Training statistic: Loss: 0.0077, train_score: {'mae': 0.058385957, 'mse': 0.007747587, 'r2': 0.993333562869989}
Validation statistic: Loss: 0.2813, dev_score: {'mae': 0.36236843, 'mse': 0.28133914, 'r2': 0.7867167931018535}
-----------------------
Epoch 43/100
Training statistic: Loss: 0.0076, train_score: {'mae': 0.060433783, 'mse': 0.0076073925, 'r2': 0.9934541936460144}
Validation statistic: Loss: 0.2820, dev_score: {'mae': 0.3637233, 'mse': 0.28203517, 'r2': 0.7861891479692712}
-----------------------
Epoch 44/100
Training statistic: Loss: 0.0090, train_score: {'mae': 0.06615713, 'mse': 0.00896047, 'r2': 0.9922899338440684}
Validation statistic: Loss: 0.2772, dev_score: {'mae': 0.3639146, 'mse': 0.2772098, 'r2': 0.789847276125146}
Saving model...
Model saved!
-------------------------------------------
-----------------------
Epoch 45/100
Training statistic: Loss: 0.0060, train_score: {'mae': 0.05236079, 'mse': 0.00598088, 'r2': 0.994853732208795}
Validation statistic: Loss: 0.2792, dev_score: {'mae': 0.36364466, 'mse': 0.27924892, 'r2': 0.7883014106481678}
-----------------------
Epoch 46/100
Training statistic: Loss: 0.0072, train_score: {'mae': 0.058485426, 'mse': 0.0072109383, 'r2': 0.9937953239203366}
Validation statistic: Loss: 0.2815, dev_score: {'mae': 0.36369908, 'mse': 0.28146613, 'r2': 0.7866205345655501}
-----------------------
Epoch 47/100
Training statistic: Loss: 0.0072, train_score: {'mae': 0.05890031, 'mse': 0.007190848, 'r2': 0.993812611449542}
Validation statistic: Loss: 0.2798, dev_score: {'mae': 0.36454746, 'mse': 0.2797685, 'r2': 0.7879075335277546}
-----------------------
Epoch 48/100
Training statistic: Loss: 0.0069, train_score: {'mae': 0.05627135, 'mse': 0.006946809, 'r2': 0.9940225949533051}
Validation statistic: Loss: 0.2785, dev_score: {'mae': 0.36451134, 'mse': 0.27848455, 'r2': 0.7888808548971418}
-----------------------
Epoch 49/100
Training statistic: Loss: 0.0087, train_score: {'mae': 0.065006904, 'mse': 0.008718515, 'r2': 0.9924981246725056}
Validation statistic: Loss: 0.2823, dev_score: {'mae': 0.3688516, 'mse': 0.28225976, 'r2': 0.7860188793025339}
-----------------------
Epoch 50/100
Training statistic: Loss: 0.0076, train_score: {'mae': 0.06130488, 'mse': 0.007588936, 'r2': 0.9934700748102796}
Validation statistic: Loss: 0.2808, dev_score: {'mae': 0.36512768, 'mse': 0.28084102, 'r2': 0.7870944403316092}
-----------------------
Epoch 51/100
Training statistic: Loss: 0.0088, train_score: {'mae': 0.06457571, 'mse': 0.008807707, 'r2': 0.9924213797907374}
Validation statistic: Loss: 0.2816, dev_score: {'mae': 0.36421952, 'mse': 0.28158838, 'r2': 0.7865278729324107}
-----------------------
Epoch 52/100
Training statistic: Loss: 0.0103, train_score: {'mae': 0.07290734, 'mse': 0.010281111, 'r2': 0.991153583151388}
Validation statistic: Loss: 0.2821, dev_score: {'mae': 0.36808154, 'mse': 0.2820756, 'r2': 0.7861584860628161}
-----------------------
Epoch 53/100
Training statistic: Loss: 0.0084, train_score: {'mae': 0.060883105, 'mse': 0.008393573, 'r2': 0.9927777212701318}
Validation statistic: Loss: 0.2848, dev_score: {'mae': 0.36552772, 'mse': 0.28483328, 'r2': 0.7840678805068366}
-----------------------
Epoch 54/100
Training statistic: Loss: 0.0085, train_score: {'mae': 0.06383147, 'mse': 0.008540715, 'r2': 0.9926511127470976}
Validation statistic: Loss: 0.2848, dev_score: {'mae': 0.3658283, 'mse': 0.2848348, 'r2': 0.78406675121009}
-----------------------
Epoch 55/100
Training statistic: Loss: 0.0088, train_score: {'mae': 0.06321582, 'mse': 0.008809476, 'r2': 0.9924198565601869}
Validation statistic: Loss: 0.2846, dev_score: {'mae': 0.3666371, 'mse': 0.28457612, 'r2': 0.7842628578553157}
-----------------------
Epoch 56/100
Training statistic: Loss: 0.0104, train_score: {'mae': 0.07229778, 'mse': 0.0104011325, 'r2': 0.9910503102612999}
Validation statistic: Loss: 0.2850, dev_score: {'mae': 0.37063268, 'mse': 0.28496018, 'r2': 0.7839717173319471}
-----------------------
Epoch 57/100
Training statistic: Loss: 0.0072, train_score: {'mae': 0.059455507, 'mse': 0.007153396, 'r2': 0.9938448368587418}
Validation statistic: Loss: 0.2792, dev_score: {'mae': 0.36404103, 'mse': 0.2792392, 'r2': 0.788308753407917}
-----------------------
Epoch 58/100
Training statistic: Loss: 0.0089, train_score: {'mae': 0.06645577, 'mse': 0.008933873, 'r2': 0.9923128192671332}
Validation statistic: Loss: 0.2806, dev_score: {'mae': 0.3650193, 'mse': 0.28061217, 'r2': 0.7872679084021684}
-----------------------
Epoch 59/100
Training statistic: Loss: 0.0084, train_score: {'mae': 0.059833966, 'mse': 0.008425105, 'r2': 0.9927505907738893}
Validation statistic: Loss: 0.2856, dev_score: {'mae': 0.36598307, 'mse': 0.28558394, 'r2': 0.7834988153024273}
-----------------------
Epoch 60/100
Training statistic: Loss: 0.0113, train_score: {'mae': 0.07442983, 'mse': 0.011288121, 'r2': 0.9902870972587775}
Validation statistic: Loss: 0.2850, dev_score: {'mae': 0.3694294, 'mse': 0.28500548, 'r2': 0.783937343551107}
-----------------------
Epoch 61/100
Training statistic: Loss: 0.0104, train_score: {'mae': 0.07244482, 'mse': 0.010416635, 'r2': 0.9910369702713411}
Validation statistic: Loss: 0.2894, dev_score: {'mae': 0.3718674, 'mse': 0.28944582, 'r2': 0.7805711264455878}
-----------------------
Epoch 62/100
Training statistic: Loss: 0.0107, train_score: {'mae': 0.07396776, 'mse': 0.010697434, 'r2': 0.990795357033443}
Validation statistic: Loss: 0.2853, dev_score: {'mae': 0.36967793, 'mse': 0.2853454, 'r2': 0.7836796422352308}
-----------------------
Epoch 63/100
Training statistic: Loss: 0.0080, train_score: {'mae': 0.0643518, 'mse': 0.0079832915, 'r2': 0.9931307498064793}
Validation statistic: Loss: 0.2900, dev_score: {'mae': 0.37045348, 'mse': 0.2900149, 'r2': 0.7801397176468976}
-----------------------
Epoch 64/100
Training statistic: Loss: 0.0095, train_score: {'mae': 0.071914874, 'mse': 0.009530857, 'r2': 0.9917991421038389}
Validation statistic: Loss: 0.2839, dev_score: {'mae': 0.3697868, 'mse': 0.28386995, 'r2': 0.78479818120253}
-----------------------
Epoch 65/100
Training statistic: Loss: 0.0102, train_score: {'mae': 0.06942067, 'mse': 0.010242069, 'r2': 0.9911871772666095}
Validation statistic: Loss: 0.2866, dev_score: {'mae': 0.37075028, 'mse': 0.28658363, 'r2': 0.7827409503405123}
-----------------------
Epoch 66/100
Training statistic: Loss: 0.0084, train_score: {'mae': 0.06053429, 'mse': 0.008418728, 'r2': 0.9927560766466087}
Validation statistic: Loss: 0.2871, dev_score: {'mae': 0.36867374, 'mse': 0.28714222, 'r2': 0.7823175150843066}
-----------------------
Epoch 67/100
Training statistic: Loss: 0.0083, train_score: {'mae': 0.06310258, 'mse': 0.008327359, 'r2': 0.9928346966690909}
Validation statistic: Loss: 0.2811, dev_score: {'mae': 0.36568534, 'mse': 0.28113955, 'r2': 0.7868681213810773}
-----------------------
Epoch 68/100
Training statistic: Loss: 0.0067, train_score: {'mae': 0.057722665, 'mse': 0.0066678533, 'r2': 0.9942626232390376}
Validation statistic: Loss: 0.2841, dev_score: {'mae': 0.36622724, 'mse': 0.28412086, 'r2': 0.7846079868692278}
-----------------------
Epoch 69/100
Training statistic: Loss: 0.0084, train_score: {'mae': 0.06413179, 'mse': 0.008416237, 'r2': 0.9927582202058861}
Validation statistic: Loss: 0.2797, dev_score: {'mae': 0.3654179, 'mse': 0.2796548, 'r2': 0.7879937097002738}
-----------------------
Epoch 70/100
Training statistic: Loss: 0.0068, train_score: {'mae': 0.055674896, 'mse': 0.0067668115, 'r2': 0.9941774744335934}
Validation statistic: Loss: 0.2819, dev_score: {'mae': 0.36690524, 'mse': 0.28189027, 'r2': 0.7862989946857167}
-----------------------
Epoch 71/100
Training statistic: Loss: 0.0096, train_score: {'mae': 0.06680956, 'mse': 0.00957442, 'r2': 0.9917616575332555}
Validation statistic: Loss: 0.2829, dev_score: {'mae': 0.3679433, 'mse': 0.2829302, 'r2': 0.785510624465923}
-----------------------
Epoch 72/100
Training statistic: Loss: 0.0083, train_score: {'mae': 0.061953794, 'mse': 0.008321103, 'r2': 0.9928400795356169}
Validation statistic: Loss: 0.2818, dev_score: {'mae': 0.36472902, 'mse': 0.2818238, 'r2': 0.786349383708435}
-----------------------
Epoch 73/100
Training statistic: Loss: 0.0072, train_score: {'mae': 0.054087546, 'mse': 0.007206676, 'r2': 0.9937989914338857}
Validation statistic: Loss: 0.2842, dev_score: {'mae': 0.36693752, 'mse': 0.28417996, 'r2': 0.7845631699600368}
-----------------------
Epoch 74/100
Training statistic: Loss: 0.0106, train_score: {'mae': 0.07310254, 'mse': 0.010621214, 'r2': 0.9908609407644731}
Validation statistic: Loss: 0.2912, dev_score: {'mae': 0.36934224, 'mse': 0.29124883, 'r2': 0.7792042702521387}
-----------------------
Epoch 75/100
Training statistic: Loss: 0.0093, train_score: {'mae': 0.06816228, 'mse': 0.009263981, 'r2': 0.9920287764759622}
Validation statistic: Loss: 0.2832, dev_score: {'mae': 0.36842942, 'mse': 0.28316268, 'r2': 0.7853343754767569}
Early stopping (loss) triggered!
Early stopping by loss
Testing statistic: loss: 0.2930483630923338, scores: {'mae': 0.3560481, 'mse': 0.29304835, 'r2': 0.7859773725177017}
Finish training!
