=====Setting up data=====
Dataset name:california_housing
train_option:mix
augment_option:tvae_rf
mix_ratio:-1
n_sample:-1
Dataset name:california_housing
Training dataset size: 114944 samples
Validation dataset size: 1664 samples

=====Setting up parameters for training=====
num_epochs: 100
learning_rate: 0.001
patience: 30
early_stop_criterion: loss
=====Setting up metrics for evaluating and plotting=====
metrics for evaluating: ['mae', 'mse', 'r2']
metric for plotting: mse
=====Setting up trainer=====
input_size: 8
model: DNN_News
----------------------------------------------------------------
        Layer (type)               Output Shape         Param #
================================================================
            Linear-1                  [-1, 512]           4,608
              ReLU-2                  [-1, 512]               0
       BatchNorm1d-3                  [-1, 512]           1,024
           Dropout-4                  [-1, 512]               0
            Linear-5                  [-1, 512]         262,656
              ReLU-6                  [-1, 512]               0
       BatchNorm1d-7                  [-1, 512]           1,024
           Dropout-8                  [-1, 512]               0
            Linear-9                  [-1, 256]         131,328
             ReLU-10                  [-1, 256]               0
      BatchNorm1d-11                  [-1, 256]             512
          Dropout-12                  [-1, 256]               0
           Linear-13                  [-1, 128]          32,896
             ReLU-14                  [-1, 128]               0
      BatchNorm1d-15                  [-1, 128]             256
          Dropout-16                  [-1, 128]               0
           Linear-17                    [-1, 1]             129
================================================================
Total params: 434,433
Trainable params: 434,433
Non-trainable params: 0
----------------------------------------------------------------
Input size (MB): 0.00
Forward/backward pass size (MB): 0.04
Params size (MB): 1.66
Estimated Total Size (MB): 1.70
----------------------------------------------------------------
=====Setting up output files=====
weight_dir, weight_file: /home/thuy/Research/minh_data_synth/TabularDA/.cache/housing_no_faker_runtime_20261009/output/housing_no_faker_20261009/california_housing/weight/, california_housing_seed43_tvae_xonly_rf_mix.weights.pth
acc_dir, acc_file: /home/thuy/Research/minh_data_synth/TabularDA/.cache/housing_no_faker_runtime_20261009/output/housing_no_faker_20261009/california_housing/acc/, california_housing_seed43_tvae_xonly_rf_mix.epochs.csv
report_file: california_housing_seed43_tvae_xonly_rf_mix.report.txt
==========================================================================================
Start training...
-----------------------
Epoch 1/100
Training statistic: Loss: 0.1852, train_score: {'mae': 0.26168805, 'mse': 0.1852025, 'r2': 0.7942993269026386}
Validation statistic: Loss: 0.4138, dev_score: {'mae': 0.4484436, 'mse': 0.41381755, 'r2': 0.6862849218686184}
Saving model...
Model saved!
-------------------------------------------
-----------------------
Epoch 2/100
Training statistic: Loss: 0.1211, train_score: {'mae': 0.22345869, 'mse': 0.121052146, 'r2': 0.8655498085013034}
Validation statistic: Loss: 0.3496, dev_score: {'mae': 0.42352313, 'mse': 0.34963718, 'r2': 0.7349400738694067}
Saving model...
Model saved!
-------------------------------------------
-----------------------
Epoch 3/100
Training statistic: Loss: 0.1134, train_score: {'mae': 0.21543853, 'mse': 0.11339485, 'r2': 0.8740546185928112}
Validation statistic: Loss: 0.3341, dev_score: {'mae': 0.41636276, 'mse': 0.334112, 'r2': 0.7467097058117982}
Saving model...
Model saved!
-------------------------------------------
-----------------------
Epoch 4/100
Training statistic: Loss: 0.0972, train_score: {'mae': 0.20830025, 'mse': 0.097225994, 'r2': 0.892013043581263}
Validation statistic: Loss: 0.3290, dev_score: {'mae': 0.41148475, 'mse': 0.328975, 'r2': 0.7506040989331739}
Saving model...
Model saved!
-------------------------------------------
-----------------------
Epoch 5/100
Training statistic: Loss: 0.0904, train_score: {'mae': 0.20285244, 'mse': 0.09038267, 'r2': 0.8996137707111407}
Validation statistic: Loss: 0.3255, dev_score: {'mae': 0.40371588, 'mse': 0.32551038, 'r2': 0.7532305860368156}
Saving model...
Model saved!
-------------------------------------------
-----------------------
Epoch 6/100
Training statistic: Loss: 0.0876, train_score: {'mae': 0.19965844, 'mse': 0.08757088, 'r2': 0.9027367854344767}
Validation statistic: Loss: 0.3251, dev_score: {'mae': 0.40671816, 'mse': 0.3250583, 'r2': 0.7535733031927916}
Saving model...
Model saved!
-------------------------------------------
-----------------------
Epoch 7/100
Training statistic: Loss: 0.0915, train_score: {'mae': 0.19577222, 'mse': 0.091522455, 'r2': 0.8983478588880239}
Validation statistic: Loss: 0.3191, dev_score: {'mae': 0.4001977, 'mse': 0.31914452, 'r2': 0.7580565461851363}
Saving model...
Model saved!
-------------------------------------------
-----------------------
Epoch 8/100
Training statistic: Loss: 0.0902, train_score: {'mae': 0.19651271, 'mse': 0.09016771, 'r2': 0.8998525474941891}
Validation statistic: Loss: 0.3200, dev_score: {'mae': 0.4016953, 'mse': 0.32001838, 'r2': 0.7573940773588451}
-----------------------
Epoch 9/100
Training statistic: Loss: 0.0861, train_score: {'mae': 0.19377635, 'mse': 0.08610222, 'r2': 0.9043680066708605}
Validation statistic: Loss: 0.3164, dev_score: {'mae': 0.4004642, 'mse': 0.31642568, 'r2': 0.7601176870258851}
Saving model...
Model saved!
-------------------------------------------
-----------------------
Epoch 10/100
Training statistic: Loss: 0.0882, train_score: {'mae': 0.19171079, 'mse': 0.08818592, 'r2': 0.9020536618844287}
Validation statistic: Loss: 0.3237, dev_score: {'mae': 0.40392932, 'mse': 0.32371584, 'r2': 0.7545910584441573}
-----------------------
Epoch 11/100
Training statistic: Loss: 0.0882, train_score: {'mae': 0.19249298, 'mse': 0.088218234, 'r2': 0.9020177676964848}
Validation statistic: Loss: 0.3145, dev_score: {'mae': 0.40292653, 'mse': 0.31454998, 'r2': 0.7615396922652187}
Saving model...
Model saved!
-------------------------------------------
-----------------------
Epoch 12/100
Training statistic: Loss: 0.0809, train_score: {'mae': 0.18564303, 'mse': 0.08087252, 'r2': 0.9101765251283762}
Validation statistic: Loss: 0.3162, dev_score: {'mae': 0.39925954, 'mse': 0.3161909, 'r2': 0.7602956752265648}
-----------------------
Epoch 13/100
Training statistic: Loss: 0.0906, train_score: {'mae': 0.18568785, 'mse': 0.090600096, 'r2': 0.8993722866445015}
Validation statistic: Loss: 0.3147, dev_score: {'mae': 0.3969189, 'mse': 0.3147357, 'r2': 0.7613988533825413}
-----------------------
Epoch 14/100
Training statistic: Loss: 0.0804, train_score: {'mae': 0.18118247, 'mse': 0.08035234, 'r2': 0.9107542634903621}
Validation statistic: Loss: 0.3068, dev_score: {'mae': 0.39337865, 'mse': 0.30680457, 'r2': 0.7674114514263769}
Saving model...
Model saved!
-------------------------------------------
-----------------------
Epoch 15/100
Training statistic: Loss: 0.0821, train_score: {'mae': 0.18173331, 'mse': 0.082135834, 'r2': 0.9087733744892789}
Validation statistic: Loss: 0.3172, dev_score: {'mae': 0.39824685, 'mse': 0.31716684, 'r2': 0.759555832348349}
-----------------------
Epoch 16/100
Training statistic: Loss: 0.0815, train_score: {'mae': 0.17996077, 'mse': 0.08153227, 'r2': 0.9094437440528733}
Validation statistic: Loss: 0.3167, dev_score: {'mae': 0.39722115, 'mse': 0.31666976, 'r2': 0.7599326443209559}
-----------------------
Epoch 17/100
Training statistic: Loss: 0.0815, train_score: {'mae': 0.17829776, 'mse': 0.081494726, 'r2': 0.9094854315138311}
Validation statistic: Loss: 0.3189, dev_score: {'mae': 0.3945309, 'mse': 0.31891724, 'r2': 0.7582288326863845}
-----------------------
Epoch 18/100
Training statistic: Loss: 0.0838, train_score: {'mae': 0.17947648, 'mse': 0.08378153, 'r2': 0.9069455274000968}
Validation statistic: Loss: 0.3128, dev_score: {'mae': 0.39663556, 'mse': 0.3127508, 'r2': 0.762903626985521}
-----------------------
Epoch 19/100
Training statistic: Loss: 0.0818, train_score: {'mae': 0.17796044, 'mse': 0.08178814, 'r2': 0.9091595699315835}
Validation statistic: Loss: 0.3220, dev_score: {'mae': 0.395569, 'mse': 0.32201672, 'r2': 0.7558791261223097}
-----------------------
Epoch 20/100
Training statistic: Loss: 0.0820, train_score: {'mae': 0.17685987, 'mse': 0.082006134, 'r2': 0.9089174261783975}
Validation statistic: Loss: 0.3127, dev_score: {'mae': 0.39367217, 'mse': 0.312678, 'r2': 0.7629588055238221}
-----------------------
Epoch 21/100
Training statistic: Loss: 0.0783, train_score: {'mae': 0.17345446, 'mse': 0.0782636, 'r2': 0.9130741815752796}
Validation statistic: Loss: 0.3114, dev_score: {'mae': 0.39077893, 'mse': 0.31137246, 'r2': 0.7639485422736042}
-----------------------
Epoch 22/100
Training statistic: Loss: 0.0820, train_score: {'mae': 0.17534211, 'mse': 0.081970155, 'r2': 0.90895740679874}
Validation statistic: Loss: 0.3213, dev_score: {'mae': 0.39569998, 'mse': 0.32129502, 'r2': 0.7564262529613546}
-----------------------
Epoch 23/100
Training statistic: Loss: 0.0775, train_score: {'mae': 0.17469321, 'mse': 0.077531464, 'r2': 0.9138873624933496}
Validation statistic: Loss: 0.3149, dev_score: {'mae': 0.39511988, 'mse': 0.31485227, 'r2': 0.7613104853210044}
-----------------------
Epoch 24/100
Training statistic: Loss: 0.0788, train_score: {'mae': 0.1723623, 'mse': 0.07875222, 'r2': 0.9125314844604334}
Validation statistic: Loss: 0.3259, dev_score: {'mae': 0.39683026, 'mse': 0.32590473, 'r2': 0.7529315992160562}
-----------------------
Epoch 25/100
Training statistic: Loss: 0.0785, train_score: {'mae': 0.17283751, 'mse': 0.07849689, 'r2': 0.9128150760114898}
Validation statistic: Loss: 0.3236, dev_score: {'mae': 0.3971095, 'mse': 0.32359022, 'r2': 0.7546862883871929}
-----------------------
Epoch 26/100
Training statistic: Loss: 0.0762, train_score: {'mae': 0.16982378, 'mse': 0.07622369, 'r2': 0.9153398771819744}
Validation statistic: Loss: 0.3194, dev_score: {'mae': 0.393162, 'mse': 0.31937557, 'r2': 0.7578813925050176}
-----------------------
Epoch 27/100
Training statistic: Loss: 0.0789, train_score: {'mae': 0.1720981, 'mse': 0.07888429, 'r2': 0.9123848097159928}
Validation statistic: Loss: 0.3219, dev_score: {'mae': 0.39646196, 'mse': 0.32193896, 'r2': 0.7559380824962765}
-----------------------
Epoch 28/100
Training statistic: Loss: 0.0749, train_score: {'mae': 0.1729033, 'mse': 0.074938625, 'r2': 0.9167671779732348}
Validation statistic: Loss: 0.3136, dev_score: {'mae': 0.39544928, 'mse': 0.31361374, 'r2': 0.7622494313984204}
-----------------------
Epoch 29/100
Training statistic: Loss: 0.0755, train_score: {'mae': 0.17135376, 'mse': 0.07553525, 'r2': 0.9161045184283243}
Validation statistic: Loss: 0.3249, dev_score: {'mae': 0.39777622, 'mse': 0.32490852, 'r2': 0.7536868606554439}
-----------------------
Epoch 30/100
Training statistic: Loss: 0.0817, train_score: {'mae': 0.17053282, 'mse': 0.08166127, 'r2': 0.9093004614606754}
Validation statistic: Loss: 0.3467, dev_score: {'mae': 0.3987122, 'mse': 0.3467437, 'r2': 0.7371336015881975}
-----------------------
Epoch 31/100
Training statistic: Loss: 0.0800, train_score: {'mae': 0.17123547, 'mse': 0.0799821, 'r2': 0.9111654870855455}
Validation statistic: Loss: 0.3202, dev_score: {'mae': 0.39634094, 'mse': 0.32017368, 'r2': 0.7572763393264903}
-----------------------
Epoch 32/100
Training statistic: Loss: 0.0768, train_score: {'mae': 0.1679586, 'mse': 0.076778434, 'r2': 0.9147237393458654}
Validation statistic: Loss: 0.3281, dev_score: {'mae': 0.39674753, 'mse': 0.32810926, 'r2': 0.7512603689542471}
-----------------------
Epoch 33/100
Training statistic: Loss: 0.0765, train_score: {'mae': 0.16785505, 'mse': 0.07652472, 'r2': 0.9150055325352193}
Validation statistic: Loss: 0.3224, dev_score: {'mae': 0.39529178, 'mse': 0.32242545, 'r2': 0.7555692894445056}
-----------------------
Epoch 34/100
Training statistic: Loss: 0.0777, train_score: {'mae': 0.16732107, 'mse': 0.07771745, 'r2': 0.9136807690227653}
Validation statistic: Loss: 0.3185, dev_score: {'mae': 0.3929044, 'mse': 0.31854162, 'r2': 0.7585135961003246}
-----------------------
Epoch 35/100
Training statistic: Loss: 0.0849, train_score: {'mae': 0.16936903, 'mse': 0.08485924, 'r2': 0.9057485470146317}
Validation statistic: Loss: 0.3580, dev_score: {'mae': 0.40064475, 'mse': 0.35800967, 'r2': 0.7285928616826928}
-----------------------
Epoch 36/100
Training statistic: Loss: 0.0804, train_score: {'mae': 0.16750522, 'mse': 0.080379285, 'r2': 0.9107243427703522}
Validation statistic: Loss: 0.3507, dev_score: {'mae': 0.399045, 'mse': 0.3506991, 'r2': 0.7341350221625501}
-----------------------
Epoch 37/100
Training statistic: Loss: 0.0776, train_score: {'mae': 0.16894756, 'mse': 0.07764132, 'r2': 0.9137653407805969}
Validation statistic: Loss: 0.3475, dev_score: {'mae': 0.4021957, 'mse': 0.3475418, 'r2': 0.7365285599054624}
-----------------------
Epoch 38/100
Training statistic: Loss: 0.0719, train_score: {'mae': 0.16531475, 'mse': 0.07189851, 'r2': 0.9201437603693404}
Validation statistic: Loss: 0.3223, dev_score: {'mae': 0.39400882, 'mse': 0.32228494, 'r2': 0.7556758137678454}
-----------------------
Epoch 39/100
Training statistic: Loss: 0.0786, train_score: {'mae': 0.16523555, 'mse': 0.07855506, 'r2': 0.9127504707412354}
Validation statistic: Loss: 0.3383, dev_score: {'mae': 0.3969356, 'mse': 0.3383409, 'r2': 0.7435037789333938}
-----------------------
Epoch 40/100
Training statistic: Loss: 0.0786, train_score: {'mae': 0.16684318, 'mse': 0.07856029, 'r2': 0.9127446536024623}
Validation statistic: Loss: 0.3334, dev_score: {'mae': 0.39807948, 'mse': 0.33341733, 'r2': 0.7472363367482027}
-----------------------
Epoch 41/100
Training statistic: Loss: 0.0825, train_score: {'mae': 0.16774957, 'mse': 0.082491934, 'r2': 0.9083778606436088}
Validation statistic: Loss: 0.3280, dev_score: {'mae': 0.3964591, 'mse': 0.32796744, 'r2': 0.751367904541496}
-----------------------
Epoch 42/100
Training statistic: Loss: 0.0796, train_score: {'mae': 0.16500007, 'mse': 0.079593085, 'r2': 0.911597562519241}
Validation statistic: Loss: 0.3311, dev_score: {'mae': 0.3960075, 'mse': 0.33112368, 'r2': 0.7489751610323916}
-----------------------
Epoch 43/100
Training statistic: Loss: 0.0858, train_score: {'mae': 0.16641158, 'mse': 0.085799195, 'r2': 0.9047045576023639}
Validation statistic: Loss: 0.3397, dev_score: {'mae': 0.39978412, 'mse': 0.33972612, 'r2': 0.7424536541865252}
-----------------------
Epoch 44/100
Training statistic: Loss: 0.0865, train_score: {'mae': 0.1678614, 'mse': 0.08651043, 'r2': 0.9039145998484399}
Validation statistic: Loss: 0.3389, dev_score: {'mae': 0.3995626, 'mse': 0.338929, 'r2': 0.7430579325036339}
-----------------------
Epoch 45/100
Training statistic: Loss: 0.0773, train_score: {'mae': 0.16834886, 'mse': 0.07730493, 'r2': 0.9141389609142254}
Validation statistic: Loss: 0.3195, dev_score: {'mae': 0.39394152, 'mse': 0.31949326, 'r2': 0.7577921669305078}
Early stopping (loss) triggered!
Early stopping by loss
Testing statistic: loss: 0.3256151800931886, scores: {'mae': 0.3970902, 'mse': 0.32561517, 'r2': 0.7621927813919374}
Finish training!
