=====Setting up data=====
Dataset name:california_housing
train_option:mix
augment_option:rf
mix_ratio:-1
n_sample:-1
Dataset name:california_housing
Training dataset size: 114944 samples
Validation dataset size: 1664 samples

=====Setting up parameters for training=====
num_epochs: 100
learning_rate: 0.001
patience: 30
early_stop_criterion: loss
=====Setting up metrics for evaluating and plotting=====
metrics for evaluating: ['mae', 'mse', 'r2']
metric for plotting: mse
=====Setting up trainer=====
input_size: 8
model: DNN_News
----------------------------------------------------------------
        Layer (type)               Output Shape         Param #
================================================================
            Linear-1                  [-1, 512]           4,608
              ReLU-2                  [-1, 512]               0
       BatchNorm1d-3                  [-1, 512]           1,024
           Dropout-4                  [-1, 512]               0
            Linear-5                  [-1, 512]         262,656
              ReLU-6                  [-1, 512]               0
       BatchNorm1d-7                  [-1, 512]           1,024
           Dropout-8                  [-1, 512]               0
            Linear-9                  [-1, 256]         131,328
             ReLU-10                  [-1, 256]               0
      BatchNorm1d-11                  [-1, 256]             512
          Dropout-12                  [-1, 256]               0
           Linear-13                  [-1, 128]          32,896
             ReLU-14                  [-1, 128]               0
      BatchNorm1d-15                  [-1, 128]             256
          Dropout-16                  [-1, 128]               0
           Linear-17                    [-1, 1]             129
================================================================
Total params: 434,433
Trainable params: 434,433
Non-trainable params: 0
----------------------------------------------------------------
Input size (MB): 0.00
Forward/backward pass size (MB): 0.04
Params size (MB): 1.66
Estimated Total Size (MB): 1.70
----------------------------------------------------------------
=====Setting up output files=====
weight_dir, weight_file: /home/thuy/Research/minh_data_synth/TabularDA/.cache/housing_no_faker_runtime_20261009/output/housing_no_faker_20261009/california_housing/weight/, california_housing_seed43_ctgan_xonly_rf_mix.weights.pth
acc_dir, acc_file: /home/thuy/Research/minh_data_synth/TabularDA/.cache/housing_no_faker_runtime_20261009/output/housing_no_faker_20261009/california_housing/acc/, california_housing_seed43_ctgan_xonly_rf_mix.epochs.csv
report_file: california_housing_seed43_ctgan_xonly_rf_mix.report.txt
==========================================================================================
Start training...
-----------------------
Epoch 1/100
Training statistic: Loss: 0.1419, train_score: {'mae': 0.25705764, 'mse': 0.1419201, 'r2': 0.8409792176534651}
Validation statistic: Loss: 0.4030, dev_score: {'mae': 0.45349687, 'mse': 0.40299857, 'r2': 0.6944867861106526}
Saving model...
Model saved!
-------------------------------------------
-----------------------
Epoch 2/100
Training statistic: Loss: 0.1128, train_score: {'mae': 0.23332582, 'mse': 0.11283563, 'r2': 0.8735682380477682}
Validation statistic: Loss: 0.3548, dev_score: {'mae': 0.43070915, 'mse': 0.35480827, 'r2': 0.7310198517629838}
Saving model...
Model saved!
-------------------------------------------
-----------------------
Epoch 3/100
Training statistic: Loss: 0.0989, train_score: {'mae': 0.21660551, 'mse': 0.09888346, 'r2': 0.8892015582134356}
Validation statistic: Loss: 0.3379, dev_score: {'mae': 0.42615727, 'mse': 0.33794326, 'r2': 0.7438052157982589}
Saving model...
Model saved!
-------------------------------------------
-----------------------
Epoch 4/100
Training statistic: Loss: 0.0930, train_score: {'mae': 0.20910826, 'mse': 0.09302817, 'r2': 0.8957624048402548}
Validation statistic: Loss: 0.3284, dev_score: {'mae': 0.41854876, 'mse': 0.32841077, 'r2': 0.7510317995059109}
Saving model...
Model saved!
-------------------------------------------
-----------------------
Epoch 5/100
Training statistic: Loss: 0.0935, train_score: {'mae': 0.20367031, 'mse': 0.093544506, 'r2': 0.8951838644917357}
Validation statistic: Loss: 0.3298, dev_score: {'mae': 0.41845918, 'mse': 0.329803, 'r2': 0.7499763476079717}
-----------------------
Epoch 6/100
Training statistic: Loss: 0.0876, train_score: {'mae': 0.1987129, 'mse': 0.08757399, 'r2': 0.9018737781988603}
Validation statistic: Loss: 0.3197, dev_score: {'mae': 0.40942258, 'mse': 0.3196957, 'r2': 0.7576386746857708}
Saving model...
Model saved!
-------------------------------------------
-----------------------
Epoch 7/100
Training statistic: Loss: 0.0930, train_score: {'mae': 0.20073934, 'mse': 0.093034595, 'r2': 0.8957551801751862}
Validation statistic: Loss: 0.3233, dev_score: {'mae': 0.4168463, 'mse': 0.32333183, 'r2': 0.7548821349641592}
-----------------------
Epoch 8/100
Training statistic: Loss: 0.0977, train_score: {'mae': 0.19696067, 'mse': 0.09766258, 'r2': 0.8905695618133891}
Validation statistic: Loss: 0.3143, dev_score: {'mae': 0.40548667, 'mse': 0.31429508, 'r2': 0.7617328997397673}
Saving model...
Model saved!
-------------------------------------------
-----------------------
Epoch 9/100
Training statistic: Loss: 0.0824, train_score: {'mae': 0.19050528, 'mse': 0.082394235, 'r2': 0.9076776782470035}
Validation statistic: Loss: 0.3076, dev_score: {'mae': 0.40181977, 'mse': 0.30757147, 'r2': 0.7668300798197004}
Saving model...
Model saved!
-------------------------------------------
-----------------------
Epoch 10/100
Training statistic: Loss: 0.0845, train_score: {'mae': 0.18850698, 'mse': 0.084511474, 'r2': 0.9053053077893148}
Validation statistic: Loss: 0.3090, dev_score: {'mae': 0.4012785, 'mse': 0.30895752, 'r2': 0.7657793080004104}
-----------------------
Epoch 11/100
Training statistic: Loss: 0.0793, train_score: {'mae': 0.18606359, 'mse': 0.07934014, 'r2': 0.9110997715677165}
Validation statistic: Loss: 0.3110, dev_score: {'mae': 0.40269753, 'mse': 0.3109672, 'r2': 0.7642557722618045}
-----------------------
Epoch 12/100
Training statistic: Loss: 0.0791, train_score: {'mae': 0.18534762, 'mse': 0.07905244, 'r2': 0.9114221443660178}
Validation statistic: Loss: 0.3069, dev_score: {'mae': 0.40045658, 'mse': 0.30688572, 'r2': 0.7673499394206816}
Saving model...
Model saved!
-------------------------------------------
-----------------------
Epoch 13/100
Training statistic: Loss: 0.0770, train_score: {'mae': 0.18348697, 'mse': 0.07697955, 'r2': 0.9137447806269818}
Validation statistic: Loss: 0.3068, dev_score: {'mae': 0.3986435, 'mse': 0.30676728, 'r2': 0.7674397298586538}
Saving model...
Model saved!
-------------------------------------------
-----------------------
Epoch 14/100
Training statistic: Loss: 0.0767, train_score: {'mae': 0.18330985, 'mse': 0.07670619, 'r2': 0.9140510838068571}
Validation statistic: Loss: 0.3078, dev_score: {'mae': 0.40116543, 'mse': 0.30780163, 'r2': 0.7666556006737728}
-----------------------
Epoch 15/100
Training statistic: Loss: 0.0740, train_score: {'mae': 0.18024614, 'mse': 0.0739993, 'r2': 0.9170841478084194}
Validation statistic: Loss: 0.3042, dev_score: {'mae': 0.39687937, 'mse': 0.30416158, 'r2': 0.7694151124375583}
Saving model...
Model saved!
-------------------------------------------
-----------------------
Epoch 16/100
Training statistic: Loss: 0.0722, train_score: {'mae': 0.17746343, 'mse': 0.072245754, 'r2': 0.9190489949379556}
Validation statistic: Loss: 0.3035, dev_score: {'mae': 0.3952143, 'mse': 0.3035311, 'r2': 0.7698930657646997}
Saving model...
Model saved!
-------------------------------------------
-----------------------
Epoch 17/100
Training statistic: Loss: 0.0729, train_score: {'mae': 0.17785591, 'mse': 0.07292197, 'r2': 0.918291294874476}
Validation statistic: Loss: 0.3058, dev_score: {'mae': 0.39781427, 'mse': 0.30584222, 'r2': 0.7681410293112916}
-----------------------
Epoch 18/100
Training statistic: Loss: 0.0713, train_score: {'mae': 0.17564873, 'mse': 0.07127108, 'r2': 0.9201411104447598}
Validation statistic: Loss: 0.3040, dev_score: {'mae': 0.39543658, 'mse': 0.30402493, 'r2': 0.7695187016447219}
-----------------------
Epoch 19/100
Training statistic: Loss: 0.0709, train_score: {'mae': 0.17429121, 'mse': 0.070886225, 'r2': 0.9205723250751476}
Validation statistic: Loss: 0.2983, dev_score: {'mae': 0.39382783, 'mse': 0.29829186, 'r2': 0.7738649513220535}
Saving model...
Model saved!
-------------------------------------------
-----------------------
Epoch 20/100
Training statistic: Loss: 0.0723, train_score: {'mae': 0.1748843, 'mse': 0.072338566, 'r2': 0.9189450086553079}
Validation statistic: Loss: 0.3005, dev_score: {'mae': 0.39391062, 'mse': 0.30050364, 'r2': 0.772188206946609}
-----------------------
Epoch 21/100
Training statistic: Loss: 0.0684, train_score: {'mae': 0.17089377, 'mse': 0.06839819, 'r2': 0.9233601573672617}
Validation statistic: Loss: 0.2971, dev_score: {'mae': 0.38981968, 'mse': 0.297131, 'r2': 0.7747449827732038}
Saving model...
Model saved!
-------------------------------------------
-----------------------
Epoch 22/100
Training statistic: Loss: 0.0689, train_score: {'mae': 0.17035556, 'mse': 0.06890467, 'r2': 0.9227926630887958}
Validation statistic: Loss: 0.2975, dev_score: {'mae': 0.39018464, 'mse': 0.29753768, 'r2': 0.7744366856274977}
-----------------------
Epoch 23/100
Training statistic: Loss: 0.0679, train_score: {'mae': 0.16920583, 'mse': 0.06791367, 'r2': 0.9239030817551068}
Validation statistic: Loss: 0.2947, dev_score: {'mae': 0.38782564, 'mse': 0.29473105, 'r2': 0.7765644025899873}
Saving model...
Model saved!
-------------------------------------------
-----------------------
Epoch 24/100
Training statistic: Loss: 0.0696, train_score: {'mae': 0.16904576, 'mse': 0.069636755, 'r2': 0.9219723670111624}
Validation statistic: Loss: 0.2982, dev_score: {'mae': 0.38966867, 'mse': 0.29816064, 'r2': 0.7739644123306406}
-----------------------
Epoch 25/100
Training statistic: Loss: 0.0687, train_score: {'mae': 0.16821076, 'mse': 0.06870312, 'r2': 0.9230184985534501}
Validation statistic: Loss: 0.2931, dev_score: {'mae': 0.38699016, 'mse': 0.2931052, 'r2': 0.7777969435927279}
Saving model...
Model saved!
-------------------------------------------
-----------------------
Epoch 26/100
Training statistic: Loss: 0.0700, train_score: {'mae': 0.1679104, 'mse': 0.070019074, 'r2': 0.9215439810350994}
Validation statistic: Loss: 0.2964, dev_score: {'mae': 0.38815442, 'mse': 0.2964093, 'r2': 0.7752921154610755}
-----------------------
Epoch 27/100
Training statistic: Loss: 0.0661, train_score: {'mae': 0.16560546, 'mse': 0.066056386, 'r2': 0.9259841437170706}
Validation statistic: Loss: 0.2937, dev_score: {'mae': 0.38606566, 'mse': 0.2936859, 'r2': 0.7773567142972978}
-----------------------
Epoch 28/100
Training statistic: Loss: 0.0665, train_score: {'mae': 0.16686215, 'mse': 0.06649277, 'r2': 0.9254951764028305}
Validation statistic: Loss: 0.2940, dev_score: {'mae': 0.38744488, 'mse': 0.29397306, 'r2': 0.777139031961005}
-----------------------
Epoch 29/100
Training statistic: Loss: 0.0661, train_score: {'mae': 0.16557597, 'mse': 0.06605551, 'r2': 0.9259851342076981}
Validation statistic: Loss: 0.2932, dev_score: {'mae': 0.3859481, 'mse': 0.29316851, 'r2': 0.7777489555443973}
-----------------------
Epoch 30/100
Training statistic: Loss: 0.0668, train_score: {'mae': 0.16672781, 'mse': 0.06683776, 'r2': 0.9251086321998204}
Validation statistic: Loss: 0.2948, dev_score: {'mae': 0.38965747, 'mse': 0.2947557, 'r2': 0.7765457118524658}
-----------------------
Epoch 31/100
Training statistic: Loss: 0.0654, train_score: {'mae': 0.16433372, 'mse': 0.06539055, 'r2': 0.9267302153871032}
Validation statistic: Loss: 0.2922, dev_score: {'mae': 0.38615188, 'mse': 0.292216, 'r2': 0.7784710617465704}
Saving model...
Model saved!
-------------------------------------------
-----------------------
Epoch 32/100
Training statistic: Loss: 0.0674, train_score: {'mae': 0.16588166, 'mse': 0.06735929, 'r2': 0.9245242394863551}
Validation statistic: Loss: 0.2940, dev_score: {'mae': 0.38743258, 'mse': 0.29397684, 'r2': 0.7771361603992404}
-----------------------
Epoch 33/100
Training statistic: Loss: 0.0645, train_score: {'mae': 0.1624782, 'mse': 0.06449245, 'r2': 0.9277365384895813}
Validation statistic: Loss: 0.2903, dev_score: {'mae': 0.38275048, 'mse': 0.29027948, 'r2': 0.7799391240155322}
Saving model...
Model saved!
-------------------------------------------
-----------------------
Epoch 34/100
Training statistic: Loss: 0.0640, train_score: {'mae': 0.16236824, 'mse': 0.064009435, 'r2': 0.9282777478076107}
Validation statistic: Loss: 0.2914, dev_score: {'mae': 0.38502058, 'mse': 0.2913564, 'r2': 0.779122711104325}
-----------------------
Epoch 35/100
Training statistic: Loss: 0.0648, train_score: {'mae': 0.16229661, 'mse': 0.0648112, 'r2': 0.9273793711716505}
Validation statistic: Loss: 0.2894, dev_score: {'mae': 0.38317674, 'mse': 0.2893622, 'r2': 0.7806345303449167}
Saving model...
Model saved!
-------------------------------------------
-----------------------
Epoch 36/100
Training statistic: Loss: 0.0629, train_score: {'mae': 0.16066587, 'mse': 0.0629191, 'r2': 0.9294994511711805}
Validation statistic: Loss: 0.2858, dev_score: {'mae': 0.38024747, 'mse': 0.28575665, 'r2': 0.7833678788427175}
Saving model...
Model saved!
-------------------------------------------
-----------------------
Epoch 37/100
Training statistic: Loss: 0.0649, train_score: {'mae': 0.16338108, 'mse': 0.064901896, 'r2': 0.9272777449143437}
Validation statistic: Loss: 0.2935, dev_score: {'mae': 0.3870009, 'mse': 0.29353812, 'r2': 0.7774687628264711}
-----------------------
Epoch 38/100
Training statistic: Loss: 0.0657, train_score: {'mae': 0.16070466, 'mse': 0.06569931, 'r2': 0.926384259183092}
Validation statistic: Loss: 0.2957, dev_score: {'mae': 0.38591856, 'mse': 0.2956908, 'r2': 0.7758368013824191}
-----------------------
Epoch 39/100
Training statistic: Loss: 0.0660, train_score: {'mae': 0.15978996, 'mse': 0.06599395, 'r2': 0.9260541023075818}
Validation statistic: Loss: 0.2915, dev_score: {'mae': 0.38200718, 'mse': 0.29154316, 'r2': 0.7789811435890388}
-----------------------
Epoch 40/100
Training statistic: Loss: 0.0630, train_score: {'mae': 0.1586684, 'mse': 0.062965766, 'r2': 0.9294471661447086}
Validation statistic: Loss: 0.2867, dev_score: {'mae': 0.3786967, 'mse': 0.28674504, 'r2': 0.7826185846080693}
-----------------------
Epoch 41/100
Training statistic: Loss: 0.0641, train_score: {'mae': 0.15715206, 'mse': 0.06408923, 'r2': 0.9281883291657167}
Validation statistic: Loss: 0.2878, dev_score: {'mae': 0.37695882, 'mse': 0.28779992, 'r2': 0.7818188893820103}
-----------------------
Epoch 42/100
Training statistic: Loss: 0.0644, train_score: {'mae': 0.15947016, 'mse': 0.064375564, 'r2': 0.9278674911508875}
Validation statistic: Loss: 0.2894, dev_score: {'mae': 0.38243368, 'mse': 0.28944182, 'r2': 0.7805741616872806}
-----------------------
Epoch 43/100
Training statistic: Loss: 0.0643, train_score: {'mae': 0.15843804, 'mse': 0.06430834, 'r2': 0.9279428298956292}
Validation statistic: Loss: 0.2873, dev_score: {'mae': 0.3802998, 'mse': 0.28727156, 'r2': 0.7822194463888027}
-----------------------
Epoch 44/100
Training statistic: Loss: 0.0627, train_score: {'mae': 0.1580021, 'mse': 0.06270705, 'r2': 0.9297370701735305}
Validation statistic: Loss: 0.2863, dev_score: {'mae': 0.3796551, 'mse': 0.2863401, 'r2': 0.7829255835464415}
-----------------------
Epoch 45/100
Training statistic: Loss: 0.0620, train_score: {'mae': 0.15601659, 'mse': 0.061970513, 'r2': 0.9305623448761456}
Validation statistic: Loss: 0.2859, dev_score: {'mae': 0.37716448, 'mse': 0.28585058, 'r2': 0.7832966758054648}
-----------------------
Epoch 46/100
Training statistic: Loss: 0.0625, train_score: {'mae': 0.15722606, 'mse': 0.06248358, 'r2': 0.9299874607467611}
Validation statistic: Loss: 0.2869, dev_score: {'mae': 0.38045532, 'mse': 0.2869353, 'r2': 0.7824743737536526}
-----------------------
Epoch 47/100
Training statistic: Loss: 0.0629, train_score: {'mae': 0.15844956, 'mse': 0.06286221, 'r2': 0.9295632089183739}
Validation statistic: Loss: 0.2882, dev_score: {'mae': 0.38253242, 'mse': 0.28817225, 'r2': 0.7815366258953298}
-----------------------
Epoch 48/100
Training statistic: Loss: 0.0625, train_score: {'mae': 0.15647253, 'mse': 0.06250391, 'r2': 0.9299646801996646}
Validation statistic: Loss: 0.2842, dev_score: {'mae': 0.37821352, 'mse': 0.28415138, 'r2': 0.7845848459386474}
Saving model...
Model saved!
-------------------------------------------
-----------------------
Epoch 49/100
Training statistic: Loss: 0.0631, train_score: {'mae': 0.15777685, 'mse': 0.06312782, 'r2': 0.929265584211203}
Validation statistic: Loss: 0.2887, dev_score: {'mae': 0.38272554, 'mse': 0.28869998, 'r2': 0.7811365515231838}
-----------------------
Epoch 50/100
Training statistic: Loss: 0.0623, train_score: {'mae': 0.1567479, 'mse': 0.062319778, 'r2': 0.9301709903417127}
Validation statistic: Loss: 0.2863, dev_score: {'mae': 0.38022745, 'mse': 0.28627294, 'r2': 0.7829764905733088}
-----------------------
Epoch 51/100
Training statistic: Loss: 0.0619, train_score: {'mae': 0.15620178, 'mse': 0.061936338, 'r2': 0.9306006442870843}
Validation statistic: Loss: 0.2882, dev_score: {'mae': 0.3799406, 'mse': 0.2881607, 'r2': 0.7815453711048015}
-----------------------
Epoch 52/100
Training statistic: Loss: 0.0633, train_score: {'mae': 0.15629727, 'mse': 0.063321546, 'r2': 0.929048530372401}
Validation statistic: Loss: 0.2889, dev_score: {'mae': 0.3815248, 'mse': 0.28894708, 'r2': 0.7809492337701796}
-----------------------
Epoch 53/100
Training statistic: Loss: 0.0630, train_score: {'mae': 0.15592214, 'mse': 0.062973015, 'r2': 0.9294390581969147}
Validation statistic: Loss: 0.2871, dev_score: {'mae': 0.38010785, 'mse': 0.28712612, 'r2': 0.782329688459845}
-----------------------
Epoch 54/100
Training statistic: Loss: 0.0618, train_score: {'mae': 0.15437567, 'mse': 0.061816294, 'r2': 0.9307351578100505}
Validation statistic: Loss: 0.2890, dev_score: {'mae': 0.37989247, 'mse': 0.28895614, 'r2': 0.7809423444727384}
-----------------------
Epoch 55/100
Training statistic: Loss: 0.0622, train_score: {'mae': 0.1533205, 'mse': 0.06216453, 'r2': 0.9303449362834975}
Validation statistic: Loss: 0.2842, dev_score: {'mae': 0.37602115, 'mse': 0.28423896, 'r2': 0.7845184450082783}
-----------------------
Epoch 56/100
Training statistic: Loss: 0.0612, train_score: {'mae': 0.15408723, 'mse': 0.061229825, 'r2': 0.9313922803540337}
Validation statistic: Loss: 0.2865, dev_score: {'mae': 0.37933835, 'mse': 0.2864715, 'r2': 0.7828259765471278}
-----------------------
Epoch 57/100
Training statistic: Loss: 0.0624, train_score: {'mae': 0.15619302, 'mse': 0.06242649, 'r2': 0.930051431745216}
Validation statistic: Loss: 0.2884, dev_score: {'mae': 0.3811024, 'mse': 0.28842497, 'r2': 0.7813450451808097}
-----------------------
Epoch 58/100
Training statistic: Loss: 0.0609, train_score: {'mae': 0.15380418, 'mse': 0.060936578, 'r2': 0.9317208586234423}
Validation statistic: Loss: 0.2848, dev_score: {'mae': 0.3773526, 'mse': 0.2847848, 'r2': 0.784104671150973}
-----------------------
Epoch 59/100
Training statistic: Loss: 0.0616, train_score: {'mae': 0.15409555, 'mse': 0.061630394, 'r2': 0.9309434527506926}
Validation statistic: Loss: 0.2860, dev_score: {'mae': 0.37589633, 'mse': 0.2860312, 'r2': 0.7831597707929112}
-----------------------
Epoch 60/100
Training statistic: Loss: 0.0604, train_score: {'mae': 0.15195544, 'mse': 0.0603545, 'r2': 0.9323730714781471}
Validation statistic: Loss: 0.2851, dev_score: {'mae': 0.3757967, 'mse': 0.2850975, 'r2': 0.7838675800621137}
-----------------------
Epoch 61/100
Training statistic: Loss: 0.0616, train_score: {'mae': 0.1543502, 'mse': 0.061629035, 'r2': 0.9309449778476466}
Validation statistic: Loss: 0.2861, dev_score: {'mae': 0.37772742, 'mse': 0.2861058, 'r2': 0.7831031971387845}
-----------------------
Epoch 62/100
Training statistic: Loss: 0.0620, train_score: {'mae': 0.15450121, 'mse': 0.06200553, 'r2': 0.93052310868633}
Validation statistic: Loss: 0.2849, dev_score: {'mae': 0.37749332, 'mse': 0.2848537, 'r2': 0.7840524185733903}
-----------------------
Epoch 63/100
Training statistic: Loss: 0.0600, train_score: {'mae': 0.15226106, 'mse': 0.060000908, 'r2': 0.9327692733612427}
Validation statistic: Loss: 0.2840, dev_score: {'mae': 0.37638986, 'mse': 0.28399637, 'r2': 0.784702348212041}
Saving model...
Model saved!
-------------------------------------------
-----------------------
Epoch 64/100
Training statistic: Loss: 0.0622, train_score: {'mae': 0.15514411, 'mse': 0.062233195, 'r2': 0.9302680015302377}
Validation statistic: Loss: 0.2874, dev_score: {'mae': 0.3788618, 'mse': 0.28736544, 'r2': 0.7821482570347683}
-----------------------
Epoch 65/100
Training statistic: Loss: 0.0608, train_score: {'mae': 0.15318912, 'mse': 0.06080378, 'r2': 0.9318696682926345}
Validation statistic: Loss: 0.2851, dev_score: {'mae': 0.37761095, 'mse': 0.28506857, 'r2': 0.7838895197812427}
-----------------------
Epoch 66/100
Training statistic: Loss: 0.0627, train_score: {'mae': 0.15540755, 'mse': 0.062698394, 'r2': 0.9297467582339771}
Validation statistic: Loss: 0.2870, dev_score: {'mae': 0.38065842, 'mse': 0.28703, 'r2': 0.782402559195385}
-----------------------
Epoch 67/100
Training statistic: Loss: 0.0664, train_score: {'mae': 0.15238217, 'mse': 0.066421695, 'r2': 0.9255748095453602}
Validation statistic: Loss: 0.2862, dev_score: {'mae': 0.37883997, 'mse': 0.2861979, 'r2': 0.7830333732788235}
-----------------------
Epoch 68/100
Training statistic: Loss: 0.0626, train_score: {'mae': 0.15222679, 'mse': 0.06259077, 'r2': 0.929867349086538}
Validation statistic: Loss: 0.2844, dev_score: {'mae': 0.37575614, 'mse': 0.28441587, 'r2': 0.7843843225624739}
-----------------------
Epoch 69/100
Training statistic: Loss: 0.0622, train_score: {'mae': 0.15280524, 'mse': 0.06218418, 'r2': 0.9303229313174506}
Validation statistic: Loss: 0.2836, dev_score: {'mae': 0.37735045, 'mse': 0.28357244, 'r2': 0.7850237358947735}
Saving model...
Model saved!
-------------------------------------------
-----------------------
Epoch 70/100
Training statistic: Loss: 0.0598, train_score: {'mae': 0.15222065, 'mse': 0.059788693, 'r2': 0.9330070633222854}
Validation statistic: Loss: 0.2823, dev_score: {'mae': 0.3755825, 'mse': 0.2822529, 'r2': 0.7860240806523043}
Saving model...
Model saved!
-------------------------------------------
-----------------------
Epoch 71/100
Training statistic: Loss: 0.0603, train_score: {'mae': 0.15227187, 'mse': 0.0602803, 'r2': 0.932456221921651}
Validation statistic: Loss: 0.2852, dev_score: {'mae': 0.37691927, 'mse': 0.28523237, 'r2': 0.7837653537713902}
-----------------------
Epoch 72/100
Training statistic: Loss: 0.0622, train_score: {'mae': 0.1526553, 'mse': 0.062198855, 'r2': 0.93030649477903}
Validation statistic: Loss: 0.2834, dev_score: {'mae': 0.37749746, 'mse': 0.28338957, 'r2': 0.7851623842907791}
-----------------------
Epoch 73/100
Training statistic: Loss: 0.0641, train_score: {'mae': 0.15349087, 'mse': 0.0641333, 'r2': 0.9281389536890163}
Validation statistic: Loss: 0.2874, dev_score: {'mae': 0.37940302, 'mse': 0.28740674, 'r2': 0.782116950321158}
-----------------------
Epoch 74/100
Training statistic: Loss: 0.0641, train_score: {'mae': 0.15061, 'mse': 0.06409395, 'r2': 0.9281830564442145}
Validation statistic: Loss: 0.2812, dev_score: {'mae': 0.3716998, 'mse': 0.28120446, 'r2': 0.7868188960709913}
Saving model...
Model saved!
-------------------------------------------
-----------------------
Epoch 75/100
Training statistic: Loss: 0.0616, train_score: {'mae': 0.14969052, 'mse': 0.061624713, 'r2': 0.9309498168861866}
Validation statistic: Loss: 0.2816, dev_score: {'mae': 0.37165487, 'mse': 0.28155664, 'r2': 0.7865519215051582}
-----------------------
Epoch 76/100
Training statistic: Loss: 0.0628, train_score: {'mae': 0.15239699, 'mse': 0.06284977, 'r2': 0.9295771597209397}
Validation statistic: Loss: 0.2864, dev_score: {'mae': 0.3779926, 'mse': 0.28636837, 'r2': 0.7829041337989695}
-----------------------
Epoch 77/100
Training statistic: Loss: 0.0614, train_score: {'mae': 0.15087776, 'mse': 0.061373275, 'r2': 0.9312315503347569}
Validation statistic: Loss: 0.2861, dev_score: {'mae': 0.3775872, 'mse': 0.28605673, 'r2': 0.7831404158482581}
-----------------------
Epoch 78/100
Training statistic: Loss: 0.0636, train_score: {'mae': 0.1529671, 'mse': 0.06358194, 'r2': 0.9287567501510182}
Validation statistic: Loss: 0.2873, dev_score: {'mae': 0.38028827, 'mse': 0.28728452, 'r2': 0.7822096086231702}
-----------------------
Epoch 79/100
Training statistic: Loss: 0.0627, train_score: {'mae': 0.15099663, 'mse': 0.06273014, 'r2': 0.9297111866037467}
Validation statistic: Loss: 0.2870, dev_score: {'mae': 0.3776973, 'mse': 0.2870323, 'r2': 0.7824008322621026}
-----------------------
Epoch 80/100
Training statistic: Loss: 0.0604, train_score: {'mae': 0.15196878, 'mse': 0.06035711, 'r2': 0.9323701558524433}
Validation statistic: Loss: 0.2872, dev_score: {'mae': 0.3799629, 'mse': 0.28722763, 'r2': 0.7822527391941961}
-----------------------
Epoch 81/100
Training statistic: Loss: 0.0614, train_score: {'mae': 0.14941798, 'mse': 0.061420314, 'r2': 0.9311788452552106}
Validation statistic: Loss: 0.2828, dev_score: {'mae': 0.37312716, 'mse': 0.28275937, 'r2': 0.7856401239627081}
-----------------------
Epoch 82/100
Training statistic: Loss: 0.0616, train_score: {'mae': 0.15114892, 'mse': 0.061635435, 'r2': 0.930937802529725}
Validation statistic: Loss: 0.2876, dev_score: {'mae': 0.37820366, 'mse': 0.28758752, 'r2': 0.7819799126095037}
-----------------------
Epoch 83/100
Training statistic: Loss: 0.0610, train_score: {'mae': 0.14908814, 'mse': 0.061020013, 'r2': 0.9316273822127119}
Validation statistic: Loss: 0.2866, dev_score: {'mae': 0.37769863, 'mse': 0.2865536, 'r2': 0.7827637094869415}
-----------------------
Epoch 84/100
Training statistic: Loss: 0.0659, train_score: {'mae': 0.15093197, 'mse': 0.065891325, 'r2': 0.9261690897910211}
Validation statistic: Loss: 0.2852, dev_score: {'mae': 0.3767689, 'mse': 0.2851729, 'r2': 0.7838104114703804}
-----------------------
Epoch 85/100
Training statistic: Loss: 0.0625, train_score: {'mae': 0.15088364, 'mse': 0.062486976, 'r2': 0.9299836625937344}
Validation statistic: Loss: 0.2852, dev_score: {'mae': 0.37944433, 'mse': 0.285241, 'r2': 0.7837587971593846}
-----------------------
Epoch 86/100
Training statistic: Loss: 0.0592, train_score: {'mae': 0.14857483, 'mse': 0.059238564, 'r2': 0.9336234791808988}
Validation statistic: Loss: 0.2796, dev_score: {'mae': 0.3730506, 'mse': 0.27958256, 'r2': 0.7880484593911576}
Saving model...
Model saved!
-------------------------------------------
-----------------------
Epoch 87/100
Training statistic: Loss: 0.0620, train_score: {'mae': 0.14999712, 'mse': 0.06203566, 'r2': 0.9304893468904105}
Validation statistic: Loss: 0.2829, dev_score: {'mae': 0.37329563, 'mse': 0.28286782, 'r2': 0.7855579100192297}
-----------------------
Epoch 88/100
Training statistic: Loss: 0.0660, train_score: {'mae': 0.14874609, 'mse': 0.065950036, 'r2': 0.9261033166120762}
Validation statistic: Loss: 0.2817, dev_score: {'mae': 0.37319466, 'mse': 0.28172567, 'r2': 0.7864237643058827}
-----------------------
Epoch 89/100
Training statistic: Loss: 0.0612, train_score: {'mae': 0.14808187, 'mse': 0.061170746, 'r2': 0.9314584818197629}
Validation statistic: Loss: 0.2819, dev_score: {'mae': 0.37380356, 'mse': 0.28185406, 'r2': 0.7863264485671597}
-----------------------
Epoch 90/100
Training statistic: Loss: 0.0629, train_score: {'mae': 0.15036905, 'mse': 0.062902585, 'r2': 0.9295179619053626}
Validation statistic: Loss: 0.2842, dev_score: {'mae': 0.37764835, 'mse': 0.28415427, 'r2': 0.7845826757296501}
-----------------------
Epoch 91/100
Training statistic: Loss: 0.0602, train_score: {'mae': 0.14830473, 'mse': 0.060167965, 'r2': 0.9325820904249581}
Validation statistic: Loss: 0.2810, dev_score: {'mae': 0.3733725, 'mse': 0.28102443, 'r2': 0.7869553985702354}
-----------------------
Epoch 92/100
Training statistic: Loss: 0.0652, train_score: {'mae': 0.15108761, 'mse': 0.065213904, 'r2': 0.9269281482360647}
Validation statistic: Loss: 0.2838, dev_score: {'mae': 0.37641123, 'mse': 0.28383458, 'r2': 0.7848250136194546}
-----------------------
Epoch 93/100
Training statistic: Loss: 0.0668, train_score: {'mae': 0.14997222, 'mse': 0.06676834, 'r2': 0.9251863925748075}
Validation statistic: Loss: 0.2817, dev_score: {'mae': 0.373733, 'mse': 0.28172553, 'r2': 0.7864238862832021}
-----------------------
Epoch 94/100
Training statistic: Loss: 0.0661, train_score: {'mae': 0.14767355, 'mse': 0.06613118, 'r2': 0.9259003330467028}
Validation statistic: Loss: 0.2782, dev_score: {'mae': 0.3697674, 'mse': 0.27822685, 'r2': 0.7890762150266253}
Saving model...
Model saved!
-------------------------------------------
-----------------------
Epoch 95/100
Training statistic: Loss: 0.0625, train_score: {'mae': 0.14801167, 'mse': 0.0624503, 'r2': 0.9300247500631662}
Validation statistic: Loss: 0.2802, dev_score: {'mae': 0.37373745, 'mse': 0.28016892, 'r2': 0.7876039318453262}
-----------------------
Epoch 96/100
Training statistic: Loss: 0.0662, train_score: {'mae': 0.14839405, 'mse': 0.06617937, 'r2': 0.9258463401867147}
Validation statistic: Loss: 0.2803, dev_score: {'mae': 0.37175974, 'mse': 0.2803412, 'r2': 0.7874733335319614}
-----------------------
Epoch 97/100
Training statistic: Loss: 0.0592, train_score: {'mae': 0.14945926, 'mse': 0.05923159, 'r2': 0.9336312931841565}
Validation statistic: Loss: 0.2836, dev_score: {'mae': 0.37762958, 'mse': 0.28355366, 'r2': 0.7850379876008403}
-----------------------
Epoch 98/100
Training statistic: Loss: 0.0595, train_score: {'mae': 0.14725256, 'mse': 0.05953135, 'r2': 0.9332954191433751}
Validation statistic: Loss: 0.2803, dev_score: {'mae': 0.37295088, 'mse': 0.2803053, 'r2': 0.7875005565200291}
-----------------------
Epoch 99/100
Training statistic: Loss: 0.0612, train_score: {'mae': 0.14785703, 'mse': 0.061232146, 'r2': 0.9313896751923829}
Validation statistic: Loss: 0.2819, dev_score: {'mae': 0.3731458, 'mse': 0.2818924, 'r2': 0.7862973835193656}
-----------------------
Epoch 100/100
Training statistic: Loss: 0.0605, train_score: {'mae': 0.14746489, 'mse': 0.06053059, 'r2': 0.9321757682339978}
Validation statistic: Loss: 0.2796, dev_score: {'mae': 0.3717006, 'mse': 0.27955812, 'r2': 0.7880669984346822}
Testing statistic: loss: 0.3090621768966202, scores: {'mae': 0.37089837, 'mse': 0.30906215, 'r2': 0.7742819704327807}
Finish training!
