=====Setting up data=====
Dataset name:mnist12
train_option:synthetic
augment_option:tvae_compare_gaussian
mix_ratio:-1
n_sample:-1
Training dataset size: 100096 samples
Validation dataset size: 6144 samples

=====Setting up parameters for training=====
num_epochs: 100
learning_rate: 0.001
patience: 30
early_stop_criterion: loss
=====Setting up trainer=====
input_size: 144
model: DNN_MNIST12
----------------------------------------------------------------
        Layer (type)               Output Shape         Param #
================================================================
           Dropout-1                  [-1, 144]               0
            Linear-2                 [-1, 1024]         148,480
         LeakyReLU-3                 [-1, 1024]               0
       BatchNorm1d-4                 [-1, 1024]           2,048
           Dropout-5                 [-1, 1024]               0
            Linear-6                 [-1, 1024]       1,049,600
         LeakyReLU-7                 [-1, 1024]               0
       BatchNorm1d-8                 [-1, 1024]           2,048
           Dropout-9                 [-1, 1024]               0
           Linear-10                  [-1, 256]         262,400
        LeakyReLU-11                  [-1, 256]               0
      BatchNorm1d-12                  [-1, 256]             512
          Dropout-13                  [-1, 256]               0
           Linear-14                   [-1, 10]           2,570
================================================================
Total params: 1,467,658
Trainable params: 1,467,658
Non-trainable params: 0
----------------------------------------------------------------
Input size (MB): 0.00
Forward/backward pass size (MB): 0.07
Params size (MB): 5.60
Estimated Total Size (MB): 5.67
----------------------------------------------------------------
=====Setting up output files=====
weight_dir, weight_file: /home/thuy/Research/minh_data_synth/TabularDA/.cache/mnist_head_fixed_runtime_20261009/output/mnist_head_fixed_20261009/mnist12/weight/, mnist12_seed43_tvae_full_gaussian_synthetic.weights.pth
acc_dir, acc_file: /home/thuy/Research/minh_data_synth/TabularDA/.cache/mnist_head_fixed_runtime_20261009/output/mnist_head_fixed_20261009/mnist12/acc/, mnist12_seed43_tvae_full_gaussian_synthetic.epochs.csv
report_file: mnist12_seed43_tvae_full_gaussian_synthetic.report.txt
==========================================================================================
Start training...
-----------------------
Epoch 1/100
Training statistic: Loss: 0.2279, train_score: {'accuracy': 0.92338, 'balanced_accuracy': 0.6727876110380125, 'f1_macro': 0.7076054011413287, 'f1_micro': 0.92338, 'f1_weighted': 0.9205875380338086, 'precision_macro': 0.826991230019287, 'precision_micro': 0.92338, 'precision_weighted': 0.9234551290832349, 'recall_macro': 0.6727876110380125, 'recall_micro': 0.92338, 'recall_weighted': 0.92338}
Validation statistic: Loss: 2.9755, dev_score: {'accuracy': 0.46626885463285267, 'balanced_accuracy': 0.4481139377690392, 'f1_macro': 0.3695504208642431, 'f1_micro': 0.46626885463285267, 'f1_weighted': 0.3853368627620019, 'precision_macro': 0.488540487257293, 'precision_micro': 0.46626885463285267, 'precision_weighted': 0.5032889033523558, 'recall_macro': 0.4481139377690392, 'recall_micro': 0.46626885463285267, 'recall_weighted': 0.46626885463285267}
Saving model...
Model saved!
-------------------------------------------
-----------------------
Epoch 2/100
Training statistic: Loss: 0.1772, train_score: {'accuracy': 0.94342, 'balanced_accuracy': 0.7318878681559419, 'f1_macro': 0.7641930433809472, 'f1_micro': 0.94342, 'f1_weighted': 0.9420104990811914, 'precision_macro': 0.9364574711837778, 'precision_micro': 0.94342, 'precision_weighted': 0.9444316321392421, 'recall_macro': 0.7318878681559419, 'recall_micro': 0.94342, 'recall_weighted': 0.94342}
Validation statistic: Loss: 3.0007, dev_score: {'accuracy': 0.4791977457318084, 'balanced_accuracy': 0.46134244581857714, 'f1_macro': 0.38517960205859947, 'f1_micro': 0.4791977457318084, 'f1_weighted': 0.4010268596225126, 'precision_macro': 0.4891672084975056, 'precision_micro': 0.4791977457318084, 'precision_weighted': 0.5045917928513799, 'recall_macro': 0.46134244581857714, 'recall_micro': 0.4791977457318084, 'recall_weighted': 0.4791977457318084}
-----------------------
Epoch 3/100
Training statistic: Loss: 0.1513, train_score: {'accuracy': 0.95134, 'balanced_accuracy': 0.7710126008300447, 'f1_macro': 0.8101056874033997, 'f1_micro': 0.95134, 'f1_weighted': 0.9503452004118857, 'precision_macro': 0.9427371100187047, 'precision_micro': 0.95134, 'precision_weighted': 0.9513771725736084, 'recall_macro': 0.7710126008300447, 'recall_micro': 0.95134, 'recall_weighted': 0.95134}
Validation statistic: Loss: 3.1445, dev_score: {'accuracy': 0.477871705619095, 'balanced_accuracy': 0.4605105332482077, 'f1_macro': 0.38940491275367545, 'f1_micro': 0.477871705619095, 'f1_weighted': 0.4049179560085849, 'precision_macro': 0.6444372834650561, 'precision_micro': 0.477871705619095, 'precision_weighted': 0.6477930154935633, 'recall_macro': 0.4605105332482077, 'recall_micro': 0.477871705619095, 'recall_weighted': 0.477871705619095}
-----------------------
Epoch 4/100
Training statistic: Loss: 0.1381, train_score: {'accuracy': 0.95645, 'balanced_accuracy': 0.7927893283160952, 'f1_macro': 0.8317502504505973, 'f1_micro': 0.95645, 'f1_weighted': 0.9556989045549976, 'precision_macro': 0.9405275188653823, 'precision_micro': 0.95645, 'precision_weighted': 0.9566270199715323, 'recall_macro': 0.7927893283160952, 'recall_micro': 0.95645, 'recall_weighted': 0.95645}
Validation statistic: Loss: 3.2076, dev_score: {'accuracy': 0.4818498259572352, 'balanced_accuracy': 0.464480425761958, 'f1_macro': 0.3937429515102656, 'f1_micro': 0.4818498259572352, 'f1_weighted': 0.40907666878120846, 'precision_macro': 0.6675356738591052, 'precision_micro': 0.4818498259572352, 'precision_weighted': 0.6687243784729002, 'recall_macro': 0.464480425761958, 'recall_micro': 0.4818498259572352, 'recall_weighted': 0.4818498259572352}
-----------------------
Epoch 5/100
Training statistic: Loss: 0.1342, train_score: {'accuracy': 0.95668, 'balanced_accuracy': 0.8198789504434997, 'f1_macro': 0.8592767244136468, 'f1_micro': 0.95668, 'f1_weighted': 0.9561223872819721, 'precision_macro': 0.9427781806900644, 'precision_micro': 0.95668, 'precision_weighted': 0.9569826859321765, 'recall_macro': 0.8198789504434997, 'recall_micro': 0.95668, 'recall_weighted': 0.95668}
Validation statistic: Loss: 3.2878, dev_score: {'accuracy': 0.47903199071771924, 'balanced_accuracy': 0.4615804733655148, 'f1_macro': 0.3921412618506919, 'f1_micro': 0.47903199071771924, 'f1_weighted': 0.4073687887942167, 'precision_macro': 0.664064668576634, 'precision_micro': 0.47903199071771924, 'precision_weighted': 0.6651847866190779, 'recall_macro': 0.4615804733655148, 'recall_micro': 0.47903199071771924, 'recall_weighted': 0.47903199071771924}
-----------------------
Epoch 6/100
Training statistic: Loss: 0.1240, train_score: {'accuracy': 0.96317, 'balanced_accuracy': 0.841159182849722, 'f1_macro': 0.8769979925122676, 'f1_micro': 0.96317, 'f1_weighted': 0.9628518213110544, 'precision_macro': 0.9450213462034144, 'precision_micro': 0.96317, 'precision_weighted': 0.9635642024696802, 'recall_macro': 0.841159182849722, 'recall_micro': 0.96317, 'recall_weighted': 0.96317}
Validation statistic: Loss: 3.2565, dev_score: {'accuracy': 0.48450190618266203, 'balanced_accuracy': 0.4669908533256164, 'f1_macro': 0.3951817379173303, 'f1_micro': 0.48450190618266203, 'f1_weighted': 0.4106238174061412, 'precision_macro': 0.6495160403429379, 'precision_micro': 0.48450190618266203, 'precision_weighted': 0.6519232074985524, 'recall_macro': 0.4669908533256164, 'recall_micro': 0.48450190618266203, 'recall_weighted': 0.48450190618266203}
-----------------------
Epoch 7/100
Training statistic: Loss: 0.1193, train_score: {'accuracy': 0.96479, 'balanced_accuracy': 0.8713526402046885, 'f1_macro': 0.8978861239668288, 'f1_micro': 0.96479, 'f1_weighted': 0.9646154870717265, 'precision_macro': 0.9342158994405146, 'precision_micro': 0.96479, 'precision_weighted': 0.9649497508621638, 'recall_macro': 0.8713526402046885, 'recall_micro': 0.96479, 'recall_weighted': 0.96479}
Validation statistic: Loss: 3.3002, dev_score: {'accuracy': 0.48367313111221616, 'balanced_accuracy': 0.4661921199579112, 'f1_macro': 0.39705207602333914, 'f1_micro': 0.48367313111221616, 'f1_weighted': 0.41251003023338645, 'precision_macro': 0.6512035024229422, 'precision_micro': 0.48367313111221616, 'precision_weighted': 0.6537085954403402, 'recall_macro': 0.4661921199579112, 'recall_micro': 0.48367313111221616, 'recall_weighted': 0.48367313111221616}
-----------------------
Epoch 8/100
Training statistic: Loss: 0.1213, train_score: {'accuracy': 0.96273, 'balanced_accuracy': 0.8802616227287909, 'f1_macro': 0.907356164086224, 'f1_micro': 0.96273, 'f1_weighted': 0.9626641257503166, 'precision_macro': 0.9441584216591192, 'precision_micro': 0.96273, 'precision_weighted': 0.9634235515233246, 'recall_macro': 0.8802616227287909, 'recall_micro': 0.96273, 'recall_weighted': 0.96273}
Validation statistic: Loss: 3.3419, dev_score: {'accuracy': 0.4854964362671971, 'balanced_accuracy': 0.4682371556929432, 'f1_macro': 0.3986892124312013, 'f1_micro': 0.4854964362671971, 'f1_weighted': 0.41402603211411526, 'precision_macro': 0.6603513146743786, 'precision_micro': 0.4854964362671971, 'precision_weighted': 0.6622582087469847, 'recall_macro': 0.4682371556929432, 'recall_micro': 0.4854964362671971, 'recall_weighted': 0.4854964362671971}
-----------------------
Epoch 9/100
Training statistic: Loss: 0.1128, train_score: {'accuracy': 0.96686, 'balanced_accuracy': 0.8870088337490067, 'f1_macro': 0.9118237922771886, 'f1_micro': 0.96686, 'f1_weighted': 0.9666678042042445, 'precision_macro': 0.9447198706855957, 'precision_micro': 0.96686, 'precision_weighted': 0.9668334796111888, 'recall_macro': 0.8870088337490067, 'recall_micro': 0.96686, 'recall_weighted': 0.96686}
Validation statistic: Loss: 3.4457, dev_score: {'accuracy': 0.4833416210840378, 'balanced_accuracy': 0.4660494010477385, 'f1_macro': 0.397557439634844, 'f1_micro': 0.4833416210840378, 'f1_weighted': 0.4127640192648171, 'precision_macro': 0.6577560639651586, 'precision_micro': 0.4833416210840378, 'precision_weighted': 0.6596618045568491, 'recall_macro': 0.4660494010477385, 'recall_micro': 0.4833416210840378, 'recall_weighted': 0.4833416210840378}
-----------------------
Epoch 10/100
Training statistic: Loss: 0.1085, train_score: {'accuracy': 0.96735, 'balanced_accuracy': 0.9079297704518412, 'f1_macro': 0.9227288274613704, 'f1_micro': 0.96735, 'f1_weighted': 0.9672966919720117, 'precision_macro': 0.9406573220017103, 'precision_micro': 0.96735, 'precision_weighted': 0.9676650279510021, 'recall_macro': 0.9079297704518412, 'recall_micro': 0.96735, 'recall_weighted': 0.96735}
Validation statistic: Loss: 3.3872, dev_score: {'accuracy': 0.48781700646444554, 'balanced_accuracy': 0.47060805426473723, 'f1_macro': 0.40301785205868634, 'f1_micro': 0.48781700646444554, 'f1_weighted': 0.41815507467717494, 'precision_macro': 0.6652753260206253, 'precision_micro': 0.48781700646444554, 'precision_weighted': 0.6669099732525453, 'recall_macro': 0.47060805426473723, 'recall_micro': 0.48781700646444554, 'recall_weighted': 0.48781700646444554}
-----------------------
Epoch 11/100
Training statistic: Loss: 0.1088, train_score: {'accuracy': 0.96735, 'balanced_accuracy': 0.9084856458126671, 'f1_macro': 0.9198687342642573, 'f1_micro': 0.96735, 'f1_weighted': 0.9673264545916496, 'precision_macro': 0.9333937832158374, 'precision_micro': 0.96735, 'precision_weighted': 0.9676100484026577, 'recall_macro': 0.9084856458126671, 'recall_micro': 0.96735, 'recall_weighted': 0.96735}
Validation statistic: Loss: 3.4142, dev_score: {'accuracy': 0.4864909663517321, 'balanced_accuracy': 0.4691946572155296, 'f1_macro': 0.4011830710817355, 'f1_micro': 0.4864909663517321, 'f1_weighted': 0.4165651208458661, 'precision_macro': 0.665174850514624, 'precision_micro': 0.4864909663517321, 'precision_weighted': 0.6663886371020513, 'recall_macro': 0.4691946572155296, 'recall_micro': 0.4864909663517321, 'recall_weighted': 0.4864909663517321}
-----------------------
Epoch 12/100
Training statistic: Loss: 0.1081, train_score: {'accuracy': 0.96939, 'balanced_accuracy': 0.9000219646355034, 'f1_macro': 0.9217660793199443, 'f1_micro': 0.96939, 'f1_weighted': 0.9692713709610665, 'precision_macro': 0.9490419962581536, 'precision_micro': 0.96939, 'precision_weighted': 0.9695984714349349, 'recall_macro': 0.9000219646355034, 'recall_micro': 0.96939, 'recall_weighted': 0.96939}
Validation statistic: Loss: 3.4011, dev_score: {'accuracy': 0.4854964362671971, 'balanced_accuracy': 0.46828247853216504, 'f1_macro': 0.40025205937945996, 'f1_micro': 0.4854964362671971, 'f1_weighted': 0.41541340668528415, 'precision_macro': 0.6674086553139651, 'precision_micro': 0.4854964362671971, 'precision_weighted': 0.6684286095713021, 'recall_macro': 0.46828247853216504, 'recall_micro': 0.4854964362671971, 'recall_weighted': 0.4854964362671971}
-----------------------
Epoch 13/100
Training statistic: Loss: 0.1053, train_score: {'accuracy': 0.96965, 'balanced_accuracy': 0.9091366700072973, 'f1_macro': 0.9292763311397941, 'f1_micro': 0.96965, 'f1_weighted': 0.969594075424851, 'precision_macro': 0.9533062066641248, 'precision_micro': 0.96965, 'precision_weighted': 0.9698686420200269, 'recall_macro': 0.9091366700072973, 'recall_micro': 0.96965, 'recall_weighted': 0.96965}
Validation statistic: Loss: 3.3888, dev_score: {'accuracy': 0.48450190618266203, 'balanced_accuracy': 0.4670554125918115, 'f1_macro': 0.397754941688141, 'f1_micro': 0.48450190618266203, 'f1_weighted': 0.41328551425593546, 'precision_macro': 0.6582758050726981, 'precision_micro': 0.48450190618266203, 'precision_weighted': 0.6601669013884464, 'recall_macro': 0.4670554125918115, 'recall_micro': 0.48450190618266203, 'recall_weighted': 0.48450190618266203}
-----------------------
Epoch 14/100
Training statistic: Loss: 0.1052, train_score: {'accuracy': 0.97094, 'balanced_accuracy': 0.9056689832336178, 'f1_macro': 0.9261612389967553, 'f1_micro': 0.97094, 'f1_weighted': 0.9708891943642782, 'precision_macro': 0.951462901770492, 'precision_micro': 0.97094, 'precision_weighted': 0.9712603834385767, 'recall_macro': 0.9056689832336178, 'recall_micro': 0.97094, 'recall_weighted': 0.97094}
Validation statistic: Loss: 3.5122, dev_score: {'accuracy': 0.4859937013094646, 'balanced_accuracy': 0.46880687209841465, 'f1_macro': 0.4000356523413201, 'f1_micro': 0.4859937013094646, 'f1_weighted': 0.41508841522453077, 'precision_macro': 0.6611342674424147, 'precision_micro': 0.4859937013094646, 'precision_weighted': 0.6626202448302445, 'recall_macro': 0.46880687209841465, 'recall_micro': 0.4859937013094646, 'recall_weighted': 0.4859937013094646}
-----------------------
Epoch 15/100
Training statistic: Loss: 0.1010, train_score: {'accuracy': 0.97195, 'balanced_accuracy': 0.9056673751954806, 'f1_macro': 0.9275052050812643, 'f1_micro': 0.97195, 'f1_weighted': 0.9719072502562754, 'precision_macro': 0.9558674459796134, 'precision_micro': 0.97195, 'precision_weighted': 0.9722404646538584, 'recall_macro': 0.9056673751954806, 'recall_micro': 0.97195, 'recall_weighted': 0.97195}
Validation statistic: Loss: 3.5627, dev_score: {'accuracy': 0.48731974142217804, 'balanced_accuracy': 0.46994698035125637, 'f1_macro': 0.40116309297784697, 'f1_micro': 0.48731974142217804, 'f1_weighted': 0.41648975280998474, 'precision_macro': 0.6683018149753878, 'precision_micro': 0.48731974142217804, 'precision_weighted': 0.6692981136244538, 'recall_macro': 0.46994698035125637, 'recall_micro': 0.48731974142217804, 'recall_weighted': 0.48731974142217804}
-----------------------
Epoch 16/100
Training statistic: Loss: 0.1021, train_score: {'accuracy': 0.97052, 'balanced_accuracy': 0.9151917280950533, 'f1_macro': 0.9294815660030222, 'f1_micro': 0.97052, 'f1_weighted': 0.970470100484588, 'precision_macro': 0.9458862236567878, 'precision_micro': 0.97052, 'precision_weighted': 0.9707695384678702, 'recall_macro': 0.9151917280950533, 'recall_micro': 0.97052, 'recall_weighted': 0.97052}
Validation statistic: Loss: 3.4261, dev_score: {'accuracy': 0.48417039615448365, 'balanced_accuracy': 0.4667161603219128, 'f1_macro': 0.3979102821122205, 'f1_micro': 0.48417039615448365, 'f1_weighted': 0.4134627751121772, 'precision_macro': 0.6462805347604391, 'precision_micro': 0.48417039615448365, 'precision_weighted': 0.6489904769283752, 'recall_macro': 0.4667161603219128, 'recall_micro': 0.48417039615448365, 'recall_weighted': 0.48417039615448365}
-----------------------
Epoch 17/100
Training statistic: Loss: 0.1014, train_score: {'accuracy': 0.96826, 'balanced_accuracy': 0.9186019686692155, 'f1_macro': 0.9290160988693603, 'f1_micro': 0.96826, 'f1_weighted': 0.9683061467756948, 'precision_macro': 0.9427508335536772, 'precision_micro': 0.96826, 'precision_weighted': 0.9688542104786744, 'recall_macro': 0.9186019686692155, 'recall_micro': 0.96826, 'recall_weighted': 0.96826}
Validation statistic: Loss: 3.6062, dev_score: {'accuracy': 0.4868224763799105, 'balanced_accuracy': 0.469641423233995, 'f1_macro': 0.40263796360498183, 'f1_micro': 0.4868224763799105, 'f1_weighted': 0.4176001866187483, 'precision_macro': 0.6614250356792313, 'precision_micro': 0.4868224763799105, 'precision_weighted': 0.6625194341206696, 'recall_macro': 0.469641423233995, 'recall_micro': 0.4868224763799105, 'recall_weighted': 0.4868224763799105}
-----------------------
Epoch 18/100
Training statistic: Loss: 0.0997, train_score: {'accuracy': 0.9729, 'balanced_accuracy': 0.9248564087407465, 'f1_macro': 0.9403475726071765, 'f1_micro': 0.9729, 'f1_weighted': 0.9728356299978774, 'precision_macro': 0.958194241417474, 'precision_micro': 0.9729, 'precision_weighted': 0.9731445619768326, 'recall_macro': 0.9248564087407465, 'recall_micro': 0.9729, 'recall_weighted': 0.9729}
Validation statistic: Loss: 3.5262, dev_score: {'accuracy': 0.48582794629537546, 'balanced_accuracy': 0.4686819164810623, 'f1_macro': 0.4007832475000191, 'f1_micro': 0.48582794629537546, 'f1_weighted': 0.4160044074274971, 'precision_macro': 0.6561473266731178, 'precision_micro': 0.48582794629537546, 'precision_weighted': 0.65857065213575, 'recall_macro': 0.4686819164810623, 'recall_micro': 0.48582794629537546, 'recall_weighted': 0.48582794629537546}
-----------------------
Epoch 19/100
Training statistic: Loss: 0.0977, train_score: {'accuracy': 0.97206, 'balanced_accuracy': 0.9273325450415572, 'f1_macro': 0.9406469961677276, 'f1_micro': 0.97206, 'f1_weighted': 0.9720504955061735, 'precision_macro': 0.957001727819722, 'precision_micro': 0.97206, 'precision_weighted': 0.9723436387604267, 'recall_macro': 0.9273325450415572, 'recall_micro': 0.97206, 'recall_weighted': 0.97206}
Validation statistic: Loss: 3.4694, dev_score: {'accuracy': 0.4894745566053373, 'balanced_accuracy': 0.4722531680155485, 'f1_macro': 0.40590862681772827, 'f1_micro': 0.4894745566053373, 'f1_weighted': 0.42094858555386816, 'precision_macro': 0.6665025941433791, 'precision_micro': 0.4894745566053373, 'precision_weighted': 0.6677864370185597, 'recall_macro': 0.4722531680155485, 'recall_micro': 0.4894745566053373, 'recall_weighted': 0.4894745566053373}
-----------------------
Epoch 20/100
Training statistic: Loss: 0.0986, train_score: {'accuracy': 0.97324, 'balanced_accuracy': 0.9215507303032645, 'f1_macro': 0.9387570764990449, 'f1_micro': 0.97324, 'f1_weighted': 0.9732070701172058, 'precision_macro': 0.9597325809205254, 'precision_micro': 0.97324, 'precision_weighted': 0.9734586407521111, 'recall_macro': 0.9215507303032645, 'recall_micro': 0.97324, 'recall_weighted': 0.97324}
Validation statistic: Loss: 3.5928, dev_score: {'accuracy': 0.48698823139399966, 'balanced_accuracy': 0.4696960230590122, 'f1_macro': 0.40148677266350974, 'f1_micro': 0.48698823139399966, 'f1_weighted': 0.4168225211422317, 'precision_macro': 0.64161937703106, 'precision_micro': 0.48698823139399966, 'precision_weighted': 0.6448217772400991, 'recall_macro': 0.4696960230590122, 'recall_micro': 0.48698823139399966, 'recall_weighted': 0.48698823139399966}
-----------------------
Epoch 21/100
Training statistic: Loss: 0.0956, train_score: {'accuracy': 0.9739, 'balanced_accuracy': 0.940929464139149, 'f1_macro': 0.9509898757252324, 'f1_micro': 0.9739, 'f1_weighted': 0.9739063719930018, 'precision_macro': 0.9625656778092176, 'precision_micro': 0.9739, 'precision_weighted': 0.9741980524583738, 'recall_macro': 0.940929464139149, 'recall_micro': 0.9739, 'recall_weighted': 0.9739}
Validation statistic: Loss: 3.5690, dev_score: {'accuracy': 0.4889772915630698, 'balanced_accuracy': 0.4720089891328122, 'f1_macro': 0.4048222479423556, 'f1_micro': 0.4889772915630698, 'f1_weighted': 0.4196033347546538, 'precision_macro': 0.6587414554789709, 'precision_micro': 0.4889772915630698, 'precision_weighted': 0.6605241090348627, 'recall_macro': 0.4720089891328122, 'recall_micro': 0.4889772915630698, 'recall_weighted': 0.4889772915630698}
-----------------------
Epoch 22/100
Training statistic: Loss: 0.0996, train_score: {'accuracy': 0.97224, 'balanced_accuracy': 0.9367839597508206, 'f1_macro': 0.945404025016883, 'f1_micro': 0.97224, 'f1_weighted': 0.9722560334241169, 'precision_macro': 0.9558172145584072, 'precision_micro': 0.97224, 'precision_weighted': 0.9726035060048016, 'recall_macro': 0.9367839597508206, 'recall_micro': 0.97224, 'recall_weighted': 0.97224}
Validation statistic: Loss: 3.5173, dev_score: {'accuracy': 0.4903033316757832, 'balanced_accuracy': 0.4730561461619736, 'f1_macro': 0.40609632336275253, 'f1_micro': 0.4903033316757832, 'f1_weighted': 0.42129986302519545, 'precision_macro': 0.6625062175274824, 'precision_micro': 0.4903033316757832, 'precision_weighted': 0.6641598476159596, 'recall_macro': 0.4730561461619736, 'recall_micro': 0.4903033316757832, 'recall_weighted': 0.4903033316757832}
-----------------------
Epoch 23/100
Training statistic: Loss: 0.0919, train_score: {'accuracy': 0.97592, 'balanced_accuracy': 0.930470913916069, 'f1_macro': 0.9471096955403813, 'f1_micro': 0.97592, 'f1_weighted': 0.9758542855255596, 'precision_macro': 0.9675302510953498, 'precision_micro': 0.97592, 'precision_weighted': 0.9760015965974389, 'recall_macro': 0.930470913916069, 'recall_micro': 0.97592, 'recall_weighted': 0.97592}
Validation statistic: Loss: 3.5716, dev_score: {'accuracy': 0.48698823139399966, 'balanced_accuracy': 0.4696425429323877, 'f1_macro': 0.4026907655595856, 'f1_micro': 0.48698823139399966, 'f1_weighted': 0.41813298600467913, 'precision_macro': 0.6573243352091649, 'precision_micro': 0.48698823139399966, 'precision_weighted': 0.6593474307405016, 'recall_macro': 0.4696425429323877, 'recall_micro': 0.48698823139399966, 'recall_weighted': 0.48698823139399966}
-----------------------
Epoch 24/100
Training statistic: Loss: 0.0918, train_score: {'accuracy': 0.97583, 'balanced_accuracy': 0.9395813825981282, 'f1_macro': 0.9503530163755792, 'f1_micro': 0.97583, 'f1_weighted': 0.9757856908583598, 'precision_macro': 0.9623381688791598, 'precision_micro': 0.97583, 'precision_weighted': 0.9759518506735837, 'recall_macro': 0.9395813825981282, 'recall_micro': 0.97583, 'recall_weighted': 0.97583}
Validation statistic: Loss: 3.6279, dev_score: {'accuracy': 0.4881485164926239, 'balanced_accuracy': 0.4708762845822142, 'f1_macro': 0.4027020549652683, 'f1_micro': 0.4881485164926239, 'f1_weighted': 0.4179551579559083, 'precision_macro': 0.6466236239801575, 'precision_micro': 0.4881485164926239, 'precision_weighted': 0.6493529302324332, 'recall_macro': 0.4708762845822142, 'recall_micro': 0.4881485164926239, 'recall_weighted': 0.4881485164926239}
-----------------------
Epoch 25/100
Training statistic: Loss: 0.0907, train_score: {'accuracy': 0.97668, 'balanced_accuracy': 0.9355261293525057, 'f1_macro': 0.9500007482004016, 'f1_micro': 0.97668, 'f1_weighted': 0.9766440262798967, 'precision_macro': 0.9666032663568969, 'precision_micro': 0.97668, 'precision_weighted': 0.9767594635731154, 'recall_macro': 0.9355261293525057, 'recall_micro': 0.97668, 'recall_weighted': 0.97668}
Validation statistic: Loss: 3.6158, dev_score: {'accuracy': 0.48765125145035637, 'balanced_accuracy': 0.4705775661065986, 'f1_macro': 0.40314416391543756, 'f1_micro': 0.48765125145035637, 'f1_weighted': 0.4181846234695194, 'precision_macro': 0.663736648920175, 'precision_micro': 0.48765125145035637, 'precision_weighted': 0.6652456738506682, 'recall_macro': 0.4705775661065986, 'recall_micro': 0.48765125145035637, 'recall_weighted': 0.48765125145035637}
-----------------------
Epoch 26/100
Training statistic: Loss: 0.0924, train_score: {'accuracy': 0.97651, 'balanced_accuracy': 0.9381652482181748, 'f1_macro': 0.9495825004803915, 'f1_micro': 0.97651, 'f1_weighted': 0.976475069741818, 'precision_macro': 0.9624204569912992, 'precision_micro': 0.97651, 'precision_weighted': 0.9765874829141113, 'recall_macro': 0.9381652482181748, 'recall_micro': 0.97651, 'recall_weighted': 0.97651}
Validation statistic: Loss: 3.6833, dev_score: {'accuracy': 0.48848002652080225, 'balanced_accuracy': 0.4711752249751074, 'f1_macro': 0.40303485832473884, 'f1_micro': 0.48848002652080225, 'f1_weighted': 0.41839225809885155, 'precision_macro': 0.6551073084668888, 'precision_micro': 0.48848002652080225, 'precision_weighted': 0.657393964316671, 'recall_macro': 0.4711752249751074, 'recall_micro': 0.48848002652080225, 'recall_weighted': 0.48848002652080225}
-----------------------
Epoch 27/100
Training statistic: Loss: 0.0933, train_score: {'accuracy': 0.97619, 'balanced_accuracy': 0.9333583321136334, 'f1_macro': 0.9503628837478123, 'f1_micro': 0.97619, 'f1_weighted': 0.9761477971513789, 'precision_macro': 0.9698605091284834, 'precision_micro': 0.97619, 'precision_weighted': 0.9762801115638754, 'recall_macro': 0.9333583321136334, 'recall_micro': 0.97619, 'recall_weighted': 0.97619}
Validation statistic: Loss: 3.6646, dev_score: {'accuracy': 0.48698823139399966, 'balanced_accuracy': 0.469735253134834, 'f1_macro': 0.40242822304423403, 'f1_micro': 0.48698823139399966, 'f1_weighted': 0.41775351019630114, 'precision_macro': 0.6638408277533072, 'precision_micro': 0.48698823139399966, 'precision_weighted': 0.665738307148397, 'recall_macro': 0.469735253134834, 'recall_micro': 0.48698823139399966, 'recall_weighted': 0.48698823139399966}
-----------------------
Epoch 28/100
Training statistic: Loss: 0.0923, train_score: {'accuracy': 0.97507, 'balanced_accuracy': 0.9353295361956446, 'f1_macro': 0.9513401073929094, 'f1_micro': 0.97507, 'f1_weighted': 0.9750540940421081, 'precision_macro': 0.9698848022531201, 'precision_micro': 0.97507, 'precision_weighted': 0.9753139167116268, 'recall_macro': 0.9353295361956446, 'recall_micro': 0.97507, 'recall_weighted': 0.97507}
Validation statistic: Loss: 3.6985, dev_score: {'accuracy': 0.48632521133764295, 'balanced_accuracy': 0.4689048869486315, 'f1_macro': 0.40131587541052616, 'f1_micro': 0.48632521133764295, 'f1_weighted': 0.4166868837485387, 'precision_macro': 0.6531317203249977, 'precision_micro': 0.48632521133764295, 'precision_weighted': 0.6551003360904375, 'recall_macro': 0.4689048869486315, 'recall_micro': 0.48632521133764295, 'recall_weighted': 0.48632521133764295}
-----------------------
Epoch 29/100
Training statistic: Loss: 0.0905, train_score: {'accuracy': 0.9753, 'balanced_accuracy': 0.941751145621424, 'f1_macro': 0.9545698628010151, 'f1_micro': 0.9753, 'f1_weighted': 0.9753009447010722, 'precision_macro': 0.9689867497107507, 'precision_micro': 0.9753, 'precision_weighted': 0.9756009795015912, 'recall_macro': 0.941751145621424, 'recall_micro': 0.9753, 'recall_weighted': 0.9753}
Validation statistic: Loss: 3.6596, dev_score: {'accuracy': 0.48765125145035637, 'balanced_accuracy': 0.47038844460231816, 'f1_macro': 0.4014490897684345, 'f1_micro': 0.48765125145035637, 'f1_weighted': 0.4168611099533856, 'precision_macro': 0.6473050856969889, 'precision_micro': 0.48765125145035637, 'precision_weighted': 0.6504379907686951, 'recall_macro': 0.47038844460231816, 'recall_micro': 0.48765125145035637, 'recall_weighted': 0.48765125145035637}
-----------------------
Epoch 30/100
Training statistic: Loss: 0.0921, train_score: {'accuracy': 0.97647, 'balanced_accuracy': 0.9450480341114844, 'f1_macro': 0.9563539474170112, 'f1_micro': 0.97647, 'f1_weighted': 0.976474690978229, 'precision_macro': 0.969183609888599, 'precision_micro': 0.97647, 'precision_weighted': 0.9767049100360484, 'recall_macro': 0.9450480341114844, 'recall_micro': 0.97647, 'recall_weighted': 0.97647}
Validation statistic: Loss: 3.6633, dev_score: {'accuracy': 0.48848002652080225, 'balanced_accuracy': 0.47120250458149604, 'f1_macro': 0.40233330557321556, 'f1_micro': 0.48848002652080225, 'f1_weighted': 0.41762501233008986, 'precision_macro': 0.6508195454170941, 'precision_micro': 0.48848002652080225, 'precision_weighted': 0.6534985354003532, 'recall_macro': 0.47120250458149604, 'recall_micro': 0.48848002652080225, 'recall_weighted': 0.48848002652080225}
-----------------------
Epoch 31/100
Training statistic: Loss: 0.0890, train_score: {'accuracy': 0.97634, 'balanced_accuracy': 0.9552033123375973, 'f1_macro': 0.9604205293168766, 'f1_micro': 0.97634, 'f1_weighted': 0.9763588355037841, 'precision_macro': 0.9661041206310547, 'precision_micro': 0.97634, 'precision_weighted': 0.9766337965539263, 'recall_macro': 0.9552033123375973, 'recall_micro': 0.97634, 'recall_weighted': 0.97634}
Validation statistic: Loss: 3.5601, dev_score: {'accuracy': 0.4893088015912481, 'balanced_accuracy': 0.4721882294498336, 'f1_macro': 0.40550240691448536, 'f1_micro': 0.4893088015912481, 'f1_weighted': 0.4204548569678547, 'precision_macro': 0.6456219287646862, 'precision_micro': 0.4893088015912481, 'precision_weighted': 0.6483711472694451, 'recall_macro': 0.4721882294498336, 'recall_micro': 0.4893088015912481, 'recall_weighted': 0.4893088015912481}
-----------------------
Epoch 32/100
Training statistic: Loss: 0.0905, train_score: {'accuracy': 0.97624, 'balanced_accuracy': 0.9554055424741261, 'f1_macro': 0.95999898728573, 'f1_micro': 0.97624, 'f1_weighted': 0.9762692024651594, 'precision_macro': 0.9653547281011786, 'precision_micro': 0.97624, 'precision_weighted': 0.9764825700000573, 'recall_macro': 0.9554055424741261, 'recall_micro': 0.97624, 'recall_weighted': 0.97624}
Validation statistic: Loss: 3.5458, dev_score: {'accuracy': 0.4896403116194265, 'balanced_accuracy': 0.4723880963918458, 'f1_macro': 0.4058142182253655, 'f1_micro': 0.4896403116194265, 'f1_weighted': 0.4209957865267846, 'precision_macro': 0.6446749629789589, 'precision_micro': 0.4896403116194265, 'precision_weighted': 0.6475596145511808, 'recall_macro': 0.4723880963918458, 'recall_micro': 0.4896403116194265, 'recall_weighted': 0.4896403116194265}
Early stopping by loss triggered!
Testing statistic: loss: 3.062396984096478, scores: {'accuracy': 0.45062291096931023, 'balanced_accuracy': 0.45035153505018355, 'f1_macro': 0.37220117431653554, 'f1_micro': 0.45062291096931023, 'f1_weighted': 0.37357025182199544, 'precision_macro': 0.48142831084079757, 'precision_micro': 0.45062291096931023, 'precision_weighted': 0.4873171128395234, 'recall_macro': 0.45035153505018355, 'recall_micro': 0.45062291096931023, 'recall_weighted': 0.45062291096931023}
Finish training!
