=====Setting up data=====
Dataset name:mnist28
train_option:mix
augment_option:tvae_pca_gmm
mix_ratio:-1
n_sample:-1
Training dataset size: 154112 samples
Validation dataset size: 6144 samples

=====Setting up parameters for training=====
num_epochs: 100
learning_rate: 0.001
patience: 30
early_stop_criterion: loss
=====Setting up trainer=====
input_size: 784
model: DNN_MNIST28
----------------------------------------------------------------
        Layer (type)               Output Shape         Param #
================================================================
           Dropout-1                  [-1, 784]               0
            Linear-2                  [-1, 512]         401,920
         LeakyReLU-3                  [-1, 512]               0
       BatchNorm1d-4                  [-1, 512]           1,024
           Dropout-5                  [-1, 512]               0
            Linear-6                 [-1, 1024]         525,312
         LeakyReLU-7                 [-1, 1024]               0
       BatchNorm1d-8                 [-1, 1024]           2,048
           Dropout-9                 [-1, 1024]               0
           Linear-10                  [-1, 256]         262,400
        LeakyReLU-11                  [-1, 256]               0
      BatchNorm1d-12                  [-1, 256]             512
          Dropout-13                  [-1, 256]               0
           Linear-14                  [-1, 128]          32,896
        LeakyReLU-15                  [-1, 128]               0
      BatchNorm1d-16                  [-1, 128]             256
          Dropout-17                  [-1, 128]               0
           Linear-18                   [-1, 10]           1,290
================================================================
Total params: 1,227,658
Trainable params: 1,227,658
Non-trainable params: 0
----------------------------------------------------------------
Input size (MB): 0.00
Forward/backward pass size (MB): 0.06
Params size (MB): 4.68
Estimated Total Size (MB): 4.75
----------------------------------------------------------------
=====Setting up output files=====
weight_dir, weight_file: /home/thuy/Research/minh_data_synth/TabularDA/.cache/mnist_head_fixed_runtime_20261009/output/mnist_head_fixed_20261009/mnist28/weight/, mnist28_seed43_tvae_xonly_pca_gmm_mix.weights.pth
acc_dir, acc_file: /home/thuy/Research/minh_data_synth/TabularDA/.cache/mnist_head_fixed_runtime_20261009/output/mnist_head_fixed_20261009/mnist28/acc/, mnist28_seed43_tvae_xonly_pca_gmm_mix.epochs.csv
report_file: mnist28_seed43_tvae_xonly_pca_gmm_mix.report.txt
==========================================================================================
Start training...
-----------------------
Epoch 1/100
Training statistic: Loss: 0.4021, train_score: {'accuracy': 0.8894051682739107, 'balanced_accuracy': 0.8897288605279199, 'f1_macro': 0.8902291868719965, 'f1_micro': 0.8894051682739107, 'f1_weighted': 0.8892123389473713, 'precision_macro': 0.8925192271965354, 'precision_micro': 0.8894051682739107, 'precision_weighted': 0.8907460900703715, 'recall_macro': 0.8897288605279199, 'recall_micro': 0.8894051682739107, 'recall_weighted': 0.8894051682739107}
Validation statistic: Loss: 0.6991, dev_score: {'accuracy': 0.8329189457981104, 'balanced_accuracy': 0.8294796655853279, 'f1_macro': 0.8298832076867585, 'f1_micro': 0.8329189457981104, 'f1_weighted': 0.8327201785801744, 'precision_macro': 0.8325675978267142, 'precision_micro': 0.8329189457981104, 'precision_weighted': 0.8348328606815772, 'recall_macro': 0.8294796655853279, 'recall_micro': 0.8329189457981104, 'recall_weighted': 0.8329189457981104}
Saving model...
Model saved!
-------------------------------------------
-----------------------
Epoch 2/100
Training statistic: Loss: 0.3797, train_score: {'accuracy': 0.8993147040118369, 'balanced_accuracy': 0.8997686836184299, 'f1_macro': 0.9002253881873434, 'f1_micro': 0.8993147040118369, 'f1_weighted': 0.8993129740969958, 'precision_macro': 0.901435058753691, 'precision_micro': 0.8993147040118369, 'precision_weighted': 0.9000689354328425, 'recall_macro': 0.8997686836184299, 'recall_micro': 0.8993147040118369, 'recall_weighted': 0.8993147040118369}
Validation statistic: Loss: 0.6950, dev_score: {'accuracy': 0.8332504558262888, 'balanced_accuracy': 0.8292453845409187, 'f1_macro': 0.8300606256689456, 'f1_micro': 0.8332504558262888, 'f1_weighted': 0.8331023476510739, 'precision_macro': 0.8331548548980658, 'precision_micro': 0.8332504558262888, 'precision_weighted': 0.835206404115022, 'recall_macro': 0.8292453845409187, 'recall_micro': 0.8332504558262888, 'recall_weighted': 0.8332504558262888}
Saving model...
Model saved!
-------------------------------------------
-----------------------
Epoch 3/100
Training statistic: Loss: 0.3620, train_score: {'accuracy': 0.9063753293444261, 'balanced_accuracy': 0.9070662502029248, 'f1_macro': 0.9072696439184093, 'f1_micro': 0.9063753293444261, 'f1_weighted': 0.9063002782764789, 'precision_macro': 0.9083670715047104, 'precision_micro': 0.9063753293444261, 'precision_weighted': 0.9071557624056296, 'recall_macro': 0.9070662502029248, 'recall_micro': 0.9063753293444261, 'recall_weighted': 0.9063753293444261}
Validation statistic: Loss: 0.6762, dev_score: {'accuracy': 0.8362340460798939, 'balanced_accuracy': 0.8323015379435817, 'f1_macro': 0.833016610817096, 'f1_micro': 0.8362340460798939, 'f1_weighted': 0.8359393745472349, 'precision_macro': 0.8367109850066209, 'precision_micro': 0.8362340460798939, 'precision_weighted': 0.8385192251271988, 'recall_macro': 0.8323015379435817, 'recall_micro': 0.8362340460798939, 'recall_weighted': 0.8362340460798939}
Saving model...
Model saved!
-------------------------------------------
-----------------------
Epoch 4/100
Training statistic: Loss: 0.3608, train_score: {'accuracy': 0.9053434916349761, 'balanced_accuracy': 0.9059958949246638, 'f1_macro': 0.9063978623485577, 'f1_micro': 0.9053434916349761, 'f1_weighted': 0.9054458776817993, 'precision_macro': 0.9074790100120183, 'precision_micro': 0.9053434916349761, 'precision_weighted': 0.9062107134678672, 'recall_macro': 0.9059958949246638, 'recall_micro': 0.9053434916349761, 'recall_weighted': 0.9053434916349761}
Validation statistic: Loss: 0.6828, dev_score: {'accuracy': 0.8375600861926074, 'balanced_accuracy': 0.8337506680689518, 'f1_macro': 0.8341941473188322, 'f1_micro': 0.8375600861926074, 'f1_weighted': 0.8372973946349188, 'precision_macro': 0.8372869950381373, 'precision_micro': 0.8375600861926074, 'precision_weighted': 0.8396040875841743, 'recall_macro': 0.8337506680689518, 'recall_micro': 0.8375600861926074, 'recall_weighted': 0.8375600861926074}
-----------------------
Epoch 5/100
Training statistic: Loss: 0.3557, train_score: {'accuracy': 0.9073552506911365, 'balanced_accuracy': 0.9083611558388688, 'f1_macro': 0.9083721100409624, 'f1_micro': 0.9073552506911365, 'f1_weighted': 0.9073176099652097, 'precision_macro': 0.9095125509852944, 'precision_micro': 0.9073552506911365, 'precision_weighted': 0.9084423726529922, 'recall_macro': 0.9083611558388688, 'recall_micro': 0.9073552506911365, 'recall_weighted': 0.9073552506911365}
Validation statistic: Loss: 0.6737, dev_score: {'accuracy': 0.8402121664180342, 'balanced_accuracy': 0.8363357926418178, 'f1_macro': 0.836893113646249, 'f1_micro': 0.8402121664180342, 'f1_weighted': 0.8398916308909563, 'precision_macro': 0.8400375830773902, 'precision_micro': 0.8402121664180342, 'precision_weighted': 0.8420881562908741, 'recall_macro': 0.8363357926418178, 'recall_micro': 0.8402121664180342, 'recall_weighted': 0.8402121664180342}
Saving model...
Model saved!
-------------------------------------------
-----------------------
Epoch 6/100
Training statistic: Loss: 0.3465, train_score: {'accuracy': 0.9107947097226369, 'balanced_accuracy': 0.9107901910638659, 'f1_macro': 0.9115531159478636, 'f1_micro': 0.9107947097226369, 'f1_weighted': 0.9108220909336336, 'precision_macro': 0.9127811141106663, 'precision_micro': 0.9107947097226369, 'precision_weighted': 0.9113022058178365, 'recall_macro': 0.9107901910638659, 'recall_micro': 0.9107947097226369, 'recall_weighted': 0.9107947097226369}
Validation statistic: Loss: 0.6679, dev_score: {'accuracy': 0.8420354715730151, 'balanced_accuracy': 0.838235802655416, 'f1_macro': 0.8389338012932372, 'f1_micro': 0.8420354715730151, 'f1_weighted': 0.8418096514739187, 'precision_macro': 0.8415445812233117, 'precision_micro': 0.8420354715730151, 'precision_weighted': 0.8434521880994277, 'recall_macro': 0.838235802655416, 'recall_micro': 0.8420354715730151, 'recall_weighted': 0.8420354715730151}
Saving model...
Model saved!
-------------------------------------------
-----------------------
Epoch 7/100
Training statistic: Loss: 0.3446, train_score: {'accuracy': 0.9108596051760613, 'balanced_accuracy': 0.9115208296068273, 'f1_macro': 0.9115602149506887, 'f1_micro': 0.9108596051760613, 'f1_weighted': 0.9106884750923135, 'precision_macro': 0.9125736722201923, 'precision_micro': 0.9108596051760613, 'precision_weighted': 0.9115067808871639, 'recall_macro': 0.9115208296068273, 'recall_micro': 0.9108596051760613, 'recall_weighted': 0.9108596051760613}
Validation statistic: Loss: 0.6560, dev_score: {'accuracy': 0.8453505718547986, 'balanced_accuracy': 0.8412149372531493, 'f1_macro': 0.8420354056465301, 'f1_micro': 0.8453505718547986, 'f1_weighted': 0.8448937733943659, 'precision_macro': 0.8454591687554555, 'precision_micro': 0.8453505718547986, 'precision_weighted': 0.8469905517053249, 'recall_macro': 0.8412149372531493, 'recall_micro': 0.8453505718547986, 'recall_weighted': 0.8453505718547986}
Saving model...
Model saved!
-------------------------------------------
-----------------------
Epoch 8/100
Training statistic: Loss: 0.3421, train_score: {'accuracy': 0.9117746310693473, 'balanced_accuracy': 0.9124102333191871, 'f1_macro': 0.9125738903118037, 'f1_micro': 0.9117746310693473, 'f1_weighted': 0.9118080027264154, 'precision_macro': 0.913620399018481, 'precision_micro': 0.9117746310693473, 'precision_weighted': 0.9126926384757523, 'recall_macro': 0.9124102333191871, 'recall_micro': 0.9117746310693473, 'recall_weighted': 0.9117746310693473}
Validation statistic: Loss: 0.6516, dev_score: {'accuracy': 0.8471738770097795, 'balanced_accuracy': 0.8432651815154479, 'f1_macro': 0.844077873765403, 'f1_micro': 0.8471738770097795, 'f1_weighted': 0.8469476685543788, 'precision_macro': 0.8475085127967305, 'precision_micro': 0.8471738770097795, 'precision_weighted': 0.849318674981642, 'recall_macro': 0.8432651815154479, 'recall_micro': 0.8471738770097795, 'recall_weighted': 0.8471738770097795}
Saving model...
Model saved!
-------------------------------------------
-----------------------
Epoch 9/100
Training statistic: Loss: 0.3367, train_score: {'accuracy': 0.9140265033031786, 'balanced_accuracy': 0.9141599008215371, 'f1_macro': 0.9148224665170819, 'f1_micro': 0.9140265033031786, 'f1_weighted': 0.9140237442499539, 'precision_macro': 0.916489380610353, 'precision_micro': 0.9140265033031786, 'precision_weighted': 0.9150458764383753, 'recall_macro': 0.9141599008215371, 'recall_micro': 0.9140265033031786, 'recall_weighted': 0.9140265033031786}
Validation statistic: Loss: 0.6543, dev_score: {'accuracy': 0.8431957566716393, 'balanced_accuracy': 0.839314784924522, 'f1_macro': 0.840172918848846, 'f1_micro': 0.8431957566716393, 'f1_weighted': 0.8430629800017488, 'precision_macro': 0.8438407400975165, 'precision_micro': 0.8431957566716393, 'precision_weighted': 0.8456997752290539, 'recall_macro': 0.839314784924522, 'recall_micro': 0.8431957566716393, 'recall_weighted': 0.8431957566716393}
-----------------------
Epoch 10/100
Training statistic: Loss: 0.3365, train_score: {'accuracy': 0.9137669214894805, 'balanced_accuracy': 0.9148960665832963, 'f1_macro': 0.9144679063372336, 'f1_micro': 0.9137669214894805, 'f1_weighted': 0.91372261701666, 'precision_macro': 0.9149090177736742, 'precision_micro': 0.9137669214894805, 'precision_weighted': 0.9145311897407021, 'recall_macro': 0.9148960665832963, 'recall_micro': 0.9137669214894805, 'recall_weighted': 0.9137669214894805}
Validation statistic: Loss: 0.6572, dev_score: {'accuracy': 0.8453505718547986, 'balanced_accuracy': 0.8413195890040204, 'f1_macro': 0.8420491608850795, 'f1_micro': 0.8453505718547986, 'f1_weighted': 0.8449287431895375, 'precision_macro': 0.844962058929676, 'precision_micro': 0.8453505718547986, 'precision_weighted': 0.8466274363402844, 'recall_macro': 0.8413195890040204, 'recall_micro': 0.8453505718547986, 'recall_weighted': 0.8453505718547986}
-----------------------
Epoch 11/100
Training statistic: Loss: 0.3382, train_score: {'accuracy': 0.9160187937233117, 'balanced_accuracy': 0.9162300908448435, 'f1_macro': 0.9166650799274908, 'f1_micro': 0.9160187937233117, 'f1_weighted': 0.9159898293201489, 'precision_macro': 0.9181993318906894, 'precision_micro': 0.9160187937233117, 'precision_weighted': 0.9170455853050419, 'recall_macro': 0.9162300908448435, 'recall_micro': 0.9160187937233117, 'recall_weighted': 0.9160187937233117}
Validation statistic: Loss: 0.6752, dev_score: {'accuracy': 0.8475053870379579, 'balanced_accuracy': 0.8436755444161224, 'f1_macro': 0.8445592254494162, 'f1_micro': 0.8475053870379579, 'f1_weighted': 0.8472567252346055, 'precision_macro': 0.8478099495747887, 'precision_micro': 0.8475053870379579, 'precision_weighted': 0.8493833479966761, 'recall_macro': 0.8436755444161224, 'recall_micro': 0.8475053870379579, 'recall_weighted': 0.8475053870379579}
-----------------------
Epoch 12/100
Training statistic: Loss: 0.3340, train_score: {'accuracy': 0.9163692291718042, 'balanced_accuracy': 0.9167568961747513, 'f1_macro': 0.9170714980407733, 'f1_micro': 0.9163692291718042, 'f1_weighted': 0.9162813837999614, 'precision_macro': 0.9184022883356997, 'precision_micro': 0.9163692291718042, 'precision_weighted': 0.9172287415361285, 'recall_macro': 0.9167568961747513, 'recall_micro': 0.9163692291718042, 'recall_weighted': 0.9163692291718042}
Validation statistic: Loss: 0.6660, dev_score: {'accuracy': 0.8468423669816012, 'balanced_accuracy': 0.8426649892327545, 'f1_macro': 0.8435254486600012, 'f1_micro': 0.8468423669816012, 'f1_weighted': 0.8464142237743507, 'precision_macro': 0.8474517414604751, 'precision_micro': 0.8468423669816012, 'precision_weighted': 0.848993294632285, 'recall_macro': 0.8426649892327545, 'recall_micro': 0.8468423669816012, 'recall_weighted': 0.8468423669816012}
-----------------------
Epoch 13/100
Training statistic: Loss: 0.3303, train_score: {'accuracy': 0.9152335587368748, 'balanced_accuracy': 0.9155603736571665, 'f1_macro': 0.9157405913755884, 'f1_micro': 0.9152335587368748, 'f1_weighted': 0.9150659992883765, 'precision_macro': 0.917017057364605, 'precision_micro': 0.9152335587368748, 'precision_weighted': 0.9159828124201217, 'recall_macro': 0.9155603736571665, 'recall_micro': 0.9152335587368748, 'recall_weighted': 0.9152335587368748}
Validation statistic: Loss: 0.6510, dev_score: {'accuracy': 0.8470081219956904, 'balanced_accuracy': 0.8429145955557692, 'f1_macro': 0.8436575640038061, 'f1_micro': 0.8470081219956904, 'f1_weighted': 0.8465678580844368, 'precision_macro': 0.8469350008429284, 'precision_micro': 0.8470081219956904, 'precision_weighted': 0.8486334216356638, 'recall_macro': 0.8429145955557692, 'recall_micro': 0.8470081219956904, 'recall_weighted': 0.8470081219956904}
Saving model...
Model saved!
-------------------------------------------
-----------------------
Epoch 14/100
Training statistic: Loss: 0.3303, train_score: {'accuracy': 0.9152011110101627, 'balanced_accuracy': 0.9157191531120306, 'f1_macro': 0.9157543569648745, 'f1_micro': 0.9152011110101627, 'f1_weighted': 0.9150869140326677, 'precision_macro': 0.9172696775648503, 'precision_micro': 0.9152011110101627, 'precision_weighted': 0.9164698724529244, 'recall_macro': 0.9157191531120306, 'recall_micro': 0.9152011110101627, 'recall_weighted': 0.9152011110101627}
Validation statistic: Loss: 0.6533, dev_score: {'accuracy': 0.848499917122493, 'balanced_accuracy': 0.8443836957780645, 'f1_macro': 0.8452592870513375, 'f1_micro': 0.848499917122493, 'f1_weighted': 0.8481879054672147, 'precision_macro': 0.8492566937577715, 'precision_micro': 0.848499917122493, 'precision_weighted': 0.8509252432985729, 'recall_macro': 0.8443836957780645, 'recall_micro': 0.848499917122493, 'recall_weighted': 0.848499917122493}
-----------------------
Epoch 15/100
Training statistic: Loss: 0.3295, train_score: {'accuracy': 0.9173945773359119, 'balanced_accuracy': 0.9176016003654981, 'f1_macro': 0.9181347403194824, 'f1_micro': 0.9173945773359119, 'f1_weighted': 0.9173924468414847, 'precision_macro': 0.919632037651161, 'precision_micro': 0.9173945773359119, 'precision_weighted': 0.9183553520129631, 'recall_macro': 0.9176016003654981, 'recall_micro': 0.9173945773359119, 'recall_weighted': 0.9173945773359119}
Validation statistic: Loss: 0.6560, dev_score: {'accuracy': 0.8499917122492956, 'balanced_accuracy': 0.8461355780131214, 'f1_macro': 0.8471272252544724, 'f1_micro': 0.8499917122492956, 'f1_weighted': 0.8498172288217535, 'precision_macro': 0.8504501597291094, 'precision_micro': 0.8499917122492956, 'precision_weighted': 0.8519689390260429, 'recall_macro': 0.8461355780131214, 'recall_micro': 0.8499917122492956, 'recall_weighted': 0.8499917122492956}
-----------------------
Epoch 16/100
Training statistic: Loss: 0.3221, train_score: {'accuracy': 0.9189974950354978, 'balanced_accuracy': 0.9193975357853997, 'f1_macro': 0.9195871305112661, 'f1_micro': 0.9189974950354978, 'f1_weighted': 0.9189394789653997, 'precision_macro': 0.920540085227669, 'precision_micro': 0.9189974950354978, 'precision_weighted': 0.9196324898850313, 'recall_macro': 0.9193975357853997, 'recall_micro': 0.9189974950354978, 'recall_weighted': 0.9189974950354978}
Validation statistic: Loss: 0.6441, dev_score: {'accuracy': 0.8511519973479198, 'balanced_accuracy': 0.8470853254986409, 'f1_macro': 0.8479426422108418, 'f1_micro': 0.8511519973479198, 'f1_weighted': 0.850745330840566, 'precision_macro': 0.8512356858490765, 'precision_micro': 0.8511519973479198, 'precision_weighted': 0.8527369402875479, 'recall_macro': 0.8470853254986409, 'recall_micro': 0.8511519973479198, 'recall_weighted': 0.8511519973479198}
Saving model...
Model saved!
-------------------------------------------
-----------------------
Epoch 17/100
Training statistic: Loss: 0.3272, train_score: {'accuracy': 0.915850065544408, 'balanced_accuracy': 0.915845578153997, 'f1_macro': 0.916369606729836, 'f1_micro': 0.915850065544408, 'f1_weighted': 0.9158456154482836, 'precision_macro': 0.9186312838248769, 'precision_micro': 0.915850065544408, 'precision_weighted': 0.9175433942136327, 'recall_macro': 0.915845578153997, 'recall_micro': 0.915850065544408, 'recall_weighted': 0.915850065544408}
Validation statistic: Loss: 0.6447, dev_score: {'accuracy': 0.8518150174042765, 'balanced_accuracy': 0.8478717591921339, 'f1_macro': 0.8490434701536355, 'f1_micro': 0.8518150174042765, 'f1_weighted': 0.8516245170472928, 'precision_macro': 0.8528865786688116, 'precision_micro': 0.8518150174042765, 'precision_weighted': 0.8541149791997108, 'recall_macro': 0.8478717591921339, 'recall_micro': 0.8518150174042765, 'recall_weighted': 0.8518150174042765}
-----------------------
Epoch 18/100
Training statistic: Loss: 0.3213, train_score: {'accuracy': 0.9187898295845393, 'balanced_accuracy': 0.9188019612764172, 'f1_macro': 0.919373283246584, 'f1_micro': 0.9187898295845393, 'f1_weighted': 0.9187582838880046, 'precision_macro': 0.9210434021978621, 'precision_micro': 0.9187898295845393, 'precision_weighted': 0.9198068397584055, 'recall_macro': 0.9188019612764172, 'recall_micro': 0.9187898295845393, 'recall_weighted': 0.9187898295845393}
Validation statistic: Loss: 0.6537, dev_score: {'accuracy': 0.8518150174042765, 'balanced_accuracy': 0.8480944228472346, 'f1_macro': 0.8490732087239643, 'f1_micro': 0.8518150174042765, 'f1_weighted': 0.8516320136212777, 'precision_macro': 0.8524814253298377, 'precision_micro': 0.8518150174042765, 'precision_weighted': 0.8539104009962238, 'recall_macro': 0.8480944228472346, 'recall_micro': 0.8518150174042765, 'recall_weighted': 0.8518150174042765}
-----------------------
Epoch 19/100
Training statistic: Loss: 0.3251, train_score: {'accuracy': 0.9172453177930354, 'balanced_accuracy': 0.9176923307806011, 'f1_macro': 0.917929594206301, 'f1_micro': 0.9172453177930354, 'f1_weighted': 0.9172900187015187, 'precision_macro': 0.9198240659881971, 'precision_micro': 0.9172453177930354, 'precision_weighted': 0.918962813722134, 'recall_macro': 0.9176923307806011, 'recall_micro': 0.9172453177930354, 'recall_weighted': 0.9172453177930354}
Validation statistic: Loss: 0.6532, dev_score: {'accuracy': 0.8509862423338306, 'balanced_accuracy': 0.8472404704002928, 'f1_macro': 0.8482598773226899, 'f1_micro': 0.8509862423338306, 'f1_weighted': 0.8508124360523148, 'precision_macro': 0.8524048392286676, 'precision_micro': 0.8509862423338306, 'precision_weighted': 0.8537160082859199, 'recall_macro': 0.8472404704002928, 'recall_micro': 0.8509862423338306, 'recall_weighted': 0.8509862423338306}
-----------------------
Epoch 20/100
Training statistic: Loss: 0.3196, train_score: {'accuracy': 0.9201461445611121, 'balanced_accuracy': 0.9202603516163184, 'f1_macro': 0.9207628038256089, 'f1_micro': 0.9201461445611121, 'f1_weighted': 0.920131019296257, 'precision_macro': 0.9224472972644511, 'precision_micro': 0.9201461445611121, 'precision_weighted': 0.9212777807412257, 'recall_macro': 0.9202603516163184, 'recall_micro': 0.9201461445611121, 'recall_weighted': 0.9201461445611121}
Validation statistic: Loss: 0.6490, dev_score: {'accuracy': 0.8521465274324548, 'balanced_accuracy': 0.8483230518676634, 'f1_macro': 0.8493002586800928, 'f1_micro': 0.8521465274324548, 'f1_weighted': 0.8519974706826117, 'precision_macro': 0.8531656894920976, 'precision_micro': 0.8521465274324548, 'precision_weighted': 0.8547236881007958, 'recall_macro': 0.8483230518676634, 'recall_micro': 0.8521465274324548, 'recall_weighted': 0.8521465274324548}
-----------------------
Epoch 21/100
Training statistic: Loss: 0.3140, train_score: {'accuracy': 0.9216257608991913, 'balanced_accuracy': 0.9218413658989728, 'f1_macro': 0.9221844059589686, 'f1_micro': 0.9216257608991913, 'f1_weighted': 0.9215686751179275, 'precision_macro': 0.9233894311108684, 'precision_micro': 0.9216257608991913, 'precision_weighted': 0.9223501653472799, 'recall_macro': 0.9218413658989728, 'recall_micro': 0.9216257608991913, 'recall_weighted': 0.9216257608991913}
Validation statistic: Loss: 0.6483, dev_score: {'accuracy': 0.8518150174042765, 'balanced_accuracy': 0.8479279173105466, 'f1_macro': 0.8488895591987109, 'f1_micro': 0.8518150174042765, 'f1_weighted': 0.8514310867340543, 'precision_macro': 0.852455113678656, 'precision_micro': 0.8518150174042765, 'precision_weighted': 0.8536375313918835, 'recall_macro': 0.8479279173105466, 'recall_micro': 0.8518150174042765, 'recall_weighted': 0.8518150174042765}
-----------------------
Epoch 22/100
Training statistic: Loss: 0.3137, train_score: {'accuracy': 0.9231572936000104, 'balanced_accuracy': 0.9235216342393076, 'f1_macro': 0.9238409791151019, 'f1_micro': 0.9231572936000104, 'f1_weighted': 0.9231849201637059, 'precision_macro': 0.9252095690820994, 'precision_micro': 0.9231572936000104, 'precision_weighted': 0.9242673759424654, 'recall_macro': 0.9235216342393076, 'recall_micro': 0.9231572936000104, 'recall_weighted': 0.9231572936000104}
Validation statistic: Loss: 0.6485, dev_score: {'accuracy': 0.8554616277142384, 'balanced_accuracy': 0.8514352914802622, 'f1_macro': 0.8525813978404031, 'f1_micro': 0.8554616277142384, 'f1_weighted': 0.8552288316203577, 'precision_macro': 0.8564210793642166, 'precision_micro': 0.8554616277142384, 'precision_weighted': 0.8576726322437809, 'recall_macro': 0.8514352914802622, 'recall_micro': 0.8554616277142384, 'recall_weighted': 0.8554616277142384}
-----------------------
Epoch 23/100
Training statistic: Loss: 0.3139, train_score: {'accuracy': 0.9220800290731631, 'balanced_accuracy': 0.9223718724540293, 'f1_macro': 0.922594575323856, 'f1_micro': 0.9220800290731631, 'f1_weighted': 0.921976884184802, 'precision_macro': 0.9237222828160387, 'precision_micro': 0.9220800290731631, 'precision_weighted': 0.9227599569556499, 'recall_macro': 0.9223718724540293, 'recall_micro': 0.9220800290731631, 'recall_weighted': 0.9220800290731631}
Validation statistic: Loss: 0.6490, dev_score: {'accuracy': 0.8533068125310791, 'balanced_accuracy': 0.849318280315585, 'f1_macro': 0.8501446319953041, 'f1_micro': 0.8533068125310791, 'f1_weighted': 0.852859405772251, 'precision_macro': 0.8536429503360043, 'precision_micro': 0.8533068125310791, 'precision_weighted': 0.8550774349282834, 'recall_macro': 0.849318280315585, 'recall_micro': 0.8533068125310791, 'recall_weighted': 0.8533068125310791}
-----------------------
Epoch 24/100
Training statistic: Loss: 0.3134, train_score: {'accuracy': 0.9202954041039885, 'balanced_accuracy': 0.9205508898261128, 'f1_macro': 0.920856957930394, 'f1_micro': 0.9202954041039885, 'f1_weighted': 0.9202151284724633, 'precision_macro': 0.922531627702915, 'precision_micro': 0.9202954041039885, 'precision_weighted': 0.9215035614801415, 'recall_macro': 0.9205508898261128, 'recall_micro': 0.9202954041039885, 'recall_weighted': 0.9202954041039885}
Validation statistic: Loss: 0.6453, dev_score: {'accuracy': 0.854135587601525, 'balanced_accuracy': 0.8500023313211775, 'f1_macro': 0.8511173271825418, 'f1_micro': 0.854135587601525, 'f1_weighted': 0.8537557722853935, 'precision_macro': 0.8553158225272364, 'precision_micro': 0.854135587601525, 'precision_weighted': 0.856432028532709, 'recall_macro': 0.8500023313211775, 'recall_micro': 0.854135587601525, 'recall_weighted': 0.854135587601525}
-----------------------
Epoch 25/100
Training statistic: Loss: 0.3108, train_score: {'accuracy': 0.9239944449491868, 'balanced_accuracy': 0.9240685811980954, 'f1_macro': 0.9246040196005556, 'f1_micro': 0.9239944449491868, 'f1_weighted': 0.9240119992999597, 'precision_macro': 0.9262666223769859, 'precision_micro': 0.9239944449491868, 'precision_weighted': 0.9251385430643987, 'recall_macro': 0.9240685811980954, 'recall_micro': 0.9239944449491868, 'recall_weighted': 0.9239944449491868}
Validation statistic: Loss: 0.6478, dev_score: {'accuracy': 0.8571191778551301, 'balanced_accuracy': 0.8532936297868694, 'f1_macro': 0.8545299625822022, 'f1_micro': 0.8571191778551301, 'f1_weighted': 0.8570125421572365, 'precision_macro': 0.8584578081046959, 'precision_micro': 0.8571191778551301, 'precision_weighted': 0.8596226490628545, 'recall_macro': 0.8532936297868694, 'recall_micro': 0.8571191778551301, 'recall_weighted': 0.8571191778551301}
-----------------------
Epoch 26/100
Training statistic: Loss: 0.3077, train_score: {'accuracy': 0.9244292444871313, 'balanced_accuracy': 0.9250176608332286, 'f1_macro': 0.9250386368832786, 'f1_micro': 0.9244292444871313, 'f1_weighted': 0.9243648319351986, 'precision_macro': 0.926081893193712, 'precision_micro': 0.9244292444871313, 'precision_weighted': 0.9253300613119879, 'recall_macro': 0.9250176608332286, 'recall_micro': 0.9244292444871313, 'recall_weighted': 0.9244292444871313}
Validation statistic: Loss: 0.6485, dev_score: {'accuracy': 0.8556273827283275, 'balanced_accuracy': 0.8515424405166823, 'f1_macro': 0.8526637479363834, 'f1_micro': 0.8556273827283275, 'f1_weighted': 0.8552001264378182, 'precision_macro': 0.857087690825648, 'precision_micro': 0.8556273827283275, 'precision_weighted': 0.8580121272254534, 'recall_macro': 0.8515424405166823, 'recall_micro': 0.8556273827283275, 'recall_weighted': 0.8556273827283275}
-----------------------
Epoch 27/100
Training statistic: Loss: 0.3051, train_score: {'accuracy': 0.9247018053915143, 'balanced_accuracy': 0.9252052551798446, 'f1_macro': 0.9253413181879079, 'f1_micro': 0.9247018053915143, 'f1_weighted': 0.9247008701908691, 'precision_macro': 0.9265548166168391, 'precision_micro': 0.9247018053915143, 'precision_weighted': 0.9257915116742863, 'recall_macro': 0.9252052551798446, 'recall_micro': 0.9247018053915143, 'recall_weighted': 0.9247018053915143}
Validation statistic: Loss: 0.6340, dev_score: {'accuracy': 0.8557931377424167, 'balanced_accuracy': 0.8517836922068481, 'f1_macro': 0.8529041021603442, 'f1_micro': 0.8557931377424167, 'f1_weighted': 0.8554859313695422, 'precision_macro': 0.8570731625759815, 'precision_micro': 0.8557931377424167, 'precision_weighted': 0.8581866488589729, 'recall_macro': 0.8517836922068481, 'recall_micro': 0.8557931377424167, 'recall_weighted': 0.8557931377424167}
Saving model...
Model saved!
-------------------------------------------
-----------------------
Epoch 28/100
Training statistic: Loss: 0.3063, train_score: {'accuracy': 0.9220086440743962, 'balanced_accuracy': 0.9223807802348343, 'f1_macro': 0.922532153196685, 'f1_micro': 0.9220086440743962, 'f1_weighted': 0.9220809725858546, 'precision_macro': 0.9240982362314847, 'precision_micro': 0.9220086440743962, 'precision_weighted': 0.9235412547378546, 'recall_macro': 0.9223807802348343, 'recall_micro': 0.9220086440743962, 'recall_weighted': 0.9220086440743962}
Validation statistic: Loss: 0.6368, dev_score: {'accuracy': 0.8566219128128626, 'balanced_accuracy': 0.8527252765558316, 'f1_macro': 0.8539363527514912, 'f1_micro': 0.8566219128128626, 'f1_weighted': 0.8564024898039927, 'precision_macro': 0.8578205792079732, 'precision_micro': 0.8566219128128626, 'precision_weighted': 0.8588865349492218, 'recall_macro': 0.8527252765558316, 'recall_micro': 0.8566219128128626, 'recall_weighted': 0.8566219128128626}
-----------------------
Epoch 29/100
Training statistic: Loss: 0.3014, train_score: {'accuracy': 0.9250197931132945, 'balanced_accuracy': 0.9253799342884165, 'f1_macro': 0.9255698089021589, 'f1_micro': 0.9250197931132945, 'f1_weighted': 0.9249522989526215, 'precision_macro': 0.9264195009727982, 'precision_micro': 0.9250197931132945, 'precision_weighted': 0.9255374935145495, 'recall_macro': 0.9253799342884165, 'recall_micro': 0.9250197931132945, 'recall_weighted': 0.9250197931132945}
Validation statistic: Loss: 0.6387, dev_score: {'accuracy': 0.8557931377424167, 'balanced_accuracy': 0.851902062690359, 'f1_macro': 0.8528940978950402, 'f1_micro': 0.8557931377424167, 'f1_weighted': 0.8554421513177923, 'precision_macro': 0.8561408535013018, 'precision_micro': 0.8557931377424167, 'precision_weighted': 0.8573500969271655, 'recall_macro': 0.851902062690359, 'recall_micro': 0.8557931377424167, 'recall_weighted': 0.8557931377424167}
-----------------------
Epoch 30/100
Training statistic: Loss: 0.3096, train_score: {'accuracy': 0.9226640881539839, 'balanced_accuracy': 0.9223213084176235, 'f1_macro': 0.9231718354477559, 'f1_micro': 0.9226640881539839, 'f1_weighted': 0.9225842805311923, 'precision_macro': 0.9255028416386496, 'precision_micro': 0.9226640881539839, 'precision_weighted': 0.9239725811548223, 'recall_macro': 0.9223213084176235, 'recall_micro': 0.9226640881539839, 'recall_weighted': 0.9226640881539839}
Validation statistic: Loss: 0.6555, dev_score: {'accuracy': 0.8538040775733466, 'balanced_accuracy': 0.849889964696974, 'f1_macro': 0.8511361474897112, 'f1_micro': 0.8538040775733466, 'f1_weighted': 0.8536502037015848, 'precision_macro': 0.8554479133680299, 'precision_micro': 0.8538040775733466, 'precision_weighted': 0.8565556644178357, 'recall_macro': 0.849889964696974, 'recall_micro': 0.8538040775733466, 'recall_weighted': 0.8538040775733466}
-----------------------
Epoch 31/100
Training statistic: Loss: 0.3010, train_score: {'accuracy': 0.9268109076278116, 'balanced_accuracy': 0.9271350050424259, 'f1_macro': 0.9272761547026013, 'f1_micro': 0.9268109076278116, 'f1_weighted': 0.9267640549585711, 'precision_macro': 0.9282587300382377, 'precision_micro': 0.9268109076278116, 'precision_weighted': 0.9275461614655253, 'recall_macro': 0.9271350050424259, 'recall_micro': 0.9268109076278116, 'recall_weighted': 0.9268109076278116}
Validation statistic: Loss: 0.6455, dev_score: {'accuracy': 0.8587767279960219, 'balanced_accuracy': 0.8548537687205726, 'f1_macro': 0.8559785592780151, 'f1_micro': 0.8587767279960219, 'f1_weighted': 0.8585474146167503, 'precision_macro': 0.8594461712792288, 'precision_micro': 0.8587767279960219, 'precision_weighted': 0.8606611964500727, 'recall_macro': 0.8548537687205726, 'recall_micro': 0.8587767279960219, 'recall_weighted': 0.8587767279960219}
-----------------------
Epoch 32/100
Training statistic: Loss: 0.2959, train_score: {'accuracy': 0.9273819876179474, 'balanced_accuracy': 0.9276858729519596, 'f1_macro': 0.928006907311486, 'f1_micro': 0.9273819876179474, 'f1_weighted': 0.9273487305045592, 'precision_macro': 0.9291041692215437, 'precision_micro': 0.9273819876179474, 'precision_weighted': 0.928102951967955, 'recall_macro': 0.9276858729519596, 'recall_micro': 0.9273819876179474, 'recall_weighted': 0.9273819876179474}
Validation statistic: Loss: 0.6295, dev_score: {'accuracy': 0.8584452179678436, 'balanced_accuracy': 0.8545312614454073, 'f1_macro': 0.8556183672546414, 'f1_micro': 0.8584452179678436, 'f1_weighted': 0.8581372906136338, 'precision_macro': 0.8591963214948285, 'precision_micro': 0.8584452179678436, 'precision_weighted': 0.8603065162964906, 'recall_macro': 0.8545312614454073, 'recall_micro': 0.8584452179678436, 'recall_weighted': 0.8584452179678436}
Saving model...
Model saved!
-------------------------------------------
-----------------------
Epoch 33/100
Training statistic: Loss: 0.2968, train_score: {'accuracy': 0.9272781548924682, 'balanced_accuracy': 0.9276126999029207, 'f1_macro': 0.9278784499279663, 'f1_micro': 0.9272781548924682, 'f1_weighted': 0.9272717583649932, 'precision_macro': 0.928849549748184, 'precision_micro': 0.9272781548924682, 'precision_weighted': 0.9279613568076728, 'recall_macro': 0.9276126999029207, 'recall_micro': 0.9272781548924682, 'recall_weighted': 0.9272781548924682}
Validation statistic: Loss: 0.6410, dev_score: {'accuracy': 0.856124647770595, 'balanced_accuracy': 0.8522891542684071, 'f1_macro': 0.8533427703426341, 'f1_micro': 0.856124647770595, 'f1_weighted': 0.8558824121546358, 'precision_macro': 0.8568251198917919, 'precision_micro': 0.856124647770595, 'precision_weighted': 0.8580711867295071, 'recall_macro': 0.8522891542684071, 'recall_micro': 0.856124647770595, 'recall_weighted': 0.856124647770595}
-----------------------
Epoch 34/100
Training statistic: Loss: 0.2930, train_score: {'accuracy': 0.9264474930886342, 'balanced_accuracy': 0.9267657595574453, 'f1_macro': 0.9271141725420315, 'f1_micro': 0.9264474930886342, 'f1_weighted': 0.9264489190510727, 'precision_macro': 0.9282485324223344, 'precision_micro': 0.9264474930886342, 'precision_weighted': 0.9272253035977776, 'recall_macro': 0.9267657595574453, 'recall_micro': 0.9264474930886342, 'recall_weighted': 0.9264474930886342}
Validation statistic: Loss: 0.6212, dev_score: {'accuracy': 0.8591082380242002, 'balanced_accuracy': 0.8552015102483193, 'f1_macro': 0.8563357500609484, 'f1_micro': 0.8591082380242002, 'f1_weighted': 0.8588764328239942, 'precision_macro': 0.8599603878414804, 'precision_micro': 0.8591082380242002, 'precision_weighted': 0.8611478604323635, 'recall_macro': 0.8552015102483193, 'recall_micro': 0.8591082380242002, 'recall_weighted': 0.8591082380242002}
Saving model...
Model saved!
-------------------------------------------
-----------------------
Epoch 35/100
Training statistic: Loss: 0.2944, train_score: {'accuracy': 0.9273690085272626, 'balanced_accuracy': 0.9275476637546213, 'f1_macro': 0.9279012518414641, 'f1_micro': 0.9273690085272626, 'f1_weighted': 0.9273252864336065, 'precision_macro': 0.9289529673601044, 'precision_micro': 0.9273690085272626, 'precision_weighted': 0.9279611874983572, 'recall_macro': 0.9275476637546213, 'recall_micro': 0.9273690085272626, 'recall_weighted': 0.9273690085272626}
Validation statistic: Loss: 0.6373, dev_score: {'accuracy': 0.8582794629537543, 'balanced_accuracy': 0.8545706796725512, 'f1_macro': 0.8555765366236262, 'f1_micro': 0.8582794629537543, 'f1_weighted': 0.8580241672108945, 'precision_macro': 0.8590044773486429, 'precision_micro': 0.8582794629537543, 'precision_weighted': 0.8602085403687616, 'recall_macro': 0.8545706796725512, 'recall_micro': 0.8582794629537543, 'recall_weighted': 0.8582794629537543}
-----------------------
Epoch 36/100
Training statistic: Loss: 0.2970, train_score: {'accuracy': 0.9262528067283606, 'balanced_accuracy': 0.9265112223924763, 'f1_macro': 0.9268630155871336, 'f1_micro': 0.9262528067283606, 'f1_weighted': 0.9261813513000645, 'precision_macro': 0.928463958977771, 'precision_micro': 0.9262528067283606, 'precision_weighted': 0.9273750897896252, 'recall_macro': 0.9265112223924763, 'recall_micro': 0.9262528067283606, 'recall_weighted': 0.9262528067283606}
Validation statistic: Loss: 0.6472, dev_score: {'accuracy': 0.8543013426156141, 'balanced_accuracy': 0.8502681210226379, 'f1_macro': 0.85146084792803, 'f1_micro': 0.8543013426156141, 'f1_weighted': 0.8540374407713064, 'precision_macro': 0.8557597330820389, 'precision_micro': 0.8543013426156141, 'precision_weighted': 0.8568748841083029, 'recall_macro': 0.8502681210226379, 'recall_micro': 0.8543013426156141, 'recall_weighted': 0.8543013426156141}
-----------------------
Epoch 37/100
Training statistic: Loss: 0.2937, train_score: {'accuracy': 0.9292444871312315, 'balanced_accuracy': 0.9297144819766462, 'f1_macro': 0.9298099082946656, 'f1_micro': 0.9292444871312315, 'f1_weighted': 0.9291302327272911, 'precision_macro': 0.9305917051885935, 'precision_micro': 0.9292444871312315, 'precision_weighted': 0.9297234336228126, 'recall_macro': 0.9297144819766462, 'recall_micro': 0.9292444871312315, 'recall_weighted': 0.9292444871312315}
Validation statistic: Loss: 0.6438, dev_score: {'accuracy': 0.857947952925576, 'balanced_accuracy': 0.8539142956976479, 'f1_macro': 0.8550741274967434, 'f1_micro': 0.857947952925576, 'f1_weighted': 0.8575427703419983, 'precision_macro': 0.8582748697247513, 'precision_micro': 0.857947952925576, 'precision_weighted': 0.8591944262182198, 'recall_macro': 0.8539142956976479, 'recall_micro': 0.857947952925576, 'recall_weighted': 0.857947952925576}
-----------------------
Epoch 38/100
Training statistic: Loss: 0.2927, train_score: {'accuracy': 0.9274339039806871, 'balanced_accuracy': 0.9274999200852324, 'f1_macro': 0.9279851541375346, 'f1_micro': 0.9274339039806871, 'f1_weighted': 0.9273952993634582, 'precision_macro': 0.9294985314158046, 'precision_micro': 0.9274339039806871, 'precision_weighted': 0.9283784693646167, 'recall_macro': 0.9274999200852324, 'recall_micro': 0.9274339039806871, 'recall_weighted': 0.9274339039806871}
Validation statistic: Loss: 0.6325, dev_score: {'accuracy': 0.8576164428973977, 'balanced_accuracy': 0.8538889423700737, 'f1_macro': 0.8552542052819971, 'f1_micro': 0.8576164428973977, 'f1_weighted': 0.8576116249645626, 'precision_macro': 0.8593559133990256, 'precision_micro': 0.8576164428973977, 'precision_weighted': 0.8603719675166943, 'recall_macro': 0.8538889423700737, 'recall_micro': 0.8576164428973977, 'recall_weighted': 0.8576164428973977}
-----------------------
Epoch 39/100
Training statistic: Loss: 0.2912, train_score: {'accuracy': 0.9298609939387646, 'balanced_accuracy': 0.9303372711021701, 'f1_macro': 0.93039927192074, 'f1_micro': 0.9298609939387646, 'f1_weighted': 0.9298116840466272, 'precision_macro': 0.9310815329794684, 'precision_micro': 0.9298609939387646, 'precision_weighted': 0.9303705642930131, 'recall_macro': 0.9303372711021701, 'recall_micro': 0.9298609939387646, 'recall_weighted': 0.9298609939387646}
Validation statistic: Loss: 0.6434, dev_score: {'accuracy': 0.8591082380242002, 'balanced_accuracy': 0.8553285274294611, 'f1_macro': 0.8561822348867816, 'f1_micro': 0.8591082380242002, 'f1_weighted': 0.8586929721149632, 'precision_macro': 0.8595095340747537, 'precision_micro': 0.8591082380242002, 'precision_weighted': 0.86074767732399, 'recall_macro': 0.8553285274294611, 'recall_micro': 0.8591082380242002, 'recall_weighted': 0.8591082380242002}
-----------------------
Epoch 40/100
Training statistic: Loss: 0.2898, train_score: {'accuracy': 0.9296598180331486, 'balanced_accuracy': 0.9300417848503365, 'f1_macro': 0.9303716354454238, 'f1_micro': 0.9296598180331486, 'f1_weighted': 0.9296445479115829, 'precision_macro': 0.9313349545960381, 'precision_micro': 0.9296598180331486, 'precision_weighted': 0.9302737539166852, 'recall_macro': 0.9300417848503365, 'recall_micro': 0.9296598180331486, 'recall_weighted': 0.9296598180331486}
Validation statistic: Loss: 0.6371, dev_score: {'accuracy': 0.8569534228410409, 'balanced_accuracy': 0.8531053802419681, 'f1_macro': 0.8542119522972363, 'f1_micro': 0.8569534228410409, 'f1_weighted': 0.8566985395063098, 'precision_macro': 0.8578507004806963, 'precision_micro': 0.8569534228410409, 'precision_weighted': 0.858977804788426, 'recall_macro': 0.8531053802419681, 'recall_micro': 0.8569534228410409, 'recall_weighted': 0.8569534228410409}
-----------------------
Epoch 41/100
Training statistic: Loss: 0.2902, train_score: {'accuracy': 0.9285565953249315, 'balanced_accuracy': 0.9290251743059421, 'f1_macro': 0.9291960431883585, 'f1_micro': 0.9285565953249315, 'f1_weighted': 0.9285915338941175, 'precision_macro': 0.9300850325145117, 'precision_micro': 0.9285565953249315, 'precision_weighted': 0.9293304781859854, 'recall_macro': 0.9290251743059421, 'recall_micro': 0.9285565953249315, 'recall_weighted': 0.9285565953249315}
Validation statistic: Loss: 0.6357, dev_score: {'accuracy': 0.8556273827283275, 'balanced_accuracy': 0.8517334663892043, 'f1_macro': 0.8528671465385708, 'f1_micro': 0.8556273827283275, 'f1_weighted': 0.8554314522700301, 'precision_macro': 0.8566179098344378, 'precision_micro': 0.8556273827283275, 'precision_weighted': 0.8578554797893625, 'recall_macro': 0.8517334663892043, 'recall_micro': 0.8556273827283275, 'recall_weighted': 0.8556273827283275}
-----------------------
Epoch 42/100
Training statistic: Loss: 0.2876, train_score: {'accuracy': 0.9298545043934222, 'balanced_accuracy': 0.930244997434197, 'f1_macro': 0.930372204400695, 'f1_micro': 0.9298545043934222, 'f1_weighted': 0.9298109444109585, 'precision_macro': 0.9311924013598881, 'precision_micro': 0.9298545043934222, 'precision_weighted': 0.9304489598584054, 'recall_macro': 0.930244997434197, 'recall_micro': 0.9298545043934222, 'recall_weighted': 0.9298545043934222}
Validation statistic: Loss: 0.6368, dev_score: {'accuracy': 0.8582794629537543, 'balanced_accuracy': 0.8543095765997011, 'f1_macro': 0.8554126552269181, 'f1_micro': 0.8582794629537543, 'f1_weighted': 0.8579618574106576, 'precision_macro': 0.8589958679356549, 'precision_micro': 0.8582794629537543, 'precision_weighted': 0.860114263278354, 'recall_macro': 0.8543095765997011, 'recall_micro': 0.8582794629537543, 'recall_weighted': 0.8582794629537543}
-----------------------
Epoch 43/100
Training statistic: Loss: 0.2865, train_score: {'accuracy': 0.9282450971484938, 'balanced_accuracy': 0.9284613272686715, 'f1_macro': 0.9288091054510442, 'f1_micro': 0.9282450971484938, 'f1_weighted': 0.9282009549456771, 'precision_macro': 0.9301467319818297, 'precision_micro': 0.9282450971484938, 'precision_weighted': 0.9291325307707015, 'recall_macro': 0.9284613272686715, 'recall_micro': 0.9282450971484938, 'recall_weighted': 0.9282450971484938}
Validation statistic: Loss: 0.6280, dev_score: {'accuracy': 0.8572849328692193, 'balanced_accuracy': 0.8536214749754139, 'f1_macro': 0.8545585915875694, 'f1_micro': 0.8572849328692193, 'f1_weighted': 0.8570410715577347, 'precision_macro': 0.8584448606975423, 'precision_micro': 0.8572849328692193, 'precision_weighted': 0.8597577666973766, 'recall_macro': 0.8536214749754139, 'recall_micro': 0.8572849328692193, 'recall_weighted': 0.8572849328692193}
-----------------------
Epoch 44/100
Training statistic: Loss: 0.2845, train_score: {'accuracy': 0.9302049398419147, 'balanced_accuracy': 0.9305345471036072, 'f1_macro': 0.9307873668226414, 'f1_micro': 0.9302049398419147, 'f1_weighted': 0.9302051834107935, 'precision_macro': 0.9318918263531284, 'precision_micro': 0.9302049398419147, 'precision_weighted': 0.9310575385470989, 'recall_macro': 0.9305345471036072, 'recall_micro': 0.9302049398419147, 'recall_weighted': 0.9302049398419147}
Validation statistic: Loss: 0.6323, dev_score: {'accuracy': 0.8602685231228244, 'balanced_accuracy': 0.8565081135301664, 'f1_macro': 0.8577790064737238, 'f1_micro': 0.8602685231228244, 'f1_weighted': 0.8601607640748904, 'precision_macro': 0.861927520803871, 'precision_micro': 0.8602685231228244, 'precision_weighted': 0.8629383830212112, 'recall_macro': 0.8565081135301664, 'recall_micro': 0.8602685231228244, 'recall_weighted': 0.8602685231228244}
-----------------------
Epoch 45/100
Training statistic: Loss: 0.2825, train_score: {'accuracy': 0.9310485807364336, 'balanced_accuracy': 0.931253812556541, 'f1_macro': 0.9317144371433941, 'f1_micro': 0.9310485807364336, 'f1_weighted': 0.9310935211362109, 'precision_macro': 0.9330434553430178, 'precision_micro': 0.9310485807364336, 'precision_weighted': 0.9320085286776372, 'recall_macro': 0.931253812556541, 'recall_micro': 0.9310485807364336, 'recall_weighted': 0.9310485807364336}
Validation statistic: Loss: 0.6264, dev_score: {'accuracy': 0.8581137079396651, 'balanced_accuracy': 0.8543534911480706, 'f1_macro': 0.8554461700515725, 'f1_micro': 0.8581137079396651, 'f1_weighted': 0.8579883474792208, 'precision_macro': 0.8593395303221112, 'precision_micro': 0.8581137079396651, 'precision_weighted': 0.8606794391470237, 'recall_macro': 0.8543534911480706, 'recall_micro': 0.8581137079396651, 'recall_weighted': 0.8581137079396651}
-----------------------
Epoch 46/100
Training statistic: Loss: 0.2849, train_score: {'accuracy': 0.9295430062169845, 'balanced_accuracy': 0.9301399593136634, 'f1_macro': 0.9301516346030398, 'f1_micro': 0.9295430062169845, 'f1_weighted': 0.9295167155029455, 'precision_macro': 0.9312185841943226, 'precision_micro': 0.9295430062169845, 'precision_weighted': 0.9305501007881917, 'recall_macro': 0.9301399593136634, 'recall_micro': 0.9295430062169845, 'recall_weighted': 0.9295430062169845}
Validation statistic: Loss: 0.6296, dev_score: {'accuracy': 0.8594397480523785, 'balanced_accuracy': 0.8555421557232563, 'f1_macro': 0.8566648017007225, 'f1_micro': 0.8594397480523785, 'f1_weighted': 0.8591435990453273, 'precision_macro': 0.8610731098371435, 'precision_micro': 0.8594397480523785, 'precision_weighted': 0.8620962263175771, 'recall_macro': 0.8555421557232563, 'recall_micro': 0.8594397480523785, 'recall_weighted': 0.8594397480523785}
-----------------------
Epoch 47/100
Training statistic: Loss: 0.2863, train_score: {'accuracy': 0.929121185769725, 'balanced_accuracy': 0.9296162667284985, 'f1_macro': 0.9296965421507345, 'f1_micro': 0.929121185769725, 'f1_weighted': 0.9290471694541734, 'precision_macro': 0.9305449767133049, 'precision_micro': 0.929121185769725, 'precision_weighted': 0.9297403219132591, 'recall_macro': 0.9296162667284985, 'recall_micro': 0.929121185769725, 'recall_weighted': 0.929121185769725}
Validation statistic: Loss: 0.6366, dev_score: {'accuracy': 0.857947952925576, 'balanced_accuracy': 0.8541867710002526, 'f1_macro': 0.8552048381814794, 'f1_micro': 0.857947952925576, 'f1_weighted': 0.8577032366143178, 'precision_macro': 0.858486873369617, 'precision_micro': 0.857947952925576, 'precision_weighted': 0.859730606509976, 'recall_macro': 0.8541867710002526, 'recall_micro': 0.857947952925576, 'recall_weighted': 0.857947952925576}
-----------------------
Epoch 48/100
Training statistic: Loss: 0.2861, train_score: {'accuracy': 0.9299972743909561, 'balanced_accuracy': 0.9301397963994479, 'f1_macro': 0.9304956205805486, 'f1_micro': 0.9299972743909561, 'f1_weighted': 0.9299897408955432, 'precision_macro': 0.9317516418926266, 'precision_micro': 0.9299972743909561, 'precision_weighted': 0.9308646753658928, 'recall_macro': 0.9301397963994479, 'recall_micro': 0.9299972743909561, 'recall_weighted': 0.9299972743909561}
Validation statistic: Loss: 0.6339, dev_score: {'accuracy': 0.8576164428973977, 'balanced_accuracy': 0.8539093784092906, 'f1_macro': 0.8549067799515424, 'f1_micro': 0.8576164428973977, 'f1_weighted': 0.857420873667092, 'precision_macro': 0.8583521857496667, 'precision_micro': 0.8576164428973977, 'precision_weighted': 0.8596978813413076, 'recall_macro': 0.8539093784092906, 'recall_micro': 0.8576164428973977, 'recall_weighted': 0.8576164428973977}
-----------------------
Epoch 49/100
Training statistic: Loss: 0.2830, train_score: {'accuracy': 0.9309836852830091, 'balanced_accuracy': 0.9312697117861395, 'f1_macro': 0.9316726294554414, 'f1_micro': 0.9309836852830091, 'f1_weighted': 0.9310116823560426, 'precision_macro': 0.9330242109728994, 'precision_micro': 0.9309836852830091, 'precision_weighted': 0.9319980725856948, 'recall_macro': 0.9312697117861395, 'recall_micro': 0.9309836852830091, 'recall_weighted': 0.9309836852830091}
Validation statistic: Loss: 0.6343, dev_score: {'accuracy': 0.8594397480523785, 'balanced_accuracy': 0.8555581003843438, 'f1_macro': 0.8566673037276862, 'f1_micro': 0.8594397480523785, 'f1_weighted': 0.8592920137023315, 'precision_macro': 0.8605943880318794, 'precision_micro': 0.8594397480523785, 'precision_weighted': 0.8619748712803873, 'recall_macro': 0.8555581003843438, 'recall_micro': 0.8594397480523785, 'recall_weighted': 0.8594397480523785}
-----------------------
Epoch 50/100
Training statistic: Loss: 0.2851, train_score: {'accuracy': 0.9297831193946552, 'balanced_accuracy': 0.9300527829690157, 'f1_macro': 0.930310199812418, 'f1_micro': 0.9297831193946552, 'f1_weighted': 0.9297336814816153, 'precision_macro': 0.9314660622342978, 'precision_micro': 0.9297831193946552, 'precision_weighted': 0.9305725728609746, 'recall_macro': 0.9300527829690157, 'recall_micro': 0.9297831193946552, 'recall_weighted': 0.9297831193946552}
Validation statistic: Loss: 0.6424, dev_score: {'accuracy': 0.858942483010111, 'balanced_accuracy': 0.8551950790632799, 'f1_macro': 0.8560303243189422, 'f1_micro': 0.858942483010111, 'f1_weighted': 0.8585224320831041, 'precision_macro': 0.859422519265409, 'precision_micro': 0.858942483010111, 'precision_weighted': 0.8606895443219077, 'recall_macro': 0.8551950790632799, 'recall_micro': 0.858942483010111, 'recall_weighted': 0.858942483010111}
-----------------------
Epoch 51/100
Training statistic: Loss: 0.2866, train_score: {'accuracy': 0.9307630407413656, 'balanced_accuracy': 0.9306674809572373, 'f1_macro': 0.9313121226741583, 'f1_micro': 0.9307630407413656, 'f1_weighted': 0.9307943659870592, 'precision_macro': 0.9329547240869385, 'precision_micro': 0.9307630407413656, 'precision_weighted': 0.9318018026824031, 'recall_macro': 0.9306674809572373, 'recall_micro': 0.9307630407413656, 'recall_weighted': 0.9307630407413656}
Validation statistic: Loss: 0.6449, dev_score: {'accuracy': 0.8587767279960219, 'balanced_accuracy': 0.8552424678964398, 'f1_macro': 0.8563402550630318, 'f1_micro': 0.8587767279960219, 'f1_weighted': 0.8587647898473332, 'precision_macro': 0.8603397965756413, 'precision_micro': 0.8587767279960219, 'precision_weighted': 0.8616752000223236, 'recall_macro': 0.8552424678964398, 'recall_micro': 0.8587767279960219, 'recall_weighted': 0.8587767279960219}
-----------------------
Epoch 52/100
Training statistic: Loss: 0.2796, train_score: {'accuracy': 0.9332225784261554, 'balanced_accuracy': 0.9336666128696685, 'f1_macro': 0.9338786141450047, 'f1_micro': 0.9332225784261554, 'f1_weighted': 0.9332254402894877, 'precision_macro': 0.934749746993984, 'precision_micro': 0.9332225784261554, 'precision_weighted': 0.933898471698322, 'recall_macro': 0.9336666128696685, 'recall_micro': 0.9332225784261554, 'recall_weighted': 0.9332225784261554}
Validation statistic: Loss: 0.6331, dev_score: {'accuracy': 0.8601027681087353, 'balanced_accuracy': 0.8563819698535735, 'f1_macro': 0.8574782541727577, 'f1_micro': 0.8601027681087353, 'f1_weighted': 0.8598615834917872, 'precision_macro': 0.8613174688836247, 'precision_micro': 0.8601027681087353, 'precision_weighted': 0.8623661748917095, 'recall_macro': 0.8563819698535735, 'recall_micro': 0.8601027681087353, 'recall_weighted': 0.8601027681087353}
-----------------------
Epoch 53/100
Training statistic: Loss: 0.2815, train_score: {'accuracy': 0.9313600789128713, 'balanced_accuracy': 0.9315958547928472, 'f1_macro': 0.9319285414692132, 'f1_micro': 0.9313600789128713, 'f1_weighted': 0.9313488000200596, 'precision_macro': 0.9331914358759349, 'precision_micro': 0.9313600789128713, 'precision_weighted': 0.9322586227885024, 'recall_macro': 0.9315958547928472, 'recall_micro': 0.9313600789128713, 'recall_weighted': 0.9313600789128713}
Validation statistic: Loss: 0.6432, dev_score: {'accuracy': 0.8587767279960219, 'balanced_accuracy': 0.855061192922918, 'f1_macro': 0.8561388132873982, 'f1_micro': 0.8587767279960219, 'f1_weighted': 0.8585770947817286, 'precision_macro': 0.8600015706141517, 'precision_micro': 0.8587767279960219, 'precision_weighted': 0.8612018179221699, 'recall_macro': 0.855061192922918, 'recall_micro': 0.8587767279960219, 'recall_weighted': 0.8587767279960219}
-----------------------
Epoch 54/100
Training statistic: Loss: 0.2818, train_score: {'accuracy': 0.9309317689202694, 'balanced_accuracy': 0.9311778610426498, 'f1_macro': 0.9315452383617716, 'f1_micro': 0.9309317689202694, 'f1_weighted': 0.9309530329607153, 'precision_macro': 0.932884290373505, 'precision_micro': 0.9309317689202694, 'precision_weighted': 0.9319362018900781, 'recall_macro': 0.9311778610426498, 'recall_micro': 0.9309317689202694, 'recall_weighted': 0.9309317689202694}
Validation statistic: Loss: 0.6474, dev_score: {'accuracy': 0.8567876678269518, 'balanced_accuracy': 0.8530916832604418, 'f1_macro': 0.8541444495471884, 'f1_micro': 0.8567876678269518, 'f1_weighted': 0.8565767482324865, 'precision_macro': 0.858418572663091, 'precision_micro': 0.8567876678269518, 'precision_weighted': 0.859593420372969, 'recall_macro': 0.8530916832604418, 'recall_micro': 0.8567876678269518, 'recall_weighted': 0.8567876678269518}
-----------------------
Epoch 55/100
Training statistic: Loss: 0.2794, train_score: {'accuracy': 0.9326190507093073, 'balanced_accuracy': 0.9331090785884211, 'f1_macro': 0.9332274148192894, 'f1_micro': 0.9326190507093073, 'f1_weighted': 0.9326466966434601, 'precision_macro': 0.9342611472260588, 'precision_micro': 0.9326190507093073, 'precision_weighted': 0.9335976002372085, 'recall_macro': 0.9331090785884211, 'recall_micro': 0.9326190507093073, 'recall_weighted': 0.9326190507093073}
Validation statistic: Loss: 0.6426, dev_score: {'accuracy': 0.8591082380242002, 'balanced_accuracy': 0.8553647859994772, 'f1_macro': 0.8565759065711186, 'f1_micro': 0.8591082380242002, 'f1_weighted': 0.8589443254912632, 'precision_macro': 0.8605447290731425, 'precision_micro': 0.8591082380242002, 'precision_weighted': 0.8615594920338162, 'recall_macro': 0.8553647859994772, 'recall_micro': 0.8591082380242002, 'recall_weighted': 0.8591082380242002}
-----------------------
Epoch 56/100
Training statistic: Loss: 0.2737, train_score: {'accuracy': 0.9333913066050592, 'balanced_accuracy': 0.9338019098505402, 'f1_macro': 0.93391050005674, 'f1_micro': 0.9333913066050592, 'f1_weighted': 0.9333440236489446, 'precision_macro': 0.9347760734126455, 'precision_micro': 0.9333913066050592, 'precision_weighted': 0.9340531906679346, 'recall_macro': 0.9338019098505402, 'recall_micro': 0.9333913066050592, 'recall_weighted': 0.9333913066050592}
Validation statistic: Loss: 0.6300, dev_score: {'accuracy': 0.859771258080557, 'balanced_accuracy': 0.8559448664106494, 'f1_macro': 0.8568849549382694, 'f1_micro': 0.859771258080557, 'f1_weighted': 0.8593231186399385, 'precision_macro': 0.8605619136571716, 'precision_micro': 0.859771258080557, 'precision_weighted': 0.8616313037070009, 'recall_macro': 0.8559448664106494, 'recall_micro': 0.859771258080557, 'recall_weighted': 0.859771258080557}
-----------------------
Epoch 57/100
Training statistic: Loss: 0.2791, train_score: {'accuracy': 0.931554765273145, 'balanced_accuracy': 0.9321816806719154, 'f1_macro': 0.9322975719284635, 'f1_micro': 0.931554765273145, 'f1_weighted': 0.9315037674582083, 'precision_macro': 0.9334143295400011, 'precision_micro': 0.931554765273145, 'precision_weighted': 0.9324880221943408, 'recall_macro': 0.9321816806719154, 'recall_micro': 0.931554765273145, 'recall_weighted': 0.931554765273145}
Validation statistic: Loss: 0.6470, dev_score: {'accuracy': 0.8594397480523785, 'balanced_accuracy': 0.8555538523505793, 'f1_macro': 0.8566530626828162, 'f1_micro': 0.8594397480523785, 'f1_weighted': 0.8590659198215478, 'precision_macro': 0.8608971358700115, 'precision_micro': 0.8594397480523785, 'precision_weighted': 0.8618689261366129, 'recall_macro': 0.8555538523505793, 'recall_micro': 0.8594397480523785, 'recall_weighted': 0.8594397480523785}
-----------------------
Epoch 58/100
Training statistic: Loss: 0.2762, train_score: {'accuracy': 0.9332809843342376, 'balanced_accuracy': 0.9336729080946068, 'f1_macro': 0.9338398389339424, 'f1_micro': 0.9332809843342376, 'f1_weighted': 0.9333296034128126, 'precision_macro': 0.9349852927748417, 'precision_micro': 0.9332809843342376, 'precision_weighted': 0.9343574906817512, 'recall_macro': 0.9336729080946068, 'recall_micro': 0.9332809843342376, 'recall_weighted': 0.9332809843342376}
Validation statistic: Loss: 0.6387, dev_score: {'accuracy': 0.8596055030664678, 'balanced_accuracy': 0.8557975248194755, 'f1_macro': 0.8570577799996256, 'f1_micro': 0.8596055030664678, 'f1_weighted': 0.8594434385823956, 'precision_macro': 0.8612419218367464, 'precision_micro': 0.8596055030664678, 'precision_weighted': 0.8622025282547241, 'recall_macro': 0.8557975248194755, 'recall_micro': 0.8596055030664678, 'recall_weighted': 0.8596055030664678}
-----------------------
Epoch 59/100
Training statistic: Loss: 0.2803, train_score: {'accuracy': 0.932041481173829, 'balanced_accuracy': 0.9325037991531774, 'f1_macro': 0.9326226917745668, 'f1_micro': 0.932041481173829, 'f1_weighted': 0.9320359621901688, 'precision_macro': 0.9337840537986614, 'precision_micro': 0.932041481173829, 'precision_weighted': 0.9330795497370381, 'recall_macro': 0.9325037991531774, 'recall_micro': 0.932041481173829, 'recall_weighted': 0.932041481173829}
Validation statistic: Loss: 0.6511, dev_score: {'accuracy': 0.856124647770595, 'balanced_accuracy': 0.8522316425333762, 'f1_macro': 0.8532564969235464, 'f1_micro': 0.856124647770595, 'f1_weighted': 0.8558309206234462, 'precision_macro': 0.8573638511513458, 'precision_micro': 0.856124647770595, 'precision_weighted': 0.8586301444967545, 'recall_macro': 0.8522316425333762, 'recall_micro': 0.856124647770595, 'recall_weighted': 0.856124647770595}
-----------------------
Epoch 60/100
Training statistic: Loss: 0.2742, train_score: {'accuracy': 0.9335340766025932, 'balanced_accuracy': 0.9339986340329792, 'f1_macro': 0.9341535714413368, 'f1_micro': 0.9335340766025932, 'f1_weighted': 0.9335459681045564, 'precision_macro': 0.9350885829760452, 'precision_micro': 0.9335340766025932, 'precision_weighted': 0.9343417921338646, 'recall_macro': 0.9339986340329792, 'recall_micro': 0.9335340766025932, 'recall_weighted': 0.9335340766025932}
Validation statistic: Loss: 0.6408, dev_score: {'accuracy': 0.8610972981932703, 'balanced_accuracy': 0.857340395722001, 'f1_macro': 0.8584366984980765, 'f1_micro': 0.8610972981932703, 'f1_weighted': 0.8608483536634589, 'precision_macro': 0.8619910830425722, 'precision_micro': 0.8610972981932703, 'precision_weighted': 0.863070941623262, 'recall_macro': 0.857340395722001, 'recall_micro': 0.8610972981932703, 'recall_weighted': 0.8610972981932703}
-----------------------
Epoch 61/100
Training statistic: Loss: 0.2785, train_score: {'accuracy': 0.9322361675341025, 'balanced_accuracy': 0.932652755539243, 'f1_macro': 0.9328726648826102, 'f1_micro': 0.9322361675341025, 'f1_weighted': 0.9322417528180927, 'precision_macro': 0.9340900958791926, 'precision_micro': 0.9322361675341025, 'precision_weighted': 0.9332563700058538, 'recall_macro': 0.932652755539243, 'recall_micro': 0.9322361675341025, 'recall_weighted': 0.9322361675341025}
Validation statistic: Loss: 0.6497, dev_score: {'accuracy': 0.858942483010111, 'balanced_accuracy': 0.8550259595056184, 'f1_macro': 0.8561785871186561, 'f1_micro': 0.858942483010111, 'f1_weighted': 0.8586512044313421, 'precision_macro': 0.8601688808287479, 'precision_micro': 0.858942483010111, 'precision_weighted': 0.8612316165840052, 'recall_macro': 0.8550259595056184, 'recall_micro': 0.858942483010111, 'recall_weighted': 0.858942483010111}
-----------------------
Epoch 62/100
Training statistic: Loss: 0.2799, train_score: {'accuracy': 0.9321518034446507, 'balanced_accuracy': 0.9322804181568343, 'f1_macro': 0.9327340478550582, 'f1_micro': 0.9321518034446507, 'f1_weighted': 0.9321604248428534, 'precision_macro': 0.9342832619614171, 'precision_micro': 0.9321518034446507, 'precision_weighted': 0.9332671062713112, 'recall_macro': 0.9322804181568343, 'recall_micro': 0.9321518034446507, 'recall_weighted': 0.9321518034446507}
Validation statistic: Loss: 0.6560, dev_score: {'accuracy': 0.8584452179678436, 'balanced_accuracy': 0.8546429842273614, 'f1_macro': 0.8557379184187758, 'f1_micro': 0.8584452179678436, 'f1_weighted': 0.8582180950970745, 'precision_macro': 0.8599101833806951, 'precision_micro': 0.8584452179678436, 'precision_weighted': 0.861089853703534, 'recall_macro': 0.8546429842273614, 'recall_micro': 0.8584452179678436, 'recall_weighted': 0.8584452179678436}
-----------------------
Epoch 63/100
Training statistic: Loss: 0.2795, train_score: {'accuracy': 0.933001933884512, 'balanced_accuracy': 0.9331576111253419, 'f1_macro': 0.9336682315732701, 'f1_micro': 0.933001933884512, 'f1_weighted': 0.9330191607790453, 'precision_macro': 0.9349225961075195, 'precision_micro': 0.933001933884512, 'precision_weighted': 0.9337839830381228, 'recall_macro': 0.9331576111253419, 'recall_micro': 0.933001933884512, 'recall_weighted': 0.933001933884512}
Validation statistic: Loss: 0.6552, dev_score: {'accuracy': 0.8587767279960219, 'balanced_accuracy': 0.8551547214330897, 'f1_macro': 0.8563631287039206, 'f1_micro': 0.8587767279960219, 'f1_weighted': 0.8586797490223826, 'precision_macro': 0.8600955263714226, 'precision_micro': 0.8587767279960219, 'precision_weighted': 0.861145690073388, 'recall_macro': 0.8551547214330897, 'recall_micro': 0.8587767279960219, 'recall_weighted': 0.8587767279960219}
-----------------------
Epoch 64/100
Training statistic: Loss: 0.2711, train_score: {'accuracy': 0.9364673510973821, 'balanced_accuracy': 0.9370574951485287, 'f1_macro': 0.9370630250914541, 'f1_micro': 0.9364673510973821, 'f1_weighted': 0.9364249585439787, 'precision_macro': 0.9376134247143959, 'precision_micro': 0.9364673510973821, 'precision_weighted': 0.9369379317257046, 'recall_macro': 0.9370574951485287, 'recall_micro': 0.9364673510973821, 'recall_weighted': 0.9364673510973821}
Validation statistic: Loss: 0.6504, dev_score: {'accuracy': 0.860765788165092, 'balanced_accuracy': 0.8567960484482114, 'f1_macro': 0.8580004816311673, 'f1_micro': 0.860765788165092, 'f1_weighted': 0.8604185184370624, 'precision_macro': 0.8616815962160368, 'precision_micro': 0.860765788165092, 'precision_weighted': 0.8625620016980056, 'recall_macro': 0.8567960484482114, 'recall_micro': 0.860765788165092, 'recall_weighted': 0.860765788165092}
-----------------------
Epoch 65/100
Training statistic: Loss: 0.2716, train_score: {'accuracy': 0.9350331615766999, 'balanced_accuracy': 0.9355952241102725, 'f1_macro': 0.9356886240280711, 'f1_micro': 0.9350331615766999, 'f1_weighted': 0.9350018383471876, 'precision_macro': 0.9363614112857965, 'precision_micro': 0.9350331615766999, 'precision_weighted': 0.9355660866963875, 'recall_macro': 0.9355952241102725, 'recall_micro': 0.9350331615766999, 'recall_weighted': 0.9350331615766999}
Validation statistic: Loss: 0.6397, dev_score: {'accuracy': 0.8615945632355378, 'balanced_accuracy': 0.85776745888811, 'f1_macro': 0.8587782712407679, 'f1_micro': 0.8615945632355378, 'f1_weighted': 0.8612122072723585, 'precision_macro': 0.8621179855359694, 'precision_micro': 0.8615945632355378, 'precision_weighted': 0.8631659900875207, 'recall_macro': 0.85776745888811, 'recall_micro': 0.8615945632355378, 'recall_weighted': 0.8615945632355378}
Early stopping by loss triggered!
Testing statistic: loss: 0.6661074447810535, scores: {'accuracy': 0.8494885040008103, 'balanced_accuracy': 0.8487383066449304, 'f1_macro': 0.8492095168292485, 'f1_micro': 0.8494885040008103, 'f1_weighted': 0.8496446503366277, 'precision_macro': 0.8520717266002334, 'precision_micro': 0.8494885040008103, 'precision_weighted': 0.852170586842432, 'recall_macro': 0.8487383066449304, 'recall_micro': 0.8494885040008103, 'recall_weighted': 0.8494885040008103}
Finish training!
