=====Setting up data=====
Dataset name:mnist12
train_option:synthetic
augment_option:compare_gaussian
mix_ratio:-1
n_sample:-1
Training dataset size: 100096 samples
Validation dataset size: 6144 samples

=====Setting up parameters for training=====
num_epochs: 100
learning_rate: 0.001
patience: 30
early_stop_criterion: loss
=====Setting up trainer=====
input_size: 144
model: DNN_MNIST12
----------------------------------------------------------------
        Layer (type)               Output Shape         Param #
================================================================
           Dropout-1                  [-1, 144]               0
            Linear-2                 [-1, 1024]         148,480
         LeakyReLU-3                 [-1, 1024]               0
       BatchNorm1d-4                 [-1, 1024]           2,048
           Dropout-5                 [-1, 1024]               0
            Linear-6                 [-1, 1024]       1,049,600
         LeakyReLU-7                 [-1, 1024]               0
       BatchNorm1d-8                 [-1, 1024]           2,048
           Dropout-9                 [-1, 1024]               0
           Linear-10                  [-1, 256]         262,400
        LeakyReLU-11                  [-1, 256]               0
      BatchNorm1d-12                  [-1, 256]             512
          Dropout-13                  [-1, 256]               0
           Linear-14                   [-1, 10]           2,570
================================================================
Total params: 1,467,658
Trainable params: 1,467,658
Non-trainable params: 0
----------------------------------------------------------------
Input size (MB): 0.00
Forward/backward pass size (MB): 0.07
Params size (MB): 5.60
Estimated Total Size (MB): 5.67
----------------------------------------------------------------
=====Setting up output files=====
weight_dir, weight_file: /home/thuy/Research/minh_data_synth/TabularDA/.cache/mnist_head_fixed_runtime_20261009/output/mnist_head_fixed_20261009/mnist12/weight/, mnist12_seed42_ctgan_full_gaussian_synthetic.weights.pth
acc_dir, acc_file: /home/thuy/Research/minh_data_synth/TabularDA/.cache/mnist_head_fixed_runtime_20261009/output/mnist_head_fixed_20261009/mnist12/acc/, mnist12_seed42_ctgan_full_gaussian_synthetic.epochs.csv
report_file: mnist12_seed42_ctgan_full_gaussian_synthetic.report.txt
==========================================================================================
Start training...
-----------------------
Epoch 1/100
Training statistic: Loss: 0.4821, train_score: {'accuracy': 0.82464, 'balanced_accuracy': 0.6197805815655595, 'f1_macro': 0.6620546595573361, 'f1_micro': 0.82464, 'f1_weighted': 0.8112748107766581, 'precision_macro': 0.8068756752971875, 'precision_micro': 0.82464, 'precision_weighted': 0.8242450963928137, 'recall_macro': 0.6197805815655595, 'recall_micro': 0.82464, 'recall_weighted': 0.82464}
Validation statistic: Loss: 2.7658, dev_score: {'accuracy': 0.44472070280125975, 'balanced_accuracy': 0.4282044453583089, 'f1_macro': 0.36655574974842525, 'f1_micro': 0.44472070280125975, 'f1_weighted': 0.38231707034816886, 'precision_macro': 0.626984985669915, 'precision_micro': 0.44472070280125975, 'precision_weighted': 0.6322933254307936, 'recall_macro': 0.4282044453583089, 'recall_micro': 0.44472070280125975, 'recall_weighted': 0.44472070280125975}
Saving model...
Model saved!
-------------------------------------------
-----------------------
Epoch 2/100
Training statistic: Loss: 0.3165, train_score: {'accuracy': 0.89626, 'balanced_accuracy': 0.7762014630144396, 'f1_macro': 0.8033358909153593, 'f1_micro': 0.89626, 'f1_weighted': 0.8930636933104931, 'precision_macro': 0.8600008284832885, 'precision_micro': 0.89626, 'precision_weighted': 0.8959928089932668, 'recall_macro': 0.7762014630144396, 'recall_micro': 0.89626, 'recall_weighted': 0.89626}
Validation statistic: Loss: 2.6707, dev_score: {'accuracy': 0.45582628874523456, 'balanced_accuracy': 0.4393398395102487, 'f1_macro': 0.37405467281810006, 'f1_micro': 0.45582628874523456, 'f1_weighted': 0.3891727654867409, 'precision_macro': 0.5898099070109329, 'precision_micro': 0.45582628874523456, 'precision_weighted': 0.5961132241383552, 'recall_macro': 0.4393398395102487, 'recall_micro': 0.45582628874523456, 'recall_weighted': 0.45582628874523456}
Saving model...
Model saved!
-------------------------------------------
-----------------------
Epoch 3/100
Training statistic: Loss: 0.2664, train_score: {'accuracy': 0.92214, 'balanced_accuracy': 0.843591764997746, 'f1_macro': 0.8611520625988469, 'f1_micro': 0.92214, 'f1_weighted': 0.9208797617833936, 'precision_macro': 0.8884649827899299, 'precision_micro': 0.92214, 'precision_weighted': 0.9221398286744766, 'recall_macro': 0.843591764997746, 'recall_micro': 0.92214, 'recall_weighted': 0.92214}
Validation statistic: Loss: 2.5464, dev_score: {'accuracy': 0.4614619592242665, 'balanced_accuracy': 0.44455793358982076, 'f1_macro': 0.37489590004472395, 'f1_micro': 0.4614619592242665, 'f1_weighted': 0.39018536761778416, 'precision_macro': 0.5870624969572086, 'precision_micro': 0.4614619592242665, 'precision_weighted': 0.5934885197690791, 'recall_macro': 0.44455793358982076, 'recall_micro': 0.4614619592242665, 'recall_weighted': 0.4614619592242665}
Saving model...
Model saved!
-------------------------------------------
-----------------------
Epoch 4/100
Training statistic: Loss: 0.2390, train_score: {'accuracy': 0.93057, 'balanced_accuracy': 0.8716332844781206, 'f1_macro': 0.8825862531029675, 'f1_micro': 0.93057, 'f1_weighted': 0.929797071494102, 'precision_macro': 0.8987675994759858, 'precision_micro': 0.93057, 'precision_weighted': 0.9306648144437297, 'recall_macro': 0.8716332844781206, 'recall_micro': 0.93057, 'recall_weighted': 0.93057}
Validation statistic: Loss: 2.5614, dev_score: {'accuracy': 0.46427979446378254, 'balanced_accuracy': 0.44703270962541525, 'f1_macro': 0.3762784508230518, 'f1_micro': 0.46427979446378254, 'f1_weighted': 0.39188536962060977, 'precision_macro': 0.5773186873043129, 'precision_micro': 0.46427979446378254, 'precision_weighted': 0.5850914585157234, 'recall_macro': 0.44703270962541525, 'recall_micro': 0.46427979446378254, 'recall_weighted': 0.46427979446378254}
-----------------------
Epoch 5/100
Training statistic: Loss: 0.2283, train_score: {'accuracy': 0.93587, 'balanced_accuracy': 0.8778868509949959, 'f1_macro': 0.8890524161112371, 'f1_micro': 0.93587, 'f1_weighted': 0.9351204161596889, 'precision_macro': 0.9068429499563315, 'precision_micro': 0.93587, 'precision_weighted': 0.9364171236049236, 'recall_macro': 0.8778868509949959, 'recall_micro': 0.93587, 'recall_weighted': 0.93587}
Validation statistic: Loss: 2.4920, dev_score: {'accuracy': 0.466600364661031, 'balanced_accuracy': 0.44961003741213845, 'f1_macro': 0.3791614242038834, 'f1_micro': 0.466600364661031, 'f1_weighted': 0.3944715234878728, 'precision_macro': 0.5873695796763068, 'precision_micro': 0.466600364661031, 'precision_weighted': 0.5943957246994122, 'recall_macro': 0.44961003741213845, 'recall_micro': 0.466600364661031, 'recall_weighted': 0.466600364661031}
Saving model...
Model saved!
-------------------------------------------
-----------------------
Epoch 6/100
Training statistic: Loss: 0.2151, train_score: {'accuracy': 0.94159, 'balanced_accuracy': 0.8927628254029429, 'f1_macro': 0.9032276578437267, 'f1_micro': 0.94159, 'f1_weighted': 0.9410504459723256, 'precision_macro': 0.9170220840617864, 'precision_micro': 0.94159, 'precision_weighted': 0.9414934643367512, 'recall_macro': 0.8927628254029429, 'recall_micro': 0.94159, 'recall_weighted': 0.94159}
Validation statistic: Loss: 2.4816, dev_score: {'accuracy': 0.46411403944969337, 'balanced_accuracy': 0.44710829643891853, 'f1_macro': 0.3783952305194559, 'f1_micro': 0.46411403944969337, 'f1_weighted': 0.39375967785877686, 'precision_macro': 0.5771095258127799, 'precision_micro': 0.46411403944969337, 'precision_weighted': 0.584852304814308, 'recall_macro': 0.44710829643891853, 'recall_micro': 0.46411403944969337, 'recall_weighted': 0.46411403944969337}
Saving model...
Model saved!
-------------------------------------------
-----------------------
Epoch 7/100
Training statistic: Loss: 0.2090, train_score: {'accuracy': 0.9455, 'balanced_accuracy': 0.9030560743298361, 'f1_macro': 0.9124036520390122, 'f1_micro': 0.9455, 'f1_weighted': 0.9450346101185519, 'precision_macro': 0.9235086518430446, 'precision_micro': 0.9455, 'precision_weighted': 0.945683596324744, 'recall_macro': 0.9030560743298361, 'recall_micro': 0.9455, 'recall_weighted': 0.9455}
Validation statistic: Loss: 2.4406, dev_score: {'accuracy': 0.4674291397314769, 'balanced_accuracy': 0.45007318883813896, 'f1_macro': 0.38034844222141345, 'f1_micro': 0.4674291397314769, 'f1_weighted': 0.39578752504002984, 'precision_macro': 0.5964952348900878, 'precision_micro': 0.4674291397314769, 'precision_weighted': 0.603121994967254, 'recall_macro': 0.45007318883813896, 'recall_micro': 0.4674291397314769, 'recall_weighted': 0.4674291397314769}
Saving model...
Model saved!
-------------------------------------------
-----------------------
Epoch 8/100
Training statistic: Loss: 0.2046, train_score: {'accuracy': 0.9448, 'balanced_accuracy': 0.9055832849987292, 'f1_macro': 0.9127709089452999, 'f1_micro': 0.9448, 'f1_weighted': 0.9444149528708182, 'precision_macro': 0.9219811757312536, 'precision_micro': 0.9448, 'precision_weighted': 0.9451473598418303, 'recall_macro': 0.9055832849987292, 'recall_micro': 0.9448, 'recall_weighted': 0.9448}
Validation statistic: Loss: 2.4582, dev_score: {'accuracy': 0.463782529421515, 'balanced_accuracy': 0.446064053514401, 'f1_macro': 0.37240339408719986, 'f1_micro': 0.463782529421515, 'f1_weighted': 0.388226306008038, 'precision_macro': 0.5806030379656077, 'precision_micro': 0.463782529421515, 'precision_weighted': 0.5873851197433163, 'recall_macro': 0.446064053514401, 'recall_micro': 0.463782529421515, 'recall_weighted': 0.463782529421515}
-----------------------
Epoch 9/100
Training statistic: Loss: 0.1864, train_score: {'accuracy': 0.95462, 'balanced_accuracy': 0.9233873977750997, 'f1_macro': 0.92722830437079, 'f1_micro': 0.95462, 'f1_weighted': 0.9544458915310257, 'precision_macro': 0.9315290419790795, 'precision_micro': 0.95462, 'precision_weighted': 0.9546071030454683, 'recall_macro': 0.9233873977750997, 'recall_micro': 0.95462, 'recall_weighted': 0.95462}
Validation statistic: Loss: 2.4536, dev_score: {'accuracy': 0.4705784849991712, 'balanced_accuracy': 0.45344437483687716, 'f1_macro': 0.3824036665418936, 'f1_micro': 0.4705784849991712, 'f1_weighted': 0.397817277897537, 'precision_macro': 0.5990026084556542, 'precision_micro': 0.4705784849991712, 'precision_weighted': 0.6049394115000438, 'recall_macro': 0.45344437483687716, 'recall_micro': 0.4705784849991712, 'recall_weighted': 0.4705784849991712}
-----------------------
Epoch 10/100
Training statistic: Loss: 0.1837, train_score: {'accuracy': 0.95368, 'balanced_accuracy': 0.9190755209451744, 'f1_macro': 0.9267946054679161, 'f1_micro': 0.95368, 'f1_weighted': 0.9533474492512087, 'precision_macro': 0.9359020656629236, 'precision_micro': 0.95368, 'precision_weighted': 0.9536686175996325, 'recall_macro': 0.9190755209451744, 'recall_micro': 0.95368, 'recall_weighted': 0.95368}
Validation statistic: Loss: 2.5531, dev_score: {'accuracy': 0.46610309961876345, 'balanced_accuracy': 0.4490148740206282, 'f1_macro': 0.37725489781551425, 'f1_micro': 0.46610309961876345, 'f1_weighted': 0.39237324367477944, 'precision_macro': 0.5927319000384017, 'precision_micro': 0.46610309961876345, 'precision_weighted': 0.599282316368193, 'recall_macro': 0.4490148740206282, 'recall_micro': 0.46610309961876345, 'recall_weighted': 0.46610309961876345}
-----------------------
Epoch 11/100
Training statistic: Loss: 0.1762, train_score: {'accuracy': 0.95817, 'balanced_accuracy': 0.9338040975695266, 'f1_macro': 0.9350466218147794, 'f1_micro': 0.95817, 'f1_weighted': 0.958117546036923, 'precision_macro': 0.9368982773741734, 'precision_micro': 0.95817, 'precision_weighted': 0.958364372565228, 'recall_macro': 0.9338040975695266, 'recall_micro': 0.95817, 'recall_weighted': 0.95817}
Validation statistic: Loss: 2.5004, dev_score: {'accuracy': 0.4702469749709929, 'balanced_accuracy': 0.4528961915923083, 'f1_macro': 0.3823687865313655, 'f1_micro': 0.4702469749709929, 'f1_weighted': 0.39775281172731153, 'precision_macro': 0.5896437251052087, 'precision_micro': 0.4702469749709929, 'precision_weighted': 0.5965426369634852, 'recall_macro': 0.4528961915923083, 'recall_micro': 0.4702469749709929, 'recall_weighted': 0.4702469749709929}
-----------------------
Epoch 12/100
Training statistic: Loss: 0.1736, train_score: {'accuracy': 0.95727, 'balanced_accuracy': 0.9343868943395105, 'f1_macro': 0.9358779450576249, 'f1_micro': 0.95727, 'f1_weighted': 0.9571233310021645, 'precision_macro': 0.9381665131193231, 'precision_micro': 0.95727, 'precision_weighted': 0.9574529150170152, 'recall_macro': 0.9343868943395105, 'recall_micro': 0.95727, 'recall_weighted': 0.95727}
Validation statistic: Loss: 2.5138, dev_score: {'accuracy': 0.4687551798441903, 'balanced_accuracy': 0.4514004965799612, 'f1_macro': 0.37972793202813915, 'f1_micro': 0.4687551798441903, 'f1_weighted': 0.395073449430881, 'precision_macro': 0.5898816655362749, 'precision_micro': 0.4687551798441903, 'precision_weighted': 0.5969490435706599, 'recall_macro': 0.4514004965799612, 'recall_micro': 0.4687551798441903, 'recall_weighted': 0.4687551798441903}
-----------------------
Epoch 13/100
Training statistic: Loss: 0.1745, train_score: {'accuracy': 0.95641, 'balanced_accuracy': 0.9291223086542235, 'f1_macro': 0.9313081989449851, 'f1_micro': 0.95641, 'f1_weighted': 0.9561765625127125, 'precision_macro': 0.9367399869292627, 'precision_micro': 0.95641, 'precision_weighted': 0.9570719768042909, 'recall_macro': 0.9291223086542235, 'recall_micro': 0.95641, 'recall_weighted': 0.95641}
Validation statistic: Loss: 2.4975, dev_score: {'accuracy': 0.4659373446046743, 'balanced_accuracy': 0.44831532795978823, 'f1_macro': 0.3765006864053225, 'f1_micro': 0.4659373446046743, 'f1_weighted': 0.39190177883026245, 'precision_macro': 0.5779688251780634, 'precision_micro': 0.4659373446046743, 'precision_weighted': 0.5846521928936425, 'recall_macro': 0.44831532795978823, 'recall_micro': 0.4659373446046743, 'recall_weighted': 0.4659373446046743}
-----------------------
Epoch 14/100
Training statistic: Loss: 0.1718, train_score: {'accuracy': 0.95864, 'balanced_accuracy': 0.9389965847888956, 'f1_macro': 0.9383265549852444, 'f1_micro': 0.95864, 'f1_weighted': 0.9584845439851453, 'precision_macro': 0.9388897350177177, 'precision_micro': 0.95864, 'precision_weighted': 0.9590989644610683, 'recall_macro': 0.9389965847888956, 'recall_micro': 0.95864, 'recall_weighted': 0.95864}
Validation statistic: Loss: 2.4889, dev_score: {'accuracy': 0.4690866898723686, 'balanced_accuracy': 0.4515283599190079, 'f1_macro': 0.3801607003941094, 'f1_micro': 0.4690866898723686, 'f1_weighted': 0.3953527784748602, 'precision_macro': 0.5986599453380371, 'precision_micro': 0.4690866898723686, 'precision_weighted': 0.604026610087735, 'recall_macro': 0.4515283599190079, 'recall_micro': 0.4690866898723686, 'recall_weighted': 0.4690866898723686}
-----------------------
Epoch 15/100
Training statistic: Loss: 0.1762, train_score: {'accuracy': 0.95794, 'balanced_accuracy': 0.9404524762584646, 'f1_macro': 0.939105875688283, 'f1_micro': 0.95794, 'f1_weighted': 0.9578693332184004, 'precision_macro': 0.9389062923467051, 'precision_micro': 0.95794, 'precision_weighted': 0.9587367903355832, 'recall_macro': 0.9404524762584646, 'recall_micro': 0.95794, 'recall_weighted': 0.95794}
Validation statistic: Loss: 2.4498, dev_score: {'accuracy': 0.46925244488645784, 'balanced_accuracy': 0.45199345972529625, 'f1_macro': 0.3814549833727715, 'f1_micro': 0.46925244488645784, 'f1_weighted': 0.39647657277740145, 'precision_macro': 0.5961458907913187, 'precision_micro': 0.46925244488645784, 'precision_weighted': 0.6017075719265936, 'recall_macro': 0.45199345972529625, 'recall_micro': 0.46925244488645784, 'recall_weighted': 0.46925244488645784}
-----------------------
Epoch 16/100
Training statistic: Loss: 0.1684, train_score: {'accuracy': 0.95987, 'balanced_accuracy': 0.9407975101405033, 'f1_macro': 0.9428399845307572, 'f1_micro': 0.95987, 'f1_weighted': 0.9597770369163277, 'precision_macro': 0.945424378917307, 'precision_micro': 0.95987, 'precision_weighted': 0.9602058767000639, 'recall_macro': 0.9407975101405033, 'recall_micro': 0.95987, 'recall_weighted': 0.95987}
Validation statistic: Loss: 2.4486, dev_score: {'accuracy': 0.47173877009779547, 'balanced_accuracy': 0.4544407651757725, 'f1_macro': 0.38342495551743727, 'f1_micro': 0.47173877009779547, 'f1_weighted': 0.3986397054872771, 'precision_macro': 0.6005330345991096, 'precision_micro': 0.47173877009779547, 'precision_weighted': 0.6064466150218266, 'recall_macro': 0.4544407651757725, 'recall_micro': 0.47173877009779547, 'recall_weighted': 0.47173877009779547}
-----------------------
Epoch 17/100
Training statistic: Loss: 0.1557, train_score: {'accuracy': 0.96473, 'balanced_accuracy': 0.9437259183941699, 'f1_macro': 0.9463669264893605, 'f1_micro': 0.96473, 'f1_weighted': 0.9646559391012334, 'precision_macro': 0.9496310920541173, 'precision_micro': 0.96473, 'precision_weighted': 0.9648242851153502, 'recall_macro': 0.9437259183941699, 'recall_micro': 0.96473, 'recall_weighted': 0.96473}
Validation statistic: Loss: 2.5280, dev_score: {'accuracy': 0.4745566053373115, 'balanced_accuracy': 0.4573057639719478, 'f1_macro': 0.3857548287923067, 'f1_micro': 0.4745566053373115, 'f1_weighted': 0.4010516028082195, 'precision_macro': 0.598090441069694, 'precision_micro': 0.4745566053373115, 'precision_weighted': 0.6041821862815139, 'recall_macro': 0.4573057639719478, 'recall_micro': 0.4745566053373115, 'recall_weighted': 0.4745566053373115}
-----------------------
Epoch 18/100
Training statistic: Loss: 0.1613, train_score: {'accuracy': 0.96386, 'balanced_accuracy': 0.9327082326953933, 'f1_macro': 0.944732330850608, 'f1_micro': 0.96386, 'f1_weighted': 0.9636398468041717, 'precision_macro': 0.9580496509586389, 'precision_micro': 0.96386, 'precision_weighted': 0.9638499480373046, 'recall_macro': 0.9327082326953933, 'recall_micro': 0.96386, 'recall_weighted': 0.96386}
Validation statistic: Loss: 2.5171, dev_score: {'accuracy': 0.46759489474556604, 'balanced_accuracy': 0.45032354734015045, 'f1_macro': 0.37816587291316034, 'f1_micro': 0.46759489474556604, 'f1_weighted': 0.3938276480489266, 'precision_macro': 0.5889303811200202, 'precision_micro': 0.46759489474556604, 'precision_weighted': 0.5960050856638284, 'recall_macro': 0.45032354734015045, 'recall_micro': 0.46759489474556604, 'recall_weighted': 0.46759489474556604}
-----------------------
Epoch 19/100
Training statistic: Loss: 0.1551, train_score: {'accuracy': 0.96428, 'balanced_accuracy': 0.9416873024417669, 'f1_macro': 0.9457300905825248, 'f1_micro': 0.96428, 'f1_weighted': 0.9641139986684489, 'precision_macro': 0.9518248519523571, 'precision_micro': 0.96428, 'precision_weighted': 0.9645084628371775, 'recall_macro': 0.9416873024417669, 'recall_micro': 0.96428, 'recall_weighted': 0.96428}
Validation statistic: Loss: 2.4884, dev_score: {'accuracy': 0.4714072600696171, 'balanced_accuracy': 0.45406591337375524, 'f1_macro': 0.3833780307309024, 'f1_micro': 0.4714072600696171, 'f1_weighted': 0.3986549929675545, 'precision_macro': 0.5856766724828735, 'precision_micro': 0.4714072600696171, 'precision_weighted': 0.5926858688358961, 'recall_macro': 0.45406591337375524, 'recall_micro': 0.4714072600696171, 'recall_weighted': 0.4714072600696171}
-----------------------
Epoch 20/100
Training statistic: Loss: 0.1513, train_score: {'accuracy': 0.96719, 'balanced_accuracy': 0.9503938665574065, 'f1_macro': 0.9521982452586595, 'f1_micro': 0.96719, 'f1_weighted': 0.9671169737392633, 'precision_macro': 0.9545170154020621, 'precision_micro': 0.96719, 'precision_weighted': 0.9673400726631163, 'recall_macro': 0.9503938665574065, 'recall_micro': 0.96719, 'recall_weighted': 0.96719}
Validation statistic: Loss: 2.4860, dev_score: {'accuracy': 0.47405934029504393, 'balanced_accuracy': 0.45708893121186556, 'f1_macro': 0.3874186440218218, 'f1_micro': 0.47405934029504393, 'f1_weighted': 0.40259934116907564, 'precision_macro': 0.6118036442040998, 'precision_micro': 0.47405934029504393, 'precision_weighted': 0.6168152761711251, 'recall_macro': 0.45708893121186556, 'recall_micro': 0.47405934029504393, 'recall_weighted': 0.47405934029504393}
-----------------------
Epoch 21/100
Training statistic: Loss: 0.1485, train_score: {'accuracy': 0.96998, 'balanced_accuracy': 0.9569450707861519, 'f1_macro': 0.9552853959026656, 'f1_micro': 0.96998, 'f1_weighted': 0.9699858106924197, 'precision_macro': 0.9540788582766057, 'precision_micro': 0.96998, 'precision_weighted': 0.9702076154256615, 'recall_macro': 0.9569450707861519, 'recall_micro': 0.96998, 'recall_weighted': 0.96998}
Validation statistic: Loss: 2.4893, dev_score: {'accuracy': 0.48151831592905686, 'balanced_accuracy': 0.46450784777977877, 'f1_macro': 0.39214982411346927, 'f1_micro': 0.48151831592905686, 'f1_weighted': 0.4072355742223779, 'precision_macro': 0.6121603078212579, 'precision_micro': 0.48151831592905686, 'precision_weighted': 0.6173405273102103, 'recall_macro': 0.46450784777977877, 'recall_micro': 0.48151831592905686, 'recall_weighted': 0.48151831592905686}
-----------------------
Epoch 22/100
Training statistic: Loss: 0.1537, train_score: {'accuracy': 0.96644, 'balanced_accuracy': 0.9523731990336337, 'f1_macro': 0.9537504589971778, 'f1_micro': 0.96644, 'f1_weighted': 0.9663399284570854, 'precision_macro': 0.9556807998350841, 'precision_micro': 0.96644, 'precision_weighted': 0.9666926529617035, 'recall_macro': 0.9523731990336337, 'recall_micro': 0.96644, 'recall_weighted': 0.96644}
Validation statistic: Loss: 2.4998, dev_score: {'accuracy': 0.4702469749709929, 'balanced_accuracy': 0.45291157148706895, 'f1_macro': 0.3822800753016449, 'f1_micro': 0.4702469749709929, 'f1_weighted': 0.39759546238120486, 'precision_macro': 0.6038592093578391, 'precision_micro': 0.4702469749709929, 'precision_weighted': 0.6092208801055231, 'recall_macro': 0.45291157148706895, 'recall_micro': 0.4702469749709929, 'recall_weighted': 0.4702469749709929}
-----------------------
Epoch 23/100
Training statistic: Loss: 0.1458, train_score: {'accuracy': 0.96848, 'balanced_accuracy': 0.9539202880966879, 'f1_macro': 0.955297357934597, 'f1_micro': 0.96848, 'f1_weighted': 0.968372237821985, 'precision_macro': 0.9576944733772024, 'precision_micro': 0.96848, 'precision_weighted': 0.9686453538256805, 'recall_macro': 0.9539202880966879, 'recall_micro': 0.96848, 'recall_weighted': 0.96848}
Validation statistic: Loss: 2.5630, dev_score: {'accuracy': 0.4702469749709929, 'balanced_accuracy': 0.4528704248935066, 'f1_macro': 0.38051592484560454, 'f1_micro': 0.4702469749709929, 'f1_weighted': 0.3958272330838068, 'precision_macro': 0.5859386077094795, 'precision_micro': 0.4702469749709929, 'precision_weighted': 0.5928205447778413, 'recall_macro': 0.4528704248935066, 'recall_micro': 0.4702469749709929, 'recall_weighted': 0.4702469749709929}
-----------------------
Epoch 24/100
Training statistic: Loss: 0.1523, train_score: {'accuracy': 0.96901, 'balanced_accuracy': 0.9581702860844056, 'f1_macro': 0.955907408626056, 'f1_micro': 0.96901, 'f1_weighted': 0.9690092775737948, 'precision_macro': 0.9545738560550685, 'precision_micro': 0.96901, 'precision_weighted': 0.9693918501839984, 'recall_macro': 0.9581702860844056, 'recall_micro': 0.96901, 'recall_weighted': 0.96901}
Validation statistic: Loss: 2.4593, dev_score: {'accuracy': 0.47472236035140064, 'balanced_accuracy': 0.45735032015795046, 'f1_macro': 0.3855161988673115, 'f1_micro': 0.47472236035140064, 'f1_weighted': 0.4008317987667882, 'precision_macro': 0.5885958689167188, 'precision_micro': 0.47472236035140064, 'precision_weighted': 0.5954479567797413, 'recall_macro': 0.45735032015795046, 'recall_micro': 0.47472236035140064, 'recall_weighted': 0.47472236035140064}
-----------------------
Epoch 25/100
Training statistic: Loss: 0.1449, train_score: {'accuracy': 0.96913, 'balanced_accuracy': 0.9624422574022727, 'f1_macro': 0.9582354795903086, 'f1_micro': 0.96913, 'f1_weighted': 0.969122448572488, 'precision_macro': 0.9549470376201347, 'precision_micro': 0.96913, 'precision_weighted': 0.9694633156101015, 'recall_macro': 0.9624422574022727, 'recall_micro': 0.96913, 'recall_weighted': 0.96913}
Validation statistic: Loss: 2.5145, dev_score: {'accuracy': 0.47323056522459805, 'balanced_accuracy': 0.45600799882580195, 'f1_macro': 0.38512336621325705, 'f1_micro': 0.47323056522459805, 'f1_weighted': 0.40024587618052926, 'precision_macro': 0.6104134780274653, 'precision_micro': 0.47323056522459805, 'precision_weighted': 0.6154595023484247, 'recall_macro': 0.45600799882580195, 'recall_micro': 0.47323056522459805, 'recall_weighted': 0.47323056522459805}
-----------------------
Epoch 26/100
Training statistic: Loss: 0.1417, train_score: {'accuracy': 0.97016, 'balanced_accuracy': 0.9562840600609949, 'f1_macro': 0.9589006468092369, 'f1_micro': 0.97016, 'f1_weighted': 0.9700535923516167, 'precision_macro': 0.9618762229337385, 'precision_micro': 0.97016, 'precision_weighted': 0.9702013402235486, 'recall_macro': 0.9562840600609949, 'recall_micro': 0.97016, 'recall_weighted': 0.97016}
Validation statistic: Loss: 2.5637, dev_score: {'accuracy': 0.4687551798441903, 'balanced_accuracy': 0.4513873645576797, 'f1_macro': 0.3815886668888109, 'f1_micro': 0.4687551798441903, 'f1_weighted': 0.3968453552354018, 'precision_macro': 0.6076069237960678, 'precision_micro': 0.4687551798441903, 'precision_weighted': 0.612461134511495, 'recall_macro': 0.4513873645576797, 'recall_micro': 0.4687551798441903, 'recall_weighted': 0.4687551798441903}
-----------------------
Epoch 27/100
Training statistic: Loss: 0.1454, train_score: {'accuracy': 0.97022, 'balanced_accuracy': 0.9599495064618626, 'f1_macro': 0.959732068769615, 'f1_micro': 0.97022, 'f1_weighted': 0.9701377538851166, 'precision_macro': 0.9599031760348262, 'precision_micro': 0.97022, 'precision_weighted': 0.970397781613837, 'recall_macro': 0.9599495064618626, 'recall_micro': 0.97022, 'recall_weighted': 0.97022}
Validation statistic: Loss: 2.4670, dev_score: {'accuracy': 0.47041272998508205, 'balanced_accuracy': 0.45293394801470876, 'f1_macro': 0.3822699139980982, 'f1_micro': 0.47041272998508205, 'f1_weighted': 0.3975601096021105, 'precision_macro': 0.6142246469823456, 'precision_micro': 0.47041272998508205, 'precision_weighted': 0.6187467310284802, 'recall_macro': 0.45293394801470876, 'recall_micro': 0.47041272998508205, 'recall_weighted': 0.47041272998508205}
-----------------------
Epoch 28/100
Training statistic: Loss: 0.1473, train_score: {'accuracy': 0.97012, 'balanced_accuracy': 0.9556273944578324, 'f1_macro': 0.959184929304161, 'f1_micro': 0.97012, 'f1_weighted': 0.970044388877047, 'precision_macro': 0.9633540696750167, 'precision_micro': 0.97012, 'precision_weighted': 0.9703236923254924, 'recall_macro': 0.9556273944578324, 'recall_micro': 0.97012, 'recall_weighted': 0.97012}
Validation statistic: Loss: 2.4600, dev_score: {'accuracy': 0.4724017901541522, 'balanced_accuracy': 0.454858941356, 'f1_macro': 0.3843478989210055, 'f1_micro': 0.4724017901541522, 'f1_weighted': 0.3997339845985449, 'precision_macro': 0.6146876348404346, 'precision_micro': 0.4724017901541522, 'precision_weighted': 0.6194495923714504, 'recall_macro': 0.454858941356, 'recall_micro': 0.4724017901541522, 'recall_weighted': 0.4724017901541522}
-----------------------
Epoch 29/100
Training statistic: Loss: 0.1421, train_score: {'accuracy': 0.97185, 'balanced_accuracy': 0.9567342284966737, 'f1_macro': 0.9594243455890192, 'f1_micro': 0.97185, 'f1_weighted': 0.9717787921124758, 'precision_macro': 0.9626430071578522, 'precision_micro': 0.97185, 'precision_weighted': 0.9719263213449137, 'recall_macro': 0.9567342284966737, 'recall_micro': 0.97185, 'recall_weighted': 0.97185}
Validation statistic: Loss: 2.5135, dev_score: {'accuracy': 0.4727333001823305, 'balanced_accuracy': 0.4554737046146247, 'f1_macro': 0.38427424012221356, 'f1_micro': 0.4727333001823305, 'f1_weighted': 0.3997805971053637, 'precision_macro': 0.6072060907282857, 'precision_micro': 0.4727333001823305, 'precision_weighted': 0.612564442832295, 'recall_macro': 0.4554737046146247, 'recall_micro': 0.4727333001823305, 'recall_weighted': 0.4727333001823305}
-----------------------
Epoch 30/100
Training statistic: Loss: 0.1401, train_score: {'accuracy': 0.96914, 'balanced_accuracy': 0.9594511085933677, 'f1_macro': 0.960457557884667, 'f1_micro': 0.96914, 'f1_weighted': 0.9690749967991108, 'precision_macro': 0.9619867920355016, 'precision_micro': 0.96914, 'precision_weighted': 0.9694269022118029, 'recall_macro': 0.9594511085933677, 'recall_micro': 0.96914, 'recall_weighted': 0.96914}
Validation statistic: Loss: 2.5081, dev_score: {'accuracy': 0.46925244488645784, 'balanced_accuracy': 0.4517489400672813, 'f1_macro': 0.38175762764311366, 'f1_micro': 0.46925244488645784, 'f1_weighted': 0.39723022566562766, 'precision_macro': 0.6011534019625515, 'precision_micro': 0.46925244488645784, 'precision_weighted': 0.6072675012790403, 'recall_macro': 0.4517489400672813, 'recall_micro': 0.46925244488645784, 'recall_weighted': 0.46925244488645784}
-----------------------
Epoch 31/100
Training statistic: Loss: 0.1348, train_score: {'accuracy': 0.97308, 'balanced_accuracy': 0.9610114244327287, 'f1_macro': 0.9634336903072664, 'f1_micro': 0.97308, 'f1_weighted': 0.9730110201985854, 'precision_macro': 0.9662686974041723, 'precision_micro': 0.97308, 'precision_weighted': 0.9731896660152287, 'recall_macro': 0.9610114244327287, 'recall_micro': 0.97308, 'recall_weighted': 0.97308}
Validation statistic: Loss: 2.5073, dev_score: {'accuracy': 0.47405934029504393, 'balanced_accuracy': 0.4566962159428982, 'f1_macro': 0.3843365604545571, 'f1_micro': 0.47405934029504393, 'f1_weighted': 0.3997415113789139, 'precision_macro': 0.6015115084477001, 'precision_micro': 0.47405934029504393, 'precision_weighted': 0.6076777023172962, 'recall_macro': 0.4566962159428982, 'recall_micro': 0.47405934029504393, 'recall_weighted': 0.47405934029504393}
-----------------------
Epoch 32/100
Training statistic: Loss: 0.1370, train_score: {'accuracy': 0.97359, 'balanced_accuracy': 0.9664663532400157, 'f1_macro': 0.9642939188877122, 'f1_micro': 0.97359, 'f1_weighted': 0.9735642394990567, 'precision_macro': 0.9625716198997777, 'precision_micro': 0.97359, 'precision_weighted': 0.9737456450221519, 'recall_macro': 0.9664663532400157, 'recall_micro': 0.97359, 'recall_weighted': 0.97359}
Validation statistic: Loss: 2.4964, dev_score: {'accuracy': 0.4748881153654898, 'balanced_accuracy': 0.45772038179299235, 'f1_macro': 0.3860347949518337, 'f1_micro': 0.4748881153654898, 'f1_weighted': 0.40115635112189857, 'precision_macro': 0.6026883479418584, 'precision_micro': 0.4748881153654898, 'precision_weighted': 0.6086410276330474, 'recall_macro': 0.45772038179299235, 'recall_micro': 0.4748881153654898, 'recall_weighted': 0.4748881153654898}
-----------------------
Epoch 33/100
Training statistic: Loss: 0.1380, train_score: {'accuracy': 0.97325, 'balanced_accuracy': 0.9647871287709971, 'f1_macro': 0.9649147874595908, 'f1_micro': 0.97325, 'f1_weighted': 0.9732040980629149, 'precision_macro': 0.9655972818041363, 'precision_micro': 0.97325, 'precision_weighted': 0.9734044598490559, 'recall_macro': 0.9647871287709971, 'recall_micro': 0.97325, 'recall_weighted': 0.97325}
Validation statistic: Loss: 2.4941, dev_score: {'accuracy': 0.4720702801259738, 'balanced_accuracy': 0.4547873257943971, 'f1_macro': 0.3835627597788072, 'f1_micro': 0.4720702801259738, 'f1_weighted': 0.39877081284423116, 'precision_macro': 0.6061088092282774, 'precision_micro': 0.4720702801259738, 'precision_weighted': 0.6117208857236858, 'recall_macro': 0.4547873257943971, 'recall_micro': 0.4720702801259738, 'recall_weighted': 0.4720702801259738}
-----------------------
Epoch 34/100
Training statistic: Loss: 0.1465, train_score: {'accuracy': 0.97214, 'balanced_accuracy': 0.9640185152962107, 'f1_macro': 0.964093242113418, 'f1_micro': 0.97214, 'f1_weighted': 0.9721037099828868, 'precision_macro': 0.9644786833492868, 'precision_micro': 0.97214, 'precision_weighted': 0.9723886499339477, 'recall_macro': 0.9640185152962107, 'recall_micro': 0.97214, 'recall_weighted': 0.97214}
Validation statistic: Loss: 2.3964, dev_score: {'accuracy': 0.47372783026686555, 'balanced_accuracy': 0.4564783839171926, 'f1_macro': 0.38788458799967573, 'f1_micro': 0.47372783026686555, 'f1_weighted': 0.40290507144666965, 'precision_macro': 0.6120397372010604, 'precision_micro': 0.47372783026686555, 'precision_weighted': 0.6166732828231796, 'recall_macro': 0.4564783839171926, 'recall_micro': 0.47372783026686555, 'recall_weighted': 0.47372783026686555}
Saving model...
Model saved!
-------------------------------------------
-----------------------
Epoch 35/100
Training statistic: Loss: 0.1348, train_score: {'accuracy': 0.97266, 'balanced_accuracy': 0.9692223124055769, 'f1_macro': 0.9631498180705436, 'f1_micro': 0.97266, 'f1_weighted': 0.9727025584165548, 'precision_macro': 0.9581676974232753, 'precision_micro': 0.97266, 'precision_weighted': 0.973159500142268, 'recall_macro': 0.9692223124055769, 'recall_micro': 0.97266, 'recall_weighted': 0.97266}
Validation statistic: Loss: 2.4961, dev_score: {'accuracy': 0.4720702801259738, 'balanced_accuracy': 0.4546237517108319, 'f1_macro': 0.3836209860740937, 'f1_micro': 0.4720702801259738, 'f1_weighted': 0.39874725613872286, 'precision_macro': 0.5949376111537086, 'precision_micro': 0.4720702801259738, 'precision_weighted': 0.6008529505523204, 'recall_macro': 0.4546237517108319, 'recall_micro': 0.4720702801259738, 'recall_weighted': 0.4720702801259738}
-----------------------
Epoch 36/100
Training statistic: Loss: 0.1372, train_score: {'accuracy': 0.97549, 'balanced_accuracy': 0.9646808362038348, 'f1_macro': 0.9661897987732907, 'f1_micro': 0.97549, 'f1_weighted': 0.9754519402286559, 'precision_macro': 0.9680043721088463, 'precision_micro': 0.97549, 'precision_weighted': 0.9755442975335453, 'recall_macro': 0.9646808362038348, 'recall_micro': 0.97549, 'recall_weighted': 0.97549}
Validation statistic: Loss: 2.4605, dev_score: {'accuracy': 0.4735620752527764, 'balanced_accuracy': 0.4563962174640916, 'f1_macro': 0.3875097875385366, 'f1_micro': 0.4735620752527764, 'f1_weighted': 0.4028896632195842, 'precision_macro': 0.6098187188720943, 'precision_micro': 0.4735620752527764, 'precision_weighted': 0.6154314571054514, 'recall_macro': 0.4563962174640916, 'recall_micro': 0.4735620752527764, 'recall_weighted': 0.4735620752527764}
-----------------------
Epoch 37/100
Training statistic: Loss: 0.1373, train_score: {'accuracy': 0.97251, 'balanced_accuracy': 0.963700883137373, 'f1_macro': 0.9646288809057921, 'f1_micro': 0.97251, 'f1_weighted': 0.9724531107953438, 'precision_macro': 0.9659269506455171, 'precision_micro': 0.97251, 'precision_weighted': 0.972654885197671, 'recall_macro': 0.963700883137373, 'recall_micro': 0.97251, 'recall_weighted': 0.97251}
Validation statistic: Loss: 2.4770, dev_score: {'accuracy': 0.4712415050555279, 'balanced_accuracy': 0.45376234372344515, 'f1_macro': 0.3838634091145391, 'f1_micro': 0.4712415050555279, 'f1_weighted': 0.3992393018133791, 'precision_macro': 0.6186299035904915, 'precision_micro': 0.4712415050555279, 'precision_weighted': 0.6230258295241337, 'recall_macro': 0.45376234372344515, 'recall_micro': 0.4712415050555279, 'recall_weighted': 0.4712415050555279}
-----------------------
Epoch 38/100
Training statistic: Loss: 0.1299, train_score: {'accuracy': 0.97242, 'balanced_accuracy': 0.9648974408853445, 'f1_macro': 0.9658960938552982, 'f1_micro': 0.97242, 'f1_weighted': 0.9723678548985365, 'precision_macro': 0.9672660233440405, 'precision_micro': 0.97242, 'precision_weighted': 0.9726690717996055, 'recall_macro': 0.9648974408853445, 'recall_micro': 0.97242, 'recall_weighted': 0.97242}
Validation statistic: Loss: 2.5438, dev_score: {'accuracy': 0.4712415050555279, 'balanced_accuracy': 0.45359171716854635, 'f1_macro': 0.38331185427527725, 'f1_micro': 0.4712415050555279, 'f1_weighted': 0.39881703782859484, 'precision_macro': 0.613742031511495, 'precision_micro': 0.4712415050555279, 'precision_weighted': 0.6186866611584422, 'recall_macro': 0.45359171716854635, 'recall_micro': 0.4712415050555279, 'recall_weighted': 0.4712415050555279}
-----------------------
Epoch 39/100
Training statistic: Loss: 0.1361, train_score: {'accuracy': 0.97335, 'balanced_accuracy': 0.967603086489001, 'f1_macro': 0.9661109949484068, 'f1_micro': 0.97335, 'f1_weighted': 0.973323529482567, 'precision_macro': 0.9650242644800299, 'precision_micro': 0.97335, 'precision_weighted': 0.9735027642479693, 'recall_macro': 0.967603086489001, 'recall_micro': 0.97335, 'recall_weighted': 0.97335}
Validation statistic: Loss: 2.5224, dev_score: {'accuracy': 0.4727333001823305, 'balanced_accuracy': 0.4551555144116482, 'f1_macro': 0.3850497804114944, 'f1_micro': 0.4727333001823305, 'f1_weighted': 0.4006275446233926, 'precision_macro': 0.6169125287520505, 'precision_micro': 0.4727333001823305, 'precision_weighted': 0.6218117486970013, 'recall_macro': 0.4551555144116482, 'recall_micro': 0.4727333001823305, 'recall_weighted': 0.4727333001823305}
-----------------------
Epoch 40/100
Training statistic: Loss: 0.1323, train_score: {'accuracy': 0.9746, 'balanced_accuracy': 0.9641294454828362, 'f1_macro': 0.9659147583599573, 'f1_micro': 0.9746, 'f1_weighted': 0.9745517240581986, 'precision_macro': 0.9682706820590423, 'precision_micro': 0.9746, 'precision_weighted': 0.9747703305716685, 'recall_macro': 0.9641294454828362, 'recall_micro': 0.9746, 'recall_weighted': 0.9746}
Validation statistic: Loss: 2.5615, dev_score: {'accuracy': 0.47041272998508205, 'balanced_accuracy': 0.4527933510973183, 'f1_macro': 0.38010766123470263, 'f1_micro': 0.47041272998508205, 'f1_weighted': 0.39574811585405106, 'precision_macro': 0.6052796723243178, 'precision_micro': 0.47041272998508205, 'precision_weighted': 0.6103196206400108, 'recall_macro': 0.4527933510973183, 'recall_micro': 0.47041272998508205, 'recall_weighted': 0.47041272998508205}
-----------------------
Epoch 41/100
Training statistic: Loss: 0.1317, train_score: {'accuracy': 0.97457, 'balanced_accuracy': 0.9648211250238349, 'f1_macro': 0.9668317464280441, 'f1_micro': 0.97457, 'f1_weighted': 0.97451190987167, 'precision_macro': 0.9692880573726489, 'precision_micro': 0.97457, 'precision_weighted': 0.9747452386631527, 'recall_macro': 0.9648211250238349, 'recall_micro': 0.97457, 'recall_weighted': 0.97457}
Validation statistic: Loss: 2.4971, dev_score: {'accuracy': 0.47223603514006296, 'balanced_accuracy': 0.4547472058503096, 'f1_macro': 0.3846665456820798, 'f1_micro': 0.47223603514006296, 'f1_weighted': 0.4001651794404198, 'precision_macro': 0.6075372969413761, 'precision_micro': 0.47223603514006296, 'precision_weighted': 0.612839758689886, 'recall_macro': 0.4547472058503096, 'recall_micro': 0.47223603514006296, 'recall_weighted': 0.47223603514006296}
-----------------------
Epoch 42/100
Training statistic: Loss: 0.1344, train_score: {'accuracy': 0.97084, 'balanced_accuracy': 0.9672856516030688, 'f1_macro': 0.964534037045009, 'f1_micro': 0.97084, 'f1_weighted': 0.9708165289718312, 'precision_macro': 0.9627607116148813, 'precision_micro': 0.97084, 'precision_weighted': 0.9713474116147689, 'recall_macro': 0.9672856516030688, 'recall_micro': 0.97084, 'recall_weighted': 0.97084}
Validation statistic: Loss: 2.4769, dev_score: {'accuracy': 0.46958395491463617, 'balanced_accuracy': 0.45198473877117895, 'f1_macro': 0.3828225856375847, 'f1_micro': 0.46958395491463617, 'f1_weighted': 0.39809219380004707, 'precision_macro': 0.5971279780051826, 'precision_micro': 0.46958395491463617, 'precision_weighted': 0.6028455549679836, 'recall_macro': 0.45198473877117895, 'recall_micro': 0.46958395491463617, 'recall_weighted': 0.46958395491463617}
-----------------------
Epoch 43/100
Training statistic: Loss: 0.1329, train_score: {'accuracy': 0.97635, 'balanced_accuracy': 0.9710207094008168, 'f1_macro': 0.9702634777455044, 'f1_micro': 0.97635, 'f1_weighted': 0.9763062253382762, 'precision_macro': 0.9698162560181253, 'precision_micro': 0.97635, 'precision_weighted': 0.9764308766156578, 'recall_macro': 0.9710207094008168, 'recall_micro': 0.97635, 'recall_weighted': 0.97635}
Validation statistic: Loss: 2.4830, dev_score: {'accuracy': 0.4727333001823305, 'balanced_accuracy': 0.4554791752773779, 'f1_macro': 0.38643557832118886, 'f1_micro': 0.4727333001823305, 'f1_weighted': 0.4017122974716171, 'precision_macro': 0.6022935010997053, 'precision_micro': 0.4727333001823305, 'precision_weighted': 0.6085005177123131, 'recall_macro': 0.4554791752773779, 'recall_micro': 0.4727333001823305, 'recall_weighted': 0.4727333001823305}
-----------------------
Epoch 44/100
Training statistic: Loss: 0.1294, train_score: {'accuracy': 0.97637, 'balanced_accuracy': 0.9713931834384704, 'f1_macro': 0.9690985974813169, 'f1_micro': 0.97637, 'f1_weighted': 0.9763765634360729, 'precision_macro': 0.9673062336093281, 'precision_micro': 0.97637, 'precision_weighted': 0.9766047008171865, 'recall_macro': 0.9713931834384704, 'recall_micro': 0.97637, 'recall_weighted': 0.97637}
Validation statistic: Loss: 2.5272, dev_score: {'accuracy': 0.4733963202386872, 'balanced_accuracy': 0.45616153552188904, 'f1_macro': 0.38574620903739587, 'f1_micro': 0.4733963202386872, 'f1_weighted': 0.40092680439987427, 'precision_macro': 0.6074358935614342, 'precision_micro': 0.4733963202386872, 'precision_weighted': 0.6129406375285028, 'recall_macro': 0.45616153552188904, 'recall_micro': 0.4733963202386872, 'recall_weighted': 0.4733963202386872}
-----------------------
Epoch 45/100
Training statistic: Loss: 0.1290, train_score: {'accuracy': 0.97694, 'balanced_accuracy': 0.9683952728836676, 'f1_macro': 0.9708355873630916, 'f1_micro': 0.97694, 'f1_weighted': 0.9768910342989658, 'precision_macro': 0.9734842449932261, 'precision_micro': 0.97694, 'precision_weighted': 0.9770342923959409, 'recall_macro': 0.9683952728836676, 'recall_micro': 0.97694, 'recall_weighted': 0.97694}
Validation statistic: Loss: 2.4772, dev_score: {'accuracy': 0.47405934029504393, 'balanced_accuracy': 0.4568021457963411, 'f1_macro': 0.3868051027754806, 'f1_micro': 0.47405934029504393, 'f1_weighted': 0.40210279702867635, 'precision_macro': 0.6050869785640511, 'precision_micro': 0.47405934029504393, 'precision_weighted': 0.6109354552245151, 'recall_macro': 0.4568021457963411, 'recall_micro': 0.47405934029504393, 'recall_weighted': 0.47405934029504393}
-----------------------
Epoch 46/100
Training statistic: Loss: 0.1319, train_score: {'accuracy': 0.97433, 'balanced_accuracy': 0.968598882775671, 'f1_macro': 0.9681747142792168, 'f1_micro': 0.97433, 'f1_weighted': 0.9743188256203031, 'precision_macro': 0.9682998188472245, 'precision_micro': 0.97433, 'precision_weighted': 0.9745813168339, 'recall_macro': 0.968598882775671, 'recall_micro': 0.97433, 'recall_weighted': 0.97433}
Validation statistic: Loss: 2.5126, dev_score: {'accuracy': 0.469418199900547, 'balanced_accuracy': 0.4518771510696227, 'f1_macro': 0.38139356189739637, 'f1_micro': 0.469418199900547, 'f1_weighted': 0.3968625332108221, 'precision_macro': 0.5999756787252603, 'precision_micro': 0.469418199900547, 'precision_weighted': 0.6053048820785094, 'recall_macro': 0.4518771510696227, 'recall_micro': 0.469418199900547, 'recall_weighted': 0.469418199900547}
-----------------------
Epoch 47/100
Training statistic: Loss: 0.1292, train_score: {'accuracy': 0.97751, 'balanced_accuracy': 0.9719915041917622, 'f1_macro': 0.9698659394619839, 'f1_micro': 0.97751, 'f1_weighted': 0.9775479681316582, 'precision_macro': 0.9684505498047751, 'precision_micro': 0.97751, 'precision_weighted': 0.9778173913390105, 'recall_macro': 0.9719915041917622, 'recall_micro': 0.97751, 'recall_weighted': 0.97751}
Validation statistic: Loss: 2.4538, dev_score: {'accuracy': 0.4763799104922924, 'balanced_accuracy': 0.4592009208563176, 'f1_macro': 0.3897255120920401, 'f1_micro': 0.4763799104922924, 'f1_weighted': 0.4049283218878082, 'precision_macro': 0.6081286049676935, 'precision_micro': 0.4763799104922924, 'precision_weighted': 0.6138906171374108, 'recall_macro': 0.4592009208563176, 'recall_micro': 0.4763799104922924, 'recall_weighted': 0.4763799104922924}
-----------------------
Epoch 48/100
Training statistic: Loss: 0.1299, train_score: {'accuracy': 0.9763, 'balanced_accuracy': 0.9704786376238326, 'f1_macro': 0.9712879391742177, 'f1_micro': 0.9763, 'f1_weighted': 0.9762562431741291, 'precision_macro': 0.9723071553280687, 'precision_micro': 0.9763, 'precision_weighted': 0.9764108413337328, 'recall_macro': 0.9704786376238326, 'recall_micro': 0.9763, 'recall_weighted': 0.9763}
Validation statistic: Loss: 2.4676, dev_score: {'accuracy': 0.47389358528095477, 'balanced_accuracy': 0.4568528378262523, 'f1_macro': 0.38693446714762353, 'f1_micro': 0.47389358528095477, 'f1_weighted': 0.402008706910938, 'precision_macro': 0.615768271418539, 'precision_micro': 0.47389358528095477, 'precision_weighted': 0.6209406845113575, 'recall_macro': 0.4568528378262523, 'recall_micro': 0.47389358528095477, 'recall_weighted': 0.47389358528095477}
-----------------------
Epoch 49/100
Training statistic: Loss: 0.1325, train_score: {'accuracy': 0.97497, 'balanced_accuracy': 0.9721646515239882, 'f1_macro': 0.970625871889989, 'f1_micro': 0.97497, 'f1_weighted': 0.9749377246362149, 'precision_macro': 0.9695506449801485, 'precision_micro': 0.97497, 'precision_weighted': 0.9751617690946974, 'recall_macro': 0.9721646515239882, 'recall_micro': 0.97497, 'recall_weighted': 0.97497}
Validation statistic: Loss: 2.4750, dev_score: {'accuracy': 0.47041272998508205, 'balanced_accuracy': 0.45290406548047457, 'f1_macro': 0.3831860865072222, 'f1_micro': 0.47041272998508205, 'f1_weighted': 0.39859238345239867, 'precision_macro': 0.6121369103483019, 'precision_micro': 0.47041272998508205, 'precision_weighted': 0.6170869872176917, 'recall_macro': 0.45290406548047457, 'recall_micro': 0.47041272998508205, 'recall_weighted': 0.47041272998508205}
-----------------------
Epoch 50/100
Training statistic: Loss: 0.1261, train_score: {'accuracy': 0.97523, 'balanced_accuracy': 0.969097906922714, 'f1_macro': 0.97176910622142, 'f1_micro': 0.97523, 'f1_weighted': 0.9751617675417054, 'precision_macro': 0.9747340661329215, 'precision_micro': 0.97523, 'precision_weighted': 0.9753733308833934, 'recall_macro': 0.969097906922714, 'recall_micro': 0.97523, 'recall_weighted': 0.97523}
Validation statistic: Loss: 2.5188, dev_score: {'accuracy': 0.4715730150837063, 'balanced_accuracy': 0.45409482745680296, 'f1_macro': 0.38390555753733163, 'f1_micro': 0.4715730150837063, 'f1_weighted': 0.39929742573729377, 'precision_macro': 0.610559960660595, 'precision_micro': 0.4715730150837063, 'precision_weighted': 0.6159393568847549, 'recall_macro': 0.45409482745680296, 'recall_micro': 0.4715730150837063, 'recall_weighted': 0.4715730150837063}
-----------------------
Epoch 51/100
Training statistic: Loss: 0.1186, train_score: {'accuracy': 0.97748, 'balanced_accuracy': 0.9693913038457707, 'f1_macro': 0.9722338065277182, 'f1_micro': 0.97748, 'f1_weighted': 0.9774345116722003, 'precision_macro': 0.9753448500372677, 'precision_micro': 0.97748, 'precision_weighted': 0.9775565142705525, 'recall_macro': 0.9693913038457707, 'recall_micro': 0.97748, 'recall_weighted': 0.97748}
Validation statistic: Loss: 2.5629, dev_score: {'accuracy': 0.46958395491463617, 'balanced_accuracy': 0.45191854532732056, 'f1_macro': 0.3809540038772004, 'f1_micro': 0.46958395491463617, 'f1_weighted': 0.39662231232210493, 'precision_macro': 0.6076100928087971, 'precision_micro': 0.46958395491463617, 'precision_weighted': 0.6129782986261358, 'recall_macro': 0.45191854532732056, 'recall_micro': 0.46958395491463617, 'recall_weighted': 0.46958395491463617}
-----------------------
Epoch 52/100
Training statistic: Loss: 0.1253, train_score: {'accuracy': 0.97692, 'balanced_accuracy': 0.9699406169824151, 'f1_macro': 0.9720800349850564, 'f1_micro': 0.97692, 'f1_weighted': 0.9768769251226797, 'precision_macro': 0.9744338635383197, 'precision_micro': 0.97692, 'precision_weighted': 0.9770770314190532, 'recall_macro': 0.9699406169824151, 'recall_micro': 0.97692, 'recall_weighted': 0.97692}
Validation statistic: Loss: 2.5022, dev_score: {'accuracy': 0.47223603514006296, 'balanced_accuracy': 0.4550463240853114, 'f1_macro': 0.3851626485013018, 'f1_micro': 0.47223603514006296, 'f1_weighted': 0.40024704816648526, 'precision_macro': 0.6135522394421953, 'precision_micro': 0.47223603514006296, 'precision_weighted': 0.6187076361591765, 'recall_macro': 0.4550463240853114, 'recall_micro': 0.47223603514006296, 'recall_weighted': 0.47223603514006296}
-----------------------
Epoch 53/100
Training statistic: Loss: 0.1217, train_score: {'accuracy': 0.9771, 'balanced_accuracy': 0.9714761451825362, 'f1_macro': 0.9718966955807415, 'f1_micro': 0.9771, 'f1_weighted': 0.9771090194896815, 'precision_macro': 0.9729558485906293, 'precision_micro': 0.9771, 'precision_weighted': 0.977347349917469, 'recall_macro': 0.9714761451825362, 'recall_micro': 0.9771, 'recall_weighted': 0.9771}
Validation statistic: Loss: 2.5601, dev_score: {'accuracy': 0.4700812199569037, 'balanced_accuracy': 0.4525874704164541, 'f1_macro': 0.3827165231269847, 'f1_micro': 0.4700812199569037, 'f1_weighted': 0.39822228928126713, 'precision_macro': 0.5964121485624128, 'precision_micro': 0.4700812199569037, 'precision_weighted': 0.6032274332815364, 'recall_macro': 0.4525874704164541, 'recall_micro': 0.4700812199569037, 'recall_weighted': 0.4700812199569037}
-----------------------
Epoch 54/100
Training statistic: Loss: 0.1306, train_score: {'accuracy': 0.97774, 'balanced_accuracy': 0.9666867181466475, 'f1_macro': 0.9720073452620219, 'f1_micro': 0.97774, 'f1_weighted': 0.9777011358388161, 'precision_macro': 0.9777460369932115, 'precision_micro': 0.97774, 'precision_weighted': 0.9778561699849667, 'recall_macro': 0.9666867181466475, 'recall_micro': 0.97774, 'recall_weighted': 0.97774}
Validation statistic: Loss: 2.4804, dev_score: {'accuracy': 0.4735620752527764, 'balanced_accuracy': 0.4563588970511674, 'f1_macro': 0.387514983466964, 'f1_micro': 0.4735620752527764, 'f1_weighted': 0.40271126183075556, 'precision_macro': 0.614540890473066, 'precision_micro': 0.4735620752527764, 'precision_weighted': 0.61952227998805, 'recall_macro': 0.4563588970511674, 'recall_micro': 0.4735620752527764, 'recall_weighted': 0.4735620752527764}
-----------------------
Epoch 55/100
Training statistic: Loss: 0.1248, train_score: {'accuracy': 0.97757, 'balanced_accuracy': 0.9689708365890646, 'f1_macro': 0.9723357327205602, 'f1_micro': 0.97757, 'f1_weighted': 0.9775397625486226, 'precision_macro': 0.9759841725659608, 'precision_micro': 0.97757, 'precision_weighted': 0.977684899145187, 'recall_macro': 0.9689708365890646, 'recall_micro': 0.97757, 'recall_weighted': 0.97757}
Validation statistic: Loss: 2.4542, dev_score: {'accuracy': 0.4742250953091331, 'balanced_accuracy': 0.45678795700835406, 'f1_macro': 0.38766319064105315, 'f1_micro': 0.4742250953091331, 'f1_weighted': 0.40311910944776846, 'precision_macro': 0.6221378510257785, 'precision_micro': 0.4742250953091331, 'precision_weighted': 0.627009965012909, 'recall_macro': 0.45678795700835406, 'recall_micro': 0.4742250953091331, 'recall_weighted': 0.4742250953091331}
-----------------------
Epoch 56/100
Training statistic: Loss: 0.1302, train_score: {'accuracy': 0.97525, 'balanced_accuracy': 0.9705132352966164, 'f1_macro': 0.9708464205211975, 'f1_micro': 0.97525, 'f1_weighted': 0.9752210804224181, 'precision_macro': 0.9718157683665722, 'precision_micro': 0.97525, 'precision_weighted': 0.9755009656772161, 'recall_macro': 0.9705132352966164, 'recall_micro': 0.97525, 'recall_weighted': 0.97525}
Validation statistic: Loss: 2.4928, dev_score: {'accuracy': 0.4702469749709929, 'balanced_accuracy': 0.45267499351448925, 'f1_macro': 0.3841861435820689, 'f1_micro': 0.4702469749709929, 'f1_weighted': 0.39963194645155803, 'precision_macro': 0.6109024643818955, 'precision_micro': 0.4702469749709929, 'precision_weighted': 0.6161837343526242, 'recall_macro': 0.45267499351448925, 'recall_micro': 0.4702469749709929, 'recall_weighted': 0.4702469749709929}
-----------------------
Epoch 57/100
Training statistic: Loss: 0.1228, train_score: {'accuracy': 0.97869, 'balanced_accuracy': 0.9738103486340103, 'f1_macro': 0.9748541874638559, 'f1_micro': 0.97869, 'f1_weighted': 0.9786680306558515, 'precision_macro': 0.9761208178876707, 'precision_micro': 0.97869, 'precision_weighted': 0.978800707438934, 'recall_macro': 0.9738103486340103, 'recall_micro': 0.97869, 'recall_weighted': 0.97869}
Validation statistic: Loss: 2.4636, dev_score: {'accuracy': 0.47389358528095477, 'balanced_accuracy': 0.45638054434863334, 'f1_macro': 0.3863663387080246, 'f1_micro': 0.47389358528095477, 'f1_weighted': 0.40174737095598834, 'precision_macro': 0.6081845342754092, 'precision_micro': 0.47389358528095477, 'precision_weighted': 0.6131724654564471, 'recall_macro': 0.45638054434863334, 'recall_micro': 0.47389358528095477, 'recall_weighted': 0.47389358528095477}
-----------------------
Epoch 58/100
Training statistic: Loss: 0.1211, train_score: {'accuracy': 0.97586, 'balanced_accuracy': 0.9704920172169542, 'f1_macro': 0.9725049370825374, 'f1_micro': 0.97586, 'f1_weighted': 0.9758161254734665, 'precision_macro': 0.97484907668686, 'precision_micro': 0.97586, 'precision_weighted': 0.9760608161359088, 'recall_macro': 0.9704920172169542, 'recall_micro': 0.97586, 'recall_weighted': 0.97586}
Validation statistic: Loss: 2.5360, dev_score: {'accuracy': 0.47289905519641967, 'balanced_accuracy': 0.45565338694692087, 'f1_macro': 0.3854970174915012, 'f1_micro': 0.47289905519641967, 'f1_weighted': 0.40070586848821127, 'precision_macro': 0.6084066297231361, 'precision_micro': 0.47289905519641967, 'precision_weighted': 0.6143590950625291, 'recall_macro': 0.45565338694692087, 'recall_micro': 0.47289905519641967, 'recall_weighted': 0.47289905519641967}
-----------------------
Epoch 59/100
Training statistic: Loss: 0.1237, train_score: {'accuracy': 0.97958, 'balanced_accuracy': 0.9782306365470091, 'f1_macro': 0.9748052437318913, 'f1_micro': 0.97958, 'f1_weighted': 0.9796089776774123, 'precision_macro': 0.9720949898623343, 'precision_micro': 0.97958, 'precision_weighted': 0.97987308236121, 'recall_macro': 0.9782306365470091, 'recall_micro': 0.97958, 'recall_weighted': 0.97958}
Validation statistic: Loss: 2.4768, dev_score: {'accuracy': 0.47372783026686555, 'balanced_accuracy': 0.4563042727509674, 'f1_macro': 0.387247249140915, 'f1_micro': 0.47372783026686555, 'f1_weighted': 0.40245855318168045, 'precision_macro': 0.6120608868680029, 'precision_micro': 0.47372783026686555, 'precision_weighted': 0.6169344942326184, 'recall_macro': 0.4563042727509674, 'recall_micro': 0.47372783026686555, 'recall_weighted': 0.47372783026686555}
-----------------------
Epoch 60/100
Training statistic: Loss: 0.1241, train_score: {'accuracy': 0.97955, 'balanced_accuracy': 0.9737605330701026, 'f1_macro': 0.9752341678111289, 'f1_micro': 0.97955, 'f1_weighted': 0.9795499145325581, 'precision_macro': 0.9768896603006707, 'precision_micro': 0.97955, 'precision_weighted': 0.979684823610668, 'recall_macro': 0.9737605330701026, 'recall_micro': 0.97955, 'recall_weighted': 0.97955}
Validation statistic: Loss: 2.4795, dev_score: {'accuracy': 0.4735620752527764, 'balanced_accuracy': 0.45605051713375727, 'f1_macro': 0.3862229949845154, 'f1_micro': 0.4735620752527764, 'f1_weighted': 0.4018178322544429, 'precision_macro': 0.6081163682483746, 'precision_micro': 0.4735620752527764, 'precision_weighted': 0.613822149986454, 'recall_macro': 0.45605051713375727, 'recall_micro': 0.4735620752527764, 'recall_weighted': 0.4735620752527764}
-----------------------
Epoch 61/100
Training statistic: Loss: 0.1243, train_score: {'accuracy': 0.97878, 'balanced_accuracy': 0.9771839572252647, 'f1_macro': 0.9755341432120586, 'f1_micro': 0.97878, 'f1_weighted': 0.9787625658822774, 'precision_macro': 0.9741443251261439, 'precision_micro': 0.97878, 'precision_weighted': 0.9789233459388706, 'recall_macro': 0.9771839572252647, 'recall_micro': 0.97878, 'recall_weighted': 0.97878}
Validation statistic: Loss: 2.4817, dev_score: {'accuracy': 0.4733963202386872, 'balanced_accuracy': 0.4559309883932007, 'f1_macro': 0.387812688532675, 'f1_micro': 0.4733963202386872, 'f1_weighted': 0.4031684880950858, 'precision_macro': 0.6257116240694398, 'precision_micro': 0.4733963202386872, 'precision_weighted': 0.6300216891132941, 'recall_macro': 0.4559309883932007, 'recall_micro': 0.4733963202386872, 'recall_weighted': 0.4733963202386872}
-----------------------
Epoch 62/100
Training statistic: Loss: 0.1238, train_score: {'accuracy': 0.97969, 'balanced_accuracy': 0.9729403950169593, 'f1_macro': 0.9754877909511267, 'f1_micro': 0.97969, 'f1_weighted': 0.9796558247114499, 'precision_macro': 0.9782393092893493, 'precision_micro': 0.97969, 'precision_weighted': 0.9797480748931688, 'recall_macro': 0.9729403950169593, 'recall_micro': 0.97969, 'recall_weighted': 0.97969}
Validation statistic: Loss: 2.4837, dev_score: {'accuracy': 0.47190452511188463, 'balanced_accuracy': 0.4543567749024192, 'f1_macro': 0.38536093501476854, 'f1_micro': 0.47190452511188463, 'f1_weighted': 0.4008963699037424, 'precision_macro': 0.6047591487394474, 'precision_micro': 0.47190452511188463, 'precision_weighted': 0.6106299667789852, 'recall_macro': 0.4543567749024192, 'recall_micro': 0.47190452511188463, 'recall_weighted': 0.47190452511188463}
-----------------------
Epoch 63/100
Training statistic: Loss: 0.1187, train_score: {'accuracy': 0.97972, 'balanced_accuracy': 0.9727390747131126, 'f1_macro': 0.9753136436692834, 'f1_micro': 0.97972, 'f1_weighted': 0.979687906164765, 'precision_macro': 0.9780501853433214, 'precision_micro': 0.97972, 'precision_weighted': 0.979818369753128, 'recall_macro': 0.9727390747131126, 'recall_micro': 0.97972, 'recall_weighted': 0.97972}
Validation statistic: Loss: 2.5103, dev_score: {'accuracy': 0.47173877009779547, 'balanced_accuracy': 0.45423346901151146, 'f1_macro': 0.3848290379164528, 'f1_micro': 0.47173877009779547, 'f1_weighted': 0.40040048648889615, 'precision_macro': 0.5995857096342881, 'precision_micro': 0.47173877009779547, 'precision_weighted': 0.605744981672985, 'recall_macro': 0.45423346901151146, 'recall_micro': 0.47173877009779547, 'recall_weighted': 0.47173877009779547}
-----------------------
Epoch 64/100
Training statistic: Loss: 0.1199, train_score: {'accuracy': 0.9797, 'balanced_accuracy': 0.9790723836727737, 'f1_macro': 0.9776807287103508, 'f1_micro': 0.9797, 'f1_weighted': 0.9796774644071664, 'precision_macro': 0.9766069097165813, 'precision_micro': 0.9797, 'precision_weighted': 0.9798916750630601, 'recall_macro': 0.9790723836727737, 'recall_micro': 0.9797, 'recall_weighted': 0.9797}
Validation statistic: Loss: 2.5090, dev_score: {'accuracy': 0.4730648102105089, 'balanced_accuracy': 0.4557412482290323, 'f1_macro': 0.38758942793263157, 'f1_micro': 0.4730648102105089, 'f1_weighted': 0.4027061934908501, 'precision_macro': 0.6170571370261698, 'precision_micro': 0.4730648102105089, 'precision_weighted': 0.6222055745361809, 'recall_macro': 0.4557412482290323, 'recall_micro': 0.4730648102105089, 'recall_weighted': 0.4730648102105089}
-----------------------
Epoch 65/100
Training statistic: Loss: 0.1195, train_score: {'accuracy': 0.97948, 'balanced_accuracy': 0.9750364765410776, 'f1_macro': 0.9769424632666178, 'f1_micro': 0.97948, 'f1_weighted': 0.9794561920357657, 'precision_macro': 0.9789825386136194, 'precision_micro': 0.97948, 'precision_weighted': 0.9796302207715186, 'recall_macro': 0.9750364765410776, 'recall_micro': 0.97948, 'recall_weighted': 0.97948}
Validation statistic: Loss: 2.5176, dev_score: {'accuracy': 0.47107575004143876, 'balanced_accuracy': 0.4536470237710515, 'f1_macro': 0.3838177782122102, 'f1_micro': 0.47107575004143876, 'f1_weighted': 0.3992376799460949, 'precision_macro': 0.6074812073142256, 'precision_micro': 0.47107575004143876, 'precision_weighted': 0.6133710120043503, 'recall_macro': 0.4536470237710515, 'recall_micro': 0.47107575004143876, 'recall_weighted': 0.47107575004143876}
Early stopping by loss triggered!
Testing statistic: loss: 2.5268666797358974, scores: {'accuracy': 0.45730780917654207, 'balanced_accuracy': 0.4568956122648948, 'f1_macro': 0.3898723434826222, 'f1_micro': 0.45730780917654207, 'f1_weighted': 0.3913625273683149, 'precision_macro': 0.5936459588788836, 'precision_micro': 0.45730780917654207, 'precision_weighted': 0.5957969464599315, 'recall_macro': 0.4568956122648948, 'recall_micro': 0.45730780917654207, 'recall_weighted': 0.45730780917654207}
Finish training!
