=====Setting up data=====
Dataset name:mnist28
train_option:synthetic
augment_option:tvae_compare_categorical
mix_ratio:-1
n_sample:-1
Training dataset size: 100096 samples
Validation dataset size: 6144 samples

=====Setting up parameters for training=====
num_epochs: 100
learning_rate: 0.001
patience: 30
early_stop_criterion: loss
=====Setting up trainer=====
input_size: 784
model: DNN_MNIST28
----------------------------------------------------------------
        Layer (type)               Output Shape         Param #
================================================================
           Dropout-1                  [-1, 784]               0
            Linear-2                  [-1, 512]         401,920
         LeakyReLU-3                  [-1, 512]               0
       BatchNorm1d-4                  [-1, 512]           1,024
           Dropout-5                  [-1, 512]               0
            Linear-6                 [-1, 1024]         525,312
         LeakyReLU-7                 [-1, 1024]               0
       BatchNorm1d-8                 [-1, 1024]           2,048
           Dropout-9                 [-1, 1024]               0
           Linear-10                  [-1, 256]         262,400
        LeakyReLU-11                  [-1, 256]               0
      BatchNorm1d-12                  [-1, 256]             512
          Dropout-13                  [-1, 256]               0
           Linear-14                  [-1, 128]          32,896
        LeakyReLU-15                  [-1, 128]               0
      BatchNorm1d-16                  [-1, 128]             256
          Dropout-17                  [-1, 128]               0
           Linear-18                   [-1, 10]           1,290
================================================================
Total params: 1,227,658
Trainable params: 1,227,658
Non-trainable params: 0
----------------------------------------------------------------
Input size (MB): 0.00
Forward/backward pass size (MB): 0.06
Params size (MB): 4.68
Estimated Total Size (MB): 4.75
----------------------------------------------------------------
=====Setting up output files=====
weight_dir, weight_file: /home/thuy/Research/minh_data_synth/TabularDA/.cache/mnist_head_fixed_runtime_20261009/output/mnist_head_fixed_20261009/mnist28/weight/, mnist28_seed43_tvae_full_categorical_synthetic.weights.pth
acc_dir, acc_file: /home/thuy/Research/minh_data_synth/TabularDA/.cache/mnist_head_fixed_runtime_20261009/output/mnist_head_fixed_20261009/mnist28/acc/, mnist28_seed43_tvae_full_categorical_synthetic.epochs.csv
report_file: mnist28_seed43_tvae_full_categorical_synthetic.report.txt
==========================================================================================
Start training...
-----------------------
Epoch 1/100
Training statistic: Loss: 0.2483, train_score: {'accuracy': 0.90897, 'balanced_accuracy': 0.9060137841004992, 'f1_macro': 0.9099144662920949, 'f1_micro': 0.90897, 'f1_weighted': 0.9089504911533947, 'precision_macro': 0.9186540836302342, 'precision_micro': 0.90897, 'precision_weighted': 0.9140245455900996, 'recall_macro': 0.9060137841004992, 'recall_micro': 0.90897, 'recall_weighted': 0.90897}
Validation statistic: Loss: 0.7510, dev_score: {'accuracy': 0.8218133598541356, 'balanced_accuracy': 0.8176175383532478, 'f1_macro': 0.8185689198716739, 'f1_micro': 0.8218133598541356, 'f1_weighted': 0.8218946012862292, 'precision_macro': 0.825353919361947, 'precision_micro': 0.8218133598541356, 'precision_weighted': 0.8278134884950967, 'recall_macro': 0.8176175383532478, 'recall_micro': 0.8218133598541356, 'recall_weighted': 0.8218133598541356}
Saving model...
Model saved!
-------------------------------------------
-----------------------
Epoch 2/100
Training statistic: Loss: 0.2123, train_score: {'accuracy': 0.92407, 'balanced_accuracy': 0.9214884376440062, 'f1_macro': 0.9252131109892139, 'f1_micro': 0.92407, 'f1_weighted': 0.9241735960489899, 'precision_macro': 0.9330725976327983, 'precision_micro': 0.92407, 'precision_weighted': 0.9286633111187739, 'recall_macro': 0.9214884376440062, 'recall_micro': 0.92407, 'recall_weighted': 0.92407}
Validation statistic: Loss: 0.7419, dev_score: {'accuracy': 0.8269517652909001, 'balanced_accuracy': 0.8230020371912147, 'f1_macro': 0.8239539089418125, 'f1_micro': 0.8269517652909001, 'f1_weighted': 0.8272319824407884, 'precision_macro': 0.8297085228826481, 'precision_micro': 0.8269517652909001, 'precision_weighted': 0.8323312824472262, 'recall_macro': 0.8230020371912147, 'recall_micro': 0.8269517652909001, 'recall_weighted': 0.8269517652909001}
Saving model...
Model saved!
-------------------------------------------
-----------------------
Epoch 3/100
Training statistic: Loss: 0.1822, train_score: {'accuracy': 0.93734, 'balanced_accuracy': 0.9345151529360786, 'f1_macro': 0.9373036627265725, 'f1_micro': 0.93734, 'f1_weighted': 0.9373666580683825, 'precision_macro': 0.9423435617867287, 'precision_micro': 0.93734, 'precision_weighted': 0.9396670314739641, 'recall_macro': 0.9345151529360786, 'recall_micro': 0.93734, 'recall_weighted': 0.93734}
Validation statistic: Loss: 0.7638, dev_score: {'accuracy': 0.828775070445881, 'balanced_accuracy': 0.8247887797559332, 'f1_macro': 0.8256362789772103, 'f1_micro': 0.828775070445881, 'f1_weighted': 0.8287423269912063, 'precision_macro': 0.8303732398329817, 'precision_micro': 0.828775070445881, 'precision_weighted': 0.8325548594643664, 'recall_macro': 0.8247887797559332, 'recall_micro': 0.828775070445881, 'recall_weighted': 0.828775070445881}
-----------------------
Epoch 4/100
Training statistic: Loss: 0.1850, train_score: {'accuracy': 0.93285, 'balanced_accuracy': 0.9311287707235977, 'f1_macro': 0.9335175827404655, 'f1_micro': 0.93285, 'f1_weighted': 0.9328261276621226, 'precision_macro': 0.9398968889854279, 'precision_micro': 0.93285, 'precision_weighted': 0.9368520274355678, 'recall_macro': 0.9311287707235977, 'recall_micro': 0.93285, 'recall_weighted': 0.93285}
Validation statistic: Loss: 0.7707, dev_score: {'accuracy': 0.8302668655726836, 'balanced_accuracy': 0.8261773014130233, 'f1_macro': 0.8270061812748185, 'f1_micro': 0.8302668655726836, 'f1_weighted': 0.830211780782831, 'precision_macro': 0.831491144483676, 'precision_micro': 0.8302668655726836, 'precision_weighted': 0.8337619753039207, 'recall_macro': 0.8261773014130233, 'recall_micro': 0.8302668655726836, 'recall_weighted': 0.8302668655726836}
-----------------------
Epoch 5/100
Training statistic: Loss: 0.1620, train_score: {'accuracy': 0.94647, 'balanced_accuracy': 0.9461831101679101, 'f1_macro': 0.9469820037561647, 'f1_micro': 0.94647, 'f1_weighted': 0.9464041677762021, 'precision_macro': 0.9493288730573667, 'precision_micro': 0.94647, 'precision_weighted': 0.9478670971562889, 'recall_macro': 0.9461831101679101, 'recall_micro': 0.94647, 'recall_weighted': 0.94647}
Validation statistic: Loss: 0.7846, dev_score: {'accuracy': 0.8309298856290402, 'balanced_accuracy': 0.827038407387905, 'f1_macro': 0.8279861564222564, 'f1_micro': 0.8309298856290402, 'f1_weighted': 0.8309821818329848, 'precision_macro': 0.8330698631672264, 'precision_micro': 0.8309298856290402, 'precision_weighted': 0.8351662661502889, 'recall_macro': 0.827038407387905, 'recall_micro': 0.8309298856290402, 'recall_weighted': 0.8309298856290402}
-----------------------
Epoch 6/100
Training statistic: Loss: 0.1648, train_score: {'accuracy': 0.94263, 'balanced_accuracy': 0.941058382523471, 'f1_macro': 0.9433197414251568, 'f1_micro': 0.94263, 'f1_weighted': 0.942870457708927, 'precision_macro': 0.9479397504946245, 'precision_micro': 0.94263, 'precision_weighted': 0.9455045537454977, 'recall_macro': 0.941058382523471, 'recall_micro': 0.94263, 'recall_weighted': 0.94263}
Validation statistic: Loss: 0.7825, dev_score: {'accuracy': 0.8274490303331675, 'balanced_accuracy': 0.8235520898546944, 'f1_macro': 0.8242613829457774, 'f1_micro': 0.8274490303331675, 'f1_weighted': 0.8274813519460532, 'precision_macro': 0.8282582635099965, 'precision_micro': 0.8274490303331675, 'precision_weighted': 0.8307901665944315, 'recall_macro': 0.8235520898546944, 'recall_micro': 0.8274490303331675, 'recall_weighted': 0.8274490303331675}
-----------------------
Epoch 7/100
Training statistic: Loss: 0.1485, train_score: {'accuracy': 0.95492, 'balanced_accuracy': 0.9538673425138473, 'f1_macro': 0.9550001169084259, 'f1_micro': 0.95492, 'f1_weighted': 0.9548482773011518, 'precision_macro': 0.957327606491633, 'precision_micro': 0.95492, 'precision_weighted': 0.9559825963563531, 'recall_macro': 0.9538673425138473, 'recall_micro': 0.95492, 'recall_weighted': 0.95492}
Validation statistic: Loss: 0.7639, dev_score: {'accuracy': 0.8334162108403779, 'balanced_accuracy': 0.8293953881307635, 'f1_macro': 0.8299961357534078, 'f1_micro': 0.8334162108403779, 'f1_weighted': 0.8331716043993832, 'precision_macro': 0.8340957829361886, 'precision_micro': 0.8334162108403779, 'precision_weighted': 0.8363517687412143, 'recall_macro': 0.8293953881307635, 'recall_micro': 0.8334162108403779, 'recall_weighted': 0.8334162108403779}
-----------------------
Epoch 8/100
Training statistic: Loss: 0.1505, train_score: {'accuracy': 0.95322, 'balanced_accuracy': 0.9525846119711199, 'f1_macro': 0.9538743214625504, 'f1_micro': 0.95322, 'f1_weighted': 0.953355574712701, 'precision_macro': 0.9565514231368073, 'precision_micro': 0.95322, 'precision_weighted': 0.9548993808213604, 'recall_macro': 0.9525846119711199, 'recall_micro': 0.95322, 'recall_weighted': 0.95322}
Validation statistic: Loss: 0.7695, dev_score: {'accuracy': 0.831592905685397, 'balanced_accuracy': 0.8276541426709313, 'f1_macro': 0.828438355834869, 'f1_micro': 0.831592905685397, 'f1_weighted': 0.8317333546799421, 'precision_macro': 0.832322003775315, 'precision_micro': 0.831592905685397, 'precision_weighted': 0.8349569558637487, 'recall_macro': 0.8276541426709313, 'recall_micro': 0.831592905685397, 'recall_weighted': 0.831592905685397}
-----------------------
Epoch 9/100
Training statistic: Loss: 0.1452, train_score: {'accuracy': 0.95387, 'balanced_accuracy': 0.9525302160718299, 'f1_macro': 0.954065241023876, 'f1_micro': 0.95387, 'f1_weighted': 0.9538780016485354, 'precision_macro': 0.9571655961816259, 'precision_micro': 0.95387, 'precision_weighted': 0.9554374906499424, 'recall_macro': 0.9525302160718299, 'recall_micro': 0.95387, 'recall_weighted': 0.95387}
Validation statistic: Loss: 0.7954, dev_score: {'accuracy': 0.8319244157135753, 'balanced_accuracy': 0.8282302610325811, 'f1_macro': 0.8289866645917933, 'f1_micro': 0.8319244157135753, 'f1_weighted': 0.8318757768773931, 'precision_macro': 0.8331034048299939, 'precision_micro': 0.8319244157135753, 'precision_weighted': 0.8352118192210569, 'recall_macro': 0.8282302610325811, 'recall_micro': 0.8319244157135753, 'recall_weighted': 0.8319244157135753}
-----------------------
Epoch 10/100
Training statistic: Loss: 0.1438, train_score: {'accuracy': 0.95649, 'balanced_accuracy': 0.955271051851564, 'f1_macro': 0.9565465095667143, 'f1_micro': 0.95649, 'f1_weighted': 0.9564203294973256, 'precision_macro': 0.9589986055380079, 'precision_micro': 0.95649, 'precision_weighted': 0.9575111053868396, 'recall_macro': 0.955271051851564, 'recall_micro': 0.95649, 'recall_weighted': 0.95649}
Validation statistic: Loss: 0.7699, dev_score: {'accuracy': 0.8327531907840212, 'balanced_accuracy': 0.8291731050337559, 'f1_macro': 0.8296982452484528, 'f1_micro': 0.8327531907840212, 'f1_weighted': 0.8326005862511808, 'precision_macro': 0.8333443665680855, 'precision_micro': 0.8327531907840212, 'precision_weighted': 0.8355766768756727, 'recall_macro': 0.8291731050337559, 'recall_micro': 0.8327531907840212, 'recall_weighted': 0.8327531907840212}
-----------------------
Epoch 11/100
Training statistic: Loss: 0.1391, train_score: {'accuracy': 0.95729, 'balanced_accuracy': 0.9562243524864401, 'f1_macro': 0.9576914415815019, 'f1_micro': 0.95729, 'f1_weighted': 0.9573357392385289, 'precision_macro': 0.9603376622457924, 'precision_micro': 0.95729, 'precision_weighted': 0.9585884508714781, 'recall_macro': 0.9562243524864401, 'recall_micro': 0.95729, 'recall_weighted': 0.95729}
Validation statistic: Loss: 0.8068, dev_score: {'accuracy': 0.8314271506713078, 'balanced_accuracy': 0.8274714535842753, 'f1_macro': 0.8283101649909483, 'f1_micro': 0.8314271506713078, 'f1_weighted': 0.8313618634777309, 'precision_macro': 0.8330438642540207, 'precision_micro': 0.8314271506713078, 'precision_weighted': 0.8351625687002601, 'recall_macro': 0.8274714535842753, 'recall_micro': 0.8314271506713078, 'recall_weighted': 0.8314271506713078}
-----------------------
Epoch 12/100
Training statistic: Loss: 0.1416, train_score: {'accuracy': 0.95512, 'balanced_accuracy': 0.953445753982533, 'f1_macro': 0.9551410080804865, 'f1_micro': 0.95512, 'f1_weighted': 0.9551664241407398, 'precision_macro': 0.9585370729670721, 'precision_micro': 0.95512, 'precision_weighted': 0.9568687853053489, 'recall_macro': 0.953445753982533, 'recall_micro': 0.95512, 'recall_weighted': 0.95512}
Validation statistic: Loss: 0.8044, dev_score: {'accuracy': 0.8332504558262888, 'balanced_accuracy': 0.829496179922295, 'f1_macro': 0.8303737594277939, 'f1_micro': 0.8332504558262888, 'f1_weighted': 0.8333664801895966, 'precision_macro': 0.8346742680788173, 'precision_micro': 0.8332504558262888, 'precision_weighted': 0.8368944298368961, 'recall_macro': 0.829496179922295, 'recall_micro': 0.8332504558262888, 'recall_weighted': 0.8332504558262888}
-----------------------
Epoch 13/100
Training statistic: Loss: 0.1399, train_score: {'accuracy': 0.95713, 'balanced_accuracy': 0.955386174524012, 'f1_macro': 0.9573859466046123, 'f1_micro': 0.95713, 'f1_weighted': 0.9572370343150993, 'precision_macro': 0.9608889540430589, 'precision_micro': 0.95713, 'precision_weighted': 0.9588486486170047, 'recall_macro': 0.955386174524012, 'recall_micro': 0.95713, 'recall_weighted': 0.95713}
Validation statistic: Loss: 0.8099, dev_score: {'accuracy': 0.8301011105585944, 'balanced_accuracy': 0.8262796516001704, 'f1_macro': 0.8268257480931924, 'f1_micro': 0.8301011105585944, 'f1_weighted': 0.8300603767112034, 'precision_macro': 0.830386465604095, 'precision_micro': 0.8301011105585944, 'precision_weighted': 0.8330249789593018, 'recall_macro': 0.8262796516001704, 'recall_micro': 0.8301011105585944, 'recall_weighted': 0.8301011105585944}
-----------------------
Epoch 14/100
Training statistic: Loss: 0.1338, train_score: {'accuracy': 0.96031, 'balanced_accuracy': 0.9590430925433828, 'f1_macro': 0.9604992040805197, 'f1_micro': 0.96031, 'f1_weighted': 0.9603683036213493, 'precision_macro': 0.9631261530594081, 'precision_micro': 0.96031, 'precision_weighted': 0.9615958742011222, 'recall_macro': 0.9590430925433828, 'recall_micro': 0.96031, 'recall_weighted': 0.96031}
Validation statistic: Loss: 0.8136, dev_score: {'accuracy': 0.8317586606994861, 'balanced_accuracy': 0.8280274958640799, 'f1_macro': 0.8286447657105359, 'f1_micro': 0.8317586606994861, 'f1_weighted': 0.8316318685835363, 'precision_macro': 0.8323497306593927, 'precision_micro': 0.8317586606994861, 'precision_weighted': 0.8345789370929227, 'recall_macro': 0.8280274958640799, 'recall_micro': 0.8317586606994861, 'recall_weighted': 0.8317586606994861}
-----------------------
Epoch 15/100
Training statistic: Loss: 0.1377, train_score: {'accuracy': 0.95796, 'balanced_accuracy': 0.9562710932007888, 'f1_macro': 0.9582473832633154, 'f1_micro': 0.95796, 'f1_weighted': 0.9578938826122941, 'precision_macro': 0.9618458327871965, 'precision_micro': 0.95796, 'precision_weighted': 0.9594926053884758, 'recall_macro': 0.9562710932007888, 'recall_micro': 0.95796, 'recall_weighted': 0.95796}
Validation statistic: Loss: 0.8240, dev_score: {'accuracy': 0.8320901707276646, 'balanced_accuracy': 0.8284395535762299, 'f1_macro': 0.8291080165684068, 'f1_micro': 0.8320901707276646, 'f1_weighted': 0.8320936048922764, 'precision_macro': 0.8332413914225558, 'precision_micro': 0.8320901707276646, 'precision_weighted': 0.8355940286060628, 'recall_macro': 0.8284395535762299, 'recall_micro': 0.8320901707276646, 'recall_weighted': 0.8320901707276646}
-----------------------
Epoch 16/100
Training statistic: Loss: 0.1356, train_score: {'accuracy': 0.95939, 'balanced_accuracy': 0.9576207158317525, 'f1_macro': 0.9596214936053918, 'f1_micro': 0.95939, 'f1_weighted': 0.9593233152270226, 'precision_macro': 0.9628679479895226, 'precision_micro': 0.95939, 'precision_weighted': 0.9605321809313835, 'recall_macro': 0.9576207158317525, 'recall_micro': 0.95939, 'recall_weighted': 0.95939}
Validation statistic: Loss: 0.8257, dev_score: {'accuracy': 0.8319244157135753, 'balanced_accuracy': 0.8282512578348348, 'f1_macro': 0.8287561265886382, 'f1_micro': 0.8319244157135753, 'f1_weighted': 0.8318347784828531, 'precision_macro': 0.8326315074308243, 'precision_micro': 0.8319244157135753, 'precision_weighted': 0.8350892267016523, 'recall_macro': 0.8282512578348348, 'recall_micro': 0.8319244157135753, 'recall_weighted': 0.8319244157135753}
-----------------------
Epoch 17/100
Training statistic: Loss: 0.1297, train_score: {'accuracy': 0.96286, 'balanced_accuracy': 0.9618632356605221, 'f1_macro': 0.9627520473672584, 'f1_micro': 0.96286, 'f1_weighted': 0.9627579493812669, 'precision_macro': 0.9649543159665062, 'precision_micro': 0.96286, 'precision_weighted': 0.9639732340921939, 'recall_macro': 0.9618632356605221, 'recall_micro': 0.96286, 'recall_weighted': 0.96286}
Validation statistic: Loss: 0.8358, dev_score: {'accuracy': 0.8357367810376264, 'balanced_accuracy': 0.831835614640478, 'f1_macro': 0.8323484346546997, 'f1_micro': 0.8357367810376264, 'f1_weighted': 0.8354291826751922, 'precision_macro': 0.8367239250704686, 'precision_micro': 0.8357367810376264, 'precision_weighted': 0.8389126744850491, 'recall_macro': 0.831835614640478, 'recall_micro': 0.8357367810376264, 'recall_weighted': 0.8357367810376264}
-----------------------
Epoch 18/100
Training statistic: Loss: 0.1307, train_score: {'accuracy': 0.96187, 'balanced_accuracy': 0.9611114258827131, 'f1_macro': 0.9621562534018206, 'f1_micro': 0.96187, 'f1_weighted': 0.9618280565401278, 'precision_macro': 0.9644714270480765, 'precision_micro': 0.96187, 'precision_weighted': 0.9630571006770628, 'recall_macro': 0.9611114258827131, 'recall_micro': 0.96187, 'recall_weighted': 0.96187}
Validation statistic: Loss: 0.8409, dev_score: {'accuracy': 0.831592905685397, 'balanced_accuracy': 0.8277655769713654, 'f1_macro': 0.8283486549591419, 'f1_micro': 0.831592905685397, 'f1_weighted': 0.8314182001029448, 'precision_macro': 0.8324640556350354, 'precision_micro': 0.831592905685397, 'precision_weighted': 0.8347585156070191, 'recall_macro': 0.8277655769713654, 'recall_micro': 0.831592905685397, 'recall_weighted': 0.831592905685397}
-----------------------
Epoch 19/100
Training statistic: Loss: 0.1304, train_score: {'accuracy': 0.96193, 'balanced_accuracy': 0.9608763812676218, 'f1_macro': 0.9619858230383882, 'f1_micro': 0.96193, 'f1_weighted': 0.9618924368303892, 'precision_macro': 0.9643722554349476, 'precision_micro': 0.96193, 'precision_weighted': 0.9631394689133397, 'recall_macro': 0.9608763812676218, 'recall_micro': 0.96193, 'recall_weighted': 0.96193}
Validation statistic: Loss: 0.8528, dev_score: {'accuracy': 0.8310956406431295, 'balanced_accuracy': 0.8271797536590151, 'f1_macro': 0.8278095928807007, 'f1_micro': 0.8310956406431295, 'f1_weighted': 0.8309297024514637, 'precision_macro': 0.8321814487488999, 'precision_micro': 0.8310956406431295, 'precision_weighted': 0.8344814542628975, 'recall_macro': 0.8271797536590151, 'recall_micro': 0.8310956406431295, 'recall_weighted': 0.8310956406431295}
-----------------------
Epoch 20/100
Training statistic: Loss: 0.1271, train_score: {'accuracy': 0.96592, 'balanced_accuracy': 0.9657254338824399, 'f1_macro': 0.9659213414385078, 'f1_micro': 0.96592, 'f1_weighted': 0.9658724089351907, 'precision_macro': 0.9671229340219073, 'precision_micro': 0.96592, 'precision_weighted': 0.9668151777901911, 'recall_macro': 0.9657254338824399, 'recall_micro': 0.96592, 'recall_weighted': 0.96592}
Validation statistic: Loss: 0.8436, dev_score: {'accuracy': 0.832587435769932, 'balanced_accuracy': 0.8286105289613369, 'f1_macro': 0.8291996212171908, 'f1_micro': 0.832587435769932, 'f1_weighted': 0.8323237235265805, 'precision_macro': 0.8332372072088152, 'precision_micro': 0.832587435769932, 'precision_weighted': 0.8354675118868263, 'recall_macro': 0.8286105289613369, 'recall_micro': 0.832587435769932, 'recall_weighted': 0.832587435769932}
-----------------------
Epoch 21/100
Training statistic: Loss: 0.1259, train_score: {'accuracy': 0.96541, 'balanced_accuracy': 0.9643286909589157, 'f1_macro': 0.9655376068399086, 'f1_micro': 0.96541, 'f1_weighted': 0.965391922159177, 'precision_macro': 0.9675391086270132, 'precision_micro': 0.96541, 'precision_weighted': 0.9661653421824347, 'recall_macro': 0.9643286909589157, 'recall_micro': 0.96541, 'recall_weighted': 0.96541}
Validation statistic: Loss: 0.8541, dev_score: {'accuracy': 0.8305983756008619, 'balanced_accuracy': 0.8268421284755313, 'f1_macro': 0.8274080121358682, 'f1_micro': 0.8305983756008619, 'f1_weighted': 0.8305725104958521, 'precision_macro': 0.8309738095931174, 'precision_micro': 0.8305983756008619, 'precision_weighted': 0.8335916641067483, 'recall_macro': 0.8268421284755313, 'recall_micro': 0.8305983756008619, 'recall_weighted': 0.8305983756008619}
-----------------------
Epoch 22/100
Training statistic: Loss: 0.1240, train_score: {'accuracy': 0.96602, 'balanced_accuracy': 0.9647795906551853, 'f1_macro': 0.9661746034793552, 'f1_micro': 0.96602, 'f1_weighted': 0.9659930675140416, 'precision_macro': 0.9684836890328749, 'precision_micro': 0.96602, 'precision_weighted': 0.9668893954089923, 'recall_macro': 0.9647795906551853, 'recall_micro': 0.96602, 'recall_weighted': 0.96602}
Validation statistic: Loss: 0.8732, dev_score: {'accuracy': 0.8309298856290402, 'balanced_accuracy': 0.827054419572766, 'f1_macro': 0.8276818724181206, 'f1_micro': 0.8309298856290402, 'f1_weighted': 0.8307551442187737, 'precision_macro': 0.8318761328001291, 'precision_micro': 0.8309298856290402, 'precision_weighted': 0.8341208239135471, 'recall_macro': 0.827054419572766, 'recall_micro': 0.8309298856290402, 'recall_weighted': 0.8309298856290402}
-----------------------
Epoch 23/100
Training statistic: Loss: 0.1251, train_score: {'accuracy': 0.96432, 'balanced_accuracy': 0.9628673360225406, 'f1_macro': 0.9643904792800659, 'f1_micro': 0.96432, 'f1_weighted': 0.9643367088199764, 'precision_macro': 0.9668639249434419, 'precision_micro': 0.96432, 'precision_weighted': 0.9653068142363512, 'recall_macro': 0.9628673360225406, 'recall_micro': 0.96432, 'recall_weighted': 0.96432}
Validation statistic: Loss: 0.8801, dev_score: {'accuracy': 0.8320901707276646, 'balanced_accuracy': 0.8283801706529573, 'f1_macro': 0.8289177212861969, 'f1_micro': 0.8320901707276646, 'f1_weighted': 0.8320354032737844, 'precision_macro': 0.8325804079329757, 'precision_micro': 0.8320901707276646, 'precision_weighted': 0.8350858194034433, 'recall_macro': 0.8283801706529573, 'recall_micro': 0.8320901707276646, 'recall_weighted': 0.8320901707276646}
-----------------------
Epoch 24/100
Training statistic: Loss: 0.1200, train_score: {'accuracy': 0.96988, 'balanced_accuracy': 0.9689666301461338, 'f1_macro': 0.9699568828296015, 'f1_micro': 0.96988, 'f1_weighted': 0.9698379650108355, 'precision_macro': 0.9716921419912292, 'precision_micro': 0.96988, 'precision_weighted': 0.9705341353697041, 'recall_macro': 0.9689666301461338, 'recall_micro': 0.96988, 'recall_weighted': 0.96988}
Validation statistic: Loss: 0.8850, dev_score: {'accuracy': 0.8310956406431295, 'balanced_accuracy': 0.8271786716754033, 'f1_macro': 0.8277486366949696, 'f1_micro': 0.8310956406431295, 'f1_weighted': 0.8308404529943567, 'precision_macro': 0.8314345584876573, 'precision_micro': 0.8310956406431295, 'precision_weighted': 0.8336599002860335, 'recall_macro': 0.8271786716754033, 'recall_micro': 0.8310956406431295, 'recall_weighted': 0.8310956406431295}
-----------------------
Epoch 25/100
Training statistic: Loss: 0.1214, train_score: {'accuracy': 0.96774, 'balanced_accuracy': 0.9662493832299022, 'f1_macro': 0.9677814060783059, 'f1_micro': 0.96774, 'f1_weighted': 0.9676863502844281, 'precision_macro': 0.9699538741853193, 'precision_micro': 0.96774, 'precision_weighted': 0.9682953986307747, 'recall_macro': 0.9662493832299022, 'recall_micro': 0.96774, 'recall_weighted': 0.96774}
Validation statistic: Loss: 0.8845, dev_score: {'accuracy': 0.8350737609812697, 'balanced_accuracy': 0.8311156422521442, 'f1_macro': 0.8317990989832342, 'f1_micro': 0.8350737609812697, 'f1_weighted': 0.8349226271241608, 'precision_macro': 0.835630881632385, 'precision_micro': 0.8350737609812697, 'precision_weighted': 0.8378894985962704, 'recall_macro': 0.8311156422521442, 'recall_micro': 0.8350737609812697, 'recall_weighted': 0.8350737609812697}
-----------------------
Epoch 26/100
Training statistic: Loss: 0.1201, train_score: {'accuracy': 0.96765, 'balanced_accuracy': 0.9671639868394537, 'f1_macro': 0.9679920549127086, 'f1_micro': 0.96765, 'f1_weighted': 0.967664962260877, 'precision_macro': 0.9696807218085581, 'precision_micro': 0.96765, 'precision_weighted': 0.9685573007928373, 'recall_macro': 0.9671639868394537, 'recall_micro': 0.96765, 'recall_weighted': 0.96765}
Validation statistic: Loss: 0.8864, dev_score: {'accuracy': 0.8329189457981104, 'balanced_accuracy': 0.8292082352624787, 'f1_macro': 0.8296607738485109, 'f1_micro': 0.8329189457981104, 'f1_weighted': 0.8326841558878155, 'precision_macro': 0.8333854845301417, 'precision_micro': 0.8329189457981104, 'precision_weighted': 0.8356765422766366, 'recall_macro': 0.8292082352624787, 'recall_micro': 0.8329189457981104, 'recall_weighted': 0.8329189457981104}
-----------------------
Epoch 27/100
Training statistic: Loss: 0.1222, train_score: {'accuracy': 0.9652, 'balanced_accuracy': 0.9642305865506771, 'f1_macro': 0.9657013947415354, 'f1_micro': 0.9652, 'f1_weighted': 0.9652928006537826, 'precision_macro': 0.968221988577443, 'precision_micro': 0.9652, 'precision_weighted': 0.9664702329810935, 'recall_macro': 0.9642305865506771, 'recall_micro': 0.9652, 'recall_weighted': 0.9652}
Validation statistic: Loss: 0.8915, dev_score: {'accuracy': 0.8332504558262888, 'balanced_accuracy': 0.8294586529882428, 'f1_macro': 0.8301004966851988, 'f1_micro': 0.8332504558262888, 'f1_weighted': 0.8332770837335624, 'precision_macro': 0.8334696898453199, 'precision_micro': 0.8332504558262888, 'precision_weighted': 0.836073251560082, 'recall_macro': 0.8294586529882428, 'recall_micro': 0.8332504558262888, 'recall_weighted': 0.8332504558262888}
-----------------------
Epoch 28/100
Training statistic: Loss: 0.1180, train_score: {'accuracy': 0.96983, 'balanced_accuracy': 0.9691894914624131, 'f1_macro': 0.9702244733569266, 'f1_micro': 0.96983, 'f1_weighted': 0.9698473387869664, 'precision_macro': 0.9718276758632365, 'precision_micro': 0.96983, 'precision_weighted': 0.9704590558573066, 'recall_macro': 0.9691894914624131, 'recall_micro': 0.96983, 'recall_weighted': 0.96983}
Validation statistic: Loss: 0.9008, dev_score: {'accuracy': 0.8320901707276646, 'balanced_accuracy': 0.8280026049122263, 'f1_macro': 0.8288343624656406, 'f1_micro': 0.8320901707276646, 'f1_weighted': 0.8319492445615941, 'precision_macro': 0.8329113287037364, 'precision_micro': 0.8320901707276646, 'precision_weighted': 0.8350481859481668, 'recall_macro': 0.8280026049122263, 'recall_micro': 0.8320901707276646, 'recall_weighted': 0.8320901707276646}
-----------------------
Epoch 29/100
Training statistic: Loss: 0.1155, train_score: {'accuracy': 0.97013, 'balanced_accuracy': 0.9693495908559026, 'f1_macro': 0.9701021124087237, 'f1_micro': 0.97013, 'f1_weighted': 0.9700346775065584, 'precision_macro': 0.9718073941279985, 'precision_micro': 0.97013, 'precision_weighted': 0.9708699713620069, 'recall_macro': 0.9693495908559026, 'recall_micro': 0.97013, 'recall_weighted': 0.97013}
Validation statistic: Loss: 0.9281, dev_score: {'accuracy': 0.8310956406431295, 'balanced_accuracy': 0.8270205322887675, 'f1_macro': 0.8275399139205408, 'f1_micro': 0.8310956406431295, 'f1_weighted': 0.8308325743755868, 'precision_macro': 0.8314741634537995, 'precision_micro': 0.8310956406431295, 'precision_weighted': 0.833920446305741, 'recall_macro': 0.8270205322887675, 'recall_micro': 0.8310956406431295, 'recall_weighted': 0.8310956406431295}
-----------------------
Epoch 30/100
Training statistic: Loss: 0.1188, train_score: {'accuracy': 0.96865, 'balanced_accuracy': 0.9678223966784957, 'f1_macro': 0.9687144126085702, 'f1_micro': 0.96865, 'f1_weighted': 0.9685631327863278, 'precision_macro': 0.9705900399710155, 'precision_micro': 0.96865, 'precision_weighted': 0.9694612752098527, 'recall_macro': 0.9678223966784957, 'recall_micro': 0.96865, 'recall_weighted': 0.96865}
Validation statistic: Loss: 0.9101, dev_score: {'accuracy': 0.8322559257417537, 'balanced_accuracy': 0.8283485553830975, 'f1_macro': 0.82883245615352, 'f1_micro': 0.8322559257417537, 'f1_weighted': 0.8319296072062837, 'precision_macro': 0.8331588997350632, 'precision_micro': 0.8322559257417537, 'precision_weighted': 0.8354177754568983, 'recall_macro': 0.8283485553830975, 'recall_micro': 0.8322559257417537, 'recall_weighted': 0.8322559257417537}
-----------------------
Epoch 31/100
Training statistic: Loss: 0.1158, train_score: {'accuracy': 0.97146, 'balanced_accuracy': 0.9709876083826726, 'f1_macro': 0.9715411585834174, 'f1_micro': 0.97146, 'f1_weighted': 0.9714420342998314, 'precision_macro': 0.9728821798511591, 'precision_micro': 0.97146, 'precision_weighted': 0.9722153770009604, 'recall_macro': 0.9709876083826726, 'recall_micro': 0.97146, 'recall_weighted': 0.97146}
Validation statistic: Loss: 0.9262, dev_score: {'accuracy': 0.8322559257417537, 'balanced_accuracy': 0.8283160959549433, 'f1_macro': 0.8288909465712321, 'f1_micro': 0.8322559257417537, 'f1_weighted': 0.831990824052738, 'precision_macro': 0.8328076594867874, 'precision_micro': 0.8322559257417537, 'precision_weighted': 0.835031425238213, 'recall_macro': 0.8283160959549433, 'recall_micro': 0.8322559257417537, 'recall_weighted': 0.8322559257417537}
-----------------------
Epoch 32/100
Training statistic: Loss: 0.1128, train_score: {'accuracy': 0.97073, 'balanced_accuracy': 0.9696437435263052, 'f1_macro': 0.9707525820005941, 'f1_micro': 0.97073, 'f1_weighted': 0.9707013189607913, 'precision_macro': 0.9725946972748826, 'precision_micro': 0.97073, 'precision_weighted': 0.971415770746624, 'recall_macro': 0.9696437435263052, 'recall_micro': 0.97073, 'recall_weighted': 0.97073}
Validation statistic: Loss: 0.9323, dev_score: {'accuracy': 0.8334162108403779, 'balanced_accuracy': 0.8296483600292396, 'f1_macro': 0.8302907082625444, 'f1_micro': 0.8334162108403779, 'f1_weighted': 0.8333415072099839, 'precision_macro': 0.8339884512369352, 'precision_micro': 0.8334162108403779, 'precision_weighted': 0.8363011044433024, 'recall_macro': 0.8296483600292396, 'recall_micro': 0.8334162108403779, 'recall_weighted': 0.8334162108403779}
-----------------------
Epoch 33/100
Training statistic: Loss: 0.1163, train_score: {'accuracy': 0.96826, 'balanced_accuracy': 0.9670066113697692, 'f1_macro': 0.9683841720020177, 'f1_micro': 0.96826, 'f1_weighted': 0.968263735032305, 'precision_macro': 0.9706945803429463, 'precision_micro': 0.96826, 'precision_weighted': 0.96918847077691, 'recall_macro': 0.9670066113697692, 'recall_micro': 0.96826, 'recall_weighted': 0.96826}
Validation statistic: Loss: 0.9330, dev_score: {'accuracy': 0.8312613956572187, 'balanced_accuracy': 0.8273958700432568, 'f1_macro': 0.8280488915130496, 'f1_micro': 0.8312613956572187, 'f1_weighted': 0.8312559420055439, 'precision_macro': 0.83193251548945, 'precision_micro': 0.8312613956572187, 'precision_weighted': 0.8344615209710299, 'recall_macro': 0.8273958700432568, 'recall_micro': 0.8312613956572187, 'recall_weighted': 0.8312613956572187}
Early stopping by loss triggered!
Testing statistic: loss: 0.7931973025705342, scores: {'accuracy': 0.8190013167223742, 'balanced_accuracy': 0.8179550037439511, 'f1_macro': 0.8188796266880214, 'f1_micro': 0.8190013167223742, 'f1_weighted': 0.819454453397946, 'precision_macro': 0.8237900236771434, 'precision_micro': 0.8190013167223742, 'precision_weighted': 0.8238079245549874, 'recall_macro': 0.8179550037439511, 'recall_micro': 0.8190013167223742, 'recall_weighted': 0.8190013167223742}
Finish training!
