=====Setting up data=====
Dataset name:mnist28
train_option:synthetic
augment_option:tvae_compare_gaussian
mix_ratio:-1
n_sample:-1
Training dataset size: 100096 samples
Validation dataset size: 6144 samples

=====Setting up parameters for training=====
num_epochs: 100
learning_rate: 0.001
patience: 30
early_stop_criterion: loss
=====Setting up trainer=====
input_size: 784
model: DNN_MNIST28
----------------------------------------------------------------
        Layer (type)               Output Shape         Param #
================================================================
           Dropout-1                  [-1, 784]               0
            Linear-2                  [-1, 512]         401,920
         LeakyReLU-3                  [-1, 512]               0
       BatchNorm1d-4                  [-1, 512]           1,024
           Dropout-5                  [-1, 512]               0
            Linear-6                 [-1, 1024]         525,312
         LeakyReLU-7                 [-1, 1024]               0
       BatchNorm1d-8                 [-1, 1024]           2,048
           Dropout-9                 [-1, 1024]               0
           Linear-10                  [-1, 256]         262,400
        LeakyReLU-11                  [-1, 256]               0
      BatchNorm1d-12                  [-1, 256]             512
          Dropout-13                  [-1, 256]               0
           Linear-14                  [-1, 128]          32,896
        LeakyReLU-15                  [-1, 128]               0
      BatchNorm1d-16                  [-1, 128]             256
          Dropout-17                  [-1, 128]               0
           Linear-18                   [-1, 10]           1,290
================================================================
Total params: 1,227,658
Trainable params: 1,227,658
Non-trainable params: 0
----------------------------------------------------------------
Input size (MB): 0.00
Forward/backward pass size (MB): 0.06
Params size (MB): 4.68
Estimated Total Size (MB): 4.75
----------------------------------------------------------------
=====Setting up output files=====
weight_dir, weight_file: /home/thuy/Research/minh_data_synth/TabularDA/.cache/mnist_head_fixed_runtime_20261009/output/mnist_head_fixed_20261009/mnist28/weight/, mnist28_seed42_tvae_full_gaussian_synthetic.weights.pth
acc_dir, acc_file: /home/thuy/Research/minh_data_synth/TabularDA/.cache/mnist_head_fixed_runtime_20261009/output/mnist_head_fixed_20261009/mnist28/acc/, mnist28_seed42_tvae_full_gaussian_synthetic.epochs.csv
report_file: mnist28_seed42_tvae_full_gaussian_synthetic.report.txt
==========================================================================================
Start training...
-----------------------
Epoch 1/100
Training statistic: Loss: 0.4426, train_score: {'accuracy': 0.85903, 'balanced_accuracy': 0.556556193750787, 'f1_macro': 0.5816786051593571, 'f1_micro': 0.85903, 'f1_weighted': 0.8452576259181834, 'precision_macro': 0.6896835736269055, 'precision_micro': 0.85903, 'precision_weighted': 0.8522469320516285, 'recall_macro': 0.556556193750787, 'recall_micro': 0.85903, 'recall_weighted': 0.85903}
Validation statistic: Loss: 2.2174, dev_score: {'accuracy': 0.5188131940991215, 'balanced_accuracy': 0.500425864357566, 'f1_macro': 0.4157306505573926, 'f1_micro': 0.5188131940991215, 'f1_weighted': 0.43405874436914815, 'precision_macro': 0.5122456015886792, 'precision_micro': 0.5188131940991215, 'precision_weighted': 0.528505017890289, 'recall_macro': 0.500425864357566, 'recall_micro': 0.5188131940991215, 'recall_weighted': 0.5188131940991215}
Saving model...
Model saved!
-------------------------------------------
-----------------------
Epoch 2/100
Training statistic: Loss: 0.3276, train_score: {'accuracy': 0.88897, 'balanced_accuracy': 0.6290498560739419, 'f1_macro': 0.6553432602782581, 'f1_micro': 0.88897, 'f1_weighted': 0.881348058759359, 'precision_macro': 0.7046528254472635, 'precision_micro': 0.88897, 'precision_weighted': 0.8810173015793088, 'recall_macro': 0.6290498560739419, 'recall_micro': 0.88897, 'recall_weighted': 0.88897}
Validation statistic: Loss: 2.5489, dev_score: {'accuracy': 0.523951599535886, 'balanced_accuracy': 0.5061894852813384, 'f1_macro': 0.42939085468654703, 'f1_micro': 0.523951599535886, 'f1_weighted': 0.4465872503680987, 'precision_macro': 0.5162742820087126, 'precision_micro': 0.523951599535886, 'precision_weighted': 0.5316646749512174, 'recall_macro': 0.5061894852813384, 'recall_micro': 0.523951599535886, 'recall_weighted': 0.523951599535886}
-----------------------
Epoch 3/100
Training statistic: Loss: 0.2717, train_score: {'accuracy': 0.90916, 'balanced_accuracy': 0.6782887140575885, 'f1_macro': 0.69784565086962, 'f1_micro': 0.90916, 'f1_weighted': 0.9037129207936687, 'precision_macro': 0.8718769834816099, 'precision_micro': 0.90916, 'precision_weighted': 0.9087358424449866, 'recall_macro': 0.6782887140575885, 'recall_micro': 0.90916, 'recall_weighted': 0.90916}
Validation statistic: Loss: 2.5626, dev_score: {'accuracy': 0.5262721697331344, 'balanced_accuracy': 0.5085193074919214, 'f1_macro': 0.43225369639725864, 'f1_micro': 0.5262721697331344, 'f1_weighted': 0.44915055730529285, 'precision_macro': 0.6071194323370154, 'precision_micro': 0.5262721697331344, 'precision_weighted': 0.6141974019533133, 'recall_macro': 0.5085193074919214, 'recall_micro': 0.5262721697331344, 'recall_weighted': 0.5262721697331344}
-----------------------
Epoch 4/100
Training statistic: Loss: 0.2462, train_score: {'accuracy': 0.91521, 'balanced_accuracy': 0.699977319663577, 'f1_macro': 0.7240533484619793, 'f1_micro': 0.91521, 'f1_weighted': 0.9106927298051984, 'precision_macro': 0.879845938199546, 'precision_micro': 0.91521, 'precision_weighted': 0.9148817567028847, 'recall_macro': 0.699977319663577, 'recall_micro': 0.91521, 'recall_weighted': 0.91521}
Validation statistic: Loss: 2.6766, dev_score: {'accuracy': 0.5274324548317587, 'balanced_accuracy': 0.5099081903061468, 'f1_macro': 0.43476166820411866, 'f1_micro': 0.5274324548317587, 'f1_weighted': 0.45160951869840116, 'precision_macro': 0.6185246676402536, 'precision_micro': 0.5274324548317587, 'precision_weighted': 0.6255864762638925, 'recall_macro': 0.5099081903061468, 'recall_micro': 0.5274324548317587, 'recall_weighted': 0.5274324548317587}
-----------------------
Epoch 5/100
Training statistic: Loss: 0.2155, train_score: {'accuracy': 0.92945, 'balanced_accuracy': 0.7246057312475621, 'f1_macro': 0.7473778553321316, 'f1_micro': 0.92945, 'f1_weighted': 0.9255756936206727, 'precision_macro': 0.8729795124025233, 'precision_micro': 0.92945, 'precision_weighted': 0.9278333347250617, 'recall_macro': 0.7246057312475621, 'recall_micro': 0.92945, 'recall_weighted': 0.92945}
Validation statistic: Loss: 2.8018, dev_score: {'accuracy': 0.5294215150008288, 'balanced_accuracy': 0.5122376951313563, 'f1_macro': 0.44070734438264453, 'f1_micro': 0.5294215150008288, 'f1_weighted': 0.45725310324867224, 'precision_macro': 0.6379296234906267, 'precision_micro': 0.5294215150008288, 'precision_weighted': 0.6440683921142094, 'recall_macro': 0.5122376951313563, 'recall_micro': 0.5294215150008288, 'recall_weighted': 0.5294215150008288}
-----------------------
Epoch 6/100
Training statistic: Loss: 0.2028, train_score: {'accuracy': 0.93062, 'balanced_accuracy': 0.7673224908160374, 'f1_macro': 0.7963188480195191, 'f1_micro': 0.93062, 'f1_weighted': 0.9282676966988649, 'precision_macro': 0.8931783488070314, 'precision_micro': 0.93062, 'precision_weighted': 0.9306840708499688, 'recall_macro': 0.7673224908160374, 'recall_micro': 0.93062, 'recall_weighted': 0.93062}
Validation statistic: Loss: 2.7559, dev_score: {'accuracy': 0.5322393502403447, 'balanced_accuracy': 0.5151555192953942, 'f1_macro': 0.44690355022608375, 'f1_micro': 0.5322393502403447, 'f1_weighted': 0.4629493869068289, 'precision_macro': 0.6546252465393341, 'precision_micro': 0.5322393502403447, 'precision_weighted': 0.6592516278052204, 'recall_macro': 0.5151555192953942, 'recall_micro': 0.5322393502403447, 'recall_weighted': 0.5322393502403447}
-----------------------
Epoch 7/100
Training statistic: Loss: 0.1922, train_score: {'accuracy': 0.93564, 'balanced_accuracy': 0.7803123085080235, 'f1_macro': 0.8149444899942389, 'f1_micro': 0.93564, 'f1_weighted': 0.93366305763104, 'precision_macro': 0.903024460540161, 'precision_micro': 0.93564, 'precision_weighted': 0.935153533016784, 'recall_macro': 0.7803123085080235, 'recall_micro': 0.93564, 'recall_weighted': 0.93564}
Validation statistic: Loss: 2.8792, dev_score: {'accuracy': 0.5292557599867396, 'balanced_accuracy': 0.5119409740210932, 'f1_macro': 0.44191027457047277, 'f1_micro': 0.5292557599867396, 'f1_weighted': 0.45822861772373646, 'precision_macro': 0.6395878335223779, 'precision_micro': 0.5292557599867396, 'precision_weighted': 0.6452874777408262, 'recall_macro': 0.5119409740210932, 'recall_micro': 0.5292557599867396, 'recall_weighted': 0.5292557599867396}
-----------------------
Epoch 8/100
Training statistic: Loss: 0.1822, train_score: {'accuracy': 0.93835, 'balanced_accuracy': 0.8049017948229361, 'f1_macro': 0.8390800453575824, 'f1_micro': 0.93835, 'f1_weighted': 0.9369968382574145, 'precision_macro': 0.9020211365658766, 'precision_micro': 0.93835, 'precision_weighted': 0.9379966002642991, 'recall_macro': 0.8049017948229361, 'recall_micro': 0.93835, 'recall_weighted': 0.93835}
Validation statistic: Loss: 2.9037, dev_score: {'accuracy': 0.5312448201558098, 'balanced_accuracy': 0.5139569181807407, 'f1_macro': 0.4458118979556659, 'f1_micro': 0.5312448201558098, 'f1_weighted': 0.46205785722475246, 'precision_macro': 0.6547002822029334, 'precision_micro': 0.5312448201558098, 'precision_weighted': 0.6593219956871046, 'recall_macro': 0.5139569181807407, 'recall_micro': 0.5312448201558098, 'recall_weighted': 0.5312448201558098}
-----------------------
Epoch 9/100
Training statistic: Loss: 0.1706, train_score: {'accuracy': 0.94288, 'balanced_accuracy': 0.8162932898052947, 'f1_macro': 0.8486893579357282, 'f1_micro': 0.94288, 'f1_weighted': 0.9416474380279909, 'precision_macro': 0.917194537129675, 'precision_micro': 0.94288, 'precision_weighted': 0.9426663327197683, 'recall_macro': 0.8162932898052947, 'recall_micro': 0.94288, 'recall_weighted': 0.94288}
Validation statistic: Loss: 2.8517, dev_score: {'accuracy': 0.5348914304657716, 'balanced_accuracy': 0.5180260612296704, 'f1_macro': 0.45341969539732324, 'f1_micro': 0.5348914304657716, 'f1_weighted': 0.46905237236507746, 'precision_macro': 0.662425544854825, 'precision_micro': 0.5348914304657716, 'precision_weighted': 0.6664320109584382, 'recall_macro': 0.5180260612296704, 'recall_micro': 0.5348914304657716, 'recall_weighted': 0.5348914304657716}
-----------------------
Epoch 10/100
Training statistic: Loss: 0.1643, train_score: {'accuracy': 0.94649, 'balanced_accuracy': 0.8216986426266024, 'f1_macro': 0.854397929914567, 'f1_micro': 0.94649, 'f1_weighted': 0.9454148009329505, 'precision_macro': 0.9177613972417037, 'precision_micro': 0.94649, 'precision_weighted': 0.9463311886593583, 'recall_macro': 0.8216986426266024, 'recall_micro': 0.94649, 'recall_weighted': 0.94649}
Validation statistic: Loss: 2.9735, dev_score: {'accuracy': 0.5370462456489309, 'balanced_accuracy': 0.5202100631804318, 'f1_macro': 0.4551785603605928, 'f1_micro': 0.5370462456489309, 'f1_weighted': 0.4710001888767957, 'precision_macro': 0.6617873241810014, 'precision_micro': 0.5370462456489309, 'precision_weighted': 0.6661872239554982, 'recall_macro': 0.5202100631804318, 'recall_micro': 0.5370462456489309, 'recall_weighted': 0.5370462456489309}
-----------------------
Epoch 11/100
Training statistic: Loss: 0.1589, train_score: {'accuracy': 0.94609, 'balanced_accuracy': 0.8332447890373776, 'f1_macro': 0.8638598224249421, 'f1_micro': 0.94609, 'f1_weighted': 0.9451078626707381, 'precision_macro': 0.9222627832656187, 'precision_micro': 0.94609, 'precision_weighted': 0.9464316180249619, 'recall_macro': 0.8332447890373776, 'recall_micro': 0.94609, 'recall_weighted': 0.94609}
Validation statistic: Loss: 2.9495, dev_score: {'accuracy': 0.5330681253107906, 'balanced_accuracy': 0.5160954987347994, 'f1_macro': 0.4508629772091539, 'f1_micro': 0.5330681253107906, 'f1_weighted': 0.4667005074467556, 'precision_macro': 0.6439496924180913, 'precision_micro': 0.5330681253107906, 'precision_weighted': 0.6494544508852688, 'recall_macro': 0.5160954987347994, 'recall_micro': 0.5330681253107906, 'recall_weighted': 0.5330681253107906}
-----------------------
Epoch 12/100
Training statistic: Loss: 0.1595, train_score: {'accuracy': 0.94272, 'balanced_accuracy': 0.8298368572989926, 'f1_macro': 0.8636366319693284, 'f1_micro': 0.94272, 'f1_weighted': 0.9416190501261943, 'precision_macro': 0.9282319543541157, 'precision_micro': 0.94272, 'precision_weighted': 0.9434349262572678, 'recall_macro': 0.8298368572989926, 'recall_micro': 0.94272, 'recall_weighted': 0.94272}
Validation statistic: Loss: 2.9702, dev_score: {'accuracy': 0.5347256754516824, 'balanced_accuracy': 0.5178971388150658, 'f1_macro': 0.45361343046693337, 'f1_micro': 0.5347256754516824, 'f1_weighted': 0.46922980622135096, 'precision_macro': 0.6576937974843952, 'precision_micro': 0.5347256754516824, 'precision_weighted': 0.6621301354047814, 'recall_macro': 0.5178971388150658, 'recall_micro': 0.5347256754516824, 'recall_weighted': 0.5347256754516824}
-----------------------
Epoch 13/100
Training statistic: Loss: 0.1465, train_score: {'accuracy': 0.95123, 'balanced_accuracy': 0.8491019585602414, 'f1_macro': 0.8789543062883094, 'f1_micro': 0.95123, 'f1_weighted': 0.9504764930915102, 'precision_macro': 0.9292023610356808, 'precision_micro': 0.95123, 'precision_weighted': 0.9513398444114827, 'recall_macro': 0.8491019585602414, 'recall_micro': 0.95123, 'recall_weighted': 0.95123}
Validation statistic: Loss: 3.0209, dev_score: {'accuracy': 0.5375435106911984, 'balanced_accuracy': 0.5206996572203154, 'f1_macro': 0.4564098152629142, 'f1_micro': 0.5375435106911984, 'f1_weighted': 0.47217169501577255, 'precision_macro': 0.6567833251725486, 'precision_micro': 0.5375435106911984, 'precision_weighted': 0.6617365536121765, 'recall_macro': 0.5206996572203154, 'recall_micro': 0.5375435106911984, 'recall_weighted': 0.5375435106911984}
-----------------------
Epoch 14/100
Training statistic: Loss: 0.1492, train_score: {'accuracy': 0.94678, 'balanced_accuracy': 0.8599431755002227, 'f1_macro': 0.8850206333580075, 'f1_micro': 0.94678, 'f1_weighted': 0.94631142189519, 'precision_macro': 0.923967385204891, 'precision_micro': 0.94678, 'precision_weighted': 0.9480364430851194, 'recall_macro': 0.8599431755002227, 'recall_micro': 0.94678, 'recall_weighted': 0.94678}
Validation statistic: Loss: 2.9674, dev_score: {'accuracy': 0.5377092657052875, 'balanced_accuracy': 0.5207882281365722, 'f1_macro': 0.4559228245388958, 'f1_micro': 0.5377092657052875, 'f1_weighted': 0.4718196561068279, 'precision_macro': 0.6600978602514377, 'precision_micro': 0.5377092657052875, 'precision_weighted': 0.6645876842201461, 'recall_macro': 0.5207882281365722, 'recall_micro': 0.5377092657052875, 'recall_weighted': 0.5377092657052875}
-----------------------
Epoch 15/100
Training statistic: Loss: 0.1463, train_score: {'accuracy': 0.94938, 'balanced_accuracy': 0.8529048324595843, 'f1_macro': 0.8824853510966912, 'f1_micro': 0.94938, 'f1_weighted': 0.9486167307286817, 'precision_macro': 0.928176971011682, 'precision_micro': 0.94938, 'precision_weighted': 0.9500870680155789, 'recall_macro': 0.8529048324595843, 'recall_micro': 0.94938, 'recall_weighted': 0.94938}
Validation statistic: Loss: 3.0645, dev_score: {'accuracy': 0.5347256754516824, 'balanced_accuracy': 0.5178302174384056, 'f1_macro': 0.4518358305976193, 'f1_micro': 0.5347256754516824, 'f1_weighted': 0.4678148537385207, 'precision_macro': 0.6625670688460655, 'precision_micro': 0.5347256754516824, 'precision_weighted': 0.6670239200491689, 'recall_macro': 0.5178302174384056, 'recall_micro': 0.5347256754516824, 'recall_weighted': 0.5347256754516824}
-----------------------
Epoch 16/100
Training statistic: Loss: 0.1416, train_score: {'accuracy': 0.95212, 'balanced_accuracy': 0.8590037068586078, 'f1_macro': 0.8882054172820599, 'f1_micro': 0.95212, 'f1_weighted': 0.9515373884542713, 'precision_macro': 0.9321313961738624, 'precision_micro': 0.95212, 'precision_weighted': 0.9528500206822336, 'recall_macro': 0.8590037068586078, 'recall_micro': 0.95212, 'recall_weighted': 0.95212}
Validation statistic: Loss: 3.0536, dev_score: {'accuracy': 0.5372120006630201, 'balanced_accuracy': 0.5203838776713506, 'f1_macro': 0.4540378799041817, 'f1_micro': 0.5372120006630201, 'f1_weighted': 0.4700089269169075, 'precision_macro': 0.6579466939397394, 'precision_micro': 0.5372120006630201, 'precision_weighted': 0.662849647074683, 'recall_macro': 0.5203838776713506, 'recall_micro': 0.5372120006630201, 'recall_weighted': 0.5372120006630201}
-----------------------
Epoch 17/100
Training statistic: Loss: 0.1423, train_score: {'accuracy': 0.94976, 'balanced_accuracy': 0.8652906285688289, 'f1_macro': 0.8879581863750218, 'f1_micro': 0.94976, 'f1_weighted': 0.9491915751682897, 'precision_macro': 0.9243711498195497, 'precision_micro': 0.94976, 'precision_weighted': 0.9506381769920942, 'recall_macro': 0.8652906285688289, 'recall_micro': 0.94976, 'recall_weighted': 0.94976}
Validation statistic: Loss: 2.9911, dev_score: {'accuracy': 0.5372120006630201, 'balanced_accuracy': 0.5203016914602347, 'f1_macro': 0.4565393306753152, 'f1_micro': 0.5372120006630201, 'f1_weighted': 0.4722745793204783, 'precision_macro': 0.6588119936577358, 'precision_micro': 0.5372120006630201, 'precision_weighted': 0.663242376751756, 'recall_macro': 0.5203016914602347, 'recall_micro': 0.5372120006630201, 'recall_weighted': 0.5372120006630201}
-----------------------
Epoch 18/100
Training statistic: Loss: 0.1301, train_score: {'accuracy': 0.95863, 'balanced_accuracy': 0.8712705309050254, 'f1_macro': 0.897337762780911, 'f1_micro': 0.95863, 'f1_weighted': 0.9580958084467103, 'precision_macro': 0.9363919429625952, 'precision_micro': 0.95863, 'precision_weighted': 0.9586684964446148, 'recall_macro': 0.8712705309050254, 'recall_micro': 0.95863, 'recall_weighted': 0.95863}
Validation statistic: Loss: 3.1205, dev_score: {'accuracy': 0.5352229404939499, 'balanced_accuracy': 0.5185037100074392, 'f1_macro': 0.45461327941614293, 'f1_micro': 0.5352229404939499, 'f1_weighted': 0.47009263213068364, 'precision_macro': 0.6551322681067788, 'precision_micro': 0.5352229404939499, 'precision_weighted': 0.6597493060188769, 'recall_macro': 0.5185037100074392, 'recall_micro': 0.5352229404939499, 'recall_weighted': 0.5352229404939499}
-----------------------
Epoch 19/100
Training statistic: Loss: 0.1293, train_score: {'accuracy': 0.95589, 'balanced_accuracy': 0.8682989006074349, 'f1_macro': 0.8962620371644556, 'f1_micro': 0.95589, 'f1_weighted': 0.9552926522368745, 'precision_macro': 0.9388186086118401, 'precision_micro': 0.95589, 'precision_weighted': 0.9562396982292791, 'recall_macro': 0.8682989006074349, 'recall_micro': 0.95589, 'recall_weighted': 0.95589}
Validation statistic: Loss: 3.1782, dev_score: {'accuracy': 0.5335653903530582, 'balanced_accuracy': 0.5166473538684382, 'f1_macro': 0.4510992824651924, 'f1_micro': 0.5335653903530582, 'f1_weighted': 0.46695083960505046, 'precision_macro': 0.6579919378232072, 'precision_micro': 0.5335653903530582, 'precision_weighted': 0.6625525842418356, 'recall_macro': 0.5166473538684382, 'recall_micro': 0.5335653903530582, 'recall_weighted': 0.5335653903530582}
-----------------------
Epoch 20/100
Training statistic: Loss: 0.1251, train_score: {'accuracy': 0.95996, 'balanced_accuracy': 0.8699441742264696, 'f1_macro': 0.9002099472181154, 'f1_micro': 0.95996, 'f1_weighted': 0.9593847434331523, 'precision_macro': 0.9455055725685748, 'precision_micro': 0.95996, 'precision_weighted': 0.9599723830510923, 'recall_macro': 0.8699441742264696, 'recall_micro': 0.95996, 'recall_weighted': 0.95996}
Validation statistic: Loss: 3.1540, dev_score: {'accuracy': 0.5330681253107906, 'balanced_accuracy': 0.516065365101029, 'f1_macro': 0.4495316289672404, 'f1_micro': 0.5330681253107906, 'f1_weighted': 0.4653611982559167, 'precision_macro': 0.6572837026529433, 'precision_micro': 0.5330681253107906, 'precision_weighted': 0.661781102807119, 'recall_macro': 0.516065365101029, 'recall_micro': 0.5330681253107906, 'recall_weighted': 0.5330681253107906}
-----------------------
Epoch 21/100
Training statistic: Loss: 0.1242, train_score: {'accuracy': 0.95827, 'balanced_accuracy': 0.871129928610077, 'f1_macro': 0.9015761482029806, 'f1_micro': 0.95827, 'f1_weighted': 0.957727892764498, 'precision_macro': 0.9470432236962477, 'precision_micro': 0.95827, 'precision_weighted': 0.9588916599770686, 'recall_macro': 0.871129928610077, 'recall_micro': 0.95827, 'recall_weighted': 0.95827}
Validation statistic: Loss: 3.2199, dev_score: {'accuracy': 0.5345599204375933, 'balanced_accuracy': 0.5175610485861116, 'f1_macro': 0.45173446387144683, 'f1_micro': 0.5345599204375933, 'f1_weighted': 0.46787029013137704, 'precision_macro': 0.6547883354149808, 'precision_micro': 0.5345599204375933, 'precision_weighted': 0.6597403567429531, 'recall_macro': 0.5175610485861116, 'recall_micro': 0.5345599204375933, 'recall_weighted': 0.5345599204375933}
-----------------------
Epoch 22/100
Training statistic: Loss: 0.1160, train_score: {'accuracy': 0.96454, 'balanced_accuracy': 0.9049540533486695, 'f1_macro': 0.9198841041930926, 'f1_micro': 0.96454, 'f1_weighted': 0.9643529645308845, 'precision_macro': 0.9402448829615707, 'precision_micro': 0.96454, 'precision_weighted': 0.9648905832273906, 'recall_macro': 0.9049540533486695, 'recall_micro': 0.96454, 'recall_weighted': 0.96454}
Validation statistic: Loss: 3.0020, dev_score: {'accuracy': 0.5421846510856954, 'balanced_accuracy': 0.5256066386024597, 'f1_macro': 0.46432738957477904, 'f1_micro': 0.5421846510856954, 'f1_weighted': 0.4797677546326335, 'precision_macro': 0.6591025497237292, 'precision_micro': 0.5421846510856954, 'precision_weighted': 0.663710021320341, 'recall_macro': 0.5256066386024597, 'recall_micro': 0.5421846510856954, 'recall_weighted': 0.5421846510856954}
-----------------------
Epoch 23/100
Training statistic: Loss: 0.1160, train_score: {'accuracy': 0.96546, 'balanced_accuracy': 0.889243899462668, 'f1_macro': 0.9153735315661585, 'f1_micro': 0.96546, 'f1_weighted': 0.9651042363532449, 'precision_macro': 0.9509866664710408, 'precision_micro': 0.96546, 'precision_weighted': 0.9655667015780258, 'recall_macro': 0.889243899462668, 'recall_micro': 0.96546, 'recall_weighted': 0.96546}
Validation statistic: Loss: 3.1998, dev_score: {'accuracy': 0.5330681253107906, 'balanced_accuracy': 0.5162115961085904, 'f1_macro': 0.4510536548251789, 'f1_micro': 0.5330681253107906, 'f1_weighted': 0.4667397717546775, 'precision_macro': 0.6545334852130831, 'precision_micro': 0.5330681253107906, 'precision_weighted': 0.659259455346256, 'recall_macro': 0.5162115961085904, 'recall_micro': 0.5330681253107906, 'recall_weighted': 0.5330681253107906}
-----------------------
Epoch 24/100
Training statistic: Loss: 0.1103, train_score: {'accuracy': 0.96565, 'balanced_accuracy': 0.900936568500408, 'f1_macro': 0.9209997798618339, 'f1_micro': 0.96565, 'f1_weighted': 0.9653967168122335, 'precision_macro': 0.9477344555233586, 'precision_micro': 0.96565, 'precision_weighted': 0.9658072077679876, 'recall_macro': 0.900936568500408, 'recall_micro': 0.96565, 'recall_weighted': 0.96565}
Validation statistic: Loss: 3.1468, dev_score: {'accuracy': 0.5383722857616443, 'balanced_accuracy': 0.5215217789399745, 'f1_macro': 0.4583791455451075, 'f1_micro': 0.5383722857616443, 'f1_weighted': 0.47414124463089824, 'precision_macro': 0.6500528827733199, 'precision_micro': 0.5383722857616443, 'precision_weighted': 0.6553460001936502, 'recall_macro': 0.5215217789399745, 'recall_micro': 0.5383722857616443, 'recall_weighted': 0.5383722857616443}
-----------------------
Epoch 25/100
Training statistic: Loss: 0.1083, train_score: {'accuracy': 0.96729, 'balanced_accuracy': 0.9081475147461511, 'f1_macro': 0.9260174626447626, 'f1_micro': 0.96729, 'f1_weighted': 0.9671224268663491, 'precision_macro': 0.9498264354184013, 'precision_micro': 0.96729, 'precision_weighted': 0.967529205900766, 'recall_macro': 0.9081475147461511, 'recall_micro': 0.96729, 'recall_weighted': 0.96729}
Validation statistic: Loss: 3.0971, dev_score: {'accuracy': 0.5400298359025361, 'balanced_accuracy': 0.5231221372525687, 'f1_macro': 0.45938081062221886, 'f1_micro': 0.5400298359025361, 'f1_weighted': 0.4751402178824206, 'precision_macro': 0.6584204631662794, 'precision_micro': 0.5400298359025361, 'precision_weighted': 0.662923736263674, 'recall_macro': 0.5231221372525687, 'recall_micro': 0.5400298359025361, 'recall_weighted': 0.5400298359025361}
-----------------------
Epoch 26/100
Training statistic: Loss: 0.1125, train_score: {'accuracy': 0.96174, 'balanced_accuracy': 0.905070142853211, 'f1_macro': 0.9250514588627985, 'f1_micro': 0.96174, 'f1_weighted': 0.9615367128890222, 'precision_macro': 0.9505044653337352, 'precision_micro': 0.96174, 'precision_weighted': 0.9623384703694748, 'recall_macro': 0.905070142853211, 'recall_micro': 0.96174, 'recall_weighted': 0.96174}
Validation statistic: Loss: 3.1806, dev_score: {'accuracy': 0.5370462456489309, 'balanced_accuracy': 0.5201326116305893, 'f1_macro': 0.4554808232250382, 'f1_micro': 0.5370462456489309, 'f1_weighted': 0.4712239978628387, 'precision_macro': 0.6557337840016408, 'precision_micro': 0.5370462456489309, 'precision_weighted': 0.6601906582332784, 'recall_macro': 0.5201326116305893, 'recall_micro': 0.5370462456489309, 'recall_weighted': 0.5370462456489309}
-----------------------
Epoch 27/100
Training statistic: Loss: 0.1059, train_score: {'accuracy': 0.96636, 'balanced_accuracy': 0.9065323477528346, 'f1_macro': 0.9260202043501196, 'f1_micro': 0.96636, 'f1_weighted': 0.966177745255236, 'precision_macro': 0.9515095779757994, 'precision_micro': 0.96636, 'precision_weighted': 0.9666698576945201, 'recall_macro': 0.9065323477528346, 'recall_micro': 0.96636, 'recall_weighted': 0.96636}
Validation statistic: Loss: 3.2183, dev_score: {'accuracy': 0.5370462456489309, 'balanced_accuracy': 0.5198343186277914, 'f1_macro': 0.45491361200165503, 'f1_micro': 0.5370462456489309, 'f1_weighted': 0.4710025513778322, 'precision_macro': 0.6602158245991377, 'precision_micro': 0.5370462456489309, 'precision_weighted': 0.6644791043907643, 'recall_macro': 0.5198343186277914, 'recall_micro': 0.5370462456489309, 'recall_weighted': 0.5370462456489309}
-----------------------
Epoch 28/100
Training statistic: Loss: 0.1076, train_score: {'accuracy': 0.96493, 'balanced_accuracy': 0.9022245646234663, 'f1_macro': 0.9228494478393909, 'f1_micro': 0.96493, 'f1_weighted': 0.9646631433221526, 'precision_macro': 0.9504530020179889, 'precision_micro': 0.96493, 'precision_weighted': 0.9653659904731899, 'recall_macro': 0.9022245646234663, 'recall_micro': 0.96493, 'recall_weighted': 0.96493}
Validation statistic: Loss: 3.1468, dev_score: {'accuracy': 0.5355544505221282, 'balanced_accuracy': 0.5187298824053024, 'f1_macro': 0.45559299333251113, 'f1_micro': 0.5355544505221282, 'f1_weighted': 0.471301080098479, 'precision_macro': 0.6595494983219531, 'precision_micro': 0.5355544505221282, 'precision_weighted': 0.6638286381012037, 'recall_macro': 0.5187298824053024, 'recall_micro': 0.5355544505221282, 'recall_weighted': 0.5355544505221282}
-----------------------
Epoch 29/100
Training statistic: Loss: 0.1013, train_score: {'accuracy': 0.96856, 'balanced_accuracy': 0.9105475520732332, 'f1_macro': 0.9304666258649414, 'f1_micro': 0.96856, 'f1_weighted': 0.9683760150058917, 'precision_macro': 0.9558308703042572, 'precision_micro': 0.96856, 'precision_weighted': 0.9688533920104241, 'recall_macro': 0.9105475520732332, 'recall_micro': 0.96856, 'recall_weighted': 0.96856}
Validation statistic: Loss: 3.2482, dev_score: {'accuracy': 0.5355544505221282, 'balanced_accuracy': 0.5184892413186147, 'f1_macro': 0.4529496522431816, 'f1_micro': 0.5355544505221282, 'f1_weighted': 0.469011765375755, 'precision_macro': 0.6613784148552305, 'precision_micro': 0.5355544505221282, 'precision_weighted': 0.6655446246837219, 'recall_macro': 0.5184892413186147, 'recall_micro': 0.5355544505221282, 'recall_weighted': 0.5355544505221282}
-----------------------
Epoch 30/100
Training statistic: Loss: 0.0981, train_score: {'accuracy': 0.97177, 'balanced_accuracy': 0.9145745554311799, 'f1_macro': 0.9341369377700633, 'f1_micro': 0.97177, 'f1_weighted': 0.9715642337051196, 'precision_macro': 0.9584925131514523, 'precision_micro': 0.97177, 'precision_weighted': 0.9718210365564788, 'recall_macro': 0.9145745554311799, 'recall_micro': 0.97177, 'recall_weighted': 0.97177}
Validation statistic: Loss: 3.2031, dev_score: {'accuracy': 0.5355544505221282, 'balanced_accuracy': 0.5185529778183975, 'f1_macro': 0.4543924986640868, 'f1_micro': 0.5355544505221282, 'f1_weighted': 0.4701392502163174, 'precision_macro': 0.6583803995882306, 'precision_micro': 0.5355544505221282, 'precision_weighted': 0.6626633504362694, 'recall_macro': 0.5185529778183975, 'recall_micro': 0.5355544505221282, 'recall_weighted': 0.5355544505221282}
-----------------------
Epoch 31/100
Training statistic: Loss: 0.1006, train_score: {'accuracy': 0.96858, 'balanced_accuracy': 0.9116106789876485, 'f1_macro': 0.9306544610159386, 'f1_micro': 0.96858, 'f1_weighted': 0.9683735731442371, 'precision_macro': 0.9561999808933574, 'precision_micro': 0.96858, 'precision_weighted': 0.9689475887648721, 'recall_macro': 0.9116106789876485, 'recall_micro': 0.96858, 'recall_weighted': 0.96858}
Validation statistic: Loss: 3.2122, dev_score: {'accuracy': 0.5392010608320902, 'balanced_accuracy': 0.5223527083090409, 'f1_macro': 0.45826625126959986, 'f1_micro': 0.5392010608320902, 'f1_weighted': 0.4740308654170007, 'precision_macro': 0.6619111647538563, 'precision_micro': 0.5392010608320902, 'precision_weighted': 0.6663178785893684, 'recall_macro': 0.5223527083090409, 'recall_micro': 0.5392010608320902, 'recall_weighted': 0.5392010608320902}
-----------------------
Epoch 32/100
Training statistic: Loss: 0.0991, train_score: {'accuracy': 0.96967, 'balanced_accuracy': 0.9244951948212343, 'f1_macro': 0.9392882594553453, 'f1_micro': 0.96967, 'f1_weighted': 0.9695304205131829, 'precision_macro': 0.9569092256230871, 'precision_micro': 0.96967, 'precision_weighted': 0.9699431930736118, 'recall_macro': 0.9244951948212343, 'recall_micro': 0.96967, 'recall_weighted': 0.96967}
Validation statistic: Loss: 3.1635, dev_score: {'accuracy': 0.5400298359025361, 'balanced_accuracy': 0.5230818754403526, 'f1_macro': 0.4601892370953962, 'f1_micro': 0.5400298359025361, 'f1_weighted': 0.47602334615705066, 'precision_macro': 0.6599581798888459, 'precision_micro': 0.5400298359025361, 'precision_weighted': 0.6644378774082832, 'recall_macro': 0.5230818754403526, 'recall_micro': 0.5400298359025361, 'recall_weighted': 0.5400298359025361}
Early stopping by loss triggered!
Testing statistic: loss: 2.2932549379256604, scores: {'accuracy': 0.5056213916742631, 'balanced_accuracy': 0.5052218859225517, 'f1_macro': 0.4196569606191617, 'f1_micro': 0.5056213916742631, 'f1_weighted': 0.4210992466551319, 'precision_macro': 0.5147338779704036, 'precision_micro': 0.5056213916742631, 'precision_weighted': 0.5208511467318828, 'recall_macro': 0.5052218859225517, 'recall_micro': 0.5056213916742631, 'recall_weighted': 0.5056213916742631}
Finish training!
