=====Setting up data=====
Dataset name:mnist12
train_option:synthetic
augment_option:tvae_compare_pca_gmm
mix_ratio:-1
n_sample:-1
Training dataset size: 100096 samples
Validation dataset size: 6144 samples

=====Setting up parameters for training=====
num_epochs: 100
learning_rate: 0.001
patience: 30
early_stop_criterion: loss
=====Setting up trainer=====
input_size: 144
model: DNN_MNIST12
----------------------------------------------------------------
        Layer (type)               Output Shape         Param #
================================================================
           Dropout-1                  [-1, 144]               0
            Linear-2                 [-1, 1024]         148,480
         LeakyReLU-3                 [-1, 1024]               0
       BatchNorm1d-4                 [-1, 1024]           2,048
           Dropout-5                 [-1, 1024]               0
            Linear-6                 [-1, 1024]       1,049,600
         LeakyReLU-7                 [-1, 1024]               0
       BatchNorm1d-8                 [-1, 1024]           2,048
           Dropout-9                 [-1, 1024]               0
           Linear-10                  [-1, 256]         262,400
        LeakyReLU-11                  [-1, 256]               0
      BatchNorm1d-12                  [-1, 256]             512
          Dropout-13                  [-1, 256]               0
           Linear-14                   [-1, 10]           2,570
================================================================
Total params: 1,467,658
Trainable params: 1,467,658
Non-trainable params: 0
----------------------------------------------------------------
Input size (MB): 0.00
Forward/backward pass size (MB): 0.07
Params size (MB): 5.60
Estimated Total Size (MB): 5.67
----------------------------------------------------------------
=====Setting up output files=====
weight_dir, weight_file: /home/thuy/Research/minh_data_synth/TabularDA/.cache/mnist_head_fixed_runtime_20261009/output/mnist_head_fixed_20261009/mnist12/weight/, mnist12_seed43_tvae_full_pca_gmm_synthetic.weights.pth
acc_dir, acc_file: /home/thuy/Research/minh_data_synth/TabularDA/.cache/mnist_head_fixed_runtime_20261009/output/mnist_head_fixed_20261009/mnist12/acc/, mnist12_seed43_tvae_full_pca_gmm_synthetic.epochs.csv
report_file: mnist12_seed43_tvae_full_pca_gmm_synthetic.report.txt
==========================================================================================
Start training...
-----------------------
Epoch 1/100
Training statistic: Loss: 0.2377, train_score: {'accuracy': 0.92687, 'balanced_accuracy': 0.9210184788947517, 'f1_macro': 0.9248235134474649, 'f1_micro': 0.92687, 'f1_weighted': 0.9266508757018719, 'precision_macro': 0.931120753643311, 'precision_micro': 0.92687, 'precision_weighted': 0.9288794250326807, 'recall_macro': 0.9210184788947517, 'recall_micro': 0.92687, 'recall_weighted': 0.92687}
Validation statistic: Loss: 0.7313, dev_score: {'accuracy': 0.7987734128957401, 'balanced_accuracy': 0.7929714530636542, 'f1_macro': 0.7945622135875848, 'f1_micro': 0.7987734128957401, 'f1_weighted': 0.7977308792762412, 'precision_macro': 0.8023218371470369, 'precision_micro': 0.7987734128957401, 'precision_weighted': 0.8026797699556153, 'recall_macro': 0.7929714530636542, 'recall_micro': 0.7987734128957401, 'recall_weighted': 0.7987734128957401}
Saving model...
Model saved!
-------------------------------------------
-----------------------
Epoch 2/100
Training statistic: Loss: 0.2213, train_score: {'accuracy': 0.93135, 'balanced_accuracy': 0.9252307051382473, 'f1_macro': 0.9288699151845933, 'f1_micro': 0.93135, 'f1_weighted': 0.9310222775159774, 'precision_macro': 0.9350959984656319, 'precision_micro': 0.93135, 'precision_weighted': 0.9330753317942163, 'recall_macro': 0.9252307051382473, 'recall_micro': 0.93135, 'recall_weighted': 0.93135}
Validation statistic: Loss: 0.7258, dev_score: {'accuracy': 0.8045748383888612, 'balanced_accuracy': 0.7994922532163036, 'f1_macro': 0.800563357617205, 'f1_micro': 0.8045748383888612, 'f1_weighted': 0.8034563366469375, 'precision_macro': 0.8072673756116368, 'precision_micro': 0.8045748383888612, 'precision_weighted': 0.8077495235630371, 'recall_macro': 0.7994922532163036, 'recall_micro': 0.8045748383888612, 'recall_weighted': 0.8045748383888612}
Saving model...
Model saved!
-------------------------------------------
-----------------------
Epoch 3/100
Training statistic: Loss: 0.2050, train_score: {'accuracy': 0.94004, 'balanced_accuracy': 0.9352816840365886, 'f1_macro': 0.9379899312770836, 'f1_micro': 0.94004, 'f1_weighted': 0.9398537150745088, 'precision_macro': 0.9419935237488707, 'precision_micro': 0.94004, 'precision_weighted': 0.9408142623624993, 'recall_macro': 0.9352816840365886, 'recall_micro': 0.94004, 'recall_weighted': 0.94004}
Validation statistic: Loss: 0.7273, dev_score: {'accuracy': 0.8092159787833582, 'balanced_accuracy': 0.8038571364472235, 'f1_macro': 0.8048923133300449, 'f1_micro': 0.8092159787833582, 'f1_weighted': 0.8080508957443532, 'precision_macro': 0.8111613005480913, 'precision_micro': 0.8092159787833582, 'precision_weighted': 0.8118676474007582, 'recall_macro': 0.8038571364472235, 'recall_micro': 0.8092159787833582, 'recall_weighted': 0.8092159787833582}
-----------------------
Epoch 4/100
Training statistic: Loss: 0.2006, train_score: {'accuracy': 0.94247, 'balanced_accuracy': 0.9374457205353997, 'f1_macro': 0.9402122439465124, 'f1_micro': 0.94247, 'f1_weighted': 0.9422261889330233, 'precision_macro': 0.9446139381301417, 'precision_micro': 0.94247, 'precision_weighted': 0.9434248181627247, 'recall_macro': 0.9374457205353997, 'recall_micro': 0.94247, 'recall_weighted': 0.94247}
Validation statistic: Loss: 0.7291, dev_score: {'accuracy': 0.8073926736283773, 'balanced_accuracy': 0.8023383705850156, 'f1_macro': 0.8033626645449509, 'f1_micro': 0.8073926736283773, 'f1_weighted': 0.8064546904032045, 'precision_macro': 0.8092229539783176, 'precision_micro': 0.8073926736283773, 'precision_weighted': 0.8101467128434289, 'recall_macro': 0.8023383705850156, 'recall_micro': 0.8073926736283773, 'recall_weighted': 0.8073926736283773}
-----------------------
Epoch 5/100
Training statistic: Loss: 0.1974, train_score: {'accuracy': 0.94303, 'balanced_accuracy': 0.9388953522387025, 'f1_macro': 0.9413634893945181, 'f1_micro': 0.94303, 'f1_weighted': 0.9429359681184699, 'precision_macro': 0.9449409638282245, 'precision_micro': 0.94303, 'precision_weighted': 0.9439255780154573, 'recall_macro': 0.9388953522387025, 'recall_micro': 0.94303, 'recall_weighted': 0.94303}
Validation statistic: Loss: 0.7296, dev_score: {'accuracy': 0.8078899386706447, 'balanced_accuracy': 0.802825255125868, 'f1_macro': 0.8042648166832382, 'f1_micro': 0.8078899386706447, 'f1_weighted': 0.8071915028554104, 'precision_macro': 0.8094855990932446, 'precision_micro': 0.8078899386706447, 'precision_weighted': 0.8101517846511251, 'recall_macro': 0.802825255125868, 'recall_micro': 0.8078899386706447, 'recall_weighted': 0.8078899386706447}
-----------------------
Epoch 6/100
Training statistic: Loss: 0.1924, train_score: {'accuracy': 0.94489, 'balanced_accuracy': 0.9399726702991572, 'f1_macro': 0.9425832925117298, 'f1_micro': 0.94489, 'f1_weighted': 0.9446631135918508, 'precision_macro': 0.946508184597674, 'precision_micro': 0.94489, 'precision_weighted': 0.9456094886393706, 'recall_macro': 0.9399726702991572, 'recall_micro': 0.94489, 'recall_weighted': 0.94489}
Validation statistic: Loss: 0.7269, dev_score: {'accuracy': 0.8117023039946958, 'balanced_accuracy': 0.8067846658253188, 'f1_macro': 0.8076741666962984, 'f1_micro': 0.8117023039946958, 'f1_weighted': 0.810672535307793, 'precision_macro': 0.8130248541829144, 'precision_micro': 0.8117023039946958, 'precision_weighted': 0.8139095412878692, 'recall_macro': 0.8067846658253188, 'recall_micro': 0.8117023039946958, 'recall_weighted': 0.8117023039946958}
-----------------------
Epoch 7/100
Training statistic: Loss: 0.1877, train_score: {'accuracy': 0.94665, 'balanced_accuracy': 0.9418409124573064, 'f1_macro': 0.9448192538325481, 'f1_micro': 0.94665, 'f1_weighted': 0.9464532451110484, 'precision_macro': 0.9490677856079938, 'precision_micro': 0.94665, 'precision_weighted': 0.9473791823912299, 'recall_macro': 0.9418409124573064, 'recall_micro': 0.94665, 'recall_weighted': 0.94665}
Validation statistic: Loss: 0.7421, dev_score: {'accuracy': 0.8103762638819825, 'balanced_accuracy': 0.8056000957591518, 'f1_macro': 0.8067882211355004, 'f1_micro': 0.8103762638819825, 'f1_weighted': 0.8095999098539053, 'precision_macro': 0.8128263079510661, 'precision_micro': 0.8103762638819825, 'precision_weighted': 0.8134672194405637, 'recall_macro': 0.8056000957591518, 'recall_micro': 0.8103762638819825, 'recall_weighted': 0.8103762638819825}
-----------------------
Epoch 8/100
Training statistic: Loss: 0.1879, train_score: {'accuracy': 0.94605, 'balanced_accuracy': 0.9418141277371734, 'f1_macro': 0.9440928864092358, 'f1_micro': 0.94605, 'f1_weighted': 0.9458755432670204, 'precision_macro': 0.9475517194031713, 'precision_micro': 0.94605, 'precision_weighted': 0.9467529969396773, 'recall_macro': 0.9418141277371734, 'recall_micro': 0.94605, 'recall_weighted': 0.94605}
Validation statistic: Loss: 0.7302, dev_score: {'accuracy': 0.8095474888115366, 'balanced_accuracy': 0.8043514961292614, 'f1_macro': 0.8055725279820607, 'f1_micro': 0.8095474888115366, 'f1_weighted': 0.8085447717684493, 'precision_macro': 0.8117168742525912, 'precision_micro': 0.8095474888115366, 'precision_weighted': 0.81223253099954, 'recall_macro': 0.8043514961292614, 'recall_micro': 0.8095474888115366, 'recall_weighted': 0.8095474888115366}
-----------------------
Epoch 9/100
Training statistic: Loss: 0.1789, train_score: {'accuracy': 0.95209, 'balanced_accuracy': 0.9491220365911557, 'f1_macro': 0.9505550222378221, 'f1_micro': 0.95209, 'f1_weighted': 0.9520145021797037, 'precision_macro': 0.9524534596662984, 'precision_micro': 0.95209, 'precision_weighted': 0.9523614318198769, 'recall_macro': 0.9491220365911557, 'recall_micro': 0.95209, 'recall_weighted': 0.95209}
Validation statistic: Loss: 0.7226, dev_score: {'accuracy': 0.8140228741919443, 'balanced_accuracy': 0.8091349370886673, 'f1_macro': 0.8101831563524691, 'f1_micro': 0.8140228741919443, 'f1_weighted': 0.813230180163284, 'precision_macro': 0.8142777321517437, 'precision_micro': 0.8140228741919443, 'precision_weighted': 0.815365014786025, 'recall_macro': 0.8091349370886673, 'recall_micro': 0.8140228741919443, 'recall_weighted': 0.8140228741919443}
Saving model...
Model saved!
-------------------------------------------
-----------------------
Epoch 10/100
Training statistic: Loss: 0.1820, train_score: {'accuracy': 0.94825, 'balanced_accuracy': 0.9442449329420363, 'f1_macro': 0.9465947524281788, 'f1_micro': 0.94825, 'f1_weighted': 0.9481147556027082, 'precision_macro': 0.9499734446471289, 'precision_micro': 0.94825, 'precision_weighted': 0.9489300950568398, 'recall_macro': 0.9442449329420363, 'recall_micro': 0.94825, 'recall_weighted': 0.94825}
Validation statistic: Loss: 0.7322, dev_score: {'accuracy': 0.8138571191778551, 'balanced_accuracy': 0.8091654986508747, 'f1_macro': 0.8102611866925571, 'f1_micro': 0.8138571191778551, 'f1_weighted': 0.8129563600476436, 'precision_macro': 0.8151917666543931, 'precision_micro': 0.8138571191778551, 'precision_weighted': 0.8157588123443854, 'recall_macro': 0.8091654986508747, 'recall_micro': 0.8138571191778551, 'recall_weighted': 0.8138571191778551}
-----------------------
Epoch 11/100
Training statistic: Loss: 0.1820, train_score: {'accuracy': 0.94864, 'balanced_accuracy': 0.944458645035794, 'f1_macro': 0.9471470117323625, 'f1_micro': 0.94864, 'f1_weighted': 0.9484857472346383, 'precision_macro': 0.951159600908223, 'precision_micro': 0.94864, 'precision_weighted': 0.9495513817422594, 'recall_macro': 0.944458645035794, 'recall_micro': 0.94864, 'recall_weighted': 0.94864}
Validation statistic: Loss: 0.7354, dev_score: {'accuracy': 0.8117023039946958, 'balanced_accuracy': 0.8066004957278565, 'f1_macro': 0.8078261957725774, 'f1_micro': 0.8117023039946958, 'f1_weighted': 0.810621494259326, 'precision_macro': 0.8136433231400442, 'precision_micro': 0.8117023039946958, 'precision_weighted': 0.8139623362529863, 'recall_macro': 0.8066004957278565, 'recall_micro': 0.8117023039946958, 'recall_weighted': 0.8117023039946958}
-----------------------
Epoch 12/100
Training statistic: Loss: 0.1785, train_score: {'accuracy': 0.95059, 'balanced_accuracy': 0.9463459145576344, 'f1_macro': 0.9489956115396584, 'f1_micro': 0.95059, 'f1_weighted': 0.9504252152325762, 'precision_macro': 0.952848098834218, 'precision_micro': 0.95059, 'precision_weighted': 0.9513705784189861, 'recall_macro': 0.9463459145576344, 'recall_micro': 0.95059, 'recall_weighted': 0.95059}
Validation statistic: Loss: 0.7345, dev_score: {'accuracy': 0.8145201392342118, 'balanced_accuracy': 0.8096175850751797, 'f1_macro': 0.8109441909549575, 'f1_micro': 0.8145201392342118, 'f1_weighted': 0.8136911657236685, 'precision_macro': 0.8165014742804194, 'precision_micro': 0.8145201392342118, 'precision_weighted': 0.8169410844007423, 'recall_macro': 0.8096175850751797, 'recall_micro': 0.8145201392342118, 'recall_weighted': 0.8145201392342118}
-----------------------
Epoch 13/100
Training statistic: Loss: 0.1758, train_score: {'accuracy': 0.95211, 'balanced_accuracy': 0.9487389196334354, 'f1_macro': 0.9503639455091518, 'f1_micro': 0.95211, 'f1_weighted': 0.9519471950801882, 'precision_macro': 0.9526932904600649, 'precision_micro': 0.95211, 'precision_weighted': 0.952393834379883, 'recall_macro': 0.9487389196334354, 'recall_micro': 0.95211, 'recall_weighted': 0.95211}
Validation statistic: Loss: 0.7302, dev_score: {'accuracy': 0.8138571191778551, 'balanced_accuracy': 0.8091617139422065, 'f1_macro': 0.8100206576719964, 'f1_micro': 0.8138571191778551, 'f1_weighted': 0.8127424304058946, 'precision_macro': 0.8145602261650957, 'precision_micro': 0.8138571191778551, 'precision_weighted': 0.815158324304161, 'recall_macro': 0.8091617139422065, 'recall_micro': 0.8138571191778551, 'recall_weighted': 0.8138571191778551}
-----------------------
Epoch 14/100
Training statistic: Loss: 0.1726, train_score: {'accuracy': 0.95603, 'balanced_accuracy': 0.9536783268031916, 'f1_macro': 0.9547696286241392, 'f1_micro': 0.95603, 'f1_weighted': 0.9560033463812132, 'precision_macro': 0.9562127474842732, 'precision_micro': 0.95603, 'precision_weighted': 0.9562928109073459, 'recall_macro': 0.9536783268031916, 'recall_micro': 0.95603, 'recall_weighted': 0.95603}
Validation statistic: Loss: 0.7290, dev_score: {'accuracy': 0.8151831592905685, 'balanced_accuracy': 0.8105612940197856, 'f1_macro': 0.8112168739085666, 'f1_micro': 0.8151831592905685, 'f1_weighted': 0.81411548610841, 'precision_macro': 0.8151374559927211, 'precision_micro': 0.8151831592905685, 'precision_weighted': 0.8161632864378082, 'recall_macro': 0.8105612940197856, 'recall_micro': 0.8151831592905685, 'recall_weighted': 0.8151831592905685}
-----------------------
Epoch 15/100
Training statistic: Loss: 0.1746, train_score: {'accuracy': 0.95203, 'balanced_accuracy': 0.9483662757310596, 'f1_macro': 0.9506059195452193, 'f1_micro': 0.95203, 'f1_weighted': 0.9520315941470548, 'precision_macro': 0.9537816176383439, 'precision_micro': 0.95203, 'precision_weighted': 0.9529891338339687, 'recall_macro': 0.9483662757310596, 'recall_micro': 0.95203, 'recall_weighted': 0.95203}
Validation statistic: Loss: 0.7312, dev_score: {'accuracy': 0.8180009945300846, 'balanced_accuracy': 0.8134275603497241, 'f1_macro': 0.8147939248498094, 'f1_micro': 0.8180009945300846, 'f1_weighted': 0.8175045578420572, 'precision_macro': 0.8194427599277988, 'precision_micro': 0.8180009945300846, 'precision_weighted': 0.8201865510641433, 'recall_macro': 0.8134275603497241, 'recall_micro': 0.8180009945300846, 'recall_weighted': 0.8180009945300846}
-----------------------
Epoch 16/100
Training statistic: Loss: 0.1733, train_score: {'accuracy': 0.95296, 'balanced_accuracy': 0.9502731024616858, 'f1_macro': 0.9515510238673623, 'f1_micro': 0.95296, 'f1_weighted': 0.9528054028875105, 'precision_macro': 0.9533099713588319, 'precision_micro': 0.95296, 'precision_weighted': 0.9530755464469898, 'recall_macro': 0.9502731024616858, 'recall_micro': 0.95296, 'recall_weighted': 0.95296}
Validation statistic: Loss: 0.7373, dev_score: {'accuracy': 0.8141886292060335, 'balanced_accuracy': 0.8095148937982009, 'f1_macro': 0.8104160143141144, 'f1_micro': 0.8141886292060335, 'f1_weighted': 0.8131877118772118, 'precision_macro': 0.8147308924484026, 'precision_micro': 0.8141886292060335, 'precision_weighted': 0.815478236323912, 'recall_macro': 0.8095148937982009, 'recall_micro': 0.8141886292060335, 'recall_weighted': 0.8141886292060335}
-----------------------
Epoch 17/100
Training statistic: Loss: 0.1689, train_score: {'accuracy': 0.95499, 'balanced_accuracy': 0.9518427076213136, 'f1_macro': 0.9536408669597887, 'f1_micro': 0.95499, 'f1_weighted': 0.954855783658114, 'precision_macro': 0.9560934024125007, 'precision_micro': 0.95499, 'precision_weighted': 0.9553021477299278, 'recall_macro': 0.9518427076213136, 'recall_micro': 0.95499, 'recall_weighted': 0.95499}
Validation statistic: Loss: 0.7426, dev_score: {'accuracy': 0.8151831592905685, 'balanced_accuracy': 0.810243529812119, 'f1_macro': 0.8111271543016698, 'f1_micro': 0.8151831592905685, 'f1_weighted': 0.8140206989948732, 'precision_macro': 0.8157711957077443, 'precision_micro': 0.8151831592905685, 'precision_weighted': 0.8164703169445942, 'recall_macro': 0.810243529812119, 'recall_micro': 0.8151831592905685, 'recall_weighted': 0.8151831592905685}
-----------------------
Epoch 18/100
Training statistic: Loss: 0.1665, train_score: {'accuracy': 0.95617, 'balanced_accuracy': 0.9527583018535897, 'f1_macro': 0.9546314268391962, 'f1_micro': 0.95617, 'f1_weighted': 0.9560902733294738, 'precision_macro': 0.9571816452283706, 'precision_micro': 0.95617, 'precision_weighted': 0.9566272426659774, 'recall_macro': 0.9527583018535897, 'recall_micro': 0.95617, 'recall_weighted': 0.95617}
Validation statistic: Loss: 0.7520, dev_score: {'accuracy': 0.8160119343610144, 'balanced_accuracy': 0.8114641169874899, 'f1_macro': 0.812397190862775, 'f1_micro': 0.8160119343610144, 'f1_weighted': 0.8152037233607806, 'precision_macro': 0.817135997493032, 'precision_micro': 0.8160119343610144, 'precision_weighted': 0.8180475933460449, 'recall_macro': 0.8114641169874899, 'recall_micro': 0.8160119343610144, 'recall_weighted': 0.8160119343610144}
-----------------------
Epoch 19/100
Training statistic: Loss: 0.1697, train_score: {'accuracy': 0.95432, 'balanced_accuracy': 0.9509154330408564, 'f1_macro': 0.9528991874855934, 'f1_micro': 0.95432, 'f1_weighted': 0.954168907373281, 'precision_macro': 0.9557590246130282, 'precision_micro': 0.95432, 'precision_weighted': 0.9548092494609368, 'recall_macro': 0.9509154330408564, 'recall_micro': 0.95432, 'recall_weighted': 0.95432}
Validation statistic: Loss: 0.7420, dev_score: {'accuracy': 0.8165091994032819, 'balanced_accuracy': 0.8114903817611813, 'f1_macro': 0.8128754227941934, 'f1_micro': 0.8165091994032819, 'f1_weighted': 0.8157213844074749, 'precision_macro': 0.8182693230150656, 'precision_micro': 0.8165091994032819, 'precision_weighted': 0.81878687940264, 'recall_macro': 0.8114903817611813, 'recall_micro': 0.8165091994032819, 'recall_weighted': 0.8165091994032819}
-----------------------
Epoch 20/100
Training statistic: Loss: 0.1670, train_score: {'accuracy': 0.95676, 'balanced_accuracy': 0.9536473878232747, 'f1_macro': 0.9552228458561783, 'f1_micro': 0.95676, 'f1_weighted': 0.9565919600488304, 'precision_macro': 0.9574664225366091, 'precision_micro': 0.95676, 'precision_weighted': 0.9569883742774844, 'recall_macro': 0.9536473878232747, 'recall_micro': 0.95676, 'recall_weighted': 0.95676}
Validation statistic: Loss: 0.7428, dev_score: {'accuracy': 0.8140228741919443, 'balanced_accuracy': 0.8093119963724827, 'f1_macro': 0.8101482881653282, 'f1_micro': 0.8140228741919443, 'f1_weighted': 0.8129314036460169, 'precision_macro': 0.8149316562681939, 'precision_micro': 0.8140228741919443, 'precision_weighted': 0.8156102810575881, 'recall_macro': 0.8093119963724827, 'recall_micro': 0.8140228741919443, 'recall_weighted': 0.8140228741919443}
-----------------------
Epoch 21/100
Training statistic: Loss: 0.1660, train_score: {'accuracy': 0.95568, 'balanced_accuracy': 0.9530340000442472, 'f1_macro': 0.9542845395159223, 'f1_micro': 0.95568, 'f1_weighted': 0.9556503886586586, 'precision_macro': 0.9560067729535933, 'precision_micro': 0.95568, 'precision_weighted': 0.9560978669321267, 'recall_macro': 0.9530340000442472, 'recall_micro': 0.95568, 'recall_weighted': 0.95568}
Validation statistic: Loss: 0.7501, dev_score: {'accuracy': 0.8171722194596387, 'balanced_accuracy': 0.8127721655494579, 'f1_macro': 0.8136730665759645, 'f1_micro': 0.8171722194596387, 'f1_weighted': 0.8163330616446434, 'precision_macro': 0.8174388948534252, 'precision_micro': 0.8171722194596387, 'precision_weighted': 0.8182871792550637, 'recall_macro': 0.8127721655494579, 'recall_micro': 0.8171722194596387, 'recall_weighted': 0.8171722194596387}
-----------------------
Epoch 22/100
Training statistic: Loss: 0.1667, train_score: {'accuracy': 0.95843, 'balanced_accuracy': 0.9558823485726601, 'f1_macro': 0.9575005552326417, 'f1_micro': 0.95843, 'f1_weighted': 0.9584099400756534, 'precision_macro': 0.9596414819119428, 'precision_micro': 0.95843, 'precision_weighted': 0.9589177600560846, 'recall_macro': 0.9558823485726601, 'recall_micro': 0.95843, 'recall_weighted': 0.95843}
Validation statistic: Loss: 0.7505, dev_score: {'accuracy': 0.8161776893751036, 'balanced_accuracy': 0.8116465836056621, 'f1_macro': 0.8128287166934356, 'f1_micro': 0.8161776893751036, 'f1_weighted': 0.8154773563664899, 'precision_macro': 0.8176431925545409, 'precision_micro': 0.8161776893751036, 'precision_weighted': 0.8182996992056326, 'recall_macro': 0.8116465836056621, 'recall_micro': 0.8161776893751036, 'recall_weighted': 0.8161776893751036}
-----------------------
Epoch 23/100
Training statistic: Loss: 0.1622, train_score: {'accuracy': 0.96103, 'balanced_accuracy': 0.9583070644491369, 'f1_macro': 0.9598518143252435, 'f1_micro': 0.96103, 'f1_weighted': 0.9610171997364817, 'precision_macro': 0.9617491693896824, 'precision_micro': 0.96103, 'precision_weighted': 0.9613525666199091, 'recall_macro': 0.9583070644491369, 'recall_micro': 0.96103, 'recall_weighted': 0.96103}
Validation statistic: Loss: 0.7560, dev_score: {'accuracy': 0.817503729487817, 'balanced_accuracy': 0.812837831607896, 'f1_macro': 0.8139522223792811, 'f1_micro': 0.817503729487817, 'f1_weighted': 0.8167754401927048, 'precision_macro': 0.8182426107049793, 'precision_micro': 0.817503729487817, 'precision_weighted': 0.8190999638023575, 'recall_macro': 0.812837831607896, 'recall_micro': 0.817503729487817, 'recall_weighted': 0.817503729487817}
-----------------------
Epoch 24/100
Training statistic: Loss: 0.1617, train_score: {'accuracy': 0.96076, 'balanced_accuracy': 0.9585799493775669, 'f1_macro': 0.9594327534827343, 'f1_micro': 0.96076, 'f1_weighted': 0.9606982718301392, 'precision_macro': 0.9605130969223333, 'precision_micro': 0.96076, 'precision_weighted': 0.9608576042948809, 'recall_macro': 0.9585799493775669, 'recall_micro': 0.96076, 'recall_weighted': 0.96076}
Validation statistic: Loss: 0.7605, dev_score: {'accuracy': 0.8158461793469253, 'balanced_accuracy': 0.8111595260574793, 'f1_macro': 0.8121302451796675, 'f1_micro': 0.8158461793469253, 'f1_weighted': 0.814929818805695, 'precision_macro': 0.8159122452854598, 'precision_micro': 0.8158461793469253, 'precision_weighted': 0.8167307243461565, 'recall_macro': 0.8111595260574793, 'recall_micro': 0.8158461793469253, 'recall_weighted': 0.8158461793469253}
-----------------------
Epoch 25/100
Training statistic: Loss: 0.1661, train_score: {'accuracy': 0.95901, 'balanced_accuracy': 0.9552411760580061, 'f1_macro': 0.9573639815801046, 'f1_micro': 0.95901, 'f1_weighted': 0.958837703245759, 'precision_macro': 0.9605224568339965, 'precision_micro': 0.95901, 'precision_weighted': 0.9595402767022082, 'recall_macro': 0.9552411760580061, 'recall_micro': 0.95901, 'recall_weighted': 0.95901}
Validation statistic: Loss: 0.7649, dev_score: {'accuracy': 0.8141886292060335, 'balanced_accuracy': 0.8092503356222289, 'f1_macro': 0.8103004521671867, 'f1_micro': 0.8141886292060335, 'f1_weighted': 0.8132156355944393, 'precision_macro': 0.8159435753032671, 'precision_micro': 0.8141886292060335, 'precision_weighted': 0.8166117074959599, 'recall_macro': 0.8092503356222289, 'recall_micro': 0.8141886292060335, 'recall_weighted': 0.8141886292060335}
-----------------------
Epoch 26/100
Training statistic: Loss: 0.1618, train_score: {'accuracy': 0.96025, 'balanced_accuracy': 0.9573363691497171, 'f1_macro': 0.9589833323424758, 'f1_micro': 0.96025, 'f1_weighted': 0.9601126922717294, 'precision_macro': 0.9611454374200379, 'precision_micro': 0.96025, 'precision_weighted': 0.9604027837048494, 'recall_macro': 0.9573363691497171, 'recall_micro': 0.96025, 'recall_weighted': 0.96025}
Validation statistic: Loss: 0.7619, dev_score: {'accuracy': 0.815680424332836, 'balanced_accuracy': 0.8110386549086304, 'f1_macro': 0.8119921248784131, 'f1_micro': 0.815680424332836, 'f1_weighted': 0.8146688528768925, 'precision_macro': 0.8163400783106045, 'precision_micro': 0.815680424332836, 'precision_weighted': 0.8169232937352877, 'recall_macro': 0.8110386549086304, 'recall_micro': 0.815680424332836, 'recall_weighted': 0.815680424332836}
-----------------------
Epoch 27/100
Training statistic: Loss: 0.1637, train_score: {'accuracy': 0.95878, 'balanced_accuracy': 0.9560034400172933, 'f1_macro': 0.9576295956330767, 'f1_micro': 0.95878, 'f1_weighted': 0.9587243665406201, 'precision_macro': 0.9597151598810687, 'precision_micro': 0.95878, 'precision_weighted': 0.9590856433103175, 'recall_macro': 0.9560034400172933, 'recall_micro': 0.95878, 'recall_weighted': 0.95878}
Validation statistic: Loss: 0.7623, dev_score: {'accuracy': 0.8158461793469253, 'balanced_accuracy': 0.8112222133396234, 'f1_macro': 0.8122691910554446, 'f1_micro': 0.8158461793469253, 'f1_weighted': 0.8151443375035671, 'precision_macro': 0.8169349539132782, 'precision_micro': 0.8158461793469253, 'precision_weighted': 0.8178955327582578, 'recall_macro': 0.8112222133396234, 'recall_micro': 0.8158461793469253, 'recall_weighted': 0.8158461793469253}
-----------------------
Epoch 28/100
Training statistic: Loss: 0.1604, train_score: {'accuracy': 0.96095, 'balanced_accuracy': 0.9589943832093729, 'f1_macro': 0.9598673651436977, 'f1_micro': 0.96095, 'f1_weighted': 0.9609134914882499, 'precision_macro': 0.9608789128594282, 'precision_micro': 0.96095, 'precision_weighted': 0.9610257712599769, 'recall_macro': 0.9589943832093729, 'recall_micro': 0.96095, 'recall_weighted': 0.96095}
Validation statistic: Loss: 0.7647, dev_score: {'accuracy': 0.8171722194596387, 'balanced_accuracy': 0.812745349968341, 'f1_macro': 0.8137733318851087, 'f1_micro': 0.8171722194596387, 'f1_weighted': 0.8163725718025892, 'precision_macro': 0.817397358535991, 'precision_micro': 0.8171722194596387, 'precision_weighted': 0.8181131678532162, 'recall_macro': 0.812745349968341, 'recall_micro': 0.8171722194596387, 'recall_weighted': 0.8171722194596387}
-----------------------
Epoch 29/100
Training statistic: Loss: 0.1641, train_score: {'accuracy': 0.96056, 'balanced_accuracy': 0.9578205019014339, 'f1_macro': 0.9591365661973649, 'f1_micro': 0.96056, 'f1_weighted': 0.9604815765953576, 'precision_macro': 0.9607472533979493, 'precision_micro': 0.96056, 'precision_weighted': 0.9606696068556474, 'recall_macro': 0.9578205019014339, 'recall_micro': 0.96056, 'recall_weighted': 0.96056}
Validation statistic: Loss: 0.7449, dev_score: {'accuracy': 0.8170064644455495, 'balanced_accuracy': 0.812356472653379, 'f1_macro': 0.8134092481898696, 'f1_micro': 0.8170064644455495, 'f1_weighted': 0.8161193393365054, 'precision_macro': 0.8178895694281397, 'precision_micro': 0.8170064644455495, 'precision_weighted': 0.8185221455998845, 'recall_macro': 0.812356472653379, 'recall_micro': 0.8170064644455495, 'recall_weighted': 0.8170064644455495}
-----------------------
Epoch 30/100
Training statistic: Loss: 0.1593, train_score: {'accuracy': 0.96143, 'balanced_accuracy': 0.9584807234088275, 'f1_macro': 0.9601893089205428, 'f1_micro': 0.96143, 'f1_weighted': 0.9612960031948792, 'precision_macro': 0.9624553248162888, 'precision_micro': 0.96143, 'precision_weighted': 0.9616480711160429, 'recall_macro': 0.9584807234088275, 'recall_micro': 0.96143, 'recall_weighted': 0.96143}
Validation statistic: Loss: 0.7679, dev_score: {'accuracy': 0.8171722194596387, 'balanced_accuracy': 0.8125342123119415, 'f1_macro': 0.8135572922507303, 'f1_micro': 0.8171722194596387, 'f1_weighted': 0.8162360782046492, 'precision_macro': 0.8179876717684091, 'precision_micro': 0.8171722194596387, 'precision_weighted': 0.8185835206942979, 'recall_macro': 0.8125342123119415, 'recall_micro': 0.8171722194596387, 'recall_weighted': 0.8171722194596387}
-----------------------
Epoch 31/100
Training statistic: Loss: 0.1612, train_score: {'accuracy': 0.96034, 'balanced_accuracy': 0.9569772320979469, 'f1_macro': 0.9588606366286949, 'f1_micro': 0.96034, 'f1_weighted': 0.9602181603640064, 'precision_macro': 0.9613871977637407, 'precision_micro': 0.96034, 'precision_weighted': 0.9606547142033043, 'recall_macro': 0.9569772320979469, 'recall_micro': 0.96034, 'recall_weighted': 0.96034}
Validation statistic: Loss: 0.7760, dev_score: {'accuracy': 0.8158461793469253, 'balanced_accuracy': 0.811237616898705, 'f1_macro': 0.812239329087556, 'f1_micro': 0.8158461793469253, 'f1_weighted': 0.815004301027516, 'precision_macro': 0.8166779208656527, 'precision_micro': 0.8158461793469253, 'precision_weighted': 0.8174797752182908, 'recall_macro': 0.811237616898705, 'recall_micro': 0.8158461793469253, 'recall_weighted': 0.8158461793469253}
-----------------------
Epoch 32/100
Training statistic: Loss: 0.1567, train_score: {'accuracy': 0.96094, 'balanced_accuracy': 0.958220440803059, 'f1_macro': 0.9594516703981777, 'f1_micro': 0.96094, 'f1_weighted': 0.960812455869189, 'precision_macro': 0.9612870209474694, 'precision_micro': 0.96094, 'precision_weighted': 0.9611793694465876, 'recall_macro': 0.958220440803059, 'recall_micro': 0.96094, 'recall_weighted': 0.96094}
Validation statistic: Loss: 0.7732, dev_score: {'accuracy': 0.8168407094314603, 'balanced_accuracy': 0.8123552389044464, 'f1_macro': 0.8131113625008636, 'f1_micro': 0.8168407094314603, 'f1_weighted': 0.8158485553291094, 'precision_macro': 0.8173460081193603, 'precision_micro': 0.8168407094314603, 'precision_weighted': 0.8181936652049155, 'recall_macro': 0.8123552389044464, 'recall_micro': 0.8168407094314603, 'recall_weighted': 0.8168407094314603}
-----------------------
Epoch 33/100
Training statistic: Loss: 0.1619, train_score: {'accuracy': 0.95906, 'balanced_accuracy': 0.9561019644458094, 'f1_macro': 0.9581055254969911, 'f1_micro': 0.95906, 'f1_weighted': 0.9589942720825011, 'precision_macro': 0.9606573616798453, 'precision_micro': 0.95906, 'precision_weighted': 0.9594691778482521, 'recall_macro': 0.9561019644458094, 'recall_micro': 0.95906, 'recall_weighted': 0.95906}
Validation statistic: Loss: 0.7723, dev_score: {'accuracy': 0.8158461793469253, 'balanced_accuracy': 0.8112459247430254, 'f1_macro': 0.8122939636062292, 'f1_micro': 0.8158461793469253, 'f1_weighted': 0.8149576084333796, 'precision_macro': 0.8166006500428937, 'precision_micro': 0.8158461793469253, 'precision_weighted': 0.817249233835845, 'recall_macro': 0.8112459247430254, 'recall_micro': 0.8158461793469253, 'recall_weighted': 0.8158461793469253}
-----------------------
Epoch 34/100
Training statistic: Loss: 0.1575, train_score: {'accuracy': 0.96182, 'balanced_accuracy': 0.9591095549104743, 'f1_macro': 0.9604519262060199, 'f1_micro': 0.96182, 'f1_weighted': 0.9617245721814196, 'precision_macro': 0.962244073074601, 'precision_micro': 0.96182, 'precision_weighted': 0.9620020162278593, 'recall_macro': 0.9591095549104743, 'recall_micro': 0.96182, 'recall_weighted': 0.96182}
Validation statistic: Loss: 0.7669, dev_score: {'accuracy': 0.817503729487817, 'balanced_accuracy': 0.8130140117366624, 'f1_macro': 0.8139444594530421, 'f1_micro': 0.817503729487817, 'f1_weighted': 0.8166638738151849, 'precision_macro': 0.8181850532086893, 'precision_micro': 0.817503729487817, 'precision_weighted': 0.8190200017516786, 'recall_macro': 0.8130140117366624, 'recall_micro': 0.817503729487817, 'recall_weighted': 0.817503729487817}
-----------------------
Epoch 35/100
Training statistic: Loss: 0.1571, train_score: {'accuracy': 0.96054, 'balanced_accuracy': 0.9566865059888366, 'f1_macro': 0.9589986979230917, 'f1_micro': 0.96054, 'f1_weighted': 0.9603564658069426, 'precision_macro': 0.9621338681048414, 'precision_micro': 0.96054, 'precision_weighted': 0.9608501535780442, 'recall_macro': 0.9566865059888366, 'recall_micro': 0.96054, 'recall_weighted': 0.96054}
Validation statistic: Loss: 0.7984, dev_score: {'accuracy': 0.8140228741919443, 'balanced_accuracy': 0.8092242973716918, 'f1_macro': 0.8102778738640699, 'f1_micro': 0.8140228741919443, 'f1_weighted': 0.8130372088910218, 'precision_macro': 0.8154595090987147, 'precision_micro': 0.8140228741919443, 'precision_weighted': 0.8160115499084677, 'recall_macro': 0.8092242973716918, 'recall_micro': 0.8140228741919443, 'recall_weighted': 0.8140228741919443}
-----------------------
Epoch 36/100
Training statistic: Loss: 0.1563, train_score: {'accuracy': 0.9602, 'balanced_accuracy': 0.9574705587688044, 'f1_macro': 0.958850864134648, 'f1_micro': 0.9602, 'f1_weighted': 0.9601338271964724, 'precision_macro': 0.9606879243245963, 'precision_micro': 0.9602, 'precision_weighted': 0.9604894577237317, 'recall_macro': 0.9574705587688044, 'recall_micro': 0.9602, 'recall_weighted': 0.9602}
Validation statistic: Loss: 0.7939, dev_score: {'accuracy': 0.8165091994032819, 'balanced_accuracy': 0.8119955510892846, 'f1_macro': 0.8131164194725089, 'f1_micro': 0.8165091994032819, 'f1_weighted': 0.8157755271909365, 'precision_macro': 0.8175565507445969, 'precision_micro': 0.8165091994032819, 'precision_weighted': 0.8182492520565505, 'recall_macro': 0.8119955510892846, 'recall_micro': 0.8165091994032819, 'recall_weighted': 0.8165091994032819}
-----------------------
Epoch 37/100
Training statistic: Loss: 0.1538, train_score: {'accuracy': 0.96307, 'balanced_accuracy': 0.95996046692621, 'f1_macro': 0.961616707000316, 'f1_micro': 0.96307, 'f1_weighted': 0.9629020431848938, 'precision_macro': 0.9638363731116784, 'precision_micro': 0.96307, 'precision_weighted': 0.9631736355467635, 'recall_macro': 0.95996046692621, 'recall_micro': 0.96307, 'recall_weighted': 0.96307}
Validation statistic: Loss: 0.7938, dev_score: {'accuracy': 0.8161776893751036, 'balanced_accuracy': 0.8115546322811193, 'f1_macro': 0.8122856282553391, 'f1_micro': 0.8161776893751036, 'f1_weighted': 0.8150866992254345, 'precision_macro': 0.8168696153173212, 'precision_micro': 0.8161776893751036, 'precision_weighted': 0.8176934222298667, 'recall_macro': 0.8115546322811193, 'recall_micro': 0.8161776893751036, 'recall_weighted': 0.8161776893751036}
-----------------------
Epoch 38/100
Training statistic: Loss: 0.1531, train_score: {'accuracy': 0.96291, 'balanced_accuracy': 0.9602976779951291, 'f1_macro': 0.9617357174956969, 'f1_micro': 0.96291, 'f1_weighted': 0.9628590500634366, 'precision_macro': 0.9634432019447884, 'precision_micro': 0.96291, 'precision_weighted': 0.9630643407130617, 'recall_macro': 0.9602976779951291, 'recall_micro': 0.96291, 'recall_weighted': 0.96291}
Validation statistic: Loss: 0.7927, dev_score: {'accuracy': 0.8163434443891928, 'balanced_accuracy': 0.8117015903905843, 'f1_macro': 0.8128353747844272, 'f1_micro': 0.8163434443891928, 'f1_weighted': 0.8155909067302893, 'precision_macro': 0.8172991104216134, 'precision_micro': 0.8163434443891928, 'precision_weighted': 0.818050212285946, 'recall_macro': 0.8117015903905843, 'recall_micro': 0.8163434443891928, 'recall_weighted': 0.8163434443891928}
-----------------------
Epoch 39/100
Training statistic: Loss: 0.1578, train_score: {'accuracy': 0.96152, 'balanced_accuracy': 0.9589855030038154, 'f1_macro': 0.9604531667539351, 'f1_micro': 0.96152, 'f1_weighted': 0.9614710907369622, 'precision_macro': 0.9622624571435654, 'precision_micro': 0.96152, 'precision_weighted': 0.9617518367837085, 'recall_macro': 0.9589855030038154, 'recall_micro': 0.96152, 'recall_weighted': 0.96152}
Validation statistic: Loss: 0.7822, dev_score: {'accuracy': 0.8150174042764794, 'balanced_accuracy': 0.810444336550953, 'f1_macro': 0.8115502612573163, 'f1_micro': 0.8150174042764794, 'f1_weighted': 0.8143235528855897, 'precision_macro': 0.8154737180481764, 'precision_micro': 0.8150174042764794, 'precision_weighted': 0.816382870832236, 'recall_macro': 0.810444336550953, 'recall_micro': 0.8150174042764794, 'recall_weighted': 0.8150174042764794}
-----------------------
Epoch 40/100
Training statistic: Loss: 0.1585, train_score: {'accuracy': 0.96111, 'balanced_accuracy': 0.9580204077332862, 'f1_macro': 0.9600003535127775, 'f1_micro': 0.96111, 'f1_weighted': 0.9610140580304563, 'precision_macro': 0.9625223350997126, 'precision_micro': 0.96111, 'precision_weighted': 0.9614066674323808, 'recall_macro': 0.9580204077332862, 'recall_micro': 0.96111, 'recall_weighted': 0.96111}
Validation statistic: Loss: 0.7859, dev_score: {'accuracy': 0.8143543842201226, 'balanced_accuracy': 0.809289154441432, 'f1_macro': 0.8105461551527092, 'f1_micro': 0.8143543842201226, 'f1_weighted': 0.8133712542685066, 'precision_macro': 0.8158700821807399, 'precision_micro': 0.8143543842201226, 'precision_weighted': 0.8163131330720629, 'recall_macro': 0.809289154441432, 'recall_micro': 0.8143543842201226, 'recall_weighted': 0.8143543842201226}
Early stopping by loss triggered!
Testing statistic: loss: 0.7626387961763482, scores: {'accuracy': 0.8024916438772409, 'balanced_accuracy': 0.8015963872057996, 'f1_macro': 0.8015060438745051, 'f1_micro': 0.8024916438772409, 'f1_weighted': 0.8018808641591517, 'precision_macro': 0.8047169256385113, 'precision_micro': 0.8024916438772409, 'precision_weighted': 0.8044689813278769, 'recall_macro': 0.8015963872057996, 'recall_micro': 0.8024916438772409, 'recall_weighted': 0.8024916438772409}
Finish training!
