=====Setting up data=====
Dataset name:mnist28
train_option:synthetic
augment_option:gaussian
mix_ratio:-1
n_sample:-1
Training dataset size: 100096 samples
Validation dataset size: 6144 samples

=====Setting up parameters for training=====
num_epochs: 100
learning_rate: 0.001
patience: 30
early_stop_criterion: loss
=====Setting up trainer=====
input_size: 784
model: DNN_MNIST28
----------------------------------------------------------------
        Layer (type)               Output Shape         Param #
================================================================
           Dropout-1                  [-1, 784]               0
            Linear-2                  [-1, 512]         401,920
         LeakyReLU-3                  [-1, 512]               0
       BatchNorm1d-4                  [-1, 512]           1,024
           Dropout-5                  [-1, 512]               0
            Linear-6                 [-1, 1024]         525,312
         LeakyReLU-7                 [-1, 1024]               0
       BatchNorm1d-8                 [-1, 1024]           2,048
           Dropout-9                 [-1, 1024]               0
           Linear-10                  [-1, 256]         262,400
        LeakyReLU-11                  [-1, 256]               0
      BatchNorm1d-12                  [-1, 256]             512
          Dropout-13                  [-1, 256]               0
           Linear-14                  [-1, 128]          32,896
        LeakyReLU-15                  [-1, 128]               0
      BatchNorm1d-16                  [-1, 128]             256
          Dropout-17                  [-1, 128]               0
           Linear-18                   [-1, 10]           1,290
================================================================
Total params: 1,227,658
Trainable params: 1,227,658
Non-trainable params: 0
----------------------------------------------------------------
Input size (MB): 0.00
Forward/backward pass size (MB): 0.06
Params size (MB): 4.68
Estimated Total Size (MB): 4.75
----------------------------------------------------------------
=====Setting up output files=====
weight_dir, weight_file: /home/thuy/Research/minh_data_synth/TabularDA/.cache/mnist_head_fixed_runtime_20261009/output/mnist_head_fixed_20261009/mnist28/weight/, mnist28_seed43_ctgan_xonly_gaussian_synthetic.weights.pth
acc_dir, acc_file: /home/thuy/Research/minh_data_synth/TabularDA/.cache/mnist_head_fixed_runtime_20261009/output/mnist_head_fixed_20261009/mnist28/acc/, mnist28_seed43_ctgan_xonly_gaussian_synthetic.epochs.csv
report_file: mnist28_seed43_ctgan_xonly_gaussian_synthetic.report.txt
==========================================================================================
Start training...
-----------------------
Epoch 1/100
Training statistic: Loss: 1.3536, train_score: {'accuracy': 0.49891, 'balanced_accuracy': 0.35599287169426375, 'f1_macro': 0.34607944088362463, 'f1_micro': 0.49891, 'f1_weighted': 0.4634403907631959, 'precision_macro': 0.43238867943493914, 'precision_micro': 0.49891, 'precision_weighted': 0.5076481405523519, 'recall_macro': 0.35599287169426375, 'recall_micro': 0.49891, 'recall_weighted': 0.49891}
Validation statistic: Loss: 2.0229, dev_score: {'accuracy': 0.35057185479860764, 'balanced_accuracy': 0.3531497608497009, 'f1_macro': 0.2851771653115048, 'f1_micro': 0.35057185479860764, 'f1_weighted': 0.281919311363868, 'precision_macro': 0.4215460190059693, 'precision_micro': 0.35057185479860764, 'precision_weighted': 0.42240045627265443, 'recall_macro': 0.3531497608497009, 'recall_micro': 0.35057185479860764, 'recall_weighted': 0.35057185479860764}
Saving model...
Model saved!
-------------------------------------------
-----------------------
Epoch 2/100
Training statistic: Loss: 0.8866, train_score: {'accuracy': 0.69065, 'balanced_accuracy': 0.52555897964317, 'f1_macro': 0.5262509063779621, 'f1_micro': 0.69065, 'f1_weighted': 0.6718811408211326, 'precision_macro': 0.5989126192458685, 'precision_micro': 0.69065, 'precision_weighted': 0.6861861873176982, 'recall_macro': 0.52555897964317, 'recall_micro': 0.69065, 'recall_weighted': 0.69065}
Validation statistic: Loss: 2.1196, dev_score: {'accuracy': 0.37709265705287587, 'balanced_accuracy': 0.3795093051746769, 'f1_macro': 0.31001358287068836, 'f1_micro': 0.37709265705287587, 'f1_weighted': 0.30744841590720173, 'precision_macro': 0.46043100071740584, 'precision_micro': 0.37709265705287587, 'precision_weighted': 0.45893542833369794, 'recall_macro': 0.3795093051746769, 'recall_micro': 0.37709265705287587, 'recall_weighted': 0.37709265705287587}
-----------------------
Epoch 3/100
Training statistic: Loss: 0.7429, train_score: {'accuracy': 0.73747, 'balanced_accuracy': 0.5806282050646467, 'f1_macro': 0.5920778521135672, 'f1_micro': 0.73747, 'f1_weighted': 0.7265004608414983, 'precision_macro': 0.6467447759091887, 'precision_micro': 0.73747, 'precision_weighted': 0.7373700997608899, 'recall_macro': 0.5806282050646467, 'recall_micro': 0.73747, 'recall_weighted': 0.73747}
Validation statistic: Loss: 2.1368, dev_score: {'accuracy': 0.38670644787004804, 'balanced_accuracy': 0.38847948066250965, 'f1_macro': 0.32256546632362093, 'f1_micro': 0.38670644787004804, 'f1_weighted': 0.3206660067745505, 'precision_macro': 0.45189197678763077, 'precision_micro': 0.38670644787004804, 'precision_weighted': 0.44974222152146687, 'recall_macro': 0.38847948066250965, 'recall_micro': 0.38670644787004804, 'recall_weighted': 0.38670644787004804}
-----------------------
Epoch 4/100
Training statistic: Loss: 0.6330, train_score: {'accuracy': 0.78663, 'balanced_accuracy': 0.627809053378851, 'f1_macro': 0.6332930128025595, 'f1_micro': 0.78663, 'f1_weighted': 0.7762732010336045, 'precision_macro': 0.6898490774172735, 'precision_micro': 0.78663, 'precision_weighted': 0.7844107559252802, 'recall_macro': 0.627809053378851, 'recall_micro': 0.78663, 'recall_weighted': 0.78663}
Validation statistic: Loss: 2.0842, dev_score: {'accuracy': 0.3893585280954749, 'balanced_accuracy': 0.39090277673929835, 'f1_macro': 0.32907534085043255, 'f1_micro': 0.3893585280954749, 'f1_weighted': 0.32673982675424856, 'precision_macro': 0.47107847672137765, 'precision_micro': 0.3893585280954749, 'precision_weighted': 0.46753274733703515, 'recall_macro': 0.39090277673929835, 'recall_micro': 0.3893585280954749, 'recall_weighted': 0.3893585280954749}
-----------------------
Epoch 5/100
Training statistic: Loss: 0.5712, train_score: {'accuracy': 0.80957, 'balanced_accuracy': 0.6543098926912646, 'f1_macro': 0.6645370094036068, 'f1_micro': 0.80957, 'f1_weighted': 0.8015982046462191, 'precision_macro': 0.710873476574813, 'precision_micro': 0.80957, 'precision_weighted': 0.8071633262765828, 'recall_macro': 0.6543098926912646, 'recall_micro': 0.80957, 'recall_weighted': 0.80957}
Validation statistic: Loss: 2.1367, dev_score: {'accuracy': 0.4009613790817172, 'balanced_accuracy': 0.40312924027280256, 'f1_macro': 0.3377375700047693, 'f1_micro': 0.4009613790817172, 'f1_weighted': 0.33492793948121813, 'precision_macro': 0.4731050722007013, 'precision_micro': 0.4009613790817172, 'precision_weighted': 0.4683196840299583, 'recall_macro': 0.40312924027280256, 'recall_micro': 0.4009613790817172, 'recall_weighted': 0.4009613790817172}
-----------------------
Epoch 6/100
Training statistic: Loss: 0.5466, train_score: {'accuracy': 0.81608, 'balanced_accuracy': 0.6715631405587531, 'f1_macro': 0.6778055111024653, 'f1_micro': 0.81608, 'f1_weighted': 0.8088139138651412, 'precision_macro': 0.7151429735232011, 'precision_micro': 0.81608, 'precision_weighted': 0.8147638896294847, 'recall_macro': 0.6715631405587531, 'recall_micro': 0.81608, 'recall_weighted': 0.81608}
Validation statistic: Loss: 2.0899, dev_score: {'accuracy': 0.4051052544339466, 'balanced_accuracy': 0.40649509856396204, 'f1_macro': 0.3307312015992655, 'f1_micro': 0.4051052544339466, 'f1_weighted': 0.3280564931067245, 'precision_macro': 0.4757519961760616, 'precision_micro': 0.4051052544339466, 'precision_weighted': 0.46890640202228323, 'recall_macro': 0.40649509856396204, 'recall_micro': 0.4051052544339466, 'recall_weighted': 0.4051052544339466}
-----------------------
Epoch 7/100
Training statistic: Loss: 0.5032, train_score: {'accuracy': 0.83444, 'balanced_accuracy': 0.6849673738710481, 'f1_macro': 0.6992708186809414, 'f1_micro': 0.83444, 'f1_weighted': 0.8281252878522177, 'precision_macro': 0.7362011757905562, 'precision_micro': 0.83444, 'precision_weighted': 0.8306044026181546, 'recall_macro': 0.6849673738710481, 'recall_micro': 0.83444, 'recall_weighted': 0.83444}
Validation statistic: Loss: 2.0815, dev_score: {'accuracy': 0.4065970495607492, 'balanced_accuracy': 0.40722673612966664, 'f1_macro': 0.33018273727627684, 'f1_micro': 0.4065970495607492, 'f1_weighted': 0.32880538486869515, 'precision_macro': 0.48119142241218815, 'precision_micro': 0.4065970495607492, 'precision_weighted': 0.4744550441012024, 'recall_macro': 0.40722673612966664, 'recall_micro': 0.4065970495607492, 'recall_weighted': 0.4065970495607492}
-----------------------
Epoch 8/100
Training statistic: Loss: 0.4764, train_score: {'accuracy': 0.8451, 'balanced_accuracy': 0.7027436728703408, 'f1_macro': 0.7165301777255495, 'f1_micro': 0.8451, 'f1_weighted': 0.8402303197557005, 'precision_macro': 0.7465343717541455, 'precision_micro': 0.8451, 'precision_weighted': 0.8422986648845256, 'recall_macro': 0.7027436728703408, 'recall_micro': 0.8451, 'recall_weighted': 0.8451}
Validation statistic: Loss: 2.0434, dev_score: {'accuracy': 0.4087518647439085, 'balanced_accuracy': 0.4091611117023851, 'f1_macro': 0.3269924216741652, 'f1_micro': 0.4087518647439085, 'f1_weighted': 0.3260955269461566, 'precision_macro': 0.45954510828492057, 'precision_micro': 0.4087518647439085, 'precision_weighted': 0.4549660906607096, 'recall_macro': 0.4091611117023851, 'recall_micro': 0.4087518647439085, 'recall_weighted': 0.4087518647439085}
-----------------------
Epoch 9/100
Training statistic: Loss: 0.4505, train_score: {'accuracy': 0.85747, 'balanced_accuracy': 0.720176404684407, 'f1_macro': 0.735320742027991, 'f1_micro': 0.85747, 'f1_weighted': 0.8536600448191092, 'precision_macro': 0.7588205476832597, 'precision_micro': 0.85747, 'precision_weighted': 0.8538723704143477, 'recall_macro': 0.720176404684407, 'recall_micro': 0.85747, 'recall_weighted': 0.85747}
Validation statistic: Loss: 2.0935, dev_score: {'accuracy': 0.4012928891098956, 'balanced_accuracy': 0.4013034173416835, 'f1_macro': 0.33017689688972507, 'f1_micro': 0.4012928891098956, 'f1_weighted': 0.3290977847630501, 'precision_macro': 0.48840471920593, 'precision_micro': 0.4012928891098956, 'precision_weighted': 0.4803494816260222, 'recall_macro': 0.4013034173416835, 'recall_micro': 0.4012928891098956, 'recall_weighted': 0.4012928891098956}
-----------------------
Epoch 10/100
Training statistic: Loss: 0.4379, train_score: {'accuracy': 0.86682, 'balanced_accuracy': 0.7317168690720076, 'f1_macro': 0.7456333385375402, 'f1_micro': 0.86682, 'f1_weighted': 0.8632141752083173, 'precision_macro': 0.7703813528826038, 'precision_micro': 0.86682, 'precision_weighted': 0.8639445687510872, 'recall_macro': 0.7317168690720076, 'recall_micro': 0.86682, 'recall_weighted': 0.86682}
Validation statistic: Loss: 2.0886, dev_score: {'accuracy': 0.4001326040112713, 'balanced_accuracy': 0.4004779161295403, 'f1_macro': 0.3253555317064811, 'f1_micro': 0.4001326040112713, 'f1_weighted': 0.32393701945038, 'precision_macro': 0.4763258298816361, 'precision_micro': 0.4001326040112713, 'precision_weighted': 0.46996876332836046, 'recall_macro': 0.4004779161295403, 'recall_micro': 0.4001326040112713, 'recall_weighted': 0.4001326040112713}
-----------------------
Epoch 11/100
Training statistic: Loss: 0.4194, train_score: {'accuracy': 0.86601, 'balanced_accuracy': 0.7291219691010774, 'f1_macro': 0.7445439965758405, 'f1_micro': 0.86601, 'f1_weighted': 0.86163433022935, 'precision_macro': 0.7733609279430107, 'precision_micro': 0.86601, 'precision_weighted': 0.8636931221259305, 'recall_macro': 0.7291219691010774, 'recall_micro': 0.86601, 'recall_weighted': 0.86601}
Validation statistic: Loss: 2.1516, dev_score: {'accuracy': 0.4074258246311951, 'balanced_accuracy': 0.4071805692140183, 'f1_macro': 0.32679966243022285, 'f1_micro': 0.4074258246311951, 'f1_weighted': 0.32630361607264446, 'precision_macro': 0.5030339670737259, 'precision_micro': 0.4074258246311951, 'precision_weighted': 0.49457789047106676, 'recall_macro': 0.4071805692140183, 'recall_micro': 0.4074258246311951, 'recall_weighted': 0.4074258246311951}
-----------------------
Epoch 12/100
Training statistic: Loss: 0.4016, train_score: {'accuracy': 0.87351, 'balanced_accuracy': 0.7497480503254932, 'f1_macro': 0.7597923967972142, 'f1_micro': 0.87351, 'f1_weighted': 0.8709103206010818, 'precision_macro': 0.77626802686494, 'precision_micro': 0.87351, 'precision_weighted': 0.8718926797952505, 'recall_macro': 0.7497480503254932, 'recall_micro': 0.87351, 'recall_weighted': 0.87351}
Validation statistic: Loss: 2.1574, dev_score: {'accuracy': 0.40609978451848167, 'balanced_accuracy': 0.40600604629047987, 'f1_macro': 0.3275006019495247, 'f1_micro': 0.40609978451848167, 'f1_weighted': 0.3266702202529486, 'precision_macro': 0.49881018471026495, 'precision_micro': 0.40609978451848167, 'precision_weighted': 0.49036690832528096, 'recall_macro': 0.40600604629047987, 'recall_micro': 0.40609978451848167, 'recall_weighted': 0.40609978451848167}
-----------------------
Epoch 13/100
Training statistic: Loss: 0.3959, train_score: {'accuracy': 0.87556, 'balanced_accuracy': 0.750914562110015, 'f1_macro': 0.763019659128776, 'f1_micro': 0.87556, 'f1_weighted': 0.8729754904084062, 'precision_macro': 0.7802602942397632, 'precision_micro': 0.87556, 'precision_weighted': 0.8737508317427072, 'recall_macro': 0.750914562110015, 'recall_micro': 0.87556, 'recall_weighted': 0.87556}
Validation statistic: Loss: 2.0798, dev_score: {'accuracy': 0.4150505552792972, 'balanced_accuracy': 0.4154083039506172, 'f1_macro': 0.3348704771104049, 'f1_micro': 0.4150505552792972, 'f1_weighted': 0.3338162677146656, 'precision_macro': 0.5017888354714761, 'precision_micro': 0.4150505552792972, 'precision_weighted': 0.4931597782253689, 'recall_macro': 0.4154083039506172, 'recall_micro': 0.4150505552792972, 'recall_weighted': 0.4150505552792972}
-----------------------
Epoch 14/100
Training statistic: Loss: 0.3708, train_score: {'accuracy': 0.88287, 'balanced_accuracy': 0.7575503629762338, 'f1_macro': 0.7646906927755586, 'f1_micro': 0.88287, 'f1_weighted': 0.8800041617085647, 'precision_macro': 0.7830261133128789, 'precision_micro': 0.88287, 'precision_weighted': 0.8816694584339266, 'recall_macro': 0.7575503629762338, 'recall_micro': 0.88287, 'recall_weighted': 0.88287}
Validation statistic: Loss: 2.1896, dev_score: {'accuracy': 0.3908503232222775, 'balanced_accuracy': 0.3899260605149972, 'f1_macro': 0.3048909641897607, 'f1_micro': 0.3908503232222775, 'f1_weighted': 0.30457041314690997, 'precision_macro': 0.44873265086378494, 'precision_micro': 0.3908503232222775, 'precision_weighted': 0.44327905659480304, 'recall_macro': 0.3899260605149972, 'recall_micro': 0.3908503232222775, 'recall_weighted': 0.3908503232222775}
-----------------------
Epoch 15/100
Training statistic: Loss: 0.3847, train_score: {'accuracy': 0.88128, 'balanced_accuracy': 0.7614729865930057, 'f1_macro': 0.7654452711368002, 'f1_micro': 0.88128, 'f1_weighted': 0.879062978161005, 'precision_macro': 0.7793416206699095, 'precision_micro': 0.88128, 'precision_weighted': 0.8814150000233811, 'recall_macro': 0.7614729865930057, 'recall_micro': 0.88128, 'recall_weighted': 0.88128}
Validation statistic: Loss: 2.1035, dev_score: {'accuracy': 0.4080888446875518, 'balanced_accuracy': 0.40865622232705395, 'f1_macro': 0.3260877658266042, 'f1_micro': 0.4080888446875518, 'f1_weighted': 0.32463580923448615, 'precision_macro': 0.5704283640174515, 'precision_micro': 0.4080888446875518, 'precision_weighted': 0.5817718136851994, 'recall_macro': 0.40865622232705395, 'recall_micro': 0.4080888446875518, 'recall_weighted': 0.4080888446875518}
-----------------------
Epoch 16/100
Training statistic: Loss: 0.3475, train_score: {'accuracy': 0.89457, 'balanced_accuracy': 0.7787935703289546, 'f1_macro': 0.7822839111020193, 'f1_micro': 0.89457, 'f1_weighted': 0.8926933741275415, 'precision_macro': 0.7901521213308651, 'precision_micro': 0.89457, 'precision_weighted': 0.8930249355758485, 'recall_macro': 0.7787935703289546, 'recall_micro': 0.89457, 'recall_weighted': 0.89457}
Validation statistic: Loss: 2.1156, dev_score: {'accuracy': 0.4296369965191447, 'balanced_accuracy': 0.4251875839724999, 'f1_macro': 0.3532322271851468, 'f1_micro': 0.4296369965191447, 'f1_weighted': 0.3594984391643466, 'precision_macro': 0.5600664742366177, 'precision_micro': 0.4296369965191447, 'precision_weighted': 0.5708360749353657, 'recall_macro': 0.4251875839724999, 'recall_micro': 0.4296369965191447, 'recall_weighted': 0.4296369965191447}
-----------------------
Epoch 17/100
Training statistic: Loss: 0.3451, train_score: {'accuracy': 0.8962, 'balanced_accuracy': 0.7724269373776979, 'f1_macro': 0.782555510894954, 'f1_micro': 0.8962, 'f1_weighted': 0.8935897223247128, 'precision_macro': 0.7993733139263101, 'precision_micro': 0.8962, 'precision_weighted': 0.8940570090912294, 'recall_macro': 0.7724269373776979, 'recall_micro': 0.8962, 'recall_weighted': 0.8962}
Validation statistic: Loss: 2.1289, dev_score: {'accuracy': 0.40775733465937347, 'balanced_accuracy': 0.40695252280422656, 'f1_macro': 0.315917932001203, 'f1_micro': 0.40775733465937347, 'f1_weighted': 0.31620042554706496, 'precision_macro': 0.5496845888335191, 'precision_micro': 0.40775733465937347, 'precision_weighted': 0.5602411928972308, 'recall_macro': 0.40695252280422656, 'recall_micro': 0.40775733465937347, 'recall_weighted': 0.40775733465937347}
-----------------------
Epoch 18/100
Training statistic: Loss: 0.3413, train_score: {'accuracy': 0.90226, 'balanced_accuracy': 0.7803823445132948, 'f1_macro': 0.791104026868308, 'f1_micro': 0.90226, 'f1_weighted': 0.9002572282487092, 'precision_macro': 0.9043374399920466, 'precision_micro': 0.90226, 'precision_weighted': 0.9026676859563134, 'recall_macro': 0.7803823445132948, 'recall_micro': 0.90226, 'recall_weighted': 0.90226}
Validation statistic: Loss: 2.0392, dev_score: {'accuracy': 0.42599038620918284, 'balanced_accuracy': 0.42368322941983705, 'f1_macro': 0.35502912911884854, 'f1_micro': 0.42599038620918284, 'f1_weighted': 0.35926873489093986, 'precision_macro': 0.5763619584329388, 'precision_micro': 0.42599038620918284, 'precision_weighted': 0.5864975904905564, 'recall_macro': 0.42368322941983705, 'recall_micro': 0.42599038620918284, 'recall_weighted': 0.42599038620918284}
-----------------------
Epoch 19/100
Training statistic: Loss: 0.3440, train_score: {'accuracy': 0.89445, 'balanced_accuracy': 0.7624959478793939, 'f1_macro': 0.7812422053374172, 'f1_micro': 0.89445, 'f1_weighted': 0.8914603082907926, 'precision_macro': 0.8094946789942522, 'precision_micro': 0.89445, 'precision_weighted': 0.8932497515549584, 'recall_macro': 0.7624959478793939, 'recall_micro': 0.89445, 'recall_weighted': 0.89445}
Validation statistic: Loss: 2.1193, dev_score: {'accuracy': 0.40974639482844355, 'balanced_accuracy': 0.41014068018808514, 'f1_macro': 0.32706429205346627, 'f1_micro': 0.40974639482844355, 'f1_weighted': 0.326324505686374, 'precision_macro': 0.4852847591069126, 'precision_micro': 0.40974639482844355, 'precision_weighted': 0.4764162669322119, 'recall_macro': 0.41014068018808514, 'recall_micro': 0.40974639482844355, 'recall_weighted': 0.40974639482844355}
-----------------------
Epoch 20/100
Training statistic: Loss: 0.3206, train_score: {'accuracy': 0.90506, 'balanced_accuracy': 0.7774297047843088, 'f1_macro': 0.7932816319349568, 'f1_micro': 0.90506, 'f1_weighted': 0.9023272238695905, 'precision_macro': 0.9140752248164692, 'precision_micro': 0.90506, 'precision_weighted': 0.9054331289078832, 'recall_macro': 0.7774297047843088, 'recall_micro': 0.90506, 'recall_weighted': 0.90506}
Validation statistic: Loss: 2.0778, dev_score: {'accuracy': 0.4024531742085198, 'balanced_accuracy': 0.4022332220680931, 'f1_macro': 0.32572718894446184, 'f1_micro': 0.4024531742085198, 'f1_weighted': 0.324819110695443, 'precision_macro': 0.491622852110465, 'precision_micro': 0.4024531742085198, 'precision_weighted': 0.4807776069245373, 'recall_macro': 0.4022332220680931, 'recall_micro': 0.4024531742085198, 'recall_weighted': 0.4024531742085198}
-----------------------
Epoch 21/100
Training statistic: Loss: 0.3152, train_score: {'accuracy': 0.90785, 'balanced_accuracy': 0.7831847454687063, 'f1_macro': 0.7962108922135848, 'f1_micro': 0.90785, 'f1_weighted': 0.9054701688688169, 'precision_macro': 0.8153857353117081, 'precision_micro': 0.90785, 'precision_weighted': 0.9060008309637576, 'recall_macro': 0.7831847454687063, 'recall_micro': 0.90785, 'recall_weighted': 0.90785}
Validation statistic: Loss: 2.1585, dev_score: {'accuracy': 0.399801093983093, 'balanced_accuracy': 0.399430204091319, 'f1_macro': 0.3082258984319536, 'f1_micro': 0.399801093983093, 'f1_weighted': 0.30738242053733317, 'precision_macro': 0.5587731390442466, 'precision_micro': 0.399801093983093, 'precision_weighted': 0.5675687585846385, 'recall_macro': 0.399430204091319, 'recall_micro': 0.399801093983093, 'recall_weighted': 0.399801093983093}
-----------------------
Epoch 22/100
Training statistic: Loss: 0.3232, train_score: {'accuracy': 0.90416, 'balanced_accuracy': 0.786421043642609, 'f1_macro': 0.7958879017360934, 'f1_micro': 0.90416, 'f1_weighted': 0.9021383079216609, 'precision_macro': 0.9101483042776983, 'precision_micro': 0.90416, 'precision_weighted': 0.9051216143500578, 'recall_macro': 0.786421043642609, 'recall_micro': 0.90416, 'recall_weighted': 0.90416}
Validation statistic: Loss: 2.1002, dev_score: {'accuracy': 0.4200232057019725, 'balanced_accuracy': 0.41709703980506313, 'f1_macro': 0.3425717523387893, 'f1_micro': 0.4200232057019725, 'f1_weighted': 0.34701554738942636, 'precision_macro': 0.5517701408956697, 'precision_micro': 0.4200232057019725, 'precision_weighted': 0.561961500659551, 'recall_macro': 0.41709703980506313, 'recall_micro': 0.4200232057019725, 'recall_weighted': 0.4200232057019725}
-----------------------
Epoch 23/100
Training statistic: Loss: 0.3220, train_score: {'accuracy': 0.90258, 'balanced_accuracy': 0.7900159719167097, 'f1_macro': 0.8031837422943451, 'f1_micro': 0.90258, 'f1_weighted': 0.9007315080431785, 'precision_macro': 0.8687437287980633, 'precision_micro': 0.90258, 'precision_weighted': 0.9028196301474664, 'recall_macro': 0.7900159719167097, 'recall_micro': 0.90258, 'recall_weighted': 0.90258}
Validation statistic: Loss: 2.0648, dev_score: {'accuracy': 0.46129620421017736, 'balanced_accuracy': 0.45122678065622435, 'f1_macro': 0.38407456505903526, 'f1_micro': 0.46129620421017736, 'f1_weighted': 0.39677134440884954, 'precision_macro': 0.5466661306868102, 'precision_micro': 0.46129620421017736, 'precision_weighted': 0.5588178043589703, 'recall_macro': 0.45122678065622435, 'recall_micro': 0.46129620421017736, 'recall_weighted': 0.46129620421017736}
-----------------------
Epoch 24/100
Training statistic: Loss: 0.3067, train_score: {'accuracy': 0.91433, 'balanced_accuracy': 0.7990848002590141, 'f1_macro': 0.8090765847422059, 'f1_micro': 0.91433, 'f1_weighted': 0.9126998268728118, 'precision_macro': 0.8934019743270459, 'precision_micro': 0.91433, 'precision_weighted': 0.9144500236606208, 'recall_macro': 0.7990848002590141, 'recall_micro': 0.91433, 'recall_weighted': 0.91433}
Validation statistic: Loss: 2.0367, dev_score: {'accuracy': 0.4380905022376927, 'balanced_accuracy': 0.43229527432288456, 'f1_macro': 0.36871293908012837, 'f1_micro': 0.4380905022376927, 'f1_weighted': 0.3767167003649016, 'precision_macro': 0.5603462305876326, 'precision_micro': 0.4380905022376927, 'precision_weighted': 0.570280255614289, 'recall_macro': 0.43229527432288456, 'recall_micro': 0.4380905022376927, 'recall_weighted': 0.4380905022376927}
-----------------------
Epoch 25/100
Training statistic: Loss: 0.2940, train_score: {'accuracy': 0.91778, 'balanced_accuracy': 0.7971364810850934, 'f1_macro': 0.8074916009468135, 'f1_micro': 0.91778, 'f1_weighted': 0.9156080966915404, 'precision_macro': 0.8886236896949822, 'precision_micro': 0.91778, 'precision_weighted': 0.9172977208861779, 'recall_macro': 0.7971364810850934, 'recall_micro': 0.91778, 'recall_weighted': 0.91778}
Validation statistic: Loss: 2.0489, dev_score: {'accuracy': 0.43344936184319577, 'balanced_accuracy': 0.4286637125928966, 'f1_macro': 0.3552443987078196, 'f1_micro': 0.43344936184319577, 'f1_weighted': 0.36209272790502356, 'precision_macro': 0.5602672526536681, 'precision_micro': 0.43344936184319577, 'precision_weighted': 0.5703560347140657, 'recall_macro': 0.4286637125928966, 'recall_micro': 0.43344936184319577, 'recall_weighted': 0.43344936184319577}
-----------------------
Epoch 26/100
Training statistic: Loss: 0.2916, train_score: {'accuracy': 0.9209, 'balanced_accuracy': 0.8072841227046353, 'f1_macro': 0.8130405008110768, 'f1_micro': 0.9209, 'f1_weighted': 0.9192814480094716, 'precision_macro': 0.8216137940643629, 'precision_micro': 0.9209, 'precision_weighted': 0.9190822609551382, 'recall_macro': 0.8072841227046353, 'recall_micro': 0.9209, 'recall_weighted': 0.9209}
Validation statistic: Loss: 2.0366, dev_score: {'accuracy': 0.42416708105420187, 'balanced_accuracy': 0.42121341283772856, 'f1_macro': 0.34189125016878685, 'f1_micro': 0.42416708105420187, 'f1_weighted': 0.3460508208664472, 'precision_macro': 0.5613466668104772, 'precision_micro': 0.42416708105420187, 'precision_weighted': 0.571323157719477, 'recall_macro': 0.42121341283772856, 'recall_micro': 0.42416708105420187, 'recall_weighted': 0.42416708105420187}
-----------------------
Epoch 27/100
Training statistic: Loss: 0.2900, train_score: {'accuracy': 0.91899, 'balanced_accuracy': 0.7963201520870548, 'f1_macro': 0.8081233002890501, 'f1_micro': 0.91899, 'f1_weighted': 0.9169257169392884, 'precision_macro': 0.9248614332632681, 'precision_micro': 0.91899, 'precision_weighted': 0.9195880058861947, 'recall_macro': 0.7963201520870548, 'recall_micro': 0.91899, 'recall_weighted': 0.91899}
Validation statistic: Loss: 2.0136, dev_score: {'accuracy': 0.4351069119840875, 'balanced_accuracy': 0.4318937942158951, 'f1_macro': 0.35638130910649757, 'f1_micro': 0.4351069119840875, 'f1_weighted': 0.3615880383984719, 'precision_macro': 0.5673829148446473, 'precision_micro': 0.4351069119840875, 'precision_weighted': 0.5779796885937303, 'recall_macro': 0.4318937942158951, 'recall_micro': 0.4351069119840875, 'recall_weighted': 0.4351069119840875}
Saving model...
Model saved!
-------------------------------------------
-----------------------
Epoch 28/100
Training statistic: Loss: 0.2872, train_score: {'accuracy': 0.91862, 'balanced_accuracy': 0.7989583471108946, 'f1_macro': 0.811507478428298, 'f1_micro': 0.91862, 'f1_weighted': 0.9165615679488184, 'precision_macro': 0.8931212989878791, 'precision_micro': 0.91862, 'precision_weighted': 0.9186048386925536, 'recall_macro': 0.7989583471108946, 'recall_micro': 0.91862, 'recall_weighted': 0.91862}
Validation statistic: Loss: 2.0484, dev_score: {'accuracy': 0.43643295209680094, 'balanced_accuracy': 0.43198115385160457, 'f1_macro': 0.362242539879327, 'f1_micro': 0.43643295209680094, 'f1_weighted': 0.36863255883028684, 'precision_macro': 0.5810071919008483, 'precision_micro': 0.43643295209680094, 'precision_weighted': 0.5902759661937711, 'recall_macro': 0.43198115385160457, 'recall_micro': 0.43643295209680094, 'recall_weighted': 0.43643295209680094}
-----------------------
Epoch 29/100
Training statistic: Loss: 0.2700, train_score: {'accuracy': 0.9244, 'balanced_accuracy': 0.8081760236793214, 'f1_macro': 0.8203303437427119, 'f1_micro': 0.9244, 'f1_weighted': 0.9226471937068226, 'precision_macro': 0.9131995330807934, 'precision_micro': 0.9244, 'precision_weighted': 0.9247192520293135, 'recall_macro': 0.8081760236793214, 'recall_micro': 0.9244, 'recall_weighted': 0.9244}
Validation statistic: Loss: 2.0438, dev_score: {'accuracy': 0.44405768274490304, 'balanced_accuracy': 0.43800154857730245, 'f1_macro': 0.36913626155206025, 'f1_micro': 0.44405768274490304, 'f1_weighted': 0.3780131897358666, 'precision_macro': 0.5760930582414501, 'precision_micro': 0.44405768274490304, 'precision_weighted': 0.5853464270619556, 'recall_macro': 0.43800154857730245, 'recall_micro': 0.44405768274490304, 'recall_weighted': 0.44405768274490304}
-----------------------
Epoch 30/100
Training statistic: Loss: 0.2800, train_score: {'accuracy': 0.92661, 'balanced_accuracy': 0.8118537936644454, 'f1_macro': 0.8210651125058421, 'f1_micro': 0.92661, 'f1_weighted': 0.9250178829129496, 'precision_macro': 0.9310568771708816, 'precision_micro': 0.92661, 'precision_weighted': 0.9271298723947845, 'recall_macro': 0.8118537936644454, 'recall_micro': 0.92661, 'recall_weighted': 0.92661}
Validation statistic: Loss: 2.0431, dev_score: {'accuracy': 0.41256423006795956, 'balanced_accuracy': 0.41118340447949614, 'f1_macro': 0.3283728933320967, 'f1_micro': 0.41256423006795956, 'f1_weighted': 0.33005616120962716, 'precision_macro': 0.5656864013942611, 'precision_micro': 0.41256423006795956, 'precision_weighted': 0.5757825566703094, 'recall_macro': 0.41118340447949614, 'recall_micro': 0.41256423006795956, 'recall_weighted': 0.41256423006795956}
-----------------------
Epoch 31/100
Training statistic: Loss: 0.2770, train_score: {'accuracy': 0.92261, 'balanced_accuracy': 0.8027348987403553, 'f1_macro': 0.8161788677704619, 'f1_micro': 0.92261, 'f1_weighted': 0.920600980523451, 'precision_macro': 0.9324923013363643, 'precision_micro': 0.92261, 'precision_weighted': 0.9233334623472212, 'recall_macro': 0.8027348987403553, 'recall_micro': 0.92261, 'recall_weighted': 0.92261}
Validation statistic: Loss: 2.0410, dev_score: {'accuracy': 0.4203547157301508, 'balanced_accuracy': 0.41905753363485604, 'f1_macro': 0.3388915610621006, 'f1_micro': 0.4203547157301508, 'f1_weighted': 0.34070395778383383, 'precision_macro': 0.5827026140872127, 'precision_micro': 0.4203547157301508, 'precision_weighted': 0.5898066753345724, 'recall_macro': 0.41905753363485604, 'recall_micro': 0.4203547157301508, 'recall_weighted': 0.4203547157301508}
-----------------------
Epoch 32/100
Training statistic: Loss: 0.2746, train_score: {'accuracy': 0.92514, 'balanced_accuracy': 0.8021823642112637, 'f1_macro': 0.8176954074806142, 'f1_micro': 0.92514, 'f1_weighted': 0.9230152643716468, 'precision_macro': 0.9353471287117129, 'precision_micro': 0.92514, 'precision_weighted': 0.9257792124204556, 'recall_macro': 0.8021823642112637, 'recall_micro': 0.92514, 'recall_weighted': 0.92514}
Validation statistic: Loss: 2.0161, dev_score: {'accuracy': 0.45085363832255926, 'balanced_accuracy': 0.4444942659999384, 'f1_macro': 0.3757565090502227, 'f1_micro': 0.45085363832255926, 'f1_weighted': 0.38444151722948805, 'precision_macro': 0.5580191106514366, 'precision_micro': 0.45085363832255926, 'precision_weighted': 0.5694655562349986, 'recall_macro': 0.4444942659999384, 'recall_micro': 0.45085363832255926, 'recall_weighted': 0.45085363832255926}
-----------------------
Epoch 33/100
Training statistic: Loss: 0.2617, train_score: {'accuracy': 0.93346, 'balanced_accuracy': 0.8208907679908984, 'f1_macro': 0.831050065394022, 'f1_micro': 0.93346, 'f1_weighted': 0.9318934711420314, 'precision_macro': 0.9184142692677664, 'precision_micro': 0.93346, 'precision_weighted': 0.9332980933684987, 'recall_macro': 0.8208907679908984, 'recall_micro': 0.93346, 'recall_weighted': 0.93346}
Validation statistic: Loss: 2.0385, dev_score: {'accuracy': 0.41654235040609977, 'balanced_accuracy': 0.41618149731211157, 'f1_macro': 0.33114361418979, 'f1_micro': 0.41654235040609977, 'f1_weighted': 0.33081209766001346, 'precision_macro': 0.5768929691013476, 'precision_micro': 0.41654235040609977, 'precision_weighted': 0.579986776606022, 'recall_macro': 0.41618149731211157, 'recall_micro': 0.41654235040609977, 'recall_weighted': 0.41654235040609977}
-----------------------
Epoch 34/100
Training statistic: Loss: 0.2758, train_score: {'accuracy': 0.92466, 'balanced_accuracy': 0.8046482939169846, 'f1_macro': 0.8197346465527197, 'f1_micro': 0.92466, 'f1_weighted': 0.9227172438739895, 'precision_macro': 0.9164294367221985, 'precision_micro': 0.92466, 'precision_weighted': 0.9255934297832703, 'recall_macro': 0.8046482939169846, 'recall_micro': 0.92466, 'recall_weighted': 0.92466}
Validation statistic: Loss: 1.9848, dev_score: {'accuracy': 0.42599038620918284, 'balanced_accuracy': 0.42443719971949473, 'f1_macro': 0.3428933021894548, 'f1_micro': 0.42599038620918284, 'f1_weighted': 0.3454607140919758, 'precision_macro': 0.574634013384766, 'precision_micro': 0.42599038620918284, 'precision_weighted': 0.5831131284295068, 'recall_macro': 0.42443719971949473, 'recall_micro': 0.42599038620918284, 'recall_weighted': 0.42599038620918284}
Saving model...
Model saved!
-------------------------------------------
-----------------------
Epoch 35/100
Training statistic: Loss: 0.2590, train_score: {'accuracy': 0.93202, 'balanced_accuracy': 0.8212854020506682, 'f1_macro': 0.8330455446888199, 'f1_micro': 0.93202, 'f1_weighted': 0.9307064585881029, 'precision_macro': 0.9173543949738321, 'precision_micro': 0.93202, 'precision_weighted': 0.9324361146336929, 'recall_macro': 0.8212854020506682, 'recall_micro': 0.93202, 'recall_weighted': 0.93202}
Validation statistic: Loss: 1.9806, dev_score: {'accuracy': 0.45781534891430464, 'balanced_accuracy': 0.4507505753727551, 'f1_macro': 0.38879537768007866, 'f1_micro': 0.45781534891430464, 'f1_weighted': 0.39893253651475946, 'precision_macro': 0.5793174233952266, 'precision_micro': 0.45781534891430464, 'precision_weighted': 0.5893126150025629, 'recall_macro': 0.4507505753727551, 'recall_micro': 0.45781534891430464, 'recall_weighted': 0.45781534891430464}
Saving model...
Model saved!
-------------------------------------------
-----------------------
Epoch 36/100
Training statistic: Loss: 0.2611, train_score: {'accuracy': 0.93068, 'balanced_accuracy': 0.8221854426939684, 'f1_macro': 0.831945541006007, 'f1_micro': 0.93068, 'f1_weighted': 0.9292995951694212, 'precision_macro': 0.9330343366560934, 'precision_micro': 0.93068, 'precision_weighted': 0.9313471146710339, 'recall_macro': 0.8221854426939684, 'recall_micro': 0.93068, 'recall_weighted': 0.93068}
Validation statistic: Loss: 2.0882, dev_score: {'accuracy': 0.43908503232222773, 'balanced_accuracy': 0.4346677936722042, 'f1_macro': 0.3673662985588866, 'f1_micro': 0.43908503232222773, 'f1_weighted': 0.3739283674422525, 'precision_macro': 0.5863467843172041, 'precision_micro': 0.43908503232222773, 'precision_weighted': 0.5956183048606655, 'recall_macro': 0.4346677936722042, 'recall_micro': 0.43908503232222773, 'recall_weighted': 0.43908503232222773}
-----------------------
Epoch 37/100
Training statistic: Loss: 0.2507, train_score: {'accuracy': 0.93337, 'balanced_accuracy': 0.8181219506222244, 'f1_macro': 0.8314931320464503, 'f1_micro': 0.93337, 'f1_weighted': 0.9315851574618218, 'precision_macro': 0.9405253862297064, 'precision_micro': 0.93337, 'precision_weighted': 0.9339677342979525, 'recall_macro': 0.8181219506222244, 'recall_micro': 0.93337, 'recall_weighted': 0.93337}
Validation statistic: Loss: 2.0687, dev_score: {'accuracy': 0.4503563732802917, 'balanced_accuracy': 0.44400406920190977, 'f1_macro': 0.3791940284610191, 'f1_micro': 0.4503563732802917, 'f1_weighted': 0.3875745099562679, 'precision_macro': 0.5926470830956977, 'precision_micro': 0.4503563732802917, 'precision_weighted': 0.6017660133974628, 'recall_macro': 0.44400406920190977, 'recall_micro': 0.4503563732802917, 'recall_weighted': 0.4503563732802917}
-----------------------
Epoch 38/100
Training statistic: Loss: 0.2460, train_score: {'accuracy': 0.93687, 'balanced_accuracy': 0.8251850044012883, 'f1_macro': 0.8352612886756761, 'f1_micro': 0.93687, 'f1_weighted': 0.9353977931760752, 'precision_macro': 0.9410485039503926, 'precision_micro': 0.93687, 'precision_weighted': 0.9372191979869443, 'recall_macro': 0.8251850044012883, 'recall_micro': 0.93687, 'recall_weighted': 0.93687}
Validation statistic: Loss: 2.0281, dev_score: {'accuracy': 0.4427316426321896, 'balanced_accuracy': 0.437398552485775, 'f1_macro': 0.3710948302105169, 'f1_micro': 0.4427316426321896, 'f1_weighted': 0.3788777771253501, 'precision_macro': 0.5866144669586486, 'precision_micro': 0.4427316426321896, 'precision_weighted': 0.5960602546630811, 'recall_macro': 0.437398552485775, 'recall_micro': 0.4427316426321896, 'recall_weighted': 0.4427316426321896}
-----------------------
Epoch 39/100
Training statistic: Loss: 0.2488, train_score: {'accuracy': 0.93744, 'balanced_accuracy': 0.825548321479838, 'f1_macro': 0.8367434565876248, 'f1_micro': 0.93744, 'f1_weighted': 0.9358487702744354, 'precision_macro': 0.9429861750641898, 'precision_micro': 0.93744, 'precision_weighted': 0.9378346856367019, 'recall_macro': 0.825548321479838, 'recall_micro': 0.93744, 'recall_weighted': 0.93744}
Validation statistic: Loss: 1.9780, dev_score: {'accuracy': 0.4472070280125974, 'balanced_accuracy': 0.440726169320176, 'f1_macro': 0.37660811323465676, 'f1_micro': 0.4472070280125974, 'f1_weighted': 0.38505501745921733, 'precision_macro': 0.5713073398906634, 'precision_micro': 0.4472070280125974, 'precision_weighted': 0.5787792153378862, 'recall_macro': 0.440726169320176, 'recall_micro': 0.4472070280125974, 'recall_weighted': 0.4472070280125974}
Saving model...
Model saved!
-------------------------------------------
-----------------------
Epoch 40/100
Training statistic: Loss: 0.2432, train_score: {'accuracy': 0.93709, 'balanced_accuracy': 0.825141132548642, 'f1_macro': 0.8358455891832273, 'f1_micro': 0.93709, 'f1_weighted': 0.9354940598216126, 'precision_macro': 0.9299534704450885, 'precision_micro': 0.93709, 'precision_weighted': 0.9374831266366727, 'recall_macro': 0.825141132548642, 'recall_micro': 0.93709, 'recall_weighted': 0.93709}
Validation statistic: Loss: 2.0315, dev_score: {'accuracy': 0.46212497928062324, 'balanced_accuracy': 0.4527345842718652, 'f1_macro': 0.38587783615310167, 'f1_micro': 0.46212497928062324, 'f1_weighted': 0.3974181482880143, 'precision_macro': 0.5562874669470014, 'precision_micro': 0.46212497928062324, 'precision_weighted': 0.5667300054827643, 'recall_macro': 0.4527345842718652, 'recall_micro': 0.46212497928062324, 'recall_weighted': 0.46212497928062324}
-----------------------
Epoch 41/100
Training statistic: Loss: 0.2488, train_score: {'accuracy': 0.93376, 'balanced_accuracy': 0.8280352083544068, 'f1_macro': 0.8456812055818732, 'f1_micro': 0.93376, 'f1_weighted': 0.9324972638523821, 'precision_macro': 0.9267195544341866, 'precision_micro': 0.93376, 'precision_weighted': 0.9348376725738778, 'recall_macro': 0.8280352083544068, 'recall_micro': 0.93376, 'recall_weighted': 0.93376}
Validation statistic: Loss: 1.9661, dev_score: {'accuracy': 0.47389358528095477, 'balanced_accuracy': 0.46279211745959775, 'f1_macro': 0.40301637939472607, 'f1_micro': 0.47389358528095477, 'f1_weighted': 0.41593378615840115, 'precision_macro': 0.5768576545011777, 'precision_micro': 0.47389358528095477, 'precision_weighted': 0.5850198065949841, 'recall_macro': 0.46279211745959775, 'recall_micro': 0.47389358528095477, 'recall_weighted': 0.47389358528095477}
Saving model...
Model saved!
-------------------------------------------
-----------------------
Epoch 42/100
Training statistic: Loss: 0.2528, train_score: {'accuracy': 0.93636, 'balanced_accuracy': 0.8238129529242524, 'f1_macro': 0.8339928148556941, 'f1_micro': 0.93636, 'f1_weighted': 0.934832131738445, 'precision_macro': 0.921694354442212, 'precision_micro': 0.93636, 'precision_weighted': 0.9365336549452443, 'recall_macro': 0.8238129529242524, 'recall_micro': 0.93636, 'recall_weighted': 0.93636}
Validation statistic: Loss: 1.9937, dev_score: {'accuracy': 0.44588098789988395, 'balanced_accuracy': 0.43930884261233505, 'f1_macro': 0.37342222755354726, 'f1_micro': 0.44588098789988395, 'f1_weighted': 0.38208981100345885, 'precision_macro': 0.5720712688763661, 'precision_micro': 0.44588098789988395, 'precision_weighted': 0.5796569559425581, 'recall_macro': 0.43930884261233505, 'recall_micro': 0.44588098789988395, 'recall_weighted': 0.44588098789988395}
-----------------------
Epoch 43/100
Training statistic: Loss: 0.2416, train_score: {'accuracy': 0.93874, 'balanced_accuracy': 0.8247169835014191, 'f1_macro': 0.8410392162195788, 'f1_micro': 0.93874, 'f1_weighted': 0.937160221485617, 'precision_macro': 0.9331039181065315, 'precision_micro': 0.93874, 'precision_weighted': 0.9391128237954511, 'recall_macro': 0.8247169835014191, 'recall_micro': 0.93874, 'recall_weighted': 0.93874}
Validation statistic: Loss: 1.9744, dev_score: {'accuracy': 0.46892093485827946, 'balanced_accuracy': 0.4589061351889402, 'f1_macro': 0.3967466721423912, 'f1_micro': 0.46892093485827946, 'f1_weighted': 0.4090883564725081, 'precision_macro': 0.5689241927829499, 'precision_micro': 0.46892093485827946, 'precision_weighted': 0.5775694719278474, 'recall_macro': 0.4589061351889402, 'recall_micro': 0.46892093485827946, 'recall_weighted': 0.46892093485827946}
-----------------------
Epoch 44/100
Training statistic: Loss: 0.2406, train_score: {'accuracy': 0.93938, 'balanced_accuracy': 0.8276332771915049, 'f1_macro': 0.8416713745833684, 'f1_micro': 0.93938, 'f1_weighted': 0.9377095965279792, 'precision_macro': 0.9377415788464513, 'precision_micro': 0.93938, 'precision_weighted': 0.9398705699880201, 'recall_macro': 0.8276332771915049, 'recall_micro': 0.93938, 'recall_weighted': 0.93938}
Validation statistic: Loss: 1.9708, dev_score: {'accuracy': 0.48019227581634344, 'balanced_accuracy': 0.47061968937857657, 'f1_macro': 0.41092089659779046, 'f1_micro': 0.48019227581634344, 'f1_weighted': 0.42246099887763133, 'precision_macro': 0.5770510146088264, 'precision_micro': 0.48019227581634344, 'precision_weighted': 0.5869852250242361, 'recall_macro': 0.47061968937857657, 'recall_micro': 0.48019227581634344, 'recall_weighted': 0.48019227581634344}
-----------------------
Epoch 45/100
Training statistic: Loss: 0.2375, train_score: {'accuracy': 0.94223, 'balanced_accuracy': 0.830785997554601, 'f1_macro': 0.8422041661572439, 'f1_micro': 0.94223, 'f1_weighted': 0.9407023496756953, 'precision_macro': 0.9471234939030794, 'precision_micro': 0.94223, 'precision_weighted': 0.9427388690311242, 'recall_macro': 0.830785997554601, 'recall_micro': 0.94223, 'recall_weighted': 0.94223}
Validation statistic: Loss: 1.9521, dev_score: {'accuracy': 0.469418199900547, 'balanced_accuracy': 0.4606990623503628, 'f1_macro': 0.40227338599149826, 'f1_micro': 0.469418199900547, 'f1_weighted': 0.4134054881777537, 'precision_macro': 0.5808572058700204, 'precision_micro': 0.469418199900547, 'precision_weighted': 0.5906937709492908, 'recall_macro': 0.4606990623503628, 'recall_micro': 0.469418199900547, 'recall_weighted': 0.469418199900547}
Saving model...
Model saved!
-------------------------------------------
-----------------------
Epoch 46/100
Training statistic: Loss: 0.2337, train_score: {'accuracy': 0.94602, 'balanced_accuracy': 0.8382683721934525, 'f1_macro': 0.8474539782336009, 'f1_micro': 0.94602, 'f1_weighted': 0.9447110008952121, 'precision_macro': 0.9499282786832935, 'precision_micro': 0.94602, 'precision_weighted': 0.9464490651968259, 'recall_macro': 0.8382683721934525, 'recall_micro': 0.94602, 'recall_weighted': 0.94602}
Validation statistic: Loss: 1.9002, dev_score: {'accuracy': 0.4709099950273496, 'balanced_accuracy': 0.46301109792977097, 'f1_macro': 0.4033818279877761, 'f1_micro': 0.4709099950273496, 'f1_weighted': 0.41385966191904355, 'precision_macro': 0.5776574567700585, 'precision_micro': 0.4709099950273496, 'precision_weighted': 0.5891813720405084, 'recall_macro': 0.46301109792977097, 'recall_micro': 0.4709099950273496, 'recall_weighted': 0.4709099950273496}
Saving model...
Model saved!
-------------------------------------------
-----------------------
Epoch 47/100
Training statistic: Loss: 0.2312, train_score: {'accuracy': 0.94266, 'balanced_accuracy': 0.8331196186668457, 'f1_macro': 0.846640165735655, 'f1_micro': 0.94266, 'f1_weighted': 0.9412185302081918, 'precision_macro': 0.9413600666330503, 'precision_micro': 0.94266, 'precision_weighted': 0.9431009487972951, 'recall_macro': 0.8331196186668457, 'recall_micro': 0.94266, 'recall_weighted': 0.94266}
Validation statistic: Loss: 1.9656, dev_score: {'accuracy': 0.4810210508867893, 'balanced_accuracy': 0.47187901795985276, 'f1_macro': 0.40938783789994015, 'f1_micro': 0.4810210508867893, 'f1_weighted': 0.42115769075128895, 'precision_macro': 0.590142013568601, 'precision_micro': 0.4810210508867893, 'precision_weighted': 0.6009054893187016, 'recall_macro': 0.47187901795985276, 'recall_micro': 0.4810210508867893, 'recall_weighted': 0.4810210508867893}
-----------------------
Epoch 48/100
Training statistic: Loss: 0.2384, train_score: {'accuracy': 0.94267, 'balanced_accuracy': 0.8360723468363798, 'f1_macro': 0.8569805998287041, 'f1_micro': 0.94267, 'f1_weighted': 0.9412874841306399, 'precision_macro': 0.9484896158422764, 'precision_micro': 0.94267, 'precision_weighted': 0.943318570568198, 'recall_macro': 0.8360723468363798, 'recall_micro': 0.94267, 'recall_weighted': 0.94267}
Validation statistic: Loss: 1.8908, dev_score: {'accuracy': 0.48665672136582133, 'balanced_accuracy': 0.4758354045732565, 'f1_macro': 0.4173173269167275, 'f1_micro': 0.48665672136582133, 'f1_weighted': 0.4303058698429646, 'precision_macro': 0.5760452169762239, 'precision_micro': 0.48665672136582133, 'precision_weighted': 0.5853853918007961, 'recall_macro': 0.4758354045732565, 'recall_micro': 0.48665672136582133, 'recall_weighted': 0.48665672136582133}
Saving model...
Model saved!
-------------------------------------------
-----------------------
Epoch 49/100
Training statistic: Loss: 0.2258, train_score: {'accuracy': 0.94138, 'balanced_accuracy': 0.8374096750014646, 'f1_macro': 0.8531895402280382, 'f1_micro': 0.94138, 'f1_weighted': 0.9402011015667595, 'precision_macro': 0.9424533202483453, 'precision_micro': 0.94138, 'precision_weighted': 0.9421377093000403, 'recall_macro': 0.8374096750014646, 'recall_micro': 0.94138, 'recall_weighted': 0.94138}
Validation statistic: Loss: 2.0352, dev_score: {'accuracy': 0.483507376098127, 'balanced_accuracy': 0.47323174616488295, 'f1_macro': 0.4098932950449674, 'f1_micro': 0.483507376098127, 'f1_weighted': 0.4226106718831584, 'precision_macro': 0.5890899515331902, 'precision_micro': 0.483507376098127, 'precision_weighted': 0.5980159460840339, 'recall_macro': 0.47323174616488295, 'recall_micro': 0.483507376098127, 'recall_weighted': 0.483507376098127}
-----------------------
Epoch 50/100
Training statistic: Loss: 0.2264, train_score: {'accuracy': 0.94639, 'balanced_accuracy': 0.8445221578669605, 'f1_macro': 0.8584106355040164, 'f1_micro': 0.94639, 'f1_weighted': 0.9453001426825872, 'precision_macro': 0.938524245428091, 'precision_micro': 0.94639, 'precision_weighted': 0.9469002829133569, 'recall_macro': 0.8445221578669605, 'recall_micro': 0.94639, 'recall_weighted': 0.94639}
Validation statistic: Loss: 1.9073, dev_score: {'accuracy': 0.47737444057682743, 'balanced_accuracy': 0.46746545638604553, 'f1_macro': 0.4104764854241022, 'f1_micro': 0.47737444057682743, 'f1_weighted': 0.42246609143916153, 'precision_macro': 0.5900239187512515, 'precision_micro': 0.47737444057682743, 'precision_weighted': 0.6006540576264983, 'recall_macro': 0.46746545638604553, 'recall_micro': 0.47737444057682743, 'recall_weighted': 0.47737444057682743}
-----------------------
Epoch 51/100
Training statistic: Loss: 0.2155, train_score: {'accuracy': 0.9501, 'balanced_accuracy': 0.8540463873969939, 'f1_macro': 0.8744161547249059, 'f1_micro': 0.9501, 'f1_weighted': 0.9490701558447431, 'precision_macro': 0.9472013319438599, 'precision_micro': 0.9501, 'precision_weighted': 0.9504085450322058, 'recall_macro': 0.8540463873969939, 'recall_micro': 0.9501, 'recall_weighted': 0.9501}
Validation statistic: Loss: 1.9215, dev_score: {'accuracy': 0.49560749212663685, 'balanced_accuracy': 0.4827294918581452, 'f1_macro': 0.42536355585659147, 'f1_micro': 0.49560749212663685, 'f1_weighted': 0.4392392184154214, 'precision_macro': 0.5977607032698167, 'precision_micro': 0.49560749212663685, 'precision_weighted': 0.6065511249557178, 'recall_macro': 0.4827294918581452, 'recall_micro': 0.49560749212663685, 'recall_weighted': 0.49560749212663685}
-----------------------
Epoch 52/100
Training statistic: Loss: 0.2125, train_score: {'accuracy': 0.95215, 'balanced_accuracy': 0.8485929519395533, 'f1_macro': 0.864381699466416, 'f1_micro': 0.95215, 'f1_weighted': 0.9510110860023553, 'precision_macro': 0.9495603160539261, 'precision_micro': 0.95215, 'precision_weighted': 0.9522639003476455, 'recall_macro': 0.8485929519395533, 'recall_micro': 0.95215, 'recall_weighted': 0.95215}
Validation statistic: Loss: 1.9338, dev_score: {'accuracy': 0.48151831592905686, 'balanced_accuracy': 0.4725324256371419, 'f1_macro': 0.4177964735681021, 'f1_micro': 0.48151831592905686, 'f1_weighted': 0.42911286761990475, 'precision_macro': 0.5944370144595416, 'precision_micro': 0.48151831592905686, 'precision_weighted': 0.6048373990449517, 'recall_macro': 0.4725324256371419, 'recall_micro': 0.48151831592905686, 'recall_weighted': 0.48151831592905686}
-----------------------
Epoch 53/100
Training statistic: Loss: 0.2179, train_score: {'accuracy': 0.94898, 'balanced_accuracy': 0.8483968357562887, 'f1_macro': 0.8611354395590952, 'f1_micro': 0.94898, 'f1_weighted': 0.9478518616494731, 'precision_macro': 0.9393441572073329, 'precision_micro': 0.94898, 'precision_weighted': 0.9491401032722186, 'recall_macro': 0.8483968357562887, 'recall_micro': 0.94898, 'recall_weighted': 0.94898}
Validation statistic: Loss: 1.9493, dev_score: {'accuracy': 0.4828443560417703, 'balanced_accuracy': 0.47219498878111815, 'f1_macro': 0.41348886776333976, 'f1_micro': 0.4828443560417703, 'f1_weighted': 0.42584275732315036, 'precision_macro': 0.5793984744198644, 'precision_micro': 0.4828443560417703, 'precision_weighted': 0.5889007376749472, 'recall_macro': 0.47219498878111815, 'recall_micro': 0.4828443560417703, 'recall_weighted': 0.4828443560417703}
-----------------------
Epoch 54/100
Training statistic: Loss: 0.2122, train_score: {'accuracy': 0.94899, 'balanced_accuracy': 0.8468076501207074, 'f1_macro': 0.8643142057866594, 'f1_micro': 0.94899, 'f1_weighted': 0.9478851013911557, 'precision_macro': 0.9366106381641108, 'precision_micro': 0.94899, 'precision_weighted': 0.9490329076850001, 'recall_macro': 0.8468076501207074, 'recall_micro': 0.94899, 'recall_weighted': 0.94899}
Validation statistic: Loss: 1.9479, dev_score: {'accuracy': 0.4755511354218465, 'balanced_accuracy': 0.46601561101199246, 'f1_macro': 0.4072806588369831, 'f1_micro': 0.4755511354218465, 'f1_weighted': 0.41928337336550675, 'precision_macro': 0.5826233234163685, 'precision_micro': 0.4755511354218465, 'precision_weighted': 0.5928634894757092, 'recall_macro': 0.46601561101199246, 'recall_micro': 0.4755511354218465, 'recall_weighted': 0.4755511354218465}
-----------------------
Epoch 55/100
Training statistic: Loss: 0.2090, train_score: {'accuracy': 0.95215, 'balanced_accuracy': 0.8509173813708353, 'f1_macro': 0.8658587316322001, 'f1_micro': 0.95215, 'f1_weighted': 0.9510600902990607, 'precision_macro': 0.9454639276006889, 'precision_micro': 0.95215, 'precision_weighted': 0.9522291218079859, 'recall_macro': 0.8509173813708353, 'recall_micro': 0.95215, 'recall_weighted': 0.95215}
Validation statistic: Loss: 1.9163, dev_score: {'accuracy': 0.47870048068954085, 'balanced_accuracy': 0.4700209090915937, 'f1_macro': 0.412558965996363, 'f1_micro': 0.47870048068954085, 'f1_weighted': 0.42357408275341385, 'precision_macro': 0.6122736515683334, 'precision_micro': 0.47870048068954085, 'precision_weighted': 0.6211358031005328, 'recall_macro': 0.4700209090915937, 'recall_micro': 0.47870048068954085, 'recall_weighted': 0.47870048068954085}
-----------------------
Epoch 56/100
Training statistic: Loss: 0.2124, train_score: {'accuracy': 0.95128, 'balanced_accuracy': 0.8465993252395967, 'f1_macro': 0.8636097036487694, 'f1_micro': 0.95128, 'f1_weighted': 0.9500935331875173, 'precision_macro': 0.9430180332505522, 'precision_micro': 0.95128, 'precision_weighted': 0.9514535976921314, 'recall_macro': 0.8465993252395967, 'recall_micro': 0.95128, 'recall_weighted': 0.95128}
Validation statistic: Loss: 1.9894, dev_score: {'accuracy': 0.46345101939333666, 'balanced_accuracy': 0.45665289086352245, 'f1_macro': 0.39648818958420884, 'f1_micro': 0.46345101939333666, 'f1_weighted': 0.4059112023610885, 'precision_macro': 0.616016290552289, 'precision_micro': 0.46345101939333666, 'precision_weighted': 0.6237575907673729, 'recall_macro': 0.45665289086352245, 'recall_micro': 0.46345101939333666, 'recall_weighted': 0.46345101939333666}
-----------------------
Epoch 57/100
Training statistic: Loss: 0.2144, train_score: {'accuracy': 0.95004, 'balanced_accuracy': 0.8461885782511626, 'f1_macro': 0.8607453139976456, 'f1_micro': 0.95004, 'f1_weighted': 0.9488954116913253, 'precision_macro': 0.9508239869141045, 'precision_micro': 0.95004, 'precision_weighted': 0.9504549490005053, 'recall_macro': 0.8461885782511626, 'recall_micro': 0.95004, 'recall_weighted': 0.95004}
Validation statistic: Loss: 2.0147, dev_score: {'accuracy': 0.44753853804077576, 'balanced_accuracy': 0.4435078548164742, 'f1_macro': 0.3837892598855801, 'f1_micro': 0.44753853804077576, 'f1_weighted': 0.3901339008036462, 'precision_macro': 0.5928736792504378, 'precision_micro': 0.44753853804077576, 'precision_weighted': 0.6019727547668637, 'recall_macro': 0.4435078548164742, 'recall_micro': 0.44753853804077576, 'recall_weighted': 0.44753853804077576}
-----------------------
Epoch 58/100
Training statistic: Loss: 0.2152, train_score: {'accuracy': 0.95169, 'balanced_accuracy': 0.857122047078551, 'f1_macro': 0.8726026196624522, 'f1_micro': 0.95169, 'f1_weighted': 0.9507635978131966, 'precision_macro': 0.9419979373173952, 'precision_micro': 0.95169, 'precision_weighted': 0.9518757315532216, 'recall_macro': 0.857122047078551, 'recall_micro': 0.95169, 'recall_weighted': 0.95169}
Validation statistic: Loss: 1.9364, dev_score: {'accuracy': 0.4762141554782032, 'balanced_accuracy': 0.46688188584989393, 'f1_macro': 0.4076943132186626, 'f1_micro': 0.4762141554782032, 'f1_weighted': 0.4193475525780246, 'precision_macro': 0.571693836754727, 'precision_micro': 0.4762141554782032, 'precision_weighted': 0.5817345501755438, 'recall_macro': 0.46688188584989393, 'recall_micro': 0.4762141554782032, 'recall_weighted': 0.4762141554782032}
-----------------------
Epoch 59/100
Training statistic: Loss: 0.2056, train_score: {'accuracy': 0.95084, 'balanced_accuracy': 0.8550109806759029, 'f1_macro': 0.8732876794560337, 'f1_micro': 0.95084, 'f1_weighted': 0.9499098226017966, 'precision_macro': 0.9407103588454355, 'precision_micro': 0.95084, 'precision_weighted': 0.951194539556097, 'recall_macro': 0.8550109806759029, 'recall_micro': 0.95084, 'recall_weighted': 0.95084}
Validation statistic: Loss: 1.9716, dev_score: {'accuracy': 0.4700812199569037, 'balanced_accuracy': 0.4621910077734886, 'f1_macro': 0.405915568441908, 'f1_micro': 0.4700812199569037, 'f1_weighted': 0.4161828394674416, 'precision_macro': 0.5859097274988654, 'precision_micro': 0.4700812199569037, 'precision_weighted': 0.594507017862107, 'recall_macro': 0.4621910077734886, 'recall_micro': 0.4700812199569037, 'recall_weighted': 0.4700812199569037}
-----------------------
Epoch 60/100
Training statistic: Loss: 0.2056, train_score: {'accuracy': 0.95377, 'balanced_accuracy': 0.8565090317314177, 'f1_macro': 0.8730098500665553, 'f1_micro': 0.95377, 'f1_weighted': 0.9528379302782365, 'precision_macro': 0.9462683758056863, 'precision_micro': 0.95377, 'precision_weighted': 0.9538324363924843, 'recall_macro': 0.8565090317314177, 'recall_micro': 0.95377, 'recall_weighted': 0.95377}
Validation statistic: Loss: 1.9981, dev_score: {'accuracy': 0.4679264047737444, 'balanced_accuracy': 0.45920124600464635, 'f1_macro': 0.40053915321713485, 'f1_micro': 0.4679264047737444, 'f1_weighted': 0.4116350758463806, 'precision_macro': 0.5775432927661236, 'precision_micro': 0.4679264047737444, 'precision_weighted': 0.5868757694514348, 'recall_macro': 0.45920124600464635, 'recall_micro': 0.4679264047737444, 'recall_weighted': 0.4679264047737444}
-----------------------
Epoch 61/100
Training statistic: Loss: 0.2064, train_score: {'accuracy': 0.95151, 'balanced_accuracy': 0.8586849940999958, 'f1_macro': 0.8754096030637767, 'f1_micro': 0.95151, 'f1_weighted': 0.9506837675664808, 'precision_macro': 0.9502915118918093, 'precision_micro': 0.95151, 'precision_weighted': 0.952149279017238, 'recall_macro': 0.8586849940999958, 'recall_micro': 0.95151, 'recall_weighted': 0.95151}
Validation statistic: Loss: 1.9939, dev_score: {'accuracy': 0.4853306812531079, 'balanced_accuracy': 0.4751629215909974, 'f1_macro': 0.41482147777562506, 'f1_micro': 0.4853306812531079, 'f1_weighted': 0.4271814826628384, 'precision_macro': 0.5923815721404854, 'precision_micro': 0.4853306812531079, 'precision_weighted': 0.6009263563380266, 'recall_macro': 0.4751629215909974, 'recall_micro': 0.4853306812531079, 'recall_weighted': 0.4853306812531079}
-----------------------
Epoch 62/100
Training statistic: Loss: 0.2024, train_score: {'accuracy': 0.95708, 'balanced_accuracy': 0.8640487646924049, 'f1_macro': 0.8820913307830429, 'f1_micro': 0.95708, 'f1_weighted': 0.9562752243531811, 'precision_macro': 0.9499314040715212, 'precision_micro': 0.95708, 'precision_weighted': 0.9572690579253087, 'recall_macro': 0.8640487646924049, 'recall_micro': 0.95708, 'recall_weighted': 0.95708}
Validation statistic: Loss: 1.8921, dev_score: {'accuracy': 0.48450190618266203, 'balanced_accuracy': 0.47476029630789995, 'f1_macro': 0.4197488375116724, 'f1_micro': 0.48450190618266203, 'f1_weighted': 0.4316200625941442, 'precision_macro': 0.590637365030848, 'precision_micro': 0.48450190618266203, 'precision_weighted': 0.6002993844864066, 'recall_macro': 0.47476029630789995, 'recall_micro': 0.48450190618266203, 'recall_weighted': 0.48450190618266203}
-----------------------
Epoch 63/100
Training statistic: Loss: 0.1937, train_score: {'accuracy': 0.95813, 'balanced_accuracy': 0.8761777533145712, 'f1_macro': 0.8933750181990578, 'f1_micro': 0.95813, 'f1_weighted': 0.9575379046781598, 'precision_macro': 0.9513546406901587, 'precision_micro': 0.95813, 'precision_weighted': 0.9583649784768844, 'recall_macro': 0.8761777533145712, 'recall_micro': 0.95813, 'recall_weighted': 0.95813}
Validation statistic: Loss: 2.0031, dev_score: {'accuracy': 0.4730648102105089, 'balanced_accuracy': 0.4625623172025982, 'f1_macro': 0.39958528486289036, 'f1_micro': 0.4730648102105089, 'f1_weighted': 0.4119217924684777, 'precision_macro': 0.556519582187776, 'precision_micro': 0.4730648102105089, 'precision_weighted': 0.5653254669319001, 'recall_macro': 0.4625623172025982, 'recall_micro': 0.4730648102105089, 'recall_weighted': 0.4730648102105089}
-----------------------
Epoch 64/100
Training statistic: Loss: 0.1973, train_score: {'accuracy': 0.95473, 'balanced_accuracy': 0.8610691422736367, 'f1_macro': 0.8808956546540427, 'f1_micro': 0.95473, 'f1_weighted': 0.9538473124914049, 'precision_macro': 0.9503484314813161, 'precision_micro': 0.95473, 'precision_weighted': 0.9550500358451183, 'recall_macro': 0.8610691422736367, 'recall_micro': 0.95473, 'recall_weighted': 0.95473}
Validation statistic: Loss: 1.9746, dev_score: {'accuracy': 0.4820155809713244, 'balanced_accuracy': 0.472459334207079, 'f1_macro': 0.41533740149501613, 'f1_micro': 0.4820155809713244, 'f1_weighted': 0.4269060125957822, 'precision_macro': 0.5866546305717837, 'precision_micro': 0.4820155809713244, 'precision_weighted': 0.5954826589570554, 'recall_macro': 0.472459334207079, 'recall_micro': 0.4820155809713244, 'recall_weighted': 0.4820155809713244}
-----------------------
Epoch 65/100
Training statistic: Loss: 0.2058, train_score: {'accuracy': 0.95454, 'balanced_accuracy': 0.868811158774254, 'f1_macro': 0.8909923470884398, 'f1_micro': 0.95454, 'f1_weighted': 0.9537420044250267, 'precision_macro': 0.948885929521518, 'precision_micro': 0.95454, 'precision_weighted': 0.9548852004577679, 'recall_macro': 0.868811158774254, 'recall_micro': 0.95454, 'recall_weighted': 0.95454}
Validation statistic: Loss: 1.9730, dev_score: {'accuracy': 0.4777059506050058, 'balanced_accuracy': 0.46803900857588704, 'f1_macro': 0.40960636816915696, 'f1_micro': 0.4777059506050058, 'f1_weighted': 0.42116289285708886, 'precision_macro': 0.5701977096880997, 'precision_micro': 0.4777059506050058, 'precision_weighted': 0.5780803292455144, 'recall_macro': 0.46803900857588704, 'recall_micro': 0.4777059506050058, 'recall_weighted': 0.4777059506050058}
-----------------------
Epoch 66/100
Training statistic: Loss: 0.1892, train_score: {'accuracy': 0.96129, 'balanced_accuracy': 0.884595973067143, 'f1_macro': 0.90279569980057, 'f1_micro': 0.96129, 'f1_weighted': 0.9607868657510998, 'precision_macro': 0.9514706961911115, 'precision_micro': 0.96129, 'precision_weighted': 0.9613685009924603, 'recall_macro': 0.884595973067143, 'recall_micro': 0.96129, 'recall_weighted': 0.96129}
Validation statistic: Loss: 2.0536, dev_score: {'accuracy': 0.4828443560417703, 'balanced_accuracy': 0.4720574375036943, 'f1_macro': 0.4106618369073223, 'f1_micro': 0.4828443560417703, 'f1_weighted': 0.4231787685383247, 'precision_macro': 0.5724350429196242, 'precision_micro': 0.4828443560417703, 'precision_weighted': 0.5799434793596399, 'recall_macro': 0.4720574375036943, 'recall_micro': 0.4828443560417703, 'recall_weighted': 0.4828443560417703}
-----------------------
Epoch 67/100
Training statistic: Loss: 0.1963, train_score: {'accuracy': 0.95614, 'balanced_accuracy': 0.8717236109587937, 'f1_macro': 0.8922231943866736, 'f1_micro': 0.95614, 'f1_weighted': 0.9554064260394026, 'precision_macro': 0.9509009257309968, 'precision_micro': 0.95614, 'precision_weighted': 0.9564563267319846, 'recall_macro': 0.8717236109587937, 'recall_micro': 0.95614, 'recall_weighted': 0.95614}
Validation statistic: Loss: 1.9584, dev_score: {'accuracy': 0.4868224763799105, 'balanced_accuracy': 0.47611551743542124, 'f1_macro': 0.4166325884397777, 'f1_micro': 0.4868224763799105, 'f1_weighted': 0.4292764851528872, 'precision_macro': 0.5786537455257779, 'precision_micro': 0.4868224763799105, 'precision_weighted': 0.5874676233382246, 'recall_macro': 0.47611551743542124, 'recall_micro': 0.4868224763799105, 'recall_weighted': 0.4868224763799105}
-----------------------
Epoch 68/100
Training statistic: Loss: 0.1983, train_score: {'accuracy': 0.95765, 'balanced_accuracy': 0.8776696224071575, 'f1_macro': 0.8990273986272337, 'f1_micro': 0.95765, 'f1_weighted': 0.9570573400397189, 'precision_macro': 0.9531900084522237, 'precision_micro': 0.95765, 'precision_weighted': 0.9580385234442566, 'recall_macro': 0.8776696224071575, 'recall_micro': 0.95765, 'recall_weighted': 0.95765}
Validation statistic: Loss: 1.9718, dev_score: {'accuracy': 0.48914304657715896, 'balanced_accuracy': 0.4777834474879176, 'f1_macro': 0.415592980172449, 'f1_micro': 0.48914304657715896, 'f1_weighted': 0.42889023897497747, 'precision_macro': 0.5841082271246462, 'precision_micro': 0.48914304657715896, 'precision_weighted': 0.5922197860381744, 'recall_macro': 0.4777834474879176, 'recall_micro': 0.48914304657715896, 'recall_weighted': 0.48914304657715896}
-----------------------
Epoch 69/100
Training statistic: Loss: 0.1908, train_score: {'accuracy': 0.95723, 'balanced_accuracy': 0.8710706951262749, 'f1_macro': 0.8918236835178588, 'f1_micro': 0.95723, 'f1_weighted': 0.956501776957793, 'precision_macro': 0.9528979030828829, 'precision_micro': 0.95723, 'precision_weighted': 0.9574929586485206, 'recall_macro': 0.8710706951262749, 'recall_micro': 0.95723, 'recall_weighted': 0.95723}
Validation statistic: Loss: 1.9702, dev_score: {'accuracy': 0.4838388861263053, 'balanced_accuracy': 0.47354493693333444, 'f1_macro': 0.4167794756219586, 'f1_micro': 0.4838388861263053, 'f1_weighted': 0.42899521223928233, 'precision_macro': 0.5763051365184075, 'precision_micro': 0.4838388861263053, 'precision_weighted': 0.5858451027243146, 'recall_macro': 0.47354493693333444, 'recall_micro': 0.4838388861263053, 'recall_weighted': 0.4838388861263053}
-----------------------
Epoch 70/100
Training statistic: Loss: 0.1939, train_score: {'accuracy': 0.96006, 'balanced_accuracy': 0.8718058587488823, 'f1_macro': 0.8922008622491606, 'f1_micro': 0.96006, 'f1_weighted': 0.9593234118668468, 'precision_macro': 0.9564876542375715, 'precision_micro': 0.96006, 'precision_weighted': 0.9603071856234955, 'recall_macro': 0.8718058587488823, 'recall_micro': 0.96006, 'recall_weighted': 0.96006}
Validation statistic: Loss: 1.9517, dev_score: {'accuracy': 0.4798607657881651, 'balanced_accuracy': 0.4703770177661604, 'f1_macro': 0.411487070138279, 'f1_micro': 0.4798607657881651, 'f1_weighted': 0.42288626493382575, 'precision_macro': 0.5818651329656319, 'precision_micro': 0.4798607657881651, 'precision_weighted': 0.5897579044195883, 'recall_macro': 0.4703770177661604, 'recall_micro': 0.4798607657881651, 'recall_weighted': 0.4798607657881651}
-----------------------
Epoch 71/100
Training statistic: Loss: 0.1981, train_score: {'accuracy': 0.95986, 'balanced_accuracy': 0.8727782421261432, 'f1_macro': 0.8924795337977486, 'f1_micro': 0.95986, 'f1_weighted': 0.959152723665853, 'precision_macro': 0.9527559650498476, 'precision_micro': 0.95986, 'precision_weighted': 0.9600222735242938, 'recall_macro': 0.8727782421261432, 'recall_micro': 0.95986, 'recall_weighted': 0.95986}
Validation statistic: Loss: 1.8968, dev_score: {'accuracy': 0.4894745566053373, 'balanced_accuracy': 0.47936596277196963, 'f1_macro': 0.42190597103711946, 'f1_micro': 0.4894745566053373, 'f1_weighted': 0.4339123143612543, 'precision_macro': 0.5786495126268697, 'precision_micro': 0.4894745566053373, 'precision_weighted': 0.5879380546698053, 'recall_macro': 0.47936596277196963, 'recall_micro': 0.4894745566053373, 'recall_weighted': 0.4894745566053373}
-----------------------
Epoch 72/100
Training statistic: Loss: 0.1854, train_score: {'accuracy': 0.96293, 'balanced_accuracy': 0.8874678256253471, 'f1_macro': 0.9097442262208215, 'f1_micro': 0.96293, 'f1_weighted': 0.962413185087898, 'precision_macro': 0.9571663022008231, 'precision_micro': 0.96293, 'precision_weighted': 0.963085972481711, 'recall_macro': 0.8874678256253471, 'recall_micro': 0.96293, 'recall_weighted': 0.96293}
Validation statistic: Loss: 1.8720, dev_score: {'accuracy': 0.5022376926902039, 'balanced_accuracy': 0.48944649012775787, 'f1_macro': 0.4292999174279644, 'f1_micro': 0.5022376926902039, 'f1_weighted': 0.4434497004785789, 'precision_macro': 0.5862843979308631, 'precision_micro': 0.5022376926902039, 'precision_weighted': 0.5950297142329041, 'recall_macro': 0.48944649012775787, 'recall_micro': 0.5022376926902039, 'recall_weighted': 0.5022376926902039}
Saving model...
Model saved!
-------------------------------------------
-----------------------
Epoch 73/100
Training statistic: Loss: 0.1860, train_score: {'accuracy': 0.96203, 'balanced_accuracy': 0.8882764536078493, 'f1_macro': 0.9069947751814291, 'f1_micro': 0.96203, 'f1_weighted': 0.9615602877116605, 'precision_macro': 0.954561583470487, 'precision_micro': 0.96203, 'precision_weighted': 0.9622093923123529, 'recall_macro': 0.8882764536078493, 'recall_micro': 0.96203, 'recall_weighted': 0.96203}
Validation statistic: Loss: 1.9370, dev_score: {'accuracy': 0.49394994198574504, 'balanced_accuracy': 0.48271735319618986, 'f1_macro': 0.42680815396803196, 'f1_micro': 0.49394994198574504, 'f1_weighted': 0.43967310099895446, 'precision_macro': 0.6033689020655608, 'precision_micro': 0.49394994198574504, 'precision_weighted': 0.6113591165117146, 'recall_macro': 0.48271735319618986, 'recall_micro': 0.49394994198574504, 'recall_weighted': 0.49394994198574504}
-----------------------
Epoch 74/100
Training statistic: Loss: 0.1850, train_score: {'accuracy': 0.96462, 'balanced_accuracy': 0.8796102336612611, 'f1_macro': 0.898569345903739, 'f1_micro': 0.96462, 'f1_weighted': 0.9639576017786318, 'precision_macro': 0.9641168234199515, 'precision_micro': 0.96462, 'precision_weighted': 0.9649098408150748, 'recall_macro': 0.8796102336612611, 'recall_micro': 0.96462, 'recall_weighted': 0.96462}
Validation statistic: Loss: 1.9810, dev_score: {'accuracy': 0.4818498259572352, 'balanced_accuracy': 0.47199547118619034, 'f1_macro': 0.41633580903441575, 'f1_micro': 0.4818498259572352, 'f1_weighted': 0.428005561217524, 'precision_macro': 0.5926872548411346, 'precision_micro': 0.4818498259572352, 'precision_weighted': 0.6009907184187788, 'recall_macro': 0.47199547118619034, 'recall_micro': 0.4818498259572352, 'recall_weighted': 0.4818498259572352}
-----------------------
Epoch 75/100
Training statistic: Loss: 0.1887, train_score: {'accuracy': 0.96078, 'balanced_accuracy': 0.8867677901222242, 'f1_macro': 0.9094177916980246, 'f1_micro': 0.96078, 'f1_weighted': 0.9602757275328455, 'precision_macro': 0.9581640968527916, 'precision_micro': 0.96078, 'precision_weighted': 0.9610814991536019, 'recall_macro': 0.8867677901222242, 'recall_micro': 0.96078, 'recall_weighted': 0.96078}
Validation statistic: Loss: 1.8890, dev_score: {'accuracy': 0.4896403116194265, 'balanced_accuracy': 0.4789364693391045, 'f1_macro': 0.42517486828107687, 'f1_micro': 0.4896403116194265, 'f1_weighted': 0.43791295790527546, 'precision_macro': 0.5880484545486664, 'precision_micro': 0.4896403116194265, 'precision_weighted': 0.5987159066227821, 'recall_macro': 0.4789364693391045, 'recall_micro': 0.4896403116194265, 'recall_weighted': 0.4896403116194265}
-----------------------
Epoch 76/100
Training statistic: Loss: 0.1873, train_score: {'accuracy': 0.96255, 'balanced_accuracy': 0.8901736545300629, 'f1_macro': 0.9139402112972931, 'f1_micro': 0.96255, 'f1_weighted': 0.9620615192221545, 'precision_macro': 0.9626880780713897, 'precision_micro': 0.96255, 'precision_weighted': 0.9628256557172212, 'recall_macro': 0.8901736545300629, 'recall_micro': 0.96255, 'recall_weighted': 0.96255}
Validation statistic: Loss: 1.9615, dev_score: {'accuracy': 0.4864909663517321, 'balanced_accuracy': 0.47665791858535983, 'f1_macro': 0.42070578775577594, 'f1_micro': 0.4864909663517321, 'f1_weighted': 0.43250895194746686, 'precision_macro': 0.5979028090792409, 'precision_micro': 0.4864909663517321, 'precision_weighted': 0.6072645403061303, 'recall_macro': 0.47665791858535983, 'recall_micro': 0.4864909663517321, 'recall_weighted': 0.4864909663517321}
-----------------------
Epoch 77/100
Training statistic: Loss: 0.1841, train_score: {'accuracy': 0.96351, 'balanced_accuracy': 0.8900529334503788, 'f1_macro': 0.9110926706226852, 'f1_micro': 0.96351, 'f1_weighted': 0.963077633056115, 'precision_macro': 0.9651383534143495, 'precision_micro': 0.96351, 'precision_weighted': 0.964014173898295, 'recall_macro': 0.8900529334503788, 'recall_micro': 0.96351, 'recall_weighted': 0.96351}
Validation statistic: Loss: 1.9180, dev_score: {'accuracy': 0.49494447207028014, 'balanced_accuracy': 0.48493098687352465, 'f1_macro': 0.4302390463736631, 'f1_micro': 0.49494447207028014, 'f1_weighted': 0.4425555298899678, 'precision_macro': 0.6199747766210532, 'precision_micro': 0.49494447207028014, 'precision_weighted': 0.6288214006215599, 'recall_macro': 0.48493098687352465, 'recall_micro': 0.49494447207028014, 'recall_weighted': 0.49494447207028014}
-----------------------
Epoch 78/100
Training statistic: Loss: 0.1787, train_score: {'accuracy': 0.96355, 'balanced_accuracy': 0.8904472441720674, 'f1_macro': 0.9133499157830425, 'f1_micro': 0.96355, 'f1_weighted': 0.9630606235032044, 'precision_macro': 0.9645216269916442, 'precision_micro': 0.96355, 'precision_weighted': 0.9638664106850715, 'recall_macro': 0.8904472441720674, 'recall_micro': 0.96355, 'recall_weighted': 0.96355}
Validation statistic: Loss: 1.9724, dev_score: {'accuracy': 0.48582794629537546, 'balanced_accuracy': 0.4760009737431086, 'f1_macro': 0.4191484125731909, 'f1_micro': 0.48582794629537546, 'f1_weighted': 0.4311769431448273, 'precision_macro': 0.5977026172267388, 'precision_micro': 0.48582794629537546, 'precision_weighted': 0.6064822462537813, 'recall_macro': 0.4760009737431086, 'recall_micro': 0.48582794629537546, 'recall_weighted': 0.48582794629537546}
-----------------------
Epoch 79/100
Training statistic: Loss: 0.1754, train_score: {'accuracy': 0.96564, 'balanced_accuracy': 0.8939025954830535, 'f1_macro': 0.9167344133540283, 'f1_micro': 0.96564, 'f1_weighted': 0.9651646644185061, 'precision_macro': 0.9669405540965504, 'precision_micro': 0.96564, 'precision_weighted': 0.9658989190678108, 'recall_macro': 0.8939025954830535, 'recall_micro': 0.96564, 'recall_weighted': 0.96564}
Validation statistic: Loss: 1.9289, dev_score: {'accuracy': 0.49295541190121, 'balanced_accuracy': 0.48288478366995474, 'f1_macro': 0.4272556999969102, 'f1_micro': 0.49295541190121, 'f1_weighted': 0.4391905756180596, 'precision_macro': 0.5965586753760305, 'precision_micro': 0.49295541190121, 'precision_weighted': 0.6067780405464691, 'recall_macro': 0.48288478366995474, 'recall_micro': 0.49295541190121, 'recall_weighted': 0.49295541190121}
-----------------------
Epoch 80/100
Training statistic: Loss: 0.1816, train_score: {'accuracy': 0.96253, 'balanced_accuracy': 0.8910654966249272, 'f1_macro': 0.9141620650704873, 'f1_micro': 0.96253, 'f1_weighted': 0.962090646976349, 'precision_macro': 0.9641665888179587, 'precision_micro': 0.96253, 'precision_weighted': 0.9629637603230843, 'recall_macro': 0.8910654966249272, 'recall_micro': 0.96253, 'recall_weighted': 0.96253}
Validation statistic: Loss: 1.9153, dev_score: {'accuracy': 0.49394994198574504, 'balanced_accuracy': 0.48307611905042747, 'f1_macro': 0.42747175336670074, 'f1_micro': 0.49394994198574504, 'f1_weighted': 0.4405307216524198, 'precision_macro': 0.603144157092541, 'precision_micro': 0.49394994198574504, 'precision_weighted': 0.6126757405969748, 'recall_macro': 0.48307611905042747, 'recall_micro': 0.49394994198574504, 'recall_weighted': 0.49394994198574504}
-----------------------
Epoch 81/100
Training statistic: Loss: 0.1809, train_score: {'accuracy': 0.9642, 'balanced_accuracy': 0.8985737234130223, 'f1_macro': 0.9200074806292984, 'f1_micro': 0.9642, 'f1_weighted': 0.9638494548477157, 'precision_macro': 0.9649876490531231, 'precision_micro': 0.9642, 'precision_weighted': 0.9644600622328989, 'recall_macro': 0.8985737234130223, 'recall_micro': 0.9642, 'recall_weighted': 0.9642}
Validation statistic: Loss: 1.9483, dev_score: {'accuracy': 0.4894745566053373, 'balanced_accuracy': 0.47873743993184686, 'f1_macro': 0.42606736913758586, 'f1_micro': 0.4894745566053373, 'f1_weighted': 0.43839455879296385, 'precision_macro': 0.5862350057575537, 'precision_micro': 0.4894745566053373, 'precision_weighted': 0.5944508883688069, 'recall_macro': 0.47873743993184686, 'recall_micro': 0.4894745566053373, 'recall_weighted': 0.4894745566053373}
-----------------------
Epoch 82/100
Training statistic: Loss: 0.1793, train_score: {'accuracy': 0.96519, 'balanced_accuracy': 0.893130748316475, 'f1_macro': 0.914613254814826, 'f1_micro': 0.96519, 'f1_weighted': 0.9647641737446765, 'precision_macro': 0.9644052079350386, 'precision_micro': 0.96519, 'precision_weighted': 0.9655672610081021, 'recall_macro': 0.893130748316475, 'recall_micro': 0.96519, 'recall_weighted': 0.96519}
Validation statistic: Loss: 1.9549, dev_score: {'accuracy': 0.48881153654898063, 'balanced_accuracy': 0.4792389063332318, 'f1_macro': 0.42563074934060924, 'f1_micro': 0.48881153654898063, 'f1_weighted': 0.4371116344081998, 'precision_macro': 0.6181231850745125, 'precision_micro': 0.48881153654898063, 'precision_weighted': 0.6264410958775398, 'recall_macro': 0.4792389063332318, 'recall_micro': 0.48881153654898063, 'recall_weighted': 0.48881153654898063}
-----------------------
Epoch 83/100
Training statistic: Loss: 0.1733, train_score: {'accuracy': 0.96759, 'balanced_accuracy': 0.8952733166451858, 'f1_macro': 0.916655243528459, 'f1_micro': 0.96759, 'f1_weighted': 0.9671632786754685, 'precision_macro': 0.9653478168690546, 'precision_micro': 0.96759, 'precision_weighted': 0.9677121280494392, 'recall_macro': 0.8952733166451858, 'recall_micro': 0.96759, 'recall_weighted': 0.96759}
Validation statistic: Loss: 1.9150, dev_score: {'accuracy': 0.49278965688712084, 'balanced_accuracy': 0.4827033429115792, 'f1_macro': 0.4277872864960113, 'f1_micro': 0.49278965688712084, 'f1_weighted': 0.4399086404314864, 'precision_macro': 0.6226319030980381, 'precision_micro': 0.49278965688712084, 'precision_weighted': 0.6306499713864638, 'recall_macro': 0.4827033429115792, 'recall_micro': 0.49278965688712084, 'recall_weighted': 0.49278965688712084}
-----------------------
Epoch 84/100
Training statistic: Loss: 0.1706, train_score: {'accuracy': 0.96816, 'balanced_accuracy': 0.9050819586924659, 'f1_macro': 0.9257505151901562, 'f1_micro': 0.96816, 'f1_weighted': 0.9678304229878983, 'precision_macro': 0.9648739706322257, 'precision_micro': 0.96816, 'precision_weighted': 0.9682988894440762, 'recall_macro': 0.9050819586924659, 'recall_micro': 0.96816, 'recall_weighted': 0.96816}
Validation statistic: Loss: 1.9509, dev_score: {'accuracy': 0.4904690866898724, 'balanced_accuracy': 0.47875942104943797, 'f1_macro': 0.4195165966581234, 'f1_micro': 0.4904690866898724, 'f1_weighted': 0.43294390568456964, 'precision_macro': 0.593926359100861, 'precision_micro': 0.4904690866898724, 'precision_weighted': 0.6039803603310197, 'recall_macro': 0.47875942104943797, 'recall_micro': 0.4904690866898724, 'recall_weighted': 0.4904690866898724}
-----------------------
Epoch 85/100
Training statistic: Loss: 0.1751, train_score: {'accuracy': 0.967, 'balanced_accuracy': 0.9091513488802943, 'f1_macro': 0.928884839759289, 'f1_micro': 0.967, 'f1_weighted': 0.9667527037639915, 'precision_macro': 0.963817820971772, 'precision_micro': 0.967, 'precision_weighted': 0.967370314308461, 'recall_macro': 0.9091513488802943, 'recall_micro': 0.967, 'recall_weighted': 0.967}
Validation statistic: Loss: 1.9099, dev_score: {'accuracy': 0.4904690866898724, 'balanced_accuracy': 0.47889772823350835, 'f1_macro': 0.41757278663151043, 'f1_micro': 0.4904690866898724, 'f1_weighted': 0.4311054460897805, 'precision_macro': 0.5756894775380225, 'precision_micro': 0.4904690866898724, 'precision_weighted': 0.586206840699857, 'recall_macro': 0.47889772823350835, 'recall_micro': 0.4904690866898724, 'recall_weighted': 0.4904690866898724}
-----------------------
Epoch 86/100
Training statistic: Loss: 0.1797, train_score: {'accuracy': 0.9639, 'balanced_accuracy': 0.8919277931737817, 'f1_macro': 0.9137814983635109, 'f1_micro': 0.9639, 'f1_weighted': 0.9634451082986506, 'precision_macro': 0.9615140285822672, 'precision_micro': 0.9639, 'precision_weighted': 0.9643569958136499, 'recall_macro': 0.8919277931737817, 'recall_micro': 0.9639, 'recall_weighted': 0.9639}
Validation statistic: Loss: 1.9323, dev_score: {'accuracy': 0.48301011105585945, 'balanced_accuracy': 0.472586292203154, 'f1_macro': 0.41177023749768776, 'f1_micro': 0.48301011105585945, 'f1_weighted': 0.42426115282661464, 'precision_macro': 0.5943060018771653, 'precision_micro': 0.48301011105585945, 'precision_weighted': 0.603469141840351, 'recall_macro': 0.472586292203154, 'recall_micro': 0.48301011105585945, 'recall_weighted': 0.48301011105585945}
-----------------------
Epoch 87/100
Training statistic: Loss: 0.1676, train_score: {'accuracy': 0.9664, 'balanced_accuracy': 0.9060089810403792, 'f1_macro': 0.9278055307218043, 'f1_micro': 0.9664, 'f1_weighted': 0.9660797054170277, 'precision_macro': 0.9657946145115833, 'precision_micro': 0.9664, 'precision_weighted': 0.9666739606554507, 'recall_macro': 0.9060089810403792, 'recall_micro': 0.9664, 'recall_weighted': 0.9664}
Validation statistic: Loss: 1.9740, dev_score: {'accuracy': 0.49096635173213987, 'balanced_accuracy': 0.47889292222030716, 'f1_macro': 0.41963314148814684, 'f1_micro': 0.49096635173213987, 'f1_weighted': 0.4329591844555278, 'precision_macro': 0.5878029288816913, 'precision_micro': 0.49096635173213987, 'precision_weighted': 0.5962721816882938, 'recall_macro': 0.47889292222030716, 'recall_micro': 0.49096635173213987, 'recall_weighted': 0.49096635173213987}
-----------------------
Epoch 88/100
Training statistic: Loss: 0.1657, train_score: {'accuracy': 0.97, 'balanced_accuracy': 0.9028540369438736, 'f1_macro': 0.923107032362485, 'f1_micro': 0.97, 'f1_weighted': 0.9696536740968293, 'precision_macro': 0.9663945083618947, 'precision_micro': 0.97, 'precision_weighted': 0.9701963543018856, 'recall_macro': 0.9028540369438736, 'recall_micro': 0.97, 'recall_weighted': 0.97}
Validation statistic: Loss: 1.9020, dev_score: {'accuracy': 0.49278965688712084, 'balanced_accuracy': 0.4817777729910251, 'f1_macro': 0.42379600580933674, 'f1_micro': 0.49278965688712084, 'f1_weighted': 0.43682906997233156, 'precision_macro': 0.603050191685097, 'precision_micro': 0.49278965688712084, 'precision_weighted': 0.612408661371378, 'recall_macro': 0.4817777729910251, 'recall_micro': 0.49278965688712084, 'recall_weighted': 0.49278965688712084}
-----------------------
Epoch 89/100
Training statistic: Loss: 0.1725, train_score: {'accuracy': 0.96856, 'balanced_accuracy': 0.9109828441186172, 'f1_macro': 0.9312294767354885, 'f1_micro': 0.96856, 'f1_weighted': 0.9683192915512328, 'precision_macro': 0.9682226254975257, 'precision_micro': 0.96856, 'precision_weighted': 0.9689695593982277, 'recall_macro': 0.9109828441186172, 'recall_micro': 0.96856, 'recall_weighted': 0.96856}
Validation statistic: Loss: 1.9141, dev_score: {'accuracy': 0.5043925078733632, 'balanced_accuracy': 0.49219213840289466, 'f1_macro': 0.4332608711188109, 'f1_micro': 0.5043925078733632, 'f1_weighted': 0.44699184184601687, 'precision_macro': 0.6035800464223686, 'precision_micro': 0.5043925078733632, 'precision_weighted': 0.6117895783536478, 'recall_macro': 0.49219213840289466, 'recall_micro': 0.5043925078733632, 'recall_weighted': 0.5043925078733632}
-----------------------
Epoch 90/100
Training statistic: Loss: 0.1664, train_score: {'accuracy': 0.96734, 'balanced_accuracy': 0.908666260266755, 'f1_macro': 0.9310503126195332, 'f1_micro': 0.96734, 'f1_weighted': 0.9670346222403928, 'precision_macro': 0.9682121420774739, 'precision_micro': 0.96734, 'precision_weighted': 0.9677495387747329, 'recall_macro': 0.908666260266755, 'recall_micro': 0.96734, 'recall_weighted': 0.96734}
Validation statistic: Loss: 1.8981, dev_score: {'accuracy': 0.4969335322393502, 'balanced_accuracy': 0.485140930417393, 'f1_macro': 0.4234039457351357, 'f1_micro': 0.4969335322393502, 'f1_weighted': 0.4371638946644425, 'precision_macro': 0.5869345004037433, 'precision_micro': 0.4969335322393502, 'precision_weighted': 0.5970847708373909, 'recall_macro': 0.485140930417393, 'recall_micro': 0.4969335322393502, 'recall_weighted': 0.4969335322393502}
-----------------------
Epoch 91/100
Training statistic: Loss: 0.1705, train_score: {'accuracy': 0.968, 'balanced_accuracy': 0.9030661886050133, 'f1_macro': 0.9243053552261573, 'f1_micro': 0.968, 'f1_weighted': 0.9676579912350699, 'precision_macro': 0.9686281493715366, 'precision_micro': 0.968, 'precision_weighted': 0.9683292927120201, 'recall_macro': 0.9030661886050133, 'recall_micro': 0.968, 'recall_weighted': 0.968}
Validation statistic: Loss: 1.9234, dev_score: {'accuracy': 0.4903033316757832, 'balanced_accuracy': 0.4807051942279085, 'f1_macro': 0.4228040767711561, 'f1_micro': 0.4903033316757832, 'f1_weighted': 0.434619054926166, 'precision_macro': 0.607014089283005, 'precision_micro': 0.4903033316757832, 'precision_weighted': 0.6169017848796053, 'recall_macro': 0.4807051942279085, 'recall_micro': 0.4903033316757832, 'recall_weighted': 0.4903033316757832}
-----------------------
Epoch 92/100
Training statistic: Loss: 0.1608, train_score: {'accuracy': 0.97142, 'balanced_accuracy': 0.9090970735320619, 'f1_macro': 0.9309318792288235, 'f1_micro': 0.97142, 'f1_weighted': 0.9710993554765103, 'precision_macro': 0.9717956788080077, 'precision_micro': 0.97142, 'precision_weighted': 0.9715935374570419, 'recall_macro': 0.9090970735320619, 'recall_micro': 0.97142, 'recall_weighted': 0.97142}
Validation statistic: Loss: 1.8919, dev_score: {'accuracy': 0.49709928725343944, 'balanced_accuracy': 0.48669533405955745, 'f1_macro': 0.4311301154404094, 'f1_micro': 0.49709928725343944, 'f1_weighted': 0.4435444141650879, 'precision_macro': 0.5972554573697784, 'precision_micro': 0.49709928725343944, 'precision_weighted': 0.6081425160923546, 'recall_macro': 0.48669533405955745, 'recall_micro': 0.49709928725343944, 'recall_weighted': 0.49709928725343944}
-----------------------
Epoch 93/100
Training statistic: Loss: 0.1659, train_score: {'accuracy': 0.96851, 'balanced_accuracy': 0.9111774927967469, 'f1_macro': 0.9322269342593449, 'f1_micro': 0.96851, 'f1_weighted': 0.9682715932452178, 'precision_macro': 0.9696701198122822, 'precision_micro': 0.96851, 'precision_weighted': 0.9687487976319858, 'recall_macro': 0.9111774927967469, 'recall_micro': 0.96851, 'recall_weighted': 0.96851}
Validation statistic: Loss: 1.9036, dev_score: {'accuracy': 0.49627051218299356, 'balanced_accuracy': 0.48551694920011423, 'f1_macro': 0.4323319666806341, 'f1_micro': 0.49627051218299356, 'f1_weighted': 0.4451818470824332, 'precision_macro': 0.611509019130507, 'precision_micro': 0.49627051218299356, 'precision_weighted': 0.6219018106718383, 'recall_macro': 0.48551694920011423, 'recall_micro': 0.49627051218299356, 'recall_weighted': 0.49627051218299356}
-----------------------
Epoch 94/100
Training statistic: Loss: 0.1693, train_score: {'accuracy': 0.96998, 'balanced_accuracy': 0.9118469241907323, 'f1_macro': 0.9328055432012816, 'f1_micro': 0.96998, 'f1_weighted': 0.9697102970600487, 'precision_macro': 0.9711417474543882, 'precision_micro': 0.96998, 'precision_weighted': 0.9702692880048277, 'recall_macro': 0.9118469241907323, 'recall_micro': 0.96998, 'recall_weighted': 0.96998}
Validation statistic: Loss: 1.9222, dev_score: {'accuracy': 0.4914636167744074, 'balanced_accuracy': 0.4811258544106914, 'f1_macro': 0.42260158384434166, 'f1_micro': 0.4914636167744074, 'f1_weighted': 0.43525377526259984, 'precision_macro': 0.6016358853440558, 'precision_micro': 0.4914636167744074, 'precision_weighted': 0.6113843010107823, 'recall_macro': 0.4811258544106914, 'recall_micro': 0.4914636167744074, 'recall_weighted': 0.4914636167744074}
-----------------------
Epoch 95/100
Training statistic: Loss: 0.1621, train_score: {'accuracy': 0.97165, 'balanced_accuracy': 0.9142959835403788, 'f1_macro': 0.9346836555721054, 'f1_micro': 0.97165, 'f1_weighted': 0.9714054722506326, 'precision_macro': 0.9701822938502398, 'precision_micro': 0.97165, 'precision_weighted': 0.9718807855631858, 'recall_macro': 0.9142959835403788, 'recall_micro': 0.97165, 'recall_weighted': 0.97165}
Validation statistic: Loss: 1.9620, dev_score: {'accuracy': 0.48367313111221616, 'balanced_accuracy': 0.47443984970282305, 'f1_macro': 0.41968675125146665, 'f1_micro': 0.48367313111221616, 'f1_weighted': 0.431457453617644, 'precision_macro': 0.5887179087829665, 'precision_micro': 0.48367313111221616, 'precision_weighted': 0.5992055332922072, 'recall_macro': 0.47443984970282305, 'recall_micro': 0.48367313111221616, 'recall_weighted': 0.48367313111221616}
-----------------------
Epoch 96/100
Training statistic: Loss: 0.1608, train_score: {'accuracy': 0.96939, 'balanced_accuracy': 0.9036541305822887, 'f1_macro': 0.9264181816535825, 'f1_micro': 0.96939, 'f1_weighted': 0.9690310102795322, 'precision_macro': 0.9700535152994585, 'precision_micro': 0.96939, 'precision_weighted': 0.9696741496965912, 'recall_macro': 0.9036541305822887, 'recall_micro': 0.96939, 'recall_weighted': 0.96939}
Validation statistic: Loss: 1.9636, dev_score: {'accuracy': 0.483507376098127, 'balanced_accuracy': 0.4747477415655773, 'f1_macro': 0.4181739892502871, 'f1_micro': 0.483507376098127, 'f1_weighted': 0.42952559634719856, 'precision_macro': 0.5938210984177509, 'precision_micro': 0.483507376098127, 'precision_weighted': 0.6050302367232377, 'recall_macro': 0.4747477415655773, 'recall_micro': 0.483507376098127, 'recall_weighted': 0.483507376098127}
-----------------------
Epoch 97/100
Training statistic: Loss: 0.1627, train_score: {'accuracy': 0.97369, 'balanced_accuracy': 0.9197842866659972, 'f1_macro': 0.938767522630142, 'f1_micro': 0.97369, 'f1_weighted': 0.9734533858963272, 'precision_macro': 0.9708075576737528, 'precision_micro': 0.97369, 'precision_weighted': 0.9738184559984356, 'recall_macro': 0.9197842866659972, 'recall_micro': 0.97369, 'recall_weighted': 0.97369}
Validation statistic: Loss: 1.9539, dev_score: {'accuracy': 0.4914636167744074, 'balanced_accuracy': 0.48014161038047387, 'f1_macro': 0.420273156503917, 'f1_micro': 0.4914636167744074, 'f1_weighted': 0.43341983804975887, 'precision_macro': 0.5851600945672203, 'precision_micro': 0.4914636167744074, 'precision_weighted': 0.5944259979897079, 'recall_macro': 0.48014161038047387, 'recall_micro': 0.4914636167744074, 'recall_weighted': 0.4914636167744074}
-----------------------
Epoch 98/100
Training statistic: Loss: 0.1599, train_score: {'accuracy': 0.9729, 'balanced_accuracy': 0.9187890972856207, 'f1_macro': 0.9373782883876345, 'f1_micro': 0.9729, 'f1_weighted': 0.9726766504309392, 'precision_macro': 0.9700620921140508, 'precision_micro': 0.9729, 'precision_weighted': 0.9731089366236956, 'recall_macro': 0.9187890972856207, 'recall_micro': 0.9729, 'recall_weighted': 0.9729}
Validation statistic: Loss: 1.8956, dev_score: {'accuracy': 0.49527598209845847, 'balanced_accuracy': 0.4849968127196238, 'f1_macro': 0.4272580247931758, 'f1_micro': 0.49527598209845847, 'f1_weighted': 0.4396586860945312, 'precision_macro': 0.6047800223603005, 'precision_micro': 0.49527598209845847, 'precision_weighted': 0.6147966834883081, 'recall_macro': 0.4849968127196238, 'recall_micro': 0.49527598209845847, 'recall_weighted': 0.49527598209845847}
-----------------------
Epoch 99/100
Training statistic: Loss: 0.1676, train_score: {'accuracy': 0.97221, 'balanced_accuracy': 0.9166328125219891, 'f1_macro': 0.9354957349073473, 'f1_micro': 0.97221, 'f1_weighted': 0.9719885640965504, 'precision_macro': 0.9705064982357415, 'precision_micro': 0.97221, 'precision_weighted': 0.9724342531736341, 'recall_macro': 0.9166328125219891, 'recall_micro': 0.97221, 'recall_weighted': 0.97221}
Validation statistic: Loss: 1.8920, dev_score: {'accuracy': 0.4896403116194265, 'balanced_accuracy': 0.47877298925951123, 'f1_macro': 0.4208772489852667, 'f1_micro': 0.4896403116194265, 'f1_weighted': 0.4340666157480702, 'precision_macro': 0.5933217834233581, 'precision_micro': 0.4896403116194265, 'precision_weighted': 0.6029696546784173, 'recall_macro': 0.47877298925951123, 'recall_micro': 0.4896403116194265, 'recall_weighted': 0.4896403116194265}
-----------------------
Epoch 100/100
Training statistic: Loss: 0.1605, train_score: {'accuracy': 0.96919, 'balanced_accuracy': 0.9045735792134153, 'f1_macro': 0.923871878871459, 'f1_micro': 0.96919, 'f1_weighted': 0.9688590914653085, 'precision_macro': 0.9693442913717156, 'precision_micro': 0.96919, 'precision_weighted': 0.9694757115394642, 'recall_macro': 0.9045735792134153, 'recall_micro': 0.96919, 'recall_weighted': 0.96919}
Validation statistic: Loss: 1.9786, dev_score: {'accuracy': 0.47870048068954085, 'balanced_accuracy': 0.4696815169087075, 'f1_macro': 0.41178957279837336, 'f1_micro': 0.47870048068954085, 'f1_weighted': 0.42312808470961655, 'precision_macro': 0.586658198529069, 'precision_micro': 0.47870048068954085, 'precision_weighted': 0.5961887918359622, 'recall_macro': 0.4696815169087075, 'recall_micro': 0.47870048068954085, 'recall_weighted': 0.47870048068954085}
Testing statistic: loss: 1.9529028079870272, scores: {'accuracy': 0.49032715486680845, 'balanced_accuracy': 0.4905036543005906, 'f1_macro': 0.43165235439986976, 'f1_micro': 0.49032715486680845, 'f1_weighted': 0.43239709265612464, 'precision_macro': 0.5771920208768014, 'precision_micro': 0.49032715486680845, 'precision_weighted': 0.5798748822836993, 'recall_macro': 0.4905036543005906, 'recall_micro': 0.49032715486680845, 'recall_weighted': 0.49032715486680845}
Finish training!
