=====Setting up data=====
Dataset name:mnist28
train_option:mix
augment_option:gaussian
mix_ratio:-1
n_sample:-1
Training dataset size: 154112 samples
Validation dataset size: 6144 samples

=====Setting up parameters for training=====
num_epochs: 100
learning_rate: 0.001
patience: 30
early_stop_criterion: loss
=====Setting up trainer=====
input_size: 784
model: DNN_MNIST28
----------------------------------------------------------------
        Layer (type)               Output Shape         Param #
================================================================
           Dropout-1                  [-1, 784]               0
            Linear-2                  [-1, 512]         401,920
         LeakyReLU-3                  [-1, 512]               0
       BatchNorm1d-4                  [-1, 512]           1,024
           Dropout-5                  [-1, 512]               0
            Linear-6                 [-1, 1024]         525,312
         LeakyReLU-7                 [-1, 1024]               0
       BatchNorm1d-8                 [-1, 1024]           2,048
           Dropout-9                 [-1, 1024]               0
           Linear-10                  [-1, 256]         262,400
        LeakyReLU-11                  [-1, 256]               0
      BatchNorm1d-12                  [-1, 256]             512
          Dropout-13                  [-1, 256]               0
           Linear-14                  [-1, 128]          32,896
        LeakyReLU-15                  [-1, 128]               0
      BatchNorm1d-16                  [-1, 128]             256
          Dropout-17                  [-1, 128]               0
           Linear-18                   [-1, 10]           1,290
================================================================
Total params: 1,227,658
Trainable params: 1,227,658
Non-trainable params: 0
----------------------------------------------------------------
Input size (MB): 0.00
Forward/backward pass size (MB): 0.06
Params size (MB): 4.68
Estimated Total Size (MB): 4.75
----------------------------------------------------------------
=====Setting up output files=====
weight_dir, weight_file: /home/thuy/Research/minh_data_synth/TabularDA/.cache/mnist_head_fixed_runtime_20261009/output/mnist_head_fixed_20261009/mnist28/weight/, mnist28_seed43_ctgan_xonly_gaussian_mix.weights.pth
acc_dir, acc_file: /home/thuy/Research/minh_data_synth/TabularDA/.cache/mnist_head_fixed_runtime_20261009/output/mnist_head_fixed_20261009/mnist28/acc/, mnist28_seed43_ctgan_xonly_gaussian_mix.epochs.csv
report_file: mnist28_seed43_ctgan_xonly_gaussian_mix.report.txt
==========================================================================================
Start training...
-----------------------
Epoch 1/100
Training statistic: Loss: 1.2524, train_score: {'accuracy': 0.5710799901358911, 'balanced_accuracy': 0.4897137198379986, 'f1_macro': 0.4700561050852288, 'f1_micro': 0.5710799901358911, 'f1_weighted': 0.5348361944810005, 'precision_macro': 0.567578726128869, 'precision_micro': 0.5710799901358911, 'precision_weighted': 0.5947879475851549, 'recall_macro': 0.4897137198379986, 'recall_micro': 0.5710799901358911, 'recall_weighted': 0.5710799901358911}
Validation statistic: Loss: 1.7475, dev_score: {'accuracy': 0.42516161113873696, 'balanced_accuracy': 0.42957775476114496, 'f1_macro': 0.370740311995838, 'f1_micro': 0.42516161113873696, 'f1_weighted': 0.36486223091679093, 'precision_macro': 0.5248271386123086, 'precision_micro': 0.42516161113873696, 'precision_weighted': 0.5175305289641046, 'recall_macro': 0.42957775476114496, 'recall_micro': 0.42516161113873696, 'recall_weighted': 0.42516161113873696}
Saving model...
Model saved!
-------------------------------------------
-----------------------
Epoch 2/100
Training statistic: Loss: 1.0797, train_score: {'accuracy': 0.6380326294339819, 'balanced_accuracy': 0.5532170569558079, 'f1_macro': 0.5461798437368186, 'f1_micro': 0.6380326294339819, 'f1_weighted': 0.6114179558576771, 'precision_macro': 0.7196625334780127, 'precision_micro': 0.6380326294339819, 'precision_weighted': 0.6935923917154577, 'recall_macro': 0.5532170569558079, 'recall_micro': 0.6380326294339819, 'recall_weighted': 0.6380326294339819}
Validation statistic: Loss: 1.7327, dev_score: {'accuracy': 0.4276479363500746, 'balanced_accuracy': 0.43089346156103064, 'f1_macro': 0.3732282643118964, 'f1_micro': 0.4276479363500746, 'f1_weighted': 0.3685710030073176, 'precision_macro': 0.6564972274785642, 'precision_micro': 0.4276479363500746, 'precision_weighted': 0.6653007290401912, 'recall_macro': 0.43089346156103064, 'recall_micro': 0.4276479363500746, 'recall_weighted': 0.4276479363500746}
Saving model...
Model saved!
-------------------------------------------
-----------------------
Epoch 3/100
Training statistic: Loss: 0.9610, train_score: {'accuracy': 0.6766324451308942, 'balanced_accuracy': 0.6049508265600965, 'f1_macro': 0.6092475163634838, 'f1_micro': 0.6766324451308942, 'f1_weighted': 0.6609560001074217, 'precision_macro': 0.7523504856810022, 'precision_micro': 0.6766324451308942, 'precision_weighted': 0.7319413508651701, 'recall_macro': 0.6049508265600965, 'recall_micro': 0.6766324451308942, 'recall_weighted': 0.6766324451308942}
Validation statistic: Loss: 1.5959, dev_score: {'accuracy': 0.45599204375932373, 'balanced_accuracy': 0.4569515384897868, 'f1_macro': 0.4111343293101991, 'f1_micro': 0.45599204375932373, 'f1_weighted': 0.4098942695614594, 'precision_macro': 0.6796368243618802, 'precision_micro': 0.45599204375932373, 'precision_weighted': 0.6876306438411716, 'recall_macro': 0.4569515384897868, 'recall_micro': 0.45599204375932373, 'recall_weighted': 0.45599204375932373}
Saving model...
Model saved!
-------------------------------------------
-----------------------
Epoch 4/100
Training statistic: Loss: 0.9373, train_score: {'accuracy': 0.6849715108959467, 'balanced_accuracy': 0.6073425512759592, 'f1_macro': 0.6086186299992847, 'f1_micro': 0.6849715108959467, 'f1_weighted': 0.6663115344677397, 'precision_macro': 0.7602926468084938, 'precision_micro': 0.6849715108959467, 'precision_weighted': 0.7379585369073757, 'recall_macro': 0.6073425512759592, 'recall_micro': 0.6849715108959467, 'recall_weighted': 0.6849715108959467}
Validation statistic: Loss: 1.6290, dev_score: {'accuracy': 0.45416873860434276, 'balanced_accuracy': 0.45582915119968825, 'f1_macro': 0.40635549581286307, 'f1_micro': 0.45416873860434276, 'f1_weighted': 0.40330293476507834, 'precision_macro': 0.6869837333529026, 'precision_micro': 0.45416873860434276, 'precision_weighted': 0.6931098701549874, 'recall_macro': 0.45582915119968825, 'recall_micro': 0.45416873860434276, 'recall_weighted': 0.45416873860434276}
-----------------------
Epoch 5/100
Training statistic: Loss: 0.9116, train_score: {'accuracy': 0.6973211156826353, 'balanced_accuracy': 0.6380087050056511, 'f1_macro': 0.6404197586481258, 'f1_micro': 0.6973211156826353, 'f1_weighted': 0.6859377487985568, 'precision_macro': 0.7581122170628884, 'precision_micro': 0.6973211156826353, 'precision_weighted': 0.748997928880733, 'recall_macro': 0.6380087050056511, 'recall_micro': 0.6973211156826353, 'recall_weighted': 0.6973211156826353}
Validation statistic: Loss: 1.6082, dev_score: {'accuracy': 0.4535057185479861, 'balanced_accuracy': 0.451328091634284, 'f1_macro': 0.4055153356056137, 'f1_micro': 0.4535057185479861, 'f1_weighted': 0.40651915018428203, 'precision_macro': 0.6582199690562307, 'precision_micro': 0.4535057185479861, 'precision_weighted': 0.6617516857567037, 'recall_macro': 0.451328091634284, 'recall_micro': 0.4535057185479861, 'recall_weighted': 0.4535057185479861}
-----------------------
Epoch 6/100
Training statistic: Loss: 0.8855, train_score: {'accuracy': 0.7134735940400015, 'balanced_accuracy': 0.6432045874861345, 'f1_macro': 0.6383568402315228, 'f1_micro': 0.7134735940400015, 'f1_weighted': 0.6958960081726673, 'precision_macro': 0.7711807995505232, 'precision_micro': 0.7134735940400015, 'precision_weighted': 0.7575439405180757, 'recall_macro': 0.6432045874861345, 'recall_micro': 0.7134735940400015, 'recall_weighted': 0.7134735940400015}
Validation statistic: Loss: 1.6259, dev_score: {'accuracy': 0.4614619592242665, 'balanced_accuracy': 0.4617029897091867, 'f1_macro': 0.4056680312923019, 'f1_micro': 0.4614619592242665, 'f1_weighted': 0.4034725666465312, 'precision_macro': 0.6759451445884419, 'precision_micro': 0.4614619592242665, 'precision_weighted': 0.6811554713243482, 'recall_macro': 0.4617029897091867, 'recall_micro': 0.4614619592242665, 'recall_weighted': 0.4614619592242665}
-----------------------
Epoch 7/100
Training statistic: Loss: 0.8534, train_score: {'accuracy': 0.7254857424688826, 'balanced_accuracy': 0.6671801542492398, 'f1_macro': 0.6760047335128795, 'f1_micro': 0.7254857424688826, 'f1_weighted': 0.7160951177306394, 'precision_macro': 0.7735302975658828, 'precision_micro': 0.7254857424688826, 'precision_weighted': 0.764058165381302, 'recall_macro': 0.6671801542492398, 'recall_micro': 0.7254857424688826, 'recall_weighted': 0.7254857424688826}
Validation statistic: Loss: 1.5698, dev_score: {'accuracy': 0.46858942483010113, 'balanced_accuracy': 0.46615145338932856, 'f1_macro': 0.4239102341108799, 'f1_micro': 0.46858942483010113, 'f1_weighted': 0.42631236403978895, 'precision_macro': 0.6621077524658671, 'precision_micro': 0.46858942483010113, 'precision_weighted': 0.6671453900245776, 'recall_macro': 0.46615145338932856, 'recall_micro': 0.46858942483010113, 'recall_weighted': 0.46858942483010113}
Saving model...
Model saved!
-------------------------------------------
-----------------------
Epoch 8/100
Training statistic: Loss: 0.8419, train_score: {'accuracy': 0.7283865692369592, 'balanced_accuracy': 0.6749488548043888, 'f1_macro': 0.6917638814662618, 'f1_micro': 0.7283865692369592, 'f1_weighted': 0.7220979048021777, 'precision_macro': 0.7796850593357441, 'precision_micro': 0.7283865692369592, 'precision_weighted': 0.7666563592653285, 'recall_macro': 0.6749488548043888, 'recall_micro': 0.7283865692369592, 'recall_weighted': 0.7283865692369592}
Validation statistic: Loss: 1.5625, dev_score: {'accuracy': 0.4777059506050058, 'balanced_accuracy': 0.47190724293465214, 'f1_macro': 0.44182049579512067, 'f1_micro': 0.4777059506050058, 'f1_weighted': 0.4475738145798271, 'precision_macro': 0.6642295144423612, 'precision_micro': 0.4777059506050058, 'precision_weighted': 0.6679043401633004, 'recall_macro': 0.47190724293465214, 'recall_micro': 0.4777059506050058, 'recall_weighted': 0.4777059506050058}
Saving model...
Model saved!
-------------------------------------------
-----------------------
Epoch 9/100
Training statistic: Loss: 0.7869, train_score: {'accuracy': 0.7437797707892585, 'balanced_accuracy': 0.6903450831680291, 'f1_macro': 0.7012521794207045, 'f1_micro': 0.7437797707892585, 'f1_weighted': 0.7365648335276017, 'precision_macro': 0.7920395737978849, 'precision_micro': 0.7437797707892585, 'precision_weighted': 0.7824574347539821, 'recall_macro': 0.6903450831680291, 'recall_micro': 0.7437797707892585, 'recall_weighted': 0.7437797707892585}
Validation statistic: Loss: 1.4613, dev_score: {'accuracy': 0.5020719376761147, 'balanced_accuracy': 0.4984635626362087, 'f1_macro': 0.4718077713999631, 'f1_micro': 0.5020719376761147, 'f1_weighted': 0.47460853184799917, 'precision_macro': 0.6851592218159297, 'precision_micro': 0.5020719376761147, 'precision_weighted': 0.6883497701552582, 'recall_macro': 0.4984635626362087, 'recall_micro': 0.5020719376761147, 'recall_weighted': 0.5020719376761147}
Saving model...
Model saved!
-------------------------------------------
-----------------------
Epoch 10/100
Training statistic: Loss: 0.7465, train_score: {'accuracy': 0.7513530702039015, 'balanced_accuracy': 0.6967052380164428, 'f1_macro': 0.7083185552966782, 'f1_micro': 0.7513530702039015, 'f1_weighted': 0.7444552449638112, 'precision_macro': 0.7976369727060338, 'precision_micro': 0.7513530702039015, 'precision_weighted': 0.7870412116386873, 'recall_macro': 0.6967052380164428, 'recall_micro': 0.7513530702039015, 'recall_weighted': 0.7513530702039015}
Validation statistic: Loss: 1.3911, dev_score: {'accuracy': 0.5133432786341787, 'balanced_accuracy': 0.5122191066592527, 'f1_macro': 0.4901259431076916, 'f1_micro': 0.5133432786341787, 'f1_weighted': 0.4905388256192269, 'precision_macro': 0.6837937466883621, 'precision_micro': 0.5133432786341787, 'precision_weighted': 0.6882053206054956, 'recall_macro': 0.5122191066592527, 'recall_micro': 0.5133432786341787, 'recall_weighted': 0.5133432786341787}
Saving model...
Model saved!
-------------------------------------------
-----------------------
Epoch 11/100
Training statistic: Loss: 0.7683, train_score: {'accuracy': 0.7507755006684231, 'balanced_accuracy': 0.7015096318497129, 'f1_macro': 0.7125405326851599, 'f1_micro': 0.7507755006684231, 'f1_weighted': 0.7449876764820379, 'precision_macro': 0.7963248746868163, 'precision_micro': 0.7507755006684231, 'precision_weighted': 0.788199100444075, 'recall_macro': 0.7015096318497129, 'recall_micro': 0.7507755006684231, 'recall_weighted': 0.7507755006684231}
Validation statistic: Loss: 1.4464, dev_score: {'accuracy': 0.5145035637328029, 'balanced_accuracy': 0.5080995117657598, 'f1_macro': 0.48636402152881536, 'f1_micro': 0.5145035637328029, 'f1_weighted': 0.49154480515279675, 'precision_macro': 0.6960309572543417, 'precision_micro': 0.5145035637328029, 'precision_weighted': 0.6982694148008047, 'recall_macro': 0.5080995117657598, 'recall_micro': 0.5145035637328029, 'recall_weighted': 0.5145035637328029}
-----------------------
Epoch 12/100
Training statistic: Loss: 0.7566, train_score: {'accuracy': 0.7556751074019754, 'balanced_accuracy': 0.7131617696154485, 'f1_macro': 0.7262935042572641, 'f1_micro': 0.7556751074019754, 'f1_weighted': 0.7517777640892519, 'precision_macro': 0.8025580480695125, 'precision_micro': 0.7556751074019754, 'precision_weighted': 0.793438288024501, 'recall_macro': 0.7131617696154485, 'recall_micro': 0.7556751074019754, 'recall_weighted': 0.7556751074019754}
Validation statistic: Loss: 1.4035, dev_score: {'accuracy': 0.5236200895077076, 'balanced_accuracy': 0.5149477837214369, 'f1_macro': 0.4942561504470759, 'f1_micro': 0.5236200895077076, 'f1_weighted': 0.5021993473042952, 'precision_macro': 0.6994007289911977, 'precision_micro': 0.5236200895077076, 'precision_weighted': 0.7022254034399257, 'recall_macro': 0.5149477837214369, 'recall_micro': 0.5236200895077076, 'recall_weighted': 0.5236200895077076}
-----------------------
Epoch 13/100
Training statistic: Loss: 0.7501, train_score: {'accuracy': 0.7459667475696653, 'balanced_accuracy': 0.6816173238931313, 'f1_macro': 0.6843696104368624, 'f1_micro': 0.7459667475696653, 'f1_weighted': 0.7344393507146536, 'precision_macro': 0.8014973057648327, 'precision_micro': 0.7459667475696653, 'precision_weighted': 0.7919173698092922, 'recall_macro': 0.6816173238931313, 'recall_micro': 0.7459667475696653, 'recall_weighted': 0.7459667475696653}
Validation statistic: Loss: 1.4450, dev_score: {'accuracy': 0.49544173711254763, 'balanced_accuracy': 0.49419846133612405, 'f1_macro': 0.4643261331755288, 'f1_micro': 0.49544173711254763, 'f1_weighted': 0.4636598842853845, 'precision_macro': 0.7101870154005174, 'precision_micro': 0.49544173711254763, 'precision_weighted': 0.711282423379677, 'recall_macro': 0.49419846133612405, 'recall_micro': 0.49544173711254763, 'recall_weighted': 0.49544173711254763}
-----------------------
Epoch 14/100
Training statistic: Loss: 0.7144, train_score: {'accuracy': 0.7605617350448428, 'balanced_accuracy': 0.715082290634743, 'f1_macro': 0.7336172842535067, 'f1_micro': 0.7605617350448428, 'f1_weighted': 0.7568760101612994, 'precision_macro': 0.8099955475065261, 'precision_micro': 0.7605617350448428, 'precision_weighted': 0.7953548189413944, 'recall_macro': 0.715082290634743, 'recall_micro': 0.7605617350448428, 'recall_weighted': 0.7605617350448428}
Validation statistic: Loss: 1.3261, dev_score: {'accuracy': 0.5285927399303829, 'balanced_accuracy': 0.5228019468852099, 'f1_macro': 0.5072209341500346, 'f1_micro': 0.5285927399303829, 'f1_weighted': 0.5127101506420076, 'precision_macro': 0.6968681079295402, 'precision_micro': 0.5285927399303829, 'precision_weighted': 0.7003228715895027, 'recall_macro': 0.5228019468852099, 'recall_micro': 0.5285927399303829, 'recall_weighted': 0.5285927399303829}
Saving model...
Model saved!
-------------------------------------------
-----------------------
Epoch 15/100
Training statistic: Loss: 0.7239, train_score: {'accuracy': 0.7701403039703039, 'balanced_accuracy': 0.7475029650292274, 'f1_macro': 0.7594184556132472, 'f1_micro': 0.7701403039703039, 'f1_weighted': 0.768569887343316, 'precision_macro': 0.8128749926708446, 'precision_micro': 0.7701403039703039, 'precision_weighted': 0.8039674764600068, 'recall_macro': 0.7475029650292274, 'recall_micro': 0.7701403039703039, 'recall_weighted': 0.7701403039703039}
Validation statistic: Loss: 1.3803, dev_score: {'accuracy': 0.558760152494613, 'balanced_accuracy': 0.5425963753241516, 'f1_macro': 0.5148962859629073, 'f1_micro': 0.558760152494613, 'f1_weighted': 0.5289214112046392, 'precision_macro': 0.6937209684236711, 'precision_micro': 0.558760152494613, 'precision_weighted': 0.6973281515919826, 'recall_macro': 0.5425963753241516, 'recall_micro': 0.558760152494613, 'recall_weighted': 0.558760152494613}
-----------------------
Epoch 16/100
Training statistic: Loss: 0.6995, train_score: {'accuracy': 0.7732163484626267, 'balanced_accuracy': 0.7430519298827274, 'f1_macro': 0.7579319405850031, 'f1_micro': 0.7732163484626267, 'f1_weighted': 0.7717058302814882, 'precision_macro': 0.816248312280122, 'precision_micro': 0.7732163484626267, 'precision_weighted': 0.805943688028782, 'recall_macro': 0.7430519298827274, 'recall_micro': 0.7732163484626267, 'recall_weighted': 0.7732163484626267}
Validation statistic: Loss: 1.3408, dev_score: {'accuracy': 0.542847671142052, 'balanced_accuracy': 0.5309005296829902, 'f1_macro': 0.5108257601901248, 'f1_micro': 0.542847671142052, 'f1_weighted': 0.52180275024406, 'precision_macro': 0.7049392895879101, 'precision_micro': 0.542847671142052, 'precision_weighted': 0.7073963903147109, 'recall_macro': 0.5309005296829902, 'recall_micro': 0.542847671142052, 'recall_weighted': 0.542847671142052}
-----------------------
Epoch 17/100
Training statistic: Loss: 0.7249, train_score: {'accuracy': 0.7657728399548328, 'balanced_accuracy': 0.729406825257777, 'f1_macro': 0.7427166894742243, 'f1_micro': 0.7657728399548328, 'f1_weighted': 0.7633941434475755, 'precision_macro': 0.812593597994057, 'precision_micro': 0.7657728399548328, 'precision_weighted': 0.8035463424263736, 'recall_macro': 0.729406825257777, 'recall_micro': 0.7657728399548328, 'recall_weighted': 0.7657728399548328}
Validation statistic: Loss: 1.4302, dev_score: {'accuracy': 0.5272666998176695, 'balanced_accuracy': 0.5177807900468359, 'f1_macro': 0.49474715369943495, 'f1_micro': 0.5272666998176695, 'f1_weighted': 0.5038844639295667, 'precision_macro': 0.697829703493978, 'precision_micro': 0.5272666998176695, 'precision_weighted': 0.7016685121712298, 'recall_macro': 0.5177807900468359, 'recall_micro': 0.5272666998176695, 'recall_weighted': 0.5272666998176695}
-----------------------
Epoch 18/100
Training statistic: Loss: 0.6920, train_score: {'accuracy': 0.7753319402442664, 'balanced_accuracy': 0.7367512588951424, 'f1_macro': 0.7499584655974474, 'f1_micro': 0.7753319402442664, 'f1_weighted': 0.7736227973737996, 'precision_macro': 0.8177875635952658, 'precision_micro': 0.7753319402442664, 'precision_weighted': 0.8114012727248152, 'recall_macro': 0.7367512588951424, 'recall_micro': 0.7753319402442664, 'recall_weighted': 0.7753319402442664}
Validation statistic: Loss: 1.3485, dev_score: {'accuracy': 0.5393668158461793, 'balanced_accuracy': 0.5320796267572956, 'f1_macro': 0.5147388730983956, 'f1_micro': 0.5393668158461793, 'f1_weighted': 0.5214031012770385, 'precision_macro': 0.7109087445435566, 'precision_micro': 0.5393668158461793, 'precision_weighted': 0.7137781266948917, 'recall_macro': 0.5320796267572956, 'recall_micro': 0.5393668158461793, 'recall_weighted': 0.5393668158461793}
-----------------------
Epoch 19/100
Training statistic: Loss: 0.6763, train_score: {'accuracy': 0.7825742728464444, 'balanced_accuracy': 0.7468877012151481, 'f1_macro': 0.76195590895645, 'f1_micro': 0.7825742728464444, 'f1_weighted': 0.780516722248326, 'precision_macro': 0.8249617479699367, 'precision_micro': 0.7825742728464444, 'precision_weighted': 0.8144631529337895, 'recall_macro': 0.7468877012151481, 'recall_micro': 0.7825742728464444, 'recall_weighted': 0.7825742728464444}
Validation statistic: Loss: 1.3241, dev_score: {'accuracy': 0.5526272169733134, 'balanced_accuracy': 0.5443126952608452, 'f1_macro': 0.5293484085614442, 'f1_micro': 0.5526272169733134, 'f1_weighted': 0.536471680929838, 'precision_macro': 0.7136376993240581, 'precision_micro': 0.5526272169733134, 'precision_weighted': 0.7157986855317142, 'recall_macro': 0.5443126952608452, 'recall_micro': 0.5526272169733134, 'recall_weighted': 0.5526272169733134}
Saving model...
Model saved!
-------------------------------------------
-----------------------
Epoch 20/100
Training statistic: Loss: 0.6354, train_score: {'accuracy': 0.7871299336768466, 'balanced_accuracy': 0.7470391510777777, 'f1_macro': 0.7623883370953787, 'f1_micro': 0.7871299336768466, 'f1_weighted': 0.7844085452507513, 'precision_macro': 0.8317824586743781, 'precision_micro': 0.7871299336768466, 'precision_weighted': 0.8204971661058964, 'recall_macro': 0.7470391510777777, 'recall_micro': 0.7871299336768466, 'recall_weighted': 0.7871299336768466}
Validation statistic: Loss: 1.2138, dev_score: {'accuracy': 0.56539035305818, 'balanced_accuracy': 0.5578766127074485, 'f1_macro': 0.5426207768314676, 'f1_micro': 0.56539035305818, 'f1_weighted': 0.5493510605092744, 'precision_macro': 0.735308018892568, 'precision_micro': 0.56539035305818, 'precision_weighted': 0.737079827312405, 'recall_macro': 0.5578766127074485, 'recall_micro': 0.56539035305818, 'recall_weighted': 0.56539035305818}
Saving model...
Model saved!
-------------------------------------------
-----------------------
Epoch 21/100
Training statistic: Loss: 0.6691, train_score: {'accuracy': 0.7754811997871429, 'balanced_accuracy': 0.727347365114684, 'f1_macro': 0.7383219692888988, 'f1_micro': 0.7754811997871429, 'f1_weighted': 0.7707068731721944, 'precision_macro': 0.8212624901865271, 'precision_micro': 0.7754811997871429, 'precision_weighted': 0.8128376619810872, 'recall_macro': 0.727347365114684, 'recall_micro': 0.7754811997871429, 'recall_weighted': 0.7754811997871429}
Validation statistic: Loss: 1.3235, dev_score: {'accuracy': 0.5269351897894912, 'balanced_accuracy': 0.5217089346133108, 'f1_macro': 0.5034211980840677, 'f1_micro': 0.5269351897894912, 'f1_weighted': 0.5070099221963423, 'precision_macro': 0.7103767056392727, 'precision_micro': 0.5269351897894912, 'precision_weighted': 0.7117473475284148, 'recall_macro': 0.5217089346133108, 'recall_micro': 0.5269351897894912, 'recall_weighted': 0.5269351897894912}
-----------------------
Epoch 22/100
Training statistic: Loss: 0.6367, train_score: {'accuracy': 0.7925097667657404, 'balanced_accuracy': 0.7605834442096073, 'f1_macro': 0.7748260062131791, 'f1_micro': 0.7925097667657404, 'f1_weighted': 0.7903854531460395, 'precision_macro': 0.8308395048116994, 'precision_micro': 0.7925097667657404, 'precision_weighted': 0.8218057822058029, 'recall_macro': 0.7605834442096073, 'recall_micro': 0.7925097667657404, 'recall_weighted': 0.7925097667657404}
Validation statistic: Loss: 1.2252, dev_score: {'accuracy': 0.582297364495276, 'balanced_accuracy': 0.5723729547333833, 'f1_macro': 0.5532769124387316, 'f1_micro': 0.582297364495276, 'f1_weighted': 0.5622570337174063, 'precision_macro': 0.7286646805575278, 'precision_micro': 0.582297364495276, 'precision_weighted': 0.7302610780534488, 'recall_macro': 0.5723729547333833, 'recall_micro': 0.582297364495276, 'recall_weighted': 0.582297364495276}
-----------------------
Epoch 23/100
Training statistic: Loss: 0.6448, train_score: {'accuracy': 0.7850662582579464, 'balanced_accuracy': 0.7445382264685255, 'f1_macro': 0.761354398528205, 'f1_micro': 0.7850662582579464, 'f1_weighted': 0.782623658941684, 'precision_macro': 0.829937307147358, 'precision_micro': 0.7850662582579464, 'precision_weighted': 0.8194513389490239, 'recall_macro': 0.7445382264685255, 'recall_micro': 0.7850662582579464, 'recall_weighted': 0.7850662582579464}
Validation statistic: Loss: 1.2687, dev_score: {'accuracy': 0.5513011768606, 'balanced_accuracy': 0.5444696298999695, 'f1_macro': 0.5292682777961714, 'f1_micro': 0.5513011768606, 'f1_weighted': 0.5354048602546546, 'precision_macro': 0.7122412516569138, 'precision_micro': 0.5513011768606, 'precision_weighted': 0.7142625802080126, 'recall_macro': 0.5444696298999695, 'recall_micro': 0.5513011768606, 'recall_weighted': 0.5513011768606}
-----------------------
Epoch 24/100
Training statistic: Loss: 0.6124, train_score: {'accuracy': 0.7969226575986087, 'balanced_accuracy': 0.7598736998685205, 'f1_macro': 0.7766754982289591, 'f1_micro': 0.7969226575986087, 'f1_weighted': 0.7952706836904773, 'precision_macro': 0.8386460361300834, 'precision_micro': 0.7969226575986087, 'precision_weighted': 0.8284740734198476, 'recall_macro': 0.7598736998685205, 'recall_micro': 0.7969226575986087, 'recall_weighted': 0.7969226575986087}
Validation statistic: Loss: 1.1970, dev_score: {'accuracy': 0.5720205536217471, 'balanced_accuracy': 0.5650935878388073, 'f1_macro': 0.5562687267805599, 'f1_micro': 0.5720205536217471, 'f1_weighted': 0.5621667495395225, 'precision_macro': 0.7329673900190684, 'precision_micro': 0.5720205536217471, 'precision_weighted': 0.734337367525573, 'recall_macro': 0.5650935878388073, 'recall_micro': 0.5720205536217471, 'recall_weighted': 0.5720205536217471}
Saving model...
Model saved!
-------------------------------------------
-----------------------
Epoch 25/100
Training statistic: Loss: 0.6151, train_score: {'accuracy': 0.7987267512038106, 'balanced_accuracy': 0.774609865373054, 'f1_macro': 0.7881860250166145, 'f1_micro': 0.7987267512038106, 'f1_weighted': 0.7980699307408694, 'precision_macro': 0.8383928698145338, 'precision_micro': 0.7987267512038106, 'precision_weighted': 0.8285474903049596, 'recall_macro': 0.774609865373054, 'recall_micro': 0.7987267512038106, 'recall_weighted': 0.7987267512038106}
Validation statistic: Loss: 1.1924, dev_score: {'accuracy': 0.590750870213824, 'balanced_accuracy': 0.5778591024534632, 'f1_macro': 0.5584541554602109, 'f1_micro': 0.590750870213824, 'f1_weighted': 0.5699077993286222, 'precision_macro': 0.7197212871639005, 'precision_micro': 0.590750870213824, 'precision_weighted': 0.7227732180017621, 'recall_macro': 0.5778591024534632, 'recall_micro': 0.590750870213824, 'recall_weighted': 0.590750870213824}
Saving model...
Model saved!
-------------------------------------------
-----------------------
Epoch 26/100
Training statistic: Loss: 0.6169, train_score: {'accuracy': 0.7982465248484691, 'balanced_accuracy': 0.7714791465261313, 'f1_macro': 0.7843324947070458, 'f1_micro': 0.7982465248484691, 'f1_weighted': 0.7966231311441965, 'precision_macro': 0.8343924947357803, 'precision_micro': 0.7982465248484691, 'precision_weighted': 0.826286323593283, 'recall_macro': 0.7714791465261313, 'recall_micro': 0.7982465248484691, 'recall_weighted': 0.7982465248484691}
Validation statistic: Loss: 1.2180, dev_score: {'accuracy': 0.586938504889773, 'balanced_accuracy': 0.5736873724016519, 'f1_macro': 0.5495971439644859, 'f1_micro': 0.586938504889773, 'f1_weighted': 0.5615083458851737, 'precision_macro': 0.7207315639409528, 'precision_micro': 0.586938504889773, 'precision_weighted': 0.7226671544048869, 'recall_macro': 0.5736873724016519, 'recall_micro': 0.586938504889773, 'recall_weighted': 0.586938504889773}
-----------------------
Epoch 27/100
Training statistic: Loss: 0.5804, train_score: {'accuracy': 0.8133412073150155, 'balanced_accuracy': 0.794979006948257, 'f1_macro': 0.8058059605566855, 'f1_micro': 0.8133412073150155, 'f1_weighted': 0.8132522049031913, 'precision_macro': 0.8433702581166413, 'precision_micro': 0.8133412073150155, 'precision_weighted': 0.8371081573336913, 'recall_macro': 0.794979006948257, 'recall_micro': 0.8133412073150155, 'recall_weighted': 0.8133412073150155}
Validation statistic: Loss: 1.1144, dev_score: {'accuracy': 0.6225758329189458, 'balanced_accuracy': 0.6098462824244973, 'f1_macro': 0.6016703510835075, 'f1_micro': 0.6225758329189458, 'f1_weighted': 0.6117356132238939, 'precision_macro': 0.7388502912887625, 'precision_micro': 0.6225758329189458, 'precision_weighted': 0.7405554051266273, 'recall_macro': 0.6098462824244973, 'recall_micro': 0.6225758329189458, 'recall_weighted': 0.6225758329189458}
Saving model...
Model saved!
-------------------------------------------
-----------------------
Epoch 28/100
Training statistic: Loss: 0.6027, train_score: {'accuracy': 0.8075265746881773, 'balanced_accuracy': 0.7828678848424291, 'f1_macro': 0.7960323344850554, 'f1_micro': 0.8075265746881773, 'f1_weighted': 0.8068226106147209, 'precision_macro': 0.844048389595929, 'precision_micro': 0.8075265746881773, 'precision_weighted': 0.835362829800572, 'recall_macro': 0.7828678848424291, 'recall_micro': 0.8075265746881773, 'recall_weighted': 0.8075265746881773}
Validation statistic: Loss: 1.1816, dev_score: {'accuracy': 0.6071606166086524, 'balanced_accuracy': 0.5938568821154838, 'f1_macro': 0.5813406392591929, 'f1_micro': 0.6071606166086524, 'f1_weighted': 0.5923652281369289, 'precision_macro': 0.7411908151657559, 'precision_micro': 0.6071606166086524, 'precision_weighted': 0.7428800428069557, 'recall_macro': 0.5938568821154838, 'recall_micro': 0.6071606166086524, 'recall_weighted': 0.6071606166086524}
-----------------------
Epoch 29/100
Training statistic: Loss: 0.5694, train_score: {'accuracy': 0.8170142899788441, 'balanced_accuracy': 0.8003567805706989, 'f1_macro': 0.8108362864185812, 'f1_micro': 0.8170142899788441, 'f1_weighted': 0.81674357271015, 'precision_macro': 0.8494421415044279, 'precision_micro': 0.8170142899788441, 'precision_weighted': 0.8413015211650102, 'recall_macro': 0.8003567805706989, 'recall_micro': 0.8170142899788441, 'recall_weighted': 0.8170142899788441}
Validation statistic: Loss: 1.1129, dev_score: {'accuracy': 0.6232388529753025, 'balanced_accuracy': 0.6100258069349297, 'f1_macro': 0.5950087548844738, 'f1_micro': 0.6232388529753025, 'f1_weighted': 0.6057732561624668, 'precision_macro': 0.7424389193166535, 'precision_micro': 0.6232388529753025, 'precision_weighted': 0.7441101868848683, 'recall_macro': 0.6100258069349297, 'recall_micro': 0.6232388529753025, 'recall_weighted': 0.6232388529753025}
Saving model...
Model saved!
-------------------------------------------
-----------------------
Epoch 30/100
Training statistic: Loss: 0.5631, train_score: {'accuracy': 0.8168650304359677, 'balanced_accuracy': 0.8017316789373432, 'f1_macro': 0.8120424122184918, 'f1_micro': 0.8168650304359677, 'f1_weighted': 0.8159488324488227, 'precision_macro': 0.8502878535478764, 'precision_micro': 0.8168650304359677, 'precision_weighted': 0.839993278602654, 'recall_macro': 0.8017316789373432, 'recall_micro': 0.8168650304359677, 'recall_weighted': 0.8168650304359677}
Validation statistic: Loss: 1.1079, dev_score: {'accuracy': 0.6194264876512514, 'balanced_accuracy': 0.6052815729651011, 'f1_macro': 0.5852341583858693, 'f1_micro': 0.6194264876512514, 'f1_weighted': 0.5973611713163368, 'precision_macro': 0.727028756744384, 'precision_micro': 0.6194264876512514, 'precision_weighted': 0.7301107882309557, 'recall_macro': 0.6052815729651011, 'recall_micro': 0.6194264876512514, 'recall_weighted': 0.6194264876512514}
Saving model...
Model saved!
-------------------------------------------
-----------------------
Epoch 31/100
Training statistic: Loss: 0.5517, train_score: {'accuracy': 0.8177216504211715, 'balanced_accuracy': 0.7945541835338543, 'f1_macro': 0.8098230046751953, 'f1_micro': 0.8177216504211715, 'f1_weighted': 0.8177823215257447, 'precision_macro': 0.8558916297078255, 'precision_micro': 0.8177216504211715, 'precision_weighted': 0.8446421184086316, 'recall_macro': 0.7945541835338543, 'recall_micro': 0.8177216504211715, 'recall_weighted': 0.8177216504211715}
Validation statistic: Loss: 1.0706, dev_score: {'accuracy': 0.6224100779048566, 'balanced_accuracy': 0.6104032985605977, 'f1_macro': 0.6035902355155411, 'f1_micro': 0.6224100779048566, 'f1_weighted': 0.6133407996533643, 'precision_macro': 0.754780051622708, 'precision_micro': 0.6224100779048566, 'precision_weighted': 0.7563383992398179, 'recall_macro': 0.6104032985605977, 'recall_micro': 0.6224100779048566, 'recall_weighted': 0.6224100779048566}
Saving model...
Model saved!
-------------------------------------------
-----------------------
Epoch 32/100
Training statistic: Loss: 0.5484, train_score: {'accuracy': 0.8206743935519878, 'balanced_accuracy': 0.794184145339585, 'f1_macro': 0.8091745204859822, 'f1_micro': 0.8206743935519878, 'f1_weighted': 0.8205621311282024, 'precision_macro': 0.8551961620146976, 'precision_micro': 0.8206743935519878, 'precision_weighted': 0.8456826219708126, 'recall_macro': 0.794184145339585, 'recall_micro': 0.8206743935519878, 'recall_weighted': 0.8206743935519878}
Validation statistic: Loss: 1.0918, dev_score: {'accuracy': 0.6316923586938505, 'balanced_accuracy': 0.6218968040813297, 'f1_macro': 0.6137862665944496, 'f1_micro': 0.6316923586938505, 'f1_weighted': 0.622084738579117, 'precision_macro': 0.755821836489093, 'precision_micro': 0.6316923586938505, 'precision_weighted': 0.7577588190746245, 'recall_macro': 0.6218968040813297, 'recall_micro': 0.6316923586938505, 'recall_weighted': 0.6316923586938505}
-----------------------
Epoch 33/100
Training statistic: Loss: 0.5335, train_score: {'accuracy': 0.8318493906316924, 'balanced_accuracy': 0.8193419203548749, 'f1_macro': 0.829299056752577, 'f1_micro': 0.8318493906316924, 'f1_weighted': 0.8315761431742759, 'precision_macro': 0.8633032716224763, 'precision_micro': 0.8318493906316924, 'precision_weighted': 0.8538195127895212, 'recall_macro': 0.8193419203548749, 'recall_micro': 0.8318493906316924, 'recall_weighted': 0.8318493906316924}
Validation statistic: Loss: 1.0309, dev_score: {'accuracy': 0.6552295706945135, 'balanced_accuracy': 0.6415090779935897, 'f1_macro': 0.6279128517526155, 'f1_micro': 0.6552295706945135, 'f1_weighted': 0.6388605506513289, 'precision_macro': 0.7702072635530124, 'precision_micro': 0.6552295706945135, 'precision_weighted': 0.7712564158584003, 'recall_macro': 0.6415090779935897, 'recall_micro': 0.6552295706945135, 'recall_weighted': 0.6552295706945135}
Saving model...
Model saved!
-------------------------------------------
-----------------------
Epoch 34/100
Training statistic: Loss: 0.5375, train_score: {'accuracy': 0.8222773112515737, 'balanced_accuracy': 0.7961323033208242, 'f1_macro': 0.8119507849927323, 'f1_micro': 0.8222773112515737, 'f1_weighted': 0.8225100704184471, 'precision_macro': 0.8597039931182107, 'precision_micro': 0.8222773112515737, 'precision_weighted': 0.8487107410493011, 'recall_macro': 0.7961323033208242, 'recall_micro': 0.8222773112515737, 'recall_weighted': 0.8222773112515737}
Validation statistic: Loss: 1.0559, dev_score: {'accuracy': 0.6325211337642964, 'balanced_accuracy': 0.6227574219576245, 'f1_macro': 0.6224661128618048, 'f1_micro': 0.6325211337642964, 'f1_weighted': 0.6301583726834351, 'precision_macro': 0.7556382644342392, 'precision_micro': 0.6325211337642964, 'precision_weighted': 0.7577429643336903, 'recall_macro': 0.6227574219576245, 'recall_micro': 0.6325211337642964, 'recall_weighted': 0.6325211337642964}
-----------------------
Epoch 35/100
Training statistic: Loss: 0.5311, train_score: {'accuracy': 0.8237634171349956, 'balanced_accuracy': 0.8009890689210604, 'f1_macro': 0.8162290694376304, 'f1_micro': 0.8237634171349956, 'f1_weighted': 0.8234836190184052, 'precision_macro': 0.8631086362091033, 'precision_micro': 0.8237634171349956, 'precision_weighted': 0.850627091263273, 'recall_macro': 0.8009890689210604, 'recall_micro': 0.8237634171349956, 'recall_weighted': 0.8237634171349956}
Validation statistic: Loss: 1.0592, dev_score: {'accuracy': 0.6270512182993535, 'balanced_accuracy': 0.6157001946579058, 'f1_macro': 0.6081034300165848, 'f1_micro': 0.6270512182993535, 'f1_weighted': 0.6175499307433807, 'precision_macro': 0.7602767685523707, 'precision_micro': 0.6270512182993535, 'precision_weighted': 0.7620451371683385, 'recall_macro': 0.6157001946579058, 'recall_micro': 0.6270512182993535, 'recall_weighted': 0.6270512182993535}
-----------------------
Epoch 36/100
Training statistic: Loss: 0.5363, train_score: {'accuracy': 0.8282022661492335, 'balanced_accuracy': 0.8187610006235474, 'f1_macro': 0.8256634032815022, 'f1_micro': 0.8282022661492335, 'f1_weighted': 0.8285553542715622, 'precision_macro': 0.8585361662243629, 'precision_micro': 0.8282022661492335, 'precision_weighted': 0.8521249696890709, 'recall_macro': 0.8187610006235474, 'recall_micro': 0.8282022661492335, 'recall_weighted': 0.8282022661492335}
Validation statistic: Loss: 1.0725, dev_score: {'accuracy': 0.6403116194264876, 'balanced_accuracy': 0.6252157960765077, 'f1_macro': 0.6096992980134576, 'f1_micro': 0.6403116194264876, 'f1_weighted': 0.6216894774653156, 'precision_macro': 0.7489801485798775, 'precision_micro': 0.6403116194264876, 'precision_weighted': 0.7512047013044845, 'recall_macro': 0.6252157960765077, 'recall_micro': 0.6403116194264876, 'recall_weighted': 0.6403116194264876}
-----------------------
Epoch 37/100
Training statistic: Loss: 0.5764, train_score: {'accuracy': 0.8144638986592599, 'balanced_accuracy': 0.7873816193621282, 'f1_macro': 0.8037300930107903, 'f1_micro': 0.8144638986592599, 'f1_weighted': 0.8143929498308096, 'precision_macro': 0.859428876012533, 'precision_micro': 0.8144638986592599, 'precision_weighted': 0.8470863187872211, 'recall_macro': 0.7873816193621282, 'recall_micro': 0.8144638986592599, 'recall_weighted': 0.8144638986592599}
Validation statistic: Loss: 1.1911, dev_score: {'accuracy': 0.6013591911155313, 'balanced_accuracy': 0.5904617883900232, 'f1_macro': 0.5695431277705982, 'f1_micro': 0.6013591911155313, 'f1_weighted': 0.579504700591509, 'precision_macro': 0.7452771017271445, 'precision_micro': 0.6013591911155313, 'precision_weighted': 0.7477993982677512, 'recall_macro': 0.5904617883900232, 'recall_micro': 0.6013591911155313, 'recall_weighted': 0.6013591911155313}
-----------------------
Epoch 38/100
Training statistic: Loss: 0.5278, train_score: {'accuracy': 0.8303438161122432, 'balanced_accuracy': 0.8109736607987174, 'f1_macro': 0.8251510425777664, 'f1_micro': 0.8303438161122432, 'f1_weighted': 0.8304981617964907, 'precision_macro': 0.8666088361019917, 'precision_micro': 0.8303438161122432, 'precision_weighted': 0.8543233205160451, 'recall_macro': 0.8109736607987174, 'recall_micro': 0.8303438161122432, 'recall_weighted': 0.8303438161122432}
Validation statistic: Loss: 1.0655, dev_score: {'accuracy': 0.641637659539201, 'balanced_accuracy': 0.6310737229355812, 'f1_macro': 0.6170441692204436, 'f1_micro': 0.641637659539201, 'f1_weighted': 0.6263649835893037, 'precision_macro': 0.7582732228258562, 'precision_micro': 0.641637659539201, 'precision_weighted': 0.7612588904347792, 'recall_macro': 0.6310737229355812, 'recall_micro': 0.641637659539201, 'recall_weighted': 0.641637659539201}
-----------------------
Epoch 39/100
Training statistic: Loss: 0.5202, train_score: {'accuracy': 0.8365737796409983, 'balanced_accuracy': 0.8252492722516491, 'f1_macro': 0.8349630710143137, 'f1_micro': 0.8365737796409983, 'f1_weighted': 0.8368819094663137, 'precision_macro': 0.8680659746091178, 'precision_micro': 0.8365737796409983, 'precision_weighted': 0.8590133307798842, 'recall_macro': 0.8252492722516491, 'recall_micro': 0.8365737796409983, 'recall_weighted': 0.8365737796409983}
Validation statistic: Loss: 1.0431, dev_score: {'accuracy': 0.6481021050886789, 'balanced_accuracy': 0.6343479605364917, 'f1_macro': 0.6193891499453723, 'f1_micro': 0.6481021050886789, 'f1_weighted': 0.6308547600642227, 'precision_macro': 0.7543361859275237, 'precision_micro': 0.6481021050886789, 'precision_weighted': 0.7566604425649288, 'recall_macro': 0.6343479605364917, 'recall_micro': 0.6481021050886789, 'recall_weighted': 0.6481021050886789}
-----------------------
Epoch 40/100
Training statistic: Loss: 0.5210, train_score: {'accuracy': 0.8311290510986801, 'balanced_accuracy': 0.8077508890820072, 'f1_macro': 0.8239090209305658, 'f1_micro': 0.8311290510986801, 'f1_weighted': 0.8310301488635793, 'precision_macro': 0.8704446086781672, 'precision_micro': 0.8311290510986801, 'precision_weighted': 0.8569735913755998, 'recall_macro': 0.8077508890820072, 'recall_micro': 0.8311290510986801, 'recall_weighted': 0.8311290510986801}
Validation statistic: Loss: 1.0476, dev_score: {'accuracy': 0.6366650091165258, 'balanced_accuracy': 0.6273226552060266, 'f1_macro': 0.6167511499760455, 'f1_micro': 0.6366650091165258, 'f1_weighted': 0.6249363285846808, 'precision_macro': 0.7709976429488019, 'precision_micro': 0.6366650091165258, 'precision_weighted': 0.7726572044941666, 'recall_macro': 0.6273226552060266, 'recall_micro': 0.6366650091165258, 'recall_weighted': 0.6366650091165258}
-----------------------
Epoch 41/100
Training statistic: Loss: 0.5307, train_score: {'accuracy': 0.8330239983386764, 'balanced_accuracy': 0.8216490763014432, 'f1_macro': 0.8313883453200734, 'f1_micro': 0.8330239983386764, 'f1_weighted': 0.833536039305771, 'precision_macro': 0.8668956316424655, 'precision_micro': 0.8330239983386764, 'precision_weighted': 0.8577180504539877, 'recall_macro': 0.8216490763014432, 'recall_micro': 0.8330239983386764, 'recall_weighted': 0.8330239983386764}
Validation statistic: Loss: 1.0913, dev_score: {'accuracy': 0.6401458644123985, 'balanced_accuracy': 0.6252556201242118, 'f1_macro': 0.6068824434882949, 'f1_micro': 0.6401458644123985, 'f1_weighted': 0.6194127762770409, 'precision_macro': 0.7426632274076295, 'precision_micro': 0.6401458644123985, 'precision_weighted': 0.7463313658769194, 'recall_macro': 0.6252556201242118, 'recall_micro': 0.6401458644123985, 'recall_weighted': 0.6401458644123985}
-----------------------
Epoch 42/100
Training statistic: Loss: 0.4865, train_score: {'accuracy': 0.8447051799550923, 'balanced_accuracy': 0.8336409689441352, 'f1_macro': 0.843068956267962, 'f1_micro': 0.8447051799550923, 'f1_weighted': 0.8451743902251205, 'precision_macro': 0.8726056618261566, 'precision_micro': 0.8447051799550923, 'precision_weighted': 0.8640781920846623, 'recall_macro': 0.8336409689441352, 'recall_micro': 0.8447051799550923, 'recall_weighted': 0.8447051799550923}
Validation statistic: Loss: 0.9436, dev_score: {'accuracy': 0.6727996021879662, 'balanced_accuracy': 0.6596164246289444, 'f1_macro': 0.6559596942438662, 'f1_micro': 0.6727996021879662, 'f1_weighted': 0.6657280936587648, 'precision_macro': 0.773747413546898, 'precision_micro': 0.6727996021879662, 'precision_weighted': 0.7755841532049158, 'recall_macro': 0.6596164246289444, 'recall_micro': 0.6727996021879662, 'recall_weighted': 0.6727996021879662}
Saving model...
Model saved!
-------------------------------------------
-----------------------
Epoch 43/100
Training statistic: Loss: 0.4963, train_score: {'accuracy': 0.8421612781808506, 'balanced_accuracy': 0.8304298446591838, 'f1_macro': 0.8417175640168209, 'f1_micro': 0.8421612781808506, 'f1_weighted': 0.8427900818339101, 'precision_macro': 0.8754187596841898, 'precision_micro': 0.8421612781808506, 'precision_weighted': 0.8645187083822182, 'recall_macro': 0.8304298446591838, 'recall_micro': 0.8421612781808506, 'recall_weighted': 0.8421612781808506}
Validation statistic: Loss: 0.9715, dev_score: {'accuracy': 0.6633515663848831, 'balanced_accuracy': 0.651204806373722, 'f1_macro': 0.6444155850596723, 'f1_micro': 0.6633515663848831, 'f1_weighted': 0.6537429917045419, 'precision_macro': 0.769112641432333, 'precision_micro': 0.6633515663848831, 'precision_weighted': 0.7709960486731328, 'recall_macro': 0.651204806373722, 'recall_micro': 0.6633515663848831, 'recall_weighted': 0.6633515663848831}
-----------------------
Epoch 44/100
Training statistic: Loss: 0.4747, train_score: {'accuracy': 0.8456072267576934, 'balanced_accuracy': 0.8346001999779856, 'f1_macro': 0.844234472053597, 'f1_micro': 0.8456072267576934, 'f1_weighted': 0.846390670143135, 'precision_macro': 0.8755205304288017, 'precision_micro': 0.8456072267576934, 'precision_weighted': 0.8673781939484311, 'recall_macro': 0.8346001999779856, 'recall_micro': 0.8456072267576934, 'recall_weighted': 0.8456072267576934}
Validation statistic: Loss: 0.9335, dev_score: {'accuracy': 0.6673296867230234, 'balanced_accuracy': 0.6555010630330368, 'f1_macro': 0.6508503204127397, 'f1_micro': 0.6673296867230234, 'f1_weighted': 0.6597810177394291, 'precision_macro': 0.7780265587193371, 'precision_micro': 0.6673296867230234, 'precision_weighted': 0.7791584960917907, 'recall_macro': 0.6555010630330368, 'recall_micro': 0.6673296867230234, 'recall_weighted': 0.6673296867230234}
Saving model...
Model saved!
-------------------------------------------
-----------------------
Epoch 45/100
Training statistic: Loss: 0.5170, train_score: {'accuracy': 0.8324334497125131, 'balanced_accuracy': 0.8202393728204903, 'f1_macro': 0.8318658597736718, 'f1_micro': 0.8324334497125131, 'f1_weighted': 0.833835386079616, 'precision_macro': 0.8707950823923246, 'precision_micro': 0.8324334497125131, 'precision_weighted': 0.8606020342494494, 'recall_macro': 0.8202393728204903, 'recall_micro': 0.8324334497125131, 'recall_weighted': 0.8324334497125131}
Validation statistic: Loss: 1.0422, dev_score: {'accuracy': 0.6409746394828444, 'balanced_accuracy': 0.6263470258812335, 'f1_macro': 0.6193319805497428, 'f1_micro': 0.6409746394828444, 'f1_weighted': 0.6306434557579608, 'precision_macro': 0.7729877220211643, 'precision_micro': 0.6409746394828444, 'precision_weighted': 0.77443950091515, 'recall_macro': 0.6263470258812335, 'recall_micro': 0.6409746394828444, 'recall_weighted': 0.6409746394828444}
-----------------------
Epoch 46/100
Training statistic: Loss: 0.4496, train_score: {'accuracy': 0.8586771710773943, 'balanced_accuracy': 0.8507785021354308, 'f1_macro': 0.8610193205886022, 'f1_micro': 0.8586771710773943, 'f1_weighted': 0.8595666626838141, 'precision_macro': 0.8884714632707842, 'precision_micro': 0.8586771710773943, 'precision_weighted': 0.8774321932321152, 'recall_macro': 0.8507785021354308, 'recall_micro': 0.8586771710773943, 'recall_weighted': 0.8586771710773943}
Validation statistic: Loss: 0.8674, dev_score: {'accuracy': 0.7057848499917122, 'balanced_accuracy': 0.6937564531368332, 'f1_macro': 0.6910501335280259, 'f1_micro': 0.7057848499917122, 'f1_weighted': 0.6997981339220806, 'precision_macro': 0.8103581908388124, 'precision_micro': 0.7057848499917122, 'precision_weighted': 0.8105039556333987, 'recall_macro': 0.6937564531368332, 'recall_micro': 0.7057848499917122, 'recall_weighted': 0.7057848499917122}
Saving model...
Model saved!
-------------------------------------------
-----------------------
Epoch 47/100
Training statistic: Loss: 0.4475, train_score: {'accuracy': 0.8602865783223227, 'balanced_accuracy': 0.8525713529297793, 'f1_macro': 0.8595677776802347, 'f1_micro': 0.8602865783223227, 'f1_weighted': 0.8614139815825909, 'precision_macro': 0.8843846224213324, 'precision_micro': 0.8602865783223227, 'precision_weighted': 0.8792626886212945, 'recall_macro': 0.8525713529297793, 'recall_micro': 0.8602865783223227, 'recall_weighted': 0.8602865783223227}
Validation statistic: Loss: 0.8866, dev_score: {'accuracy': 0.6956737941322725, 'balanced_accuracy': 0.6830105464899388, 'f1_macro': 0.6787754450292424, 'f1_micro': 0.6956737941322725, 'f1_weighted': 0.6878788164539017, 'precision_macro': 0.7961953679771134, 'precision_micro': 0.6956737941322725, 'precision_weighted': 0.7966552398211076, 'recall_macro': 0.6830105464899388, 'recall_micro': 0.6956737941322725, 'recall_weighted': 0.6956737941322725}
-----------------------
Epoch 48/100
Training statistic: Loss: 0.4877, train_score: {'accuracy': 0.8470673744597453, 'balanced_accuracy': 0.8362083586815208, 'f1_macro': 0.8481118766273896, 'f1_micro': 0.8470673744597453, 'f1_weighted': 0.8478389715585432, 'precision_macro': 0.8821269176190476, 'precision_micro': 0.8470673744597453, 'precision_weighted': 0.8699603975404853, 'recall_macro': 0.8362083586815208, 'recall_micro': 0.8470673744597453, 'recall_weighted': 0.8470673744597453}
Validation statistic: Loss: 0.9912, dev_score: {'accuracy': 0.6650091165257749, 'balanced_accuracy': 0.6519254655400835, 'f1_macro': 0.6393194142380556, 'f1_micro': 0.6650091165257749, 'f1_weighted': 0.6500492335898228, 'precision_macro': 0.7786881006462913, 'precision_micro': 0.6650091165257749, 'precision_weighted': 0.7806112266925118, 'recall_macro': 0.6519254655400835, 'recall_micro': 0.6650091165257749, 'recall_weighted': 0.6650091165257749}
-----------------------
Epoch 49/100
Training statistic: Loss: 0.4736, train_score: {'accuracy': 0.8503900216750815, 'balanced_accuracy': 0.8412168463331728, 'f1_macro': 0.850743122299239, 'f1_micro': 0.8503900216750815, 'f1_weighted': 0.8511876485341905, 'precision_macro': 0.8817454345506108, 'precision_micro': 0.8503900216750815, 'precision_weighted': 0.8720947080653336, 'recall_macro': 0.8412168463331728, 'recall_micro': 0.8503900216750815, 'recall_weighted': 0.8503900216750815}
Validation statistic: Loss: 0.9447, dev_score: {'accuracy': 0.6762804574838389, 'balanced_accuracy': 0.6628023727565323, 'f1_macro': 0.6493135744972467, 'f1_micro': 0.6762804574838389, 'f1_weighted': 0.6600416159304403, 'precision_macro': 0.7759018988332265, 'precision_micro': 0.6762804574838389, 'precision_weighted': 0.7775861928040828, 'recall_macro': 0.6628023727565323, 'recall_micro': 0.6762804574838389, 'recall_weighted': 0.6762804574838389}
-----------------------
Epoch 50/100
Training statistic: Loss: 0.5003, train_score: {'accuracy': 0.8428232118057809, 'balanced_accuracy': 0.8293524389815085, 'f1_macro': 0.8416700956125114, 'f1_micro': 0.8428232118057809, 'f1_weighted': 0.8443301532455895, 'precision_macro': 0.8784095191713135, 'precision_micro': 0.8428232118057809, 'precision_weighted': 0.8686497922319949, 'recall_macro': 0.8293524389815085, 'recall_micro': 0.8428232118057809, 'recall_weighted': 0.8428232118057809}
Validation statistic: Loss: 1.0313, dev_score: {'accuracy': 0.6611967512017238, 'balanced_accuracy': 0.6484739087866257, 'f1_macro': 0.6360370899862015, 'f1_micro': 0.6611967512017238, 'f1_weighted': 0.6464100137665457, 'precision_macro': 0.7812294439812157, 'precision_micro': 0.6611967512017238, 'precision_weighted': 0.7823075667348691, 'recall_macro': 0.6484739087866257, 'recall_micro': 0.6611967512017238, 'recall_weighted': 0.6611967512017238}
-----------------------
Epoch 51/100
Training statistic: Loss: 0.5042, train_score: {'accuracy': 0.841064545017976, 'balanced_accuracy': 0.8261973345569107, 'f1_macro': 0.8380782060619308, 'f1_micro': 0.841064545017976, 'f1_weighted': 0.8418551667173708, 'precision_macro': 0.8775756137508115, 'precision_micro': 0.841064545017976, 'precision_weighted': 0.8678573579307224, 'recall_macro': 0.8261973345569107, 'recall_micro': 0.841064545017976, 'recall_weighted': 0.841064545017976}
Validation statistic: Loss: 1.0496, dev_score: {'accuracy': 0.6476048400464114, 'balanced_accuracy': 0.6363658657571205, 'f1_macro': 0.6220003803160024, 'f1_micro': 0.6476048400464114, 'f1_weighted': 0.6312322388830705, 'precision_macro': 0.7777095600866852, 'precision_micro': 0.6476048400464114, 'precision_weighted': 0.7788264930663843, 'recall_macro': 0.6363658657571205, 'recall_micro': 0.6476048400464114, 'recall_weighted': 0.6476048400464114}
-----------------------
Epoch 52/100
Training statistic: Loss: 0.4429, train_score: {'accuracy': 0.8614027801212247, 'balanced_accuracy': 0.8542838218272385, 'f1_macro': 0.8626425682064965, 'f1_micro': 0.8614027801212247, 'f1_weighted': 0.8622098780698635, 'precision_macro': 0.8893978364741632, 'precision_micro': 0.8614027801212247, 'precision_weighted': 0.8808190570359401, 'recall_macro': 0.8542838218272385, 'recall_micro': 0.8614027801212247, 'recall_weighted': 0.8614027801212247}
Validation statistic: Loss: 0.8821, dev_score: {'accuracy': 0.7072766451185148, 'balanced_accuracy': 0.6953998601402809, 'f1_macro': 0.69153023749826, 'f1_micro': 0.7072766451185148, 'f1_weighted': 0.699957001244944, 'precision_macro': 0.8065794792553855, 'precision_micro': 0.7072766451185148, 'precision_weighted': 0.8065433282488698, 'recall_macro': 0.6953998601402809, 'recall_micro': 0.7072766451185148, 'recall_weighted': 0.7072766451185148}
-----------------------
Epoch 53/100
Training statistic: Loss: 0.4600, train_score: {'accuracy': 0.8518761275585033, 'balanced_accuracy': 0.8379626737079467, 'f1_macro': 0.8514533881583329, 'f1_micro': 0.8518761275585033, 'f1_weighted': 0.8531583839427161, 'precision_macro': 0.8863039699566331, 'precision_micro': 0.8518761275585033, 'precision_weighted': 0.8743723813632482, 'recall_macro': 0.8379626737079467, 'recall_micro': 0.8518761275585033, 'recall_weighted': 0.8518761275585033}
Validation statistic: Loss: 0.9146, dev_score: {'accuracy': 0.6840709431460301, 'balanced_accuracy': 0.6725405316782946, 'f1_macro': 0.6697069358505485, 'f1_micro': 0.6840709431460301, 'f1_weighted': 0.6783875848618277, 'precision_macro': 0.8053129889854148, 'precision_micro': 0.6840709431460301, 'precision_weighted': 0.8056044103706831, 'recall_macro': 0.6725405316782946, 'recall_micro': 0.6840709431460301, 'recall_weighted': 0.6840709431460301}
-----------------------
Epoch 54/100
Training statistic: Loss: 0.4607, train_score: {'accuracy': 0.8517787843783664, 'balanced_accuracy': 0.8395624223413755, 'f1_macro': 0.8491815103587739, 'f1_micro': 0.8517787843783664, 'f1_weighted': 0.8523398129369882, 'precision_macro': 0.8824798259894979, 'precision_micro': 0.8517787843783664, 'precision_weighted': 0.8747469178979159, 'recall_macro': 0.8395624223413755, 'recall_micro': 0.8517787843783664, 'recall_weighted': 0.8517787843783664}
Validation statistic: Loss: 0.9317, dev_score: {'accuracy': 0.6749544173711255, 'balanced_accuracy': 0.6648700045472108, 'f1_macro': 0.6579481641965111, 'f1_micro': 0.6749544173711255, 'f1_weighted': 0.6651740720735115, 'precision_macro': 0.7924962248129862, 'precision_micro': 0.6749544173711255, 'precision_weighted': 0.7922342150771533, 'recall_macro': 0.6648700045472108, 'recall_micro': 0.6749544173711255, 'recall_weighted': 0.6749544173711255}
-----------------------
Epoch 55/100
Training statistic: Loss: 0.4660, train_score: {'accuracy': 0.852888496631926, 'balanced_accuracy': 0.8412883715864516, 'f1_macro': 0.8519910470457763, 'f1_micro': 0.852888496631926, 'f1_weighted': 0.8537516759076808, 'precision_macro': 0.8840309320467392, 'precision_micro': 0.852888496631926, 'precision_weighted': 0.8749611902460815, 'recall_macro': 0.8412883715864516, 'recall_micro': 0.852888496631926, 'recall_weighted': 0.852888496631926}
Validation statistic: Loss: 0.9478, dev_score: {'accuracy': 0.6771092325542848, 'balanced_accuracy': 0.6646218580085372, 'f1_macro': 0.6605561796088467, 'f1_micro': 0.6771092325542848, 'f1_weighted': 0.6697056468571396, 'precision_macro': 0.7943398121873331, 'precision_micro': 0.6771092325542848, 'precision_weighted': 0.7943907498711773, 'recall_macro': 0.6646218580085372, 'recall_micro': 0.6771092325542848, 'recall_weighted': 0.6771092325542848}
-----------------------
Epoch 56/100
Training statistic: Loss: 0.4492, train_score: {'accuracy': 0.8605396705906784, 'balanced_accuracy': 0.856878679690498, 'f1_macro': 0.8627943256757378, 'f1_micro': 0.8605396705906784, 'f1_weighted': 0.8614563207713656, 'precision_macro': 0.8874956196922955, 'precision_micro': 0.8605396705906784, 'precision_weighted': 0.88092820607577, 'recall_macro': 0.856878679690498, 'recall_micro': 0.8605396705906784, 'recall_weighted': 0.8605396705906784}
Validation statistic: Loss: 0.9075, dev_score: {'accuracy': 0.6931874689209349, 'balanced_accuracy': 0.6788404452448165, 'f1_macro': 0.671190205968332, 'f1_micro': 0.6931874689209349, 'f1_weighted': 0.681743348179909, 'precision_macro': 0.7987096593807604, 'precision_micro': 0.6931874689209349, 'precision_weighted': 0.7989093420331901, 'recall_macro': 0.6788404452448165, 'recall_micro': 0.6931874689209349, 'recall_weighted': 0.6931874689209349}
-----------------------
Epoch 57/100
Training statistic: Loss: 0.4601, train_score: {'accuracy': 0.8536867107090477, 'balanced_accuracy': 0.8416959166236199, 'f1_macro': 0.8524371187913932, 'f1_micro': 0.8536867107090477, 'f1_weighted': 0.8545824684173855, 'precision_macro': 0.8861599718384147, 'precision_micro': 0.8536867107090477, 'precision_weighted': 0.8769787333635145, 'recall_macro': 0.8416959166236199, 'recall_micro': 0.8536867107090477, 'recall_weighted': 0.8536867107090477}
Validation statistic: Loss: 0.9260, dev_score: {'accuracy': 0.674457152328858, 'balanced_accuracy': 0.6617360497051786, 'f1_macro': 0.6595621793974922, 'f1_micro': 0.674457152328858, 'f1_weighted': 0.6687653271340586, 'precision_macro': 0.7996015042093817, 'precision_micro': 0.674457152328858, 'precision_weighted': 0.7993879889974247, 'recall_macro': 0.6617360497051786, 'recall_micro': 0.674457152328858, 'recall_weighted': 0.674457152328858}
-----------------------
Epoch 58/100
Training statistic: Loss: 0.4114, train_score: {'accuracy': 0.8694303477098394, 'balanced_accuracy': 0.8583155129209071, 'f1_macro': 0.8672716829804914, 'f1_micro': 0.8694303477098394, 'f1_weighted': 0.8696747188965788, 'precision_macro': 0.8922368905107554, 'precision_micro': 0.8694303477098394, 'precision_weighted': 0.8846683137077258, 'recall_macro': 0.8583155129209071, 'recall_micro': 0.8694303477098394, 'recall_weighted': 0.8694303477098394}
Validation statistic: Loss: 0.7948, dev_score: {'accuracy': 0.7210343112879165, 'balanced_accuracy': 0.7111623296678813, 'f1_macro': 0.7132108764526015, 'f1_micro': 0.7210343112879165, 'f1_weighted': 0.7195774003488048, 'precision_macro': 0.8122772619220038, 'precision_micro': 0.7210343112879165, 'precision_weighted': 0.8117003474910651, 'recall_macro': 0.7111623296678813, 'recall_micro': 0.7210343112879165, 'recall_weighted': 0.7210343112879165}
Saving model...
Model saved!
-------------------------------------------
-----------------------
Epoch 59/100
Training statistic: Loss: 0.4518, train_score: {'accuracy': 0.8574376679169857, 'balanced_accuracy': 0.8484466899852047, 'f1_macro': 0.8569726190734717, 'f1_micro': 0.8574376679169857, 'f1_weighted': 0.8584695037726094, 'precision_macro': 0.8854515602193379, 'precision_micro': 0.8574376679169857, 'precision_weighted': 0.8784245342871113, 'recall_macro': 0.8484466899852047, 'recall_micro': 0.8574376679169857, 'recall_weighted': 0.8574376679169857}
Validation statistic: Loss: 0.9158, dev_score: {'accuracy': 0.683905188131941, 'balanced_accuracy': 0.6719832305396759, 'f1_macro': 0.666564559853113, 'f1_micro': 0.683905188131941, 'f1_weighted': 0.6748675036018806, 'precision_macro': 0.7980274897053173, 'precision_micro': 0.683905188131941, 'precision_weighted': 0.7968135305712812, 'recall_macro': 0.6719832305396759, 'recall_micro': 0.683905188131941, 'recall_weighted': 0.683905188131941}
-----------------------
Epoch 60/100
Training statistic: Loss: 0.4122, train_score: {'accuracy': 0.8678988150090204, 'balanced_accuracy': 0.8576611055450704, 'f1_macro': 0.8665584720445754, 'f1_micro': 0.8678988150090204, 'f1_weighted': 0.8682590961054367, 'precision_macro': 0.8949606351254802, 'precision_micro': 0.8678988150090204, 'precision_weighted': 0.886614080941081, 'recall_macro': 0.8576611055450704, 'recall_micro': 0.8678988150090204, 'recall_weighted': 0.8678988150090204}
Validation statistic: Loss: 0.8397, dev_score: {'accuracy': 0.7044588098789989, 'balanced_accuracy': 0.6940920024066766, 'f1_macro': 0.6868805104340161, 'f1_micro': 0.7044588098789989, 'f1_weighted': 0.6944727343366031, 'precision_macro': 0.8112915767063089, 'precision_micro': 0.7044588098789989, 'precision_weighted': 0.811388797386264, 'recall_macro': 0.6940920024066766, 'recall_micro': 0.7044588098789989, 'recall_weighted': 0.7044588098789989}
-----------------------
Epoch 61/100
Training statistic: Loss: 0.4502, train_score: {'accuracy': 0.8601438083247888, 'balanced_accuracy': 0.8530099994936189, 'f1_macro': 0.8633182122658953, 'f1_micro': 0.8601438083247888, 'f1_weighted': 0.8615090991978757, 'precision_macro': 0.8936996576778882, 'precision_micro': 0.8601438083247888, 'precision_weighted': 0.8825349395540191, 'recall_macro': 0.8530099994936189, 'recall_micro': 0.8601438083247888, 'recall_weighted': 0.8601438083247888}
Validation statistic: Loss: 0.9306, dev_score: {'accuracy': 0.6835736781037627, 'balanced_accuracy': 0.6705229943838844, 'f1_macro': 0.6647480800976865, 'f1_micro': 0.6835736781037627, 'f1_weighted': 0.674598724158821, 'precision_macro': 0.8035795445331871, 'precision_micro': 0.6835736781037627, 'precision_weighted': 0.8038737605759838, 'recall_macro': 0.6705229943838844, 'recall_micro': 0.6835736781037627, 'recall_weighted': 0.6835736781037627}
-----------------------
Epoch 62/100
Training statistic: Loss: 0.4718, train_score: {'accuracy': 0.8522784793697353, 'balanced_accuracy': 0.8405427302756772, 'f1_macro': 0.8503651830497624, 'f1_micro': 0.8522784793697353, 'f1_weighted': 0.8527656988594393, 'precision_macro': 0.8850331956296401, 'precision_micro': 0.8522784793697353, 'precision_weighted': 0.8760528991543193, 'recall_macro': 0.8405427302756772, 'recall_micro': 0.8522784793697353, 'recall_weighted': 0.8522784793697353}
Validation statistic: Loss: 0.9793, dev_score: {'accuracy': 0.6626885463285265, 'balanced_accuracy': 0.6497630832364765, 'f1_macro': 0.6394152953974351, 'f1_micro': 0.6626885463285265, 'f1_weighted': 0.6489667362565485, 'precision_macro': 0.783570626103045, 'precision_micro': 0.6626885463285265, 'precision_weighted': 0.7837182289247404, 'recall_macro': 0.6497630832364765, 'recall_micro': 0.6626885463285265, 'recall_weighted': 0.6626885463285265}
-----------------------
Epoch 63/100
Training statistic: Loss: 0.4269, train_score: {'accuracy': 0.8680545640972394, 'balanced_accuracy': 0.8540652781820721, 'f1_macro': 0.8647713667764336, 'f1_micro': 0.8680545640972394, 'f1_weighted': 0.8689254256098491, 'precision_macro': 0.8945671436434413, 'precision_micro': 0.8680545640972394, 'precision_weighted': 0.8870385173380272, 'recall_macro': 0.8540652781820721, 'recall_micro': 0.8680545640972394, 'recall_weighted': 0.8680545640972394}
Validation statistic: Loss: 0.8617, dev_score: {'accuracy': 0.7089341952594066, 'balanced_accuracy': 0.7000307266773562, 'f1_macro': 0.7003639763937646, 'f1_micro': 0.7089341952594066, 'f1_weighted': 0.7065166577955058, 'precision_macro': 0.8069452428921344, 'precision_micro': 0.7089341952594066, 'precision_weighted': 0.8069709421915663, 'recall_macro': 0.7000307266773562, 'recall_micro': 0.7089341952594066, 'recall_weighted': 0.7089341952594066}
-----------------------
Epoch 64/100
Training statistic: Loss: 0.4292, train_score: {'accuracy': 0.8672887977468299, 'balanced_accuracy': 0.8576934215454368, 'f1_macro': 0.8673752197071323, 'f1_micro': 0.8672887977468299, 'f1_weighted': 0.8687789146155231, 'precision_macro': 0.8957416575582078, 'precision_micro': 0.8672887977468299, 'precision_weighted': 0.8881898576822918, 'recall_macro': 0.8576934215454368, 'recall_micro': 0.8672887977468299, 'recall_weighted': 0.8672887977468299}
Validation statistic: Loss: 0.8868, dev_score: {'accuracy': 0.7023039946958396, 'balanced_accuracy': 0.6915251971229962, 'f1_macro': 0.6913428506755281, 'f1_micro': 0.7023039946958396, 'f1_weighted': 0.6987590656996621, 'precision_macro': 0.8106496977465625, 'precision_micro': 0.7023039946958396, 'precision_weighted': 0.8102710168682478, 'recall_macro': 0.6915251971229962, 'recall_micro': 0.7023039946958396, 'recall_weighted': 0.7023039946958396}
-----------------------
Epoch 65/100
Training statistic: Loss: 0.4221, train_score: {'accuracy': 0.8688462886290187, 'balanced_accuracy': 0.8624303089481524, 'f1_macro': 0.8704095604154005, 'f1_micro': 0.8688462886290187, 'f1_weighted': 0.8694940797352506, 'precision_macro': 0.896397762641682, 'precision_micro': 0.8688462886290187, 'precision_weighted': 0.8879314562661215, 'recall_macro': 0.8624303089481524, 'recall_micro': 0.8688462886290187, 'recall_weighted': 0.8688462886290187}
Validation statistic: Loss: 0.8625, dev_score: {'accuracy': 0.7099287253439417, 'balanced_accuracy': 0.6974159061205295, 'f1_macro': 0.6917089916437917, 'f1_micro': 0.7099287253439417, 'f1_weighted': 0.7007278236075278, 'precision_macro': 0.8121492526709929, 'precision_micro': 0.7099287253439417, 'precision_weighted': 0.8119891487720753, 'recall_macro': 0.6974159061205295, 'recall_micro': 0.7099287253439417, 'recall_weighted': 0.7099287253439417}
-----------------------
Epoch 66/100
Training statistic: Loss: 0.4447, train_score: {'accuracy': 0.8626422832816333, 'balanced_accuracy': 0.8580692228564312, 'f1_macro': 0.8644276551450091, 'f1_micro': 0.8626422832816333, 'f1_weighted': 0.8638049158493369, 'precision_macro': 0.8907480642330743, 'precision_micro': 0.8626422832816333, 'precision_weighted': 0.884853912478934, 'recall_macro': 0.8580692228564312, 'recall_micro': 0.8626422832816333, 'recall_weighted': 0.8626422832816333}
Validation statistic: Loss: 0.9261, dev_score: {'accuracy': 0.6910326537377756, 'balanced_accuracy': 0.6773194944407219, 'f1_macro': 0.6653040503221737, 'f1_micro': 0.6910326537377756, 'f1_weighted': 0.6754117399217434, 'precision_macro': 0.8020409927947453, 'precision_micro': 0.6910326537377756, 'precision_weighted': 0.8012653056895892, 'recall_macro': 0.6773194944407219, 'recall_micro': 0.6910326537377756, 'recall_weighted': 0.6910326537377756}
-----------------------
Epoch 67/100
Training statistic: Loss: 0.4096, train_score: {'accuracy': 0.8723376640232585, 'balanced_accuracy': 0.8635435309732007, 'f1_macro': 0.8734112642455246, 'f1_micro': 0.8723376640232585, 'f1_weighted': 0.8732759856898542, 'precision_macro': 0.899798048541812, 'precision_micro': 0.8723376640232585, 'precision_weighted': 0.8901566153754936, 'recall_macro': 0.8635435309732007, 'recall_micro': 0.8723376640232585, 'recall_weighted': 0.8723376640232585}
Validation statistic: Loss: 0.8155, dev_score: {'accuracy': 0.7163931708934195, 'balanced_accuracy': 0.7052728177141729, 'f1_macro': 0.7012674601526736, 'f1_micro': 0.7163931708934195, 'f1_weighted': 0.7093623585600001, 'precision_macro': 0.8152190075091879, 'precision_micro': 0.7163931708934195, 'precision_weighted': 0.815129221532227, 'recall_macro': 0.7052728177141729, 'recall_micro': 0.7163931708934195, 'recall_weighted': 0.7163931708934195}
-----------------------
Epoch 68/100
Training statistic: Loss: 0.4075, train_score: {'accuracy': 0.87421963217257, 'balanced_accuracy': 0.8722516488758764, 'f1_macro': 0.8772309266810938, 'f1_micro': 0.87421963217257, 'f1_weighted': 0.8748189381745725, 'precision_macro': 0.8976695234756242, 'precision_micro': 0.87421963217257, 'precision_weighted': 0.8905345394193152, 'recall_macro': 0.8722516488758764, 'recall_micro': 0.87421963217257, 'recall_weighted': 0.87421963217257}
Validation statistic: Loss: 0.8349, dev_score: {'accuracy': 0.7180507210343113, 'balanced_accuracy': 0.7049388518362536, 'f1_macro': 0.6934013614037019, 'f1_micro': 0.7180507210343113, 'f1_weighted': 0.7030803370584006, 'precision_macro': 0.8002510194290681, 'precision_micro': 0.7180507210343113, 'precision_weighted': 0.800798112728319, 'recall_macro': 0.7049388518362536, 'recall_micro': 0.7180507210343113, 'recall_weighted': 0.7180507210343113}
-----------------------
Epoch 69/100
Training statistic: Loss: 0.4169, train_score: {'accuracy': 0.8715394499461367, 'balanced_accuracy': 0.8670606616531262, 'f1_macro': 0.8729372913908084, 'f1_micro': 0.8715394499461367, 'f1_weighted': 0.8721793270930572, 'precision_macro': 0.8953440569117251, 'precision_micro': 0.8715394499461367, 'precision_weighted': 0.8890945888188415, 'recall_macro': 0.8670606616531262, 'recall_micro': 0.8715394499461367, 'recall_weighted': 0.8715394499461367}
Validation statistic: Loss: 0.8556, dev_score: {'accuracy': 0.7082711752030499, 'balanced_accuracy': 0.695530426101316, 'f1_macro': 0.687683842330119, 'f1_micro': 0.7082711752030499, 'f1_weighted': 0.6971618864126106, 'precision_macro': 0.8013837212299707, 'precision_micro': 0.7082711752030499, 'precision_weighted': 0.8019138906971689, 'recall_macro': 0.695530426101316, 'recall_micro': 0.7082711752030499, 'recall_weighted': 0.7082711752030499}
-----------------------
Epoch 70/100
Training statistic: Loss: 0.3966, train_score: {'accuracy': 0.8779381416537957, 'balanced_accuracy': 0.869490265126305, 'f1_macro': 0.8779959921144054, 'f1_micro': 0.8779381416537957, 'f1_weighted': 0.8787263989696997, 'precision_macro': 0.9030666528536754, 'precision_micro': 0.8779381416537957, 'precision_weighted': 0.8951920947377084, 'recall_macro': 0.869490265126305, 'recall_micro': 0.8779381416537957, 'recall_weighted': 0.8779381416537957}
Validation statistic: Loss: 0.7991, dev_score: {'accuracy': 0.7314768771755346, 'balanced_accuracy': 0.7207442576280642, 'f1_macro': 0.7221520569257345, 'f1_micro': 0.7314768771755346, 'f1_weighted': 0.7292716015176554, 'precision_macro': 0.8226799938450082, 'precision_micro': 0.7314768771755346, 'precision_weighted': 0.8224739079659161, 'recall_macro': 0.7207442576280642, 'recall_micro': 0.7314768771755346, 'recall_weighted': 0.7314768771755346}
-----------------------
Epoch 71/100
Training statistic: Loss: 0.4006, train_score: {'accuracy': 0.8780484639246174, 'balanced_accuracy': 0.8733707926412391, 'f1_macro': 0.8800214235535758, 'f1_micro': 0.8780484639246174, 'f1_weighted': 0.8787680146507361, 'precision_macro': 0.9019371146166313, 'precision_micro': 0.8780484639246174, 'precision_weighted': 0.894877349446506, 'recall_macro': 0.8733707926412391, 'recall_micro': 0.8780484639246174, 'recall_weighted': 0.8780484639246174}
Validation statistic: Loss: 0.8018, dev_score: {'accuracy': 0.727167246809216, 'balanced_accuracy': 0.7155446371929697, 'f1_macro': 0.7125848725183107, 'f1_micro': 0.727167246809216, 'f1_weighted': 0.7206394956602734, 'precision_macro': 0.8190165879300085, 'precision_micro': 0.727167246809216, 'precision_weighted': 0.818537714857878, 'recall_macro': 0.7155446371929697, 'recall_micro': 0.727167246809216, 'recall_weighted': 0.727167246809216}
-----------------------
Epoch 72/100
Training statistic: Loss: 0.4060, train_score: {'accuracy': 0.8756278635118824, 'balanced_accuracy': 0.8697047007941432, 'f1_macro': 0.8792723933693546, 'f1_micro': 0.8756278635118824, 'f1_weighted': 0.8775903751642302, 'precision_macro': 0.9042412899994353, 'precision_micro': 0.8756278635118824, 'precision_weighted': 0.894973722041561, 'recall_macro': 0.8697047007941432, 'recall_micro': 0.8756278635118824, 'recall_weighted': 0.8756278635118824}
Validation statistic: Loss: 0.8258, dev_score: {'accuracy': 0.7221945963865407, 'balanced_accuracy': 0.7102434560218638, 'f1_macro': 0.7151961701082082, 'f1_micro': 0.7221945963865407, 'f1_weighted': 0.7233473303181649, 'precision_macro': 0.8209299292677447, 'precision_micro': 0.7221945963865407, 'precision_weighted': 0.8209591453986014, 'recall_macro': 0.7102434560218638, 'recall_micro': 0.7221945963865407, 'recall_weighted': 0.7221945963865407}
-----------------------
Epoch 73/100
Training statistic: Loss: 0.3946, train_score: {'accuracy': 0.8790608329980402, 'balanced_accuracy': 0.8734770112043287, 'f1_macro': 0.881234100486599, 'f1_micro': 0.8790608329980402, 'f1_weighted': 0.8804640661160774, 'precision_macro': 0.9027615957098705, 'precision_micro': 0.8790608329980402, 'precision_weighted': 0.8955165194914679, 'recall_macro': 0.8734770112043287, 'recall_micro': 0.8790608329980402, 'recall_weighted': 0.8790608329980402}
Validation statistic: Loss: 0.7892, dev_score: {'accuracy': 0.7314768771755346, 'balanced_accuracy': 0.7201072724416142, 'f1_macro': 0.7232810090267581, 'f1_micro': 0.7314768771755346, 'f1_weighted': 0.7308063277441952, 'precision_macro': 0.816066282642044, 'precision_micro': 0.7314768771755346, 'precision_weighted': 0.8158882984157965, 'recall_macro': 0.7201072724416142, 'recall_micro': 0.7314768771755346, 'recall_weighted': 0.7314768771755346}
Saving model...
Model saved!
-------------------------------------------
-----------------------
Epoch 74/100
Training statistic: Loss: 0.3688, train_score: {'accuracy': 0.8878801251184342, 'balanced_accuracy': 0.8779619513186102, 'f1_macro': 0.8862871399261124, 'f1_micro': 0.8878801251184342, 'f1_weighted': 0.8886035678940519, 'precision_macro': 0.9078968401527169, 'precision_micro': 0.8878801251184342, 'precision_weighted': 0.9016227457516169, 'recall_macro': 0.8779619513186102, 'recall_micro': 0.8878801251184342, 'recall_weighted': 0.8878801251184342}
Validation statistic: Loss: 0.7288, dev_score: {'accuracy': 0.7533565390353059, 'balanced_accuracy': 0.744878174334565, 'f1_macro': 0.748710389480855, 'f1_micro': 0.7533565390353059, 'f1_weighted': 0.7540015082623525, 'precision_macro': 0.8288664324938164, 'precision_micro': 0.7533565390353059, 'precision_weighted': 0.8283861079100171, 'recall_macro': 0.744878174334565, 'recall_micro': 0.7533565390353059, 'recall_weighted': 0.7533565390353059}
Saving model...
Model saved!
-------------------------------------------
-----------------------
Epoch 75/100
Training statistic: Loss: 0.3736, train_score: {'accuracy': 0.8868223292276143, 'balanced_accuracy': 0.8796464024875859, 'f1_macro': 0.8868368066488481, 'f1_micro': 0.8868223292276143, 'f1_weighted': 0.8874534746730779, 'precision_macro': 0.907061230514382, 'precision_micro': 0.8868223292276143, 'precision_weighted': 0.900507683746174, 'recall_macro': 0.8796464024875859, 'recall_micro': 0.8868223292276143, 'recall_weighted': 0.8868223292276143}
Validation statistic: Loss: 0.7470, dev_score: {'accuracy': 0.75252776396486, 'balanced_accuracy': 0.7423823005377769, 'f1_macro': 0.744446949527713, 'f1_micro': 0.75252776396486, 'f1_weighted': 0.750989525567775, 'precision_macro': 0.8271451056692036, 'precision_micro': 0.75252776396486, 'precision_weighted': 0.8266800790640398, 'recall_macro': 0.7423823005377769, 'recall_micro': 0.75252776396486, 'recall_weighted': 0.75252776396486}
-----------------------
Epoch 76/100
Training statistic: Loss: 0.3765, train_score: {'accuracy': 0.8838566070061131, 'balanced_accuracy': 0.8769124353683049, 'f1_macro': 0.884871611862198, 'f1_micro': 0.8838566070061131, 'f1_weighted': 0.8846862208617745, 'precision_macro': 0.9065347562581405, 'precision_micro': 0.8838566070061131, 'precision_weighted': 0.8988872972267896, 'recall_macro': 0.8769124353683049, 'recall_micro': 0.8838566070061131, 'recall_weighted': 0.8838566070061131}
Validation statistic: Loss: 0.7597, dev_score: {'accuracy': 0.7389358528095475, 'balanced_accuracy': 0.7285528145371547, 'f1_macro': 0.7295295220960487, 'f1_micro': 0.7389358528095475, 'f1_weighted': 0.7364227459269204, 'precision_macro': 0.8204675042002336, 'precision_micro': 0.7389358528095475, 'precision_weighted': 0.8201758062374293, 'recall_macro': 0.7285528145371547, 'recall_micro': 0.7389358528095475, 'recall_weighted': 0.7389358528095475}
-----------------------
Epoch 77/100
Training statistic: Loss: 0.3536, train_score: {'accuracy': 0.8949991563591054, 'balanced_accuracy': 0.8911336355556394, 'f1_macro': 0.8971212322022664, 'f1_micro': 0.8949991563591054, 'f1_weighted': 0.8954090083856787, 'precision_macro': 0.9137610074004915, 'precision_micro': 0.8949991563591054, 'precision_weighted': 0.9064665914076901, 'recall_macro': 0.8911336355556394, 'recall_micro': 0.8949991563591054, 'recall_weighted': 0.8949991563591054}
Validation statistic: Loss: 0.6846, dev_score: {'accuracy': 0.7687717553455992, 'balanced_accuracy': 0.758660696232993, 'f1_macro': 0.7580560070930379, 'f1_micro': 0.7687717553455992, 'f1_weighted': 0.7650955548798755, 'precision_macro': 0.8367668787493958, 'precision_micro': 0.7687717553455992, 'precision_weighted': 0.8370934363432716, 'recall_macro': 0.758660696232993, 'recall_micro': 0.7687717553455992, 'recall_weighted': 0.7687717553455992}
Saving model...
Model saved!
-------------------------------------------
-----------------------
Epoch 78/100
Training statistic: Loss: 0.3708, train_score: {'accuracy': 0.8877568237569275, 'balanced_accuracy': 0.8824837905376676, 'f1_macro': 0.8893935485234981, 'f1_micro': 0.8877568237569275, 'f1_weighted': 0.8884563611573971, 'precision_macro': 0.9094502137240543, 'precision_micro': 0.8877568237569275, 'precision_weighted': 0.9021049617900243, 'recall_macro': 0.8824837905376676, 'recall_micro': 0.8877568237569275, 'recall_weighted': 0.8877568237569275}
Validation statistic: Loss: 0.7276, dev_score: {'accuracy': 0.7526935189789491, 'balanced_accuracy': 0.7419429883988327, 'f1_macro': 0.743451347429958, 'f1_micro': 0.7526935189789491, 'f1_weighted': 0.7506380969747972, 'precision_macro': 0.8290234142576697, 'precision_micro': 0.7526935189789491, 'precision_weighted': 0.8290447813290064, 'recall_macro': 0.7419429883988327, 'recall_micro': 0.7526935189789491, 'recall_weighted': 0.7526935189789491}
-----------------------
Epoch 79/100
Training statistic: Loss: 0.3677, train_score: {'accuracy': 0.8890093060080211, 'balanced_accuracy': 0.8815544801867757, 'f1_macro': 0.8913719745905642, 'f1_micro': 0.8890093060080211, 'f1_weighted': 0.8898818960684667, 'precision_macro': 0.9134991568985542, 'precision_micro': 0.8890093060080211, 'precision_weighted': 0.9030067628620363, 'recall_macro': 0.8815544801867757, 'recall_micro': 0.8890093060080211, 'recall_weighted': 0.8890093060080211}
Validation statistic: Loss: 0.7201, dev_score: {'accuracy': 0.7493784186971656, 'balanced_accuracy': 0.7393216578174995, 'f1_macro': 0.7444368698015433, 'f1_micro': 0.7493784186971656, 'f1_weighted': 0.7509693467187523, 'precision_macro': 0.8341095553922969, 'precision_micro': 0.7493784186971656, 'precision_weighted': 0.833857504868578, 'recall_macro': 0.7393216578174995, 'recall_micro': 0.7493784186971656, 'recall_weighted': 0.7493784186971656}
-----------------------
Epoch 80/100
Training statistic: Loss: 0.4048, train_score: {'accuracy': 0.878314535283658, 'balanced_accuracy': 0.8755908446804181, 'f1_macro': 0.881072486817069, 'f1_micro': 0.878314535283658, 'f1_weighted': 0.8797118498147947, 'precision_macro': 0.9023052037565114, 'precision_micro': 0.878314535283658, 'precision_weighted': 0.8965398000095115, 'recall_macro': 0.8755908446804181, 'recall_micro': 0.878314535283658, 'recall_weighted': 0.878314535283658}
Validation statistic: Loss: 0.8306, dev_score: {'accuracy': 0.7231891264710758, 'balanced_accuracy': 0.7098837154808629, 'f1_macro': 0.7078580226585139, 'f1_micro': 0.7231891264710758, 'f1_weighted': 0.7169097510800588, 'precision_macro': 0.8156408384071014, 'precision_micro': 0.7231891264710758, 'precision_weighted': 0.8155385012607723, 'recall_macro': 0.7098837154808629, 'recall_micro': 0.7231891264710758, 'recall_weighted': 0.7231891264710758}
-----------------------
Epoch 81/100
Training statistic: Loss: 0.3781, train_score: {'accuracy': 0.8837527742806339, 'balanced_accuracy': 0.8755770859516462, 'f1_macro': 0.8842143758851065, 'f1_micro': 0.8837527742806339, 'f1_weighted': 0.8846671517891627, 'precision_macro': 0.9083963340615655, 'precision_micro': 0.8837527742806339, 'precision_weighted': 0.9000331457388533, 'recall_macro': 0.8755770859516462, 'recall_micro': 0.8837527742806339, 'recall_weighted': 0.8837527742806339}
Validation statistic: Loss: 0.7761, dev_score: {'accuracy': 0.7354549975136748, 'balanced_accuracy': 0.7251953385731662, 'f1_macro': 0.7278724727991206, 'f1_micro': 0.7354549975136748, 'f1_weighted': 0.7345315320501834, 'precision_macro': 0.8266362327646146, 'precision_micro': 0.7354549975136748, 'precision_weighted': 0.8262985135626884, 'recall_macro': 0.7251953385731662, 'recall_micro': 0.7354549975136748, 'recall_weighted': 0.7354549975136748}
-----------------------
Epoch 82/100
Training statistic: Loss: 0.3839, train_score: {'accuracy': 0.882351032486664, 'balanced_accuracy': 0.8745379520780222, 'f1_macro': 0.8842063335821253, 'f1_micro': 0.882351032486664, 'f1_weighted': 0.8834191164963103, 'precision_macro': 0.9093132745179593, 'precision_micro': 0.882351032486664, 'precision_weighted': 0.8995706363486317, 'recall_macro': 0.8745379520780222, 'recall_micro': 0.882351032486664, 'recall_weighted': 0.882351032486664}
Validation statistic: Loss: 0.7824, dev_score: {'accuracy': 0.7342947124150505, 'balanced_accuracy': 0.7235307514682903, 'f1_macro': 0.7295693247430204, 'f1_micro': 0.7342947124150505, 'f1_weighted': 0.7364556005165371, 'precision_macro': 0.8274648496126206, 'precision_micro': 0.7342947124150505, 'precision_weighted': 0.8271555354536285, 'recall_macro': 0.7235307514682903, 'recall_micro': 0.7342947124150505, 'recall_weighted': 0.7342947124150505}
-----------------------
Epoch 83/100
Training statistic: Loss: 0.3569, train_score: {'accuracy': 0.8937596531986969, 'balanced_accuracy': 0.8884232526807561, 'f1_macro': 0.8958578935245105, 'f1_micro': 0.8937596531986969, 'f1_weighted': 0.8945119626135741, 'precision_macro': 0.915542663801484, 'precision_micro': 0.8937596531986969, 'precision_weighted': 0.9073822477430796, 'recall_macro': 0.8884232526807561, 'recall_micro': 0.8937596531986969, 'recall_weighted': 0.8937596531986969}
Validation statistic: Loss: 0.7083, dev_score: {'accuracy': 0.7581634344438919, 'balanced_accuracy': 0.7488752928139106, 'f1_macro': 0.7506838262475772, 'f1_micro': 0.7581634344438919, 'f1_weighted': 0.7570664633885055, 'precision_macro': 0.8349744125237436, 'precision_micro': 0.7581634344438919, 'precision_weighted': 0.8352296996959171, 'recall_macro': 0.7488752928139106, 'recall_micro': 0.7581634344438919, 'recall_weighted': 0.7581634344438919}
-----------------------
Epoch 84/100
Training statistic: Loss: 0.3573, train_score: {'accuracy': 0.8921697145897959, 'balanced_accuracy': 0.8857981603232714, 'f1_macro': 0.8925557401721853, 'f1_micro': 0.8921697145897959, 'f1_weighted': 0.8921855059694245, 'precision_macro': 0.9117077558540002, 'precision_micro': 0.8921697145897959, 'precision_weighted': 0.9040982739728894, 'recall_macro': 0.8857981603232714, 'recall_micro': 0.8921697145897959, 'recall_weighted': 0.8921697145897959}
Validation statistic: Loss: 0.7120, dev_score: {'accuracy': 0.7637991049229239, 'balanced_accuracy': 0.7533872939945482, 'f1_macro': 0.7552395001563192, 'f1_micro': 0.7637991049229239, 'f1_weighted': 0.7621430389276297, 'precision_macro': 0.8307425596827057, 'precision_micro': 0.7637991049229239, 'precision_weighted': 0.8309301225596131, 'recall_macro': 0.7533872939945482, 'recall_micro': 0.7637991049229239, 'recall_weighted': 0.7637991049229239}
-----------------------
Epoch 85/100
Training statistic: Loss: 0.3275, train_score: {'accuracy': 0.9064402247978507, 'balanced_accuracy': 0.9008113735785133, 'f1_macro': 0.9061217822385155, 'f1_micro': 0.9064402247978507, 'f1_weighted': 0.9071725238525068, 'precision_macro': 0.9210135285704443, 'precision_micro': 0.9064402247978507, 'precision_weighted': 0.916887564874222, 'recall_macro': 0.9008113735785133, 'recall_micro': 0.9064402247978507, 'recall_weighted': 0.9064402247978507}
Validation statistic: Loss: 0.6302, dev_score: {'accuracy': 0.79678435272667, 'balanced_accuracy': 0.7890068703949569, 'f1_macro': 0.7943704746485423, 'f1_micro': 0.79678435272667, 'f1_weighted': 0.7988409086266276, 'precision_macro': 0.8542324796810604, 'precision_micro': 0.79678435272667, 'precision_weighted': 0.8535244043141903, 'recall_macro': 0.7890068703949569, 'recall_micro': 0.79678435272667, 'recall_weighted': 0.79678435272667}
Saving model...
Model saved!
-------------------------------------------
-----------------------
Epoch 86/100
Training statistic: Loss: 0.3586, train_score: {'accuracy': 0.8922410995885628, 'balanced_accuracy': 0.8883377799597436, 'f1_macro': 0.8944586627460736, 'f1_micro': 0.8922410995885628, 'f1_weighted': 0.8932077998278026, 'precision_macro': 0.9134576862696313, 'precision_micro': 0.8922410995885628, 'precision_weighted': 0.9070246083334899, 'recall_macro': 0.8883377799597436, 'recall_micro': 0.8922410995885628, 'recall_weighted': 0.8922410995885628}
Validation statistic: Loss: 0.7404, dev_score: {'accuracy': 0.7473893585280955, 'balanced_accuracy': 0.7361711770747427, 'f1_macro': 0.7396548473094631, 'f1_micro': 0.7473893585280955, 'f1_weighted': 0.7471330023593421, 'precision_macro': 0.8328266081886699, 'precision_micro': 0.7473893585280955, 'precision_weighted': 0.832782261402424, 'recall_macro': 0.7361711770747427, 'recall_micro': 0.7473893585280955, 'recall_weighted': 0.7473893585280955}
-----------------------
Epoch 87/100
Training statistic: Loss: 0.3477, train_score: {'accuracy': 0.8982763767570444, 'balanced_accuracy': 0.8897945811407878, 'f1_macro': 0.8980507586066508, 'f1_micro': 0.8982763767570444, 'f1_weighted': 0.8992585480378741, 'precision_macro': 0.9189371569825318, 'precision_micro': 0.8982763767570444, 'precision_weighted': 0.9121637319534615, 'recall_macro': 0.8897945811407878, 'recall_micro': 0.8982763767570444, 'recall_weighted': 0.8982763767570444}
Validation statistic: Loss: 0.6926, dev_score: {'accuracy': 0.767611470246975, 'balanced_accuracy': 0.7594004625211945, 'f1_macro': 0.7641263389579056, 'f1_micro': 0.767611470246975, 'f1_weighted': 0.7692852016485244, 'precision_macro': 0.8440512937764666, 'precision_micro': 0.767611470246975, 'precision_weighted': 0.8436103166670382, 'recall_macro': 0.7594004625211945, 'recall_micro': 0.767611470246975, 'recall_weighted': 0.767611470246975}
-----------------------
Epoch 88/100
Training statistic: Loss: 0.3611, train_score: {'accuracy': 0.8917608732332213, 'balanced_accuracy': 0.8857311892507831, 'f1_macro': 0.8928155703067662, 'f1_micro': 0.8917608732332213, 'f1_weighted': 0.8927760499952768, 'precision_macro': 0.9130191421200695, 'precision_micro': 0.8917608732332213, 'precision_weighted': 0.9064620964936553, 'recall_macro': 0.8857311892507831, 'recall_micro': 0.8917608732332213, 'recall_weighted': 0.8917608732332213}
Validation statistic: Loss: 0.7280, dev_score: {'accuracy': 0.750704458809879, 'balanced_accuracy': 0.741394499918073, 'f1_macro': 0.7452632530510637, 'f1_micro': 0.750704458809879, 'f1_weighted': 0.7512590514035271, 'precision_macro': 0.8317403692896379, 'precision_micro': 0.750704458809879, 'precision_weighted': 0.8315891437552716, 'recall_macro': 0.741394499918073, 'recall_micro': 0.750704458809879, 'recall_weighted': 0.750704458809879}
-----------------------
Epoch 89/100
Training statistic: Loss: 0.3307, train_score: {'accuracy': 0.9051293366386751, 'balanced_accuracy': 0.902368338928411, 'f1_macro': 0.9079664231827861, 'f1_micro': 0.9051293366386751, 'f1_weighted': 0.9056777391600557, 'precision_macro': 0.9231495491238293, 'precision_micro': 0.9051293366386751, 'precision_weighted': 0.9160178039490856, 'recall_macro': 0.902368338928411, 'recall_micro': 0.9051293366386751, 'recall_weighted': 0.9051293366386751}
Validation statistic: Loss: 0.6454, dev_score: {'accuracy': 0.7828609315431792, 'balanced_accuracy': 0.7733798579515045, 'f1_macro': 0.7755526556988452, 'f1_micro': 0.7828609315431792, 'f1_weighted': 0.781770001952257, 'precision_macro': 0.8478866790866555, 'precision_micro': 0.7828609315431792, 'precision_weighted': 0.8476991113182822, 'recall_macro': 0.7733798579515045, 'recall_micro': 0.7828609315431792, 'recall_weighted': 0.7828609315431792}
-----------------------
Epoch 90/100
Training statistic: Loss: 0.3445, train_score: {'accuracy': 0.900904642620738, 'balanced_accuracy': 0.89262716734753, 'f1_macro': 0.901076180480415, 'f1_micro': 0.900904642620738, 'f1_weighted': 0.9013248012876726, 'precision_macro': 0.9215276362900685, 'precision_micro': 0.900904642620738, 'precision_weighted': 0.9131887334673524, 'recall_macro': 0.89262716734753, 'recall_micro': 0.900904642620738, 'recall_weighted': 0.900904642620738}
Validation statistic: Loss: 0.6846, dev_score: {'accuracy': 0.7707608155146694, 'balanced_accuracy': 0.7623133811786439, 'f1_macro': 0.7648919842969866, 'f1_micro': 0.7707608155146694, 'f1_weighted': 0.7705497408931253, 'precision_macro': 0.8422725184456862, 'precision_micro': 0.7707608155146694, 'precision_weighted': 0.8421311903300032, 'recall_macro': 0.7623133811786439, 'recall_micro': 0.7707608155146694, 'recall_weighted': 0.7707608155146694}
-----------------------
Epoch 91/100
Training statistic: Loss: 0.3419, train_score: {'accuracy': 0.8988344776564954, 'balanced_accuracy': 0.889528860482127, 'f1_macro': 0.899874045852379, 'f1_micro': 0.8988344776564954, 'f1_weighted': 0.8994486453440488, 'precision_macro': 0.9226391882236497, 'precision_micro': 0.8988344776564954, 'precision_weighted': 0.9122437097673917, 'recall_macro': 0.889528860482127, 'recall_micro': 0.8988344776564954, 'recall_weighted': 0.8988344776564954}
Validation statistic: Loss: 0.6822, dev_score: {'accuracy': 0.7737444057682745, 'balanced_accuracy': 0.7660778431315702, 'f1_macro': 0.770699002878065, 'f1_micro': 0.7737444057682745, 'f1_weighted': 0.775887110987835, 'precision_macro': 0.8507026477853123, 'precision_micro': 0.7737444057682745, 'precision_weighted': 0.8507411944351834, 'recall_macro': 0.7660778431315702, 'recall_micro': 0.7737444057682745, 'recall_weighted': 0.7737444057682745}
-----------------------
Epoch 92/100
Training statistic: Loss: 0.3482, train_score: {'accuracy': 0.8973873090451283, 'balanced_accuracy': 0.8926065099448955, 'f1_macro': 0.8993294722504659, 'f1_micro': 0.8973873090451283, 'f1_weighted': 0.8980925211423852, 'precision_macro': 0.9174655925549631, 'precision_micro': 0.8973873090451283, 'precision_weighted': 0.9099972205091282, 'recall_macro': 0.8926065099448955, 'recall_micro': 0.8973873090451283, 'recall_weighted': 0.8973873090451283}
Validation statistic: Loss: 0.7052, dev_score: {'accuracy': 0.7691032653737776, 'balanced_accuracy': 0.7590948260006272, 'f1_macro': 0.7607463336078248, 'f1_micro': 0.7691032653737776, 'f1_weighted': 0.7676405147059465, 'precision_macro': 0.8363414429840436, 'precision_micro': 0.7691032653737776, 'precision_weighted': 0.8369405344429278, 'recall_macro': 0.7590948260006272, 'recall_micro': 0.7691032653737776, 'recall_weighted': 0.7691032653737776}
-----------------------
Epoch 93/100
Training statistic: Loss: 0.3360, train_score: {'accuracy': 0.9024426648668994, 'balanced_accuracy': 0.8978328610721074, 'f1_macro': 0.9036870726233586, 'f1_micro': 0.9024426648668994, 'f1_weighted': 0.9031408032528204, 'precision_macro': 0.9191212489650347, 'precision_micro': 0.9024426648668994, 'precision_weighted': 0.913422543194421, 'recall_macro': 0.8978328610721074, 'recall_micro': 0.9024426648668994, 'recall_weighted': 0.9024426648668994}
Validation statistic: Loss: 0.6749, dev_score: {'accuracy': 0.7760649759655229, 'balanced_accuracy': 0.7670132481359783, 'f1_macro': 0.7692611373845354, 'f1_micro': 0.7760649759655229, 'f1_weighted': 0.7752884939654114, 'precision_macro': 0.8397717296011308, 'precision_micro': 0.7760649759655229, 'precision_weighted': 0.8399847196225335, 'recall_macro': 0.7670132481359783, 'recall_micro': 0.7760649759655229, 'recall_weighted': 0.7760649759655229}
-----------------------
Epoch 94/100
Training statistic: Loss: 0.3402, train_score: {'accuracy': 0.8995029008267681, 'balanced_accuracy': 0.8962480303046435, 'f1_macro': 0.9025136599630612, 'f1_micro': 0.8995029008267681, 'f1_weighted': 0.8999935672029994, 'precision_macro': 0.919571888572689, 'precision_micro': 0.8995029008267681, 'precision_weighted': 0.9114853263693297, 'recall_macro': 0.8962480303046435, 'recall_micro': 0.8995029008267681, 'recall_weighted': 0.8995029008267681}
Validation statistic: Loss: 0.6911, dev_score: {'accuracy': 0.7661196751201724, 'balanced_accuracy': 0.7560638341457582, 'f1_macro': 0.7579912496708604, 'f1_micro': 0.7661196751201724, 'f1_weighted': 0.7648230466459952, 'precision_macro': 0.8381235594178671, 'precision_micro': 0.7661196751201724, 'precision_weighted': 0.8384709404992695, 'recall_macro': 0.7560638341457582, 'recall_micro': 0.7661196751201724, 'recall_weighted': 0.7661196751201724}
-----------------------
Epoch 95/100
Training statistic: Loss: 0.3473, train_score: {'accuracy': 0.8980103053980039, 'balanced_accuracy': 0.8919590973683912, 'f1_macro': 0.8991826458105828, 'f1_micro': 0.8980103053980039, 'f1_weighted': 0.898873772693759, 'precision_macro': 0.9174734116441223, 'precision_micro': 0.8980103053980039, 'precision_weighted': 0.9106507277937325, 'recall_macro': 0.8919590973683912, 'recall_micro': 0.8980103053980039, 'recall_weighted': 0.8980103053980039}
Validation statistic: Loss: 0.7097, dev_score: {'accuracy': 0.7639648599370131, 'balanced_accuracy': 0.754784973569733, 'f1_macro': 0.7577988671565647, 'f1_micro': 0.7639648599370131, 'f1_weighted': 0.7639806694022734, 'precision_macro': 0.8365404495028248, 'precision_micro': 0.7639648599370131, 'precision_weighted': 0.8367129438372495, 'recall_macro': 0.754784973569733, 'recall_micro': 0.7639648599370131, 'recall_weighted': 0.7639648599370131}
-----------------------
Epoch 96/100
Training statistic: Loss: 0.3557, train_score: {'accuracy': 0.8942658377354082, 'balanced_accuracy': 0.8920878658792637, 'f1_macro': 0.8971451187046784, 'f1_micro': 0.8942658377354082, 'f1_weighted': 0.8951070581307988, 'precision_macro': 0.9147753516732834, 'precision_micro': 0.8942658377354082, 'precision_weighted': 0.9088496015777121, 'recall_macro': 0.8920878658792637, 'recall_micro': 0.8942658377354082, 'recall_weighted': 0.8942658377354082}
Validation statistic: Loss: 0.7270, dev_score: {'accuracy': 0.7570031493452677, 'balanced_accuracy': 0.7459620393906523, 'f1_macro': 0.7440978714837273, 'f1_micro': 0.7570031493452677, 'f1_weighted': 0.7516503195449666, 'precision_macro': 0.8394336670577072, 'precision_micro': 0.7570031493452677, 'precision_weighted': 0.8389620317664037, 'recall_macro': 0.7459620393906523, 'recall_micro': 0.7570031493452677, 'recall_weighted': 0.7570031493452677}
-----------------------
Epoch 97/100
Training statistic: Loss: 0.3283, train_score: {'accuracy': 0.90479836982621, 'balanced_accuracy': 0.9021047370550423, 'f1_macro': 0.9079019726261854, 'f1_micro': 0.90479836982621, 'f1_weighted': 0.9053599128430634, 'precision_macro': 0.9228622578412156, 'precision_micro': 0.90479836982621, 'precision_weighted': 0.9151807555404785, 'recall_macro': 0.9021047370550423, 'recall_micro': 0.90479836982621, 'recall_weighted': 0.90479836982621}
Validation statistic: Loss: 0.6489, dev_score: {'accuracy': 0.7884966020222112, 'balanced_accuracy': 0.7798935395754142, 'f1_macro': 0.7839152309153115, 'f1_micro': 0.7884966020222112, 'f1_weighted': 0.7893336602445968, 'precision_macro': 0.8500962119711787, 'precision_micro': 0.7884966020222112, 'precision_weighted': 0.849872105776469, 'recall_macro': 0.7798935395754142, 'recall_micro': 0.7884966020222112, 'recall_weighted': 0.7884966020222112}
-----------------------
Epoch 98/100
Training statistic: Loss: 0.3405, train_score: {'accuracy': 0.9000220644541643, 'balanced_accuracy': 0.897264620065943, 'f1_macro': 0.9022264421485854, 'f1_micro': 0.9000220644541643, 'f1_weighted': 0.900751492882241, 'precision_macro': 0.9185190328127829, 'precision_micro': 0.9000220644541643, 'precision_weighted': 0.912799112761969, 'recall_macro': 0.897264620065943, 'recall_micro': 0.9000220644541643, 'recall_weighted': 0.9000220644541643}
Validation statistic: Loss: 0.6862, dev_score: {'accuracy': 0.7699320404442235, 'balanced_accuracy': 0.7597012552428051, 'f1_macro': 0.7607204218004702, 'f1_micro': 0.7699320404442235, 'f1_weighted': 0.7673202619425864, 'precision_macro': 0.8413336799273601, 'precision_micro': 0.7699320404442235, 'precision_weighted': 0.840783524850994, 'recall_macro': 0.7597012552428051, 'recall_micro': 0.7699320404442235, 'recall_weighted': 0.7699320404442235}
-----------------------
Epoch 99/100
Training statistic: Loss: 0.3241, train_score: {'accuracy': 0.9059535088971666, 'balanced_accuracy': 0.9032026008144177, 'f1_macro': 0.9086705259772264, 'f1_micro': 0.9059535088971666, 'f1_weighted': 0.9063855752989184, 'precision_macro': 0.9229422670799297, 'precision_micro': 0.9059535088971666, 'precision_weighted': 0.9159756297015961, 'recall_macro': 0.9032026008144177, 'recall_micro': 0.9059535088971666, 'recall_weighted': 0.9059535088971666}
Validation statistic: Loss: 0.6497, dev_score: {'accuracy': 0.7865075418531411, 'balanced_accuracy': 0.7763862025799394, 'f1_macro': 0.7777191746650477, 'f1_micro': 0.7865075418531411, 'f1_weighted': 0.7843650201458593, 'precision_macro': 0.8468991626201678, 'precision_micro': 0.7865075418531411, 'precision_weighted': 0.8468000828304284, 'recall_macro': 0.7763862025799394, 'recall_micro': 0.7865075418531411, 'recall_weighted': 0.7865075418531411}
-----------------------
Epoch 100/100
Training statistic: Loss: 0.3320, train_score: {'accuracy': 0.9052072111827846, 'balanced_accuracy': 0.9030822003447087, 'f1_macro': 0.9080042065221609, 'f1_micro': 0.9052072111827846, 'f1_weighted': 0.9059313189978055, 'precision_macro': 0.9225251051690766, 'precision_micro': 0.9052072111827846, 'precision_weighted': 0.9163946010533737, 'recall_macro': 0.9030822003447087, 'recall_micro': 0.9052072111827846, 'recall_weighted': 0.9052072111827846}
Validation statistic: Loss: 0.6639, dev_score: {'accuracy': 0.7821979114868225, 'balanced_accuracy': 0.7723023946525969, 'f1_macro': 0.7731223123255014, 'f1_micro': 0.7821979114868225, 'f1_weighted': 0.7796747236034933, 'precision_macro': 0.8463626265501935, 'precision_micro': 0.7821979114868225, 'precision_weighted': 0.8462183199449567, 'recall_macro': 0.7723023946525969, 'recall_micro': 0.7821979114868225, 'recall_weighted': 0.7821979114868225}
Testing statistic: loss: 0.6809318178598127, scores: {'accuracy': 0.7813227995543401, 'balanced_accuracy': 0.7799445661618423, 'f1_macro': 0.7821340007742668, 'f1_micro': 0.7813227995543401, 'f1_weighted': 0.7828352740340719, 'precision_macro': 0.8452407682017302, 'precision_micro': 0.7813227995543401, 'precision_weighted': 0.8447790338645567, 'recall_macro': 0.7799445661618423, 'recall_micro': 0.7813227995543401, 'recall_weighted': 0.7813227995543401}
Finish training!
