=====Setting up data=====
Dataset name:census_kdd
train_option:synthetic
augment_option:tvae_compare_rf
mix_ratio:-1
n_sample:-1
Training dataset size: 100096 samples
Validation dataset size: 18176 samples

=====Setting up parameters for training=====
num_epochs: 100
learning_rate: 0.001
patience: 30
early_stop_criterion: loss
=====Setting up trainer=====
input_size: 372
model: DNN_Census
----------------------------------------------------------------
        Layer (type)               Output Shape         Param #
================================================================
            Linear-1                  [-1, 256]          95,488
       BatchNorm1d-2                  [-1, 256]             512
              ReLU-3                  [-1, 256]               0
           Dropout-4                  [-1, 256]               0
            Linear-5                  [-1, 128]          32,896
       BatchNorm1d-6                  [-1, 128]             256
              ReLU-7                  [-1, 128]               0
           Dropout-8                  [-1, 128]               0
            Linear-9                   [-1, 64]           8,256
      BatchNorm1d-10                   [-1, 64]             128
             ReLU-11                   [-1, 64]               0
          Dropout-12                   [-1, 64]               0
           Linear-13                   [-1, 32]           2,080
      BatchNorm1d-14                   [-1, 32]              64
             ReLU-15                   [-1, 32]               0
          Dropout-16                   [-1, 32]               0
           Linear-17                    [-1, 1]              33
          Sigmoid-18                    [-1, 1]               0
================================================================
Total params: 139,713
Trainable params: 139,713
Non-trainable params: 0
----------------------------------------------------------------
Input size (MB): 0.00
Forward/backward pass size (MB): 0.01
Params size (MB): 0.53
Estimated Total Size (MB): 0.55
----------------------------------------------------------------
=====Setting up output files=====
weight_dir, weight_file: /home/thuy/Research/minh_data_synth/TabularDA/output/corrected_v2/census_kdd/weight/, census_kdd_seed42_tvae_full_rf_synthetic.weights.pth
acc_dir, acc_file: /home/thuy/Research/minh_data_synth/TabularDA/output/corrected_v2/census_kdd/acc/, census_kdd_seed42_tvae_full_rf_synthetic.epochs.csv
report_file: census_kdd_seed42_tvae_full_rf_synthetic.report.txt
==========================================================================================
Start training...
-----------------------
Epoch 1/100
Training statistic: Loss: 0.0324, train_score: {'accuracy': 0.99257, 'balanced_accuracy': 0.5, 'f1_macro': 0.49813557365613254, 'f1_micro': 0.99257, 'f1_weighted': 0.988868852687735, 'f1_binary': 0.0, 'pr_auc': 0.2518460276704546, 'precision_macro': 0.496285, 'precision_micro': 0.99257, 'precision_weighted': 0.9851952048999999, 'precision_binary': 0.0, 'recall_macro': 0.5, 'recall_micro': 0.99257, 'recall_weighted': 0.99257, 'recall_binary': 0.0, 'roc_auc': 0.9573658053225099}
Validation statistic: Loss: 0.2262, dev_score: {'accuracy': 0.9365456959504315, 'balanced_accuracy': 0.5, 'f1_macro': 0.48361662619625767, 'f1_micro': 0.9365456959504315, 'f1_weighted': 0.9058581395083477, 'f1_binary': 0.0, 'pr_auc': 0.34684230712102393, 'precision_macro': 0.46827284797521573, 'precision_micro': 0.9365456959504315, 'precision_weighted': 0.877117840603278, 'precision_binary': 0.0, 'recall_macro': 0.5, 'recall_micro': 0.9365456959504315, 'recall_weighted': 0.9365456959504315, 'recall_binary': 0.0, 'roc_auc': 0.8600886733314578}
Saving model...
Model saved!
-------------------------------------------
-----------------------
Epoch 2/100
Training statistic: Loss: 0.0231, train_score: {'accuracy': 0.99257, 'balanced_accuracy': 0.5, 'f1_macro': 0.49813557365613254, 'f1_micro': 0.99257, 'f1_weighted': 0.988868852687735, 'f1_binary': 0.0, 'pr_auc': 0.44242989543468103, 'precision_macro': 0.496285, 'precision_micro': 0.99257, 'precision_weighted': 0.9851952048999999, 'precision_binary': 0.0, 'recall_macro': 0.5, 'recall_micro': 0.99257, 'recall_weighted': 0.99257, 'recall_binary': 0.0, 'roc_auc': 0.9856835073289019}
Validation statistic: Loss: 0.2192, dev_score: {'accuracy': 0.9365456959504315, 'balanced_accuracy': 0.5, 'f1_macro': 0.48361662619625767, 'f1_micro': 0.9365456959504315, 'f1_weighted': 0.9058581395083477, 'f1_binary': 0.0, 'pr_auc': 0.4840171873796606, 'precision_macro': 0.46827284797521573, 'precision_micro': 0.9365456959504315, 'precision_weighted': 0.877117840603278, 'precision_binary': 0.0, 'recall_macro': 0.5, 'recall_micro': 0.9365456959504315, 'recall_weighted': 0.9365456959504315, 'recall_binary': 0.0, 'roc_auc': 0.88322978532373}
Saving model...
Model saved!
-------------------------------------------
-----------------------
Epoch 3/100
Training statistic: Loss: 0.0198, train_score: {'accuracy': 0.99257, 'balanced_accuracy': 0.5, 'f1_macro': 0.49813557365613254, 'f1_micro': 0.99257, 'f1_weighted': 0.988868852687735, 'f1_binary': 0.0, 'pr_auc': 0.45833920852681215, 'precision_macro': 0.496285, 'precision_micro': 0.99257, 'precision_weighted': 0.9851952048999999, 'precision_binary': 0.0, 'recall_macro': 0.5, 'recall_micro': 0.99257, 'recall_weighted': 0.99257, 'recall_binary': 0.0, 'roc_auc': 0.9896458275837386}
Validation statistic: Loss: 0.2397, dev_score: {'accuracy': 0.9365456959504315, 'balanced_accuracy': 0.5, 'f1_macro': 0.48361662619625767, 'f1_micro': 0.9365456959504315, 'f1_weighted': 0.9058581395083477, 'f1_binary': 0.0, 'pr_auc': 0.4937963606876571, 'precision_macro': 0.46827284797521573, 'precision_micro': 0.9365456959504315, 'precision_weighted': 0.877117840603278, 'precision_binary': 0.0, 'recall_macro': 0.5, 'recall_micro': 0.9365456959504315, 'recall_weighted': 0.9365456959504315, 'recall_binary': 0.0, 'roc_auc': 0.8863935448542126}
-----------------------
Epoch 4/100
Training statistic: Loss: 0.0181, train_score: {'accuracy': 0.99257, 'balanced_accuracy': 0.5, 'f1_macro': 0.49813557365613254, 'f1_micro': 0.99257, 'f1_weighted': 0.988868852687735, 'f1_binary': 0.0, 'pr_auc': 0.5535344274683319, 'precision_macro': 0.496285, 'precision_micro': 0.99257, 'precision_weighted': 0.9851952048999999, 'precision_binary': 0.0, 'recall_macro': 0.5, 'recall_micro': 0.99257, 'recall_weighted': 0.99257, 'recall_binary': 0.0, 'roc_auc': 0.9904683250114976}
Validation statistic: Loss: 0.2683, dev_score: {'accuracy': 0.9365456959504315, 'balanced_accuracy': 0.5, 'f1_macro': 0.48361662619625767, 'f1_micro': 0.9365456959504315, 'f1_weighted': 0.9058581395083477, 'f1_binary': 0.0, 'pr_auc': 0.5309123118941346, 'precision_macro': 0.46827284797521573, 'precision_micro': 0.9365456959504315, 'precision_weighted': 0.877117840603278, 'precision_binary': 0.0, 'recall_macro': 0.5, 'recall_micro': 0.9365456959504315, 'recall_weighted': 0.9365456959504315, 'recall_binary': 0.0, 'roc_auc': 0.8885652128436509}
-----------------------
Epoch 5/100
Training statistic: Loss: 0.0184, train_score: {'accuracy': 0.99257, 'balanced_accuracy': 0.5, 'f1_macro': 0.49813557365613254, 'f1_micro': 0.99257, 'f1_weighted': 0.988868852687735, 'f1_binary': 0.0, 'pr_auc': 0.5427591841288962, 'precision_macro': 0.496285, 'precision_micro': 0.99257, 'precision_weighted': 0.9851952048999999, 'precision_binary': 0.0, 'recall_macro': 0.5, 'recall_micro': 0.99257, 'recall_weighted': 0.99257, 'recall_binary': 0.0, 'roc_auc': 0.9913254674695979}
Validation statistic: Loss: 0.2650, dev_score: {'accuracy': 0.9365456959504315, 'balanced_accuracy': 0.5, 'f1_macro': 0.48361662619625767, 'f1_micro': 0.9365456959504315, 'f1_weighted': 0.9058581395083477, 'f1_binary': 0.0, 'pr_auc': 0.5222067384141306, 'precision_macro': 0.46827284797521573, 'precision_micro': 0.9365456959504315, 'precision_weighted': 0.877117840603278, 'precision_binary': 0.0, 'recall_macro': 0.5, 'recall_micro': 0.9365456959504315, 'recall_weighted': 0.9365456959504315, 'recall_binary': 0.0, 'roc_auc': 0.8997856991631751}
-----------------------
Epoch 6/100
Training statistic: Loss: 0.0176, train_score: {'accuracy': 0.99257, 'balanced_accuracy': 0.5, 'f1_macro': 0.49813557365613254, 'f1_micro': 0.99257, 'f1_weighted': 0.988868852687735, 'f1_binary': 0.0, 'pr_auc': 0.4991243099809842, 'precision_macro': 0.496285, 'precision_micro': 0.99257, 'precision_weighted': 0.9851952048999999, 'precision_binary': 0.0, 'recall_macro': 0.5, 'recall_micro': 0.99257, 'recall_weighted': 0.99257, 'recall_binary': 0.0, 'roc_auc': 0.9915800914929827}
Validation statistic: Loss: 0.2784, dev_score: {'accuracy': 0.9365456959504315, 'balanced_accuracy': 0.5, 'f1_macro': 0.48361662619625767, 'f1_micro': 0.9365456959504315, 'f1_weighted': 0.9058581395083477, 'f1_binary': 0.0, 'pr_auc': 0.5116669099420337, 'precision_macro': 0.46827284797521573, 'precision_micro': 0.9365456959504315, 'precision_weighted': 0.877117840603278, 'precision_binary': 0.0, 'recall_macro': 0.5, 'recall_micro': 0.9365456959504315, 'recall_weighted': 0.9365456959504315, 'recall_binary': 0.0, 'roc_auc': 0.9107543001147982}
-----------------------
Epoch 7/100
Training statistic: Loss: 0.0172, train_score: {'accuracy': 0.99257, 'balanced_accuracy': 0.5, 'f1_macro': 0.49813557365613254, 'f1_micro': 0.99257, 'f1_weighted': 0.988868852687735, 'f1_binary': 0.0, 'pr_auc': 0.5085516852996798, 'precision_macro': 0.496285, 'precision_micro': 0.99257, 'precision_weighted': 0.9851952048999999, 'precision_binary': 0.0, 'recall_macro': 0.5, 'recall_micro': 0.99257, 'recall_weighted': 0.99257, 'recall_binary': 0.0, 'roc_auc': 0.9924817911212205}
Validation statistic: Loss: 0.2929, dev_score: {'accuracy': 0.9365456959504315, 'balanced_accuracy': 0.5, 'f1_macro': 0.48361662619625767, 'f1_micro': 0.9365456959504315, 'f1_weighted': 0.9058581395083477, 'f1_binary': 0.0, 'pr_auc': 0.5162870353031624, 'precision_macro': 0.46827284797521573, 'precision_micro': 0.9365456959504315, 'precision_weighted': 0.877117840603278, 'precision_binary': 0.0, 'recall_macro': 0.5, 'recall_micro': 0.9365456959504315, 'recall_weighted': 0.9365456959504315, 'recall_binary': 0.0, 'roc_auc': 0.9063832572604502}
-----------------------
Epoch 8/100
Training statistic: Loss: 0.0172, train_score: {'accuracy': 0.99257, 'balanced_accuracy': 0.5, 'f1_macro': 0.49813557365613254, 'f1_micro': 0.99257, 'f1_weighted': 0.988868852687735, 'f1_binary': 0.0, 'pr_auc': 0.5116128160239644, 'precision_macro': 0.496285, 'precision_micro': 0.99257, 'precision_weighted': 0.9851952048999999, 'precision_binary': 0.0, 'recall_macro': 0.5, 'recall_micro': 0.99257, 'recall_weighted': 0.99257, 'recall_binary': 0.0, 'roc_auc': 0.9927270589524583}
Validation statistic: Loss: 0.2938, dev_score: {'accuracy': 0.9365456959504315, 'balanced_accuracy': 0.5, 'f1_macro': 0.48361662619625767, 'f1_micro': 0.9365456959504315, 'f1_weighted': 0.9058581395083477, 'f1_binary': 0.0, 'pr_auc': 0.5135232547200702, 'precision_macro': 0.46827284797521573, 'precision_micro': 0.9365456959504315, 'precision_weighted': 0.877117840603278, 'precision_binary': 0.0, 'recall_macro': 0.5, 'recall_micro': 0.9365456959504315, 'recall_weighted': 0.9365456959504315, 'recall_binary': 0.0, 'roc_auc': 0.9090697684359258}
-----------------------
Epoch 9/100
Training statistic: Loss: 0.0162, train_score: {'accuracy': 0.99257, 'balanced_accuracy': 0.5, 'f1_macro': 0.49813557365613254, 'f1_micro': 0.99257, 'f1_weighted': 0.988868852687735, 'f1_binary': 0.0, 'pr_auc': 0.5408042032059992, 'precision_macro': 0.496285, 'precision_micro': 0.99257, 'precision_weighted': 0.9851952048999999, 'precision_binary': 0.0, 'recall_macro': 0.5, 'recall_micro': 0.99257, 'recall_weighted': 0.99257, 'recall_binary': 0.0, 'roc_auc': 0.9937336699700308}
Validation statistic: Loss: 0.3065, dev_score: {'accuracy': 0.9365456959504315, 'balanced_accuracy': 0.5, 'f1_macro': 0.48361662619625767, 'f1_micro': 0.9365456959504315, 'f1_weighted': 0.9058581395083477, 'f1_binary': 0.0, 'pr_auc': 0.5201050803045602, 'precision_macro': 0.46827284797521573, 'precision_micro': 0.9365456959504315, 'precision_weighted': 0.877117840603278, 'precision_binary': 0.0, 'recall_macro': 0.5, 'recall_micro': 0.9365456959504315, 'recall_weighted': 0.9365456959504315, 'recall_binary': 0.0, 'roc_auc': 0.9073905154833282}
-----------------------
Epoch 10/100
Training statistic: Loss: 0.0168, train_score: {'accuracy': 0.99257, 'balanced_accuracy': 0.5, 'f1_macro': 0.49813557365613254, 'f1_micro': 0.99257, 'f1_weighted': 0.988868852687735, 'f1_binary': 0.0, 'pr_auc': 0.48985073535332424, 'precision_macro': 0.496285, 'precision_micro': 0.99257, 'precision_weighted': 0.9851952048999999, 'precision_binary': 0.0, 'recall_macro': 0.5, 'recall_micro': 0.99257, 'recall_weighted': 0.99257, 'recall_binary': 0.0, 'roc_auc': 0.9929439531140329}
Validation statistic: Loss: 0.3059, dev_score: {'accuracy': 0.9365456959504315, 'balanced_accuracy': 0.5, 'f1_macro': 0.48361662619625767, 'f1_micro': 0.9365456959504315, 'f1_weighted': 0.9058581395083477, 'f1_binary': 0.0, 'pr_auc': 0.5068533723321154, 'precision_macro': 0.46827284797521573, 'precision_micro': 0.9365456959504315, 'precision_weighted': 0.877117840603278, 'precision_binary': 0.0, 'recall_macro': 0.5, 'recall_micro': 0.9365456959504315, 'recall_weighted': 0.9365456959504315, 'recall_binary': 0.0, 'roc_auc': 0.9071334801385735}
-----------------------
Epoch 11/100
Training statistic: Loss: 0.0162, train_score: {'accuracy': 0.99257, 'balanced_accuracy': 0.5, 'f1_macro': 0.49813557365613254, 'f1_micro': 0.99257, 'f1_weighted': 0.988868852687735, 'f1_binary': 0.0, 'pr_auc': 0.5429568271426681, 'precision_macro': 0.496285, 'precision_micro': 0.99257, 'precision_weighted': 0.9851952048999999, 'precision_binary': 0.0, 'recall_macro': 0.5, 'recall_micro': 0.99257, 'recall_weighted': 0.99257, 'recall_binary': 0.0, 'roc_auc': 0.9936257483275703}
Validation statistic: Loss: 0.3329, dev_score: {'accuracy': 0.9365456959504315, 'balanced_accuracy': 0.5, 'f1_macro': 0.48361662619625767, 'f1_micro': 0.9365456959504315, 'f1_weighted': 0.9058581395083477, 'f1_binary': 0.0, 'pr_auc': 0.5131834179636845, 'precision_macro': 0.46827284797521573, 'precision_micro': 0.9365456959504315, 'precision_weighted': 0.877117840603278, 'precision_binary': 0.0, 'recall_macro': 0.5, 'recall_micro': 0.9365456959504315, 'recall_weighted': 0.9365456959504315, 'recall_binary': 0.0, 'roc_auc': 0.8989849292622355}
-----------------------
Epoch 12/100
Training statistic: Loss: 0.0163, train_score: {'accuracy': 0.99257, 'balanced_accuracy': 0.5, 'f1_macro': 0.49813557365613254, 'f1_micro': 0.99257, 'f1_weighted': 0.988868852687735, 'f1_binary': 0.0, 'pr_auc': 0.5190059884154472, 'precision_macro': 0.496285, 'precision_micro': 0.99257, 'precision_weighted': 0.9851952048999999, 'precision_binary': 0.0, 'recall_macro': 0.5, 'recall_micro': 0.99257, 'recall_weighted': 0.99257, 'recall_binary': 0.0, 'roc_auc': 0.9926971123577386}
Validation statistic: Loss: 0.3528, dev_score: {'accuracy': 0.9365456959504315, 'balanced_accuracy': 0.5, 'f1_macro': 0.48361662619625767, 'f1_micro': 0.9365456959504315, 'f1_weighted': 0.9058581395083477, 'f1_binary': 0.0, 'pr_auc': 0.4980802892753913, 'precision_macro': 0.46827284797521573, 'precision_micro': 0.9365456959504315, 'precision_weighted': 0.877117840603278, 'precision_binary': 0.0, 'recall_macro': 0.5, 'recall_micro': 0.9365456959504315, 'recall_weighted': 0.9365456959504315, 'recall_binary': 0.0, 'roc_auc': 0.8905400229678668}
-----------------------
Epoch 13/100
Training statistic: Loss: 0.0159, train_score: {'accuracy': 0.99257, 'balanced_accuracy': 0.5, 'f1_macro': 0.49813557365613254, 'f1_micro': 0.99257, 'f1_weighted': 0.988868852687735, 'f1_binary': 0.0, 'pr_auc': 0.5067643370809102, 'precision_macro': 0.496285, 'precision_micro': 0.99257, 'precision_weighted': 0.9851952048999999, 'precision_binary': 0.0, 'recall_macro': 0.5, 'recall_micro': 0.99257, 'recall_weighted': 0.99257, 'recall_binary': 0.0, 'roc_auc': 0.993180291883635}
Validation statistic: Loss: 0.3383, dev_score: {'accuracy': 0.9365456959504315, 'balanced_accuracy': 0.5, 'f1_macro': 0.48361662619625767, 'f1_micro': 0.9365456959504315, 'f1_weighted': 0.9058581395083477, 'f1_binary': 0.0, 'pr_auc': 0.4921852744963101, 'precision_macro': 0.46827284797521573, 'precision_micro': 0.9365456959504315, 'precision_weighted': 0.877117840603278, 'precision_binary': 0.0, 'recall_macro': 0.5, 'recall_micro': 0.9365456959504315, 'recall_weighted': 0.9365456959504315, 'recall_binary': 0.0, 'roc_auc': 0.8856617073934561}
-----------------------
Epoch 14/100
Training statistic: Loss: 0.0157, train_score: {'accuracy': 0.99257, 'balanced_accuracy': 0.5, 'f1_macro': 0.49813557365613254, 'f1_micro': 0.99257, 'f1_weighted': 0.988868852687735, 'f1_binary': 0.0, 'pr_auc': 0.5417469795527727, 'precision_macro': 0.496285, 'precision_micro': 0.99257, 'precision_weighted': 0.9851952048999999, 'precision_binary': 0.0, 'recall_macro': 0.5, 'recall_micro': 0.99257, 'recall_weighted': 0.99257, 'recall_binary': 0.0, 'roc_auc': 0.9935677806153557}
Validation statistic: Loss: 0.3407, dev_score: {'accuracy': 0.9365456959504315, 'balanced_accuracy': 0.5, 'f1_macro': 0.48361662619625767, 'f1_micro': 0.9365456959504315, 'f1_weighted': 0.9058581395083477, 'f1_binary': 0.0, 'pr_auc': 0.49761822496069696, 'precision_macro': 0.46827284797521573, 'precision_micro': 0.9365456959504315, 'precision_weighted': 0.877117840603278, 'precision_binary': 0.0, 'recall_macro': 0.5, 'recall_micro': 0.9365456959504315, 'recall_weighted': 0.9365456959504315, 'recall_binary': 0.0, 'roc_auc': 0.886166302125555}
-----------------------
Epoch 15/100
Training statistic: Loss: 0.0156, train_score: {'accuracy': 0.99257, 'balanced_accuracy': 0.5, 'f1_macro': 0.49813557365613254, 'f1_micro': 0.99257, 'f1_weighted': 0.988868852687735, 'f1_binary': 0.0, 'pr_auc': 0.5476708320675181, 'precision_macro': 0.496285, 'precision_micro': 0.99257, 'precision_weighted': 0.9851952048999999, 'precision_binary': 0.0, 'recall_macro': 0.5, 'recall_micro': 0.99257, 'recall_weighted': 0.99257, 'recall_binary': 0.0, 'roc_auc': 0.9938484799394629}
Validation statistic: Loss: 0.3598, dev_score: {'accuracy': 0.9365456959504315, 'balanced_accuracy': 0.5, 'f1_macro': 0.48361662619625767, 'f1_micro': 0.9365456959504315, 'f1_weighted': 0.9058581395083477, 'f1_binary': 0.0, 'pr_auc': 0.47756790499362695, 'precision_macro': 0.46827284797521573, 'precision_micro': 0.9365456959504315, 'precision_weighted': 0.877117840603278, 'precision_binary': 0.0, 'recall_macro': 0.5, 'recall_micro': 0.9365456959504315, 'recall_weighted': 0.9365456959504315, 'recall_binary': 0.0, 'roc_auc': 0.8657012983555145}
-----------------------
Epoch 16/100
Training statistic: Loss: 0.0153, train_score: {'accuracy': 0.99257, 'balanced_accuracy': 0.5, 'f1_macro': 0.49813557365613254, 'f1_micro': 0.99257, 'f1_weighted': 0.988868852687735, 'f1_binary': 0.0, 'pr_auc': 0.5316496122019905, 'precision_macro': 0.496285, 'precision_micro': 0.99257, 'precision_weighted': 0.9851952048999999, 'precision_binary': 0.0, 'recall_macro': 0.5, 'recall_micro': 0.99257, 'recall_weighted': 0.99257, 'recall_binary': 0.0, 'roc_auc': 0.9934732559552739}
Validation statistic: Loss: 0.3676, dev_score: {'accuracy': 0.9365456959504315, 'balanced_accuracy': 0.5, 'f1_macro': 0.48361662619625767, 'f1_micro': 0.9365456959504315, 'f1_weighted': 0.9058581395083477, 'f1_binary': 0.0, 'pr_auc': 0.4779534708885133, 'precision_macro': 0.46827284797521573, 'precision_micro': 0.9365456959504315, 'precision_weighted': 0.877117840603278, 'precision_binary': 0.0, 'recall_macro': 0.5, 'recall_micro': 0.9365456959504315, 'recall_weighted': 0.9365456959504315, 'recall_binary': 0.0, 'roc_auc': 0.8646045335349241}
-----------------------
Epoch 17/100
Training statistic: Loss: 0.0152, train_score: {'accuracy': 0.99257, 'balanced_accuracy': 0.5, 'f1_macro': 0.49813557365613254, 'f1_micro': 0.99257, 'f1_weighted': 0.988868852687735, 'f1_binary': 0.0, 'pr_auc': 0.5745954480894406, 'precision_macro': 0.496285, 'precision_micro': 0.99257, 'precision_weighted': 0.9851952048999999, 'precision_binary': 0.0, 'recall_macro': 0.5, 'recall_micro': 0.99257, 'recall_weighted': 0.99257, 'recall_binary': 0.0, 'roc_auc': 0.9947307620790712}
Validation statistic: Loss: 0.3704, dev_score: {'accuracy': 0.9365456959504315, 'balanced_accuracy': 0.5, 'f1_macro': 0.48361662619625767, 'f1_micro': 0.9365456959504315, 'f1_weighted': 0.9058581395083477, 'f1_binary': 0.0, 'pr_auc': 0.486575375420786, 'precision_macro': 0.46827284797521573, 'precision_micro': 0.9365456959504315, 'precision_weighted': 0.877117840603278, 'precision_binary': 0.0, 'recall_macro': 0.5, 'recall_micro': 0.9365456959504315, 'recall_weighted': 0.9365456959504315, 'recall_binary': 0.0, 'roc_auc': 0.8626076557598913}
-----------------------
Epoch 18/100
Training statistic: Loss: 0.0150, train_score: {'accuracy': 0.99257, 'balanced_accuracy': 0.5, 'f1_macro': 0.49813557365613254, 'f1_micro': 0.99257, 'f1_weighted': 0.988868852687735, 'f1_binary': 0.0, 'pr_auc': 0.539659453223196, 'precision_macro': 0.496285, 'precision_micro': 0.99257, 'precision_weighted': 0.9851952048999999, 'precision_binary': 0.0, 'recall_macro': 0.5, 'recall_micro': 0.99257, 'recall_weighted': 0.99257, 'recall_binary': 0.0, 'roc_auc': 0.9942294464560784}
Validation statistic: Loss: 0.3758, dev_score: {'accuracy': 0.9365456959504315, 'balanced_accuracy': 0.5, 'f1_macro': 0.48361662619625767, 'f1_micro': 0.9365456959504315, 'f1_weighted': 0.9058581395083477, 'f1_binary': 0.0, 'pr_auc': 0.4844064847628806, 'precision_macro': 0.46827284797521573, 'precision_micro': 0.9365456959504315, 'precision_weighted': 0.877117840603278, 'precision_binary': 0.0, 'recall_macro': 0.5, 'recall_micro': 0.9365456959504315, 'recall_weighted': 0.9365456959504315, 'recall_binary': 0.0, 'roc_auc': 0.8721636438105028}
-----------------------
Epoch 19/100
Training statistic: Loss: 0.0147, train_score: {'accuracy': 0.99257, 'balanced_accuracy': 0.5, 'f1_macro': 0.49813557365613254, 'f1_micro': 0.99257, 'f1_weighted': 0.988868852687735, 'f1_binary': 0.0, 'pr_auc': 0.6103762104419024, 'precision_macro': 0.496285, 'precision_micro': 0.99257, 'precision_weighted': 0.9851952048999999, 'precision_binary': 0.0, 'recall_macro': 0.5, 'recall_micro': 0.99257, 'recall_weighted': 0.99257, 'recall_binary': 0.0, 'roc_auc': 0.995155397605555}
Validation statistic: Loss: 0.3903, dev_score: {'accuracy': 0.9365456959504315, 'balanced_accuracy': 0.5, 'f1_macro': 0.48361662619625767, 'f1_micro': 0.9365456959504315, 'f1_weighted': 0.9058581395083477, 'f1_binary': 0.0, 'pr_auc': 0.501804456477199, 'precision_macro': 0.46827284797521573, 'precision_micro': 0.9365456959504315, 'precision_weighted': 0.877117840603278, 'precision_binary': 0.0, 'recall_macro': 0.5, 'recall_micro': 0.9365456959504315, 'recall_weighted': 0.9365456959504315, 'recall_binary': 0.0, 'roc_auc': 0.878604951610045}
-----------------------
Epoch 20/100
Training statistic: Loss: 0.0145, train_score: {'accuracy': 0.99257, 'balanced_accuracy': 0.5, 'f1_macro': 0.49813557365613254, 'f1_micro': 0.99257, 'f1_weighted': 0.988868852687735, 'f1_binary': 0.0, 'pr_auc': 0.5993736920372685, 'precision_macro': 0.496285, 'precision_micro': 0.99257, 'precision_weighted': 0.9851952048999999, 'precision_binary': 0.0, 'recall_macro': 0.5, 'recall_micro': 0.99257, 'recall_weighted': 0.99257, 'recall_binary': 0.0, 'roc_auc': 0.9951439396600997}
Validation statistic: Loss: 0.3854, dev_score: {'accuracy': 0.9365456959504315, 'balanced_accuracy': 0.5, 'f1_macro': 0.48361662619625767, 'f1_micro': 0.9365456959504315, 'f1_weighted': 0.9058581395083477, 'f1_binary': 0.0, 'pr_auc': 0.490097640818156, 'precision_macro': 0.46827284797521573, 'precision_micro': 0.9365456959504315, 'precision_weighted': 0.877117840603278, 'precision_binary': 0.0, 'recall_macro': 0.5, 'recall_micro': 0.9365456959504315, 'recall_weighted': 0.9365456959504315, 'recall_binary': 0.0, 'roc_auc': 0.8725179622180188}
-----------------------
Epoch 21/100
Training statistic: Loss: 0.0145, train_score: {'accuracy': 0.99257, 'balanced_accuracy': 0.5, 'f1_macro': 0.49813557365613254, 'f1_micro': 0.99257, 'f1_weighted': 0.988868852687735, 'f1_binary': 0.0, 'pr_auc': 0.593669880514915, 'precision_macro': 0.496285, 'precision_micro': 0.99257, 'precision_weighted': 0.9851952048999999, 'precision_binary': 0.0, 'recall_macro': 0.5, 'recall_micro': 0.99257, 'recall_weighted': 0.99257, 'recall_binary': 0.0, 'roc_auc': 0.9945251495868679}
Validation statistic: Loss: 0.4232, dev_score: {'accuracy': 0.9365456959504315, 'balanced_accuracy': 0.5, 'f1_macro': 0.48361662619625767, 'f1_micro': 0.9365456959504315, 'f1_weighted': 0.9058581395083477, 'f1_binary': 0.0, 'pr_auc': 0.48725158338838587, 'precision_macro': 0.46827284797521573, 'precision_micro': 0.9365456959504315, 'precision_weighted': 0.877117840603278, 'precision_binary': 0.0, 'recall_macro': 0.5, 'recall_micro': 0.9365456959504315, 'recall_weighted': 0.9365456959504315, 'recall_binary': 0.0, 'roc_auc': 0.8642386019296037}
-----------------------
Epoch 22/100
Training statistic: Loss: 0.0145, train_score: {'accuracy': 0.99257, 'balanced_accuracy': 0.5, 'f1_macro': 0.49813557365613254, 'f1_micro': 0.99257, 'f1_weighted': 0.988868852687735, 'f1_binary': 0.0, 'pr_auc': 0.633842266812151, 'precision_macro': 0.496285, 'precision_micro': 0.99257, 'precision_weighted': 0.9851952048999999, 'precision_binary': 0.0, 'recall_macro': 0.5, 'recall_micro': 0.99257, 'recall_weighted': 0.99257, 'recall_binary': 0.0, 'roc_auc': 0.9933037461610289}
Validation statistic: Loss: 0.4242, dev_score: {'accuracy': 0.9365456959504315, 'balanced_accuracy': 0.5, 'f1_macro': 0.48361662619625767, 'f1_micro': 0.9365456959504315, 'f1_weighted': 0.9058581395083477, 'f1_binary': 0.0, 'pr_auc': 0.49373876944458384, 'precision_macro': 0.46827284797521573, 'precision_micro': 0.9365456959504315, 'precision_weighted': 0.877117840603278, 'precision_binary': 0.0, 'recall_macro': 0.5, 'recall_micro': 0.9365456959504315, 'recall_weighted': 0.9365456959504315, 'recall_binary': 0.0, 'roc_auc': 0.8645821053857272}
-----------------------
Epoch 23/100
Training statistic: Loss: 0.0142, train_score: {'accuracy': 0.99257, 'balanced_accuracy': 0.5, 'f1_macro': 0.49813557365613254, 'f1_micro': 0.99257, 'f1_weighted': 0.988868852687735, 'f1_binary': 0.0, 'pr_auc': 0.5426934605412598, 'precision_macro': 0.496285, 'precision_micro': 0.99257, 'precision_weighted': 0.9851952048999999, 'precision_binary': 0.0, 'recall_macro': 0.5, 'recall_micro': 0.99257, 'recall_weighted': 0.99257, 'recall_binary': 0.0, 'roc_auc': 0.9941134703525525}
Validation statistic: Loss: 0.4110, dev_score: {'accuracy': 0.9365456959504315, 'balanced_accuracy': 0.5, 'f1_macro': 0.48361662619625767, 'f1_micro': 0.9365456959504315, 'f1_weighted': 0.9058581395083477, 'f1_binary': 0.0, 'pr_auc': 0.4690799492217411, 'precision_macro': 0.46827284797521573, 'precision_micro': 0.9365456959504315, 'precision_weighted': 0.877117840603278, 'precision_binary': 0.0, 'recall_macro': 0.5, 'recall_micro': 0.9365456959504315, 'recall_weighted': 0.9365456959504315, 'recall_binary': 0.0, 'roc_auc': 0.870991277329704}
-----------------------
Epoch 24/100
Training statistic: Loss: 0.0141, train_score: {'accuracy': 0.99257, 'balanced_accuracy': 0.5, 'f1_macro': 0.49813557365613254, 'f1_micro': 0.99257, 'f1_weighted': 0.988868852687735, 'f1_binary': 0.0, 'pr_auc': 0.6512380823388672, 'precision_macro': 0.496285, 'precision_micro': 0.99257, 'precision_weighted': 0.9851952048999999, 'precision_binary': 0.0, 'recall_macro': 0.5, 'recall_micro': 0.99257, 'recall_weighted': 0.99257, 'recall_binary': 0.0, 'roc_auc': 0.9944683412288974}
Validation statistic: Loss: 0.4293, dev_score: {'accuracy': 0.9365456959504315, 'balanced_accuracy': 0.5, 'f1_macro': 0.48361662619625767, 'f1_micro': 0.9365456959504315, 'f1_weighted': 0.9058581395083477, 'f1_binary': 0.0, 'pr_auc': 0.49331759024294236, 'precision_macro': 0.46827284797521573, 'precision_micro': 0.9365456959504315, 'precision_weighted': 0.877117840603278, 'precision_binary': 0.0, 'recall_macro': 0.5, 'recall_micro': 0.9365456959504315, 'recall_weighted': 0.9365456959504315, 'recall_binary': 0.0, 'roc_auc': 0.8580332918193699}
-----------------------
Epoch 25/100
Training statistic: Loss: 0.0139, train_score: {'accuracy': 0.99257, 'balanced_accuracy': 0.5, 'f1_macro': 0.49813557365613254, 'f1_micro': 0.99257, 'f1_weighted': 0.988868852687735, 'f1_binary': 0.0, 'pr_auc': 0.6085613719076789, 'precision_macro': 0.496285, 'precision_micro': 0.99257, 'precision_weighted': 0.9851952048999999, 'precision_binary': 0.0, 'recall_macro': 0.5, 'recall_micro': 0.99257, 'recall_weighted': 0.99257, 'recall_binary': 0.0, 'roc_auc': 0.9945994363965448}
Validation statistic: Loss: 0.4476, dev_score: {'accuracy': 0.9365456959504315, 'balanced_accuracy': 0.5, 'f1_macro': 0.48361662619625767, 'f1_micro': 0.9365456959504315, 'f1_weighted': 0.9058581395083477, 'f1_binary': 0.0, 'pr_auc': 0.4702493357420979, 'precision_macro': 0.46827284797521573, 'precision_micro': 0.9365456959504315, 'precision_weighted': 0.877117840603278, 'precision_binary': 0.0, 'recall_macro': 0.5, 'recall_micro': 0.9365456959504315, 'recall_weighted': 0.9365456959504315, 'recall_binary': 0.0, 'roc_auc': 0.8609812415698098}
-----------------------
Epoch 26/100
Training statistic: Loss: 0.0144, train_score: {'accuracy': 0.99257, 'balanced_accuracy': 0.5, 'f1_macro': 0.49813557365613254, 'f1_micro': 0.99257, 'f1_weighted': 0.988868852687735, 'f1_binary': 0.0, 'pr_auc': 0.634672816118095, 'precision_macro': 0.496285, 'precision_micro': 0.99257, 'precision_weighted': 0.9851952048999999, 'precision_binary': 0.0, 'recall_macro': 0.5, 'recall_micro': 0.99257, 'recall_weighted': 0.99257, 'recall_binary': 0.0, 'roc_auc': 0.9938691245808309}
Validation statistic: Loss: 0.4845, dev_score: {'accuracy': 0.9365456959504315, 'balanced_accuracy': 0.5, 'f1_macro': 0.48361662619625767, 'f1_micro': 0.9365456959504315, 'f1_weighted': 0.9058581395083477, 'f1_binary': 0.0, 'pr_auc': 0.455362674945896, 'precision_macro': 0.46827284797521573, 'precision_micro': 0.9365456959504315, 'precision_weighted': 0.877117840603278, 'precision_binary': 0.0, 'recall_macro': 0.5, 'recall_micro': 0.9365456959504315, 'recall_weighted': 0.9365456959504315, 'recall_binary': 0.0, 'roc_auc': 0.8389729442361021}
-----------------------
Epoch 27/100
Training statistic: Loss: 0.0137, train_score: {'accuracy': 0.99257, 'balanced_accuracy': 0.5, 'f1_macro': 0.49813557365613254, 'f1_micro': 0.99257, 'f1_weighted': 0.988868852687735, 'f1_binary': 0.0, 'pr_auc': 0.6818567713849305, 'precision_macro': 0.496285, 'precision_micro': 0.99257, 'precision_weighted': 0.9851952048999999, 'precision_binary': 0.0, 'recall_macro': 0.5, 'recall_micro': 0.99257, 'recall_weighted': 0.99257, 'recall_binary': 0.0, 'roc_auc': 0.9949134993594602}
Validation statistic: Loss: 0.4674, dev_score: {'accuracy': 0.9365456959504315, 'balanced_accuracy': 0.5, 'f1_macro': 0.48361662619625767, 'f1_micro': 0.9365456959504315, 'f1_weighted': 0.9058581395083477, 'f1_binary': 0.0, 'pr_auc': 0.48120188177125517, 'precision_macro': 0.46827284797521573, 'precision_micro': 0.9365456959504315, 'precision_weighted': 0.877117840603278, 'precision_binary': 0.0, 'recall_macro': 0.5, 'recall_micro': 0.9365456959504315, 'recall_weighted': 0.9365456959504315, 'recall_binary': 0.0, 'roc_auc': 0.8543291452176568}
-----------------------
Epoch 28/100
Training statistic: Loss: 0.0136, train_score: {'accuracy': 0.99257, 'balanced_accuracy': 0.5, 'f1_macro': 0.49813557365613254, 'f1_micro': 0.99257, 'f1_weighted': 0.988868852687735, 'f1_binary': 0.0, 'pr_auc': 0.6582145148404701, 'precision_macro': 0.496285, 'precision_micro': 0.99257, 'precision_weighted': 0.9851952048999999, 'precision_binary': 0.0, 'recall_macro': 0.5, 'recall_micro': 0.99257, 'recall_weighted': 0.99257, 'recall_binary': 0.0, 'roc_auc': 0.9951670114875463}
Validation statistic: Loss: 0.4888, dev_score: {'accuracy': 0.9365456959504315, 'balanced_accuracy': 0.5, 'f1_macro': 0.48361662619625767, 'f1_micro': 0.9365456959504315, 'f1_weighted': 0.9058581395083477, 'f1_binary': 0.0, 'pr_auc': 0.4586243191245202, 'precision_macro': 0.46827284797521573, 'precision_micro': 0.9365456959504315, 'precision_weighted': 0.877117840603278, 'precision_binary': 0.0, 'recall_macro': 0.5, 'recall_micro': 0.9365456959504315, 'recall_weighted': 0.9365456959504315, 'recall_binary': 0.0, 'roc_auc': 0.8413209474330019}
-----------------------
Epoch 29/100
Training statistic: Loss: 0.0138, train_score: {'accuracy': 0.99257, 'balanced_accuracy': 0.5, 'f1_macro': 0.49813557365613254, 'f1_micro': 0.99257, 'f1_weighted': 0.988868852687735, 'f1_binary': 0.0, 'pr_auc': 0.6669970250277173, 'precision_macro': 0.496285, 'precision_micro': 0.99257, 'precision_weighted': 0.9851952048999999, 'precision_binary': 0.0, 'recall_macro': 0.5, 'recall_micro': 0.99257, 'recall_weighted': 0.99257, 'recall_binary': 0.0, 'roc_auc': 0.9954114928562557}
Validation statistic: Loss: 0.5084, dev_score: {'accuracy': 0.9365456959504315, 'balanced_accuracy': 0.5, 'f1_macro': 0.48361662619625767, 'f1_micro': 0.9365456959504315, 'f1_weighted': 0.9058581395083477, 'f1_binary': 0.0, 'pr_auc': 0.4658115821228149, 'precision_macro': 0.46827284797521573, 'precision_micro': 0.9365456959504315, 'precision_weighted': 0.877117840603278, 'precision_binary': 0.0, 'recall_macro': 0.5, 'recall_micro': 0.9365456959504315, 'recall_weighted': 0.9365456959504315, 'recall_binary': 0.0, 'roc_auc': 0.8450893142460773}
-----------------------
Epoch 30/100
Training statistic: Loss: 0.0132, train_score: {'accuracy': 0.99257, 'balanced_accuracy': 0.5, 'f1_macro': 0.49813557365613254, 'f1_micro': 0.99257, 'f1_weighted': 0.988868852687735, 'f1_binary': 0.0, 'pr_auc': 0.6729323708152221, 'precision_macro': 0.496285, 'precision_micro': 0.99257, 'precision_weighted': 0.9851952048999999, 'precision_binary': 0.0, 'recall_macro': 0.5, 'recall_micro': 0.99257, 'recall_weighted': 0.99257, 'recall_binary': 0.0, 'roc_auc': 0.9960720942606257}
Validation statistic: Loss: 0.4913, dev_score: {'accuracy': 0.9365456959504315, 'balanced_accuracy': 0.5, 'f1_macro': 0.48361662619625767, 'f1_micro': 0.9365456959504315, 'f1_weighted': 0.9058581395083477, 'f1_binary': 0.0, 'pr_auc': 0.476772335982676, 'precision_macro': 0.46827284797521573, 'precision_micro': 0.9365456959504315, 'precision_weighted': 0.877117840603278, 'precision_binary': 0.0, 'recall_macro': 0.5, 'recall_micro': 0.9365456959504315, 'recall_weighted': 0.9365456959504315, 'recall_binary': 0.0, 'roc_auc': 0.849232110126281}
-----------------------
Epoch 31/100
Training statistic: Loss: 0.0132, train_score: {'accuracy': 0.99443, 'balanced_accuracy': 0.6645749317157299, 'f1_macro': 0.7326020821195712, 'f1_micro': 0.99443, 'f1_weighted': 0.993268413631224, 'f1_binary': 0.4680038204393505, 'pr_auc': 0.683765434597654, 'precision_macro': 0.900462933634037, 'precision_micro': 0.99443, 'precision_weighted': 0.9935999222847984, 'precision_binary': 0.805921052631579, 'recall_macro': 0.6645749317157299, 'recall_micro': 0.99443, 'recall_weighted': 0.99443, 'recall_binary': 0.3297442799461642, 'roc_auc': 0.9960160588054846}
Validation statistic: Loss: 0.5039, dev_score: {'accuracy': 0.9456184996680681, 'balanced_accuracy': 0.5832760012160125, 'f1_macro': 0.6268483506222352, 'f1_micro': 0.9456184996680681, 'f1_weighted': 0.9279694670549482, 'f1_binary': 0.28195763330898466, 'pr_auc': 0.4833958481562356, 'precision_macro': 0.9079679825451081, 'precision_micro': 0.9456184996680681, 'precision_weighted': 0.9416680994481569, 'precision_binary': 0.8693693693693694, 'recall_macro': 0.5832760012160125, 'recall_micro': 0.9456184996680681, 'recall_weighted': 0.9456184996680681, 'recall_binary': 0.16826503923278116, 'roc_auc': 0.8447222753957333}
-----------------------
Epoch 32/100
Training statistic: Loss: 0.0131, train_score: {'accuracy': 0.99488, 'balanced_accuracy': 0.7189023326220955, 'f1_macro': 0.7787812353118517, 'f1_micro': 0.99488, 'f1_weighted': 0.9941759670339796, 'f1_binary': 0.5601374570446735, 'pr_auc': 0.6897230374354482, 'precision_macro': 0.8850795817135986, 'precision_micro': 0.99488, 'precision_weighted': 0.994166880842933, 'precision_binary': 0.7743467933491687, 'recall_macro': 0.7189023326220955, 'recall_micro': 0.99488, 'recall_weighted': 0.99488, 'recall_binary': 0.4387617765814266, 'roc_auc': 0.9962814356699891}
Validation statistic: Loss: 0.5207, dev_score: {'accuracy': 0.9465589732241646, 'balanced_accuracy': 0.600033485149501, 'f1_macro': 0.6487982068841233, 'f1_micro': 0.9465589732241646, 'f1_weighted': 0.9311378136119851, 'f1_binary': 0.3254189944134078, 'pr_auc': 0.4710510099753656, 'precision_macro': 0.8830847846387933, 'precision_micro': 0.9465589732241646, 'precision_weighted': 0.9403080020644947, 'precision_binary': 0.8175438596491228, 'recall_macro': 0.600033485149501, 'recall_micro': 0.9465589732241646, 'recall_weighted': 0.9465589732241646, 'recall_binary': 0.2031386224934612, 'roc_auc': 0.8461171466264845}
-----------------------
Epoch 33/100
Training statistic: Loss: 0.0138, train_score: {'accuracy': 0.99483, 'balanced_accuracy': 0.7008435732675474, 'f1_macro': 0.7668616888931579, 'f1_micro': 0.99483, 'f1_weighted': 0.99397470098174, 'f1_binary': 0.536322869955157, 'pr_auc': 0.7088882275199945, 'precision_macro': 0.8996534311941498, 'precision_micro': 0.99483, 'precision_weighted': 0.9941184962717222, 'precision_binary': 0.803763440860215, 'recall_macro': 0.7008435732675474, 'recall_micro': 0.99483, 'recall_weighted': 0.99483, 'recall_binary': 0.40242261103633914, 'roc_auc': 0.9960366288685092}
Validation statistic: Loss: 0.5294, dev_score: {'accuracy': 0.9460610754591724, 'balanced_accuracy': 0.5912335909506254, 'f1_macro': 0.6375092460430494, 'f1_micro': 0.9460610754591724, 'f1_weighted': 0.9295021087788682, 'f1_binary': 0.3030736240171551, 'pr_auc': 0.46372524039751056, 'precision_macro': 0.8944062402040409, 'precision_micro': 0.9460610754591724, 'precision_weighted': 0.9407991727101008, 'precision_binary': 0.8412698412698413, 'recall_macro': 0.5912335909506254, 'recall_micro': 0.9460610754591724, 'recall_weighted': 0.9460610754591724, 'recall_binary': 0.18482999128160418, 'roc_auc': 0.8279697611899084}
Early stopping by loss triggered!
Testing statistic: loss: 0.19778954615822536, scores: {'accuracy': 0.9391998319857188, 'balanced_accuracy': 0.5, 'f1_macro': 0.4843233876644826, 'f1_micro': 0.9391998319857188, 'f1_weighted': 0.9097528886424723, 'f1_binary': 0.0, 'pr_auc': 0.4971498898342993, 'precision_macro': 0.4695999159928594, 'precision_micro': 0.9391998319857188, 'precision_weighted': 0.8820963244020024, 'precision_binary': 0.0, 'recall_macro': 0.5, 'recall_micro': 0.9391998319857188, 'recall_weighted': 0.9391998319857188, 'recall_binary': 0.0, 'roc_auc': 0.9000499365076422}
Finish training!
