=====Setting up data=====
Dataset name:census_kdd
train_option:mix
augment_option:rf
mix_ratio:-1
n_sample:-1
Training dataset size: 263040 samples
Validation dataset size: 18176 samples

=====Setting up parameters for training=====
num_epochs: 100
learning_rate: 0.001
patience: 30
early_stop_criterion: loss
=====Setting up trainer=====
input_size: 372
model: DNN_Census
----------------------------------------------------------------
        Layer (type)               Output Shape         Param #
================================================================
            Linear-1                  [-1, 256]          95,488
       BatchNorm1d-2                  [-1, 256]             512
              ReLU-3                  [-1, 256]               0
           Dropout-4                  [-1, 256]               0
            Linear-5                  [-1, 128]          32,896
       BatchNorm1d-6                  [-1, 128]             256
              ReLU-7                  [-1, 128]               0
           Dropout-8                  [-1, 128]               0
            Linear-9                   [-1, 64]           8,256
      BatchNorm1d-10                   [-1, 64]             128
             ReLU-11                   [-1, 64]               0
          Dropout-12                   [-1, 64]               0
           Linear-13                   [-1, 32]           2,080
      BatchNorm1d-14                   [-1, 32]              64
             ReLU-15                   [-1, 32]               0
          Dropout-16                   [-1, 32]               0
           Linear-17                    [-1, 1]              33
          Sigmoid-18                    [-1, 1]               0
================================================================
Total params: 139,713
Trainable params: 139,713
Non-trainable params: 0
----------------------------------------------------------------
Input size (MB): 0.00
Forward/backward pass size (MB): 0.01
Params size (MB): 0.53
Estimated Total Size (MB): 0.55
----------------------------------------------------------------
=====Setting up output files=====
weight_dir, weight_file: /home/thuy/Research/minh_data_synth/TabularDA/output/corrected_v2/census_kdd/weight/, census_kdd_seed42_ctgan_xonly_rf_mix.weights.pth
acc_dir, acc_file: /home/thuy/Research/minh_data_synth/TabularDA/output/corrected_v2/census_kdd/acc/, census_kdd_seed42_ctgan_xonly_rf_mix.epochs.csv
report_file: census_kdd_seed42_ctgan_xonly_rf_mix.report.txt
==========================================================================================
Start training...
-----------------------
Epoch 1/100
Training statistic: Loss: 0.1659, train_score: {'accuracy': 0.9526471505388612, 'balanced_accuracy': 0.5003210272873194, 'f1_macro': 0.48851596874012243, 'f1_micro': 0.9526471505388612, 'f1_weighted': 0.929575294623119, 'f1_binary': 0.0012832852101379532, 'pr_auc': 0.5235423304806459, 'precision_macro': 0.9763228549480137, 'precision_micro': 0.9526471505388612, 'precision_weighted': 0.9548895111094937, 'precision_binary': 1.0, 'recall_macro': 0.5003210272873194, 'recall_micro': 0.9526471505388612, 'recall_weighted': 0.9526471505388612, 'recall_binary': 0.0006420545746388443, 'roc_auc': 0.8786358609888871}
Validation statistic: Loss: 0.2627, dev_score: {'accuracy': 0.9365456959504315, 'balanced_accuracy': 0.5, 'f1_macro': 0.48361662619625767, 'f1_micro': 0.9365456959504315, 'f1_weighted': 0.9058581395083477, 'f1_binary': 0.0, 'pr_auc': 0.5042167118240408, 'precision_macro': 0.46827284797521573, 'precision_micro': 0.9365456959504315, 'precision_weighted': 0.877117840603278, 'precision_binary': 0.0, 'recall_macro': 0.5, 'recall_micro': 0.9365456959504315, 'recall_weighted': 0.9365456959504315, 'recall_binary': 0.0, 'roc_auc': 0.8395620500883658}
Saving model...
Model saved!
-------------------------------------------
-----------------------
Epoch 2/100
Training statistic: Loss: 0.1546, train_score: {'accuracy': 0.9550239198059035, 'balanced_accuracy': 0.5277654940789007, 'f1_macro': 0.541049915575252, 'f1_micro': 0.9550239198059035, 'f1_weighted': 0.9356251820073037, 'f1_binary': 0.10516758719830521, 'pr_auc': 0.5745609923627228, 'precision_macro': 0.9366141409669247, 'precision_micro': 0.9550239198059035, 'precision_weighted': 0.9533757936641655, 'precision_binary': 0.9180977542932629, 'recall_macro': 0.5277654940789007, 'recall_micro': 0.9550239198059035, 'recall_weighted': 0.9550239198059035, 'recall_binary': 0.0557784911717496, 'roc_auc': 0.9443023535546401}
Validation statistic: Loss: 0.2449, dev_score: {'accuracy': 0.9391458287231689, 'balanced_accuracy': 0.5221137688596659, 'f1_macro': 0.5266925177160622, 'f1_micro': 0.9391458287231689, 'f1_weighted': 0.9124539349445886, 'f1_binary': 0.08485856905158069, 'pr_auc': 0.5600272285132066, 'precision_macro': 0.9332273963204545, 'precision_micro': 0.9391458287231689, 'precision_weighted': 0.9384263666076436, 'precision_binary': 0.9272727272727272, 'recall_macro': 0.5221137688596659, 'recall_micro': 0.9391458287231689, 'recall_weighted': 0.9391458287231689, 'recall_binary': 0.044463818657367045, 'roc_auc': 0.9329580905698619}
Saving model...
Model saved!
-------------------------------------------
-----------------------
Epoch 3/100
Training statistic: Loss: 0.1583, train_score: {'accuracy': 0.9560773039450567, 'balanced_accuracy': 0.5397199771174089, 'f1_macro': 0.5621521578522003, 'f1_micro': 0.9560773039450567, 'f1_weighted': 0.938101263095624, 'f1_binary': 0.1468459152016546, 'pr_auc': 0.5864406595818984, 'precision_macro': 0.9391475892865822, 'precision_micro': 0.9560773039450567, 'precision_weighted': 0.9545996231229685, 'precision_binary': 0.922077922077922, 'recall_macro': 0.5397199771174089, 'recall_micro': 0.9560773039450567, 'recall_weighted': 0.9560773039450567, 'recall_binary': 0.07977528089887641, 'roc_auc': 0.9459555480652635}
Validation statistic: Loss: 0.2539, dev_score: {'accuracy': 0.9401416242531534, 'balanced_accuracy': 0.530773094440327, 'f1_macro': 0.5425175299926047, 'f1_micro': 0.9401416242531534, 'f1_weighted': 0.914894900964595, 'f1_binary': 0.11601307189542484, 'pr_auc': 0.5655970982018764, 'precision_macro': 0.9311484115639902, 'precision_micro': 0.9401416242531534, 'precision_weighted': 0.9390677778546036, 'precision_binary': 0.922077922077922, 'recall_macro': 0.530773094440327, 'recall_micro': 0.9401416242531534, 'recall_weighted': 0.9401416242531534, 'recall_binary': 0.06190061028770706, 'roc_auc': 0.9341078744021586}
-----------------------
Epoch 4/100
Training statistic: Loss: 0.1616, train_score: {'accuracy': 0.9574919570128003, 'balanced_accuracy': 0.5566687641777109, 'f1_macro': 0.5903234609070915, 'f1_micro': 0.9574919570128003, 'f1_weighted': 0.9414097332311906, 'f1_binary': 0.20248287671232876, 'pr_auc': 0.5909450338705526, 'precision_macro': 0.9348583737415075, 'precision_micro': 0.9574919570128003, 'precision_weighted': 0.9555924258064107, 'precision_binary': 0.9119537275064268, 'recall_macro': 0.5566687641777109, 'recall_micro': 0.9574919570128003, 'recall_weighted': 0.9574919570128003, 'recall_binary': 0.11388443017656501, 'roc_auc': 0.9475462108362491}
Validation statistic: Loss: 0.2618, dev_score: {'accuracy': 0.94135870767869, 'balanced_accuracy': 0.5403633298370141, 'f1_macro': 0.559455208250657, 'f1_micro': 0.94135870767869, 'f1_weighted': 0.9175776698058096, 'f1_binary': 0.1492776886035313, 'pr_auc': 0.5701370163595905, 'precision_macro': 0.9403817335619082, 'precision_micro': 0.94135870767869, 'precision_weighted': 0.9412441681469318, 'precision_binary': 0.9393939393939394, 'recall_macro': 0.5403633298370141, 'recall_micro': 0.94135870767869, 'recall_weighted': 0.94135870767869, 'recall_binary': 0.08108108108108109, 'roc_auc': 0.9355990244501846}
-----------------------
Epoch 5/100
Training statistic: Loss: 0.1653, train_score: {'accuracy': 0.9587582996782805, 'balanced_accuracy': 0.5723957349821334, 'f1_macro': 0.6147346454299191, 'f1_micro': 0.9587582996782805, 'f1_weighted': 0.9442948219551917, 'f1_binary': 0.25067366820976994, 'pr_auc': 0.5965202341133078, 'precision_macro': 0.9301726646839117, 'precision_micro': 0.9587582996782805, 'precision_weighted': 0.9564516746528984, 'precision_binary': 0.9011425732737208, 'recall_macro': 0.5723957349821334, 'recall_micro': 0.9587582996782805, 'recall_weighted': 0.9587582996782805, 'recall_binary': 0.14558587479935794, 'roc_auc': 0.9481826120757865}
Validation statistic: Loss: 0.2689, dev_score: {'accuracy': 0.9425204691303386, 'balanced_accuracy': 0.551143184136959, 'f1_macro': 0.5776538164653711, 'f1_micro': 0.9425204691303386, 'f1_weighted': 0.9203908864230234, 'f1_binary': 0.18509803921568627, 'pr_auc': 0.5719877731232577, 'precision_macro': 0.9322713533541342, 'precision_micro': 0.9425204691303386, 'precision_weighted': 0.9413483199747885, 'precision_binary': 0.921875, 'recall_macro': 0.551143184136959, 'recall_micro': 0.9425204691303386, 'recall_weighted': 0.9425204691303386, 'recall_binary': 0.1028770706190061, 'roc_auc': 0.9339098577921441}
-----------------------
Epoch 6/100
Training statistic: Loss: 0.1610, train_score: {'accuracy': 0.9610247868513321, 'balanced_accuracy': 0.6046632676192947, 'f1_macro': 0.6594965082497367, 'f1_micro': 0.9610247868513321, 'f1_weighted': 0.9495548804583442, 'f1_binary': 0.3390726768556136, 'pr_auc': 0.6012928923513913, 'precision_macro': 0.9124959902539647, 'precision_micro': 0.9610247868513321, 'precision_weighted': 0.9574680840906066, 'precision_binary': 0.8628158844765343, 'recall_macro': 0.6046632676192947, 'recall_micro': 0.9610247868513321, 'recall_weighted': 0.9610247868513321, 'recall_binary': 0.21099518459069022, 'roc_auc': 0.94974077253517}
Validation statistic: Loss: 0.2640, dev_score: {'accuracy': 0.9447886700597478, 'balanced_accuracy': 0.5742988963136105, 'f1_macro': 0.6138319538341201, 'f1_micro': 0.9447886700597478, 'f1_weighted': 0.9259604882833167, 'f1_binary': 0.2563338301043219, 'pr_auc': 0.5760565770817299, 'precision_macro': 0.9137620651629935, 'precision_micro': 0.9447886700597478, 'precision_weighted': 0.941448476928264, 'precision_binary': 0.882051282051282, 'recall_macro': 0.5742988963136105, 'recall_micro': 0.9447886700597478, 'recall_weighted': 0.9447886700597478, 'recall_binary': 0.14995640802092414, 'roc_auc': 0.9354894844425123}
-----------------------
Epoch 7/100
Training statistic: Loss: 0.1669, train_score: {'accuracy': 0.9623405663175668, 'balanced_accuracy': 0.627737610742797, 'f1_macro': 0.6871612155957347, 'f1_micro': 0.9623405663175668, 'f1_weighted': 0.9527616689302292, 'f1_binary': 0.39375573921028467, 'pr_auc': 0.6045169053547794, 'precision_macro': 0.8971281745314844, 'precision_micro': 0.9623405663175668, 'precision_weighted': 0.9579532461015619, 'precision_binary': 0.8299354838709677, 'recall_macro': 0.627737610742797, 'recall_micro': 0.9623405663175668, 'recall_weighted': 0.9623405663175668, 'recall_binary': 0.25810593900481543, 'roc_auc': 0.9514250474933973}
Validation statistic: Loss: 0.2755, dev_score: {'accuracy': 0.9462823633547245, 'balanced_accuracy': 0.5917581160931472, 'f1_macro': 0.6385003646035594, 'f1_micro': 0.9462823633547245, 'f1_weighted': 0.9297297850898528, 'f1_binary': 0.3049391553328561, 'pr_auc': 0.579065874316382, 'precision_macro': 0.8998023112307865, 'precision_micro': 0.9462823633547245, 'precision_weighted': 0.941538097679352, 'precision_binary': 0.852, 'recall_macro': 0.5917581160931472, 'recall_micro': 0.9462823633547245, 'recall_weighted': 0.9462823633547245, 'recall_binary': 0.1857018308631212, 'roc_auc': 0.9366768373559545}
-----------------------
Epoch 8/100
Training statistic: Loss: 0.1649, train_score: {'accuracy': 0.9631277522988112, 'balanced_accuracy': 0.6402006254586857, 'f1_macro': 0.7012183666729921, 'f1_micro': 0.9631277522988112, 'f1_weighted': 0.9544471543072974, 'f1_binary': 0.42147971360381864, 'pr_auc': 0.6125359070375112, 'precision_macro': 0.8934396311033902, 'precision_micro': 0.9631277522988112, 'precision_weighted': 0.9586565257087181, 'precision_binary': 0.8213953488372093, 'recall_macro': 0.6402006254586857, 'recall_micro': 0.9631277522988112, 'recall_weighted': 0.9631277522988112, 'recall_binary': 0.28346709470304976, 'roc_auc': 0.953623373543613}
Validation statistic: Loss: 0.2726, dev_score: {'accuracy': 0.9468355830936048, 'balanced_accuracy': 0.6018066994297895, 'f1_macro': 0.6513163128166531, 'f1_micro': 0.9468355830936048, 'f1_weighted': 0.9315810278885147, 'f1_binary': 0.3303135888501742, 'pr_auc': 0.5820133926099648, 'precision_macro': 0.8858792912825125, 'precision_micro': 0.9468355830936048, 'precision_weighted': 0.9408514168460929, 'precision_binary': 0.8229166666666666, 'recall_macro': 0.6018066994297895, 'recall_micro': 0.9468355830936048, 'recall_weighted': 0.9468355830936048, 'recall_binary': 0.2066259808195292, 'roc_auc': 0.9368177407226643}
-----------------------
Epoch 9/100
Training statistic: Loss: 0.1617, train_score: {'accuracy': 0.9643712779793278, 'balanced_accuracy': 0.6619024100729332, 'f1_macro': 0.7236646186775779, 'f1_micro': 0.9643712779793278, 'f1_weighted': 0.9571302175102443, 'f1_binary': 0.4657581114215658, 'pr_auc': 0.616721454323945, 'precision_macro': 0.8859662303727514, 'precision_micro': 0.9643712779793278, 'precision_weighted': 0.9597917989558843, 'precision_binary': 0.8044120543628127, 'recall_macro': 0.6619024100729332, 'recall_micro': 0.9643712779793278, 'recall_weighted': 0.9643712779793278, 'recall_binary': 0.32776886035313, 'roc_auc': 0.9539671112476772}
Validation statistic: Loss: 0.2679, dev_score: {'accuracy': 0.9474994467802611, 'balanced_accuracy': 0.6115079683274364, 'f1_macro': 0.6633100963237454, 'f1_micro': 0.9474994467802611, 'f1_weighted': 0.9333815317970237, 'f1_binary': 0.35398230088495575, 'pr_auc': 0.5836593517950638, 'precision_macro': 0.8787464219418317, 'precision_micro': 0.9474994467802611, 'precision_weighted': 0.9409917316022317, 'precision_binary': 0.8074534161490683, 'recall_macro': 0.6115079683274364, 'recall_micro': 0.9474994467802611, 'recall_weighted': 0.9474994467802611, 'recall_binary': 0.22667829119442023, 'roc_auc': 0.9369157962819537}
-----------------------
Epoch 10/100
Training statistic: Loss: 0.1620, train_score: {'accuracy': 0.9637285995695195, 'balanced_accuracy': 0.6499728320812707, 'f1_macro': 0.7117059330644234, 'f1_micro': 0.9637285995695195, 'f1_weighted': 0.9557106656816675, 'f1_binary': 0.44215697742426013, 'pr_auc': 0.6191177742661539, 'precision_macro': 0.8907026271629801, 'precision_micro': 0.9637285995695195, 'precision_weighted': 0.9592253226353257, 'precision_binary': 0.815006468305304, 'recall_macro': 0.6499728320812707, 'recall_micro': 0.9637285995695195, 'recall_weighted': 0.9637285995695195, 'recall_binary': 0.30337078651685395, 'roc_auc': 0.9543838447517768}
Validation statistic: Loss: 0.2698, dev_score: {'accuracy': 0.9470568709891569, 'balanced_accuracy': 0.605988686633848, 'f1_macro': 0.6564382013829237, 'f1_micro': 0.9470568709891569, 'f1_weighted': 0.9323205378476198, 'f1_binary': 0.3404548587181254, 'pr_auc': 0.583793648834859, 'precision_macro': 0.880929270762998, 'precision_micro': 0.9470568709891569, 'precision_weighted': 0.9406742780202251, 'precision_binary': 0.8125, 'recall_macro': 0.605988686633848, 'recall_micro': 0.9470568709891569, 'recall_weighted': 0.9470568709891569, 'recall_binary': 0.2153443766346992, 'roc_auc': 0.936054411153449}
-----------------------
Epoch 11/100
Training statistic: Loss: 0.1610, train_score: {'accuracy': 0.9645918421673093, 'balanced_accuracy': 0.6665559354568835, 'f1_macro': 0.7280691420086411, 'f1_micro': 0.9645918421673093, 'f1_weighted': 0.9576450216032086, 'f1_binary': 0.4744595586160185, 'pr_auc': 0.6226606526875507, 'precision_macro': 0.8837324549527374, 'precision_micro': 0.9645918421673093, 'precision_weighted': 0.9599775836577823, 'precision_binary': 0.7995054213429713, 'recall_macro': 0.6665559354568835, 'recall_micro': 0.9645918421673093, 'recall_weighted': 0.9645918421673093, 'recall_binary': 0.33731942215088284, 'roc_auc': 0.9552472727860368}
Validation statistic: Loss: 0.2693, dev_score: {'accuracy': 0.9478313786235892, 'balanced_accuracy': 0.6157490257660037, 'f1_macro': 0.6684633388796041, 'f1_micro': 0.9478313786235892, 'f1_weighted': 0.9341769773560444, 'f1_binary': 0.3641267700606878, 'pr_auc': 0.586057167836806, 'precision_macro': 0.8770675632146884, 'precision_micro': 0.9478313786235892, 'precision_weighted': 0.9412364057097052, 'precision_binary': 0.8035714285714286, 'recall_macro': 0.6157490257660037, 'recall_micro': 0.9478313786235892, 'recall_weighted': 0.9478313786235892, 'recall_binary': 0.23539668700959024, 'roc_auc': 0.9370490261831519}
-----------------------
Epoch 12/100
Training statistic: Loss: 0.1659, train_score: {'accuracy': 0.9653714224868992, 'balanced_accuracy': 0.6861838529356648, 'f1_macro': 0.7451845414356902, 'f1_micro': 0.9653714224868992, 'f1_weighted': 0.9596064719516894, 'f1_binary': 0.5083153347732181, 'pr_auc': 0.6269949527037904, 'precision_macro': 0.8732769251070891, 'precision_micro': 0.9653714224868992, 'precision_weighted': 0.9606720118361247, 'precision_binary': 0.7767326732673268, 'recall_macro': 0.6861838529356648, 'recall_micro': 0.9653714224868992, 'recall_weighted': 0.9653714224868992, 'recall_binary': 0.37776886035313, 'roc_auc': 0.955877615725152}
Validation statistic: Loss: 0.2777, dev_score: {'accuracy': 0.94921442797079, 'balanced_accuracy': 0.6339619446580398, 'f1_macro': 0.6894573778502799, 'f1_micro': 0.94921442797079, 'f1_weighted': 0.9374301436984466, 'f1_binary': 0.405440414507772, 'pr_auc': 0.5916126407636835, 'precision_macro': 0.8706192421440115, 'precision_micro': 0.94921442797079, 'precision_weighted': 0.9423927187507825, 'precision_binary': 0.7884130982367759, 'recall_macro': 0.6339619446580398, 'recall_micro': 0.94921442797079, 'recall_weighted': 0.94921442797079, 'recall_binary': 0.2728857890148213, 'roc_auc': 0.9376389302818279}
-----------------------
Epoch 13/100
Training statistic: Loss: 0.1632, train_score: {'accuracy': 0.9655729725207445, 'balanced_accuracy': 0.6890733070914951, 'f1_macro': 0.7478872219240651, 'f1_micro': 0.9655729725207445, 'f1_weighted': 0.9599541894317476, 'f1_binary': 0.513619513243432, 'pr_auc': 0.6304001099650722, 'precision_macro': 0.8734756619230581, 'precision_micro': 0.9655729725207445, 'precision_weighted': 0.9609382720712072, 'precision_binary': 0.7768568178124492, 'recall_macro': 0.6890733070914951, 'recall_micro': 0.9655729725207445, 'recall_weighted': 0.9655729725207445, 'recall_binary': 0.38362760834670945, 'roc_auc': 0.9568101814958453}
Validation statistic: Loss: 0.2732, dev_score: {'accuracy': 0.949159105996902, 'balanced_accuracy': 0.6351515635612975, 'f1_macro': 0.6904595598816096, 'f1_micro': 0.949159105996902, 'f1_weighted': 0.9375274108220963, 'f1_binary': 0.4074790457769181, 'pr_auc': 0.5926594351507308, 'precision_macro': 0.8675773388792025, 'precision_micro': 0.949159105996902, 'precision_weighted': 0.9421385763503359, 'precision_binary': 0.7821782178217822, 'recall_macro': 0.6351515635612975, 'recall_micro': 0.949159105996902, 'recall_weighted': 0.949159105996902, 'recall_binary': 0.27550130775937226, 'roc_auc': 0.9374775557571257}
-----------------------
Epoch 14/100
Training statistic: Loss: 0.1656, train_score: {'accuracy': 0.9657174800921806, 'balanced_accuracy': 0.6904456570307945, 'f1_macro': 0.7493346357435234, 'f1_micro': 0.9657174800921806, 'f1_weighted': 0.9601582108008995, 'f1_binary': 0.5164404870460763, 'pr_auc': 0.6326923602320799, 'precision_macro': 0.8744049342029874, 'precision_micro': 0.9657174800921806, 'precision_weighted': 0.9611430347654679, 'precision_binary': 0.7785864467087175, 'recall_macro': 0.6904456570307945, 'recall_micro': 0.9657174800921806, 'recall_weighted': 0.9657174800921806, 'recall_binary': 0.38635634028892457, 'roc_auc': 0.9574684532655858}
Validation statistic: Loss: 0.2766, dev_score: {'accuracy': 0.9494357158663421, 'balanced_accuracy': 0.636924777841586, 'f1_macro': 0.6927113499169687, 'f1_micro': 0.9494357158663421, 'f1_weighted': 0.937937348186731, 'f1_binary': 0.4118404118404118, 'pr_auc': 0.5914247903484978, 'precision_macro': 0.8697178236484366, 'precision_micro': 0.9494357158663421, 'precision_weighted': 0.9426009064304425, 'precision_binary': 0.7862407862407862, 'recall_macro': 0.636924777841586, 'recall_micro': 0.9494357158663421, 'recall_weighted': 0.9494357158663421, 'recall_binary': 0.27898866608544026, 'roc_auc': 0.9361790920930706}
-----------------------
Epoch 15/100
Training statistic: Loss: 0.1641, train_score: {'accuracy': 0.9654779017500628, 'balanced_accuracy': 0.6804817454640969, 'f1_macro': 0.7415275693148473, 'f1_micro': 0.9654779017500628, 'f1_weighted': 0.9593203929774541, 'f1_binary': 0.5009345794392523, 'pr_auc': 0.6356587468594448, 'precision_macro': 0.8821931561689214, 'precision_micro': 0.9654779017500628, 'precision_weighted': 0.9610206303346379, 'precision_binary': 0.7951134380453753, 'recall_macro': 0.6804817454640969, 'recall_micro': 0.9654779017500628, 'recall_weighted': 0.9654779017500628, 'recall_binary': 0.36565008025682183, 'roc_auc': 0.9579687960892345}
Validation statistic: Loss: 0.2753, dev_score: {'accuracy': 0.949159105996902, 'balanced_accuracy': 0.6306813321527526, 'f1_macro': 0.6862052575015867, 'f1_micro': 0.949159105996902, 'f1_weighted': 0.9370022380390296, 'f1_binary': 0.39895356442119034, 'pr_auc': 0.5941409100409525, 'precision_macro': 0.8754212834001174, 'precision_micro': 0.949159105996902, 'precision_weighted': 0.9426423044388451, 'precision_binary': 0.7984293193717278, 'recall_macro': 0.6306813321527526, 'recall_micro': 0.949159105996902, 'recall_weighted': 0.949159105996902, 'recall_binary': 0.26591107236268524, 'roc_auc': 0.9371208168604886}
-----------------------
Epoch 16/100
Training statistic: Loss: 0.1618, train_score: {'accuracy': 0.965835367847826, 'balanced_accuracy': 0.6942826422521106, 'f1_macro': 0.7523328871080638, 'f1_micro': 0.965835367847826, 'f1_weighted': 0.9604923841437402, 'f1_binary': 0.5223817118553961, 'pr_auc': 0.6356592769506353, 'precision_macro': 0.8721453136577653, 'precision_micro': 0.965835367847826, 'precision_weighted': 0.9612605923637231, 'precision_binary': 0.7737007874015748, 'recall_macro': 0.6942826422521106, 'recall_micro': 0.965835367847826, 'recall_weighted': 0.965835367847826, 'recall_binary': 0.39430176565008024, 'roc_auc': 0.9581468299295463}
Validation statistic: Loss: 0.2719, dev_score: {'accuracy': 0.9489931400752379, 'balanced_accuracy': 0.6366884969035507, 'f1_macro': 0.691538005662824, 'f1_micro': 0.9489931400752379, 'f1_weighted': 0.9375811769899836, 'f1_binary': 0.40973111395646605, 'pr_auc': 0.5917333276142464, 'precision_macro': 0.8621289984125393, 'precision_micro': 0.9489931400752379, 'precision_weighted': 0.9416193082652998, 'precision_binary': 0.7710843373493976, 'recall_macro': 0.6366884969035507, 'recall_micro': 0.9489931400752379, 'recall_weighted': 0.9489931400752379, 'recall_binary': 0.27898866608544026, 'roc_auc': 0.9371385070309801}
-----------------------
Epoch 17/100
Training statistic: Loss: 0.1605, train_score: {'accuracy': 0.9663943839794343, 'balanced_accuracy': 0.7055200572979794, 'f1_macro': 0.7615920450544724, 'f1_micro': 0.9663943839794343, 'f1_weighted': 0.9616189539164102, 'f1_binary': 0.5406248375526329, 'pr_auc': 0.641820569989586, 'precision_macro': 0.8694811349938252, 'precision_micro': 0.9663943839794343, 'precision_weighted': 0.9619778617028014, 'precision_binary': 0.7673011657075403, 'recall_macro': 0.7055200572979794, 'recall_micro': 0.9663943839794343, 'recall_weighted': 0.9663943839794343, 'recall_binary': 0.4173354735152488, 'roc_auc': 0.9594635794759117}
Validation statistic: Loss: 0.2720, dev_score: {'accuracy': 0.9497123257357822, 'balanced_accuracy': 0.646419300918452, 'f1_macro': 0.7018948385943247, 'f1_micro': 0.9497123257357822, 'f1_weighted': 0.9392017727649749, 'f1_binary': 0.43009404388714734, 'pr_auc': 0.594461785497326, 'precision_macro': 0.8600078710006807, 'precision_micro': 0.9497123257357822, 'precision_weighted': 0.9424127432142646, 'precision_binary': 0.765625, 'recall_macro': 0.646419300918452, 'recall_micro': 0.9497123257357822, 'recall_weighted': 0.9497123257357822, 'recall_binary': 0.2990409764603313, 'roc_auc': 0.9371263273357218}
-----------------------
Epoch 18/100
Training statistic: Loss: 0.1644, train_score: {'accuracy': 0.9661662141297982, 'balanced_accuracy': 0.6973162249753058, 'f1_macro': 0.7555196259920098, 'f1_micro': 0.9661662141297982, 'f1_weighted': 0.9609477080993373, 'f1_binary': 0.5285858104169978, 'pr_auc': 0.6429824011633289, 'precision_macro': 0.8743350316275004, 'precision_micro': 0.9661662141297982, 'precision_weighted': 0.9617262042104632, 'precision_binary': 0.7777951036956183, 'recall_macro': 0.6973162249753058, 'recall_micro': 0.9661662141297982, 'recall_weighted': 0.9661662141297982, 'recall_binary': 0.40032102728731944, 'roc_auc': 0.9596276783762346}
Validation statistic: Loss: 0.2792, dev_score: {'accuracy': 0.9502102235007746, 'balanced_accuracy': 0.6450595782797255, 'f1_macro': 0.7018133365123488, 'f1_micro': 0.9502102235007746, 'f1_weighted': 0.9394299973470764, 'f1_binary': 0.4296577946768061, 'pr_auc': 0.5962917609763159, 'precision_macro': 0.8703754571830751, 'precision_micro': 0.9502102235007746, 'precision_weighted': 0.9435689207607406, 'precision_binary': 0.7865429234338747, 'recall_macro': 0.6450595782797255, 'recall_micro': 0.9502102235007746, 'recall_weighted': 0.9502102235007746, 'recall_binary': 0.2955536181342633, 'roc_auc': 0.9380204920668984}
-----------------------
Epoch 19/100
Training statistic: Loss: 0.1667, train_score: {'accuracy': 0.965835367847826, 'balanced_accuracy': 0.6867705557353194, 'f1_macro': 0.7472305761121922, 'f1_micro': 0.965835367847826, 'f1_weighted': 0.960021306013044, 'f1_binary': 0.5121633362293657, 'pr_auc': 0.643463205016897, 'precision_macro': 0.8808374946699209, 'precision_micro': 0.965835367847826, 'precision_weighted': 0.9614312557813126, 'precision_binary': 0.7918065815983881, 'recall_macro': 0.6867705557353194, 'recall_micro': 0.965835367847826, 'recall_weighted': 0.965835367847826, 'recall_binary': 0.37849117174959873, 'roc_auc': 0.9594783406861238}
Validation statistic: Loss: 0.2823, dev_score: {'accuracy': 0.94921442797079, 'balanced_accuracy': 0.6319300212905193, 'f1_macro': 0.6875232703698545, 'f1_micro': 0.94921442797079, 'f1_weighted': 0.937191378776212, 'f1_binary': 0.4015645371577575, 'pr_auc': 0.5954863087914379, 'precision_macro': 0.8742175132416341, 'precision_micro': 0.94921442797079, 'precision_weighted': 0.9426258653544267, 'precision_binary': 0.7958656330749354, 'recall_macro': 0.6319300212905193, 'recall_micro': 0.94921442797079, 'recall_weighted': 0.94921442797079, 'recall_binary': 0.26852659110723626, 'roc_auc': 0.9364174587717315}
-----------------------
Epoch 20/100
Training statistic: Loss: 0.1653, train_score: {'accuracy': 0.9665579057050068, 'balanced_accuracy': 0.7015638485561442, 'f1_macro': 0.7596859224023906, 'f1_micro': 0.9665579057050068, 'f1_weighted': 0.9615230428603027, 'f1_binary': 0.5367189969444737, 'pr_auc': 0.645830383914915, 'precision_macro': 0.8761623450207834, 'precision_micro': 0.9665579057050068, 'precision_weighted': 0.9622623460466955, 'precision_binary': 0.781048758049678, 'recall_macro': 0.7015638485561442, 'recall_micro': 0.9665579057050068, 'recall_weighted': 0.9665579057050068, 'recall_binary': 0.4088282504012841, 'roc_auc': 0.9598885024745111}
Validation statistic: Loss: 0.2808, dev_score: {'accuracy': 0.9498229696835583, 'balanced_accuracy': 0.6432272937649282, 'f1_macro': 0.69931224842285, 'f1_micro': 0.9498229696835583, 'f1_weighted': 0.9389364803724529, 'f1_binary': 0.424857324032974, 'pr_auc': 0.598234436098073, 'precision_macro': 0.8665268365714347, 'precision_micro': 0.9498229696835583, 'precision_weighted': 0.9428848507893446, 'precision_binary': 0.7790697674418605, 'recall_macro': 0.6432272937649282, 'recall_micro': 0.9498229696835583, 'recall_weighted': 0.9498229696835583, 'recall_binary': 0.2920662598081953, 'roc_auc': 0.9361969367628677}
-----------------------
Epoch 21/100
Training statistic: Loss: 0.1608, train_score: {'accuracy': 0.9665236802275614, 'balanced_accuracy': 0.7000587202919011, 'f1_macro': 0.7585952052826241, 'f1_micro': 0.9665236802275614, 'f1_weighted': 0.9614057475624236, 'f1_binary': 0.5345529529952943, 'pr_auc': 0.6487988985213561, 'precision_macro': 0.8772440977749343, 'precision_micro': 0.9665236802275614, 'precision_weighted': 0.9622342214519837, 'precision_binary': 0.7833565783356579, 'recall_macro': 0.7000587202919011, 'recall_micro': 0.9665236802275614, 'recall_weighted': 0.9665236802275614, 'recall_binary': 0.40569823434991975, 'roc_auc': 0.9606347369409993}
Validation statistic: Loss: 0.2734, dev_score: {'accuracy': 0.9496016817880062, 'balanced_accuracy': 0.6414836146018942, 'f1_macro': 0.6972532028017622, 'f1_micro': 0.9496016817880062, 'f1_weighted': 0.938576822468544, 'f1_binary': 0.42085187539732993, 'pr_auc': 0.598274896213495, 'precision_macro': 0.8653815052733778, 'precision_micro': 0.9496016817880062, 'precision_weighted': 0.9425507357514239, 'precision_binary': 0.7769953051643192, 'recall_macro': 0.6414836146018942, 'recall_micro': 0.9496016817880062, 'recall_weighted': 0.9496016817880062, 'recall_binary': 0.2885789014821273, 'roc_auc': 0.9365644133612442}
-----------------------
Epoch 22/100
Training statistic: Loss: 0.1696, train_score: {'accuracy': 0.9661091716673892, 'balanced_accuracy': 0.6882489018231167, 'f1_macro': 0.7492300870639514, 'f1_micro': 0.9661091716673892, 'f1_weighted': 0.9603392805849433, 'f1_binary': 0.5160204192462257, 'pr_auc': 0.6481899938748389, 'precision_macro': 0.8839778910460703, 'precision_micro': 0.9661091716673892, 'precision_weighted': 0.961852349535718, 'precision_binary': 0.7979509573396036, 'recall_macro': 0.6882489018231167, 'recall_micro': 0.9661091716673892, 'recall_weighted': 0.9661091716673892, 'recall_binary': 0.3813001605136437, 'roc_auc': 0.960397824218728}
Validation statistic: Loss: 0.2889, dev_score: {'accuracy': 0.9494910378402301, 'balanced_accuracy': 0.63492238959132, 'f1_macro': 0.6909575534570659, 'f1_micro': 0.9494910378402301, 'f1_weighted': 0.937747334533404, 'f1_binary': 0.40829552819183407, 'pr_auc': 0.596295413843309, 'precision_macro': 0.8741978609625668, 'precision_micro': 0.9494910378402301, 'precision_weighted': 0.9429479719023539, 'precision_binary': 0.7954545454545454, 'recall_macro': 0.63492238959132, 'recall_micro': 0.9494910378402301, 'recall_weighted': 0.9494910378402301, 'recall_binary': 0.2746294681778553, 'roc_auc': 0.9356206028532006}
-----------------------
Epoch 23/100
Training statistic: Loss: 0.1741, train_score: {'accuracy': 0.9658619876636168, 'balanced_accuracy': 0.684954171574041, 'f1_macro': 0.7460584891056885, 'f1_micro': 0.9658619876636168, 'f1_weighted': 0.9599259662003276, 'f1_binary': 0.5098017801561732, 'pr_auc': 0.6482025130422642, 'precision_macro': 0.8836167553393277, 'precision_micro': 0.9658619876636168, 'precision_weighted': 0.961536564589409, 'precision_binary': 0.7975397232188621, 'recall_macro': 0.684954171574041, 'recall_micro': 0.9658619876636168, 'recall_weighted': 0.9658619876636168, 'recall_binary': 0.37463884430176564, 'roc_auc': 0.9607379511956043}
Validation statistic: Loss: 0.2956, dev_score: {'accuracy': 0.9485505642841336, 'balanced_accuracy': 0.6266989838014173, 'f1_macro': 0.681053282248269, 'f1_micro': 0.9485505642841336, 'f1_weighted': 0.9360757605066969, 'f1_binary': 0.38896189224704336, 'pr_auc': 0.5937780877026694, 'precision_macro': 0.8706284767338945, 'precision_micro': 0.9485505642841336, 'precision_weighted': 0.9416065666402706, 'precision_binary': 0.7893333333333333, 'recall_macro': 0.6266989838014173, 'recall_micro': 0.9485505642841336, 'recall_weighted': 0.9485505642841336, 'recall_binary': 0.25806451612903225, 'roc_auc': 0.9365777775511788}
-----------------------
Epoch 24/100
Training statistic: Loss: 0.1670, train_score: {'accuracy': 0.9666187509982431, 'balanced_accuracy': 0.6976681452856148, 'f1_macro': 0.7573907707089242, 'f1_micro': 0.9666187509982431, 'f1_weighted': 0.9613409712970851, 'f1_binary': 0.5320895522388059, 'pr_auc': 0.6547011848710257, 'precision_macro': 0.8815608465608467, 'precision_micro': 0.9666187509982431, 'precision_weighted': 0.9624331582059314, 'precision_binary': 0.7922222222222223, 'recall_macro': 0.6976681452856148, 'recall_micro': 0.9666187509982431, 'recall_weighted': 0.9666187509982431, 'recall_binary': 0.400561797752809, 'roc_auc': 0.9618884392499412}
Validation statistic: Loss: 0.2864, dev_score: {'accuracy': 0.9498782916574463, 'balanced_accuracy': 0.6395993668206459, 'f1_macro': 0.6961478624258527, 'f1_micro': 0.9498782916574463, 'f1_weighted': 0.9385727101152226, 'f1_binary': 0.4184852374839538, 'pr_auc': 0.5973999088488232, 'precision_macro': 0.8733556326412835, 'precision_micro': 0.9498782916574463, 'precision_weighted': 0.9433498719245269, 'precision_binary': 0.7931873479318735, 'recall_macro': 0.6395993668206459, 'recall_micro': 0.9498782916574463, 'recall_weighted': 0.9498782916574463, 'recall_binary': 0.2842197035745423, 'roc_auc': 0.9362541015059409}
-----------------------
Epoch 25/100
Training statistic: Loss: 0.1687, train_score: {'accuracy': 0.9665464972125251, 'balanced_accuracy': 0.6991936506102487, 'f1_macro': 0.758119448851934, 'f1_micro': 0.9665464972125251, 'f1_weighted': 0.9613729850760864, 'f1_binary': 0.5335878267324108, 'pr_auc': 0.6512612400955915, 'precision_macro': 0.87858749430805, 'precision_micro': 0.9665464972125251, 'precision_weighted': 0.9622856753497314, 'precision_binary': 0.7861271676300579, 'recall_macro': 0.6991936506102487, 'recall_micro': 0.9665464972125251, 'recall_weighted': 0.9665464972125251, 'recall_binary': 0.40385232744783306, 'roc_auc': 0.9604631292018917}
Validation statistic: Loss: 0.2900, dev_score: {'accuracy': 0.9494357158663421, 'balanced_accuracy': 0.6413950092501309, 'f1_macro': 0.6968081201831264, 'f1_micro': 0.9494357158663421, 'f1_weighted': 0.9384425877632787, 'f1_binary': 0.4200507614213198, 'pr_auc': 0.5927450992839235, 'precision_macro': 0.8626608087139622, 'precision_micro': 0.9494357158663421, 'precision_weighted': 0.9421985938619969, 'precision_binary': 0.7715617715617715, 'recall_macro': 0.6413950092501309, 'recall_micro': 0.9494357158663421, 'recall_weighted': 0.9494357158663421, 'recall_binary': 0.2885789014821273, 'roc_auc': 0.9337362778222995}
-----------------------
Epoch 26/100
Training statistic: Loss: 0.1714, train_score: {'accuracy': 0.9657212829230079, 'balanced_accuracy': 0.6798468405778276, 'f1_macro': 0.7419268476696909, 'f1_micro': 0.9657212829230079, 'f1_weighted': 0.9594756272829241, 'f1_binary': 0.5016034501824616, 'pr_auc': 0.650733023627033, 'precision_macro': 0.8877321192301053, 'precision_micro': 0.9657212829230079, 'precision_weighted': 0.9614864257883903, 'precision_binary': 0.8062566654816922, 'recall_macro': 0.6798468405778276, 'recall_micro': 0.9657212829230079, 'recall_weighted': 0.9657212829230079, 'recall_binary': 0.36404494382022473, 'roc_auc': 0.9612066516181894}
Validation statistic: Loss: 0.2927, dev_score: {'accuracy': 0.9481633104669175, 'balanced_accuracy': 0.6208028525515792, 'f1_macro': 0.6743542168486139, 'f1_micro': 0.9481633104669175, 'f1_weighted': 0.9350634244192966, 'f1_binary': 0.3757495003331113, 'pr_auc': 0.5942779753995077, 'precision_macro': 0.8739003900160482, 'precision_micro': 0.9481633104669175, 'precision_weighted': 0.9413818162341285, 'precision_binary': 0.7966101694915254, 'recall_macro': 0.6208028525515792, 'recall_micro': 0.9481633104669175, 'recall_weighted': 0.9481633104669175, 'recall_binary': 0.24585876198779424, 'roc_auc': 0.9360674920946568}
-----------------------
Epoch 27/100
Training statistic: Loss: 0.1748, train_score: {'accuracy': 0.9662879047162708, 'balanced_accuracy': 0.6862835628305554, 'f1_macro': 0.7485118520020556, 'f1_micro': 0.9662879047162708, 'f1_weighted': 0.9603598765060347, 'f1_binary': 0.5144860069007064, 'pr_auc': 0.6559512501980583, 'precision_macro': 0.8898900779702187, 'precision_micro': 0.9662879047162708, 'precision_weighted': 0.9622389086471802, 'precision_binary': 0.8099672357302983, 'recall_macro': 0.6862835628305554, 'recall_micro': 0.9662879047162708, 'recall_weighted': 0.9662879047162708, 'recall_binary': 0.37696629213483146, 'roc_auc': 0.9618402057656988}
Validation statistic: Loss: 0.2999, dev_score: {'accuracy': 0.949103784023014, 'balanced_accuracy': 0.6290262583414818, 'f1_macro': 0.6844828168477499, 'f1_micro': 0.949103784023014, 'f1_weighted': 0.9367631179206034, 'f1_binary': 0.3955321944809461, 'pr_auc': 0.5982162508803008, 'precision_macro': 0.8774363783590381, 'precision_micro': 0.949103784023014, 'precision_weighted': 0.942717170012557, 'precision_binary': 0.8026666666666666, 'recall_macro': 0.6290262583414818, 'recall_micro': 0.949103784023014, 'recall_weighted': 0.949103784023014, 'recall_binary': 0.26242371403661724, 'roc_auc': 0.9349162662688412}
-----------------------
Epoch 28/100
Training statistic: Loss: 0.1639, train_score: {'accuracy': 0.9664628349343252, 'balanced_accuracy': 0.6928578896721451, 'f1_macro': 0.7536386633311816, 'f1_micro': 0.9664628349343252, 'f1_weighted': 0.9609186385234024, 'f1_binary': 0.5246590847841319, 'pr_auc': 0.6558343558952248, 'precision_macro': 0.8846128385059318, 'precision_micro': 0.9664628349343252, 'precision_weighted': 0.9623066243937664, 'precision_binary': 0.7987854915476776, 'recall_macro': 0.6928578896721451, 'recall_micro': 0.9664628349343252, 'recall_weighted': 0.9664628349343252, 'recall_binary': 0.3906099518459069, 'roc_auc': 0.9617827037337918}
Validation statistic: Loss: 0.2824, dev_score: {'accuracy': 0.9498782916574463, 'balanced_accuracy': 0.6383802128001336, 'f1_macro': 0.695026071151898, 'f1_micro': 0.9498782916574463, 'f1_weighted': 0.9384343103202935, 'f1_binary': 0.4162371134020619, 'pr_auc': 0.598121956157061, 'precision_macro': 0.8754503961641833, 'precision_micro': 0.9498782916574463, 'precision_weighted': 0.9434812687852119, 'precision_binary': 0.7975308641975308, 'recall_macro': 0.6383802128001336, 'recall_micro': 0.9498782916574463, 'recall_weighted': 0.9498782916574463, 'recall_binary': 0.2816041848299913, 'roc_auc': 0.9349602213212853}
-----------------------
Epoch 29/100
Training statistic: Loss: 0.1644, train_score: {'accuracy': 0.9664019896410888, 'balanced_accuracy': 0.6884025932108102, 'f1_macro': 0.7503906942535936, 'f1_micro': 0.9664019896410888, 'f1_weighted': 0.9605890009541765, 'f1_binary': 0.5181872716365817, 'pr_auc': 0.6570542237567585, 'precision_macro': 0.8892097289016114, 'precision_micro': 0.9664019896410888, 'precision_weighted': 0.96235628526505, 'precision_binary': 0.8084056491407181, 'recall_macro': 0.6884025932108102, 'recall_micro': 0.9664019896410888, 'recall_weighted': 0.9664019896410888, 'recall_binary': 0.3813001605136437, 'roc_auc': 0.9620803237692613}
Validation statistic: Loss: 0.2827, dev_score: {'accuracy': 0.9489378181013498, 'balanced_accuracy': 0.6293440376632227, 'f1_macro': 0.6844448920631994, 'f1_micro': 0.9489378181013498, 'f1_weighted': 0.936679308567767, 'f1_binary': 0.39554682383759004, 'pr_auc': 0.5993656754671013, 'precision_macro': 0.8734929689730656, 'precision_micro': 0.9489378181013498, 'precision_weighted': 0.9422542654007963, 'precision_binary': 0.7947368421052632, 'recall_macro': 0.6293440376632227, 'recall_micro': 0.9489378181013498, 'recall_weighted': 0.9489378181013498, 'recall_binary': 0.2632955536181343, 'roc_auc': 0.933643603988822}
-----------------------
Epoch 30/100
Training statistic: Loss: 0.1749, train_score: {'accuracy': 0.9661433971448347, 'balanced_accuracy': 0.6813648979366287, 'f1_macro': 0.744518973522228, 'f1_micro': 0.9661433971448347, 'f1_weighted': 0.9599204778888657, 'f1_binary': 0.5065676439616472, 'pr_auc': 0.657295077739066, 'precision_macro': 0.8939505750315597, 'precision_micro': 0.9661433971448347, 'precision_weighted': 0.9621999664495654, 'precision_binary': 0.8185563317212968, 'recall_macro': 0.6813648979366287, 'recall_micro': 0.9661433971448347, 'recall_weighted': 0.9661433971448347, 'recall_binary': 0.3667736757624398, 'roc_auc': 0.9624076262569415}
Validation statistic: Loss: 0.2990, dev_score: {'accuracy': 0.9493250719185661, 'balanced_accuracy': 0.6279252447899873, 'f1_macro': 0.6838682380830187, 'f1_micro': 0.9493250719185661, 'f1_weighted': 0.9367926374788537, 'f1_binary': 0.3941798941798942, 'pr_auc': 0.5984303930902056, 'precision_macro': 0.8842510226985318, 'precision_micro': 0.9493250719185661, 'precision_weighted': 0.9434576781113405, 'precision_binary': 0.8164383561643835, 'recall_macro': 0.6279252447899873, 'recall_micro': 0.9493250719185661, 'recall_weighted': 0.9493250719185661, 'recall_binary': 0.2598081952920663, 'roc_auc': 0.9335923874690146}
-----------------------
Epoch 31/100
Training statistic: Loss: 0.1714, train_score: {'accuracy': 0.9666187509982431, 'balanced_accuracy': 0.6906899126329611, 'f1_macro': 0.7527418188956987, 'f1_micro': 0.9666187509982431, 'f1_weighted': 0.9609117048642387, 'f1_binary': 0.522779167119713, 'pr_auc': 0.6576933385850494, 'precision_macro': 0.8902374821229833, 'precision_micro': 0.9666187509982431, 'precision_weighted': 0.9626484119166246, 'precision_binary': 0.8102460397708122, 'recall_macro': 0.6906899126329611, 'recall_micro': 0.9666187509982431, 'recall_weighted': 0.9666187509982431, 'recall_binary': 0.38587479935794544, 'roc_auc': 0.9623138239218219}
Validation statistic: Loss: 0.2938, dev_score: {'accuracy': 0.94921442797079, 'balanced_accuracy': 0.6327427906375275, 'f1_macro': 0.6882999377192253, 'f1_micro': 0.94921442797079, 'f1_weighted': 0.9372872690259249, 'f1_binary': 0.40312093628088425, 'pr_auc': 0.5978658386170544, 'precision_macro': 0.8727553152027488, 'precision_micro': 0.94921442797079, 'precision_weighted': 0.9425296714942503, 'precision_binary': 0.7928388746803069, 'recall_macro': 0.6327427906375275, 'recall_micro': 0.94921442797079, 'recall_weighted': 0.94921442797079, 'recall_binary': 0.2702702702702703, 'roc_auc': 0.9337188451506504}
-----------------------
Epoch 32/100
Training statistic: Loss: 0.1647, train_score: {'accuracy': 0.9672195982689514, 'balanced_accuracy': 0.7085843244742086, 'f1_macro': 0.7665237970963888, 'f1_micro': 0.9672195982689514, 'f1_weighted': 0.9624764061705596, 'f1_binary': 0.5500574172669381, 'pr_auc': 0.6587145444878538, 'precision_macro': 0.8792959131090523, 'precision_micro': 0.9672195982689514, 'precision_weighted': 0.9631596199554685, 'precision_binary': 0.7866527321588533, 'recall_macro': 0.7085843244742086, 'recall_micro': 0.9672195982689514, 'recall_weighted': 0.9672195982689514, 'recall_binary': 0.4228731942215088, 'roc_auc': 0.96269708018594}
Validation statistic: Loss: 0.2856, dev_score: {'accuracy': 0.9500995795529984, 'balanced_accuracy': 0.646626046739233, 'f1_macro': 0.7029467039131876, 'f1_micro': 0.9500995795529984, 'f1_weighted': 0.939516735654302, 'f1_binary': 0.43198992443324935, 'pr_auc': 0.5968691324934315, 'precision_macro': 0.8660933119112875, 'precision_micro': 0.9500995795529984, 'precision_weighted': 0.9432008445343817, 'precision_binary': 0.7777777777777778, 'recall_macro': 0.646626046739233, 'recall_micro': 0.9500995795529984, 'recall_weighted': 0.9500995795529984, 'recall_binary': 0.2990409764603313, 'roc_auc': 0.9332685311745866}
-----------------------
Epoch 33/100
Training statistic: Loss: 0.1677, train_score: {'accuracy': 0.9672728379005332, 'balanced_accuracy': 0.7075445606346052, 'f1_macro': 0.7660804849939076, 'f1_micro': 0.9672728379005332, 'f1_weighted': 0.9624615263127811, 'f1_binary': 0.549140821458508, 'pr_auc': 0.659967793804793, 'precision_macro': 0.8812868974239578, 'precision_micro': 0.9672728379005332, 'precision_weighted': 0.9632563544771523, 'precision_binary': 0.7907362703681352, 'recall_macro': 0.7075445606346052, 'recall_micro': 0.9672728379005332, 'recall_weighted': 0.9672728379005332, 'recall_binary': 0.4206260032102729, 'roc_auc': 0.9629215889229579}
Validation statistic: Loss: 0.2912, dev_score: {'accuracy': 0.9499336136313343, 'balanced_accuracy': 0.6469438260609738, 'f1_macro': 0.7028512081570447, 'f1_micro': 0.9499336136313343, 'f1_weighted': 0.939425528559595, 'f1_binary': 0.43188951663527936, 'pr_auc': 0.5982504153481009, 'precision_macro': 0.8628765429900622, 'precision_micro': 0.9499336136313343, 'precision_weighted': 0.9428308428539214, 'precision_binary': 0.7713004484304933, 'recall_macro': 0.6469438260609738, 'recall_micro': 0.9499336136313343, 'recall_weighted': 0.9499336136313343, 'recall_binary': 0.2999128160418483, 'roc_auc': 0.9343814154227285}
Early stopping by loss triggered!
Testing statistic: loss: 0.2214427454346032, scores: {'accuracy': 0.9422450908327208, 'balanced_accuracy': 0.5282737957307183, 'f1_macro': 0.538650104643051, 'f1_micro': 0.9422450908327208, 'f1_weighted': 0.917685925848461, 'f1_binary': 0.10714285714285714, 'pr_auc': 0.5692061808902742, 'precision_macro': 0.9171666923090073, 'precision_micro': 0.9422450908327208, 'precision_weighted': 0.9393680685023464, 'precision_binary': 0.8918918918918919, 'recall_macro': 0.5282737957307183, 'recall_micro': 0.9422450908327208, 'recall_weighted': 0.9422450908327208, 'recall_binary': 0.05699481865284974, 'roc_auc': 0.9391326882139027}
Finish training!
