=====Setting up data=====
Dataset name:census_kdd
train_option:synthetic
augment_option:tvae_compare_gaussian
mix_ratio:-1
n_sample:-1
Training dataset size: 100096 samples
Validation dataset size: 18176 samples

=====Setting up parameters for training=====
num_epochs: 100
learning_rate: 0.001
patience: 30
early_stop_criterion: loss
=====Setting up trainer=====
input_size: 372
model: DNN_Census
----------------------------------------------------------------
        Layer (type)               Output Shape         Param #
================================================================
            Linear-1                  [-1, 256]          95,488
       BatchNorm1d-2                  [-1, 256]             512
              ReLU-3                  [-1, 256]               0
           Dropout-4                  [-1, 256]               0
            Linear-5                  [-1, 128]          32,896
       BatchNorm1d-6                  [-1, 128]             256
              ReLU-7                  [-1, 128]               0
           Dropout-8                  [-1, 128]               0
            Linear-9                   [-1, 64]           8,256
      BatchNorm1d-10                   [-1, 64]             128
             ReLU-11                   [-1, 64]               0
          Dropout-12                   [-1, 64]               0
           Linear-13                   [-1, 32]           2,080
      BatchNorm1d-14                   [-1, 32]              64
             ReLU-15                   [-1, 32]               0
          Dropout-16                   [-1, 32]               0
           Linear-17                    [-1, 1]              33
          Sigmoid-18                    [-1, 1]               0
================================================================
Total params: 139,713
Trainable params: 139,713
Non-trainable params: 0
----------------------------------------------------------------
Input size (MB): 0.00
Forward/backward pass size (MB): 0.01
Params size (MB): 0.53
Estimated Total Size (MB): 0.55
----------------------------------------------------------------
=====Setting up output files=====
weight_dir, weight_file: /home/thuy/Research/minh_data_synth/TabularDA/output/corrected_v2/census_kdd/weight/, census_kdd_seed42_tvae_full_gaussian_synthetic.weights.pth
acc_dir, acc_file: /home/thuy/Research/minh_data_synth/TabularDA/output/corrected_v2/census_kdd/acc/, census_kdd_seed42_tvae_full_gaussian_synthetic.epochs.csv
report_file: census_kdd_seed42_tvae_full_gaussian_synthetic.report.txt
==========================================================================================
Start training...
-----------------------
Epoch 1/100
Training statistic: Loss: 0.0454, train_score: {'accuracy': 0.98455, 'balanced_accuracy': 0.9841965695376013, 'f1_macro': 0.9825212467744824, 'f1_micro': 0.98455, 'f1_weighted': 0.9845763799254132, 'f1_binary': 0.9765664103380807, 'pr_auc': 0.9976475523789423, 'precision_macro': 0.9809008074565929, 'precision_micro': 0.98455, 'precision_weighted': 0.984646151329134, 'precision_binary': 0.9700485129719468, 'recall_macro': 0.9841965695376013, 'recall_micro': 0.98455, 'recall_weighted': 0.98455, 'recall_binary': 0.9831724896164182, 'roc_auc': 0.9988467746489226}
Validation statistic: Loss: 1.3858, dev_score: {'accuracy': 0.7010953750829829, 'balanced_accuracy': 0.8062854489000499, 'f1_macro': 0.54680526844954, 'f1_micro': 0.7010953750829829, 'f1_weighted': 0.7776772190410822, 'f1_binary': 0.28237481737282505, 'pr_auc': 0.46676572479087364, 'precision_macro': 0.5796895176740509, 'precision_micro': 0.7010953750829829, 'precision_weighted': 0.9403874170768682, 'precision_binary': 0.16656220620495144, 'recall_macro': 0.8062854489000499, 'recall_micro': 0.7010953750829829, 'recall_weighted': 0.7010953750829829, 'recall_binary': 0.9267654751525719, 'roc_auc': 0.9061705117166351}
Saving model...
Model saved!
-------------------------------------------
-----------------------
Epoch 2/100
Training statistic: Loss: 0.0365, train_score: {'accuracy': 0.98722, 'balanced_accuracy': 0.9843244635090109, 'f1_macro': 0.9854578786601982, 'f1_micro': 0.98722, 'f1_weighted': 0.9872049149049337, 'f1_binary': 0.9803957662218131, 'pr_auc': 0.9984445187600702, 'precision_macro': 0.9866166210314833, 'precision_micro': 0.98722, 'precision_weighted': 0.9872097569253379, 'precision_binary': 0.9848979843432164, 'recall_macro': 0.9843244635090109, 'recall_micro': 0.98722, 'recall_weighted': 0.98722, 'recall_binary': 0.9759345223552407, 'roc_auc': 0.9992526202289426}
Validation statistic: Loss: 2.0813, dev_score: {'accuracy': 0.7077893339234343, 'balanced_accuracy': 0.8098591980878342, 'f1_macro': 0.551613475987326, 'f1_micro': 0.7077893339234343, 'f1_weighted': 0.7826565384121162, 'f1_binary': 0.28698704103671707, 'pr_auc': 0.45625622747997907, 'precision_macro': 0.581335789340849, 'precision_micro': 0.7077893339234343, 'precision_weighted': 0.9406605715883035, 'precision_binary': 0.169781185114199, 'recall_macro': 0.8098591980878342, 'recall_micro': 0.7077893339234343, 'recall_weighted': 0.7077893339234343, 'recall_binary': 0.9267654751525719, 'roc_auc': 0.9074256640753529}
-----------------------
Epoch 3/100
Training statistic: Loss: 0.0332, train_score: {'accuracy': 0.9868, 'balanced_accuracy': 0.9818417369781695, 'f1_macro': 0.9849183471017178, 'f1_micro': 0.9868, 'f1_weighted': 0.9867568501543627, 'f1_binary': 0.9795912056649866, 'pr_auc': 0.9989427996098859, 'precision_macro': 0.9881841010818542, 'precision_micro': 0.9868, 'precision_weighted': 0.9868620570063269, 'precision_binary': 0.9920147804847498, 'recall_macro': 0.9818417369781695, 'recall_micro': 0.9868, 'recall_weighted': 0.9868, 'recall_binary': 0.9674749572440753, 'roc_auc': 0.9994890586982635}
Validation statistic: Loss: 2.8951, dev_score: {'accuracy': 0.7115512281478203, 'balanced_accuracy': 0.8114612013876303, 'f1_macro': 0.5542492318709658, 'f1_micro': 0.7115512281478203, 'f1_weighted': 0.7854412699824688, 'f1_binary': 0.28945216680294356, 'pr_auc': 0.4371375057048904, 'precision_macro': 0.582193729589827, 'precision_micro': 0.7115512281478203, 'precision_weighted': 0.9407325497939458, 'precision_binary': 0.1715393312873526, 'recall_macro': 0.8114612013876303, 'recall_micro': 0.7115512281478203, 'recall_weighted': 0.7115512281478203, 'recall_binary': 0.925893635571055, 'roc_auc': 0.9087400669177691}
-----------------------
Epoch 4/100
Training statistic: Loss: 0.0297, train_score: {'accuracy': 0.98878, 'balanced_accuracy': 0.9846222851996657, 'f1_macro': 0.9871946246151251, 'f1_micro': 0.98878, 'f1_weighted': 0.9887496315861591, 'f1_binary': 0.982688925232203, 'pr_auc': 0.9991672915568051, 'precision_macro': 0.9898978942124386, 'precision_micro': 0.98878, 'precision_weighted': 0.9888220223479747, 'precision_binary': 0.993015279077019, 'recall_macro': 0.9846222851996657, 'recall_micro': 0.98878, 'recall_weighted': 0.98878, 'recall_binary': 0.9725751282677743, 'roc_auc': 0.999594347179097}
Validation statistic: Loss: 3.9143, dev_score: {'accuracy': 0.7112746182783801, 'balanced_accuracy': 0.8113135258013583, 'f1_macro': 0.5540482035818783, 'f1_micro': 0.7112746182783801, 'f1_weighted': 0.7852368066509356, 'f1_binary': 0.2892550728585047, 'pr_auc': 0.4108600780018649, 'precision_macro': 0.5821230108270135, 'precision_micro': 0.7112746182783801, 'precision_weighted': 0.9407209469279054, 'precision_binary': 0.17140090380890896, 'recall_macro': 0.8113135258013583, 'recall_micro': 0.7112746182783801, 'recall_weighted': 0.7112746182783801, 'recall_binary': 0.925893635571055, 'roc_auc': 0.9088704128319295}
-----------------------
Epoch 5/100
Training statistic: Loss: 0.0286, train_score: {'accuracy': 0.98948, 'balanced_accuracy': 0.9855893193202144, 'f1_macro': 0.9879977727462321, 'f1_micro': 0.98948, 'f1_weighted': 0.9894534277169805, 'f1_binary': 0.9837799500447131, 'pr_auc': 0.999286931820349, 'precision_macro': 0.9905206204869051, 'precision_micro': 0.98948, 'precision_weighted': 0.9895166538581432, 'precision_binary': 0.9934296568474809, 'recall_macro': 0.9855893193202144, 'recall_micro': 0.98948, 'recall_weighted': 0.98948, 'recall_binary': 0.9743159052040068, 'roc_auc': 0.9996554347910428}
Validation statistic: Loss: 3.8372, dev_score: {'accuracy': 0.7106107545917238, 'balanced_accuracy': 0.8117718737413135, 'f1_macro': 0.5537468111584983, 'f1_micro': 0.7106107545917238, 'f1_weighted': 0.7847467883221788, 'f1_binary': 0.28916972414730263, 'pr_auc': 0.4097451408783334, 'precision_macro': 0.5821427183547039, 'precision_micro': 0.7106107545917238, 'precision_weighted': 0.9408622066584281, 'precision_binary': 0.17128139085640695, 'recall_macro': 0.8117718737413135, 'recall_micro': 0.7106107545917238, 'recall_weighted': 0.7106107545917238, 'recall_binary': 0.927637314734089, 'roc_auc': 0.9073888159909665}
-----------------------
Epoch 6/100
Training statistic: Loss: 0.0254, train_score: {'accuracy': 0.99168, 'balanced_accuracy': 0.9891837841727359, 'f1_macro': 0.9905289242421258, 'f1_micro': 0.99168, 'f1_weighted': 0.9916684436774925, 'f1_binary': 0.9872271178114158, 'pr_auc': 0.9994181004096566, 'precision_macro': 0.9919092615168958, 'precision_micro': 0.99168, 'precision_weighted': 0.9916845576241573, 'precision_binary': 0.9925603506822251, 'recall_macro': 0.9891837841727359, 'recall_micro': 0.99168, 'recall_weighted': 0.99168, 'recall_binary': 0.9819508917664305, 'roc_auc': 0.9997154618872803}
Validation statistic: Loss: 5.4555, dev_score: {'accuracy': 0.7065169285240097, 'balanced_accuracy': 0.8103990444114949, 'f1_macro': 0.5509640431712988, 'f1_micro': 0.7065169285240097, 'f1_weighted': 0.7817127635995801, 'f1_binary': 0.28667473443592845, 'pr_auc': 0.38345327066940205, 'precision_macro': 0.5813013985227279, 'precision_micro': 0.7065169285240097, 'precision_weighted': 0.9408631697163651, 'precision_binary': 0.16947535771065184, 'recall_macro': 0.8103990444114949, 'recall_micro': 0.7065169285240097, 'recall_weighted': 0.7065169285240097, 'recall_binary': 0.9293809938971229, 'roc_auc': 0.906164048495684}
-----------------------
Epoch 7/100
Training statistic: Loss: 0.0230, train_score: {'accuracy': 0.99168, 'balanced_accuracy': 0.9888703564859957, 'f1_macro': 0.990522899731752, 'f1_micro': 0.99168, 'f1_weighted': 0.9916657605999845, 'f1_binary': 0.9872114113560208, 'pr_auc': 0.999509514624642, 'precision_macro': 0.9922286631292541, 'precision_micro': 0.99168, 'precision_weighted': 0.9916933396554098, 'precision_binary': 0.9937797858513338, 'recall_macro': 0.9888703564859957, 'recall_micro': 0.99168, 'recall_weighted': 0.99168, 'recall_binary': 0.9807292939164427, 'roc_auc': 0.9997605779646503}
Validation statistic: Loss: 7.9354, dev_score: {'accuracy': 0.7091170612967471, 'balanced_accuracy': 0.8117871949224524, 'f1_macro': 0.5528436586425914, 'f1_micro': 0.7091170612967471, 'f1_weighted': 0.7836416036816972, 'f1_binary': 0.2884979702300406, 'pr_auc': 0.3406250376423459, 'precision_macro': 0.5819529890717526, 'precision_micro': 0.7091170612967471, 'precision_weighted': 0.9409696953069695, 'precision_binary': 0.1707512413903572, 'recall_macro': 0.8117871949224524, 'recall_micro': 0.7091170612967471, 'recall_weighted': 0.7091170612967471, 'recall_binary': 0.9293809938971229, 'roc_auc': 0.9029979457257329}
-----------------------
Epoch 8/100
Training statistic: Loss: 0.0241, train_score: {'accuracy': 0.99038, 'balanced_accuracy': 0.9863916113731501, 'f1_macro': 0.9890196446496858, 'f1_micro': 0.99038, 'f1_weighted': 0.9903534870228331, 'f1_binary': 0.9851547791734823, 'pr_auc': 0.9995057988687539, 'precision_macro': 0.9917836553712323, 'precision_micro': 0.99038, 'precision_weighted': 0.9904336677953776, 'precision_binary': 0.9956953022646453, 'recall_macro': 0.9863916113731501, 'recall_micro': 0.99038, 'recall_weighted': 0.99038, 'recall_binary': 0.9748350842902517, 'roc_auc': 0.9997587396011972}
Validation statistic: Loss: 7.5528, dev_score: {'accuracy': 0.7134321752600132, 'balanced_accuracy': 0.8128717800477845, 'f1_macro': 0.555709706371103, 'f1_micro': 0.7134321752600132, 'f1_weighted': 0.7868309695098943, 'f1_binary': 0.2909937038050917, 'pr_auc': 0.3425007501704558, 'precision_macro': 0.5827720997602579, 'precision_micro': 0.7134321752600132, 'precision_weighted': 0.9408959815833108, 'precision_binary': 0.17259295340152622, 'recall_macro': 0.8128717800477845, 'recall_micro': 0.7134321752600132, 'recall_weighted': 0.7134321752600132, 'recall_binary': 0.9267654751525719, 'roc_auc': 0.9032336601663143}
-----------------------
Epoch 9/100
Training statistic: Loss: 0.0204, train_score: {'accuracy': 0.99295, 'balanced_accuracy': 0.991507019675848, 'f1_macro': 0.9919888896521867, 'f1_micro': 0.99295, 'f1_weighted': 0.992946531489636, 'f1_binary': 0.9892140813610146, 'pr_auc': 0.9995860477563577, 'precision_macro': 0.9924752349120879, 'precision_micro': 0.99295, 'precision_weighted': 0.9929465856029005, 'precision_binary': 0.9911094760722279, 'recall_macro': 0.991507019675848, 'recall_micro': 0.99295, 'recall_weighted': 0.99295, 'recall_binary': 0.9873259223063767, 'roc_auc': 0.9997978672045107}
Validation statistic: Loss: 9.8432, dev_score: {'accuracy': 0.7066275724717858, 'balanced_accuracy': 0.8100517299724996, 'f1_macro': 0.5509543296322362, 'f1_micro': 0.7066275724717858, 'f1_weighted': 0.7817947992830651, 'f1_binary': 0.28655993542311314, 'pr_auc': 0.309704890484679, 'precision_macro': 0.581234535217942, 'precision_micro': 0.7066275724717858, 'precision_weighted': 0.9407826663843962, 'precision_binary': 0.16942411708558702, 'recall_macro': 0.8100517299724996, 'recall_micro': 0.7066275724717858, 'recall_weighted': 0.7066275724717858, 'recall_binary': 0.9285091543156059, 'roc_auc': 0.8971415722972033}
-----------------------
Epoch 10/100
Training statistic: Loss: 0.0221, train_score: {'accuracy': 0.99069, 'balanced_accuracy': 0.9866925953123133, 'f1_macro': 0.9893723711417777, 'f1_micro': 0.99069, 'f1_weighted': 0.9906638427601631, 'f1_binary': 0.9856302767445091, 'pr_auc': 0.9996250639085807, 'precision_macro': 0.992193429841614, 'precision_micro': 0.99069, 'precision_weighted': 0.9907485295159726, 'precision_binary': 0.9963800904977376, 'recall_macro': 0.9866925953123133, 'recall_micro': 0.99069, 'recall_weighted': 0.99069, 'recall_binary': 0.9751099438064988, 'roc_auc': 0.9998170309572106}
Validation statistic: Loss: 9.8704, dev_score: {'accuracy': 0.7126576676255809, 'balanced_accuracy': 0.8124582884062228, 'f1_macro': 0.555145049823208, 'f1_micro': 0.7126576676255809, 'f1_weighted': 0.7862592311319704, 'f1_binary': 0.29043715846994533, 'pr_auc': 0.30816751860141195, 'precision_macro': 0.5825722391589154, 'precision_micro': 0.7126576676255809, 'precision_weighted': 0.9408633791346421, 'precision_binary': 0.17220152276040823, 'recall_macro': 0.8124582884062228, 'recall_micro': 0.7126576676255809, 'recall_weighted': 0.7126576676255809, 'recall_binary': 0.9267654751525719, 'roc_auc': 0.8965706716131163}
-----------------------
Epoch 11/100
Training statistic: Loss: 0.0203, train_score: {'accuracy': 0.99287, 'balanced_accuracy': 0.9905386051366512, 'f1_macro': 0.9918836256986308, 'f1_micro': 0.99287, 'f1_weighted': 0.9928601252221342, 'f1_binary': 0.9890541764534304, 'pr_auc': 0.9996312635719734, 'precision_macro': 0.9932637002076617, 'precision_micro': 0.99287, 'precision_weighted': 0.9928778046789251, 'precision_binary': 0.9943818490507794, 'recall_macro': 0.9905386051366512, 'recall_micro': 0.99287, 'recall_weighted': 0.99287, 'recall_binary': 0.9837832885414122, 'roc_auc': 0.9998198723946088}
Validation statistic: Loss: 10.6756, dev_score: {'accuracy': 0.7083425536623147, 'balanced_accuracy': 0.8113737032808905, 'f1_macro': 0.5522828938768353, 'f1_micro': 0.7083425536623147, 'f1_weighted': 0.783067521944155, 'f1_binary': 0.28795245813074016, 'pr_auc': 0.297959738517834, 'precision_macro': 0.5817579074107276, 'precision_micro': 0.7083425536623147, 'precision_weighted': 0.9409378583532926, 'precision_binary': 0.17036918651110755, 'recall_macro': 0.8113737032808905, 'recall_micro': 0.7083425536623147, 'recall_weighted': 0.7083425536623147, 'recall_binary': 0.9293809938971229, 'roc_auc': 0.8950943534984281}
-----------------------
Epoch 12/100
Training statistic: Loss: 0.0209, train_score: {'accuracy': 0.99175, 'balanced_accuracy': 0.9882641983105361, 'f1_macro': 0.9905894927778253, 'f1_micro': 0.99175, 'f1_weighted': 0.9917300066386817, 'f1_binary': 0.9872848049566142, 'pr_auc': 0.9996495743508471, 'precision_macro': 0.9930205619294037, 'precision_micro': 0.99175, 'precision_weighted': 0.9917930373421023, 'precision_binary': 0.9965773670618252, 'recall_macro': 0.9882641983105361, 'recall_micro': 0.99175, 'recall_weighted': 0.99175, 'recall_binary': 0.9781639384314683, 'roc_auc': 0.9998284462020773}
Validation statistic: Loss: 12.0057, dev_score: {'accuracy': 0.7121597698605886, 'balanced_accuracy': 0.8113797030039249, 'f1_macro': 0.5546011601988134, 'f1_micro': 0.7121597698605886, 'f1_weighted': 0.7858903405245633, 'f1_binary': 0.28969283276450514, 'pr_auc': 0.28457053649398195, 'precision_macro': 0.5822551605556695, 'precision_micro': 0.7121597698605886, 'precision_weighted': 0.940673787137878, 'precision_binary': 0.17173842667529945, 'recall_macro': 0.8113797030039249, 'recall_micro': 0.7121597698605886, 'recall_weighted': 0.7121597698605886, 'recall_binary': 0.9250217959895379, 'roc_auc': 0.8929044030911604}
-----------------------
Epoch 13/100
Training statistic: Loss: 0.0187, train_score: {'accuracy': 0.99346, 'balanced_accuracy': 0.9909223778678959, 'f1_macro': 0.9925509267544423, 'f1_micro': 0.99346, 'f1_weighted': 0.9934490184659751, 'f1_binary': 0.9899486675068392, 'pr_auc': 0.9997241905658716, 'precision_macro': 0.9942308528426445, 'precision_micro': 0.99346, 'precision_weighted': 0.9934784013971941, 'precision_binary': 0.9964111131736898, 'recall_macro': 0.9909223778678959, 'recall_micro': 0.99346, 'recall_weighted': 0.99346, 'recall_binary': 0.9835695089176643, 'roc_auc': 0.9998648699557723}
Validation statistic: Loss: 11.0995, dev_score: {'accuracy': 0.7100575348528435, 'balanced_accuracy': 0.8118829072422733, 'f1_macro': 0.5534354936738454, 'f1_micro': 0.7100575348528435, 'f1_weighted': 0.7843377873578201, 'f1_binary': 0.288970288970289, 'pr_auc': 0.28997730648937053, 'precision_macro': 0.582096580838048, 'precision_micro': 0.7100575348528435, 'precision_weighted': 0.9409238331943921, 'precision_binary': 0.17111182519280205, 'recall_macro': 0.8118829072422733, 'recall_micro': 0.7100575348528435, 'recall_weighted': 0.7100575348528435, 'recall_binary': 0.9285091543156059, 'roc_auc': 0.893143799765192}
-----------------------
Epoch 14/100
Training statistic: Loss: 0.0169, train_score: {'accuracy': 0.99423, 'balanced_accuracy': 0.9923332365635643, 'f1_macro': 0.9934351016151739, 'f1_micro': 0.99423, 'f1_weighted': 0.9942234894950808, 'f1_binary': 0.991150713924206, 'pr_auc': 0.999753344226992, 'precision_macro': 0.994560354399781, 'precision_micro': 0.99423, 'precision_weighted': 0.9942353674821242, 'precision_binary': 0.9955020179303121, 'recall_macro': 0.9923332365635643, 'recall_micro': 0.99423, 'recall_weighted': 0.99423, 'recall_binary': 0.9868372831663816, 'roc_auc': 0.9998796147795003}
Validation statistic: Loss: 12.2772, dev_score: {'accuracy': 0.7081212657667626, 'balanced_accuracy': 0.8100364087913607, 'f1_macro': 0.5518533134405508, 'f1_micro': 0.7081212657667626, 'f1_weighted': 0.7829026692221016, 'f1_binary': 0.28721967035936236, 'pr_auc': 0.28122422077701686, 'precision_macro': 0.581419023481832, 'precision_micro': 0.7081212657667626, 'precision_weighted': 0.9406742853827974, 'precision_binary': 0.16994404476418865, 'recall_macro': 0.8100364087913607, 'recall_micro': 0.7081212657667626, 'recall_weighted': 0.7081212657667626, 'recall_binary': 0.9267654751525719, 'roc_auc': 0.8912035974854311}
-----------------------
Epoch 15/100
Training statistic: Loss: 0.0171, train_score: {'accuracy': 0.9942, 'balanced_accuracy': 0.9919113134201016, 'f1_macro': 0.9933957843030288, 'f1_micro': 0.9942, 'f1_weighted': 0.994191150308699, 'f1_binary': 0.9910911771934137, 'pr_auc': 0.9997770438705461, 'precision_macro': 0.9949228044347338, 'precision_micro': 0.9942, 'precision_weighted': 0.9942157345183071, 'precision_binary': 0.9969715698393078, 'recall_macro': 0.9919113134201016, 'recall_micro': 0.9942, 'recall_weighted': 0.9942, 'recall_binary': 0.9852797459076472, 'roc_auc': 0.9998907662009348}
Validation statistic: Loss: 12.5367, dev_score: {'accuracy': 0.7097809249834034, 'balanced_accuracy': 0.8113288469824973, 'f1_macro': 0.5531447369718185, 'f1_micro': 0.7097809249834034, 'f1_weighted': 0.7841326195357162, 'f1_binary': 0.2885815025766206, 'pr_auc': 0.2802214243777344, 'precision_macro': 0.5819319933205322, 'precision_micro': 0.7097809249834034, 'precision_weighted': 0.9408277314036757, 'precision_binary': 0.17086879717359885, 'recall_macro': 0.8113288469824973, 'recall_micro': 0.7097809249834034, 'recall_weighted': 0.7097809249834034, 'recall_binary': 0.927637314734089, 'roc_auc': 0.8914006098499591}
-----------------------
Epoch 16/100
Training statistic: Loss: 0.0153, train_score: {'accuracy': 0.99493, 'balanced_accuracy': 0.9934334774509777, 'f1_macro': 0.9942350929366507, 'f1_micro': 0.99493, 'f1_weighted': 0.9949258568575675, 'f1_binary': 0.9922335748533264, 'pr_auc': 0.9997945678962483, 'precision_macro': 0.9950490371368841, 'precision_micro': 0.99493, 'precision_weighted': 0.9949314110225812, 'precision_binary': 0.9953898638473123, 'recall_macro': 0.9934334774509777, 'recall_micro': 0.99493, 'recall_weighted': 0.99493, 'recall_binary': 0.9890972391888591, 'roc_auc': 0.9998996903350438}
Validation statistic: Loss: 14.0960, dev_score: {'accuracy': 0.7076233680017703, 'balanced_accuracy': 0.8122089007770954, 'f1_macro': 0.5520316260082683, 'f1_micro': 0.7076233680017703, 'f1_weighted': 0.7825346647899682, 'f1_binary': 0.28802371009026, 'pr_auc': 0.26097593404770514, 'precision_macro': 0.5818606258979594, 'precision_micro': 0.7076233680017703, 'precision_weighted': 0.9411632319592093, 'precision_binary': 0.17033142128744425, 'recall_macro': 0.8122089007770954, 'recall_micro': 0.7076233680017703, 'recall_weighted': 0.7076233680017703, 'recall_binary': 0.9319965126416739, 'roc_auc': 0.885580337759172}
-----------------------
Epoch 17/100
Training statistic: Loss: 0.0154, train_score: {'accuracy': 0.99421, 'balanced_accuracy': 0.991887404932384, 'f1_macro': 0.9934066992530403, 'f1_micro': 0.99421, 'f1_weighted': 0.9942009555309109, 'f1_binary': 0.991105307627314, 'pr_auc': 0.9998051399546914, 'precision_macro': 0.9949705701949609, 'precision_micro': 0.99421, 'precision_weighted': 0.9942269360352778, 'precision_binary': 0.9971252820623783, 'recall_macro': 0.991887404932384, 'recall_micro': 0.99421, 'recall_weighted': 0.99421, 'recall_binary': 0.9851575861226485, 'roc_auc': 0.9999046798219207}
Validation statistic: Loss: 14.7135, dev_score: {'accuracy': 0.7093936711661872, 'balanced_accuracy': 0.8107157164882122, 'f1_macro': 0.5527739654173065, 'f1_micro': 0.7093936711661872, 'f1_weighted': 0.7838454991303883, 'f1_binary': 0.2881149207209649, 'pr_auc': 0.25410479851768314, 'precision_macro': 0.5817395233022878, 'precision_micro': 0.7093936711661872, 'precision_weighted': 0.9407270075482, 'precision_binary': 0.17057124518613606, 'recall_macro': 0.8107157164882122, 'recall_micro': 0.7093936711661872, 'recall_weighted': 0.7093936711661872, 'recall_binary': 0.9267654751525719, 'roc_auc': 0.8823299556180144}
-----------------------
Epoch 18/100
Training statistic: Loss: 0.0143, train_score: {'accuracy': 0.99481, 'balanced_accuracy': 0.993258073465648, 'f1_macro': 0.9940981793847821, 'f1_micro': 0.99481, 'f1_weighted': 0.9948055522740792, 'f1_binary': 0.9920485361033231, 'pr_auc': 0.9997923002453862, 'precision_macro': 0.9949518346831279, 'precision_micro': 0.99481, 'precision_weighted': 0.9948117614677638, 'precision_binary': 0.9953577028314938, 'recall_macro': 0.993258073465648, 'recall_micro': 0.99481, 'recall_weighted': 0.99481, 'recall_binary': 0.9887612997801124, 'roc_auc': 0.9998981350936393}
Validation statistic: Loss: 15.3042, dev_score: {'accuracy': 0.7078446558973224, 'balanced_accuracy': 0.8111078872256008, 'f1_macro': 0.5519227980960599, 'f1_micro': 0.7078446558973224, 'f1_weighted': 0.7826982608944774, 'f1_binary': 0.2876028598408202, 'pr_auc': 0.2476005246513157, 'precision_macro': 0.5816329434581425, 'precision_micro': 0.7078446558973224, 'precision_weighted': 0.940917439438506, 'precision_binary': 0.17012448132780084, 'recall_macro': 0.8111078872256008, 'recall_micro': 0.7078446558973224, 'recall_weighted': 0.7078446558973224, 'recall_binary': 0.9293809938971229, 'roc_auc': 0.8805557113423553}
-----------------------
Epoch 19/100
Training statistic: Loss: 0.0174, train_score: {'accuracy': 0.99432, 'balanced_accuracy': 0.9921807457114534, 'f1_macro': 0.9935341694345282, 'f1_micro': 0.99432, 'f1_weighted': 0.994312110587519, 'f1_binary': 0.9912800515827934, 'pr_auc': 0.9997927146534877, 'precision_macro': 0.9949229205648917, 'precision_micro': 0.99432, 'precision_weighted': 0.9943319858115253, 'precision_binary': 0.9966351793542014, 'recall_macro': 0.9921807457114534, 'recall_micro': 0.99432, 'recall_weighted': 0.99432, 'recall_binary': 0.9859821646713902, 'roc_auc': 0.9998992830207257}
Validation statistic: Loss: 16.1435, dev_score: {'accuracy': 0.7101128568267315, 'balanced_accuracy': 0.812725211706536, 'f1_macro': 0.553655818096136, 'f1_micro': 0.7101128568267315, 'f1_weighted': 0.7843795132228656, 'f1_binary': 0.2893951722267426, 'pr_auc': 0.24213203000945374, 'precision_macro': 0.5822994727441444, 'precision_micro': 0.7101128568267315, 'precision_weighted': 0.9410954221556334, 'precision_binary': 0.1713505700979605, 'recall_macro': 0.812725211706536, 'recall_micro': 0.7101128568267315, 'recall_weighted': 0.7101128568267315, 'recall_binary': 0.93025283347864, 'roc_auc': 0.87790257201689}
-----------------------
Epoch 20/100
Training statistic: Loss: 0.0152, train_score: {'accuracy': 0.99512, 'balanced_accuracy': 0.9934180149457781, 'f1_macro': 0.9944485465514254, 'f1_micro': 0.99512, 'f1_weighted': 0.9951148643792822, 'f1_binary': 0.9925178620710803, 'pr_auc': 0.9998298390614915, 'precision_macro': 0.995499468222119, 'precision_micro': 0.99512, 'precision_weighted': 0.9951257606749848, 'precision_binary': 0.9965823018658785, 'recall_macro': 0.9934180149457781, 'recall_micro': 0.99512, 'recall_weighted': 0.99512, 'recall_binary': 0.9884864402638651, 'roc_auc': 0.9999164319979184}
Validation statistic: Loss: 15.1358, dev_score: {'accuracy': 0.7099468909050675, 'balanced_accuracy': 0.8122302216812687, 'f1_macro': 0.5534453162041485, 'f1_micro': 0.7099468909050675, 'f1_weighted': 0.7842562546145685, 'f1_binary': 0.28908474576271187, 'pr_auc': 0.24906821993931358, 'precision_macro': 0.582162947538875, 'precision_micro': 0.7099468909050675, 'precision_weighted': 0.9410039073618731, 'precision_binary': 0.17116249197174052, 'recall_macro': 0.8122302216812687, 'recall_micro': 0.7099468909050675, 'recall_weighted': 0.7099468909050675, 'recall_binary': 0.9293809938971229, 'roc_auc': 0.8816159628270551}
-----------------------
Epoch 21/100
Training statistic: Loss: 0.0140, train_score: {'accuracy': 0.99558, 'balanced_accuracy': 0.9940499124800046, 'f1_macro': 0.9949729526084206, 'f1_micro': 0.99558, 'f1_weighted': 0.9955758423804547, 'f1_binary': 0.9932260536398467, 'pr_auc': 0.999863025879105, 'precision_macro': 0.9959123164747048, 'precision_micro': 0.99558, 'precision_weighted': 0.9955845210541316, 'precision_binary': 0.9968621177628746, 'recall_macro': 0.9940499124800046, 'recall_micro': 0.99558, 'recall_weighted': 0.99558, 'recall_binary': 0.9896164182751038, 'roc_auc': 0.9999332499470865}
Validation statistic: Loss: 16.5468, dev_score: {'accuracy': 0.7085085195839788, 'balanced_accuracy': 0.8114623086326538, 'f1_macro': 0.5524029944975132, 'f1_micro': 0.7085085195839788, 'f1_weighted': 0.7831905726628152, 'f1_binary': 0.2880691798405621, 'pr_auc': 0.239321919963512, 'precision_macro': 0.5817996394336047, 'precision_micro': 0.7085085195839788, 'precision_weighted': 0.9409446729345392, 'precision_binary': 0.17045091141669333, 'recall_macro': 0.8114623086326538, 'recall_micro': 0.7085085195839788, 'recall_weighted': 0.7085085195839788, 'recall_binary': 0.9293809938971229, 'roc_auc': 0.8773239978672915}
-----------------------
Epoch 22/100
Training statistic: Loss: 0.0127, train_score: {'accuracy': 0.99622, 'balanced_accuracy': 0.9952700972172184, 'f1_macro': 0.995705120687254, 'f1_micro': 0.99622, 'f1_weighted': 0.9962183344939052, 'f1_binary': 0.9942180616740088, 'pr_auc': 0.9998711092196064, 'precision_macro': 0.9961437523295626, 'precision_micro': 0.99622, 'precision_weighted': 0.9962195083061326, 'precision_binary': 0.9959242461387595, 'recall_macro': 0.9952700972172184, 'recall_micro': 0.99622, 'recall_weighted': 0.99622, 'recall_binary': 0.9925177131688249, 'roc_auc': 0.9999371042212591}
Validation statistic: Loss: 16.1335, dev_score: {'accuracy': 0.7082319097145386, 'balanced_accuracy': 0.8117210177198859, 'f1_macro': 0.5522925922675421, 'f1_micro': 0.7082319097145386, 'f1_weighted': 0.7829857219964977, 'f1_binary': 0.2880669546436285, 'pr_auc': 0.24189400099825445, 'precision_macro': 0.5818245034739704, 'precision_micro': 0.7082319097145386, 'precision_weighted': 0.9410181810556498, 'precision_binary': 0.17042006069318, 'recall_macro': 0.8117210177198859, 'recall_micro': 0.7082319097145386, 'recall_weighted': 0.7082319097145386, 'recall_binary': 0.93025283347864, 'roc_auc': 0.8773995995274999}
-----------------------
Epoch 23/100
Training statistic: Loss: 0.0143, train_score: {'accuracy': 0.99562, 'balanced_accuracy': 0.9942598705237056, 'f1_macro': 0.9950200985276099, 'f1_micro': 0.99562, 'f1_weighted': 0.995616612288562, 'f1_binary': 0.9932916743245727, 'pr_auc': 0.9998580631005697, 'precision_macro': 0.9957913877023441, 'precision_micro': 0.99562, 'precision_weighted': 0.9956219248217774, 'precision_binary': 0.9962824136659703, 'recall_macro': 0.9942598705237056, 'recall_micro': 0.99562, 'recall_weighted': 0.99562, 'recall_binary': 0.9903188370388468, 'roc_auc': 0.9999306357792715}
Validation statistic: Loss: 16.9639, dev_score: {'accuracy': 0.7074574020801062, 'balanced_accuracy': 0.811307526078324, 'f1_macro': 0.5517325515445328, 'f1_micro': 0.7074574020801062, 'f1_weighted': 0.7824111315288036, 'f1_binary': 0.287523578550256, 'pr_auc': 0.2355954157951817, 'precision_macro': 0.5816303770596792, 'precision_micro': 0.7074574020801062, 'precision_weighted': 0.940986531397786, 'precision_binary': 0.1700398406374502, 'recall_macro': 0.811307526078324, 'recall_micro': 0.7074574020801062, 'recall_weighted': 0.7074574020801062, 'recall_binary': 0.93025283347864, 'roc_auc': 0.8748615879345931}
-----------------------
Epoch 24/100
Training statistic: Loss: 0.0114, train_score: {'accuracy': 0.99596, 'balanced_accuracy': 0.9958055252840241, 'f1_macro': 0.9954173263153198, 'f1_micro': 0.99596, 'f1_weighted': 0.9959615769896683, 'f1_binary': 0.9938403366469476, 'pr_auc': 0.9998535599441969, 'precision_macro': 0.9950319894937907, 'precision_micro': 0.99596, 'precision_weighted': 0.9959654092475297, 'precision_binary': 0.9923273657289002, 'recall_macro': 0.9958055252840241, 'recall_micro': 0.99596, 'recall_weighted': 0.99596, 'recall_binary': 0.9953579281700464, 'roc_auc': 0.9999283081391431}
Validation statistic: Loss: 18.1457, dev_score: {'accuracy': 0.703197610090728, 'balanced_accuracy': 0.8098460913967422, 'f1_macro': 0.548843057166699, 'f1_micro': 0.703197610090728, 'f1_weighted': 0.7792434689937137, 'f1_binary': 0.2849526855924297, 'pr_auc': 0.2270672769052386, 'precision_macro': 0.5807661246152623, 'precision_micro': 0.703197610090728, 'precision_weighted': 0.940984935907917, 'precision_binary': 0.16818753933291378, 'recall_macro': 0.8098460913967422, 'recall_micro': 0.703197610090728, 'recall_weighted': 0.703197610090728, 'recall_binary': 0.9319965126416739, 'roc_auc': 0.8708100496442319}
-----------------------
Epoch 25/100
Training statistic: Loss: 0.0125, train_score: {'accuracy': 0.99613, 'balanced_accuracy': 0.9956341517578788, 'f1_macro': 0.9956069677679904, 'f1_micro': 0.99613, 'f1_weighted': 0.996130106107104, 'f1_binary': 0.9940911519963356, 'pr_auc': 0.9998616246662159, 'precision_macro': 0.9955797978342426, 'precision_micro': 0.99613, 'precision_weighted': 0.9961302232833881, 'precision_binary': 0.9939849164910995, 'recall_macro': 0.9956341517578788, 'recall_micro': 0.99613, 'recall_weighted': 0.99613, 'recall_binary': 0.994197410212558, 'roc_auc': 0.9999320107488985}
Validation statistic: Loss: 17.9881, dev_score: {'accuracy': 0.7067382164195618, 'balanced_accuracy': 0.8109235695540167, 'f1_macro': 0.5512131781378182, 'f1_micro': 0.7067382164195618, 'f1_weighted': 0.7818772279604362, 'f1_binary': 0.2870208473436449, 'pr_auc': 0.22717787874437714, 'precision_macro': 0.5814508662796771, 'precision_micro': 0.7067382164195618, 'precision_weighted': 0.9409572226265244, 'precision_binary': 0.1696882951653944, 'recall_macro': 0.8109235695540167, 'recall_micro': 0.7067382164195618, 'recall_weighted': 0.7067382164195618, 'recall_binary': 0.93025283347864, 'roc_auc': 0.8703480967204793}
-----------------------
Epoch 26/100
Training statistic: Loss: 0.0132, train_score: {'accuracy': 0.9957, 'balanced_accuracy': 0.9953693275219355, 'f1_macro': 0.9951210298308388, 'f1_micro': 0.9957, 'f1_weighted': 0.9957010756528922, 'f1_binary': 0.9934403221869661, 'pr_auc': 0.9998504543837479, 'precision_macro': 0.9948739049675535, 'precision_micro': 0.9957, 'precision_weighted': 0.9957030752723405, 'precision_binary': 0.9924713484515971, 'recall_macro': 0.9953693275219355, 'recall_micro': 0.9957, 'recall_weighted': 0.9957, 'recall_binary': 0.9944111898363059, 'roc_auc': 0.9999268459851802}
Validation statistic: Loss: 17.2562, dev_score: {'accuracy': 0.7043040495684886, 'balanced_accuracy': 0.8096240243948224, 'f1_macro': 0.5494599797066262, 'f1_micro': 0.7043040495684886, 'f1_weighted': 0.7800676149392309, 'f1_binary': 0.28533226367161385, 'pr_auc': 0.23254090562529445, 'precision_macro': 0.5808485853611516, 'precision_micro': 0.7043040495684886, 'precision_weighted': 0.9408585883397532, 'precision_binary': 0.16850915982312065, 'recall_macro': 0.8096240243948224, 'recall_micro': 0.7043040495684886, 'recall_weighted': 0.7043040495684886, 'recall_binary': 0.93025283347864, 'roc_auc': 0.872136657931791}
-----------------------
Epoch 27/100
Training statistic: Loss: 0.0119, train_score: {'accuracy': 0.99636, 'balanced_accuracy': 0.9957346189903583, 'f1_macro': 0.99586672405416, 'f1_micro': 0.99636, 'f1_weighted': 0.9963595145202871, 'f1_binary': 0.9944388425459101, 'pr_auc': 0.9998694096413513, 'precision_macro': 0.9959991611298922, 'precision_micro': 0.99636, 'precision_weighted': 0.9963592904267446, 'precision_binary': 0.9949556710486089, 'recall_macro': 0.9957346189903583, 'recall_micro': 0.99636, 'recall_weighted': 0.99636, 'recall_binary': 0.9939225506963107, 'roc_auc': 0.9999358772833686}
Validation statistic: Loss: 18.2242, dev_score: {'accuracy': 0.7063509626023456, 'balanced_accuracy': 0.8107168237332357, 'f1_macro': 0.5509337787516624, 'f1_micro': 0.7063509626023456, 'f1_weighted': 0.7815895992831166, 'f1_binary': 0.2867508734211234, 'pr_auc': 0.22546040759738334, 'precision_macro': 0.5813545039167616, 'precision_micro': 0.7063509626023456, 'precision_weighted': 0.9409414727421148, 'precision_binary': 0.16949960285941224, 'recall_macro': 0.8107168237332357, 'recall_micro': 0.7063509626023456, 'recall_weighted': 0.7063509626023456, 'recall_binary': 0.93025283347864, 'roc_auc': 0.869465519437223}
-----------------------
Epoch 28/100
Training statistic: Loss: 0.0110, train_score: {'accuracy': 0.99632, 'balanced_accuracy': 0.9951328763382323, 'f1_macro': 0.995816633333601, 'f1_micro': 0.99632, 'f1_weighted': 0.9963174460178364, 'f1_binary': 0.9943655071043606, 'pr_auc': 0.9999010824272772, 'precision_macro': 0.996509314047469, 'precision_micro': 0.99632, 'precision_weighted': 0.9963219113855183, 'precision_binary': 0.9970523212969786, 'recall_macro': 0.9951328763382323, 'recall_micro': 0.99632, 'recall_weighted': 0.99632, 'recall_binary': 0.991693134620083, 'roc_auc': 0.9999515395860039}
Validation statistic: Loss: 18.7816, dev_score: {'accuracy': 0.7078999778712104, 'balanced_accuracy': 0.8119501916898635, 'f1_macro': 0.5521421209303667, 'f1_micro': 0.7078999778712104, 'f1_weighted': 0.7827397286452257, 'f1_binary': 0.28802588996763756, 'pr_auc': 0.22159624360308114, 'precision_macro': 0.5818355765847111, 'precision_micro': 0.7078999778712104, 'precision_weighted': 0.9410895276687726, 'precision_binary': 0.17036209921837614, 'recall_macro': 0.8119501916898635, 'recall_micro': 0.7078999778712104, 'recall_weighted': 0.7078999778712104, 'recall_binary': 0.9311246730601569, 'roc_auc': 0.8676375351530983}
-----------------------
Epoch 29/100
Training statistic: Loss: 0.0107, train_score: {'accuracy': 0.99642, 'balanced_accuracy': 0.9963277231278915, 'f1_macro': 0.9959391158932784, 'f1_micro': 0.99642, 'f1_weighted': 0.9964213974314386, 'f1_binary': 0.9945416844544733, 'pr_auc': 0.999893622998755, 'precision_macro': 0.9955533726256367, 'precision_micro': 0.99642, 'precision_weighted': 0.9964250514535695, 'precision_binary': 0.993027645840945, 'recall_macro': 0.9963277231278915, 'recall_micro': 0.99642, 'recall_weighted': 0.99642, 'recall_binary': 0.9960603469337894, 'roc_auc': 0.9999479545842846}
Validation statistic: Loss: 17.5837, dev_score: {'accuracy': 0.7041380836468245, 'balanced_accuracy': 0.8115673424105796, 'f1_macro': 0.5497851907352025, 'f1_micro': 0.7041380836468245, 'f1_weighted': 0.7799436710763985, 'f1_binary': 0.28617191671115855, 'pr_auc': 0.23068740597921705, 'precision_macro': 0.5812793069006376, 'precision_micro': 0.7041380836468245, 'precision_weighted': 0.9412787897465943, 'precision_binary': 0.1689519306540583, 'recall_macro': 0.8115673424105796, 'recall_micro': 0.7041380836468245, 'recall_weighted': 0.7041380836468245, 'recall_binary': 0.934612031386225, 'roc_auc': 0.8719309421063807}
-----------------------
Epoch 30/100
Training statistic: Loss: 0.0109, train_score: {'accuracy': 0.99608, 'balanced_accuracy': 0.9948055754440785, 'f1_macro': 0.9955433129027018, 'f1_micro': 0.99608, 'f1_weighted': 0.9960770615368426, 'f1_binary': 0.9939967533461974, 'pr_auc': 0.9998920701227275, 'precision_macro': 0.9962914499580386, 'precision_micro': 0.99608, 'precision_weighted': 0.9960823028483337, 'precision_binary': 0.9968974626773975, 'recall_macro': 0.9948055754440785, 'recall_micro': 0.99608, 'recall_weighted': 0.99608, 'recall_binary': 0.9911128756413389, 'roc_auc': 0.9999471567567962}
Validation statistic: Loss: 18.3070, dev_score: {'accuracy': 0.7086744855056428, 'balanced_accuracy': 0.8127700680049293, 'f1_macro': 0.5527924353481438, 'f1_micro': 0.7086744855056428, 'f1_weighted': 0.7833144101968741, 'f1_binary': 0.288762830902215, 'pr_auc': 0.22450960535457257, 'precision_macro': 0.582124553201996, 'precision_micro': 0.7086744855056428, 'precision_weighted': 0.9412060044095033, 'precision_binary': 0.17084864951254594, 'recall_macro': 0.8127700680049293, 'recall_micro': 0.7086744855056428, 'recall_weighted': 0.7086744855056428, 'recall_binary': 0.9319965126416739, 'roc_auc': 0.8684973237887782}
-----------------------
Epoch 31/100
Training statistic: Loss: 0.0100, train_score: {'accuracy': 0.9969, 'balanced_accuracy': 0.996104727393327, 'f1_macro': 0.9964781877325196, 'f1_micro': 0.9969, 'f1_weighted': 0.9968988299243621, 'f1_binary': 0.99525935894299, 'pr_auc': 0.9998985249125079, 'precision_macro': 0.9968543005446282, 'precision_micro': 0.9969, 'precision_weighted': 0.9968997471676051, 'precision_binary': 0.9967226170056359, 'recall_macro': 0.996104727393327, 'recall_micro': 0.9969, 'recall_weighted': 0.9969, 'recall_binary': 0.993800390911312, 'roc_auc': 0.9999502195606718}
Validation statistic: Loss: 17.9069, dev_score: {'accuracy': 0.7074020801062182, 'balanced_accuracy': 0.8116843756345737, 'f1_macro': 0.5517821301397727, 'f1_micro': 0.7074020801062182, 'f1_weighted': 0.7823702486610797, 'f1_binary': 0.2876767676767677, 'pr_auc': 0.2277381537160431, 'precision_macro': 0.5817109108778703, 'precision_micro': 0.7074020801062182, 'precision_weighted': 0.9410692501463099, 'precision_binary': 0.17011787193373687, 'recall_macro': 0.8116843756345737, 'recall_micro': 0.7074020801062182, 'recall_weighted': 0.7074020801062182, 'recall_binary': 0.9311246730601569, 'roc_auc': 0.8699532222452426}
-----------------------
Epoch 32/100
Training statistic: Loss: 0.0099, train_score: {'accuracy': 0.99665, 'balanced_accuracy': 0.9956446211435208, 'f1_macro': 0.9961928225551802, 'f1_micro': 0.99665, 'f1_weighted': 0.996648139785308, 'f1_binary': 0.9948735213552267, 'pr_auc': 0.9999066431187975, 'precision_macro': 0.996746749608628, 'precision_micro': 0.99665, 'precision_weighted': 0.9966507841406459, 'precision_binary': 0.9970248136674539, 'recall_macro': 0.9956446211435208, 'recall_micro': 0.99665, 'recall_weighted': 0.99665, 'recall_binary': 0.9927314927925727, 'roc_auc': 0.9999543517349145}
Validation statistic: Loss: 18.5070, dev_score: {'accuracy': 0.707014826289002, 'balanced_accuracy': 0.8114776298137928, 'f1_macro': 0.5515023492478509, 'f1_micro': 0.707014826289002, 'f1_weighted': 0.7820827619370134, 'f1_binary': 0.2874058127018299, 'pr_auc': 0.2231122228960342, 'precision_macro': 0.5816141877557597, 'precision_micro': 0.707014826289002, 'precision_weighted': 0.9410535043797389, 'precision_binary': 0.16992840095465395, 'recall_macro': 0.8114776298137928, 'recall_micro': 0.707014826289002, 'recall_weighted': 0.707014826289002, 'recall_binary': 0.9311246730601569, 'roc_auc': 0.868058829009593}
Early stopping by loss triggered!
Testing statistic: loss: 1.4017578046587, scores: {'accuracy': 0.6995694634043894, 'balanced_accuracy': 0.8069465428333966, 'f1_macro': 0.5419736049611751, 'f1_micro': 0.6995694634043894, 'f1_weighted': 0.7779724155371665, 'f1_binary': 0.2733045466090932, 'pr_auc': 0.4813953425198136, 'precision_macro': 0.5767819836373851, 'precision_micro': 0.6995694634043894, 'precision_weighted': 0.9426947974068867, 'precision_binary': 0.16021441334127456, 'recall_macro': 0.8069465428333966, 'recall_micro': 0.6995694634043894, 'recall_weighted': 0.6995694634043894, 'recall_binary': 0.9291882556131261, 'roc_auc': 0.9126120771424422}
Finish training!
