=====Setting up data=====
Dataset name:census_kdd
train_option:synthetic
augment_option:compare_pca_gmm
mix_ratio:-1
n_sample:-1
Training dataset size: 100096 samples
Validation dataset size: 18176 samples

=====Setting up parameters for training=====
num_epochs: 100
learning_rate: 0.001
patience: 30
early_stop_criterion: loss
=====Setting up trainer=====
input_size: 372
model: DNN_Census
----------------------------------------------------------------
        Layer (type)               Output Shape         Param #
================================================================
            Linear-1                  [-1, 256]          95,488
       BatchNorm1d-2                  [-1, 256]             512
              ReLU-3                  [-1, 256]               0
           Dropout-4                  [-1, 256]               0
            Linear-5                  [-1, 128]          32,896
       BatchNorm1d-6                  [-1, 128]             256
              ReLU-7                  [-1, 128]               0
           Dropout-8                  [-1, 128]               0
            Linear-9                   [-1, 64]           8,256
      BatchNorm1d-10                   [-1, 64]             128
             ReLU-11                   [-1, 64]               0
          Dropout-12                   [-1, 64]               0
           Linear-13                   [-1, 32]           2,080
      BatchNorm1d-14                   [-1, 32]              64
             ReLU-15                   [-1, 32]               0
          Dropout-16                   [-1, 32]               0
           Linear-17                    [-1, 1]              33
          Sigmoid-18                    [-1, 1]               0
================================================================
Total params: 139,713
Trainable params: 139,713
Non-trainable params: 0
----------------------------------------------------------------
Input size (MB): 0.00
Forward/backward pass size (MB): 0.01
Params size (MB): 0.53
Estimated Total Size (MB): 0.55
----------------------------------------------------------------
=====Setting up output files=====
weight_dir, weight_file: /home/thuy/Research/minh_data_synth/TabularDA/output/corrected_v2/census_kdd/weight/, census_kdd_seed42_ctgan_full_pca_gmm_synthetic.weights.pth
acc_dir, acc_file: /home/thuy/Research/minh_data_synth/TabularDA/output/corrected_v2/census_kdd/acc/, census_kdd_seed42_ctgan_full_pca_gmm_synthetic.epochs.csv
report_file: census_kdd_seed42_ctgan_full_pca_gmm_synthetic.report.txt
==========================================================================================
Start training...
-----------------------
Epoch 1/100
Training statistic: Loss: 0.1523, train_score: {'accuracy': 0.93387, 'balanced_accuracy': 0.9383574497221947, 'f1_macro': 0.9152028095820146, 'f1_micro': 0.93387, 'f1_weighted': 0.9354697948095808, 'f1_binary': 0.8754168158098001, 'pr_auc': 0.9426094295395857, 'precision_macro': 0.8978165172854151, 'precision_micro': 0.93387, 'precision_weighted': 0.9406288723947666, 'precision_binary': 0.8137718468705124, 'recall_macro': 0.9383574497221947, 'recall_micro': 0.93387, 'recall_weighted': 0.93387, 'recall_binary': 0.9471667346106808, 'roc_auc': 0.9824609309314841}
Validation statistic: Loss: 0.4495, dev_score: {'accuracy': 0.7507191856605444, 'balanced_accuracy': 0.8185549855046177, 'f1_macro': 0.5805189669772165, 'f1_micro': 0.7507191856605444, 'f1_weighted': 0.8138088619972166, 'f1_binary': 0.3133191100274307, 'pr_auc': 0.4304778362450977, 'precision_macro': 0.5902220434962047, 'precision_micro': 0.7507191856605444, 'precision_weighted': 0.9397895148787065, 'precision_binary': 0.18984302862419206, 'recall_macro': 0.8185549855046177, 'recall_micro': 0.7507191856605444, 'recall_weighted': 0.7507191856605444, 'recall_binary': 0.8962510897994769, 'roc_auc': 0.8992783491934595}
Saving model...
Model saved!
-------------------------------------------
-----------------------
Epoch 2/100
Training statistic: Loss: 0.1312, train_score: {'accuracy': 0.94447, 'balanced_accuracy': 0.9398218534417636, 'f1_macro': 0.9271243453244008, 'f1_micro': 0.94447, 'f1_weighted': 0.945235474296771, 'f1_binary': 0.8915704996778162, 'pr_auc': 0.954346232713403, 'precision_macro': 0.9162069809331681, 'precision_micro': 0.94447, 'precision_weighted': 0.9470796959321905, 'precision_binary': 0.8556009444215418, 'recall_macro': 0.9398218534417636, 'recall_micro': 0.94447, 'recall_weighted': 0.94447, 'recall_binary': 0.930697105584998, 'roc_auc': 0.9862073714330812}
Validation statistic: Loss: 0.5259, dev_score: {'accuracy': 0.7627240539942465, 'balanced_accuracy': 0.8188683358462645, 'f1_macro': 0.5885378702244719, 'f1_micro': 0.7627240539942465, 'f1_weighted': 0.8222770380039619, 'f1_binary': 0.3208234362628662, 'pr_auc': 0.4170070943950601, 'precision_macro': 0.5928163864586822, 'precision_micro': 0.7627240539942465, 'precision_weighted': 0.9392611938290022, 'precision_binary': 0.19601393188854488, 'recall_macro': 0.8188683358462645, 'recall_micro': 0.7627240539942465, 'recall_weighted': 0.7627240539942465, 'recall_binary': 0.8831734960767219, 'roc_auc': 0.8982895021378327}
-----------------------
Epoch 3/100
Training statistic: Loss: 0.1181, train_score: {'accuracy': 0.94957, 'balanced_accuracy': 0.9481673373831099, 'f1_macro': 0.9339962016404261, 'f1_micro': 0.94957, 'f1_weighted': 0.9503282508105073, 'f1_binary': 0.901934856587263, 'pr_auc': 0.9618371692906758, 'precision_macro': 0.9219815567049963, 'precision_micro': 0.94957, 'precision_weighted': 0.9523939198611852, 'precision_binary': 0.8622792340583751, 'recall_macro': 0.9481673373831099, 'recall_micro': 0.94957, 'recall_weighted': 0.94957, 'recall_binary': 0.945413779046066, 'roc_auc': 0.9885004643546184}
Validation statistic: Loss: 0.5716, dev_score: {'accuracy': 0.7610643947776057, 'balanced_accuracy': 0.817575897655128, 'f1_macro': 0.5871013924497925, 'f1_micro': 0.7610643947776057, 'f1_weighted': 0.8210981624777093, 'f1_binary': 0.31909191234431655, 'pr_auc': 0.41346819361257436, 'precision_macro': 0.592141918771726, 'precision_micro': 0.7610643947776057, 'precision_weighted': 0.9390881077780759, 'precision_binary': 0.19476520400307928, 'recall_macro': 0.817575897655128, 'recall_micro': 0.7610643947776057, 'recall_weighted': 0.7610643947776057, 'recall_binary': 0.8823016564952049, 'roc_auc': 0.8978906364305346}
-----------------------
Epoch 4/100
Training statistic: Loss: 0.1059, train_score: {'accuracy': 0.95783, 'balanced_accuracy': 0.9546302904840227, 'f1_macro': 0.9443208299605057, 'f1_micro': 0.95783, 'f1_weighted': 0.9582915777082742, 'f1_binary': 0.916894941174152, 'pr_auc': 0.9697584728978026, 'precision_macro': 0.9351446870059026, 'precision_micro': 0.95783, 'precision_weighted': 0.9594350524138843, 'precision_binary': 0.8874604204020906, 'recall_macro': 0.9546302904840227, 'recall_micro': 0.95783, 'recall_weighted': 0.95783, 'recall_binary': 0.9483489604565838, 'roc_auc': 0.9909786603759531}
Validation statistic: Loss: 0.5938, dev_score: {'accuracy': 0.7672604558530648, 'balanced_accuracy': 0.8176327533995899, 'f1_macro': 0.5912804285083416, 'f1_micro': 0.7672604558530648, 'f1_weighted': 0.8254357941229122, 'f1_binary': 0.3230893000804505, 'pr_auc': 0.41180920367335017, 'precision_macro': 0.5935562633546619, 'precision_micro': 0.7672604558530648, 'precision_weighted': 0.93882069232315, 'precision_binary': 0.19810576164167323, 'recall_macro': 0.8176327533995899, 'recall_micro': 0.7672604558530648, 'recall_weighted': 0.7672604558530648, 'recall_binary': 0.8753269398430689, 'roc_auc': 0.8972794886773381}
-----------------------
Epoch 5/100
Training statistic: Loss: 0.0962, train_score: {'accuracy': 0.96287, 'balanced_accuracy': 0.9595240258478583, 'f1_macro': 0.9507969735739231, 'f1_micro': 0.96287, 'f1_weighted': 0.9632124367039191, 'f1_binary': 0.926424254433766, 'pr_auc': 0.9753684926544155, 'precision_macro': 0.9428746700186794, 'precision_micro': 0.96287, 'precision_weighted': 0.9640373982390922, 'precision_binary': 0.9013302486986697, 'recall_macro': 0.9595240258478583, 'recall_micro': 0.96287, 'recall_weighted': 0.96287, 'recall_binary': 0.9529555646147574, 'roc_auc': 0.9926876385089639}
Validation statistic: Loss: 0.6279, dev_score: {'accuracy': 0.7697499446780262, 'balanced_accuracy': 0.8185554490025344, 'f1_macro': 0.5932098070116427, 'f1_micro': 0.7697499446780262, 'f1_weighted': 0.8271833082419806, 'f1_binary': 0.32522697795071337, 'pr_auc': 0.4042388505833474, 'precision_macro': 0.5943653735887213, 'precision_micro': 0.7697499446780262, 'precision_weighted': 0.9388910520715952, 'precision_binary': 0.19976100378410674, 'recall_macro': 0.8185554490025344, 'recall_micro': 0.7697499446780262, 'recall_weighted': 0.7697499446780262, 'recall_binary': 0.8744551002615518, 'roc_auc': 0.8940643323778581}
-----------------------
Epoch 6/100
Training statistic: Loss: 0.0887, train_score: {'accuracy': 0.9659, 'balanced_accuracy': 0.9594402216283866, 'f1_macro': 0.9544469637805683, 'f1_micro': 0.9659, 'f1_weighted': 0.9660822728033007, 'f1_binary': 0.9316057603594208, 'pr_auc': 0.9787087567462865, 'precision_macro': 0.9497200289095856, 'precision_micro': 0.9659, 'precision_weighted': 0.9664233307770003, 'precision_binary': 0.9169298799747315, 'recall_macro': 0.9594402216283866, 'recall_micro': 0.9659, 'recall_weighted': 0.9659, 'recall_binary': 0.9467590705258867, 'roc_auc': 0.9937060711159112}
Validation statistic: Loss: 0.6498, dev_score: {'accuracy': 0.7719628236335473, 'balanced_accuracy': 0.8136410835901497, 'f1_macro': 0.593443772347852, 'f1_micro': 0.7719628236335473, 'f1_weighted': 0.8286573027695286, 'f1_binary': 0.3240406690718268, 'pr_auc': 0.38905567884156933, 'precision_macro': 0.5937206798049456, 'precision_micro': 0.7719628236335473, 'precision_weighted': 0.9378627783984117, 'precision_binary': 0.19955564532417694, 'recall_macro': 0.8136410835901497, 'recall_micro': 0.7719628236335473, 'recall_weighted': 0.7719628236335473, 'recall_binary': 0.8613775065387969, 'roc_auc': 0.892701082004987}
-----------------------
Epoch 7/100
Training statistic: Loss: 0.0804, train_score: {'accuracy': 0.96951, 'balanced_accuracy': 0.966014349214011, 'f1_macro': 0.9594034421706876, 'f1_micro': 0.96951, 'f1_weighted': 0.9697216715689274, 'f1_binary': 0.9391477896417523, 'pr_auc': 0.9821738409341041, 'precision_macro': 0.9532488406555176, 'precision_micro': 0.96951, 'precision_weighted': 0.9702057179740013, 'precision_binary': 0.919960899315738, 'recall_macro': 0.966014349214011, 'recall_micro': 0.96951, 'recall_weighted': 0.96951, 'recall_binary': 0.9591520587036282, 'roc_auc': 0.9947101417609047}
Validation statistic: Loss: 0.7489, dev_score: {'accuracy': 0.7680902854613852, 'balanced_accuracy': 0.812792779402853, 'f1_macro': 0.5905938839545933, 'f1_micro': 0.7680902854613852, 'f1_weighted': 0.8259533368684053, 'f1_binary': 0.3210236475542598, 'pr_auc': 0.3917434406197098, 'precision_macro': 0.5925902646972346, 'precision_micro': 0.7680902854613852, 'precision_weighted': 0.9378584431689155, 'precision_binary': 0.1971354684702606, 'recall_macro': 0.812792779402853, 'recall_micro': 0.7680902854613852, 'recall_weighted': 0.7680902854613852, 'recall_binary': 0.8639930252833479, 'roc_auc': 0.8905796777896382}
-----------------------
Epoch 8/100
Training statistic: Loss: 0.0764, train_score: {'accuracy': 0.9722, 'balanced_accuracy': 0.966943514891947, 'f1_macro': 0.9627900355574351, 'f1_micro': 0.9722, 'f1_weighted': 0.9723220031979111, 'f1_binary': 0.9440778886385581, 'pr_auc': 0.9841881103824052, 'precision_macro': 0.9588174554797491, 'precision_micro': 0.9722, 'precision_weighted': 0.9725515762360868, 'precision_binary': 0.9318560876816774, 'recall_macro': 0.966943514891947, 'recall_micro': 0.9722, 'recall_weighted': 0.9722, 'recall_binary': 0.9566245413779046, 'roc_auc': 0.9953240170539385}
Validation statistic: Loss: 0.6907, dev_score: {'accuracy': 0.7716862137641071, 'balanced_accuracy': 0.8094295612688369, 'f1_macro': 0.5921504382322981, 'f1_micro': 0.7716862137641071, 'f1_weighted': 0.8284077224350005, 'f1_binary': 0.3215518658556633, 'pr_auc': 0.38619357165793655, 'precision_macro': 0.5926373254984965, 'precision_micro': 0.7716862137641071, 'precision_weighted': 0.9370729123595237, 'precision_binary': 0.19813614262560778, 'recall_macro': 0.8094295612688369, 'recall_micro': 0.7716862137641071, 'recall_weighted': 0.7716862137641071, 'recall_binary': 0.8526591107236269, 'roc_auc': 0.8900601481246644}
-----------------------
Epoch 9/100
Training statistic: Loss: 0.0726, train_score: {'accuracy': 0.97447, 'balanced_accuracy': 0.968241052902288, 'f1_macro': 0.9657094640861689, 'f1_micro': 0.97447, 'f1_weighted': 0.9745384619979416, 'f1_binary': 0.9483773127085229, 'pr_auc': 0.9858143994636666, 'precision_macro': 0.9632451466954978, 'precision_micro': 0.97447, 'precision_weighted': 0.9746468222155644, 'precision_binary': 0.9408625877632899, 'recall_macro': 0.968241052902288, 'recall_micro': 0.97447, 'recall_weighted': 0.97447, 'recall_binary': 0.9560130452507134, 'roc_auc': 0.9958033110728686}
Validation statistic: Loss: 0.7431, dev_score: {'accuracy': 0.77329055100686, 'balanced_accuracy': 0.8082541563016945, 'f1_macro': 0.592931099926433, 'f1_micro': 0.77329055100686, 'f1_weighted': 0.8295029796597523, 'f1_binary': 0.32197220383851755, 'pr_auc': 0.38074186332731763, 'precision_macro': 0.5927451273609448, 'precision_micro': 0.77329055100686, 'precision_weighted': 0.9367885801476912, 'precision_binary': 0.19869307739432304, 'recall_macro': 0.8082541563016945, 'recall_micro': 0.77329055100686, 'recall_weighted': 0.77329055100686, 'recall_binary': 0.8482999128160419, 'roc_auc': 0.8892659959439813}
-----------------------
Epoch 10/100
Training statistic: Loss: 0.0686, train_score: {'accuracy': 0.97522, 'balanced_accuracy': 0.9661651827647166, 'f1_macro': 0.9665117574805846, 'f1_micro': 0.97522, 'f1_weighted': 0.9752107784230293, 'f1_binary': 0.9494347630902339, 'pr_auc': 0.9878975752191796, 'precision_macro': 0.9668596107986233, 'precision_micro': 0.97522, 'precision_weighted': 0.9752023122936502, 'precision_binary': 0.9504821049191045, 'recall_macro': 0.9661651827647166, 'recall_micro': 0.97522, 'recall_weighted': 0.97522, 'recall_binary': 0.9483897268650632, 'roc_auc': 0.9963864025148881}
Validation statistic: Loss: 0.7421, dev_score: {'accuracy': 0.7759460057534853, 'balanced_accuracy': 0.8088590725828982, 'f1_macro': 0.5949074893846082, 'f1_micro': 0.7759460057534853, 'f1_weighted': 0.8313482263370758, 'f1_binary': 0.3240987983978638, 'pr_auc': 0.3766285331061651, 'precision_macro': 0.5935553515647455, 'precision_micro': 0.7759460057534853, 'precision_weighted': 0.9368047320091399, 'precision_binary': 0.2004127966976264, 'recall_macro': 0.8088590725828982, 'recall_micro': 0.7759460057534853, 'recall_weighted': 0.7759460057534853, 'recall_binary': 0.8465562336530078, 'roc_auc': 0.8871801523188053}
-----------------------
Epoch 11/100
Training statistic: Loss: 0.0642, train_score: {'accuracy': 0.97682, 'balanced_accuracy': 0.9679681415946413, 'f1_macro': 0.9686515538258196, 'f1_micro': 0.97682, 'f1_weighted': 0.9768030377444958, 'f1_binary': 0.9526494259917474, 'pr_auc': 0.9890424713353816, 'precision_macro': 0.969339917517319, 'precision_micro': 0.97682, 'precision_weighted': 0.9767889987197699, 'precision_binary': 0.9547166721257779, 'recall_macro': 0.9679681415946413, 'recall_micro': 0.97682, 'recall_weighted': 0.97682, 'recall_binary': 0.9505911129229515, 'roc_auc': 0.9967347319483054}
Validation statistic: Loss: 0.7539, dev_score: {'accuracy': 0.7759460057534853, 'balanced_accuracy': 0.8052016105213615, 'f1_macro': 0.593929272634195, 'f1_micro': 0.7759460057534853, 'f1_weighted': 0.8312940125192255, 'f1_binary': 0.3220622698359558, 'pr_auc': 0.37582860173831045, 'precision_macro': 0.5926661553843285, 'precision_micro': 0.7759460057534853, 'precision_weighted': 0.936114576011974, 'precision_binary': 0.19929562875492024, 'recall_macro': 0.8052016105213615, 'recall_micro': 0.7759460057534853, 'recall_weighted': 0.7759460057534853, 'recall_binary': 0.8387096774193549, 'roc_auc': 0.8864351566671884}
-----------------------
Epoch 12/100
Training statistic: Loss: 0.0610, train_score: {'accuracy': 0.97782, 'balanced_accuracy': 0.9716987028049957, 'f1_macro': 0.970146079620325, 'f1_micro': 0.97782, 'f1_weighted': 0.9778563262503179, 'f1_binary': 0.9550101419878296, 'pr_auc': 0.9898605809710884, 'precision_macro': 0.9686185886360821, 'precision_micro': 0.97782, 'precision_weighted': 0.9779075282888363, 'precision_binary': 0.950383528461849, 'recall_macro': 0.9716987028049957, 'recall_micro': 0.97782, 'recall_weighted': 0.97782, 'recall_binary': 0.9596820220138605, 'roc_auc': 0.9969755062864375}
Validation statistic: Loss: 0.8096, dev_score: {'accuracy': 0.771464925868555, 'balanced_accuracy': 0.803622035370762, 'f1_macro': 0.5904649374692209, 'f1_micro': 0.771464925868555, 'f1_weighted': 0.8281733353154629, 'f1_binary': 0.31820432414589866, 'pr_auc': 0.37102523245387964, 'precision_macro': 0.5911762609901449, 'precision_micro': 0.771464925868555, 'precision_weighted': 0.9359794249638566, 'precision_binary': 0.1962540716612378, 'recall_macro': 0.803622035370762, 'recall_micro': 0.771464925868555, 'recall_weighted': 0.771464925868555, 'recall_binary': 0.8404533565823888, 'roc_auc': 0.8846828255430406}
-----------------------
Epoch 13/100
Training statistic: Loss: 0.0595, train_score: {'accuracy': 0.97846, 'balanced_accuracy': 0.9718888254072549, 'f1_macro': 0.9709686413728338, 'f1_micro': 0.97846, 'f1_weighted': 0.9784809412363686, 'f1_binary': 0.9562212918174058, 'pr_auc': 0.9903371215595768, 'precision_macro': 0.9700572961606317, 'precision_micro': 0.97846, 'precision_weighted': 0.9785071092840015, 'precision_binary': 0.9534695201037614, 'recall_macro': 0.9718888254072549, 'recall_micro': 0.97846, 'recall_weighted': 0.97846, 'recall_binary': 0.9589889930697105, 'roc_auc': 0.9971139135638705}
Validation statistic: Loss: 0.8240, dev_score: {'accuracy': 0.773511838902412, 'balanced_accuracy': 0.8014637573211427, 'f1_macro': 0.591271286487899, 'f1_micro': 0.773511838902412, 'f1_weighted': 0.8295579806226003, 'f1_binary': 0.31834831834831834, 'pr_auc': 0.3548453881354406, 'precision_macro': 0.5911486081984225, 'precision_micro': 0.773511838902412, 'precision_weighted': 0.9354961203987529, 'precision_binary': 0.19674830211977773, 'recall_macro': 0.8014637573211427, 'recall_micro': 0.773511838902412, 'recall_weighted': 0.773511838902412, 'recall_binary': 0.8334786399302528, 'roc_auc': 0.8814007710442346}
-----------------------
Epoch 14/100
Training statistic: Loss: 0.0560, train_score: {'accuracy': 0.9792, 'balanced_accuracy': 0.9740025369486427, 'f1_macro': 0.9720279551153423, 'f1_micro': 0.9792, 'f1_weighted': 0.9792430583309292, 'f1_binary': 0.9578640304675472, 'pr_auc': 0.9913285493216931, 'precision_macro': 0.9700937182742277, 'precision_micro': 0.9792, 'precision_weighted': 0.9793100019726869, 'precision_binary': 0.952001288556012, 'recall_macro': 0.9740025369486427, 'recall_micro': 0.9792, 'recall_weighted': 0.9792, 'recall_binary': 0.9637994292702813, 'roc_auc': 0.9974165980699508}
Validation statistic: Loss: 0.8846, dev_score: {'accuracy': 0.7709670281035628, 'balanced_accuracy': 0.802543449968464, 'f1_macro': 0.5898429689796474, 'f1_micro': 0.7709670281035628, 'f1_weighted': 0.827813323716047, 'f1_binary': 0.31728232189973615, 'pr_auc': 0.3457266297951287, 'precision_macro': 0.5907944668177667, 'precision_micro': 0.7709670281035628, 'precision_weighted': 0.935793661456499, 'precision_binary': 0.19564775269473256, 'recall_macro': 0.802543449968464, 'recall_micro': 0.7709670281035628, 'recall_weighted': 0.7709670281035628, 'recall_binary': 0.8387096774193549, 'roc_auc': 0.8792706891178877}
-----------------------
Epoch 15/100
Training statistic: Loss: 0.0542, train_score: {'accuracy': 0.98004, 'balanced_accuracy': 0.9761274677599936, 'f1_macro': 0.9732100600096588, 'f1_micro': 0.98004, 'f1_weighted': 0.9801005999587197, 'f1_binary': 0.9596832835097358, 'pr_auc': 0.9921085997964808, 'precision_macro': 0.9703799870131351, 'precision_micro': 0.98004, 'precision_weighted': 0.9802129552321203, 'precision_binary': 0.9510769477139883, 'recall_macro': 0.9761274677599936, 'recall_micro': 0.98004, 'recall_weighted': 0.98004, 'recall_binary': 0.9684467998369344, 'roc_auc': 0.9976310654617124}
Validation statistic: Loss: 0.9539, dev_score: {'accuracy': 0.7698052666519142, 'balanced_accuracy': 0.8019232125061214, 'f1_macro': 0.5888982095013823, 'f1_micro': 0.7698052666519142, 'f1_weighted': 0.8269997169611182, 'f1_binary': 0.3161873459326212, 'pr_auc': 0.34122461620628336, 'precision_macro': 0.5903672119762294, 'precision_micro': 0.7698052666519142, 'precision_weighted': 0.9357198191581386, 'precision_binary': 0.19481571486431754, 'recall_macro': 0.8019232125061214, 'recall_micro': 0.7698052666519142, 'recall_weighted': 0.7698052666519142, 'recall_binary': 0.8387096774193549, 'roc_auc': 0.8779218844300904}
-----------------------
Epoch 16/100
Training statistic: Loss: 0.0540, train_score: {'accuracy': 0.98037, 'balanced_accuracy': 0.9734431480374839, 'f1_macro': 0.9734887478522778, 'f1_micro': 0.98037, 'f1_weighted': 0.9803690545318658, 'f1_binary': 0.9599820602205777, 'pr_auc': 0.9921913024598774, 'precision_macro': 0.973534369338801, 'precision_micro': 0.98037, 'precision_weighted': 0.9803681218583573, 'precision_binary': 0.9601190718916935, 'recall_macro': 0.9734431480374839, 'recall_micro': 0.98037, 'recall_weighted': 0.98037, 'recall_binary': 0.9598450876477782, 'roc_auc': 0.9976584233031096}
Validation statistic: Loss: 0.8661, dev_score: {'accuracy': 0.7757247178579332, 'balanced_accuracy': 0.8050834700523439, 'f1_macro': 0.5937463459121217, 'f1_micro': 0.7757247178579332, 'f1_weighted': 0.8311395237967966, 'f1_binary': 0.32184677149548346, 'pr_auc': 0.35014623177244897, 'precision_macro': 0.5925815399303558, 'precision_micro': 0.7757247178579332, 'precision_weighted': 0.9361001558149561, 'precision_binary': 0.19913061477954874, 'recall_macro': 0.8050834700523439, 'recall_micro': 0.7757247178579332, 'recall_weighted': 0.7757247178579332, 'recall_binary': 0.8387096774193549, 'roc_auc': 0.8790478496194399}
-----------------------
Epoch 17/100
Training statistic: Loss: 0.0504, train_score: {'accuracy': 0.98142, 'balanced_accuracy': 0.9793118174347671, 'f1_macro': 0.9751268756919427, 'f1_micro': 0.98142, 'f1_weighted': 0.9815000715617725, 'f1_binary': 0.9626156941649899, 'pr_auc': 0.9932860712999985, 'precision_macro': 0.9711194931528283, 'precision_micro': 0.98142, 'precision_weighted': 0.9816854983641637, 'precision_binary': 0.9503774334525228, 'recall_macro': 0.9793118174347671, 'recall_micro': 0.98142, 'recall_weighted': 0.98142, 'recall_binary': 0.9751732572360375, 'roc_auc': 0.997986194518158}
Validation statistic: Loss: 0.9503, dev_score: {'accuracy': 0.7671498119052887, 'balanced_accuracy': 0.8045693736129502, 'f1_macro': 0.5878193827003725, 'f1_micro': 0.7671498119052887, 'f1_weighted': 0.8251919259958509, 'f1_binary': 0.3159434422233057, 'pr_auc': 0.35377465041025485, 'precision_macro': 0.5903887790657332, 'precision_micro': 0.7671498119052887, 'precision_weighted': 0.9363266040004883, 'precision_binary': 0.19416699960047942, 'recall_macro': 0.8045693736129502, 'recall_micro': 0.7671498119052887, 'recall_weighted': 0.7671498119052887, 'recall_binary': 0.8474280732345248, 'roc_auc': 0.8807220040949526}
-----------------------
Epoch 18/100
Training statistic: Loss: 0.0483, train_score: {'accuracy': 0.98185, 'balanced_accuracy': 0.9746300409268381, 'f1_macro': 0.9754476434846056, 'f1_micro': 0.98185, 'f1_weighted': 0.9818343279239319, 'f1_binary': 0.9629099826300194, 'pr_auc': 0.9937819704335047, 'precision_macro': 0.9762722055372255, 'precision_micro': 0.98185, 'precision_weighted': 0.9818227593550363, 'precision_binary': 0.9653759475517312, 'recall_macro': 0.9746300409268381, 'recall_micro': 0.98185, 'recall_weighted': 0.98185, 'recall_binary': 0.9604565837749695, 'roc_auc': 0.9981392654408512}
Validation statistic: Loss: 0.9069, dev_score: {'accuracy': 0.775337464040717, 'balanced_accuracy': 0.8028448008640425, 'f1_macro': 0.5928810201124384, 'f1_micro': 0.775337464040717, 'f1_weighted': 0.8308388416210817, 'f1_binary': 0.3203347280334728, 'pr_auc': 0.35100204673495516, 'precision_macro': 0.5919384683348743, 'precision_micro': 0.775337464040717, 'precision_weighted': 0.9356917878395785, 'precision_binary': 0.19821872410936206, 'recall_macro': 0.8028448008640425, 'recall_micro': 0.775337464040717, 'recall_weighted': 0.775337464040717, 'recall_binary': 0.8343504795117699, 'roc_auc': 0.878213321620226}
-----------------------
Epoch 19/100
Training statistic: Loss: 0.0470, train_score: {'accuracy': 0.98214, 'balanced_accuracy': 0.9763768304843932, 'f1_macro': 0.9759053912674027, 'f1_micro': 0.98214, 'f1_weighted': 0.9821488246408104, 'f1_binary': 0.9636489456973052, 'pr_auc': 0.9939768430970408, 'precision_macro': 0.9754362465652531, 'precision_micro': 0.98214, 'precision_weighted': 0.9821590042620405, 'precision_binary': 0.962238842370539, 'recall_macro': 0.9763768304843932, 'recall_micro': 0.98214, 'recall_weighted': 0.98214, 'recall_binary': 0.965063187933143, 'roc_auc': 0.9981973469046347}
Validation statistic: Loss: 0.9404, dev_score: {'accuracy': 0.7748948882496127, 'balanced_accuracy': 0.8022021352525031, 'f1_macro': 0.5924071891816157, 'f1_micro': 0.7748948882496127, 'f1_weighted': 0.8305238379365665, 'f1_binary': 0.319678983447584, 'pr_auc': 0.34886613963187085, 'precision_macro': 0.591671011176247, 'precision_micro': 0.7748948882496127, 'precision_weighted': 0.9355862380996366, 'precision_binary': 0.19776582540339263, 'recall_macro': 0.8022021352525031, 'recall_micro': 0.7748948882496127, 'recall_weighted': 0.7748948882496127, 'recall_binary': 0.8334786399302528, 'roc_auc': 0.8780153050102115}
-----------------------
Epoch 20/100
Training statistic: Loss: 0.0448, train_score: {'accuracy': 0.98359, 'balanced_accuracy': 0.9793323950991506, 'f1_macro': 0.9779054687921962, 'f1_micro': 0.98359, 'f1_weighted': 0.98361431920967, 'f1_binary': 0.966698459727662, 'pr_auc': 0.9946856873962069, 'precision_macro': 0.9764993396763408, 'precision_micro': 0.98359, 'precision_weighted': 0.9836509303168033, 'precision_binary': 0.9624600961732735, 'recall_macro': 0.9793323950991506, 'recall_micro': 0.98359, 'recall_weighted': 0.98359, 'recall_binary': 0.9709743171626579, 'roc_auc': 0.9983943974196002}
Validation statistic: Loss: 0.9748, dev_score: {'accuracy': 0.7732352290329719, 'balanced_accuracy': 0.8041607744493993, 'f1_macro': 0.5918053463023133, 'f1_micro': 0.7732352290329719, 'f1_weighted': 0.8294060773001769, 'f1_binary': 0.3196680497925311, 'pr_auc': 0.3471469467224187, 'precision_macro': 0.591737733940455, 'precision_micro': 0.7732352290329719, 'precision_weighted': 0.936015794944073, 'precision_binary': 0.1974169741697417, 'recall_macro': 0.8041607744493993, 'recall_micro': 0.7732352290329719, 'recall_weighted': 0.7732352290329719, 'recall_binary': 0.8395815170008718, 'roc_auc': 0.8764405193380858}
-----------------------
Epoch 21/100
Training statistic: Loss: 0.0444, train_score: {'accuracy': 0.98335, 'balanced_accuracy': 0.9782516018249221, 'f1_macro': 0.9775485621899591, 'f1_micro': 0.98335, 'f1_weighted': 0.9833622116311387, 'f1_binary': 0.9661358228079809, 'pr_auc': 0.9946827786377369, 'precision_macro': 0.9768505959696154, 'precision_micro': 0.98335, 'precision_weighted': 0.9833774193207134, 'precision_binary': 0.9640378292811624, 'recall_macro': 0.9782516018249221, 'recall_micro': 0.98335, 'recall_weighted': 0.98335, 'recall_binary': 0.9682429677945373, 'roc_auc': 0.9983785437862934}
Validation statistic: Loss: 0.9693, dev_score: {'accuracy': 0.775226820092941, 'balanced_accuracy': 0.8019729612825255, 'f1_macro': 0.5925711339828836, 'f1_micro': 0.775226820092941, 'f1_weighted': 0.8307494400383182, 'f1_binary': 0.31977230872258494, 'pr_auc': 0.3401024135147729, 'precision_macro': 0.5916979411833699, 'precision_micro': 0.775226820092941, 'precision_weighted': 0.9355313655602514, 'precision_binary': 0.19788644840447575, 'recall_macro': 0.8019729612825255, 'recall_micro': 0.775226820092941, 'recall_weighted': 0.775226820092941, 'recall_binary': 0.8326068003487358, 'roc_auc': 0.8735053672801268}
-----------------------
Epoch 22/100
Training statistic: Loss: 0.0431, train_score: {'accuracy': 0.98356, 'balanced_accuracy': 0.9755703286446651, 'f1_macro': 0.9776994101167334, 'f1_micro': 0.98356, 'f1_weighted': 0.9835229597549512, 'f1_binary': 0.9662672357189757, 'pr_auc': 0.9951881810186934, 'precision_macro': 0.9798757374491442, 'precision_micro': 0.98356, 'precision_weighted': 0.9835137217544205, 'precision_binary': 0.9727340328844089, 'recall_macro': 0.9755703286446651, 'recall_micro': 0.98356, 'recall_weighted': 0.98356, 'recall_binary': 0.9598858540562576, 'roc_auc': 0.9985461022597835}
Validation statistic: Loss: 0.9603, dev_score: {'accuracy': 0.7786014605001107, 'balanced_accuracy': 0.8009299107205163, 'f1_macro': 0.5945924371350036, 'f1_micro': 0.7786014605001107, 'f1_weighted': 0.8330577357676296, 'f1_binary': 0.3214649033570702, 'pr_auc': 0.3344666133277079, 'precision_macro': 0.5923013028164703, 'precision_micro': 0.7786014605001107, 'precision_weighted': 0.935220487393472, 'precision_binary': 0.1995369395916649, 'recall_macro': 0.8009299107205163, 'recall_micro': 0.7786014605001107, 'recall_weighted': 0.7786014605001107, 'recall_binary': 0.8265039232781168, 'roc_auc': 0.873120895758134}
-----------------------
Epoch 23/100
Training statistic: Loss: 0.0421, train_score: {'accuracy': 0.98487, 'balanced_accuracy': 0.9803455108416661, 'f1_macro': 0.9795998608325427, 'f1_micro': 0.98487, 'f1_weighted': 0.9848817167199702, 'f1_binary': 0.9692310820978992, 'pr_auc': 0.9953389376404339, 'precision_macro': 0.9788598848846182, 'precision_micro': 0.98487, 'precision_weighted': 0.9848967832554338, 'precision_binary': 0.9670088869050034, 'recall_macro': 0.9803455108416661, 'recall_micro': 0.98487, 'recall_weighted': 0.98487, 'recall_binary': 0.9714635140644109, 'roc_auc': 0.9985927948411453}
Validation statistic: Loss: 0.9811, dev_score: {'accuracy': 0.7744523124585085, 'balanced_accuracy': 0.8011530849674596, 'f1_macro': 0.5918246572774961, 'f1_micro': 0.7744523124585085, 'f1_weighted': 0.8302027611619339, 'f1_binary': 0.318796992481203, 'pr_auc': 0.3291777304707423, 'precision_macro': 0.5913048397322376, 'precision_micro': 0.7744523124585085, 'precision_weighted': 0.9354040557520005, 'precision_binary': 0.19718892104175278, 'recall_macro': 0.8011530849674596, 'recall_micro': 0.7744523124585085, 'recall_weighted': 0.7744523124585085, 'recall_binary': 0.8317349607672189, 'roc_auc': 0.8722977234578819}
-----------------------
Epoch 24/100
Training statistic: Loss: 0.0408, train_score: {'accuracy': 0.98522, 'balanced_accuracy': 0.9789401824932826, 'f1_macro': 0.9799967247681962, 'f1_micro': 0.98522, 'f1_weighted': 0.9852036453221703, 'f1_binary': 0.9697750511247444, 'pr_auc': 0.9958244980632405, 'precision_macro': 0.981064759752181, 'precision_micro': 0.98522, 'precision_weighted': 0.9851940601467166, 'precision_binary': 0.972958555601149, 'recall_macro': 0.9789401824932826, 'recall_micro': 0.98522, 'recall_weighted': 0.98522, 'recall_binary': 0.9666123114553608, 'roc_auc': 0.9987248465128786}
Validation statistic: Loss: 0.9704, dev_score: {'accuracy': 0.7767758353618057, 'balanced_accuracy': 0.8011744058716328, 'f1_macro': 0.5934104389319695, 'f1_micro': 0.7767758353618057, 'f1_weighted': 0.8318050914120483, 'f1_binary': 0.32036382011116726, 'pr_auc': 0.3286298063336668, 'precision_macro': 0.5918931256063409, 'precision_micro': 0.7767758353618057, 'precision_weighted': 0.9353275565574645, 'precision_binary': 0.19853862212943632, 'recall_macro': 0.8011744058716328, 'recall_micro': 0.7767758353618057, 'recall_weighted': 0.7767758353618057, 'recall_binary': 0.8291194420226679, 'roc_auc': 0.8701061765577894}
-----------------------
Epoch 25/100
Training statistic: Loss: 0.0417, train_score: {'accuracy': 0.9843, 'balanced_accuracy': 0.983833890848765, 'f1_macro': 0.9790083286736992, 'f1_micro': 0.9843, 'f1_weighted': 0.9843771491278452, 'f1_binary': 0.9684688303341902, 'pr_auc': 0.9957526764566639, 'precision_macro': 0.97441562194055, 'precision_micro': 0.9843, 'precision_weighted': 0.9845924797776504, 'precision_binary': 0.9544374950518565, 'recall_macro': 0.983833890848765, 'recall_micro': 0.9843, 'recall_weighted': 0.9843, 'recall_binary': 0.9829188748471259, 'roc_auc': 0.9986797377013547}
Validation statistic: Loss: 1.0351, dev_score: {'accuracy': 0.7670944899314007, 'balanced_accuracy': 0.8057589925162081, 'f1_macro': 0.5880938380104824, 'f1_micro': 0.7670944899314007, 'f1_weighted': 0.8251690552491474, 'f1_binary': 0.31655844155844154, 'pr_auc': 0.34155766408025934, 'precision_macro': 0.5906636773326044, 'precision_micro': 0.7670944899314007, 'precision_weighted': 0.9365557375107666, 'precision_binary': 0.19449431478156792, 'recall_macro': 0.8057589925162081, 'recall_micro': 0.7670944899314007, 'recall_weighted': 0.7670944899314007, 'recall_binary': 0.8500435919790759, 'roc_auc': 0.8755599762956865}
-----------------------
Epoch 26/100
Training statistic: Loss: 0.0378, train_score: {'accuracy': 0.98612, 'balanced_accuracy': 0.9808434611507255, 'f1_macro': 0.9812407082038113, 'f1_micro': 0.98612, 'f1_weighted': 0.9861142596567105, 'f1_binary': 0.9716734693877551, 'pr_auc': 0.9964093112250048, 'precision_macro': 0.9816395685987662, 'precision_micro': 0.98612, 'precision_weighted': 0.9861094701964718, 'precision_binary': 0.9728647323252962, 'recall_macro': 0.9808434611507255, 'recall_micro': 0.98612, 'recall_weighted': 0.98612, 'recall_binary': 0.970485120260905, 'roc_auc': 0.998896325789018}
Validation statistic: Loss: 1.0165, dev_score: {'accuracy': 0.7764439035184776, 'balanced_accuracy': 0.8026227338621226, 'f1_macro': 0.5935754724975999, 'f1_micro': 0.7764439035184776, 'f1_weighted': 0.8315985305076197, 'f1_binary': 0.3209544614350529, 'pr_auc': 0.33306190764137134, 'precision_macro': 0.5921630633302868, 'precision_micro': 0.7764439035184776, 'precision_weighted': 0.9356113651548058, 'precision_binary': 0.19879267277268942, 'recall_macro': 0.8026227338621226, 'recall_micro': 0.7764439035184776, 'recall_weighted': 0.7764439035184776, 'recall_binary': 0.8326068003487358, 'roc_auc': 0.8728769671044714}
-----------------------
Epoch 27/100
Training statistic: Loss: 0.0373, train_score: {'accuracy': 0.98621, 'balanced_accuracy': 0.9822376188441818, 'f1_macro': 0.9814096720144765, 'f1_micro': 0.98621, 'f1_weighted': 0.9862218083439572, 'f1_binary': 0.9719629968486327, 'pr_auc': 0.9964737256430111, 'precision_macro': 0.9805886836593043, 'precision_micro': 0.98621, 'precision_weighted': 0.9862377239906328, 'precision_binary': 0.9694990874062056, 'recall_macro': 0.9822376188441818, 'recall_micro': 0.98621, 'recall_weighted': 0.98621, 'recall_binary': 0.974439461883408, 'roc_auc': 0.9989074861807709}
Validation statistic: Loss: 1.0444, dev_score: {'accuracy': 0.7751714981190528, 'balanced_accuracy': 0.8027561955122793, 'f1_macro': 0.5927442402039621, 'f1_micro': 0.7751714981190528, 'f1_weighted': 0.8307229957351211, 'f1_binary': 0.3201739712278354, 'pr_auc': 0.34592685257450906, 'precision_macro': 0.59187529825583, 'precision_micro': 0.7751714981190528, 'precision_weighted': 0.9356809348426359, 'precision_binary': 0.19809563237424963, 'recall_macro': 0.8027561955122793, 'recall_micro': 0.7751714981190528, 'recall_weighted': 0.7751714981190528, 'recall_binary': 0.8343504795117699, 'roc_auc': 0.8731811504873191}
-----------------------
Epoch 28/100
Training statistic: Loss: 0.0352, train_score: {'accuracy': 0.98678, 'balanced_accuracy': 0.984995395886012, 'f1_macro': 0.9822481790285443, 'f1_micro': 0.98678, 'f1_weighted': 0.9868171328401651, 'f1_binary': 0.9732788939645066, 'pr_auc': 0.9967063337547704, 'precision_macro': 0.9795766178572127, 'precision_micro': 0.98678, 'precision_weighted': 0.9868990214003477, 'precision_binary': 0.9652020525978191, 'recall_macro': 0.984995395886012, 'recall_micro': 0.98678, 'recall_weighted': 0.98678, 'recall_binary': 0.9814920505503465, 'roc_auc': 0.9989851630151283}
Validation statistic: Loss: 1.1493, dev_score: {'accuracy': 0.771575569816331, 'balanced_accuracy': 0.8040874902787749, 'f1_macro': 0.5906632115251544, 'f1_micro': 0.771575569816331, 'f1_weighted': 0.8282565242114612, 'f1_binary': 0.3185344116190791, 'pr_auc': 0.33948780766316167, 'precision_macro': 0.591316034897267, 'precision_micro': 0.771575569816331, 'precision_weighted': 0.936063487647227, 'precision_binary': 0.19645765472312704, 'recall_macro': 0.8040874902787749, 'recall_micro': 0.771575569816331, 'recall_weighted': 0.771575569816331, 'recall_binary': 0.8413251961639059, 'roc_auc': 0.8700749676980578}
-----------------------
Epoch 29/100
Training statistic: Loss: 0.0347, train_score: {'accuracy': 0.98727, 'balanced_accuracy': 0.9851962056936742, 'f1_macro': 0.9828905860324549, 'f1_micro': 0.98727, 'f1_weighted': 0.9873000368953558, 'f1_binary': 0.9742344202238549, 'pr_auc': 0.9967411419441461, 'precision_macro': 0.9806382890957945, 'precision_micro': 0.98727, 'precision_weighted': 0.9873615974877108, 'precision_binary': 0.9674398038348675, 'recall_macro': 0.9851962056936742, 'recall_micro': 0.98727, 'recall_weighted': 0.98727, 'recall_binary': 0.9811251528740318, 'roc_auc': 0.9989973283877076}
Validation statistic: Loss: 1.0911, dev_score: {'accuracy': 0.773401194954636, 'balanced_accuracy': 0.8042493798011625, 'f1_macro': 0.5919415291403586, 'f1_micro': 0.773401194954636, 'f1_weighted': 0.8295221203035348, 'f1_binary': 0.31982729990036535, 'pr_auc': 0.34022726399632186, 'precision_macro': 0.5918000617668825, 'precision_micro': 0.773401194954636, 'precision_weighted': 0.9360264710833762, 'precision_binary': 0.19753846153846155, 'recall_macro': 0.8042493798011625, 'recall_micro': 0.773401194954636, 'recall_weighted': 0.773401194954636, 'recall_binary': 0.8395815170008718, 'roc_auc': 0.8715286516644751}
-----------------------
Epoch 30/100
Training statistic: Loss: 0.0351, train_score: {'accuracy': 0.98702, 'balanced_accuracy': 0.9823339981529527, 'f1_macro': 0.9824667532900908, 'f1_micro': 0.98702, 'f1_weighted': 0.9870182130114953, 'f1_binary': 0.973531810766721, 'pr_auc': 0.9969824769599052, 'precision_macro': 0.9825996877519747, 'precision_micro': 0.98702, 'precision_weighted': 0.9870165317283264, 'precision_binary': 0.9739290085679314, 'recall_macro': 0.9823339981529527, 'recall_micro': 0.98702, 'recall_weighted': 0.98702, 'recall_binary': 0.9731349368120669, 'roc_auc': 0.9990622856380758}
Validation statistic: Loss: 1.0369, dev_score: {'accuracy': 0.7761672936490374, 'balanced_accuracy': 0.8016622889288424, 'f1_macro': 0.5931274923449406, 'f1_micro': 0.7761672936490374, 'f1_weighted': 0.8313932581137673, 'f1_binary': 0.32022849462365593, 'pr_auc': 0.3416119943390059, 'precision_macro': 0.5918583634474519, 'precision_micro': 0.7761672936490374, 'precision_weighted': 0.9354401655312485, 'precision_binary': 0.1983350676378772, 'recall_macro': 0.8016622889288424, 'recall_micro': 0.7761672936490374, 'recall_weighted': 0.7761672936490374, 'recall_binary': 0.8308631211857018, 'roc_auc': 0.8718205523525274}
-----------------------
Epoch 31/100
Training statistic: Loss: 0.0330, train_score: {'accuracy': 0.98761, 'balanced_accuracy': 0.9847748321687422, 'f1_macro': 0.9833184787438318, 'f1_micro': 0.98761, 'f1_weighted': 0.987628529665328, 'f1_binary': 0.9748574443474908, 'pr_auc': 0.99708554890404, 'precision_macro': 0.9818834729204422, 'precision_micro': 0.98761, 'precision_weighted': 0.9876596657332551, 'precision_binary': 0.9705442644147239, 'recall_macro': 0.9847748321687422, 'recall_micro': 0.98761, 'recall_weighted': 0.98761, 'recall_binary': 0.9792091316754994, 'roc_auc': 0.9990837583592879}
Validation statistic: Loss: 1.1619, dev_score: {'accuracy': 0.773511838902412, 'balanced_accuracy': 0.8018701419946468, 'f1_macro': 0.5913802385919976, 'f1_micro': 0.773511838902412, 'f1_weighted': 0.829563940622074, 'f1_binary': 0.31857523302263646, 'pr_auc': 0.33258181289934313, 'precision_macro': 0.5912477350868717, 'precision_micro': 0.773511838902412, 'precision_weighted': 0.9355728591492198, 'precision_binary': 0.19687307138448878, 'recall_macro': 0.8018701419946468, 'recall_micro': 0.773511838902412, 'recall_weighted': 0.773511838902412, 'recall_binary': 0.8343504795117699, 'roc_auc': 0.8704206856442284}
-----------------------
Epoch 32/100
Training statistic: Loss: 0.0324, train_score: {'accuracy': 0.98818, 'balanced_accuracy': 0.9835702893205027, 'f1_macro': 0.9840231060727171, 'f1_micro': 0.98818, 'f1_weighted': 0.9881744583440429, 'f1_binary': 0.9758736120182887, 'pr_auc': 0.9972142232995571, 'precision_macro': 0.9844780040319241, 'precision_micro': 0.98818, 'precision_weighted': 0.9881701427000615, 'precision_binary': 0.9772299893712697, 'recall_macro': 0.9835702893205027, 'recall_micro': 0.98818, 'recall_weighted': 0.98818, 'recall_binary': 0.9745209947003669, 'roc_auc': 0.9991376592000634}
Validation statistic: Loss: 1.1187, dev_score: {'accuracy': 0.775226820092941, 'balanced_accuracy': 0.8015665766090214, 'f1_macro': 0.5924616728332706, 'f1_micro': 0.775226820092941, 'f1_weighted': 0.8307433377694223, 'f1_binary': 0.31954446491374977, 'pr_auc': 0.3352497180356967, 'precision_macro': 0.591598677304693, 'precision_micro': 0.775226820092941, 'precision_weighted': 0.9354547937598578, 'precision_binary': 0.19776119402985073, 'recall_macro': 0.8015665766090214, 'recall_micro': 0.775226820092941, 'recall_weighted': 0.775226820092941, 'recall_binary': 0.8317349607672189, 'roc_auc': 0.8718206553520645}
Early stopping by loss triggered!
Testing statistic: loss: 0.45096316794368707, scores: {'accuracy': 0.7511288459519059, 'balanced_accuracy': 0.818242022517387, 'f1_macro': 0.5763172932375993, 'f1_micro': 0.7511288459519059, 'f1_weighted': 0.8153721630193835, 'f1_binary': 0.30416911332941865, 'pr_auc': 0.4306423547336423, 'precision_macro': 0.5870615964675837, 'precision_micro': 0.7511288459519059, 'precision_weighted': 0.9417844038949178, 'precision_binary': 0.1832331093031482, 'recall_macro': 0.818242022517387, 'recall_micro': 0.7511288459519059, 'recall_weighted': 0.7511288459519059, 'recall_binary': 0.8946459412780656, 'roc_auc': 0.9013163078035352}
Finish training!
