=====Setting up data=====
Dataset name:credit
train_option:original
augment_option:None
mix_ratio:-1
n_sample:-1
Training dataset size: 247424 samples
Validation dataset size: 27520 samples

=====Setting up parameters for training=====
num_epochs: 100
learning_rate: 0.001
patience: 30
early_stop_criterion: loss
=====Setting up trainer=====
input_size: 29
model: DNN_Adult
----------------------------------------------------------------
        Layer (type)               Output Shape         Param #
================================================================
            Linear-1                  [-1, 128]           3,840
       BatchNorm1d-2                  [-1, 128]             256
              ReLU-3                  [-1, 128]               0
           Dropout-4                  [-1, 128]               0
            Linear-5                   [-1, 64]           8,256
       BatchNorm1d-6                   [-1, 64]             128
              ReLU-7                   [-1, 64]               0
           Dropout-8                   [-1, 64]               0
            Linear-9                   [-1, 32]           2,080
      BatchNorm1d-10                   [-1, 32]              64
             ReLU-11                   [-1, 32]               0
          Dropout-12                   [-1, 32]               0
           Linear-13                   [-1, 16]             528
      BatchNorm1d-14                   [-1, 16]              32
             ReLU-15                   [-1, 16]               0
          Dropout-16                   [-1, 16]               0
           Linear-17                    [-1, 1]              17
          Sigmoid-18                    [-1, 1]               0
================================================================
Total params: 15,201
Trainable params: 15,201
Non-trainable params: 0
----------------------------------------------------------------
Input size (MB): 0.00
Forward/backward pass size (MB): 0.01
Params size (MB): 0.06
Estimated Total Size (MB): 0.07
----------------------------------------------------------------
=====Setting up output files=====
weight_dir, weight_file: /home/thuy/Research/minh_data_synth/TabularDA/output/corrected_v2/credit/weight/, credit_seed42_real_original.weights.pth
acc_dir, acc_file: /home/thuy/Research/minh_data_synth/TabularDA/output/corrected_v2/credit/acc/, credit_seed42_real_original.epochs.csv
report_file: credit_seed42_real_original.report.txt
==========================================================================================
Start training...
-----------------------
Epoch 1/100
Training statistic: Loss: 0.0049, train_score: {'accuracy': 0.9982659660468877, 'balanced_accuracy': 0.5, 'f1_macro': 0.499566115326344, 'f1_micro': 0.9982659660468877, 'f1_weighted': 0.9973997014410874, 'f1_binary': 0.0, 'pr_auc': 0.718375883922168, 'precision_macro': 0.49913298302344383, 'precision_micro': 0.9982659660468877, 'precision_weighted': 0.9965349389675259, 'precision_binary': 0.0, 'recall_macro': 0.5, 'recall_micro': 0.9982659660468877, 'recall_weighted': 0.9982659660468877, 'recall_binary': 0.0, 'roc_auc': 0.9273060135529818}
Validation statistic: Loss: 0.0064, dev_score: {'accuracy': 0.9980667517782236, 'balanced_accuracy': 0.5, 'f1_macro': 0.4995162203114446, 'f1_micro': 0.9980667517782236, 'f1_weighted': 0.9971010629335582, 'f1_binary': 0.0, 'pr_auc': 0.5523228426239815, 'precision_macro': 0.4990333758891118, 'precision_micro': 0.9980667517782236, 'precision_weighted': 0.9961372410051341, 'precision_binary': 0.0, 'recall_macro': 0.5, 'recall_micro': 0.9980667517782236, 'recall_weighted': 0.9980667517782236, 'recall_binary': 0.0, 'roc_auc': 0.8878536960086499}
Saving model...
Model saved!
-------------------------------------------
-----------------------
Epoch 2/100
Training statistic: Loss: 0.0046, train_score: {'accuracy': 0.9982659660468877, 'balanced_accuracy': 0.5, 'f1_macro': 0.499566115326344, 'f1_micro': 0.9982659660468877, 'f1_weighted': 0.9973997014410874, 'f1_binary': 0.0, 'pr_auc': 0.7206785496839392, 'precision_macro': 0.49913298302344383, 'precision_micro': 0.9982659660468877, 'precision_weighted': 0.9965349389675259, 'precision_binary': 0.0, 'recall_macro': 0.5, 'recall_micro': 0.9982659660468877, 'recall_weighted': 0.9982659660468877, 'recall_binary': 0.0, 'roc_auc': 0.947420291572034}
Validation statistic: Loss: 0.0065, dev_score: {'accuracy': 0.9980667517782236, 'balanced_accuracy': 0.5, 'f1_macro': 0.4995162203114446, 'f1_micro': 0.9980667517782236, 'f1_weighted': 0.9971010629335582, 'f1_binary': 0.0, 'pr_auc': 0.6041292317246216, 'precision_macro': 0.4990333758891118, 'precision_micro': 0.9980667517782236, 'precision_weighted': 0.9961372410051341, 'precision_binary': 0.0, 'recall_macro': 0.5, 'recall_micro': 0.9980667517782236, 'recall_weighted': 0.9980667517782236, 'recall_binary': 0.0, 'roc_auc': 0.9254954192082947}
-----------------------
Epoch 3/100
Training statistic: Loss: 0.0046, train_score: {'accuracy': 0.9982659660468877, 'balanced_accuracy': 0.5, 'f1_macro': 0.499566115326344, 'f1_micro': 0.9982659660468877, 'f1_weighted': 0.9973997014410874, 'f1_binary': 0.0, 'pr_auc': 0.7259292888615986, 'precision_macro': 0.49913298302344383, 'precision_micro': 0.9982659660468877, 'precision_weighted': 0.9965349389675259, 'precision_binary': 0.0, 'recall_macro': 0.5, 'recall_micro': 0.9982659660468877, 'recall_weighted': 0.9982659660468877, 'recall_binary': 0.0, 'roc_auc': 0.9745297285312106}
Validation statistic: Loss: 0.0066, dev_score: {'accuracy': 0.9980667517782236, 'balanced_accuracy': 0.5, 'f1_macro': 0.4995162203114446, 'f1_micro': 0.9980667517782236, 'f1_weighted': 0.9971010629335582, 'f1_binary': 0.0, 'pr_auc': 0.6063730646719351, 'precision_macro': 0.4990333758891118, 'precision_micro': 0.9980667517782236, 'precision_weighted': 0.9961372410051341, 'precision_binary': 0.0, 'recall_macro': 0.5, 'recall_micro': 0.9980667517782236, 'recall_weighted': 0.9980667517782236, 'recall_binary': 0.0, 'roc_auc': 0.9456983449019644}
-----------------------
Epoch 4/100
Training statistic: Loss: 0.0048, train_score: {'accuracy': 0.9982659660468877, 'balanced_accuracy': 0.5, 'f1_macro': 0.499566115326344, 'f1_micro': 0.9982659660468877, 'f1_weighted': 0.9973997014410874, 'f1_binary': 0.0, 'pr_auc': 0.7253684498978179, 'precision_macro': 0.49913298302344383, 'precision_micro': 0.9982659660468877, 'precision_weighted': 0.9965349389675259, 'precision_binary': 0.0, 'recall_macro': 0.5, 'recall_micro': 0.9982659660468877, 'recall_weighted': 0.9982659660468877, 'recall_binary': 0.0, 'roc_auc': 0.9730517183963135}
Validation statistic: Loss: 0.0068, dev_score: {'accuracy': 0.9980667517782236, 'balanced_accuracy': 0.5, 'f1_macro': 0.4995162203114446, 'f1_micro': 0.9980667517782236, 'f1_weighted': 0.9971010629335582, 'f1_binary': 0.0, 'pr_auc': 0.6066290778663408, 'precision_macro': 0.4990333758891118, 'precision_micro': 0.9980667517782236, 'precision_weighted': 0.9961372410051341, 'precision_binary': 0.0, 'recall_macro': 0.5, 'recall_micro': 0.9980667517782236, 'recall_weighted': 0.9980667517782236, 'recall_binary': 0.0, 'roc_auc': 0.9299893255072109}
-----------------------
Epoch 5/100
Training statistic: Loss: 0.0046, train_score: {'accuracy': 0.9982659660468877, 'balanced_accuracy': 0.5, 'f1_macro': 0.499566115326344, 'f1_micro': 0.9982659660468877, 'f1_weighted': 0.9973997014410874, 'f1_binary': 0.0, 'pr_auc': 0.7314060717900338, 'precision_macro': 0.49913298302344383, 'precision_micro': 0.9982659660468877, 'precision_weighted': 0.9965349389675259, 'precision_binary': 0.0, 'recall_macro': 0.5, 'recall_micro': 0.9982659660468877, 'recall_weighted': 0.9982659660468877, 'recall_binary': 0.0, 'roc_auc': 0.984403244158438}
Validation statistic: Loss: 0.0066, dev_score: {'accuracy': 0.9980667517782236, 'balanced_accuracy': 0.5, 'f1_macro': 0.4995162203114446, 'f1_micro': 0.9980667517782236, 'f1_weighted': 0.9971010629335582, 'f1_binary': 0.0, 'pr_auc': 0.6065936346927701, 'precision_macro': 0.4990333758891118, 'precision_micro': 0.9980667517782236, 'precision_weighted': 0.9961372410051341, 'precision_binary': 0.0, 'recall_macro': 0.5, 'recall_micro': 0.9980667517782236, 'recall_weighted': 0.9980667517782236, 'recall_binary': 0.0, 'roc_auc': 0.9491406619564664}
-----------------------
Epoch 6/100
Training statistic: Loss: 0.0044, train_score: {'accuracy': 0.9982659660468877, 'balanced_accuracy': 0.5, 'f1_macro': 0.499566115326344, 'f1_micro': 0.9982659660468877, 'f1_weighted': 0.9973997014410874, 'f1_binary': 0.0, 'pr_auc': 0.7323595891112246, 'precision_macro': 0.49913298302344383, 'precision_micro': 0.9982659660468877, 'precision_weighted': 0.9965349389675259, 'precision_binary': 0.0, 'recall_macro': 0.5, 'recall_micro': 0.9982659660468877, 'recall_weighted': 0.9982659660468877, 'recall_binary': 0.0, 'roc_auc': 0.9881231914972719}
Validation statistic: Loss: 0.0064, dev_score: {'accuracy': 0.9980667517782236, 'balanced_accuracy': 0.5, 'f1_macro': 0.4995162203114446, 'f1_micro': 0.9980667517782236, 'f1_weighted': 0.9971010629335582, 'f1_binary': 0.0, 'pr_auc': 0.6093802487775668, 'precision_macro': 0.4990333758891118, 'precision_micro': 0.9980667517782236, 'precision_weighted': 0.9961372410051341, 'precision_binary': 0.0, 'recall_macro': 0.5, 'recall_micro': 0.9980667517782236, 'recall_weighted': 0.9980667517782236, 'recall_binary': 0.0, 'roc_auc': 0.9631781716276395}
Saving model...
Model saved!
-------------------------------------------
-----------------------
Epoch 7/100
Training statistic: Loss: 0.0043, train_score: {'accuracy': 0.9982659660468877, 'balanced_accuracy': 0.5, 'f1_macro': 0.499566115326344, 'f1_micro': 0.9982659660468877, 'f1_weighted': 0.9973997014410874, 'f1_binary': 0.0, 'pr_auc': 0.7377362066188988, 'precision_macro': 0.49913298302344383, 'precision_micro': 0.9982659660468877, 'precision_weighted': 0.9965349389675259, 'precision_binary': 0.0, 'recall_macro': 0.5, 'recall_micro': 0.9982659660468877, 'recall_weighted': 0.9982659660468877, 'recall_binary': 0.0, 'roc_auc': 0.9886105650466648}
Validation statistic: Loss: 0.0063, dev_score: {'accuracy': 0.9980667517782236, 'balanced_accuracy': 0.5, 'f1_macro': 0.4995162203114446, 'f1_micro': 0.9980667517782236, 'f1_weighted': 0.9971010629335582, 'f1_binary': 0.0, 'pr_auc': 0.6117873468279986, 'precision_macro': 0.4990333758891118, 'precision_micro': 0.9980667517782236, 'precision_weighted': 0.9961372410051341, 'precision_binary': 0.0, 'recall_macro': 0.5, 'recall_micro': 0.9980667517782236, 'recall_weighted': 0.9980667517782236, 'recall_binary': 0.0, 'roc_auc': 0.9659709168341164}
Saving model...
Model saved!
-------------------------------------------
-----------------------
Epoch 8/100
Training statistic: Loss: 0.0041, train_score: {'accuracy': 0.9982659660468877, 'balanced_accuracy': 0.5, 'f1_macro': 0.499566115326344, 'f1_micro': 0.9982659660468877, 'f1_weighted': 0.9973997014410874, 'f1_binary': 0.0, 'pr_auc': 0.7401996131246444, 'precision_macro': 0.49913298302344383, 'precision_micro': 0.9982659660468877, 'precision_weighted': 0.9965349389675259, 'precision_binary': 0.0, 'recall_macro': 0.5, 'recall_micro': 0.9982659660468877, 'recall_weighted': 0.9982659660468877, 'recall_binary': 0.0, 'roc_auc': 0.9893698814746225}
Validation statistic: Loss: 0.0062, dev_score: {'accuracy': 0.9980667517782236, 'balanced_accuracy': 0.5, 'f1_macro': 0.4995162203114446, 'f1_micro': 0.9980667517782236, 'f1_weighted': 0.9971010629335582, 'f1_binary': 0.0, 'pr_auc': 0.6095523435142468, 'precision_macro': 0.4990333758891118, 'precision_micro': 0.9980667517782236, 'precision_weighted': 0.9961372410051341, 'precision_binary': 0.0, 'recall_macro': 0.5, 'recall_micro': 0.9980667517782236, 'recall_weighted': 0.9980667517782236, 'recall_binary': 0.0, 'roc_auc': 0.965966089867093}
Saving model...
Model saved!
-------------------------------------------
-----------------------
Epoch 9/100
Training statistic: Loss: 0.0042, train_score: {'accuracy': 0.9982659660468877, 'balanced_accuracy': 0.5, 'f1_macro': 0.499566115326344, 'f1_micro': 0.9982659660468877, 'f1_weighted': 0.9973997014410874, 'f1_binary': 0.0, 'pr_auc': 0.7574597314523128, 'precision_macro': 0.49913298302344383, 'precision_micro': 0.9982659660468877, 'precision_weighted': 0.9965349389675259, 'precision_binary': 0.0, 'recall_macro': 0.5, 'recall_micro': 0.9982659660468877, 'recall_weighted': 0.9982659660468877, 'recall_binary': 0.0, 'roc_auc': 0.9916137299473804}
Validation statistic: Loss: 0.0065, dev_score: {'accuracy': 0.9980667517782236, 'balanced_accuracy': 0.5, 'f1_macro': 0.4995162203114446, 'f1_micro': 0.9980667517782236, 'f1_weighted': 0.9971010629335582, 'f1_binary': 0.0, 'pr_auc': 0.6312532209708486, 'precision_macro': 0.4990333758891118, 'precision_micro': 0.9980667517782236, 'precision_weighted': 0.9961372410051341, 'precision_binary': 0.0, 'recall_macro': 0.5, 'recall_micro': 0.9980667517782236, 'recall_weighted': 0.9980667517782236, 'recall_binary': 0.0, 'roc_auc': 0.9622593239763727}
-----------------------
Epoch 10/100
Training statistic: Loss: 0.0041, train_score: {'accuracy': 0.9982659660468877, 'balanced_accuracy': 0.5, 'f1_macro': 0.499566115326344, 'f1_micro': 0.9982659660468877, 'f1_weighted': 0.9973997014410874, 'f1_binary': 0.0, 'pr_auc': 0.7442783037179308, 'precision_macro': 0.49913298302344383, 'precision_micro': 0.9982659660468877, 'precision_weighted': 0.9965349389675259, 'precision_binary': 0.0, 'recall_macro': 0.5, 'recall_micro': 0.9982659660468877, 'recall_weighted': 0.9982659660468877, 'recall_binary': 0.0, 'roc_auc': 0.9909460883542861}
Validation statistic: Loss: 0.0064, dev_score: {'accuracy': 0.9980667517782236, 'balanced_accuracy': 0.5, 'f1_macro': 0.4995162203114446, 'f1_micro': 0.9980667517782236, 'f1_weighted': 0.9971010629335582, 'f1_binary': 0.0, 'pr_auc': 0.6129682137051997, 'precision_macro': 0.4990333758891118, 'precision_micro': 0.9980667517782236, 'precision_weighted': 0.9961372410051341, 'precision_binary': 0.0, 'recall_macro': 0.5, 'recall_micro': 0.9980667517782236, 'recall_weighted': 0.9980667517782236, 'recall_binary': 0.0, 'roc_auc': 0.9582743179150813}
-----------------------
Epoch 11/100
Training statistic: Loss: 0.0040, train_score: {'accuracy': 0.9982659660468877, 'balanced_accuracy': 0.5, 'f1_macro': 0.499566115326344, 'f1_micro': 0.9982659660468877, 'f1_weighted': 0.9973997014410874, 'f1_binary': 0.0, 'pr_auc': 0.7461421638919457, 'precision_macro': 0.49913298302344383, 'precision_micro': 0.9982659660468877, 'precision_weighted': 0.9965349389675259, 'precision_binary': 0.0, 'recall_macro': 0.5, 'recall_micro': 0.9982659660468877, 'recall_weighted': 0.9982659660468877, 'recall_binary': 0.0, 'roc_auc': 0.9912045249331813}
Validation statistic: Loss: 0.0065, dev_score: {'accuracy': 0.9980667517782236, 'balanced_accuracy': 0.5, 'f1_macro': 0.4995162203114446, 'f1_micro': 0.9980667517782236, 'f1_weighted': 0.9971010629335582, 'f1_binary': 0.0, 'pr_auc': 0.6114216147282547, 'precision_macro': 0.4990333758891118, 'precision_micro': 0.9980667517782236, 'precision_weighted': 0.9961372410051341, 'precision_binary': 0.0, 'recall_macro': 0.5, 'recall_micro': 0.9980667517782236, 'recall_weighted': 0.9980667517782236, 'recall_binary': 0.0, 'roc_auc': 0.9527422689227452}
-----------------------
Epoch 12/100
Training statistic: Loss: 0.0039, train_score: {'accuracy': 0.9982659660468877, 'balanced_accuracy': 0.5, 'f1_macro': 0.499566115326344, 'f1_micro': 0.9982659660468877, 'f1_weighted': 0.9973997014410874, 'f1_binary': 0.0, 'pr_auc': 0.744212375564925, 'precision_macro': 0.49913298302344383, 'precision_micro': 0.9982659660468877, 'precision_weighted': 0.9965349389675259, 'precision_binary': 0.0, 'recall_macro': 0.5, 'recall_micro': 0.9982659660468877, 'recall_weighted': 0.9982659660468877, 'recall_binary': 0.0, 'roc_auc': 0.9910345116725623}
Validation statistic: Loss: 0.0067, dev_score: {'accuracy': 0.9980667517782236, 'balanced_accuracy': 0.5, 'f1_macro': 0.4995162203114446, 'f1_micro': 0.9980667517782236, 'f1_weighted': 0.9971010629335582, 'f1_binary': 0.0, 'pr_auc': 0.6083244098340146, 'precision_macro': 0.4990333758891118, 'precision_micro': 0.9980667517782236, 'precision_weighted': 0.9961372410051341, 'precision_binary': 0.0, 'recall_macro': 0.5, 'recall_micro': 0.9980667517782236, 'recall_weighted': 0.9980667517782236, 'recall_binary': 0.0, 'roc_auc': 0.9503805029147985}
-----------------------
Epoch 13/100
Training statistic: Loss: 0.0040, train_score: {'accuracy': 0.9993977364591754, 'balanced_accuracy': 0.9054567376090956, 'f1_macro': 0.9116834960710494, 'f1_micro': 0.9993977364591754, 'f1_weighted': 0.9993931115879497, 'f1_binary': 0.8236686390532545, 'pr_auc': 0.7453407574017534, 'precision_macro': 0.9181052525358229, 'precision_micro': 0.9993977364591754, 'precision_weighted': 0.9993891643631126, 'precision_binary': 0.8365384615384616, 'recall_macro': 0.9054567376090956, 'recall_micro': 0.9993977364591754, 'recall_weighted': 0.9993977364591754, 'recall_binary': 0.8111888111888111, 'roc_auc': 0.9905463311430005}
Validation statistic: Loss: 0.0067, dev_score: {'accuracy': 0.9990880904614262, 'balanced_accuracy': 0.8677235196036922, 'f1_macro': 0.8784123702451764, 'f1_micro': 0.9990880904614262, 'f1_weighted': 0.9990748352197505, 'f1_binary': 0.7572815533980582, 'pr_auc': 0.6073702395628463, 'precision_macro': 0.8897441987940801, 'precision_micro': 0.9990880904614262, 'precision_weighted': 0.9990640720338223, 'precision_binary': 0.78, 'recall_macro': 0.8677235196036922, 'recall_micro': 0.9990880904614262, 'recall_weighted': 0.9990880904614262, 'recall_binary': 0.7358490566037735, 'roc_auc': 0.9532973701304522}
-----------------------
Epoch 14/100
Training statistic: Loss: 0.0038, train_score: {'accuracy': 0.9993977364591754, 'balanced_accuracy': 0.9054567376090956, 'f1_macro': 0.9116834960710494, 'f1_micro': 0.9993977364591754, 'f1_weighted': 0.9993931115879497, 'f1_binary': 0.8236686390532545, 'pr_auc': 0.7510395387053885, 'precision_macro': 0.9181052525358229, 'precision_micro': 0.9993977364591754, 'precision_weighted': 0.9993891643631126, 'precision_binary': 0.8365384615384616, 'recall_macro': 0.9054567376090956, 'recall_micro': 0.9993977364591754, 'recall_weighted': 0.9993977364591754, 'recall_binary': 0.8111888111888111, 'roc_auc': 0.9908024836376748}
Validation statistic: Loss: 0.0066, dev_score: {'accuracy': 0.9990880904614262, 'balanced_accuracy': 0.8677235196036922, 'f1_macro': 0.8784123702451764, 'f1_micro': 0.9990880904614262, 'f1_weighted': 0.9990748352197505, 'f1_binary': 0.7572815533980582, 'pr_auc': 0.6160948872606742, 'precision_macro': 0.8897441987940801, 'precision_micro': 0.9990880904614262, 'precision_weighted': 0.9990640720338223, 'precision_binary': 0.78, 'recall_macro': 0.8677235196036922, 'recall_micro': 0.9990880904614262, 'recall_weighted': 0.9990880904614262, 'recall_binary': 0.7358490566037735, 'roc_auc': 0.9567162419165542}
-----------------------
Epoch 15/100
Training statistic: Loss: 0.0042, train_score: {'accuracy': 0.9993936944219887, 'balanced_accuracy': 0.8984738532620673, 'f1_macro': 0.9099201101336978, 'f1_micro': 0.9993936944219887, 'f1_weighted': 0.9993849853298068, 'f1_binary': 0.8201438848920863, 'pr_auc': 0.7676565088900045, 'precision_macro': 0.9220461052967783, 'precision_micro': 0.9993936944219887, 'precision_weighted': 0.9993786383196406, 'precision_binary': 0.8444444444444444, 'recall_macro': 0.8984738532620673, 'recall_micro': 0.9993936944219887, 'recall_weighted': 0.9993936944219887, 'recall_binary': 0.7972027972027972, 'roc_auc': 0.990171288289286}
Validation statistic: Loss: 0.0068, dev_score: {'accuracy': 0.9990880904614262, 'balanced_accuracy': 0.8677235196036922, 'f1_macro': 0.8784123702451764, 'f1_micro': 0.9990880904614262, 'f1_weighted': 0.9990748352197505, 'f1_binary': 0.7572815533980582, 'pr_auc': 0.6444378212086277, 'precision_macro': 0.8897441987940801, 'precision_micro': 0.9990880904614262, 'precision_weighted': 0.9990640720338223, 'precision_binary': 0.78, 'recall_macro': 0.8677235196036922, 'recall_micro': 0.9990880904614262, 'recall_weighted': 0.9990880904614262, 'recall_binary': 0.7358490566037735, 'roc_auc': 0.9565966020910421}
-----------------------
Epoch 16/100
Training statistic: Loss: 0.0040, train_score: {'accuracy': 0.9993977364591754, 'balanced_accuracy': 0.9054567376090956, 'f1_macro': 0.9116834960710494, 'f1_micro': 0.9993977364591754, 'f1_weighted': 0.9993931115879497, 'f1_binary': 0.8236686390532545, 'pr_auc': 0.7472794804741613, 'precision_macro': 0.9181052525358229, 'precision_micro': 0.9993977364591754, 'precision_weighted': 0.9993891643631126, 'precision_binary': 0.8365384615384616, 'recall_macro': 0.9054567376090956, 'recall_micro': 0.9993977364591754, 'recall_weighted': 0.9993977364591754, 'recall_binary': 0.8111888111888111, 'roc_auc': 0.9912107495346013}
Validation statistic: Loss: 0.0066, dev_score: {'accuracy': 0.9990880904614262, 'balanced_accuracy': 0.8677235196036922, 'f1_macro': 0.8784123702451764, 'f1_micro': 0.9990880904614262, 'f1_weighted': 0.9990748352197505, 'f1_binary': 0.7572815533980582, 'pr_auc': 0.6093452769241228, 'precision_macro': 0.8897441987940801, 'precision_micro': 0.9990880904614262, 'precision_weighted': 0.9990640720338223, 'precision_binary': 0.78, 'recall_macro': 0.8677235196036922, 'recall_micro': 0.9990880904614262, 'recall_weighted': 0.9990880904614262, 'recall_binary': 0.7358490566037735, 'roc_auc': 0.960957766796811}
-----------------------
Epoch 17/100
Training statistic: Loss: 0.0037, train_score: {'accuracy': 0.9993977364591754, 'balanced_accuracy': 0.9054567376090956, 'f1_macro': 0.9116834960710494, 'f1_micro': 0.9993977364591754, 'f1_weighted': 0.9993931115879497, 'f1_binary': 0.8236686390532545, 'pr_auc': 0.7456153503838948, 'precision_macro': 0.9181052525358229, 'precision_micro': 0.9993977364591754, 'precision_weighted': 0.9993891643631126, 'precision_binary': 0.8365384615384616, 'recall_macro': 0.9054567376090956, 'recall_micro': 0.9993977364591754, 'recall_weighted': 0.9993977364591754, 'recall_binary': 0.8111888111888111, 'roc_auc': 0.9906806013170728}
Validation statistic: Loss: 0.0064, dev_score: {'accuracy': 0.9990880904614262, 'balanced_accuracy': 0.8677235196036922, 'f1_macro': 0.8784123702451764, 'f1_micro': 0.9990880904614262, 'f1_weighted': 0.9990748352197505, 'f1_binary': 0.7572815533980582, 'pr_auc': 0.6117541499517788, 'precision_macro': 0.8897441987940801, 'precision_micro': 0.9990880904614262, 'precision_weighted': 0.9990640720338223, 'precision_binary': 0.78, 'recall_macro': 0.8677235196036922, 'recall_micro': 0.9990880904614262, 'recall_weighted': 0.9990880904614262, 'recall_binary': 0.7358490566037735, 'roc_auc': 0.961122573242329}
-----------------------
Epoch 18/100
Training statistic: Loss: 0.0040, train_score: {'accuracy': 0.9993977364591754, 'balanced_accuracy': 0.9054567376090956, 'f1_macro': 0.9116834960710494, 'f1_micro': 0.9993977364591754, 'f1_weighted': 0.9993931115879497, 'f1_binary': 0.8236686390532545, 'pr_auc': 0.7509943990766219, 'precision_macro': 0.9181052525358229, 'precision_micro': 0.9993977364591754, 'precision_weighted': 0.9993891643631126, 'precision_binary': 0.8365384615384616, 'recall_macro': 0.9054567376090956, 'recall_micro': 0.9993977364591754, 'recall_weighted': 0.9993977364591754, 'recall_binary': 0.8111888111888111, 'roc_auc': 0.9920155683180492}
Validation statistic: Loss: 0.0067, dev_score: {'accuracy': 0.9990880904614262, 'balanced_accuracy': 0.8677235196036922, 'f1_macro': 0.8784123702451764, 'f1_micro': 0.9990880904614262, 'f1_weighted': 0.9990748352197505, 'f1_binary': 0.7572815533980582, 'pr_auc': 0.6134356754740005, 'precision_macro': 0.8897441987940801, 'precision_micro': 0.9990880904614262, 'precision_weighted': 0.9990640720338223, 'precision_binary': 0.78, 'recall_macro': 0.8677235196036922, 'recall_micro': 0.9990880904614262, 'recall_weighted': 0.9990880904614262, 'recall_binary': 0.7358490566037735, 'roc_auc': 0.9596924118699257}
-----------------------
Epoch 19/100
Training statistic: Loss: 0.0040, train_score: {'accuracy': 0.9993977364591754, 'balanced_accuracy': 0.9054567376090956, 'f1_macro': 0.9116834960710494, 'f1_micro': 0.9993977364591754, 'f1_weighted': 0.9993931115879497, 'f1_binary': 0.8236686390532545, 'pr_auc': 0.745886618254756, 'precision_macro': 0.9181052525358229, 'precision_micro': 0.9993977364591754, 'precision_weighted': 0.9993891643631126, 'precision_binary': 0.8365384615384616, 'recall_macro': 0.9054567376090956, 'recall_micro': 0.9993977364591754, 'recall_weighted': 0.9993977364591754, 'recall_binary': 0.8111888111888111, 'roc_auc': 0.9911865401295334}
Validation statistic: Loss: 0.0066, dev_score: {'accuracy': 0.9990880904614262, 'balanced_accuracy': 0.8677235196036922, 'f1_macro': 0.8784123702451764, 'f1_micro': 0.9990880904614262, 'f1_weighted': 0.9990748352197505, 'f1_binary': 0.7572815533980582, 'pr_auc': 0.6126900063494325, 'precision_macro': 0.8897441987940801, 'precision_micro': 0.9990880904614262, 'precision_weighted': 0.9990640720338223, 'precision_binary': 0.78, 'recall_macro': 0.8677235196036922, 'recall_micro': 0.9990880904614262, 'recall_weighted': 0.9990880904614262, 'recall_binary': 0.7358490566037735, 'roc_auc': 0.9660929701431403}
-----------------------
Epoch 20/100
Training statistic: Loss: 0.0040, train_score: {'accuracy': 0.9993977364591754, 'balanced_accuracy': 0.9054567376090956, 'f1_macro': 0.9116834960710494, 'f1_micro': 0.9993977364591754, 'f1_weighted': 0.9993931115879497, 'f1_binary': 0.8236686390532545, 'pr_auc': 0.7495974518062766, 'precision_macro': 0.9181052525358229, 'precision_micro': 0.9993977364591754, 'precision_weighted': 0.9993891643631126, 'precision_binary': 0.8365384615384616, 'recall_macro': 0.9054567376090956, 'recall_micro': 0.9993977364591754, 'recall_weighted': 0.9993977364591754, 'recall_binary': 0.8111888111888111, 'roc_auc': 0.9910069658056263}
Validation statistic: Loss: 0.0070, dev_score: {'accuracy': 0.9990880904614262, 'balanced_accuracy': 0.8677235196036922, 'f1_macro': 0.8784123702451764, 'f1_micro': 0.9990880904614262, 'f1_weighted': 0.9990748352197505, 'f1_binary': 0.7572815533980582, 'pr_auc': 0.613271260228728, 'precision_macro': 0.8897441987940801, 'precision_micro': 0.9990880904614262, 'precision_weighted': 0.9990640720338223, 'precision_binary': 0.78, 'recall_macro': 0.8677235196036922, 'recall_micro': 0.9990880904614262, 'recall_weighted': 0.9990880904614262, 'recall_binary': 0.7358490566037735, 'roc_auc': 0.9603957699219273}
-----------------------
Epoch 21/100
Training statistic: Loss: 0.0040, train_score: {'accuracy': 0.9993977364591754, 'balanced_accuracy': 0.9054567376090956, 'f1_macro': 0.9116834960710494, 'f1_micro': 0.9993977364591754, 'f1_weighted': 0.9993931115879497, 'f1_binary': 0.8236686390532545, 'pr_auc': 0.7492660675863838, 'precision_macro': 0.9181052525358229, 'precision_micro': 0.9993977364591754, 'precision_weighted': 0.9993891643631126, 'precision_binary': 0.8365384615384616, 'recall_macro': 0.9054567376090956, 'recall_micro': 0.9993977364591754, 'recall_weighted': 0.9993977364591754, 'recall_binary': 0.8111888111888111, 'roc_auc': 0.9900194391612411}
Validation statistic: Loss: 0.0070, dev_score: {'accuracy': 0.9990880904614262, 'balanced_accuracy': 0.8677235196036922, 'f1_macro': 0.8784123702451764, 'f1_micro': 0.9990880904614262, 'f1_weighted': 0.9990748352197505, 'f1_binary': 0.7572815533980582, 'pr_auc': 0.6100532045346041, 'precision_macro': 0.8897441987940801, 'precision_micro': 0.9990880904614262, 'precision_weighted': 0.9990640720338223, 'precision_binary': 0.78, 'recall_macro': 0.8677235196036922, 'recall_micro': 0.9990880904614262, 'recall_weighted': 0.9990880904614262, 'recall_binary': 0.7358490566037735, 'roc_auc': 0.9566328043437187}
-----------------------
Epoch 22/100
Training statistic: Loss: 0.0037, train_score: {'accuracy': 0.9993977364591754, 'balanced_accuracy': 0.9054567376090956, 'f1_macro': 0.9116834960710494, 'f1_micro': 0.9993977364591754, 'f1_weighted': 0.9993931115879497, 'f1_binary': 0.8236686390532545, 'pr_auc': 0.7505818698401677, 'precision_macro': 0.9181052525358229, 'precision_micro': 0.9993977364591754, 'precision_weighted': 0.9993891643631126, 'precision_binary': 0.8365384615384616, 'recall_macro': 0.9054567376090956, 'recall_micro': 0.9993977364591754, 'recall_weighted': 0.9993977364591754, 'recall_binary': 0.8111888111888111, 'roc_auc': 0.9915028763557538}
Validation statistic: Loss: 0.0067, dev_score: {'accuracy': 0.9990880904614262, 'balanced_accuracy': 0.8677235196036922, 'f1_macro': 0.8784123702451764, 'f1_micro': 0.9990880904614262, 'f1_weighted': 0.9990748352197505, 'f1_binary': 0.7572815533980582, 'pr_auc': 0.6090191739506635, 'precision_macro': 0.8897441987940801, 'precision_micro': 0.9990880904614262, 'precision_weighted': 0.9990640720338223, 'precision_binary': 0.78, 'recall_macro': 0.8677235196036922, 'recall_micro': 0.9990880904614262, 'recall_weighted': 0.9990880904614262, 'recall_binary': 0.7358490566037735, 'roc_auc': 0.9603426732846684}
-----------------------
Epoch 23/100
Training statistic: Loss: 0.0036, train_score: {'accuracy': 0.9993977364591754, 'balanced_accuracy': 0.9054567376090956, 'f1_macro': 0.9116834960710494, 'f1_micro': 0.9993977364591754, 'f1_weighted': 0.9993931115879497, 'f1_binary': 0.8236686390532545, 'pr_auc': 0.7527414443707109, 'precision_macro': 0.9181052525358229, 'precision_micro': 0.9993977364591754, 'precision_weighted': 0.9993891643631126, 'precision_binary': 0.8365384615384616, 'recall_macro': 0.9054567376090956, 'recall_micro': 0.9993977364591754, 'recall_weighted': 0.9993977364591754, 'recall_binary': 0.8111888111888111, 'roc_auc': 0.9909752623391066}
Validation statistic: Loss: 0.0070, dev_score: {'accuracy': 0.9990880904614262, 'balanced_accuracy': 0.8677235196036922, 'f1_macro': 0.8784123702451764, 'f1_micro': 0.9990880904614262, 'f1_weighted': 0.9990748352197505, 'f1_binary': 0.7572815533980582, 'pr_auc': 0.6078264531309209, 'precision_macro': 0.8897441987940801, 'precision_micro': 0.9990880904614262, 'precision_weighted': 0.9990640720338223, 'precision_binary': 0.78, 'recall_macro': 0.8677235196036922, 'recall_micro': 0.9990880904614262, 'recall_weighted': 0.9990880904614262, 'recall_binary': 0.7358490566037735, 'roc_auc': 0.9552929762113274}
-----------------------
Epoch 24/100
Training statistic: Loss: 0.0037, train_score: {'accuracy': 0.9993977364591754, 'balanced_accuracy': 0.9054567376090956, 'f1_macro': 0.9116834960710494, 'f1_micro': 0.9993977364591754, 'f1_weighted': 0.9993931115879497, 'f1_binary': 0.8236686390532545, 'pr_auc': 0.7485627325015423, 'precision_macro': 0.9181052525358229, 'precision_micro': 0.9993977364591754, 'precision_weighted': 0.9993891643631126, 'precision_binary': 0.8365384615384616, 'recall_macro': 0.9054567376090956, 'recall_micro': 0.9993977364591754, 'recall_weighted': 0.9993977364591754, 'recall_binary': 0.8111888111888111, 'roc_auc': 0.9912241472930785}
Validation statistic: Loss: 0.0073, dev_score: {'accuracy': 0.9990880904614262, 'balanced_accuracy': 0.8677235196036922, 'f1_macro': 0.8784123702451764, 'f1_micro': 0.9990880904614262, 'f1_weighted': 0.9990748352197505, 'f1_binary': 0.7572815533980582, 'pr_auc': 0.6086656097124052, 'precision_macro': 0.8897441987940801, 'precision_micro': 0.9990880904614262, 'precision_weighted': 0.9990640720338223, 'precision_binary': 0.78, 'recall_macro': 0.8677235196036922, 'recall_micro': 0.9990880904614262, 'recall_weighted': 0.9990880904614262, 'recall_binary': 0.7358490566037735, 'roc_auc': 0.9535538889494174}
-----------------------
Epoch 25/100
Training statistic: Loss: 0.0037, train_score: {'accuracy': 0.9993977364591754, 'balanced_accuracy': 0.9054567376090956, 'f1_macro': 0.9116834960710494, 'f1_micro': 0.9993977364591754, 'f1_weighted': 0.9993931115879497, 'f1_binary': 0.8236686390532545, 'pr_auc': 0.7514811617642472, 'precision_macro': 0.9181052525358229, 'precision_micro': 0.9993977364591754, 'precision_weighted': 0.9993891643631126, 'precision_binary': 0.8365384615384616, 'recall_macro': 0.9054567376090956, 'recall_micro': 0.9993977364591754, 'recall_weighted': 0.9993977364591754, 'recall_binary': 0.8111888111888111, 'roc_auc': 0.9912563179586433}
Validation statistic: Loss: 0.0070, dev_score: {'accuracy': 0.9990880904614262, 'balanced_accuracy': 0.8677235196036922, 'f1_macro': 0.8784123702451764, 'f1_micro': 0.9990880904614262, 'f1_weighted': 0.9990748352197505, 'f1_binary': 0.7572815533980582, 'pr_auc': 0.6123221298693419, 'precision_macro': 0.8897441987940801, 'precision_micro': 0.9990880904614262, 'precision_weighted': 0.9990640720338223, 'precision_binary': 0.78, 'recall_macro': 0.8677235196036922, 'recall_micro': 0.9990880904614262, 'recall_weighted': 0.9990880904614262, 'recall_binary': 0.7358490566037735, 'roc_auc': 0.9547385645703379}
-----------------------
Epoch 26/100
Training statistic: Loss: 0.0038, train_score: {'accuracy': 0.9993977364591754, 'balanced_accuracy': 0.9054567376090956, 'f1_macro': 0.9116834960710494, 'f1_micro': 0.9993977364591754, 'f1_weighted': 0.9993931115879497, 'f1_binary': 0.8236686390532545, 'pr_auc': 0.7516628898870812, 'precision_macro': 0.9181052525358229, 'precision_micro': 0.9993977364591754, 'precision_weighted': 0.9993891643631126, 'precision_binary': 0.8365384615384616, 'recall_macro': 0.9054567376090956, 'recall_micro': 0.9993977364591754, 'recall_weighted': 0.9993977364591754, 'recall_binary': 0.8111888111888111, 'roc_auc': 0.9910079851489977}
Validation statistic: Loss: 0.0071, dev_score: {'accuracy': 0.9990880904614262, 'balanced_accuracy': 0.8677235196036922, 'f1_macro': 0.8784123702451764, 'f1_micro': 0.9990880904614262, 'f1_weighted': 0.9990748352197505, 'f1_binary': 0.7572815533980582, 'pr_auc': 0.6144836252368051, 'precision_macro': 0.8897441987940801, 'precision_micro': 0.9990880904614262, 'precision_weighted': 0.9990640720338223, 'precision_binary': 0.78, 'recall_macro': 0.8677235196036922, 'recall_micro': 0.9990880904614262, 'recall_weighted': 0.9990880904614262, 'recall_binary': 0.7358490566037735, 'roc_auc': 0.9567486515522836}
-----------------------
Epoch 27/100
Training statistic: Loss: 0.0037, train_score: {'accuracy': 0.9993977364591754, 'balanced_accuracy': 0.9054567376090956, 'f1_macro': 0.9116834960710494, 'f1_micro': 0.9993977364591754, 'f1_weighted': 0.9993931115879497, 'f1_binary': 0.8236686390532545, 'pr_auc': 0.7533615701506705, 'precision_macro': 0.9181052525358229, 'precision_micro': 0.9993977364591754, 'precision_weighted': 0.9993891643631126, 'precision_binary': 0.8365384615384616, 'recall_macro': 0.9054567376090956, 'recall_micro': 0.9993977364591754, 'recall_weighted': 0.9993977364591754, 'recall_binary': 0.8111888111888111, 'roc_auc': 0.9920389282703077}
Validation statistic: Loss: 0.0071, dev_score: {'accuracy': 0.9990880904614262, 'balanced_accuracy': 0.8677235196036922, 'f1_macro': 0.8784123702451764, 'f1_micro': 0.9990880904614262, 'f1_weighted': 0.9990748352197505, 'f1_binary': 0.7572815533980582, 'pr_auc': 0.6135932220509833, 'precision_macro': 0.8897441987940801, 'precision_micro': 0.9990880904614262, 'precision_weighted': 0.9990640720338223, 'precision_binary': 0.78, 'recall_macro': 0.8677235196036922, 'recall_micro': 0.9990880904614262, 'recall_weighted': 0.9990880904614262, 'recall_binary': 0.7358490566037735, 'roc_auc': 0.9547537350381261}
-----------------------
Epoch 28/100
Training statistic: Loss: 0.0037, train_score: {'accuracy': 0.9993977364591754, 'balanced_accuracy': 0.9054567376090956, 'f1_macro': 0.9116834960710494, 'f1_micro': 0.9993977364591754, 'f1_weighted': 0.9993931115879497, 'f1_binary': 0.8236686390532545, 'pr_auc': 0.7523244413202461, 'precision_macro': 0.9181052525358229, 'precision_micro': 0.9993977364591754, 'precision_weighted': 0.9993891643631126, 'precision_binary': 0.8365384615384616, 'recall_macro': 0.9054567376090956, 'recall_micro': 0.9993977364591754, 'recall_weighted': 0.9993977364591754, 'recall_binary': 0.8111888111888111, 'roc_auc': 0.9918058289810439}
Validation statistic: Loss: 0.0073, dev_score: {'accuracy': 0.9990880904614262, 'balanced_accuracy': 0.8677235196036922, 'f1_macro': 0.8784123702451764, 'f1_micro': 0.9990880904614262, 'f1_weighted': 0.9990748352197505, 'f1_binary': 0.7572815533980582, 'pr_auc': 0.6135319599218791, 'precision_macro': 0.8897441987940801, 'precision_micro': 0.9990880904614262, 'precision_weighted': 0.9990640720338223, 'precision_binary': 0.78, 'recall_macro': 0.8677235196036922, 'recall_micro': 0.9990880904614262, 'recall_weighted': 0.9990880904614262, 'recall_binary': 0.7358490566037735, 'roc_auc': 0.9632698840010867}
-----------------------
Epoch 29/100
Training statistic: Loss: 0.0038, train_score: {'accuracy': 0.9993977364591754, 'balanced_accuracy': 0.9054567376090956, 'f1_macro': 0.9116834960710494, 'f1_micro': 0.9993977364591754, 'f1_weighted': 0.9993931115879497, 'f1_binary': 0.8236686390532545, 'pr_auc': 0.7560565483602494, 'precision_macro': 0.9181052525358229, 'precision_micro': 0.9993977364591754, 'precision_weighted': 0.9993891643631126, 'precision_binary': 0.8365384615384616, 'recall_macro': 0.9054567376090956, 'recall_micro': 0.9993977364591754, 'recall_weighted': 0.9993977364591754, 'recall_binary': 0.8111888111888111, 'roc_auc': 0.9914497242057968}
Validation statistic: Loss: 0.0075, dev_score: {'accuracy': 0.9990880904614262, 'balanced_accuracy': 0.8677235196036922, 'f1_macro': 0.8784123702451764, 'f1_micro': 0.9990880904614262, 'f1_weighted': 0.9990748352197505, 'f1_binary': 0.7572815533980582, 'pr_auc': 0.6168142068105344, 'precision_macro': 0.8897441987940801, 'precision_micro': 0.9990880904614262, 'precision_weighted': 0.9990640720338223, 'precision_binary': 0.78, 'recall_macro': 0.8677235196036922, 'recall_micro': 0.9990880904614262, 'recall_weighted': 0.9990880904614262, 'recall_binary': 0.7358490566037735, 'roc_auc': 0.9586808174951351}
-----------------------
Epoch 30/100
Training statistic: Loss: 0.0039, train_score: {'accuracy': 0.9993977364591754, 'balanced_accuracy': 0.9054567376090956, 'f1_macro': 0.9116834960710494, 'f1_micro': 0.9993977364591754, 'f1_weighted': 0.9993931115879497, 'f1_binary': 0.8236686390532545, 'pr_auc': 0.7517433489987726, 'precision_macro': 0.9181052525358229, 'precision_micro': 0.9993977364591754, 'precision_weighted': 0.9993891643631126, 'precision_binary': 0.8365384615384616, 'recall_macro': 0.9054567376090956, 'recall_micro': 0.9993977364591754, 'recall_weighted': 0.9993977364591754, 'recall_binary': 0.8111888111888111, 'roc_auc': 0.9916425311168015}
Validation statistic: Loss: 0.0075, dev_score: {'accuracy': 0.9990880904614262, 'balanced_accuracy': 0.8677235196036922, 'f1_macro': 0.8784123702451764, 'f1_micro': 0.9990880904614262, 'f1_weighted': 0.9990748352197505, 'f1_binary': 0.7572815533980582, 'pr_auc': 0.6148036806257592, 'precision_macro': 0.8897441987940801, 'precision_micro': 0.9990880904614262, 'precision_weighted': 0.9990640720338223, 'precision_binary': 0.78, 'recall_macro': 0.8677235196036922, 'recall_micro': 0.9990880904614262, 'recall_weighted': 0.9990880904614262, 'recall_binary': 0.7358490566037735, 'roc_auc': 0.9556081082012928}
-----------------------
Epoch 31/100
Training statistic: Loss: 0.0038, train_score: {'accuracy': 0.9993977364591754, 'balanced_accuracy': 0.9054567376090956, 'f1_macro': 0.9116834960710494, 'f1_micro': 0.9993977364591754, 'f1_weighted': 0.9993931115879497, 'f1_binary': 0.8236686390532545, 'pr_auc': 0.7499652795030769, 'precision_macro': 0.9181052525358229, 'precision_micro': 0.9993977364591754, 'precision_weighted': 0.9993891643631126, 'precision_binary': 0.8365384615384616, 'recall_macro': 0.9054567376090956, 'recall_micro': 0.9993977364591754, 'recall_weighted': 0.9993977364591754, 'recall_binary': 0.8111888111888111, 'roc_auc': 0.991511389760577}
Validation statistic: Loss: 0.0074, dev_score: {'accuracy': 0.9990880904614262, 'balanced_accuracy': 0.8677235196036922, 'f1_macro': 0.8784123702451764, 'f1_micro': 0.9990880904614262, 'f1_weighted': 0.9990748352197505, 'f1_binary': 0.7572815533980582, 'pr_auc': 0.6122370606141175, 'precision_macro': 0.8897441987940801, 'precision_micro': 0.9990880904614262, 'precision_weighted': 0.9990640720338223, 'precision_binary': 0.78, 'recall_macro': 0.8677235196036922, 'recall_micro': 0.9990880904614262, 'recall_weighted': 0.9990880904614262, 'recall_binary': 0.7358490566037735, 'roc_auc': 0.9520485648047906}
-----------------------
Epoch 32/100
Training statistic: Loss: 0.0037, train_score: {'accuracy': 0.9993977364591754, 'balanced_accuracy': 0.9054567376090956, 'f1_macro': 0.9116834960710494, 'f1_micro': 0.9993977364591754, 'f1_weighted': 0.9993931115879497, 'f1_binary': 0.8236686390532545, 'pr_auc': 0.7511850637561385, 'precision_macro': 0.9181052525358229, 'precision_micro': 0.9993977364591754, 'precision_weighted': 0.9993891643631126, 'precision_binary': 0.8365384615384616, 'recall_macro': 0.9054567376090956, 'recall_micro': 0.9993977364591754, 'recall_weighted': 0.9993977364591754, 'recall_binary': 0.8111888111888111, 'roc_auc': 0.9916880193147447}
Validation statistic: Loss: 0.0076, dev_score: {'accuracy': 0.9990880904614262, 'balanced_accuracy': 0.8677235196036922, 'f1_macro': 0.8784123702451764, 'f1_micro': 0.9990880904614262, 'f1_weighted': 0.9990748352197505, 'f1_binary': 0.7572815533980582, 'pr_auc': 0.6103335657553857, 'precision_macro': 0.8897441987940801, 'precision_micro': 0.9990880904614262, 'precision_weighted': 0.9990640720338223, 'precision_binary': 0.78, 'recall_macro': 0.8677235196036922, 'recall_micro': 0.9990880904614262, 'recall_weighted': 0.9990880904614262, 'recall_binary': 0.7358490566037735, 'roc_auc': 0.9511817794407063}
-----------------------
Epoch 33/100
Training statistic: Loss: 0.0040, train_score: {'accuracy': 0.9993977364591754, 'balanced_accuracy': 0.9054567376090956, 'f1_macro': 0.9116834960710494, 'f1_micro': 0.9993977364591754, 'f1_weighted': 0.9993931115879497, 'f1_binary': 0.8236686390532545, 'pr_auc': 0.768528278505387, 'precision_macro': 0.9181052525358229, 'precision_micro': 0.9993977364591754, 'precision_weighted': 0.9993891643631126, 'precision_binary': 0.8365384615384616, 'recall_macro': 0.9054567376090956, 'recall_micro': 0.9993977364591754, 'recall_weighted': 0.9993977364591754, 'recall_binary': 0.8111888111888111, 'roc_auc': 0.99076209687577}
Validation statistic: Loss: 0.0078, dev_score: {'accuracy': 0.9990880904614262, 'balanced_accuracy': 0.8677235196036922, 'f1_macro': 0.8784123702451764, 'f1_micro': 0.9990880904614262, 'f1_weighted': 0.9990748352197505, 'f1_binary': 0.7572815533980582, 'pr_auc': 0.6508018102552997, 'precision_macro': 0.8897441987940801, 'precision_micro': 0.9990880904614262, 'precision_weighted': 0.9990640720338223, 'precision_binary': 0.78, 'recall_macro': 0.8677235196036922, 'recall_micro': 0.9990880904614262, 'recall_weighted': 0.9990880904614262, 'recall_binary': 0.7358490566037735, 'roc_auc': 0.9451525528449455}
-----------------------
Epoch 34/100
Training statistic: Loss: 0.0035, train_score: {'accuracy': 0.9993977364591754, 'balanced_accuracy': 0.9054567376090956, 'f1_macro': 0.9116834960710494, 'f1_micro': 0.9993977364591754, 'f1_weighted': 0.9993931115879497, 'f1_binary': 0.8236686390532545, 'pr_auc': 0.7588370157241905, 'precision_macro': 0.9181052525358229, 'precision_micro': 0.9993977364591754, 'precision_weighted': 0.9993891643631126, 'precision_binary': 0.8365384615384616, 'recall_macro': 0.9054567376090956, 'recall_micro': 0.9993977364591754, 'recall_weighted': 0.9993977364591754, 'recall_binary': 0.8111888111888111, 'roc_auc': 0.9894235197003538}
Validation statistic: Loss: 0.0076, dev_score: {'accuracy': 0.9990880904614262, 'balanced_accuracy': 0.8677235196036922, 'f1_macro': 0.8784123702451764, 'f1_micro': 0.9990880904614262, 'f1_weighted': 0.9990748352197505, 'f1_binary': 0.7572815533980582, 'pr_auc': 0.6139873881278745, 'precision_macro': 0.8897441987940801, 'precision_micro': 0.9990880904614262, 'precision_weighted': 0.9990640720338223, 'precision_binary': 0.78, 'recall_macro': 0.8677235196036922, 'recall_micro': 0.9990880904614262, 'recall_weighted': 0.9990880904614262, 'recall_binary': 0.7358490566037735, 'roc_auc': 0.9474588087321213}
-----------------------
Epoch 35/100
Training statistic: Loss: 0.0037, train_score: {'accuracy': 0.9993977364591754, 'balanced_accuracy': 0.9054567376090956, 'f1_macro': 0.9116834960710494, 'f1_micro': 0.9993977364591754, 'f1_weighted': 0.9993931115879497, 'f1_binary': 0.8236686390532545, 'pr_auc': 0.7565154657468676, 'precision_macro': 0.9181052525358229, 'precision_micro': 0.9993977364591754, 'precision_weighted': 0.9993891643631126, 'precision_binary': 0.8365384615384616, 'recall_macro': 0.9054567376090956, 'recall_micro': 0.9993977364591754, 'recall_weighted': 0.9993977364591754, 'recall_binary': 0.8111888111888111, 'roc_auc': 0.9901169610629426}
Validation statistic: Loss: 0.0077, dev_score: {'accuracy': 0.9990880904614262, 'balanced_accuracy': 0.8677235196036922, 'f1_macro': 0.8784123702451764, 'f1_micro': 0.9990880904614262, 'f1_weighted': 0.9990748352197505, 'f1_binary': 0.7572815533980582, 'pr_auc': 0.6157861040492392, 'precision_macro': 0.8897441987940801, 'precision_micro': 0.9990880904614262, 'precision_weighted': 0.9990640720338223, 'precision_binary': 0.78, 'recall_macro': 0.8677235196036922, 'recall_micro': 0.9990880904614262, 'recall_weighted': 0.9990880904614262, 'recall_binary': 0.7358490566037735, 'roc_auc': 0.9535945733857588}
-----------------------
Epoch 36/100
Training statistic: Loss: 0.0039, train_score: {'accuracy': 0.9993977364591754, 'balanced_accuracy': 0.9054567376090956, 'f1_macro': 0.9116834960710494, 'f1_micro': 0.9993977364591754, 'f1_weighted': 0.9993931115879497, 'f1_binary': 0.8236686390532545, 'pr_auc': 0.7759577714077529, 'precision_macro': 0.9181052525358229, 'precision_micro': 0.9993977364591754, 'precision_weighted': 0.9993891643631126, 'precision_binary': 0.8365384615384616, 'recall_macro': 0.9054567376090956, 'recall_micro': 0.9993977364591754, 'recall_weighted': 0.9993977364591754, 'recall_binary': 0.8111888111888111, 'roc_auc': 0.9901459509996544}
Validation statistic: Loss: 0.0076, dev_score: {'accuracy': 0.9990880904614262, 'balanced_accuracy': 0.8677235196036922, 'f1_macro': 0.8784123702451764, 'f1_micro': 0.9990880904614262, 'f1_weighted': 0.9990748352197505, 'f1_binary': 0.7572815533980582, 'pr_auc': 0.6572418695037934, 'precision_macro': 0.8897441987940801, 'precision_micro': 0.9990880904614262, 'precision_weighted': 0.9990640720338223, 'precision_binary': 0.78, 'recall_macro': 0.8677235196036922, 'recall_micro': 0.9990880904614262, 'recall_weighted': 0.9990880904614262, 'recall_binary': 0.7358490566037735, 'roc_auc': 0.9539007410083948}
-----------------------
Epoch 37/100
Training statistic: Loss: 0.0037, train_score: {'accuracy': 0.9993977364591754, 'balanced_accuracy': 0.9054567376090956, 'f1_macro': 0.9116834960710494, 'f1_micro': 0.9993977364591754, 'f1_weighted': 0.9993931115879497, 'f1_binary': 0.8236686390532545, 'pr_auc': 0.7563192639752813, 'precision_macro': 0.9181052525358229, 'precision_micro': 0.9993977364591754, 'precision_weighted': 0.9993891643631126, 'precision_binary': 0.8365384615384616, 'recall_macro': 0.9054567376090956, 'recall_micro': 0.9993977364591754, 'recall_weighted': 0.9993977364591754, 'recall_binary': 0.8111888111888111, 'roc_auc': 0.9903883093245407}
Validation statistic: Loss: 0.0079, dev_score: {'accuracy': 0.9990880904614262, 'balanced_accuracy': 0.8677235196036922, 'f1_macro': 0.8784123702451764, 'f1_micro': 0.9990880904614262, 'f1_weighted': 0.9990748352197505, 'f1_binary': 0.7572815533980582, 'pr_auc': 0.612217775291621, 'precision_macro': 0.8897441987940801, 'precision_micro': 0.9990880904614262, 'precision_weighted': 0.9990640720338223, 'precision_binary': 0.78, 'recall_macro': 0.8677235196036922, 'recall_micro': 0.9990880904614262, 'recall_weighted': 0.9990880904614262, 'recall_binary': 0.7358490566037735, 'roc_auc': 0.9556081082012928}
-----------------------
Epoch 38/100
Training statistic: Loss: 0.0036, train_score: {'accuracy': 0.9993977364591754, 'balanced_accuracy': 0.9054567376090956, 'f1_macro': 0.9116834960710494, 'f1_micro': 0.9993977364591754, 'f1_weighted': 0.9993931115879497, 'f1_binary': 0.8236686390532545, 'pr_auc': 0.760749298150703, 'precision_macro': 0.9181052525358229, 'precision_micro': 0.9993977364591754, 'precision_weighted': 0.9993891643631126, 'precision_binary': 0.8365384615384616, 'recall_macro': 0.9054567376090956, 'recall_micro': 0.9993977364591754, 'recall_weighted': 0.9993977364591754, 'recall_binary': 0.8111888111888111, 'roc_auc': 0.9901416990164252}
Validation statistic: Loss: 0.0076, dev_score: {'accuracy': 0.9990880904614262, 'balanced_accuracy': 0.8677235196036922, 'f1_macro': 0.8784123702451764, 'f1_micro': 0.9990880904614262, 'f1_weighted': 0.9990748352197505, 'f1_binary': 0.7572815533980582, 'pr_auc': 0.6120148670718444, 'precision_macro': 0.8897441987940801, 'precision_micro': 0.9990880904614262, 'precision_weighted': 0.9990640720338223, 'precision_binary': 0.78, 'recall_macro': 0.8677235196036922, 'recall_micro': 0.9990880904614262, 'recall_weighted': 0.9990880904614262, 'recall_binary': 0.7358490566037735, 'roc_auc': 0.9552350526070449}
-----------------------
Epoch 39/100
Training statistic: Loss: 0.0038, train_score: {'accuracy': 0.9993977364591754, 'balanced_accuracy': 0.9054567376090956, 'f1_macro': 0.9116834960710494, 'f1_micro': 0.9993977364591754, 'f1_weighted': 0.9993931115879497, 'f1_binary': 0.8236686390532545, 'pr_auc': 0.7689698667580478, 'precision_macro': 0.9181052525358229, 'precision_micro': 0.9993977364591754, 'precision_weighted': 0.9993891643631126, 'precision_binary': 0.8365384615384616, 'recall_macro': 0.9054567376090956, 'recall_micro': 0.9993977364591754, 'recall_weighted': 0.9993977364591754, 'recall_binary': 0.8111888111888111, 'roc_auc': 0.9906679397510305}
Validation statistic: Loss: 0.0076, dev_score: {'accuracy': 0.9990880904614262, 'balanced_accuracy': 0.8677235196036922, 'f1_macro': 0.8784123702451764, 'f1_micro': 0.9990880904614262, 'f1_weighted': 0.9990748352197505, 'f1_binary': 0.7572815533980582, 'pr_auc': 0.6299348739718303, 'precision_macro': 0.8897441987940801, 'precision_micro': 0.9990880904614262, 'precision_weighted': 0.9990640720338223, 'precision_binary': 0.78, 'recall_macro': 0.8677235196036922, 'recall_micro': 0.9990880904614262, 'recall_weighted': 0.9990880904614262, 'recall_binary': 0.7358490566037735, 'roc_auc': 0.9540514113362011}
Early stopping by loss triggered!
Testing statistic: loss: 0.0027505293562963104, scores: {'accuracy': 0.9989991993594876, 'balanced_accuracy': 0.5, 'f1_macro': 0.49974967457695, 'f1_micro': 0.9989991993594876, 'f1_weighted': 0.9984990495650752, 'f1_binary': 0.0, 'pr_auc': 0.6827631150211795, 'precision_macro': 0.4994995996797438, 'precision_micro': 0.9989991993594876, 'precision_weighted': 0.9979994003208971, 'precision_binary': 0.0, 'recall_macro': 0.5, 'recall_micro': 0.9989991993594876, 'recall_weighted': 0.9989991993594876, 'recall_binary': 0.0, 'roc_auc': 0.9995091164095372}
Finish training!
