=====Setting up data=====
Dataset name:credit
train_option:synthetic
augment_option:dnn
mix_ratio:-1
n_sample:-1
Training dataset size: 100096 samples
Validation dataset size: 27520 samples

=====Setting up parameters for training=====
num_epochs: 100
learning_rate: 0.001
patience: 30
early_stop_criterion: loss
=====Setting up trainer=====
input_size: 29
model: DNN_Adult
----------------------------------------------------------------
        Layer (type)               Output Shape         Param #
================================================================
            Linear-1                  [-1, 128]           3,840
       BatchNorm1d-2                  [-1, 128]             256
              ReLU-3                  [-1, 128]               0
           Dropout-4                  [-1, 128]               0
            Linear-5                   [-1, 64]           8,256
       BatchNorm1d-6                   [-1, 64]             128
              ReLU-7                   [-1, 64]               0
           Dropout-8                   [-1, 64]               0
            Linear-9                   [-1, 32]           2,080
      BatchNorm1d-10                   [-1, 32]              64
             ReLU-11                   [-1, 32]               0
          Dropout-12                   [-1, 32]               0
           Linear-13                   [-1, 16]             528
      BatchNorm1d-14                   [-1, 16]              32
             ReLU-15                   [-1, 16]               0
          Dropout-16                   [-1, 16]               0
           Linear-17                    [-1, 1]              17
          Sigmoid-18                    [-1, 1]               0
================================================================
Total params: 15,201
Trainable params: 15,201
Non-trainable params: 0
----------------------------------------------------------------
Input size (MB): 0.00
Forward/backward pass size (MB): 0.01
Params size (MB): 0.06
Estimated Total Size (MB): 0.07
----------------------------------------------------------------
=====Setting up output files=====
weight_dir, weight_file: /home/thuy/Research/minh_data_synth/TabularDA/output/corrected_v2/credit/weight/, credit_seed42_ctgan_xonly_dnn_synthetic.weights.pth
acc_dir, acc_file: /home/thuy/Research/minh_data_synth/TabularDA/output/corrected_v2/credit/acc/, credit_seed42_ctgan_xonly_dnn_synthetic.epochs.csv
report_file: credit_seed42_ctgan_xonly_dnn_synthetic.report.txt
==========================================================================================
Start training...
-----------------------
Epoch 1/100
Training statistic: Loss: 0.0184, train_score: {'accuracy': 0.99775, 'balanced_accuracy': 0.5, 'f1_macro': 0.49943686647478414, 'f1_micro': 0.99775, 'f1_weighted': 0.9966262670504318, 'f1_binary': 0.0, 'pr_auc': 0.02597715325242027, 'precision_macro': 0.498875, 'precision_micro': 0.99775, 'precision_weighted': 0.9955050625, 'precision_binary': 0.0, 'recall_macro': 0.5, 'recall_micro': 0.99775, 'recall_weighted': 0.99775, 'recall_binary': 0.0, 'roc_auc': 0.8179552882875358}
Validation statistic: Loss: 0.0172, dev_score: {'accuracy': 0.9980667517782236, 'balanced_accuracy': 0.5, 'f1_macro': 0.4995162203114446, 'f1_micro': 0.9980667517782236, 'f1_weighted': 0.9971010629335582, 'f1_binary': 0.0, 'pr_auc': 0.007176878823568589, 'precision_macro': 0.4990333758891118, 'precision_micro': 0.9980667517782236, 'precision_weighted': 0.9961372410051341, 'precision_binary': 0.0, 'recall_macro': 0.5, 'recall_micro': 0.9980667517782236, 'recall_weighted': 0.9980667517782236, 'recall_binary': 0.0, 'roc_auc': 0.713502957551652}
Saving model...
Model saved!
-------------------------------------------
-----------------------
Epoch 2/100
Training statistic: Loss: 0.0107, train_score: {'accuracy': 0.99775, 'balanced_accuracy': 0.5, 'f1_macro': 0.49943686647478414, 'f1_micro': 0.99775, 'f1_weighted': 0.9966262670504318, 'f1_binary': 0.0, 'pr_auc': 0.3093161748133434, 'precision_macro': 0.498875, 'precision_micro': 0.99775, 'precision_weighted': 0.9955050625, 'precision_binary': 0.0, 'recall_macro': 0.5, 'recall_micro': 0.99775, 'recall_weighted': 0.99775, 'recall_binary': 0.0, 'roc_auc': 0.9874430802639272}
Validation statistic: Loss: 0.0092, dev_score: {'accuracy': 0.9980667517782236, 'balanced_accuracy': 0.5, 'f1_macro': 0.4995162203114446, 'f1_micro': 0.9980667517782236, 'f1_weighted': 0.9971010629335582, 'f1_binary': 0.0, 'pr_auc': 0.37437576139013046, 'precision_macro': 0.4990333758891118, 'precision_micro': 0.9980667517782236, 'precision_weighted': 0.9961372410051341, 'precision_binary': 0.0, 'recall_macro': 0.5, 'recall_micro': 0.9980667517782236, 'recall_weighted': 0.9980667517782236, 'recall_binary': 0.0, 'roc_auc': 0.9329961811795178}
Saving model...
Model saved!
-------------------------------------------
-----------------------
Epoch 3/100
Training statistic: Loss: 0.0077, train_score: {'accuracy': 0.99775, 'balanced_accuracy': 0.5, 'f1_macro': 0.49943686647478414, 'f1_micro': 0.99775, 'f1_weighted': 0.9966262670504318, 'f1_binary': 0.0, 'pr_auc': 0.5608201749885646, 'precision_macro': 0.498875, 'precision_micro': 0.99775, 'precision_weighted': 0.9955050625, 'precision_binary': 0.0, 'recall_macro': 0.5, 'recall_micro': 0.99775, 'recall_weighted': 0.99775, 'recall_binary': 0.0, 'roc_auc': 0.9964488989114396}
Validation statistic: Loss: 0.0070, dev_score: {'accuracy': 0.9980667517782236, 'balanced_accuracy': 0.5, 'f1_macro': 0.4995162203114446, 'f1_micro': 0.9980667517782236, 'f1_weighted': 0.9971010629335582, 'f1_binary': 0.0, 'pr_auc': 0.5214112567493905, 'precision_macro': 0.4990333758891118, 'precision_micro': 0.9980667517782236, 'precision_weighted': 0.9961372410051341, 'precision_binary': 0.0, 'recall_macro': 0.5, 'recall_micro': 0.9980667517782236, 'recall_weighted': 0.9980667517782236, 'recall_binary': 0.0, 'roc_auc': 0.9372797696295511}
Saving model...
Model saved!
-------------------------------------------
-----------------------
Epoch 4/100
Training statistic: Loss: 0.0058, train_score: {'accuracy': 0.99775, 'balanced_accuracy': 0.5, 'f1_macro': 0.49943686647478414, 'f1_micro': 0.99775, 'f1_weighted': 0.9966262670504318, 'f1_binary': 0.0, 'pr_auc': 0.6578509718037266, 'precision_macro': 0.498875, 'precision_micro': 0.99775, 'precision_weighted': 0.9955050625, 'precision_binary': 0.0, 'recall_macro': 0.5, 'recall_micro': 0.99775, 'recall_weighted': 0.99775, 'recall_binary': 0.0, 'roc_auc': 0.9978753528773072}
Validation statistic: Loss: 0.0070, dev_score: {'accuracy': 0.9980667517782236, 'balanced_accuracy': 0.5, 'f1_macro': 0.4995162203114446, 'f1_micro': 0.9980667517782236, 'f1_weighted': 0.9971010629335582, 'f1_binary': 0.0, 'pr_auc': 0.3853526139487342, 'precision_macro': 0.4990333758891118, 'precision_micro': 0.9980667517782236, 'precision_weighted': 0.9961372410051341, 'precision_binary': 0.0, 'recall_macro': 0.5, 'recall_micro': 0.9980667517782236, 'recall_weighted': 0.9980667517782236, 'recall_binary': 0.0, 'roc_auc': 0.9383237736400709}
Saving model...
Model saved!
-------------------------------------------
-----------------------
Epoch 5/100
Training statistic: Loss: 0.0055, train_score: {'accuracy': 0.99775, 'balanced_accuracy': 0.5, 'f1_macro': 0.49943686647478414, 'f1_micro': 0.99775, 'f1_weighted': 0.9966262670504318, 'f1_binary': 0.0, 'pr_auc': 0.7330961988711637, 'precision_macro': 0.498875, 'precision_micro': 0.99775, 'precision_weighted': 0.9955050625, 'precision_binary': 0.0, 'recall_macro': 0.5, 'recall_micro': 0.99775, 'recall_weighted': 0.99775, 'recall_binary': 0.0, 'roc_auc': 0.9986220551797098}
Validation statistic: Loss: 0.0068, dev_score: {'accuracy': 0.9980667517782236, 'balanced_accuracy': 0.5, 'f1_macro': 0.4995162203114446, 'f1_micro': 0.9980667517782236, 'f1_weighted': 0.9971010629335582, 'f1_binary': 0.0, 'pr_auc': 0.43730643774748135, 'precision_macro': 0.4990333758891118, 'precision_micro': 0.9980667517782236, 'precision_weighted': 0.9961372410051341, 'precision_binary': 0.0, 'recall_macro': 0.5, 'recall_micro': 0.9980667517782236, 'recall_weighted': 0.9980667517782236, 'recall_binary': 0.0, 'roc_auc': 0.9433700228798239}
Saving model...
Model saved!
-------------------------------------------
-----------------------
Epoch 6/100
Training statistic: Loss: 0.0049, train_score: {'accuracy': 0.99775, 'balanced_accuracy': 0.5, 'f1_macro': 0.49943686647478414, 'f1_micro': 0.99775, 'f1_weighted': 0.9966262670504318, 'f1_binary': 0.0, 'pr_auc': 0.6814670755322879, 'precision_macro': 0.498875, 'precision_micro': 0.99775, 'precision_weighted': 0.9955050625, 'precision_binary': 0.0, 'recall_macro': 0.5, 'recall_micro': 0.99775, 'recall_weighted': 0.99775, 'recall_binary': 0.0, 'roc_auc': 0.9988787215679724}
Validation statistic: Loss: 0.0074, dev_score: {'accuracy': 0.9980667517782236, 'balanced_accuracy': 0.5, 'f1_macro': 0.4995162203114446, 'f1_micro': 0.9980667517782236, 'f1_weighted': 0.9971010629335582, 'f1_binary': 0.0, 'pr_auc': 0.26728453370720795, 'precision_macro': 0.4990333758891118, 'precision_micro': 0.9980667517782236, 'precision_weighted': 0.9961372410051341, 'precision_binary': 0.0, 'recall_macro': 0.5, 'recall_micro': 0.9980667517782236, 'recall_weighted': 0.9980667517782236, 'recall_binary': 0.0, 'roc_auc': 0.9522964640397853}
-----------------------
Epoch 7/100
Training statistic: Loss: 0.0048, train_score: {'accuracy': 0.99775, 'balanced_accuracy': 0.5, 'f1_macro': 0.49943686647478414, 'f1_micro': 0.99775, 'f1_weighted': 0.9966262670504318, 'f1_binary': 0.0, 'pr_auc': 0.7419086353554675, 'precision_macro': 0.498875, 'precision_micro': 0.99775, 'precision_weighted': 0.9955050625, 'precision_binary': 0.0, 'recall_macro': 0.5, 'recall_micro': 0.99775, 'recall_weighted': 0.99775, 'recall_binary': 0.0, 'roc_auc': 0.998928166151619}
Validation statistic: Loss: 0.0071, dev_score: {'accuracy': 0.9980667517782236, 'balanced_accuracy': 0.5, 'f1_macro': 0.4995162203114446, 'f1_micro': 0.9980667517782236, 'f1_weighted': 0.9971010629335582, 'f1_binary': 0.0, 'pr_auc': 0.4013132426682187, 'precision_macro': 0.4990333758891118, 'precision_micro': 0.9980667517782236, 'precision_weighted': 0.9961372410051341, 'precision_binary': 0.0, 'recall_macro': 0.5, 'recall_micro': 0.9980667517782236, 'recall_weighted': 0.9980667517782236, 'recall_binary': 0.0, 'roc_auc': 0.949769202019603}
-----------------------
Epoch 8/100
Training statistic: Loss: 0.0047, train_score: {'accuracy': 0.99775, 'balanced_accuracy': 0.5, 'f1_macro': 0.49943686647478414, 'f1_micro': 0.99775, 'f1_weighted': 0.9966262670504318, 'f1_binary': 0.0, 'pr_auc': 0.7597410439158818, 'precision_macro': 0.498875, 'precision_micro': 0.99775, 'precision_weighted': 0.9955050625, 'precision_binary': 0.0, 'recall_macro': 0.5, 'recall_micro': 0.99775, 'recall_weighted': 0.99775, 'recall_binary': 0.0, 'roc_auc': 0.9991396642445503}
Validation statistic: Loss: 0.0068, dev_score: {'accuracy': 0.9980667517782236, 'balanced_accuracy': 0.5, 'f1_macro': 0.4995162203114446, 'f1_micro': 0.9980667517782236, 'f1_weighted': 0.9971010629335582, 'f1_binary': 0.0, 'pr_auc': 0.5112489432449141, 'precision_macro': 0.4990333758891118, 'precision_micro': 0.9980667517782236, 'precision_weighted': 0.9961372410051341, 'precision_binary': 0.0, 'recall_macro': 0.5, 'recall_micro': 0.9980667517782236, 'recall_weighted': 0.9980667517782236, 'recall_binary': 0.0, 'roc_auc': 0.9634815809834049}
-----------------------
Epoch 9/100
Training statistic: Loss: 0.0045, train_score: {'accuracy': 0.99775, 'balanced_accuracy': 0.5, 'f1_macro': 0.49943686647478414, 'f1_micro': 0.99775, 'f1_weighted': 0.9966262670504318, 'f1_binary': 0.0, 'pr_auc': 0.7928368138301095, 'precision_macro': 0.498875, 'precision_micro': 0.99775, 'precision_weighted': 0.9955050625, 'precision_binary': 0.0, 'recall_macro': 0.5, 'recall_micro': 0.99775, 'recall_weighted': 0.99775, 'recall_binary': 0.0, 'roc_auc': 0.9993163952225841}
Validation statistic: Loss: 0.0071, dev_score: {'accuracy': 0.9980667517782236, 'balanced_accuracy': 0.5, 'f1_macro': 0.4995162203114446, 'f1_micro': 0.9980667517782236, 'f1_weighted': 0.9971010629335582, 'f1_binary': 0.0, 'pr_auc': 0.5063265421181783, 'precision_macro': 0.4990333758891118, 'precision_micro': 0.9980667517782236, 'precision_weighted': 0.9961372410051341, 'precision_binary': 0.0, 'recall_macro': 0.5, 'recall_micro': 0.9980667517782236, 'recall_weighted': 0.9980667517782236, 'recall_binary': 0.0, 'roc_auc': 0.9521320023776261}
-----------------------
Epoch 10/100
Training statistic: Loss: 0.0044, train_score: {'accuracy': 0.99775, 'balanced_accuracy': 0.5, 'f1_macro': 0.49943686647478414, 'f1_micro': 0.99775, 'f1_weighted': 0.9966262670504318, 'f1_binary': 0.0, 'pr_auc': 0.8019318415271232, 'precision_macro': 0.498875, 'precision_micro': 0.99775, 'precision_weighted': 0.9955050625, 'precision_binary': 0.0, 'recall_macro': 0.5, 'recall_micro': 0.99775, 'recall_weighted': 0.99775, 'recall_binary': 0.0, 'roc_auc': 0.9993672429633342}
Validation statistic: Loss: 0.0071, dev_score: {'accuracy': 0.9980667517782236, 'balanced_accuracy': 0.5, 'f1_macro': 0.4995162203114446, 'f1_micro': 0.9980667517782236, 'f1_weighted': 0.9971010629335582, 'f1_binary': 0.0, 'pr_auc': 0.5662165537934224, 'precision_macro': 0.4990333758891118, 'precision_micro': 0.9980667517782236, 'precision_weighted': 0.9961372410051341, 'precision_binary': 0.0, 'recall_macro': 0.5, 'recall_micro': 0.9980667517782236, 'recall_weighted': 0.9980667517782236, 'recall_binary': 0.0, 'roc_auc': 0.955539151529528}
-----------------------
Epoch 11/100
Training statistic: Loss: 0.0045, train_score: {'accuracy': 0.99775, 'balanced_accuracy': 0.5, 'f1_macro': 0.49943686647478414, 'f1_micro': 0.99775, 'f1_weighted': 0.9966262670504318, 'f1_binary': 0.0, 'pr_auc': 0.8270131120732224, 'precision_macro': 0.498875, 'precision_micro': 0.99775, 'precision_weighted': 0.9955050625, 'precision_binary': 0.0, 'recall_macro': 0.5, 'recall_micro': 0.99775, 'recall_weighted': 0.99775, 'recall_binary': 0.0, 'roc_auc': 0.9994729920097998}
Validation statistic: Loss: 0.0072, dev_score: {'accuracy': 0.9980667517782236, 'balanced_accuracy': 0.5, 'f1_macro': 0.4995162203114446, 'f1_micro': 0.9980667517782236, 'f1_weighted': 0.9971010629335582, 'f1_binary': 0.0, 'pr_auc': 0.6079526878409687, 'precision_macro': 0.4990333758891118, 'precision_micro': 0.9980667517782236, 'precision_weighted': 0.9961372410051341, 'precision_binary': 0.0, 'recall_macro': 0.5, 'recall_micro': 0.9980667517782236, 'recall_weighted': 0.9980667517782236, 'recall_binary': 0.0, 'roc_auc': 0.9580777914005515}
-----------------------
Epoch 12/100
Training statistic: Loss: 0.0044, train_score: {'accuracy': 0.99775, 'balanced_accuracy': 0.5, 'f1_macro': 0.49943686647478414, 'f1_micro': 0.99775, 'f1_weighted': 0.9966262670504318, 'f1_binary': 0.0, 'pr_auc': 0.8090299518293536, 'precision_macro': 0.498875, 'precision_micro': 0.99775, 'precision_weighted': 0.9955050625, 'precision_binary': 0.0, 'recall_macro': 0.5, 'recall_micro': 0.99775, 'recall_weighted': 0.99775, 'recall_binary': 0.0, 'roc_auc': 0.9995045296361258}
Validation statistic: Loss: 0.0075, dev_score: {'accuracy': 0.9980667517782236, 'balanced_accuracy': 0.5, 'f1_macro': 0.4995162203114446, 'f1_micro': 0.9980667517782236, 'f1_weighted': 0.9971010629335582, 'f1_binary': 0.0, 'pr_auc': 0.5145242198688212, 'precision_macro': 0.4990333758891118, 'precision_micro': 0.9980667517782236, 'precision_weighted': 0.9961372410051341, 'precision_binary': 0.0, 'recall_macro': 0.5, 'recall_micro': 0.9980667517782236, 'recall_weighted': 0.9980667517782236, 'recall_binary': 0.0, 'roc_auc': 0.9500774383423919}
-----------------------
Epoch 13/100
Training statistic: Loss: 0.0043, train_score: {'accuracy': 0.99775, 'balanced_accuracy': 0.5, 'f1_macro': 0.49943686647478414, 'f1_micro': 0.99775, 'f1_weighted': 0.9966262670504318, 'f1_binary': 0.0, 'pr_auc': 0.7830849072620042, 'precision_macro': 0.498875, 'precision_micro': 0.99775, 'precision_weighted': 0.9955050625, 'precision_binary': 0.0, 'recall_macro': 0.5, 'recall_micro': 0.99775, 'recall_weighted': 0.99775, 'recall_binary': 0.0, 'roc_auc': 0.9994788719062335}
Validation statistic: Loss: 0.0078, dev_score: {'accuracy': 0.9980667517782236, 'balanced_accuracy': 0.5, 'f1_macro': 0.4995162203114446, 'f1_micro': 0.9980667517782236, 'f1_weighted': 0.9971010629335582, 'f1_binary': 0.0, 'pr_auc': 0.4819546583628863, 'precision_macro': 0.4990333758891118, 'precision_micro': 0.9980667517782236, 'precision_weighted': 0.9961372410051341, 'precision_binary': 0.0, 'recall_macro': 0.5, 'recall_micro': 0.9980667517782236, 'recall_weighted': 0.9980667517782236, 'recall_binary': 0.0, 'roc_auc': 0.9335395597530248}
-----------------------
Epoch 14/100
Training statistic: Loss: 0.0043, train_score: {'accuracy': 0.99775, 'balanced_accuracy': 0.5, 'f1_macro': 0.49943686647478414, 'f1_micro': 0.99775, 'f1_weighted': 0.9966262670504318, 'f1_binary': 0.0, 'pr_auc': 0.7981281760840312, 'precision_macro': 0.498875, 'precision_micro': 0.99775, 'precision_weighted': 0.9955050625, 'precision_binary': 0.0, 'recall_macro': 0.5, 'recall_micro': 0.99775, 'recall_weighted': 0.99775, 'recall_binary': 0.0, 'roc_auc': 0.9994888276399677}
Validation statistic: Loss: 0.0075, dev_score: {'accuracy': 0.9980667517782236, 'balanced_accuracy': 0.5, 'f1_macro': 0.4995162203114446, 'f1_micro': 0.9980667517782236, 'f1_weighted': 0.9971010629335582, 'f1_binary': 0.0, 'pr_auc': 0.5160825281617056, 'precision_macro': 0.4990333758891118, 'precision_micro': 0.9980667517782236, 'precision_weighted': 0.9961372410051341, 'precision_binary': 0.0, 'recall_macro': 0.5, 'recall_micro': 0.9980667517782236, 'recall_weighted': 0.9980667517782236, 'recall_binary': 0.0, 'roc_auc': 0.9446901983607621}
-----------------------
Epoch 15/100
Training statistic: Loss: 0.0043, train_score: {'accuracy': 0.99775, 'balanced_accuracy': 0.5, 'f1_macro': 0.49943686647478414, 'f1_micro': 0.99775, 'f1_weighted': 0.9966262670504318, 'f1_binary': 0.0, 'pr_auc': 0.8335183864756703, 'precision_macro': 0.498875, 'precision_micro': 0.99775, 'precision_weighted': 0.9955050625, 'precision_binary': 0.0, 'recall_macro': 0.5, 'recall_micro': 0.99775, 'recall_weighted': 0.99775, 'recall_binary': 0.0, 'roc_auc': 0.9995795651326597}
Validation statistic: Loss: 0.0073, dev_score: {'accuracy': 0.9980667517782236, 'balanced_accuracy': 0.5, 'f1_macro': 0.4995162203114446, 'f1_micro': 0.9980667517782236, 'f1_weighted': 0.9971010629335582, 'f1_binary': 0.0, 'pr_auc': 0.5452744776781242, 'precision_macro': 0.4990333758891118, 'precision_micro': 0.9980667517782236, 'precision_weighted': 0.9961372410051341, 'precision_binary': 0.0, 'recall_macro': 0.5, 'recall_micro': 0.9980667517782236, 'recall_weighted': 0.9980667517782236, 'recall_binary': 0.0, 'roc_auc': 0.9427314840992811}
-----------------------
Epoch 16/100
Training statistic: Loss: 0.0042, train_score: {'accuracy': 0.99775, 'balanced_accuracy': 0.5, 'f1_macro': 0.49943686647478414, 'f1_micro': 0.99775, 'f1_weighted': 0.9966262670504318, 'f1_binary': 0.0, 'pr_auc': 0.8050468651332268, 'precision_macro': 0.498875, 'precision_micro': 0.99775, 'precision_weighted': 0.9955050625, 'precision_binary': 0.0, 'recall_macro': 0.5, 'recall_micro': 0.99775, 'recall_weighted': 0.99775, 'recall_binary': 0.0, 'roc_auc': 0.9995463125365406}
Validation statistic: Loss: 0.0077, dev_score: {'accuracy': 0.9980667517782236, 'balanced_accuracy': 0.5, 'f1_macro': 0.4995162203114446, 'f1_micro': 0.9980667517782236, 'f1_weighted': 0.9971010629335582, 'f1_binary': 0.0, 'pr_auc': 0.4992913280313361, 'precision_macro': 0.4990333758891118, 'precision_micro': 0.9980667517782236, 'precision_weighted': 0.9961372410051341, 'precision_binary': 0.0, 'recall_macro': 0.5, 'recall_micro': 0.9980667517782236, 'recall_weighted': 0.9980667517782236, 'recall_binary': 0.0, 'roc_auc': 0.9403635119908758}
-----------------------
Epoch 17/100
Training statistic: Loss: 0.0040, train_score: {'accuracy': 0.99775, 'balanced_accuracy': 0.5, 'f1_macro': 0.49943686647478414, 'f1_micro': 0.99775, 'f1_weighted': 0.9966262670504318, 'f1_binary': 0.0, 'pr_auc': 0.8152284566201847, 'precision_macro': 0.498875, 'precision_micro': 0.99775, 'precision_weighted': 0.9955050625, 'precision_binary': 0.0, 'recall_macro': 0.5, 'recall_micro': 0.99775, 'recall_weighted': 0.99775, 'recall_binary': 0.0, 'roc_auc': 0.9996144658815668}
Validation statistic: Loss: 0.0078, dev_score: {'accuracy': 0.9980667517782236, 'balanced_accuracy': 0.5, 'f1_macro': 0.4995162203114446, 'f1_micro': 0.9980667517782236, 'f1_weighted': 0.9971010629335582, 'f1_binary': 0.0, 'pr_auc': 0.5017364856706682, 'precision_macro': 0.4990333758891118, 'precision_micro': 0.9980667517782236, 'precision_weighted': 0.9961372410051341, 'precision_binary': 0.0, 'recall_macro': 0.5, 'recall_micro': 0.9980667517782236, 'recall_weighted': 0.9980667517782236, 'recall_binary': 0.0, 'roc_auc': 0.941275808758325}
-----------------------
Epoch 18/100
Training statistic: Loss: 0.0044, train_score: {'accuracy': 0.99775, 'balanced_accuracy': 0.5, 'f1_macro': 0.49943686647478414, 'f1_micro': 0.99775, 'f1_weighted': 0.9966262670504318, 'f1_binary': 0.0, 'pr_auc': 0.7201588102984404, 'precision_macro': 0.498875, 'precision_micro': 0.99775, 'precision_weighted': 0.9955050625, 'precision_binary': 0.0, 'recall_macro': 0.5, 'recall_micro': 0.99775, 'recall_weighted': 0.99775, 'recall_binary': 0.0, 'roc_auc': 0.9994905648820958}
Validation statistic: Loss: 0.0082, dev_score: {'accuracy': 0.9980667517782236, 'balanced_accuracy': 0.5, 'f1_macro': 0.4995162203114446, 'f1_micro': 0.9980667517782236, 'f1_weighted': 0.9971010629335582, 'f1_binary': 0.0, 'pr_auc': 0.4696490453468174, 'precision_macro': 0.4990333758891118, 'precision_micro': 0.9980667517782236, 'precision_weighted': 0.9961372410051341, 'precision_binary': 0.0, 'recall_macro': 0.5, 'recall_micro': 0.9980667517782236, 'recall_weighted': 0.9980667517782236, 'recall_binary': 0.0, 'roc_auc': 0.9400807896366398}
-----------------------
Epoch 19/100
Training statistic: Loss: 0.0040, train_score: {'accuracy': 0.99775, 'balanced_accuracy': 0.5, 'f1_macro': 0.49943686647478414, 'f1_micro': 0.99775, 'f1_weighted': 0.9966262670504318, 'f1_binary': 0.0, 'pr_auc': 0.8659917527441362, 'precision_macro': 0.498875, 'precision_micro': 0.99775, 'precision_weighted': 0.9955050625, 'precision_binary': 0.0, 'recall_macro': 0.5, 'recall_micro': 0.99775, 'recall_weighted': 0.99775, 'recall_binary': 0.0, 'roc_auc': 0.9996499679835185}
Validation statistic: Loss: 0.0078, dev_score: {'accuracy': 0.9980667517782236, 'balanced_accuracy': 0.5, 'f1_macro': 0.4995162203114446, 'f1_micro': 0.9980667517782236, 'f1_weighted': 0.9971010629335582, 'f1_binary': 0.0, 'pr_auc': 0.5310175861167167, 'precision_macro': 0.4990333758891118, 'precision_micro': 0.9980667517782236, 'precision_weighted': 0.9961372410051341, 'precision_binary': 0.0, 'recall_macro': 0.5, 'recall_micro': 0.9980667517782236, 'recall_weighted': 0.9980667517782236, 'recall_binary': 0.0, 'roc_auc': 0.9437510084913245}
-----------------------
Epoch 20/100
Training statistic: Loss: 0.0040, train_score: {'accuracy': 0.99775, 'balanced_accuracy': 0.5, 'f1_macro': 0.49943686647478414, 'f1_micro': 0.99775, 'f1_weighted': 0.9966262670504318, 'f1_binary': 0.0, 'pr_auc': 0.7924174163050637, 'precision_macro': 0.498875, 'precision_micro': 0.99775, 'precision_weighted': 0.9955050625, 'precision_binary': 0.0, 'recall_macro': 0.5, 'recall_micro': 0.99775, 'recall_weighted': 0.99775, 'recall_binary': 0.0, 'roc_auc': 0.9996056683092513}
Validation statistic: Loss: 0.0079, dev_score: {'accuracy': 0.9980667517782236, 'balanced_accuracy': 0.5, 'f1_macro': 0.4995162203114446, 'f1_micro': 0.9980667517782236, 'f1_weighted': 0.9971010629335582, 'f1_binary': 0.0, 'pr_auc': 0.46955723462759663, 'precision_macro': 0.4990333758891118, 'precision_micro': 0.9980667517782236, 'precision_weighted': 0.9961372410051341, 'precision_binary': 0.0, 'recall_macro': 0.5, 'recall_micro': 0.9980667517782236, 'recall_weighted': 0.9980667517782236, 'recall_binary': 0.0, 'roc_auc': 0.9396698078729212}
-----------------------
Epoch 21/100
Training statistic: Loss: 0.0037, train_score: {'accuracy': 0.99775, 'balanced_accuracy': 0.5, 'f1_macro': 0.49943686647478414, 'f1_micro': 0.99775, 'f1_weighted': 0.9966262670504318, 'f1_binary': 0.0, 'pr_auc': 0.845767516137902, 'precision_macro': 0.498875, 'precision_micro': 0.99775, 'precision_weighted': 0.9955050625, 'precision_binary': 0.0, 'recall_macro': 0.5, 'recall_micro': 0.99775, 'recall_weighted': 0.99775, 'recall_binary': 0.0, 'roc_auc': 0.9997240234973133}
Validation statistic: Loss: 0.0076, dev_score: {'accuracy': 0.9980667517782236, 'balanced_accuracy': 0.5, 'f1_macro': 0.4995162203114446, 'f1_micro': 0.9980667517782236, 'f1_weighted': 0.9971010629335582, 'f1_binary': 0.0, 'pr_auc': 0.49277978229164077, 'precision_macro': 0.4990333758891118, 'precision_micro': 0.9980667517782236, 'precision_weighted': 0.9961372410051341, 'precision_binary': 0.0, 'recall_macro': 0.5, 'recall_micro': 0.9980667517782236, 'recall_weighted': 0.9980667517782236, 'recall_binary': 0.0, 'roc_auc': 0.9496768000794381}
-----------------------
Epoch 22/100
Training statistic: Loss: 0.0037, train_score: {'accuracy': 0.99775, 'balanced_accuracy': 0.5, 'f1_macro': 0.49943686647478414, 'f1_micro': 0.99775, 'f1_weighted': 0.9966262670504318, 'f1_binary': 0.0, 'pr_auc': 0.9128041582771185, 'precision_macro': 0.498875, 'precision_micro': 0.99775, 'precision_weighted': 0.9955050625, 'precision_binary': 0.0, 'recall_macro': 0.5, 'recall_micro': 0.99775, 'recall_weighted': 0.99775, 'recall_binary': 0.0, 'roc_auc': 0.9997881010050391}
Validation statistic: Loss: 0.0077, dev_score: {'accuracy': 0.9980667517782236, 'balanced_accuracy': 0.5, 'f1_macro': 0.4995162203114446, 'f1_micro': 0.9980667517782236, 'f1_weighted': 0.9971010629335582, 'f1_binary': 0.0, 'pr_auc': 0.5477247454959446, 'precision_macro': 0.4990333758891118, 'precision_micro': 0.9980667517782236, 'precision_weighted': 0.9961372410051341, 'precision_binary': 0.0, 'recall_macro': 0.5, 'recall_micro': 0.9980667517782236, 'recall_weighted': 0.9980667517782236, 'recall_binary': 0.0, 'roc_auc': 0.9418553895845085}
-----------------------
Epoch 23/100
Training statistic: Loss: 0.0039, train_score: {'accuracy': 0.99775, 'balanced_accuracy': 0.5, 'f1_macro': 0.49943686647478414, 'f1_micro': 0.99775, 'f1_weighted': 0.9966262670504318, 'f1_binary': 0.0, 'pr_auc': 0.8144108493909261, 'precision_macro': 0.498875, 'precision_micro': 0.99775, 'precision_weighted': 0.9955050625, 'precision_binary': 0.0, 'recall_macro': 0.5, 'recall_micro': 0.99775, 'recall_weighted': 0.99775, 'recall_binary': 0.0, 'roc_auc': 0.9996728416715387}
Validation statistic: Loss: 0.0075, dev_score: {'accuracy': 0.9980667517782236, 'balanced_accuracy': 0.5, 'f1_macro': 0.4995162203114446, 'f1_micro': 0.9980667517782236, 'f1_weighted': 0.9971010629335582, 'f1_binary': 0.0, 'pr_auc': 0.5067429279658228, 'precision_macro': 0.4990333758891118, 'precision_micro': 0.9980667517782236, 'precision_weighted': 0.9961372410051341, 'precision_binary': 0.0, 'recall_macro': 0.5, 'recall_micro': 0.9980667517782236, 'recall_weighted': 0.9980667517782236, 'recall_binary': 0.0, 'roc_auc': 0.9452932244553458}
-----------------------
Epoch 24/100
Training statistic: Loss: 0.0033, train_score: {'accuracy': 0.99775, 'balanced_accuracy': 0.5, 'f1_macro': 0.49943686647478414, 'f1_micro': 0.99775, 'f1_weighted': 0.9966262670504318, 'f1_binary': 0.0, 'pr_auc': 0.8652492693733769, 'precision_macro': 0.498875, 'precision_micro': 0.99775, 'precision_weighted': 0.9955050625, 'precision_binary': 0.0, 'recall_macro': 0.5, 'recall_micro': 0.99775, 'recall_weighted': 0.99775, 'recall_binary': 0.0, 'roc_auc': 0.9997616860157577}
Validation statistic: Loss: 0.0082, dev_score: {'accuracy': 0.9980667517782236, 'balanced_accuracy': 0.5, 'f1_macro': 0.4995162203114446, 'f1_micro': 0.9980667517782236, 'f1_weighted': 0.9971010629335582, 'f1_binary': 0.0, 'pr_auc': 0.5142038605290075, 'precision_macro': 0.4990333758891118, 'precision_micro': 0.9980667517782236, 'precision_weighted': 0.9961372410051341, 'precision_binary': 0.0, 'recall_macro': 0.5, 'recall_micro': 0.9980667517782236, 'recall_weighted': 0.9980667517782236, 'recall_binary': 0.0, 'roc_auc': 0.9484679896234001}
-----------------------
Epoch 25/100
Training statistic: Loss: 0.0033, train_score: {'accuracy': 0.99775, 'balanced_accuracy': 0.5, 'f1_macro': 0.49943686647478414, 'f1_micro': 0.99775, 'f1_weighted': 0.9966262670504318, 'f1_binary': 0.0, 'pr_auc': 0.8493342671540667, 'precision_macro': 0.498875, 'precision_micro': 0.99775, 'precision_weighted': 0.9955050625, 'precision_binary': 0.0, 'recall_macro': 0.5, 'recall_micro': 0.99775, 'recall_weighted': 0.99775, 'recall_binary': 0.0, 'roc_auc': 0.9997276761602494}
Validation statistic: Loss: 0.0077, dev_score: {'accuracy': 0.9980667517782236, 'balanced_accuracy': 0.5, 'f1_macro': 0.4995162203114446, 'f1_micro': 0.9980667517782236, 'f1_weighted': 0.9971010629335582, 'f1_binary': 0.0, 'pr_auc': 0.5278485068091914, 'precision_macro': 0.4990333758891118, 'precision_micro': 0.9980667517782236, 'precision_weighted': 0.9961372410051341, 'precision_binary': 0.0, 'recall_macro': 0.5, 'recall_micro': 0.9980667517782236, 'recall_weighted': 0.9980667517782236, 'recall_binary': 0.0, 'roc_auc': 0.9483293867131528}
-----------------------
Epoch 26/100
Training statistic: Loss: 0.0033, train_score: {'accuracy': 0.99775, 'balanced_accuracy': 0.5, 'f1_macro': 0.49943686647478414, 'f1_micro': 0.99775, 'f1_weighted': 0.9966262670504318, 'f1_binary': 0.0, 'pr_auc': 0.813840911629825, 'precision_macro': 0.498875, 'precision_micro': 0.99775, 'precision_weighted': 0.9955050625, 'precision_binary': 0.0, 'recall_macro': 0.5, 'recall_micro': 0.99775, 'recall_weighted': 0.99775, 'recall_binary': 0.0, 'roc_auc': 0.9996758038920905}
Validation statistic: Loss: 0.0083, dev_score: {'accuracy': 0.9980667517782236, 'balanced_accuracy': 0.5, 'f1_macro': 0.4995162203114446, 'f1_micro': 0.9980667517782236, 'f1_weighted': 0.9971010629335582, 'f1_binary': 0.0, 'pr_auc': 0.5130418094592889, 'precision_macro': 0.4990333758891118, 'precision_micro': 0.9980667517782236, 'precision_weighted': 0.9961372410051341, 'precision_binary': 0.0, 'recall_macro': 0.5, 'recall_micro': 0.9980667517782236, 'recall_weighted': 0.9980667517782236, 'recall_binary': 0.0, 'roc_auc': 0.9413606254645956}
-----------------------
Epoch 27/100
Training statistic: Loss: 0.0034, train_score: {'accuracy': 0.99775, 'balanced_accuracy': 0.5, 'f1_macro': 0.49943686647478414, 'f1_micro': 0.99775, 'f1_weighted': 0.9966262670504318, 'f1_binary': 0.0, 'pr_auc': 0.821776436805705, 'precision_macro': 0.498875, 'precision_micro': 0.99775, 'precision_weighted': 0.9955050625, 'precision_binary': 0.0, 'recall_macro': 0.5, 'recall_micro': 0.99775, 'recall_weighted': 0.99775, 'recall_binary': 0.0, 'roc_auc': 0.999679946546396}
Validation statistic: Loss: 0.0084, dev_score: {'accuracy': 0.9980667517782236, 'balanced_accuracy': 0.5, 'f1_macro': 0.4995162203114446, 'f1_micro': 0.9980667517782236, 'f1_weighted': 0.9971010629335582, 'f1_binary': 0.0, 'pr_auc': 0.5148111091732855, 'precision_macro': 0.4990333758891118, 'precision_micro': 0.9980667517782236, 'precision_weighted': 0.9961372410051341, 'precision_binary': 0.0, 'recall_macro': 0.5, 'recall_micro': 0.9980667517782236, 'recall_weighted': 0.9980667517782236, 'recall_binary': 0.0, 'roc_auc': 0.9540879583722364}
-----------------------
Epoch 28/100
Training statistic: Loss: 0.0033, train_score: {'accuracy': 0.99775, 'balanced_accuracy': 0.5, 'f1_macro': 0.49943686647478414, 'f1_micro': 0.99775, 'f1_weighted': 0.9966262670504318, 'f1_binary': 0.0, 'pr_auc': 0.884345131404034, 'precision_macro': 0.498875, 'precision_micro': 0.99775, 'precision_weighted': 0.9955050625, 'precision_binary': 0.0, 'recall_macro': 0.5, 'recall_micro': 0.99775, 'recall_weighted': 0.99775, 'recall_binary': 0.0, 'roc_auc': 0.999763200534536}
Validation statistic: Loss: 0.0084, dev_score: {'accuracy': 0.9980667517782236, 'balanced_accuracy': 0.5, 'f1_macro': 0.4995162203114446, 'f1_micro': 0.9980667517782236, 'f1_weighted': 0.9971010629335582, 'f1_binary': 0.0, 'pr_auc': 0.530231911648102, 'precision_macro': 0.4990333758891118, 'precision_micro': 0.9980667517782236, 'precision_weighted': 0.9961372410051341, 'precision_binary': 0.0, 'recall_macro': 0.5, 'recall_micro': 0.9980667517782236, 'recall_weighted': 0.9980667517782236, 'recall_binary': 0.0, 'roc_auc': 0.9365281419073139}
-----------------------
Epoch 29/100
Training statistic: Loss: 0.0031, train_score: {'accuracy': 0.99775, 'balanced_accuracy': 0.5, 'f1_macro': 0.49943686647478414, 'f1_micro': 0.99775, 'f1_weighted': 0.9966262670504318, 'f1_binary': 0.0, 'pr_auc': 0.8403973556150035, 'precision_macro': 0.498875, 'precision_micro': 0.99775, 'precision_weighted': 0.9955050625, 'precision_binary': 0.0, 'recall_macro': 0.5, 'recall_micro': 0.99775, 'recall_weighted': 0.99775, 'recall_binary': 0.0, 'roc_auc': 0.999723466688939}
Validation statistic: Loss: 0.0080, dev_score: {'accuracy': 0.9980667517782236, 'balanced_accuracy': 0.5, 'f1_macro': 0.4995162203114446, 'f1_micro': 0.9980667517782236, 'f1_weighted': 0.9971010629335582, 'f1_binary': 0.0, 'pr_auc': 0.5099875853468177, 'precision_macro': 0.4990333758891118, 'precision_micro': 0.9980667517782236, 'precision_weighted': 0.9961372410051341, 'precision_binary': 0.0, 'recall_macro': 0.5, 'recall_micro': 0.9980667517782236, 'recall_weighted': 0.9980667517782236, 'recall_binary': 0.0, 'roc_auc': 0.934702858805698}
-----------------------
Epoch 30/100
Training statistic: Loss: 0.0030, train_score: {'accuracy': 0.99775, 'balanced_accuracy': 0.5, 'f1_macro': 0.49943686647478414, 'f1_micro': 0.99775, 'f1_weighted': 0.9966262670504318, 'f1_binary': 0.0, 'pr_auc': 0.8854936651828461, 'precision_macro': 0.498875, 'precision_micro': 0.99775, 'precision_weighted': 0.9955050625, 'precision_binary': 0.0, 'recall_macro': 0.5, 'recall_micro': 0.99775, 'recall_weighted': 0.99775, 'recall_binary': 0.0, 'roc_auc': 0.9997978117430886}
Validation statistic: Loss: 0.0083, dev_score: {'accuracy': 0.9980667517782236, 'balanced_accuracy': 0.5, 'f1_macro': 0.4995162203114446, 'f1_micro': 0.9980667517782236, 'f1_weighted': 0.9971010629335582, 'f1_binary': 0.0, 'pr_auc': 0.5104840017378213, 'precision_macro': 0.4990333758891118, 'precision_micro': 0.9980667517782236, 'precision_weighted': 0.9961372410051341, 'precision_binary': 0.0, 'recall_macro': 0.5, 'recall_micro': 0.9980667517782236, 'recall_weighted': 0.9980667517782236, 'recall_binary': 0.0, 'roc_auc': 0.9298548599972692}
-----------------------
Epoch 31/100
Training statistic: Loss: 0.0030, train_score: {'accuracy': 0.99775, 'balanced_accuracy': 0.5, 'f1_macro': 0.49943686647478414, 'f1_micro': 0.99775, 'f1_weighted': 0.9966262670504318, 'f1_binary': 0.0, 'pr_auc': 0.7560494488594122, 'precision_macro': 0.498875, 'precision_micro': 0.99775, 'precision_weighted': 0.9955050625, 'precision_binary': 0.0, 'recall_macro': 0.5, 'recall_micro': 0.99775, 'recall_weighted': 0.99775, 'recall_binary': 0.0, 'roc_auc': 0.999609744146552}
Validation statistic: Loss: 0.0083, dev_score: {'accuracy': 0.9980667517782236, 'balanced_accuracy': 0.5, 'f1_macro': 0.4995162203114446, 'f1_micro': 0.9980667517782236, 'f1_weighted': 0.9971010629335582, 'f1_binary': 0.0, 'pr_auc': 0.4592716113506051, 'precision_macro': 0.4990333758891118, 'precision_micro': 0.9980667517782236, 'precision_weighted': 0.9961372410051341, 'precision_binary': 0.0, 'recall_macro': 0.5, 'recall_micro': 0.9980667517782236, 'recall_weighted': 0.9980667517782236, 'recall_binary': 0.0, 'roc_auc': 0.9353627741544878}
-----------------------
Epoch 32/100
Training statistic: Loss: 0.0029, train_score: {'accuracy': 0.99775, 'balanced_accuracy': 0.5, 'f1_macro': 0.49943686647478414, 'f1_micro': 0.99775, 'f1_weighted': 0.9966262670504318, 'f1_binary': 0.0, 'pr_auc': 0.9061063668711252, 'precision_macro': 0.498875, 'precision_micro': 0.99775, 'precision_weighted': 0.9955050625, 'precision_binary': 0.0, 'recall_macro': 0.5, 'recall_micro': 0.99775, 'recall_weighted': 0.99775, 'recall_binary': 0.0, 'roc_auc': 0.999825228987444}
Validation statistic: Loss: 0.0081, dev_score: {'accuracy': 0.9980667517782236, 'balanced_accuracy': 0.5, 'f1_macro': 0.4995162203114446, 'f1_micro': 0.9980667517782236, 'f1_weighted': 0.9971010629335582, 'f1_binary': 0.0, 'pr_auc': 0.528088865247209, 'precision_macro': 0.4990333758891118, 'precision_micro': 0.9980667517782236, 'precision_weighted': 0.9961372410051341, 'precision_binary': 0.0, 'recall_macro': 0.5, 'recall_micro': 0.9980667517782236, 'recall_weighted': 0.9980667517782236, 'recall_binary': 0.0, 'roc_auc': 0.9398166855837803}
-----------------------
Epoch 33/100
Training statistic: Loss: 0.0028, train_score: {'accuracy': 0.99775, 'balanced_accuracy': 0.5, 'f1_macro': 0.49943686647478414, 'f1_micro': 0.99775, 'f1_weighted': 0.9966262670504318, 'f1_binary': 0.0, 'pr_auc': 0.8795454085917294, 'precision_macro': 0.498875, 'precision_micro': 0.99775, 'precision_weighted': 0.9955050625, 'precision_binary': 0.0, 'recall_macro': 0.5, 'recall_micro': 0.99775, 'recall_weighted': 0.99775, 'recall_binary': 0.0, 'roc_auc': 0.9998072997577884}
Validation statistic: Loss: 0.0082, dev_score: {'accuracy': 0.9980667517782236, 'balanced_accuracy': 0.5, 'f1_macro': 0.4995162203114446, 'f1_micro': 0.9980667517782236, 'f1_weighted': 0.9971010629335582, 'f1_binary': 0.0, 'pr_auc': 0.5128093361435636, 'precision_macro': 0.4990333758891118, 'precision_micro': 0.9980667517782236, 'precision_weighted': 0.9961372410051341, 'precision_binary': 0.0, 'recall_macro': 0.5, 'recall_micro': 0.9980667517782236, 'recall_weighted': 0.9980667517782236, 'recall_binary': 0.0, 'roc_auc': 0.9487679511455772}
-----------------------
Epoch 34/100
Training statistic: Loss: 0.0026, train_score: {'accuracy': 0.99775, 'balanced_accuracy': 0.5, 'f1_macro': 0.49943686647478414, 'f1_micro': 0.99775, 'f1_weighted': 0.9966262670504318, 'f1_binary': 0.0, 'pr_auc': 0.9307236903965984, 'precision_macro': 0.498875, 'precision_micro': 0.99775, 'precision_weighted': 0.9955050625, 'precision_binary': 0.0, 'recall_macro': 0.5, 'recall_micro': 0.99775, 'recall_weighted': 0.99775, 'recall_binary': 0.0, 'roc_auc': 0.9998831593307165}
Validation statistic: Loss: 0.0081, dev_score: {'accuracy': 0.9980667517782236, 'balanced_accuracy': 0.5, 'f1_macro': 0.4995162203114446, 'f1_micro': 0.9980667517782236, 'f1_weighted': 0.9971010629335582, 'f1_binary': 0.0, 'pr_auc': 0.5104581656127196, 'precision_macro': 0.4990333758891118, 'precision_micro': 0.9980667517782236, 'precision_weighted': 0.9961372410051341, 'precision_binary': 0.0, 'recall_macro': 0.5, 'recall_micro': 0.9980667517782236, 'recall_weighted': 0.9980667517782236, 'recall_binary': 0.0, 'roc_auc': 0.9490596378671425}
-----------------------
Epoch 35/100
Training statistic: Loss: 0.0027, train_score: {'accuracy': 0.99775, 'balanced_accuracy': 0.5, 'f1_macro': 0.49943686647478414, 'f1_micro': 0.99775, 'f1_weighted': 0.9966262670504318, 'f1_binary': 0.0, 'pr_auc': 0.8719842657105894, 'precision_macro': 0.498875, 'precision_micro': 0.99775, 'precision_weighted': 0.9955050625, 'precision_binary': 0.0, 'recall_macro': 0.5, 'recall_micro': 0.99775, 'recall_weighted': 0.99775, 'recall_binary': 0.0, 'roc_auc': 0.9998081015618475}
Validation statistic: Loss: 0.0087, dev_score: {'accuracy': 0.9980667517782236, 'balanced_accuracy': 0.5, 'f1_macro': 0.4995162203114446, 'f1_micro': 0.9980667517782236, 'f1_weighted': 0.9971010629335582, 'f1_binary': 0.0, 'pr_auc': 0.4891281045047369, 'precision_macro': 0.4990333758891118, 'precision_micro': 0.9980667517782236, 'precision_weighted': 0.9961372410051341, 'precision_binary': 0.0, 'recall_macro': 0.5, 'recall_micro': 0.9980667517782236, 'recall_weighted': 0.9980667517782236, 'recall_binary': 0.0, 'roc_auc': 0.9289560097808144}
-----------------------
Epoch 36/100
Training statistic: Loss: 0.0027, train_score: {'accuracy': 0.99775, 'balanced_accuracy': 0.5, 'f1_macro': 0.49943686647478414, 'f1_micro': 0.99775, 'f1_weighted': 0.9966262670504318, 'f1_binary': 0.0, 'pr_auc': 0.9093831045901744, 'precision_macro': 0.498875, 'precision_micro': 0.99775, 'precision_weighted': 0.9955050625, 'precision_binary': 0.0, 'recall_macro': 0.5, 'recall_micro': 0.99775, 'recall_weighted': 0.99775, 'recall_binary': 0.0, 'roc_auc': 0.9998317770539269}
Validation statistic: Loss: 0.0090, dev_score: {'accuracy': 0.9980667517782236, 'balanced_accuracy': 0.5, 'f1_macro': 0.4995162203114446, 'f1_micro': 0.9980667517782236, 'f1_weighted': 0.9971010629335582, 'f1_binary': 0.0, 'pr_auc': 0.5002843971239874, 'precision_macro': 0.4990333758891118, 'precision_micro': 0.9980667517782236, 'precision_weighted': 0.9961372410051341, 'precision_binary': 0.0, 'recall_macro': 0.5, 'recall_micro': 0.9980667517782236, 'recall_weighted': 0.9980667517782236, 'recall_binary': 0.0, 'roc_auc': 0.9204357234175479}
Early stopping by loss triggered!
Testing statistic: loss: 0.0026536086550708695, scores: {'accuracy': 0.9989991993594876, 'balanced_accuracy': 0.5, 'f1_macro': 0.49974967457695, 'f1_micro': 0.9989991993594876, 'f1_weighted': 0.9984990495650752, 'f1_binary': 0.0, 'pr_auc': 0.3562532375032375, 'precision_macro': 0.4994995996797438, 'precision_micro': 0.9989991993594876, 'precision_weighted': 0.9979994003208971, 'precision_binary': 0.0, 'recall_macro': 0.5, 'recall_micro': 0.9989991993594876, 'recall_weighted': 0.9989991993594876, 'recall_binary': 0.0, 'roc_auc': 0.9990683229813665}
Finish training!
