=====Setting up data=====
Dataset name:credit
train_option:synthetic
augment_option:tvae_compare_pca_gmm
mix_ratio:-1
n_sample:-1
Training dataset size: 100096 samples
Validation dataset size: 27520 samples

=====Setting up parameters for training=====
num_epochs: 100
learning_rate: 0.001
patience: 30
early_stop_criterion: loss
=====Setting up trainer=====
input_size: 29
model: DNN_Adult
----------------------------------------------------------------
        Layer (type)               Output Shape         Param #
================================================================
            Linear-1                  [-1, 128]           3,840
       BatchNorm1d-2                  [-1, 128]             256
              ReLU-3                  [-1, 128]               0
           Dropout-4                  [-1, 128]               0
            Linear-5                   [-1, 64]           8,256
       BatchNorm1d-6                   [-1, 64]             128
              ReLU-7                   [-1, 64]               0
           Dropout-8                   [-1, 64]               0
            Linear-9                   [-1, 32]           2,080
      BatchNorm1d-10                   [-1, 32]              64
             ReLU-11                   [-1, 32]               0
          Dropout-12                   [-1, 32]               0
           Linear-13                   [-1, 16]             528
      BatchNorm1d-14                   [-1, 16]              32
             ReLU-15                   [-1, 16]               0
          Dropout-16                   [-1, 16]               0
           Linear-17                    [-1, 1]              17
          Sigmoid-18                    [-1, 1]               0
================================================================
Total params: 15,201
Trainable params: 15,201
Non-trainable params: 0
----------------------------------------------------------------
Input size (MB): 0.00
Forward/backward pass size (MB): 0.01
Params size (MB): 0.06
Estimated Total Size (MB): 0.07
----------------------------------------------------------------
=====Setting up output files=====
weight_dir, weight_file: /home/thuy/Research/minh_data_synth/TabularDA/output/corrected_v2/credit/weight/, credit_seed42_tvae_full_pca_gmm_synthetic.weights.pth
acc_dir, acc_file: /home/thuy/Research/minh_data_synth/TabularDA/output/corrected_v2/credit/acc/, credit_seed42_tvae_full_pca_gmm_synthetic.epochs.csv
report_file: credit_seed42_tvae_full_pca_gmm_synthetic.report.txt
==========================================================================================
Start training...
-----------------------
Epoch 1/100
Training statistic: Loss: 0.3286, train_score: {'accuracy': 0.80951, 'balanced_accuracy': 0.5, 'f1_macro': 0.447364203568922, 'f1_micro': 0.80951, 'f1_weighted': 0.724291592862156, 'f1_binary': 0.0, 'pr_auc': 0.6343432136949485, 'precision_macro': 0.404755, 'precision_micro': 0.80951, 'precision_weighted': 0.6553064400999999, 'precision_binary': 0.0, 'recall_macro': 0.5, 'recall_micro': 0.80951, 'recall_weighted': 0.80951, 'recall_binary': 0.0, 'roc_auc': 0.9210989029183884}
Validation statistic: Loss: 0.3093, dev_score: {'accuracy': 0.9980667517782236, 'balanced_accuracy': 0.5, 'f1_macro': 0.4995162203114446, 'f1_micro': 0.9980667517782236, 'f1_weighted': 0.9971010629335582, 'f1_binary': 0.0, 'pr_auc': 0.0011817199632350854, 'precision_macro': 0.4990333758891118, 'precision_micro': 0.9980667517782236, 'precision_weighted': 0.9961372410051341, 'precision_binary': 0.0, 'recall_macro': 0.5, 'recall_micro': 0.9980667517782236, 'recall_weighted': 0.9980667517782236, 'recall_binary': 0.0, 'roc_auc': 0.24771649981450655}
Saving model...
Model saved!
-------------------------------------------
-----------------------
Epoch 2/100
Training statistic: Loss: 0.2789, train_score: {'accuracy': 0.87269, 'balanced_accuracy': 0.7916236994085115, 'f1_macro': 0.7927800742737643, 'f1_micro': 0.87269, 'f1_weighted': 0.8724364974416968, 'f1_binary': 0.6640985725970291, 'pr_auc': 0.6809112818315557, 'precision_macro': 0.7939557523001328, 'precision_micro': 0.87269, 'precision_weighted': 0.8721920339412843, 'precision_binary': 0.6675684277530235, 'recall_macro': 0.7916236994085115, 'recall_micro': 0.87269, 'recall_weighted': 0.87269, 'recall_binary': 0.6606646018163683, 'roc_auc': 0.9344475182249021}
Validation statistic: Loss: 0.2799, dev_score: {'accuracy': 0.8198796279409083, 'balanced_accuracy': 0.4295652419758569, 'f1_macro': 0.4509138349303492, 'f1_micro': 0.8198796279409083, 'f1_weighted': 0.8992779537095668, 'f1_binary': 0.0008093889113719142, 'pr_auc': 0.0012557210824416447, 'precision_macro': 0.499072515590584, 'precision_micro': 0.8198796279409083, 'precision_weighted': 0.9958078691753776, 'precision_binary': 0.00040908161178155044, 'recall_macro': 0.4295652419758569, 'recall_micro': 0.8198796279409083, 'recall_weighted': 0.8198796279409083, 'recall_binary': 0.03773584905660377, 'roc_auc': 0.291071628053229}
Saving model...
Model saved!
-------------------------------------------
-----------------------
Epoch 3/100
Training statistic: Loss: 0.2706, train_score: {'accuracy': 0.8832, 'balanced_accuracy': 0.8665591675487643, 'f1_macro': 0.8289128771198526, 'f1_micro': 0.8832, 'f1_weighted': 0.8885699245284605, 'f1_binary': 0.7325395008014656, 'pr_auc': 0.692556101332909, 'precision_macro': 0.8045667055123227, 'precision_micro': 0.8832, 'precision_weighted': 0.900464065443293, 'precision_binary': 0.6496486738962675, 'recall_macro': 0.8665591675487643, 'recall_micro': 0.8832, 'recall_weighted': 0.8832, 'recall_binary': 0.8396766234448002, 'roc_auc': 0.9386164219805408}
Validation statistic: Loss: 0.2972, dev_score: {'accuracy': 0.7692868867408353, 'balanced_accuracy': 0.4230512499775891, 'f1_macro': 0.43542139300129945, 'f1_micro': 0.7692868867408353, 'f1_weighted': 0.8679008906074556, 'f1_binary': 0.0012632243802305385, 'pr_auc': 0.0012379961359906735, 'precision_macro': 0.49915925676459644, 'precision_micro': 0.7692868867408353, 'precision_weighted': 0.9957540360995752, 'precision_binary': 0.0006369426751592356, 'recall_macro': 0.4230512499775891, 'recall_micro': 0.7692868867408353, 'recall_weighted': 0.7692868867408353, 'recall_binary': 0.07547169811320754, 'roc_auc': 0.2805226364066402}
-----------------------
Epoch 4/100
Training statistic: Loss: 0.2577, train_score: {'accuracy': 0.87431, 'balanced_accuracy': 0.8982807915707529, 'f1_macro': 0.8283790209236588, 'f1_micro': 0.87431, 'f1_weighted': 0.8833385142216248, 'f1_binary': 0.7395943398180952, 'pr_auc': 0.6995727458207249, 'precision_macro': 0.796968542089182, 'precision_micro': 0.87431, 'precision_weighted': 0.9121545426568718, 'precision_binary': 0.6108905469231296, 'recall_macro': 0.8982807915707529, 'recall_micro': 0.87431, 'recall_weighted': 0.87431, 'recall_binary': 0.9370045671688803, 'roc_auc': 0.9405665306563393}
Validation statistic: Loss: 0.3083, dev_score: {'accuracy': 0.7238008389567755, 'balanced_accuracy': 0.3908484842633979, 'f1_macro': 0.42027229016652284, 'f1_micro': 0.7238008389567755, 'f1_weighted': 0.8381308947394427, 'f1_binary': 0.000791765637371338, 'pr_auc': 0.001220247633444302, 'precision_macro': 0.49894242252655385, 'precision_micro': 0.7238008389567755, 'precision_weighted': 0.9955585563149019, 'precision_binary': 0.00039867109634551497, 'recall_macro': 0.3908484842633979, 'recall_micro': 0.7238008389567755, 'recall_weighted': 0.7238008389567755, 'recall_binary': 0.05660377358490566, 'roc_auc': 0.26854693122123646}
-----------------------
Epoch 5/100
Training statistic: Loss: 0.2430, train_score: {'accuracy': 0.87806, 'balanced_accuracy': 0.9012794392692876, 'f1_macro': 0.8327719385553032, 'f1_micro': 0.87806, 'f1_weighted': 0.8866424531507994, 'f1_binary': 0.7457464553794829, 'pr_auc': 0.7107085635799264, 'precision_macro': 0.8010757583807233, 'precision_micro': 0.87806, 'precision_weighted': 0.9140606918701364, 'precision_binary': 0.6185534917505447, 'recall_macro': 0.9012794392692876, 'recall_micro': 0.87806, 'recall_weighted': 0.87806, 'recall_binary': 0.938789437765762, 'roc_auc': 0.9429476186820509}
Validation statistic: Loss: 0.2972, dev_score: {'accuracy': 0.7302571584898778, 'balanced_accuracy': 0.4034985856986621, 'f1_macro': 0.42257840106621297, 'f1_micro': 0.7302571584898778, 'f1_weighted': 0.8424464395672555, 'f1_binary': 0.0010806429825746318, 'pr_auc': 0.0012587593555252368, 'precision_macro': 0.49905107719639064, 'precision_micro': 0.7302571584898778, 'precision_weighted': 0.995630461706327, 'precision_binary': 0.0005442176870748299, 'recall_macro': 0.4034985856986621, 'recall_micro': 0.7302571584898778, 'recall_weighted': 0.7302571584898778, 'recall_binary': 0.07547169811320754, 'roc_auc': 0.2915715639235243}
-----------------------
Epoch 6/100
Training statistic: Loss: 0.2481, train_score: {'accuracy': 0.88169, 'balanced_accuracy': 0.9069939094836682, 'f1_macro': 0.8377107212003028, 'f1_micro': 0.88169, 'f1_weighted': 0.8900073444451855, 'f1_binary': 0.7532277913355443, 'pr_auc': 0.7153897287033598, 'precision_macro': 0.8054698791459542, 'precision_micro': 0.88169, 'precision_weighted': 0.9172432592536757, 'precision_binary': 0.6249048245310445, 'recall_macro': 0.9069939094836682, 'recall_micro': 0.88169, 'recall_weighted': 0.88169, 'recall_binary': 0.9478712793322485, 'roc_auc': 0.9448292542304662}
Validation statistic: Loss: 0.3190, dev_score: {'accuracy': 0.729345248951304, 'balanced_accuracy': 0.4030417477482199, 'f1_macro': 0.42227176316175785, 'f1_micro': 0.729345248951304, 'f1_weighted': 0.8418379723690784, 'f1_binary': 0.0010770059235325794, 'pr_auc': 0.001308754303416725, 'precision_macro': 0.4990486315504584, 'precision_micro': 0.729345248951304, 'precision_weighted': 0.995627417543328, 'precision_binary': 0.0005423728813559322, 'recall_macro': 0.4030417477482199, 'recall_micro': 0.729345248951304, 'recall_weighted': 0.729345248951304, 'recall_binary': 0.07547169811320754, 'roc_auc': 0.3144272527799882}
-----------------------
Epoch 7/100
Training statistic: Loss: 0.2419, train_score: {'accuracy': 0.88894, 'balanced_accuracy': 0.9024397425730247, 'f1_macro': 0.8439783498053264, 'f1_micro': 0.88894, 'f1_weighted': 0.8958247055735669, 'f1_binary': 0.7602228075478216, 'pr_auc': 0.7155833653332411, 'precision_macro': 0.8129006689133281, 'precision_micro': 0.88894, 'precision_weighted': 0.9164373956945336, 'precision_binary': 0.6456415710147053, 'recall_macro': 0.9024397425730247, 'recall_micro': 0.88894, 'recall_weighted': 0.88894, 'recall_binary': 0.9242479920205785, 'roc_auc': 0.9455072291751937}
Validation statistic: Loss: 0.3217, dev_score: {'accuracy': 0.7430968447929965, 'balanced_accuracy': 0.41934655278702176, 'f1_macro': 0.4270019043557318, 'f1_micro': 0.7430968447929965, 'f1_weighted': 0.8509404530445277, 'f1_binary': 0.001417836381681554, 'pr_auc': 0.0013389368107628993, 'precision_macro': 0.4991815366852104, 'precision_micro': 0.7430968447929965, 'precision_weighted': 0.9957214658030284, 'precision_binary': 0.0007142857142857143, 'recall_macro': 0.41934655278702176, 'recall_micro': 0.7430968447929965, 'recall_weighted': 0.7430968447929965, 'recall_binary': 0.09433962264150944, 'roc_auc': 0.3297252904110231}
-----------------------
Epoch 8/100
Training statistic: Loss: 0.2353, train_score: {'accuracy': 0.89076, 'balanced_accuracy': 0.9045273124073967, 'f1_macro': 0.8463356779256668, 'f1_micro': 0.89076, 'f1_weighted': 0.8974804924072427, 'f1_binary': 0.7637134452327392, 'pr_auc': 0.7179289237338418, 'precision_macro': 0.8151462048093191, 'precision_micro': 0.89076, 'precision_weighted': 0.9177154547083753, 'precision_binary': 0.6494500239120038, 'recall_macro': 0.9045273124073967, 'recall_micro': 0.89076, 'recall_weighted': 0.89076, 'recall_binary': 0.9267678093338233, 'roc_auc': 0.9462384652119823}
Validation statistic: Loss: 0.3239, dev_score: {'accuracy': 0.7482035382090096, 'balanced_accuracy': 0.4030734678172317, 'f1_macro': 0.42840942543815985, 'f1_micro': 0.7482035382090096, 'f1_weighted': 0.8542973326681967, 'f1_binary': 0.0008684324793747286, 'pr_auc': 0.0012890284424798629, 'precision_macro': 0.49900277401244325, 'precision_micro': 0.7482035382090096, 'precision_weighted': 0.995640274519196, 'precision_binary': 0.00043757292882147026, 'recall_macro': 0.4030734678172317, 'recall_micro': 0.7482035382090096, 'recall_weighted': 0.7482035382090096, 'recall_binary': 0.05660377358490566, 'roc_auc': 0.3065737774326879}
-----------------------
Epoch 9/100
Training statistic: Loss: 0.2340, train_score: {'accuracy': 0.89133, 'balanced_accuracy': 0.9040363733522341, 'f1_macro': 0.8468103161559919, 'f1_micro': 0.89133, 'f1_weighted': 0.897930861321211, 'f1_binary': 0.7642272894925256, 'pr_auc': 0.720227193409663, 'precision_macro': 0.815793462754757, 'precision_micro': 0.89133, 'precision_weighted': 0.9176286123443342, 'precision_binary': 0.6512831891132312, 'recall_macro': 0.9040363733522341, 'recall_micro': 0.89133, 'recall_weighted': 0.89133, 'recall_binary': 0.9245629691847341, 'roc_auc': 0.9465881828192477}
Validation statistic: Loss: 0.3081, dev_score: {'accuracy': 0.7522888929418202, 'balanced_accuracy': 0.40512010183521285, 'f1_macro': 0.4297503879108467, 'f1_micro': 0.7522888929418202, 'f1_weighted': 0.8569598182091712, 'f1_binary': 0.0008827423863469177, 'pr_auc': 0.0013286596954729516, 'precision_macro': 0.49901299609833843, 'precision_micro': 0.7522888929418202, 'precision_weighted': 0.9956534403360524, 'precision_binary': 0.00044483985765124553, 'recall_macro': 0.40512010183521285, 'recall_micro': 0.7522888929418202, 'recall_weighted': 0.7522888929418202, 'recall_binary': 0.05660377358490566, 'roc_auc': 0.32916398310285716}
-----------------------
Epoch 10/100
Training statistic: Loss: 0.2354, train_score: {'accuracy': 0.89332, 'balanced_accuracy': 0.904944367629998, 'f1_macro': 0.8490845851192648, 'f1_micro': 0.89332, 'f1_weighted': 0.8996619891079473, 'f1_binary': 0.7673789795028347, 'pr_auc': 0.72055969458679, 'precision_macro': 0.8182225390572713, 'precision_micro': 0.89332, 'precision_weighted': 0.9184571983197837, 'precision_binary': 0.6562977882212525, 'recall_macro': 0.904944367629998, 'recall_micro': 0.89332, 'recall_weighted': 0.89332, 'recall_binary': 0.9237230300803192, 'roc_auc': 0.947010495054077}
Validation statistic: Loss: 0.3288, dev_score: {'accuracy': 0.7499908809046143, 'balanced_accuracy': 0.4133845589462317, 'f1_macro': 0.4291394581231556, 'f1_micro': 0.7499908809046143, 'f1_weighted': 0.8554583169145171, 'f1_binary': 0.0011658408627222385, 'pr_auc': 0.0013484962843322483, 'precision_macro': 0.49910475480301825, 'precision_micro': 0.7499908809046143, 'precision_weighted': 0.9956945364735615, 'precision_binary': 0.000587457776472316, 'recall_macro': 0.4133845589462317, 'recall_micro': 0.7499908809046143, 'recall_weighted': 0.7499908809046143, 'recall_binary': 0.07547169811320754, 'roc_auc': 0.33468810207794036}
-----------------------
Epoch 11/100
Training statistic: Loss: 0.2317, train_score: {'accuracy': 0.8947, 'balanced_accuracy': 0.9033279380212285, 'f1_macro': 0.8501522688606347, 'f1_micro': 0.8947, 'f1_weighted': 0.9007280456376318, 'f1_binary': 0.7684492919342071, 'pr_auc': 0.727133979832249, 'precision_macro': 0.8198794761238912, 'precision_micro': 0.8947, 'precision_weighted': 0.918117716249859, 'precision_binary': 0.6611798539372611, 'recall_macro': 0.9033279380212285, 'recall_micro': 0.8947, 'recall_weighted': 0.8947, 'recall_binary': 0.9172659982151294, 'roc_auc': 0.9480087174693039}
Validation statistic: Loss: 0.3240, dev_score: {'accuracy': 0.7563012949115447, 'balanced_accuracy': 0.4259615663094251, 'f1_macro': 0.4313544724389188, 'f1_micro': 0.7563012949115447, 'f1_weighted': 0.8595523480857507, 'f1_binary': 0.0014945449110745778, 'pr_auc': 0.001405871157849215, 'precision_macro': 0.49922149600987475, 'precision_micro': 0.7563012949115447, 'precision_weighted': 0.9957624273491283, 'precision_binary': 0.0007532389273877674, 'recall_macro': 0.4259615663094251, 'recall_micro': 0.7563012949115447, 'recall_weighted': 0.7563012949115447, 'recall_binary': 0.09433962264150944, 'roc_auc': 0.3600476076861865}
-----------------------
Epoch 12/100
Training statistic: Loss: 0.2252, train_score: {'accuracy': 0.89771, 'balanced_accuracy': 0.8975398378594761, 'f1_macro': 0.8519699922361206, 'f1_micro': 0.89771, 'f1_weighted': 0.9029063255622519, 'f1_binary': 0.769684551820413, 'pr_auc': 0.7353679981664658, 'precision_macro': 0.8238239422021161, 'precision_micro': 0.89771, 'precision_weighted': 0.9166493755071293, 'precision_binary': 0.6738684750039426, 'recall_macro': 0.8975398378594761, 'recall_micro': 0.89771, 'recall_weighted': 0.89771, 'recall_binary': 0.8972649482912489, 'roc_auc': 0.9490400435301493}
Validation statistic: Loss: 0.3125, dev_score: {'accuracy': 0.7709283239102681, 'balanced_accuracy': 0.4238735582883851, 'f1_macro': 0.435949881233984, 'f1_micro': 0.7709283239102681, 'f1_weighted': 0.8689468183782375, 'f1_binary': 0.001272264631043257, 'pr_auc': 0.0014066461891923388, 'precision_macro': 0.499164018195132, 'precision_micro': 0.7709283239102681, 'precision_weighted': 0.9957589613048445, 'precision_binary': 0.0006415396952686447, 'recall_macro': 0.4238735582883851, 'recall_micro': 0.7709283239102681, 'recall_weighted': 0.7709283239102681, 'recall_binary': 0.07547169811320754, 'roc_auc': 0.35934769746777306}
-----------------------
Epoch 13/100
Training statistic: Loss: 0.2256, train_score: {'accuracy': 0.89587, 'balanced_accuracy': 0.9009395116435311, 'f1_macro': 0.850824902595785, 'f1_micro': 0.89587, 'f1_weighted': 0.9015679576724117, 'f1_binary': 0.7688516948211948, 'pr_auc': 0.7404137106383971, 'precision_macro': 0.8213425155925156, 'precision_micro': 0.89587, 'precision_weighted': 0.9174550226715177, 'precision_binary': 0.6660769230769231, 'recall_macro': 0.9009395116435311, 'recall_micro': 0.89587, 'recall_weighted': 0.89587, 'recall_binary': 0.9091290881411098, 'roc_auc': 0.9492210909068644}
Validation statistic: Loss: 0.3170, dev_score: {'accuracy': 0.7650191501003101, 'balanced_accuracy': 0.41149755962338624, 'f1_macro': 0.4338909147148115, 'f1_micro': 0.7650191501003101, 'f1_weighted': 0.8651772685156689, 'f1_binary': 0.0009305210918114144, 'pr_auc': 0.0013875502021119639, 'precision_macro': 0.499045214766234, 'precision_micro': 0.7650191501003101, 'precision_weighted': 0.9956935703244072, 'precision_binary': 0.0004691164972634871, 'recall_macro': 0.41149755962338624, 'recall_micro': 0.7650191501003101, 'recall_weighted': 0.7650191501003101, 'recall_binary': 0.05660377358490566, 'roc_auc': 0.3531174621738177}
-----------------------
Epoch 14/100
Training statistic: Loss: 0.2258, train_score: {'accuracy': 0.89788, 'balanced_accuracy': 0.9032447940263149, 'f1_macro': 0.8534850644301668, 'f1_micro': 0.89788, 'f1_weighted': 0.9034094059198993, 'f1_binary': 0.7728344529963963, 'pr_auc': 0.7485559076458936, 'precision_macro': 0.8239594627777641, 'precision_micro': 0.89788, 'precision_weighted': 0.9189133763517598, 'precision_binary': 0.6705655278903686, 'recall_macro': 0.9032447940263149, 'recall_micro': 0.89788, 'recall_weighted': 0.89788, 'recall_binary': 0.9119113864244842, 'roc_auc': 0.9504190538470183}
Validation statistic: Loss: 0.3203, dev_score: {'accuracy': 0.7663322998358563, 'balanced_accuracy': 0.42157109501815626, 'f1_macro': 0.4344678195376068, 'f1_micro': 0.7663322998358563, 'f1_weighted': 0.8660133217739239, 'f1_binary': 0.0012472715933894605, 'pr_auc': 0.0014725419933065379, 'precision_macro': 0.49915074161116485, 'precision_micro': 0.7663322998358563, 'precision_weighted': 0.9957451180869082, 'precision_binary': 0.0006288319446627889, 'recall_macro': 0.42157109501815626, 'recall_micro': 0.7663322998358563, 'recall_weighted': 0.7663322998358563, 'recall_binary': 0.07547169811320754, 'roc_auc': 0.38835432144566284}
-----------------------
Epoch 15/100
Training statistic: Loss: 0.2240, train_score: {'accuracy': 0.89889, 'balanced_accuracy': 0.8978070288376008, 'f1_macro': 0.8532899698647775, 'f1_micro': 0.89889, 'f1_weighted': 0.9039210449204813, 'f1_binary': 0.7714976609640896, 'pr_auc': 0.7551853088306936, 'precision_macro': 0.8254353408029879, 'precision_micro': 0.89889, 'precision_weighted': 0.9171085326097105, 'precision_binary': 0.6773412698412699, 'recall_macro': 0.8978070288376008, 'recall_micro': 0.89889, 'recall_weighted': 0.89889, 'recall_binary': 0.8960575358286524, 'roc_auc': 0.9510872647499753}
Validation statistic: Loss: 0.3156, dev_score: {'accuracy': 0.7728615721320445, 'balanced_accuracy': 0.4248420547433226, 'f1_macro': 0.43657116208440333, 'f1_micro': 0.7728615721320445, 'f1_weighted': 0.8701762049546127, 'f1_binary': 0.0012830793905372895, 'pr_auc': 0.001466645634478081, 'precision_macro': 0.4991696556285887, 'precision_micro': 0.7728615721320445, 'precision_weighted': 0.9957647355430711, 'precision_binary': 0.0006470397929472663, 'recall_macro': 0.4248420547433226, 'recall_micro': 0.7728615721320445, 'recall_weighted': 0.7728615721320445, 'recall_binary': 0.07547169811320754, 'roc_auc': 0.385149215342032}
-----------------------
Epoch 16/100
Training statistic: Loss: 0.2214, train_score: {'accuracy': 0.89943, 'balanced_accuracy': 0.9037003752725945, 'f1_macro': 0.8552392884134055, 'f1_micro': 0.89943, 'f1_weighted': 0.9047495855778618, 'f1_binary': 0.7752575476546962, 'pr_auc': 0.7680356184418561, 'precision_macro': 0.8260105210237181, 'precision_micro': 0.89943, 'precision_weighted': 0.9195251833198045, 'precision_binary': 0.6749416342412451, 'recall_macro': 0.9037003752725945, 'recall_micro': 0.89943, 'recall_weighted': 0.89943, 'recall_binary': 0.9105989815738359, 'roc_auc': 0.9524939333128847}
Validation statistic: Loss: 0.3248, dev_score: {'accuracy': 0.7730074776582163, 'balanced_accuracy': 0.4154994600692601, 'f1_macro': 0.436460301803459, 'f1_micro': 0.7730074776582163, 'f1_weighted': 0.8702735192780916, 'f1_binary': 0.0009632364745545031, 'pr_auc': 0.0013777769097374718, 'precision_macro': 0.4990657957474848, 'precision_micro': 0.7730074776582163, 'precision_weighted': 0.9957180822309322, 'precision_binary': 0.00048575129533678756, 'recall_macro': 0.4154994600692601, 'recall_micro': 0.7730074776582163, 'recall_weighted': 0.7730074776582163, 'recall_binary': 0.05660377358490566, 'roc_auc': 0.3443441048251741}
-----------------------
Epoch 17/100
Training statistic: Loss: 0.2215, train_score: {'accuracy': 0.89999, 'balanced_accuracy': 0.9012563220986962, 'f1_macro': 0.8552741740942211, 'f1_micro': 0.89999, 'f1_weighted': 0.9050717643653289, 'f1_binary': 0.774828323764494, 'pr_auc': 0.7757552482871679, 'precision_macro': 0.8268342652568725, 'precision_micro': 0.89999, 'precision_weighted': 0.9187496320683745, 'precision_binary': 0.6783489710636285, 'recall_macro': 0.9012563220986962, 'recall_micro': 0.89999, 'recall_weighted': 0.89999, 'recall_binary': 0.9033020106042312, 'roc_auc': 0.9532495961528059}
Validation statistic: Loss: 0.3203, dev_score: {'accuracy': 0.7761079700893672, 'balanced_accuracy': 0.4264683978468969, 'f1_macro': 0.437611638287177, 'f1_micro': 0.7761079700893672, 'f1_weighted': 0.872234625977525, 'f1_binary': 0.0013016596160104132, 'pr_auc': 0.0014226677428347996, 'precision_macro': 0.499179197595941, 'precision_micro': 0.7761079700893672, 'precision_weighted': 0.995774367864703, 'precision_binary': 0.0006564910553093714, 'recall_macro': 0.4264683978468969, 'recall_micro': 0.7761079700893672, 'recall_weighted': 0.7761079700893672, 'recall_binary': 0.07547169811320754, 'roc_auc': 0.3630148132722285}
-----------------------
Epoch 18/100
Training statistic: Loss: 0.2265, train_score: {'accuracy': 0.89996, 'balanced_accuracy': 0.900414860007392, 'f1_macro': 0.8550464057369361, 'f1_micro': 0.89996, 'f1_weighted': 0.9049932531081667, 'f1_binary': 0.7743594370263442, 'pr_auc': 0.7892029822880937, 'precision_macro': 0.8268218638632887, 'precision_micro': 0.89996, 'precision_weighted': 0.9184213641897304, 'precision_binary': 0.6788468382963578, 'recall_macro': 0.900414860007392, 'recall_micro': 0.89996, 'recall_weighted': 0.89996, 'recall_binary': 0.901149666649168, 'roc_auc': 0.9547571125820683}
Validation statistic: Loss: 0.3282, dev_score: {'accuracy': 0.7760350173262812, 'balanced_accuracy': 0.43584753955699473, 'f1_macro': 0.4377480944078134, 'f1_micro': 0.7760350173262812, 'f1_weighted': 0.8721839080913515, 'f1_binary': 0.0016260162601626016, 'pr_auc': 0.001425725563612678, 'precision_macro': 0.49928422854812576, 'precision_micro': 0.7760350173262812, 'precision_weighted': 0.9958210717741063, 'precision_binary': 0.0008200754469411186, 'recall_macro': 0.43584753955699473, 'recall_micro': 0.7760350173262812, 'recall_weighted': 0.7760350173262812, 'recall_binary': 0.09433962264150944, 'roc_auc': 0.3626048658585864}
-----------------------
Epoch 19/100
Training statistic: Loss: 0.2239, train_score: {'accuracy': 0.89818, 'balanced_accuracy': 0.9097927634808125, 'f1_macro': 0.8552885065972231, 'f1_micro': 0.89818, 'f1_weighted': 0.9040572738103801, 'f1_binary': 0.7765046753588832, 'pr_auc': 0.7926056559251045, 'precision_macro': 0.8243629060526942, 'precision_micro': 0.89818, 'precision_weighted': 0.9216219786661658, 'precision_binary': 0.667245086574371, 'recall_macro': 0.9097927634808125, 'recall_micro': 0.89818, 'recall_weighted': 0.89818, 'recall_binary': 0.928552679930705, 'roc_auc': 0.9552090518890802}
Validation statistic: Loss: 0.3400, dev_score: {'accuracy': 0.7596935983950392, 'balanced_accuracy': 0.41824531473893695, 'f1_macro': 0.4323143520093939, 'f1_micro': 0.7596935983950392, 'f1_weighted': 0.8617489953421951, 'f1_binary': 0.001212856276531231, 'pr_auc': 0.001380392231327928, 'precision_macro': 0.499131848794369, 'precision_micro': 0.7596935983950392, 'precision_weighted': 0.9957248294521053, 'precision_binary': 0.0006113403637475164, 'recall_macro': 0.41824531473893695, 'recall_micro': 0.7596935983950392, 'recall_weighted': 0.7596935983950392, 'recall_binary': 0.07547169811320754, 'roc_auc': 0.34422067238271503}
-----------------------
Epoch 20/100
Training statistic: Loss: 0.2160, train_score: {'accuracy': 0.89935, 'balanced_accuracy': 0.9074846231873536, 'f1_macro': 0.856014159362426, 'f1_micro': 0.89935, 'f1_weighted': 0.9049118317917858, 'f1_binary': 0.7770220873302466, 'pr_auc': 0.8041895636624373, 'precision_macro': 0.8258579667532, 'precision_micro': 0.89935, 'precision_weighted': 0.9209918823124517, 'precision_binary': 0.6721732464545803, 'recall_macro': 0.9074846231873536, 'recall_micro': 0.89935, 'recall_weighted': 0.89935, 'recall_binary': 0.9206257546327892, 'roc_auc': 0.9565883300337478}
Validation statistic: Loss: 0.3243, dev_score: {'accuracy': 0.7733722414736458, 'balanced_accuracy': 0.4345135727417035, 'f1_macro': 0.43689292313122063, 'f1_micro': 0.7733722414736458, 'f1_weighted': 0.8704958725750338, 'f1_binary': 0.0016069419893941829, 'pr_auc': 0.0013772669496614825, 'precision_macro': 0.49927550881454424, 'precision_micro': 0.7733722414736458, 'precision_weighted': 0.995813331181868, 'precision_binary': 0.0008103727714748784, 'recall_macro': 0.4345135727417035, 'recall_micro': 0.7733722414736458, 'recall_weighted': 0.7733722414736458, 'recall_binary': 0.09433962264150944, 'roc_auc': 0.33911994737226814}
-----------------------
Epoch 21/100
Training statistic: Loss: 0.2124, train_score: {'accuracy': 0.90033, 'balanced_accuracy': 0.9070462085356825, 'f1_macro': 0.8569617458322274, 'f1_micro': 0.90033, 'f1_weighted': 0.9057164753147013, 'f1_binary': 0.7782005919398268, 'pr_auc': 0.8050887957042276, 'precision_macro': 0.8271531304772946, 'precision_micro': 0.90033, 'precision_weighted': 0.9210854997787732, 'precision_binary': 0.675409456118665, 'recall_macro': 0.9070462085356825, 'recall_micro': 0.90033, 'recall_weighted': 0.90033, 'recall_binary': 0.9178959525434406, 'roc_auc': 0.9566766013421977}
Validation statistic: Loss: 0.3130, dev_score: {'accuracy': 0.7697610797008937, 'balanced_accuracy': 0.42328880571181904, 'f1_macro': 0.4355741606193686, 'f1_micro': 0.7697610797008937, 'f1_weighted': 0.8682032468102844, 'f1_binary': 0.0012658227848101266, 'pr_auc': 0.0013829485754273411, 'precision_macro': 0.4991606299750625, 'precision_micro': 0.7697610797008937, 'precision_weighted': 0.995755461072618, 'precision_binary': 0.0006382639221318015, 'recall_macro': 0.42328880571181904, 'recall_micro': 0.7697610797008937, 'recall_weighted': 0.7697610797008937, 'recall_binary': 0.07547169811320754, 'roc_auc': 0.3492145145519265}
-----------------------
Epoch 22/100
Training statistic: Loss: 0.2185, train_score: {'accuracy': 0.89419, 'balanced_accuracy': 0.9187490051583433, 'f1_macro': 0.8530633189090584, 'f1_micro': 0.89419, 'f1_weighted': 0.9011839844962707, 'f1_binary': 0.7753264677778957, 'pr_auc': 0.8100115352766429, 'precision_macro': 0.8199796187145807, 'precision_micro': 0.89419, 'precision_weighted': 0.9246022620217235, 'precision_binary': 0.6509662696997789, 'recall_macro': 0.9187490051583433, 'recall_micro': 0.89419, 'recall_weighted': 0.89419, 'recall_binary': 0.9584230143314609, 'roc_auc': 0.9575479489303282}
Validation statistic: Loss: 0.3303, dev_score: {'accuracy': 0.7452854276855736, 'balanced_accuracy': 0.42985865261421635, 'f1_macro': 0.42786726740336933, 'f1_micro': 0.7452854276855736, 'f1_weighted': 0.8523713094771557, 'f1_binary': 0.0017155110793423873, 'pr_auc': 0.0015564719616256756, 'precision_macro': 0.4992842988473847, 'precision_micro': 0.7452854276855736, 'precision_weighted': 0.9957771543231146, 'precision_binary': 0.000864304235090752, 'recall_macro': 0.42985865261421635, 'recall_micro': 0.7452854276855736, 'recall_weighted': 0.7452854276855736, 'recall_binary': 0.11320754716981132, 'roc_auc': 0.37100240934611145}
-----------------------
Epoch 23/100
Training statistic: Loss: 0.2188, train_score: {'accuracy': 0.89323, 'balanced_accuracy': 0.9180356247404636, 'f1_macro': 0.8519128162096763, 'f1_micro': 0.89323, 'f1_weighted': 0.9003332609378831, 'f1_binary': 0.7736916848597893, 'pr_auc': 0.8127697541524819, 'precision_macro': 0.8188528597497823, 'precision_micro': 0.89323, 'precision_weighted': 0.9241133475359958, 'precision_binary': 0.648809100604337, 'recall_macro': 0.9180356247404636, 'recall_micro': 0.89323, 'recall_weighted': 0.89323, 'recall_binary': 0.9581080371673054, 'roc_auc': 0.9576645153053953}
Validation statistic: Loss: 0.3361, dev_score: {'accuracy': 0.7407623563742477, 'balanced_accuracy': 0.3993456701416232, 'f1_macro': 0.4259514484062673, 'f1_micro': 0.7407623563742477, 'f1_weighted': 0.8494156926037639, 'f1_binary': 0.0008435259384226065, 'pr_auc': 0.0013690235670818563, 'precision_macro': 0.4989842651296429, 'precision_micro': 0.7407623563742477, 'precision_weighted': 0.9956159231814602, 'precision_binary': 0.00042492917847025496, 'recall_macro': 0.3993456701416232, 'recall_micro': 0.7407623563742477, 'recall_weighted': 0.7407623563742477, 'recall_binary': 0.05660377358490566, 'roc_auc': 0.3412431232959083}
-----------------------
Epoch 24/100
Training statistic: Loss: 0.2141, train_score: {'accuracy': 0.89983, 'balanced_accuracy': 0.9149265603303365, 'f1_macro': 0.8581700907076434, 'f1_micro': 0.89983, 'f1_weighted': 0.9057526451851137, 'f1_binary': 0.7813025347684649, 'pr_auc': 0.8175184635523411, 'precision_macro': 0.8265073787001014, 'precision_micro': 0.89983, 'precision_weighted': 0.9241331402011408, 'precision_binary': 0.6687971892053525, 'recall_macro': 0.9149265603303365, 'recall_micro': 0.89983, 'recall_weighted': 0.89983, 'recall_binary': 0.9393143997060213, 'roc_auc': 0.9587347127126862}
Validation statistic: Loss: 0.3320, dev_score: {'accuracy': 0.7611526536567572, 'balanced_accuracy': 0.437807632951911, 'f1_macro': 0.4330878266054258, 'f1_micro': 0.7611526536567572, 'f1_weighted': 0.8626789252362007, 'f1_binary': 0.001829268292682927, 'pr_auc': 0.0013984066861367588, 'precision_macro': 0.49933707026933866, 'precision_micro': 0.7611526536567572, 'precision_weighted': 0.9958249368568683, 'precision_binary': 0.0009220839096357768, 'recall_macro': 0.437807632951911, 'recall_micro': 0.7611526536567572, 'recall_weighted': 0.7611526536567572, 'recall_binary': 0.11320754716981132, 'roc_auc': 0.35021817890946405}
-----------------------
Epoch 25/100
Training statistic: Loss: 0.2128, train_score: {'accuracy': 0.90071, 'balanced_accuracy': 0.9090472122751558, 'f1_macro': 0.8578168045279098, 'f1_micro': 0.90071, 'f1_weighted': 0.9061586267602871, 'f1_binary': 0.7797226844148641, 'pr_auc': 0.8150231264878621, 'precision_macro': 0.8276282247672404, 'precision_micro': 0.90071, 'precision_weighted': 0.9219785219737618, 'precision_binary': 0.6752094059786368, 'recall_macro': 0.9090472122751558, 'recall_micro': 0.90071, 'recall_weighted': 0.90071, 'recall_binary': 0.9225156176177227, 'roc_auc': 0.9584167787426028}
Validation statistic: Loss: 0.3132, dev_score: {'accuracy': 0.7747948203538209, 'balanced_accuracy': 0.42581055119826006, 'f1_macro': 0.4371911937149996, 'f1_micro': 0.7747948203538209, 'f1_weighted': 0.8714029132025695, 'f1_binary': 0.0012940795858945326, 'pr_auc': 0.0014177276665287423, 'precision_macro': 0.499175326245072, 'precision_micro': 0.7747948203538209, 'precision_weighted': 0.9957704812635996, 'precision_binary': 0.0006526350138684941, 'recall_macro': 0.42581055119826006, 'recall_micro': 0.7747948203538209, 'recall_weighted': 0.7747948203538209, 'recall_binary': 0.07547169811320754, 'roc_auc': 0.3613846775517071}
-----------------------
Epoch 26/100
Training statistic: Loss: 0.2069, train_score: {'accuracy': 0.90223, 'balanced_accuracy': 0.9119731324049672, 'f1_macro': 0.8600946368500507, 'f1_micro': 0.90223, 'f1_weighted': 0.9076221655897903, 'f1_binary': 0.78331597260699, 'pr_auc': 0.821528282239145, 'precision_macro': 0.8295945249167904, 'precision_micro': 0.90223, 'precision_weighted': 0.9235489126341266, 'precision_binary': 0.6778152807609696, 'recall_macro': 0.9119731324049672, 'recall_micro': 0.90223, 'recall_weighted': 0.90223, 'recall_binary': 0.9277127408262901, 'roc_auc': 0.9594973633938785}
Validation statistic: Loss: 0.3064, dev_score: {'accuracy': 0.7694327922670071, 'balanced_accuracy': 0.4231243440496598, 'f1_macro': 0.43546840650207846, 'f1_micro': 0.7694327922670071, 'f1_weighted': 0.8679939405462043, 'f1_binary': 0.0012640227524095434, 'pr_auc': 0.0014270168154606642, 'precision_macro': 0.4991596790927489, 'precision_micro': 0.7694327922670071, 'precision_weighted': 0.9957544747380302, 'precision_binary': 0.0006373486297004461, 'recall_macro': 0.4231243440496598, 'recall_micro': 0.7694327922670071, 'recall_weighted': 0.7694327922670071, 'recall_binary': 0.07547169811320754, 'roc_auc': 0.36603856332911777}
-----------------------
Epoch 27/100
Training statistic: Loss: 0.2096, train_score: {'accuracy': 0.90375, 'balanced_accuracy': 0.900447557371858, 'f1_macro': 0.8591466741040032, 'f1_micro': 0.90375, 'f1_weighted': 0.9082116800502651, 'f1_binary': 0.779884282022549, 'pr_auc': 0.8228885428376208, 'precision_macro': 0.8322065918060492, 'precision_micro': 0.90375, 'precision_weighted': 0.9196538719186379, 'precision_binary': 0.6909392981603047, 'recall_macro': 0.900447557371858, 'recall_micro': 0.90375, 'recall_weighted': 0.90375, 'recall_binary': 0.8951126043361857, 'roc_auc': 0.9598327911235207}
Validation statistic: Loss: 0.3049, dev_score: {'accuracy': 0.7862484041583075, 'balanced_accuracy': 0.4221327471096811, 'f1_macro': 0.4406715393899198, 'f1_micro': 0.7862484041583075, 'f1_weighted': 0.878620335155844, 'f1_binary': 0.0010228435049437436, 'pr_auc': 0.0014044072063679918, 'precision_macro': 0.4991007420689635, 'precision_micro': 0.7862484041583075, 'precision_weighted': 0.9957576236952792, 'precision_binary': 0.0005160846378806125, 'recall_macro': 0.4221327471096811, 'recall_micro': 0.7862484041583075, 'recall_weighted': 0.7862484041583075, 'recall_binary': 0.05660377358490566, 'roc_auc': 0.3551789218762283}
-----------------------
Epoch 28/100
Training statistic: Loss: 0.2095, train_score: {'accuracy': 0.89985, 'balanced_accuracy': 0.9184915727097944, 'f1_macro': 0.8589578848772359, 'f1_micro': 0.89985, 'f1_weighted': 0.9059688183033542, 'f1_binary': 0.7830137579893836, 'pr_auc': 0.8206015706496002, 'precision_macro': 0.8266058055985455, 'precision_micro': 0.89985, 'precision_weighted': 0.9256265560536612, 'precision_binary': 0.6666420718660075, 'recall_macro': 0.9184915727097944, 'recall_micro': 0.89985, 'recall_weighted': 0.89985, 'recall_binary': 0.9486062260486114, 'roc_auc': 0.9594727368547606}
Validation statistic: Loss: 0.3181, dev_score: {'accuracy': 0.7631588546416196, 'balanced_accuracy': 0.4293969876967506, 'f1_macro': 0.43359110778208915, 'f1_micro': 0.7631588546416196, 'f1_weighted': 0.8639739309930167, 'f1_binary': 0.001537751806858373, 'pr_auc': 0.0014265395134221656, 'precision_macro': 0.49924283181455986, 'precision_micro': 0.7631588546416196, 'precision_weighted': 0.9957831464810547, 'precision_binary': 0.0007751937984496124, 'recall_macro': 0.4293969876967506, 'recall_micro': 0.7631588546416196, 'recall_weighted': 0.7631588546416196, 'recall_binary': 0.09433962264150944, 'roc_auc': 0.36331270609425276}
-----------------------
Epoch 29/100
Training statistic: Loss: 0.2055, train_score: {'accuracy': 0.90207, 'balanced_accuracy': 0.9148448923065362, 'f1_macro': 0.860547096189678, 'f1_micro': 0.90207, 'f1_weighted': 0.9076515877627268, 'f1_binary': 0.7844518301674994, 'pr_auc': 0.8257470243655883, 'precision_macro': 0.8293572993597379, 'precision_micro': 0.90207, 'precision_weighted': 0.9246541657857521, 'precision_binary': 0.6754093389933293, 'recall_macro': 0.9148448923065362, 'recall_micro': 0.90207, 'recall_weighted': 0.90207, 'recall_binary': 0.9354821775421281, 'roc_auc': 0.9603538520513754}
Validation statistic: Loss: 0.3108, dev_score: {'accuracy': 0.7718402334488419, 'balanced_accuracy': 0.4431617737310938, 'f1_macro': 0.4365565145537905, 'f1_micro': 0.7718402334488419, 'f1_weighted': 0.8695176966658085, 'f1_binary': 0.0019147917663954045, 'pr_auc': 0.001468616179678076, 'precision_macro': 0.4993743425362957, 'precision_micro': 0.7718402334488419, 'precision_weighted': 0.9958560276587836, 'precision_binary': 0.0009655616350177019, 'recall_macro': 0.4431617737310938, 'recall_micro': 0.7718402334488419, 'recall_weighted': 0.7718402334488419, 'recall_binary': 0.11320754716981132, 'roc_auc': 0.37904896337435334}
-----------------------
Epoch 30/100
Training statistic: Loss: 0.2067, train_score: {'accuracy': 0.90299, 'balanced_accuracy': 0.9140884169043104, 'f1_macro': 0.8613736150896015, 'f1_micro': 0.90299, 'f1_weighted': 0.9083911445875754, 'f1_binary': 0.7854188325333451, 'pr_auc': 0.8246941589111336, 'precision_macro': 0.830565902471995, 'precision_micro': 0.90299, 'precision_weighted': 0.9245926743926864, 'precision_binary': 0.6786697247706422, 'recall_macro': 0.9140884169043104, 'recall_micro': 0.90299, 'recall_weighted': 0.90299, 'recall_binary': 0.9320174287364166, 'roc_auc': 0.9603524480630361}
Validation statistic: Loss: 0.3111, dev_score: {'accuracy': 0.7712930877256976, 'balanced_accuracy': 0.4146406047224287, 'f1_macro': 0.4359107255638023, 'f1_micro': 0.7712930877256976, 'f1_weighted': 0.86918367737227, 'f1_binary': 0.0009560229445506692, 'pr_auc': 0.001424871661723955, 'precision_macro': 0.499061350849183, 'precision_micro': 0.7712930877256976, 'precision_weighted': 0.9957128641340208, 'precision_binary': 0.00048208259681825486, 'recall_macro': 0.4146406047224287, 'recall_micro': 0.7712930877256976, 'recall_weighted': 0.7712930877256976, 'recall_binary': 0.05660377358490566, 'roc_auc': 0.36578032059335835}
-----------------------
Epoch 31/100
Training statistic: Loss: 0.2083, train_score: {'accuracy': 0.90118, 'balanced_accuracy': 0.9172055476003314, 'f1_macro': 0.8601008672237667, 'f1_micro': 0.90118, 'f1_weighted': 0.9070278709351861, 'f1_binary': 0.7842923251549813, 'pr_auc': 0.8328719101172962, 'precision_macro': 0.8282306511651178, 'precision_micro': 0.90118, 'precision_weighted': 0.9253970364897482, 'precision_binary': 0.6712625639875948, 'recall_macro': 0.9172055476003314, 'recall_micro': 0.90118, 'recall_weighted': 0.90118, 'recall_binary': 0.9430941256758885, 'roc_auc': 0.9613479250812031}
Validation statistic: Loss: 0.3159, dev_score: {'accuracy': 0.7655662958234544, 'balanced_accuracy': 0.4117716623936516, 'f1_macro': 0.43406760168271324, 'f1_micro': 0.7655662958234544, 'f1_weighted': 0.8655277979599746, 'f1_binary': 0.000932690812995492, 'pr_auc': 0.0014100149649581384, 'precision_macro': 0.49904661435300024, 'precision_micro': 0.7655662958234544, 'precision_weighted': 0.9956952654124769, 'precision_binary': 0.0004702194357366771, 'recall_macro': 0.4117716623936516, 'recall_micro': 0.7655662958234544, 'recall_weighted': 0.7655662958234544, 'recall_binary': 0.05660377358490566, 'roc_auc': 0.35391460129941954}
-----------------------
Epoch 32/100
Training statistic: Loss: 0.1997, train_score: {'accuracy': 0.90427, 'balanced_accuracy': 0.8935028486978529, 'f1_macro': 0.8580813066852854, 'f1_micro': 0.90427, 'f1_weighted': 0.9081991438702924, 'f1_binary': 0.7771181113361738, 'pr_auc': 0.829489927549471, 'precision_macro': 0.8336067241366112, 'precision_micro': 0.90427, 'precision_weighted': 0.9174100443622126, 'precision_binary': 0.6982260898669568, 'recall_macro': 0.8935028486978529, 'recall_micro': 0.90427, 'recall_weighted': 0.90427, 'recall_binary': 0.8761089820987978, 'roc_auc': 0.9607811959469554}
Validation statistic: Loss: 0.2942, dev_score: {'accuracy': 0.799963523618457, 'balanced_accuracy': 0.4384192786304653, 'f1_macro': 0.44515250821089725, 'f1_micro': 0.799963523618457, 'f1_weighted': 0.8871328037801647, 'f1_binary': 0.0014566642388929353, 'pr_auc': 0.001440115993091515, 'precision_macro': 0.4992528620869928, 'precision_micro': 0.799963523618457, 'precision_weighted': 0.9958427789862343, 'precision_binary': 0.0007354293068578783, 'recall_macro': 0.4384192786304653, 'recall_micro': 0.799963523618457, 'recall_weighted': 0.799963523618457, 'recall_binary': 0.07547169811320754, 'roc_auc': 0.3573689857714803}
-----------------------
Epoch 33/100
Training statistic: Loss: 0.1987, train_score: {'accuracy': 0.90465, 'balanced_accuracy': 0.8927339825310998, 'f1_macro': 0.8583135199204774, 'f1_micro': 0.90465, 'f1_weighted': 0.9084703875631691, 'f1_binary': 0.7772872725574008, 'pr_auc': 0.8312099938246261, 'precision_macro': 0.8342821881544864, 'precision_micro': 0.90465, 'precision_weighted': 0.9172961439568378, 'precision_binary': 0.7001767379229086, 'recall_macro': 0.8927339825310998, 'recall_micro': 0.90465, 'recall_weighted': 0.90465, 'recall_binary': 0.8734841723975012, 'roc_auc': 0.9610505207928084}
Validation statistic: Loss: 0.2896, dev_score: {'accuracy': 0.7985774211198249, 'balanced_accuracy': 0.43772488494579315, 'f1_macro': 0.44471927051047394, 'f1_micro': 0.7985774211198249, 'f1_weighted': 0.8862779744168374, 'f1_binary': 0.0014466546112115732, 'pr_auc': 0.0014025311660522098, 'precision_macro': 0.49924837974757585, 'precision_micro': 0.7985774211198249, 'precision_weighted': 0.9958389143952128, 'precision_binary': 0.0007303268212525105, 'recall_macro': 0.43772488494579315, 'recall_micro': 0.7985774211198249, 'recall_weighted': 0.7985774211198249, 'recall_binary': 0.07547169811320754, 'roc_auc': 0.33992432694840524}
Early stopping by loss triggered!
Testing statistic: loss: 0.27768350134285286, scores: {'accuracy': 0.8122497998398719, 'balanced_accuracy': 0.4065317571628932, 'f1_macro': 0.44819969074442234, 'f1_micro': 0.8122497998398719, 'f1_weighted': 0.8955022644136956, 'f1_binary': 0.0, 'pr_auc': 0.0007522768242558197, 'precision_macro': 0.4993846911149397, 'precision_micro': 0.8122497998398719, 'precision_weighted': 0.9977698131924196, 'precision_binary': 0.0, 'recall_macro': 0.4065317571628932, 'recall_micro': 0.8122497998398719, 'recall_weighted': 0.8122497998398719, 'recall_binary': 0.0, 'roc_auc': 0.317010619114406}
Finish training!
