=====Setting up data=====
Dataset name:california_housing
train_option:mix
augment_option:xgb
mix_ratio:-1
n_sample:-1
Dataset name:california_housing
Training dataset size: 114944 samples
Validation dataset size: 1664 samples

=====Setting up parameters for training=====
num_epochs: 100
learning_rate: 0.001
patience: 30
early_stop_criterion: loss
=====Setting up metrics for evaluating and plotting=====
metrics for evaluating: ['mae', 'mse', 'r2']
metric for plotting: mse
=====Setting up trainer=====
input_size: 8
model: DNN_News
----------------------------------------------------------------
        Layer (type)               Output Shape         Param #
================================================================
            Linear-1                  [-1, 512]           4,608
              ReLU-2                  [-1, 512]               0
       BatchNorm1d-3                  [-1, 512]           1,024
           Dropout-4                  [-1, 512]               0
            Linear-5                  [-1, 512]         262,656
              ReLU-6                  [-1, 512]               0
       BatchNorm1d-7                  [-1, 512]           1,024
           Dropout-8                  [-1, 512]               0
            Linear-9                  [-1, 256]         131,328
             ReLU-10                  [-1, 256]               0
      BatchNorm1d-11                  [-1, 256]             512
          Dropout-12                  [-1, 256]               0
           Linear-13                  [-1, 128]          32,896
             ReLU-14                  [-1, 128]               0
      BatchNorm1d-15                  [-1, 128]             256
          Dropout-16                  [-1, 128]               0
           Linear-17                    [-1, 1]             129
================================================================
Total params: 434,433
Trainable params: 434,433
Non-trainable params: 0
----------------------------------------------------------------
Input size (MB): 0.00
Forward/backward pass size (MB): 0.04
Params size (MB): 1.66
Estimated Total Size (MB): 1.70
----------------------------------------------------------------
=====Setting up output files=====
weight_dir, weight_file: /home/thuy/Research/minh_data_synth/TabularDA/.cache/housing_no_faker_runtime_20261009/output/housing_no_faker_20261009/california_housing/weight/, california_housing_seed42_ctgan_xonly_xgb_mix.weights.pth
acc_dir, acc_file: /home/thuy/Research/minh_data_synth/TabularDA/.cache/housing_no_faker_runtime_20261009/output/housing_no_faker_20261009/california_housing/acc/, california_housing_seed42_ctgan_xonly_xgb_mix.epochs.csv
report_file: california_housing_seed42_ctgan_xonly_xgb_mix.report.txt
==========================================================================================
Start training...
-----------------------
Epoch 1/100
Training statistic: Loss: 0.2241, train_score: {'mae': 0.33974284, 'mse': 0.2240562, 'r2': 0.7655375017476596}
Validation statistic: Loss: 0.4121, dev_score: {'mae': 0.4586717, 'mse': 0.41214207, 'r2': 0.6875551354817834}
Saving model...
Model saved!
-------------------------------------------
-----------------------
Epoch 2/100
Training statistic: Loss: 0.1889, train_score: {'mae': 0.3088233, 'mse': 0.18890354, 'r2': 0.802322776836742}
Validation statistic: Loss: 0.3595, dev_score: {'mae': 0.43292668, 'mse': 0.35951573, 'r2': 0.7274511388541814}
Saving model...
Model saved!
-------------------------------------------
-----------------------
Epoch 3/100
Training statistic: Loss: 0.1821, train_score: {'mae': 0.2998197, 'mse': 0.18208377, 'r2': 0.8094592981202795}
Validation statistic: Loss: 0.3580, dev_score: {'mae': 0.4351956, 'mse': 0.35801774, 'r2': 0.7285867506086763}
Saving model...
Model saved!
-------------------------------------------
-----------------------
Epoch 4/100
Training statistic: Loss: 0.1646, train_score: {'mae': 0.28968173, 'mse': 0.16455765, 'r2': 0.8277994311867244}
Validation statistic: Loss: 0.3419, dev_score: {'mae': 0.42465392, 'mse': 0.34186465, 'r2': 0.7408324286837856}
Saving model...
Model saved!
-------------------------------------------
-----------------------
Epoch 5/100
Training statistic: Loss: 0.1505, train_score: {'mae': 0.28183144, 'mse': 0.15052895, 'r2': 0.8424797079612437}
Validation statistic: Loss: 0.3266, dev_score: {'mae': 0.41627887, 'mse': 0.32658094, 'r2': 0.7524190214772495}
Saving model...
Model saved!
-------------------------------------------
-----------------------
Epoch 6/100
Training statistic: Loss: 0.1560, train_score: {'mae': 0.274666, 'mse': 0.15603675, 'r2': 0.8367161058186652}
Validation statistic: Loss: 0.3191, dev_score: {'mae': 0.41105384, 'mse': 0.31910792, 'r2': 0.7580842927777109}
Saving model...
Model saved!
-------------------------------------------
-----------------------
Epoch 7/100
Training statistic: Loss: 0.1448, train_score: {'mae': 0.27151865, 'mse': 0.14479256, 'r2': 0.8484825209247447}
Validation statistic: Loss: 0.3129, dev_score: {'mae': 0.40627924, 'mse': 0.31290603, 'r2': 0.7627859418982159}
Saving model...
Model saved!
-------------------------------------------
-----------------------
Epoch 8/100
Training statistic: Loss: 0.1973, train_score: {'mae': 0.26801756, 'mse': 0.19728974, 'r2': 0.7935470811008715}
Validation statistic: Loss: 0.3093, dev_score: {'mae': 0.3988006, 'mse': 0.30926326, 'r2': 0.7655475231536859}
Saving model...
Model saved!
-------------------------------------------
-----------------------
Epoch 9/100
Training statistic: Loss: 0.1814, train_score: {'mae': 0.26271963, 'mse': 0.18138856, 'r2': 0.8101868384261083}
Validation statistic: Loss: 0.3100, dev_score: {'mae': 0.39999703, 'mse': 0.3100203, 'r2': 0.7649736212469883}
-----------------------
Epoch 10/100
Training statistic: Loss: 0.1564, train_score: {'mae': 0.25919053, 'mse': 0.1564133, 'r2': 0.8363220513231582}
Validation statistic: Loss: 0.3019, dev_score: {'mae': 0.39178774, 'mse': 0.30187082, 'r2': 0.7711517318907}
Saving model...
Model saved!
-------------------------------------------
-----------------------
Epoch 11/100
Training statistic: Loss: 0.1470, train_score: {'mae': 0.25644198, 'mse': 0.14701308, 'r2': 0.8461588598766664}
Validation statistic: Loss: 0.3073, dev_score: {'mae': 0.39350963, 'mse': 0.30730954, 'r2': 0.7670286532255614}
-----------------------
Epoch 12/100
Training statistic: Loss: 0.1424, train_score: {'mae': 0.2522149, 'mse': 0.1424404, 'r2': 0.8509439239155367}
Validation statistic: Loss: 0.3002, dev_score: {'mae': 0.3861876, 'mse': 0.30020517, 'r2': 0.7724144724361426}
Saving model...
Model saved!
-------------------------------------------
-----------------------
Epoch 13/100
Training statistic: Loss: 0.1282, train_score: {'mae': 0.24663974, 'mse': 0.1281654, 'r2': 0.8658819417416685}
Validation statistic: Loss: 0.2929, dev_score: {'mae': 0.38166115, 'mse': 0.29288974, 'r2': 0.7779602773799069}
Saving model...
Model saved!
-------------------------------------------
-----------------------
Epoch 14/100
Training statistic: Loss: 0.1181, train_score: {'mae': 0.24150331, 'mse': 0.1180636, 'r2': 0.876452919138705}
Validation statistic: Loss: 0.2859, dev_score: {'mae': 0.37736836, 'mse': 0.2858618, 'r2': 0.7832882020190517}
Saving model...
Model saved!
-------------------------------------------
-----------------------
Epoch 15/100
Training statistic: Loss: 0.1153, train_score: {'mae': 0.23980361, 'mse': 0.115279846, 'r2': 0.8793659504445651}
Validation statistic: Loss: 0.2868, dev_score: {'mae': 0.37603787, 'mse': 0.28676078, 'r2': 0.7826066645001385}
-----------------------
Epoch 16/100
Training statistic: Loss: 0.1123, train_score: {'mae': 0.23742701, 'mse': 0.11232979, 'r2': 0.8824530326666745}
Validation statistic: Loss: 0.2827, dev_score: {'mae': 0.37353593, 'mse': 0.28272325, 'r2': 0.7856675081471447}
Saving model...
Model saved!
-------------------------------------------
-----------------------
Epoch 17/100
Training statistic: Loss: 0.1096, train_score: {'mae': 0.23405913, 'mse': 0.109599106, 'r2': 0.8853105367200038}
Validation statistic: Loss: 0.2760, dev_score: {'mae': 0.36927828, 'mse': 0.27603152, 'r2': 0.7907404879974251}
Saving model...
Model saved!
-------------------------------------------
-----------------------
Epoch 18/100
Training statistic: Loss: 0.1099, train_score: {'mae': 0.23370636, 'mse': 0.10986139, 'r2': 0.885036072138045}
Validation statistic: Loss: 0.2775, dev_score: {'mae': 0.36750975, 'mse': 0.2775046, 'r2': 0.7896237782423452}
-----------------------
Epoch 19/100
Training statistic: Loss: 0.1096, train_score: {'mae': 0.23243356, 'mse': 0.10963745, 'r2': 0.8852704257744854}
Validation statistic: Loss: 0.2786, dev_score: {'mae': 0.37034014, 'mse': 0.27863458, 'r2': 0.7887671158389622}
-----------------------
Epoch 20/100
Training statistic: Loss: 0.1085, train_score: {'mae': 0.23170425, 'mse': 0.108476885, 'r2': 0.8864848713475366}
Validation statistic: Loss: 0.2799, dev_score: {'mae': 0.37104112, 'mse': 0.27994478, 'r2': 0.7877738732182118}
-----------------------
Epoch 21/100
Training statistic: Loss: 0.1077, train_score: {'mae': 0.23094499, 'mse': 0.107655585, 'r2': 0.8873443212276626}
Validation statistic: Loss: 0.2747, dev_score: {'mae': 0.3660635, 'mse': 0.27468947, 'r2': 0.79175792032781}
Saving model...
Model saved!
-------------------------------------------
-----------------------
Epoch 22/100
Training statistic: Loss: 0.1054, train_score: {'mae': 0.2285461, 'mse': 0.105405495, 'r2': 0.889698922866781}
Validation statistic: Loss: 0.2733, dev_score: {'mae': 0.3684966, 'mse': 0.2733229, 'r2': 0.7927939166049027}
Saving model...
Model saved!
-------------------------------------------
-----------------------
Epoch 23/100
Training statistic: Loss: 0.1072, train_score: {'mae': 0.22985198, 'mse': 0.10717426, 'r2': 0.8878480040200669}
Validation statistic: Loss: 0.2750, dev_score: {'mae': 0.3687081, 'mse': 0.27501214, 'r2': 0.7915133083387293}
-----------------------
Epoch 24/100
Training statistic: Loss: 0.1041, train_score: {'mae': 0.22697037, 'mse': 0.104077436, 'r2': 0.891088673761742}
Validation statistic: Loss: 0.2747, dev_score: {'mae': 0.36874026, 'mse': 0.2747295, 'r2': 0.7917275802417771}
-----------------------
Epoch 25/100
Training statistic: Loss: 0.1033, train_score: {'mae': 0.22585092, 'mse': 0.10331121, 'r2': 0.8918904848506798}
Validation statistic: Loss: 0.2734, dev_score: {'mae': 0.3683588, 'mse': 0.27335557, 'r2': 0.7927691557694563}
-----------------------
Epoch 26/100
Training statistic: Loss: 0.1034, train_score: {'mae': 0.22516, 'mse': 0.10335105, 'r2': 0.8918487879523058}
Validation statistic: Loss: 0.2703, dev_score: {'mae': 0.3638012, 'mse': 0.27032566, 'r2': 0.7950661113224298}
Saving model...
Model saved!
-------------------------------------------
-----------------------
Epoch 27/100
Training statistic: Loss: 0.1018, train_score: {'mae': 0.22400704, 'mse': 0.10181946, 'r2': 0.8934515196724635}
Validation statistic: Loss: 0.2703, dev_score: {'mae': 0.36714366, 'mse': 0.27027062, 'r2': 0.7951078492706632}
Saving model...
Model saved!
-------------------------------------------
-----------------------
Epoch 28/100
Training statistic: Loss: 0.1045, train_score: {'mae': 0.22408186, 'mse': 0.10446611, 'r2': 0.890681931068248}
Validation statistic: Loss: 0.2696, dev_score: {'mae': 0.36527118, 'mse': 0.26959857, 'r2': 0.7956173259818182}
Saving model...
Model saved!
-------------------------------------------
-----------------------
Epoch 29/100
Training statistic: Loss: 0.1034, train_score: {'mae': 0.223049, 'mse': 0.10343158, 'r2': 0.8917645239021132}
Validation statistic: Loss: 0.2689, dev_score: {'mae': 0.36578783, 'mse': 0.2689135, 'r2': 0.7961366746340705}
Saving model...
Model saved!
-------------------------------------------
-----------------------
Epoch 30/100
Training statistic: Loss: 0.1013, train_score: {'mae': 0.22153413, 'mse': 0.101292185, 'r2': 0.8940032863078499}
Validation statistic: Loss: 0.2672, dev_score: {'mae': 0.3638713, 'mse': 0.2672487, 'r2': 0.7973987792964705}
Saving model...
Model saved!
-------------------------------------------
-----------------------
Epoch 31/100
Training statistic: Loss: 0.1031, train_score: {'mae': 0.2222349, 'mse': 0.10309163, 'r2': 0.8921202597810487}
Validation statistic: Loss: 0.2662, dev_score: {'mae': 0.36088833, 'mse': 0.26622853, 'r2': 0.798172181496728}
Saving model...
Model saved!
-------------------------------------------
-----------------------
Epoch 32/100
Training statistic: Loss: 0.1013, train_score: {'mae': 0.22095145, 'mse': 0.10134152, 'r2': 0.8939516539027546}
Validation statistic: Loss: 0.2680, dev_score: {'mae': 0.3640629, 'mse': 0.26800445, 'r2': 0.7968258458646595}
-----------------------
Epoch 33/100
Training statistic: Loss: 0.1085, train_score: {'mae': 0.22042598, 'mse': 0.10852507, 'r2': 0.8864344568980704}
Validation statistic: Loss: 0.2667, dev_score: {'mae': 0.36296096, 'mse': 0.26672453, 'r2': 0.7977961564722909}
-----------------------
Epoch 34/100
Training statistic: Loss: 0.1117, train_score: {'mae': 0.2225571, 'mse': 0.11173717, 'r2': 0.8830731713406528}
Validation statistic: Loss: 0.2703, dev_score: {'mae': 0.3646569, 'mse': 0.27031165, 'r2': 0.7950767403514243}
-----------------------
Epoch 35/100
Training statistic: Loss: 0.1099, train_score: {'mae': 0.21958698, 'mse': 0.10991889, 'r2': 0.8849758991195017}
Validation statistic: Loss: 0.2671, dev_score: {'mae': 0.36205736, 'mse': 0.26708555, 'r2': 0.7975224409919057}
-----------------------
Epoch 36/100
Training statistic: Loss: 0.1075, train_score: {'mae': 0.21891174, 'mse': 0.107528925, 'r2': 0.887476854529394}
Validation statistic: Loss: 0.2615, dev_score: {'mae': 0.35841376, 'mse': 0.2614558, 'r2': 0.8017903662351539}
Saving model...
Model saved!
-------------------------------------------
-----------------------
Epoch 37/100
Training statistic: Loss: 0.1087, train_score: {'mae': 0.21909755, 'mse': 0.10867508, 'r2': 0.8862774798671977}
Validation statistic: Loss: 0.2618, dev_score: {'mae': 0.35857832, 'mse': 0.26176047, 'r2': 0.8015593864792363}
-----------------------
Epoch 38/100
Training statistic: Loss: 0.1043, train_score: {'mae': 0.22017227, 'mse': 0.1043126, 'r2': 0.8908426029848278}
Validation statistic: Loss: 0.2634, dev_score: {'mae': 0.3612691, 'mse': 0.2634416, 'r2': 0.800284930908153}
-----------------------
Epoch 39/100
Training statistic: Loss: 0.1038, train_score: {'mae': 0.21933438, 'mse': 0.103841506, 'r2': 0.8913355576281803}
Validation statistic: Loss: 0.2670, dev_score: {'mae': 0.36124635, 'mse': 0.2669673, 'r2': 0.7976121078574647}
-----------------------
Epoch 40/100
Training statistic: Loss: 0.1028, train_score: {'mae': 0.21841367, 'mse': 0.10282779, 'r2': 0.8923963400446842}
Validation statistic: Loss: 0.2642, dev_score: {'mae': 0.35978174, 'mse': 0.26416966, 'r2': 0.7997329929033115}
-----------------------
Epoch 41/100
Training statistic: Loss: 0.1028, train_score: {'mae': 0.21747825, 'mse': 0.10276283, 'r2': 0.8924643321367851}
Validation statistic: Loss: 0.2648, dev_score: {'mae': 0.35977167, 'mse': 0.26484418, 'r2': 0.7992216213863377}
-----------------------
Epoch 42/100
Training statistic: Loss: 0.1013, train_score: {'mae': 0.21612985, 'mse': 0.10131296, 'r2': 0.8939815479939887}
Validation statistic: Loss: 0.2608, dev_score: {'mae': 0.35599843, 'mse': 0.26082885, 'r2': 0.8022656552251588}
Saving model...
Model saved!
-------------------------------------------
-----------------------
Epoch 43/100
Training statistic: Loss: 0.0987, train_score: {'mae': 0.21582578, 'mse': 0.09874102, 'r2': 0.8966729357613917}
Validation statistic: Loss: 0.2578, dev_score: {'mae': 0.35469565, 'mse': 0.25780037, 'r2': 0.804561567732153}
Saving model...
Model saved!
-------------------------------------------
-----------------------
Epoch 44/100
Training statistic: Loss: 0.1001, train_score: {'mae': 0.21637076, 'mse': 0.10009636, 'r2': 0.8952546556908938}
Validation statistic: Loss: 0.2598, dev_score: {'mae': 0.35751596, 'mse': 0.2598082, 'r2': 0.8030394104600546}
-----------------------
Epoch 45/100
Training statistic: Loss: 0.1043, train_score: {'mae': 0.216294, 'mse': 0.10433097, 'r2': 0.8908233582814061}
Validation statistic: Loss: 0.2589, dev_score: {'mae': 0.35816857, 'mse': 0.2588993, 'r2': 0.8037284477685778}
-----------------------
Epoch 46/100
Training statistic: Loss: 0.1083, train_score: {'mae': 0.21712336, 'mse': 0.10830977, 'r2': 0.8866597749325985}
Validation statistic: Loss: 0.2598, dev_score: {'mae': 0.35846445, 'mse': 0.2598481, 'r2': 0.8030091629684138}
-----------------------
Epoch 47/100
Training statistic: Loss: 0.1080, train_score: {'mae': 0.21796119, 'mse': 0.10803696, 'r2': 0.8869452493827354}
Validation statistic: Loss: 0.2615, dev_score: {'mae': 0.3596177, 'mse': 0.26145595, 'r2': 0.8017902439340197}
-----------------------
Epoch 48/100
Training statistic: Loss: 0.0976, train_score: {'mae': 0.21526575, 'mse': 0.09758782, 'r2': 0.8978796803442394}
Validation statistic: Loss: 0.2591, dev_score: {'mae': 0.3582149, 'mse': 0.25908798, 'r2': 0.8035854122607679}
-----------------------
Epoch 49/100
Training statistic: Loss: 0.0936, train_score: {'mae': 0.21309443, 'mse': 0.09363545, 'r2': 0.902015616375722}
Validation statistic: Loss: 0.2575, dev_score: {'mae': 0.35499105, 'mse': 0.25748265, 'r2': 0.8048024197964703}
Saving model...
Model saved!
-------------------------------------------
-----------------------
Epoch 50/100
Training statistic: Loss: 0.0965, train_score: {'mae': 0.21492589, 'mse': 0.09648893, 'r2': 0.8990296182257766}
Validation statistic: Loss: 0.2619, dev_score: {'mae': 0.36087048, 'mse': 0.26188865, 'r2': 0.8014622237481291}
-----------------------
Epoch 51/100
Training statistic: Loss: 0.0975, train_score: {'mae': 0.21549965, 'mse': 0.09747464, 'r2': 0.8979981397293001}
Validation statistic: Loss: 0.2619, dev_score: {'mae': 0.35942107, 'mse': 0.26190236, 'r2': 0.8014518265022859}
-----------------------
Epoch 52/100
Training statistic: Loss: 0.0934, train_score: {'mae': 0.21308525, 'mse': 0.0934273, 'r2': 0.9022334393196845}
Validation statistic: Loss: 0.2609, dev_score: {'mae': 0.35769892, 'mse': 0.26088652, 'r2': 0.8022219224030781}
-----------------------
Epoch 53/100
Training statistic: Loss: 0.0967, train_score: {'mae': 0.21417238, 'mse': 0.09671066, 'r2': 0.8987976079472886}
Validation statistic: Loss: 0.2631, dev_score: {'mae': 0.3600156, 'mse': 0.2630924, 'r2': 0.8005496680910882}
-----------------------
Epoch 54/100
Training statistic: Loss: 0.0978, train_score: {'mae': 0.21639903, 'mse': 0.09784192, 'r2': 0.897613792162886}
Validation statistic: Loss: 0.2635, dev_score: {'mae': 0.36015534, 'mse': 0.26354262, 'r2': 0.800208327683125}
-----------------------
Epoch 55/100
Training statistic: Loss: 0.0933, train_score: {'mae': 0.21226478, 'mse': 0.09332173, 'r2': 0.902343912024513}
Validation statistic: Loss: 0.2582, dev_score: {'mae': 0.35622352, 'mse': 0.2581823, 'r2': 0.8042720160798478}
-----------------------
Epoch 56/100
Training statistic: Loss: 0.0982, train_score: {'mae': 0.2139546, 'mse': 0.098230995, 'r2': 0.8972066507964565}
Validation statistic: Loss: 0.2614, dev_score: {'mae': 0.35769942, 'mse': 0.26135063, 'r2': 0.8018700860608083}
-----------------------
Epoch 57/100
Training statistic: Loss: 0.0924, train_score: {'mae': 0.21122868, 'mse': 0.09240901, 'r2': 0.9032990446416129}
Validation statistic: Loss: 0.2543, dev_score: {'mae': 0.35543466, 'mse': 0.25434914, 'r2': 0.8071779367751235}
Saving model...
Model saved!
-------------------------------------------
-----------------------
Epoch 58/100
Training statistic: Loss: 0.0936, train_score: {'mae': 0.21216263, 'mse': 0.093592726, 'r2': 0.9020603400815287}
Validation statistic: Loss: 0.2577, dev_score: {'mae': 0.35753047, 'mse': 0.2577221, 'r2': 0.8046208714495362}
-----------------------
Epoch 59/100
Training statistic: Loss: 0.0930, train_score: {'mae': 0.21221922, 'mse': 0.09297771, 'r2': 0.9027039283166849}
Validation statistic: Loss: 0.2542, dev_score: {'mae': 0.3547568, 'mse': 0.25423238, 'r2': 0.8072664407045189}
Saving model...
Model saved!
-------------------------------------------
-----------------------
Epoch 60/100
Training statistic: Loss: 0.0954, train_score: {'mae': 0.21071301, 'mse': 0.0954209, 'r2': 0.9001472729238543}
Validation statistic: Loss: 0.2531, dev_score: {'mae': 0.35599434, 'mse': 0.25309968, 'r2': 0.8081251360499717}
Saving model...
Model saved!
-------------------------------------------
-----------------------
Epoch 61/100
Training statistic: Loss: 0.0917, train_score: {'mae': 0.21151656, 'mse': 0.09165771, 'r2': 0.9040852216894829}
Validation statistic: Loss: 0.2579, dev_score: {'mae': 0.35777092, 'mse': 0.2578788, 'r2': 0.8045020697378314}
-----------------------
Epoch 62/100
Training statistic: Loss: 0.0945, train_score: {'mae': 0.21126236, 'mse': 0.09450406, 'r2': 0.9011066725903858}
Validation statistic: Loss: 0.2574, dev_score: {'mae': 0.35630366, 'mse': 0.25741974, 'r2': 0.8048500852778226}
-----------------------
Epoch 63/100
Training statistic: Loss: 0.0922, train_score: {'mae': 0.21024457, 'mse': 0.09223095, 'r2': 0.9034853708502214}
Validation statistic: Loss: 0.2582, dev_score: {'mae': 0.35590747, 'mse': 0.25822, 'r2': 0.804243438427926}
-----------------------
Epoch 64/100
Training statistic: Loss: 0.0924, train_score: {'mae': 0.21007158, 'mse': 0.092408486, 'r2': 0.9032995773579564}
Validation statistic: Loss: 0.2556, dev_score: {'mae': 0.3563906, 'mse': 0.2556267, 'r2': 0.8062094031884295}
-----------------------
Epoch 65/100
Training statistic: Loss: 0.0930, train_score: {'mae': 0.21106616, 'mse': 0.092968024, 'r2': 0.9027140564452751}
Validation statistic: Loss: 0.2570, dev_score: {'mae': 0.35530344, 'mse': 0.25695604, 'r2': 0.8052016370251414}
-----------------------
Epoch 66/100
Training statistic: Loss: 0.0941, train_score: {'mae': 0.21045582, 'mse': 0.09407766, 'r2': 0.9015528737394437}
Validation statistic: Loss: 0.2544, dev_score: {'mae': 0.35608685, 'mse': 0.25440228, 'r2': 0.8071376410870866}
-----------------------
Epoch 67/100
Training statistic: Loss: 0.0984, train_score: {'mae': 0.21255837, 'mse': 0.09835047, 'r2': 0.8970816122537257}
Validation statistic: Loss: 0.2580, dev_score: {'mae': 0.35698417, 'mse': 0.2580112, 'r2': 0.8044017020026044}
-----------------------
Epoch 68/100
Training statistic: Loss: 0.0908, train_score: {'mae': 0.20876725, 'mse': 0.09082431, 'r2': 0.9049573318758559}
Validation statistic: Loss: 0.2512, dev_score: {'mae': 0.35277507, 'mse': 0.25122917, 'r2': 0.809543170644243}
Saving model...
Model saved!
-------------------------------------------
-----------------------
Epoch 69/100
Training statistic: Loss: 0.0905, train_score: {'mae': 0.20746961, 'mse': 0.0905258, 'r2': 0.9052697059501891}
Validation statistic: Loss: 0.2520, dev_score: {'mae': 0.34973517, 'mse': 0.25195998, 'r2': 0.8089891376942842}
-----------------------
Epoch 70/100
Training statistic: Loss: 0.0912, train_score: {'mae': 0.20811026, 'mse': 0.09121395, 'r2': 0.9045495925914645}
Validation statistic: Loss: 0.2500, dev_score: {'mae': 0.34976065, 'mse': 0.25002894, 'r2': 0.8104530751140357}
Saving model...
Model saved!
-------------------------------------------
-----------------------
Epoch 71/100
Training statistic: Loss: 0.0922, train_score: {'mae': 0.20998001, 'mse': 0.09224839, 'r2': 0.9034671068959501}
Validation statistic: Loss: 0.2561, dev_score: {'mae': 0.35636076, 'mse': 0.2561342, 'r2': 0.8058246601973881}
-----------------------
Epoch 72/100
Training statistic: Loss: 0.0908, train_score: {'mae': 0.20951293, 'mse': 0.09078574, 'r2': 0.9049976928251859}
Validation statistic: Loss: 0.2545, dev_score: {'mae': 0.35587358, 'mse': 0.2545381, 'r2': 0.8070347026479138}
-----------------------
Epoch 73/100
Training statistic: Loss: 0.0901, train_score: {'mae': 0.20843355, 'mse': 0.09010046, 'r2': 0.9057148000051206}
Validation statistic: Loss: 0.2543, dev_score: {'mae': 0.35238937, 'mse': 0.25434566, 'r2': 0.8071805811527586}
-----------------------
Epoch 74/100
Training statistic: Loss: 0.0909, train_score: {'mae': 0.20907316, 'mse': 0.09086924, 'r2': 0.9049103070432286}
Validation statistic: Loss: 0.2516, dev_score: {'mae': 0.3502662, 'mse': 0.25156316, 'r2': 0.8092899803662515}
-----------------------
Epoch 75/100
Training statistic: Loss: 0.0893, train_score: {'mae': 0.2088257, 'mse': 0.08927356, 'r2': 0.9065801271264429}
Validation statistic: Loss: 0.2539, dev_score: {'mae': 0.35207677, 'mse': 0.25387487, 'r2': 0.8075374785736692}
-----------------------
Epoch 76/100
Training statistic: Loss: 0.0928, train_score: {'mae': 0.20914076, 'mse': 0.092807494, 'r2': 0.9028820207126325}
Validation statistic: Loss: 0.2551, dev_score: {'mae': 0.35489118, 'mse': 0.25509724, 'r2': 0.8066107964917432}
-----------------------
Epoch 77/100
Training statistic: Loss: 0.0890, train_score: {'mae': 0.20702355, 'mse': 0.08904786, 'r2': 0.9068163012368666}
Validation statistic: Loss: 0.2504, dev_score: {'mae': 0.34988844, 'mse': 0.2504349, 'r2': 0.8101452864907247}
-----------------------
Epoch 78/100
Training statistic: Loss: 0.0923, train_score: {'mae': 0.20813449, 'mse': 0.09232509, 'r2': 0.9033868464275602}
Validation statistic: Loss: 0.2559, dev_score: {'mae': 0.35493943, 'mse': 0.25587595, 'r2': 0.8060204583819732}
-----------------------
Epoch 79/100
Training statistic: Loss: 0.0876, train_score: {'mae': 0.2069332, 'mse': 0.087611385, 'r2': 0.9083194967224899}
Validation statistic: Loss: 0.2537, dev_score: {'mae': 0.35325113, 'mse': 0.2537461, 'r2': 0.8076350822302347}
-----------------------
Epoch 80/100
Training statistic: Loss: 0.0930, train_score: {'mae': 0.2075337, 'mse': 0.09303991, 'r2': 0.9026388248492331}
Validation statistic: Loss: 0.2535, dev_score: {'mae': 0.35533094, 'mse': 0.2535073, 'r2': 0.807816140381552}
-----------------------
Epoch 81/100
Training statistic: Loss: 0.0913, train_score: {'mae': 0.20646362, 'mse': 0.0912957, 'r2': 0.9044640477291884}
Validation statistic: Loss: 0.2563, dev_score: {'mae': 0.3533914, 'mse': 0.25631717, 'r2': 0.8056859512468397}
-----------------------
Epoch 82/100
Training statistic: Loss: 0.0897, train_score: {'mae': 0.20638563, 'mse': 0.08969012, 'r2': 0.906144202763211}
Validation statistic: Loss: 0.2536, dev_score: {'mae': 0.3528787, 'mse': 0.25360927, 'r2': 0.8077388033785615}
-----------------------
Epoch 83/100
Training statistic: Loss: 0.0939, train_score: {'mae': 0.21258329, 'mse': 0.093903266, 'r2': 0.9017353713333739}
Validation statistic: Loss: 0.2648, dev_score: {'mae': 0.36114687, 'mse': 0.2647682, 'r2': 0.7992792228858743}
-----------------------
Epoch 84/100
Training statistic: Loss: 0.0897, train_score: {'mae': 0.20734178, 'mse': 0.08973851, 'r2': 0.9060935724193317}
Validation statistic: Loss: 0.2525, dev_score: {'mae': 0.3535622, 'mse': 0.25253528, 'r2': 0.8085530035633391}
-----------------------
Epoch 85/100
Training statistic: Loss: 0.0929, train_score: {'mae': 0.21230957, 'mse': 0.092948034, 'r2': 0.9027349706819414}
Validation statistic: Loss: 0.2616, dev_score: {'mae': 0.36134532, 'mse': 0.26160595, 'r2': 0.8016765294484463}
-----------------------
Epoch 86/100
Training statistic: Loss: 0.0921, train_score: {'mae': 0.20702799, 'mse': 0.09205414, 'r2': 0.9036703726787092}
Validation statistic: Loss: 0.2513, dev_score: {'mae': 0.35384893, 'mse': 0.25132912, 'r2': 0.8094673906143872}
-----------------------
Epoch 87/100
Training statistic: Loss: 0.0904, train_score: {'mae': 0.21035163, 'mse': 0.09036756, 'r2': 0.905435292666505}
Validation statistic: Loss: 0.2574, dev_score: {'mae': 0.35838425, 'mse': 0.2573962, 'r2': 0.804867968878689}
-----------------------
Epoch 88/100
Training statistic: Loss: 0.0913, train_score: {'mae': 0.20522356, 'mse': 0.091287516, 'r2': 0.9044726221610482}
Validation statistic: Loss: 0.2509, dev_score: {'mae': 0.35129425, 'mse': 0.2508896, 'r2': 0.809800591846435}
-----------------------
Epoch 89/100
Training statistic: Loss: 0.0965, train_score: {'mae': 0.20700724, 'mse': 0.09646347, 'r2': 0.8990562705629275}
Validation statistic: Loss: 0.2534, dev_score: {'mae': 0.35413417, 'mse': 0.2534111, 'r2': 0.8078890451883013}
-----------------------
Epoch 90/100
Training statistic: Loss: 0.0862, train_score: {'mae': 0.20566592, 'mse': 0.0862082, 'r2': 0.9097878580467731}
Validation statistic: Loss: 0.2467, dev_score: {'mae': 0.3475482, 'mse': 0.24670771, 'r2': 0.8129708919642353}
Saving model...
Model saved!
-------------------------------------------
-----------------------
Epoch 91/100
Training statistic: Loss: 0.0884, train_score: {'mae': 0.20688199, 'mse': 0.088438034, 'r2': 0.9074544381585575}
Validation statistic: Loss: 0.2555, dev_score: {'mae': 0.3550286, 'mse': 0.25545397, 'r2': 0.8063403548351118}
-----------------------
Epoch 92/100
Training statistic: Loss: 0.0879, train_score: {'mae': 0.20600364, 'mse': 0.08794714, 'r2': 0.907968134935625}
Validation statistic: Loss: 0.2475, dev_score: {'mae': 0.34869277, 'mse': 0.24749511, 'r2': 0.8123739640753371}
-----------------------
Epoch 93/100
Training statistic: Loss: 0.0858, train_score: {'mae': 0.20512845, 'mse': 0.085771725, 'r2': 0.9102445856207074}
Validation statistic: Loss: 0.2467, dev_score: {'mae': 0.34660748, 'mse': 0.24666211, 'r2': 0.8130054770076742}
Saving model...
Model saved!
-------------------------------------------
-----------------------
Epoch 94/100
Training statistic: Loss: 0.0877, train_score: {'mae': 0.20777906, 'mse': 0.087699525, 'r2': 0.908227253868674}
Validation statistic: Loss: 0.2560, dev_score: {'mae': 0.35810715, 'mse': 0.25603145, 'r2': 0.8059025573388969}
-----------------------
Epoch 95/100
Training statistic: Loss: 0.0869, train_score: {'mae': 0.20626387, 'mse': 0.0868795, 'r2': 0.909085358611062}
Validation statistic: Loss: 0.2551, dev_score: {'mae': 0.35480893, 'mse': 0.25506887, 'r2': 0.8066322852063059}
-----------------------
Epoch 96/100
Training statistic: Loss: 0.0885, train_score: {'mae': 0.2076735, 'mse': 0.088489875, 'r2': 0.9074002047334785}
Validation statistic: Loss: 0.2556, dev_score: {'mae': 0.35410044, 'mse': 0.2555963, 'r2': 0.8062324469394608}
-----------------------
Epoch 97/100
Training statistic: Loss: 0.0870, train_score: {'mae': 0.20634016, 'mse': 0.08703113, 'r2': 0.9089266939828411}
Validation statistic: Loss: 0.2534, dev_score: {'mae': 0.3533838, 'mse': 0.25338212, 'r2': 0.8079110467114237}
-----------------------
Epoch 98/100
Training statistic: Loss: 0.0898, train_score: {'mae': 0.20678064, 'mse': 0.08983686, 'r2': 0.9059906551398296}
Validation statistic: Loss: 0.2538, dev_score: {'mae': 0.355746, 'mse': 0.25378904, 'r2': 0.8076025516902998}
-----------------------
Epoch 99/100
Training statistic: Loss: 0.0889, train_score: {'mae': 0.20755368, 'mse': 0.08888242, 'r2': 0.906989418351784}
Validation statistic: Loss: 0.2546, dev_score: {'mae': 0.3549892, 'mse': 0.25460777, 'r2': 0.8069818481126165}
-----------------------
Epoch 100/100
Training statistic: Loss: 0.0902, train_score: {'mae': 0.20672359, 'mse': 0.09024617, 'r2': 0.9055623203336218}
Validation statistic: Loss: 0.2507, dev_score: {'mae': 0.35368535, 'mse': 0.25066775, 'r2': 0.8099687762304598}
Testing statistic: loss: 0.25286052612833276, scores: {'mae': 0.34107545, 'mse': 0.25286055, 'r2': 0.8153278406303055}
Finish training!
