=====Setting up data=====
Dataset name:california_housing
train_option:mix
augment_option:tvae
mix_ratio:-1
n_sample:-1
Dataset name:california_housing
Training dataset size: 114944 samples
Validation dataset size: 1664 samples

=====Setting up parameters for training=====
num_epochs: 100
learning_rate: 0.001
patience: 30
early_stop_criterion: loss
=====Setting up metrics for evaluating and plotting=====
metrics for evaluating: ['mae', 'mse', 'r2']
metric for plotting: mse
=====Setting up trainer=====
input_size: 8
model: DNN_News
----------------------------------------------------------------
        Layer (type)               Output Shape         Param #
================================================================
            Linear-1                  [-1, 512]           4,608
              ReLU-2                  [-1, 512]               0
       BatchNorm1d-3                  [-1, 512]           1,024
           Dropout-4                  [-1, 512]               0
            Linear-5                  [-1, 512]         262,656
              ReLU-6                  [-1, 512]               0
       BatchNorm1d-7                  [-1, 512]           1,024
           Dropout-8                  [-1, 512]               0
            Linear-9                  [-1, 256]         131,328
             ReLU-10                  [-1, 256]               0
      BatchNorm1d-11                  [-1, 256]             512
          Dropout-12                  [-1, 256]               0
           Linear-13                  [-1, 128]          32,896
             ReLU-14                  [-1, 128]               0
      BatchNorm1d-15                  [-1, 128]             256
          Dropout-16                  [-1, 128]               0
           Linear-17                    [-1, 1]             129
================================================================
Total params: 434,433
Trainable params: 434,433
Non-trainable params: 0
----------------------------------------------------------------
Input size (MB): 0.00
Forward/backward pass size (MB): 0.04
Params size (MB): 1.66
Estimated Total Size (MB): 1.70
----------------------------------------------------------------
=====Setting up output files=====
weight_dir, weight_file: /home/thuy/Research/minh_data_synth/TabularDA/.cache/housing_no_faker_runtime_20261009/output/housing_no_faker_20261009/california_housing/weight/, california_housing_seed42_tvae_full_generated_mix.weights.pth
acc_dir, acc_file: /home/thuy/Research/minh_data_synth/TabularDA/.cache/housing_no_faker_runtime_20261009/output/housing_no_faker_20261009/california_housing/acc/, california_housing_seed42_tvae_full_generated_mix.epochs.csv
report_file: california_housing_seed42_tvae_full_generated_mix.report.txt
==========================================================================================
Start training...
-----------------------
Epoch 1/100
Training statistic: Loss: 0.3500, train_score: {'mae': 0.38942194, 'mse': 0.34999496, 'r2': 0.6464521920781368}
Validation statistic: Loss: 0.4643, dev_score: {'mae': 0.48985893, 'mse': 0.46432576, 'r2': 0.6479946687323934}
Saving model...
Model saved!
-------------------------------------------
-----------------------
Epoch 2/100
Training statistic: Loss: 0.3315, train_score: {'mae': 0.381995, 'mse': 0.3315241, 'r2': 0.6651104865936022}
Validation statistic: Loss: 0.4472, dev_score: {'mae': 0.47989264, 'mse': 0.4471934, 'r2': 0.6609826437752451}
Saving model...
Model saved!
-------------------------------------------
-----------------------
Epoch 3/100
Training statistic: Loss: 0.3455, train_score: {'mae': 0.38139096, 'mse': 0.34546944, 'r2': 0.6510236222367458}
Validation statistic: Loss: 0.4588, dev_score: {'mae': 0.49143827, 'mse': 0.458805, 'r2': 0.6521799612668862}
-----------------------
Epoch 4/100
Training statistic: Loss: 0.3405, train_score: {'mae': 0.37632114, 'mse': 0.3405325, 'r2': 0.656010576269366}
Validation statistic: Loss: 0.4349, dev_score: {'mae': 0.47794896, 'mse': 0.43485993, 'r2': 0.6703326837563142}
Saving model...
Model saved!
-------------------------------------------
-----------------------
Epoch 5/100
Training statistic: Loss: 0.2880, train_score: {'mae': 0.37219155, 'mse': 0.28796333, 'r2': 0.7091134428954617}
Validation statistic: Loss: 0.4202, dev_score: {'mae': 0.4724695, 'mse': 0.42022768, 'r2': 0.681425421024605}
Saving model...
Model saved!
-------------------------------------------
-----------------------
Epoch 6/100
Training statistic: Loss: 0.3108, train_score: {'mae': 0.37158483, 'mse': 0.31076926, 'r2': 0.6860760560174126}
Validation statistic: Loss: 0.4203, dev_score: {'mae': 0.46987954, 'mse': 0.42026913, 'r2': 0.6813940066484738}
-----------------------
Epoch 7/100
Training statistic: Loss: 0.3052, train_score: {'mae': 0.3723455, 'mse': 0.30523598, 'r2': 0.6916654990381355}
Validation statistic: Loss: 0.4223, dev_score: {'mae': 0.47561973, 'mse': 0.4222773, 'r2': 0.6798716021023141}
-----------------------
Epoch 8/100
Training statistic: Loss: 0.3153, train_score: {'mae': 0.3715959, 'mse': 0.31534335, 'r2': 0.6814554864885327}
Validation statistic: Loss: 0.4243, dev_score: {'mae': 0.47750846, 'mse': 0.42430982, 'r2': 0.6783307337326252}
-----------------------
Epoch 9/100
Training statistic: Loss: 0.3033, train_score: {'mae': 0.36985055, 'mse': 0.3032907, 'r2': 0.6936305439261032}
Validation statistic: Loss: 0.4149, dev_score: {'mae': 0.47043556, 'mse': 0.4149499, 'r2': 0.6854265217701314}
Saving model...
Model saved!
-------------------------------------------
-----------------------
Epoch 10/100
Training statistic: Loss: 0.3154, train_score: {'mae': 0.37086338, 'mse': 0.31538522, 'r2': 0.681413198035735}
Validation statistic: Loss: 0.4305, dev_score: {'mae': 0.4806448, 'mse': 0.43051767, 'r2': 0.6736245558936003}
-----------------------
Epoch 11/100
Training statistic: Loss: 0.3030, train_score: {'mae': 0.36898434, 'mse': 0.3030157, 'r2': 0.6939082608304368}
Validation statistic: Loss: 0.4198, dev_score: {'mae': 0.47494495, 'mse': 0.41984004, 'r2': 0.6817192933405418}
-----------------------
Epoch 12/100
Training statistic: Loss: 0.2851, train_score: {'mae': 0.36812118, 'mse': 0.28511047, 'r2': 0.7119952992912231}
Validation statistic: Loss: 0.4121, dev_score: {'mae': 0.47200087, 'mse': 0.41211477, 'r2': 0.6875758076722678}
Saving model...
Model saved!
-------------------------------------------
-----------------------
Epoch 13/100
Training statistic: Loss: 0.2863, train_score: {'mae': 0.36803505, 'mse': 0.2863008, 'r2': 0.7107928678722093}
Validation statistic: Loss: 0.4212, dev_score: {'mae': 0.4755207, 'mse': 0.4211557, 'r2': 0.6807218690010104}
-----------------------
Epoch 14/100
Training statistic: Loss: 0.3008, train_score: {'mae': 0.36714035, 'mse': 0.30078757, 'r2': 0.6961590161247464}
Validation statistic: Loss: 0.4125, dev_score: {'mae': 0.47145343, 'mse': 0.41254544, 'r2': 0.6872492921198237}
-----------------------
Epoch 15/100
Training statistic: Loss: 0.2847, train_score: {'mae': 0.3669703, 'mse': 0.2847019, 'r2': 0.7124079687010834}
Validation statistic: Loss: 0.4162, dev_score: {'mae': 0.47371334, 'mse': 0.41615728, 'r2': 0.68451116931015}
-----------------------
Epoch 16/100
Training statistic: Loss: 0.2904, train_score: {'mae': 0.36734846, 'mse': 0.29040748, 'r2': 0.7066444778439733}
Validation statistic: Loss: 0.4155, dev_score: {'mae': 0.4740703, 'mse': 0.41554746, 'r2': 0.684973503944185}
-----------------------
Epoch 17/100
Training statistic: Loss: 0.2829, train_score: {'mae': 0.36751452, 'mse': 0.2828756, 'r2': 0.7142528062960434}
Validation statistic: Loss: 0.4148, dev_score: {'mae': 0.47460583, 'mse': 0.41478908, 'r2': 0.6855484003109377}
-----------------------
Epoch 18/100
Training statistic: Loss: 0.2657, train_score: {'mae': 0.36580217, 'mse': 0.26568118, 'r2': 0.7316218028510575}
Validation statistic: Loss: 0.4141, dev_score: {'mae': 0.47380665, 'mse': 0.41412124, 'r2': 0.6860546894286969}
-----------------------
Epoch 19/100
Training statistic: Loss: 0.2652, train_score: {'mae': 0.36616296, 'mse': 0.26520678, 'r2': 0.7321009738527768}
Validation statistic: Loss: 0.4227, dev_score: {'mae': 0.47776634, 'mse': 0.42271274, 'r2': 0.6795414814242582}
-----------------------
Epoch 20/100
Training statistic: Loss: 0.2639, train_score: {'mae': 0.36565578, 'mse': 0.2638612, 'r2': 0.7334602126276122}
Validation statistic: Loss: 0.4201, dev_score: {'mae': 0.4768157, 'mse': 0.4201451, 'r2': 0.6814880293849481}
-----------------------
Epoch 21/100
Training statistic: Loss: 0.2645, train_score: {'mae': 0.3640309, 'mse': 0.26449558, 'r2': 0.7328194019516423}
Validation statistic: Loss: 0.4149, dev_score: {'mae': 0.47134793, 'mse': 0.41486117, 'r2': 0.6854937567907934}
-----------------------
Epoch 22/100
Training statistic: Loss: 0.2685, train_score: {'mae': 0.36480445, 'mse': 0.2684568, 'r2': 0.728818034985135}
Validation statistic: Loss: 0.4210, dev_score: {'mae': 0.4746443, 'mse': 0.42100632, 'r2': 0.6808351187241842}
-----------------------
Epoch 23/100
Training statistic: Loss: 0.2654, train_score: {'mae': 0.36475858, 'mse': 0.2654226, 'r2': 0.7318830415963284}
Validation statistic: Loss: 0.4157, dev_score: {'mae': 0.47455385, 'mse': 0.41570756, 'r2': 0.6848521062077673}
-----------------------
Epoch 24/100
Training statistic: Loss: 0.2757, train_score: {'mae': 0.3645344, 'mse': 0.2757309, 'r2': 0.7214701060101893}
Validation statistic: Loss: 0.4142, dev_score: {'mae': 0.47392368, 'mse': 0.41423544, 'r2': 0.6859681431724556}
-----------------------
Epoch 25/100
Training statistic: Loss: 0.2686, train_score: {'mae': 0.3631959, 'mse': 0.26861238, 'r2': 0.7286608707018547}
Validation statistic: Loss: 0.4147, dev_score: {'mae': 0.47173053, 'mse': 0.41469792, 'r2': 0.6856175021855069}
-----------------------
Epoch 26/100
Training statistic: Loss: 0.2624, train_score: {'mae': 0.36351457, 'mse': 0.26241067, 'r2': 0.7349255095607111}
Validation statistic: Loss: 0.4180, dev_score: {'mae': 0.4742533, 'mse': 0.41797933, 'r2': 0.6831298851087311}
-----------------------
Epoch 27/100
Training statistic: Loss: 0.2932, train_score: {'mae': 0.36392227, 'mse': 0.29321375, 'r2': 0.703809773290096}
Validation statistic: Loss: 0.4146, dev_score: {'mae': 0.4726078, 'mse': 0.41457725, 'r2': 0.6857090069001195}
-----------------------
Epoch 28/100
Training statistic: Loss: 0.2781, train_score: {'mae': 0.3639844, 'mse': 0.27807462, 'r2': 0.7191025875574466}
Validation statistic: Loss: 0.4135, dev_score: {'mae': 0.47145236, 'mse': 0.4134861, 'r2': 0.6865362035221534}
-----------------------
Epoch 29/100
Training statistic: Loss: 0.2624, train_score: {'mae': 0.36260742, 'mse': 0.2623793, 'r2': 0.734957241552583}
Validation statistic: Loss: 0.4155, dev_score: {'mae': 0.4735353, 'mse': 0.41545606, 'r2': 0.6850427932182581}
-----------------------
Epoch 30/100
Training statistic: Loss: 0.2614, train_score: {'mae': 0.36371922, 'mse': 0.26144275, 'r2': 0.7359032686867233}
Validation statistic: Loss: 0.4182, dev_score: {'mae': 0.4755338, 'mse': 0.4181994, 'r2': 0.6829630636193061}
-----------------------
Epoch 31/100
Training statistic: Loss: 0.2597, train_score: {'mae': 0.36344662, 'mse': 0.25965983, 'r2': 0.7377042506694031}
Validation statistic: Loss: 0.4187, dev_score: {'mae': 0.47400153, 'mse': 0.41866273, 'r2': 0.6826117923515678}
-----------------------
Epoch 32/100
Training statistic: Loss: 0.2873, train_score: {'mae': 0.36386442, 'mse': 0.28725156, 'r2': 0.7098324547142774}
Validation statistic: Loss: 0.4221, dev_score: {'mae': 0.4756209, 'mse': 0.4220829, 'r2': 0.6800189620822588}
-----------------------
Epoch 33/100
Training statistic: Loss: 0.3100, train_score: {'mae': 0.3636806, 'mse': 0.31001586, 'r2': 0.6868370811889608}
Validation statistic: Loss: 0.4141, dev_score: {'mae': 0.47255477, 'mse': 0.4141439, 'r2': 0.686037530321034}
-----------------------
Epoch 34/100
Training statistic: Loss: 0.2635, train_score: {'mae': 0.36314517, 'mse': 0.2635282, 'r2': 0.7337966469954884}
Validation statistic: Loss: 0.4254, dev_score: {'mae': 0.4771427, 'mse': 0.42542747, 'r2': 0.6774834334525235}
-----------------------
Epoch 35/100
Training statistic: Loss: 0.2658, train_score: {'mae': 0.36366853, 'mse': 0.26577017, 'r2': 0.7315319062434028}
Validation statistic: Loss: 0.4165, dev_score: {'mae': 0.47423577, 'mse': 0.4165283, 'r2': 0.6842298988255529}
-----------------------
Epoch 36/100
Training statistic: Loss: 0.2633, train_score: {'mae': 0.36148274, 'mse': 0.26330388, 'r2': 0.7340232380574296}
Validation statistic: Loss: 0.4153, dev_score: {'mae': 0.46995974, 'mse': 0.41526917, 'r2': 0.6851844674714264}
-----------------------
Epoch 37/100
Training statistic: Loss: 0.2580, train_score: {'mae': 0.36286592, 'mse': 0.25801325, 'r2': 0.7393675993762002}
Validation statistic: Loss: 0.4146, dev_score: {'mae': 0.47397763, 'mse': 0.41463056, 'r2': 0.685668597544453}
-----------------------
Epoch 38/100
Training statistic: Loss: 0.2559, train_score: {'mae': 0.36137277, 'mse': 0.2558981, 'r2': 0.7415042458838166}
Validation statistic: Loss: 0.4146, dev_score: {'mae': 0.4714858, 'mse': 0.4146149, 'r2': 0.6856804782457215}
-----------------------
Epoch 39/100
Training statistic: Loss: 0.2599, train_score: {'mae': 0.3623235, 'mse': 0.25987244, 'r2': 0.7374895135062202}
Validation statistic: Loss: 0.4162, dev_score: {'mae': 0.4738906, 'mse': 0.41619802, 'r2': 0.6844802923194977}
-----------------------
Epoch 40/100
Training statistic: Loss: 0.2696, train_score: {'mae': 0.36202776, 'mse': 0.26958776, 'r2': 0.7276755801302655}
Validation statistic: Loss: 0.4134, dev_score: {'mae': 0.47257257, 'mse': 0.41335824, 'r2': 0.6866331033690609}
-----------------------
Epoch 41/100
Training statistic: Loss: 0.2671, train_score: {'mae': 0.361991, 'mse': 0.26710466, 'r2': 0.7301838882333818}
Validation statistic: Loss: 0.4143, dev_score: {'mae': 0.47270468, 'mse': 0.4143278, 'r2': 0.6858981072190025}
-----------------------
Epoch 42/100
Training statistic: Loss: 0.2728, train_score: {'mae': 0.3617356, 'mse': 0.2727711, 'r2': 0.7244599117622421}
Validation statistic: Loss: 0.4245, dev_score: {'mae': 0.47754788, 'mse': 0.42453808, 'r2': 0.6781576969314103}
-----------------------
Epoch 43/100
Training statistic: Loss: 0.2709, train_score: {'mae': 0.36121497, 'mse': 0.27093828, 'r2': 0.7263113273401416}
Validation statistic: Loss: 0.4225, dev_score: {'mae': 0.47641918, 'mse': 0.42247579, 'r2': 0.6797211064705166}
Early stopping (loss) triggered!
Early stopping by loss
Testing statistic: loss: 0.44757214488909225, scores: {'mae': 0.4629373, 'mse': 0.44757214, 'r2': 0.673123691583682}
Finish training!
