=====Setting up data=====
Dataset name:california_housing
train_option:synthetic
augment_option:tvae_compare_xgb
mix_ratio:-1
n_sample:-1
Dataset name:california_housing
Training dataset size: 100096 samples
Validation dataset size: 1664 samples

=====Setting up parameters for training=====
num_epochs: 100
learning_rate: 0.001
patience: 30
early_stop_criterion: loss
=====Setting up metrics for evaluating and plotting=====
metrics for evaluating: ['mae', 'mse', 'r2']
metric for plotting: mse
=====Setting up trainer=====
input_size: 8
model: DNN_News
----------------------------------------------------------------
        Layer (type)               Output Shape         Param #
================================================================
            Linear-1                  [-1, 512]           4,608
              ReLU-2                  [-1, 512]               0
       BatchNorm1d-3                  [-1, 512]           1,024
           Dropout-4                  [-1, 512]               0
            Linear-5                  [-1, 512]         262,656
              ReLU-6                  [-1, 512]               0
       BatchNorm1d-7                  [-1, 512]           1,024
           Dropout-8                  [-1, 512]               0
            Linear-9                  [-1, 256]         131,328
             ReLU-10                  [-1, 256]               0
      BatchNorm1d-11                  [-1, 256]             512
          Dropout-12                  [-1, 256]               0
           Linear-13                  [-1, 128]          32,896
             ReLU-14                  [-1, 128]               0
      BatchNorm1d-15                  [-1, 128]             256
          Dropout-16                  [-1, 128]               0
           Linear-17                    [-1, 1]             129
================================================================
Total params: 434,433
Trainable params: 434,433
Non-trainable params: 0
----------------------------------------------------------------
Input size (MB): 0.00
Forward/backward pass size (MB): 0.04
Params size (MB): 1.66
Estimated Total Size (MB): 1.70
----------------------------------------------------------------
=====Setting up output files=====
weight_dir, weight_file: /home/thuy/Research/minh_data_synth/TabularDA/.cache/housing_no_faker_runtime_20261009/output/housing_no_faker_20261009/california_housing/weight/, california_housing_seed42_tvae_full_xgb_synthetic.weights.pth
acc_dir, acc_file: /home/thuy/Research/minh_data_synth/TabularDA/.cache/housing_no_faker_runtime_20261009/output/housing_no_faker_20261009/california_housing/acc/, california_housing_seed42_tvae_full_xgb_synthetic.epochs.csv
report_file: california_housing_seed42_tvae_full_xgb_synthetic.report.txt
==========================================================================================
Start training...
-----------------------
Epoch 1/100
Training statistic: Loss: 0.1690, train_score: {'mae': 0.3074482, 'mse': 0.16901176, 'r2': 0.8220144186324885}
Validation statistic: Loss: 0.3851, dev_score: {'mae': 0.44815037, 'mse': 0.38507998, 'r2': 0.7080708808038814}
Saving model...
Model saved!
-------------------------------------------
-----------------------
Epoch 2/100
Training statistic: Loss: 0.1525, train_score: {'mae': 0.29194576, 'mse': 0.15246043, 'r2': 0.8394445631921148}
Validation statistic: Loss: 0.3626, dev_score: {'mae': 0.433515, 'mse': 0.3626371, 'r2': 0.7250848005119592}
Saving model...
Model saved!
-------------------------------------------
-----------------------
Epoch 3/100
Training statistic: Loss: 0.1393, train_score: {'mae': 0.2765446, 'mse': 0.13933077, 'r2': 0.8532713327687302}
Validation statistic: Loss: 0.3467, dev_score: {'mae': 0.4180923, 'mse': 0.34668508, 'r2': 0.7371780534969283}
Saving model...
Model saved!
-------------------------------------------
-----------------------
Epoch 4/100
Training statistic: Loss: 0.1377, train_score: {'mae': 0.27380833, 'mse': 0.13774943, 'r2': 0.8549366450446592}
Validation statistic: Loss: 0.3380, dev_score: {'mae': 0.40925568, 'mse': 0.33799177, 'r2': 0.7437684330846124}
Saving model...
Model saved!
-------------------------------------------
-----------------------
Epoch 5/100
Training statistic: Loss: 0.1345, train_score: {'mae': 0.2700645, 'mse': 0.13454416, 'r2': 0.8583120839852493}
Validation statistic: Loss: 0.3354, dev_score: {'mae': 0.4090318, 'mse': 0.33535463, 'r2': 0.7457676609523539}
Saving model...
Model saved!
-------------------------------------------
-----------------------
Epoch 6/100
Training statistic: Loss: 0.1253, train_score: {'mae': 0.26031962, 'mse': 0.1252696, 'r2': 0.8680790972500938}
Validation statistic: Loss: 0.3180, dev_score: {'mae': 0.39475188, 'mse': 0.31796667, 'r2': 0.7589494725230626}
Saving model...
Model saved!
-------------------------------------------
-----------------------
Epoch 7/100
Training statistic: Loss: 0.1285, train_score: {'mae': 0.2604233, 'mse': 0.1285271, 'r2': 0.8646486441577318}
Validation statistic: Loss: 0.3241, dev_score: {'mae': 0.39582685, 'mse': 0.3241204, 'r2': 0.7542843232697706}
-----------------------
Epoch 8/100
Training statistic: Loss: 0.1164, train_score: {'mae': 0.25016668, 'mse': 0.11644656, 'r2': 0.8773706293348245}
Validation statistic: Loss: 0.3072, dev_score: {'mae': 0.38489214, 'mse': 0.30722904, 'r2': 0.7670896789573729}
Saving model...
Model saved!
-------------------------------------------
-----------------------
Epoch 9/100
Training statistic: Loss: 0.1113, train_score: {'mae': 0.24549158, 'mse': 0.1112616, 'r2': 0.8828308673628102}
Validation statistic: Loss: 0.2986, dev_score: {'mae': 0.37865362, 'mse': 0.29863277, 'r2': 0.7736065002423469}
Saving model...
Model saved!
-------------------------------------------
-----------------------
Epoch 10/100
Training statistic: Loss: 0.1040, train_score: {'mae': 0.2364681, 'mse': 0.10397713, 'r2': 0.8905021095310012}
Validation statistic: Loss: 0.2948, dev_score: {'mae': 0.37451598, 'mse': 0.29480082, 'r2': 0.7765115075277396}
Saving model...
Model saved!
-------------------------------------------
-----------------------
Epoch 11/100
Training statistic: Loss: 0.0986, train_score: {'mae': 0.23239516, 'mse': 0.098563515, 'r2': 0.8962031767086651}
Validation statistic: Loss: 0.2848, dev_score: {'mae': 0.37107533, 'mse': 0.284755, 'r2': 0.7841272507453036}
Saving model...
Model saved!
-------------------------------------------
-----------------------
Epoch 12/100
Training statistic: Loss: 0.0976, train_score: {'mae': 0.22938496, 'mse': 0.09757255, 'r2': 0.8972467565840503}
Validation statistic: Loss: 0.2911, dev_score: {'mae': 0.3738057, 'mse': 0.2911438, 'r2': 0.7792838995953311}
-----------------------
Epoch 13/100
Training statistic: Loss: 0.0898, train_score: {'mae': 0.22054416, 'mse': 0.08979332, 'r2': 0.9054390224342497}
Validation statistic: Loss: 0.2786, dev_score: {'mae': 0.36843386, 'mse': 0.2786077, 'r2': 0.7887875195751011}
Saving model...
Model saved!
-------------------------------------------
-----------------------
Epoch 14/100
Training statistic: Loss: 0.0913, train_score: {'mae': 0.2226205, 'mse': 0.09133909, 'r2': 0.9038111745765822}
Validation statistic: Loss: 0.2805, dev_score: {'mae': 0.36535814, 'mse': 0.28047317, 'r2': 0.7873732999247075}
-----------------------
Epoch 15/100
Training statistic: Loss: 0.0881, train_score: {'mae': 0.21863945, 'mse': 0.08807049, 'r2': 0.9072533278879857}
Validation statistic: Loss: 0.2736, dev_score: {'mae': 0.36443365, 'mse': 0.2735559, 'r2': 0.7926172737786791}
Saving model...
Model saved!
-------------------------------------------
-----------------------
Epoch 16/100
Training statistic: Loss: 0.0855, train_score: {'mae': 0.21642637, 'mse': 0.0855282, 'r2': 0.909930596798463}
Validation statistic: Loss: 0.2710, dev_score: {'mae': 0.36057183, 'mse': 0.27096155, 'r2': 0.794584047086883}
Saving model...
Model saved!
-------------------------------------------
-----------------------
Epoch 17/100
Training statistic: Loss: 0.0921, train_score: {'mae': 0.2228059, 'mse': 0.092064984, 'r2': 0.9030467629899692}
Validation statistic: Loss: 0.2800, dev_score: {'mae': 0.3665029, 'mse': 0.2799853, 'r2': 0.7877431274784139}
-----------------------
Epoch 18/100
Training statistic: Loss: 0.0826, train_score: {'mae': 0.21194416, 'mse': 0.0825872, 'r2': 0.9130277603804967}
Validation statistic: Loss: 0.2689, dev_score: {'mae': 0.35821605, 'mse': 0.2689309, 'r2': 0.7961234862963291}
Saving model...
Model saved!
-------------------------------------------
-----------------------
Epoch 19/100
Training statistic: Loss: 0.0813, train_score: {'mae': 0.21185926, 'mse': 0.08128828, 'r2': 0.9143956494195262}
Validation statistic: Loss: 0.2644, dev_score: {'mae': 0.35555673, 'mse': 0.26441327, 'r2': 0.799548314384782}
Saving model...
Model saved!
-------------------------------------------
-----------------------
Epoch 20/100
Training statistic: Loss: 0.0821, train_score: {'mae': 0.21274814, 'mse': 0.08205391, 'r2': 0.9135893759858289}
Validation statistic: Loss: 0.2708, dev_score: {'mae': 0.36357856, 'mse': 0.27082902, 'r2': 0.7946845340157324}
-----------------------
Epoch 21/100
Training statistic: Loss: 0.0808, train_score: {'mae': 0.21033572, 'mse': 0.080793224, 'r2': 0.9149169807374521}
Validation statistic: Loss: 0.2667, dev_score: {'mae': 0.3595503, 'mse': 0.26674348, 'r2': 0.7977817665445639}
-----------------------
Epoch 22/100
Training statistic: Loss: 0.0810, train_score: {'mae': 0.21066965, 'mse': 0.08097162, 'r2': 0.9147291257167643}
Validation statistic: Loss: 0.2695, dev_score: {'mae': 0.3620459, 'mse': 0.26949832, 'r2': 0.7956933305324704}
-----------------------
Epoch 23/100
Training statistic: Loss: 0.0759, train_score: {'mae': 0.20463158, 'mse': 0.07590189, 'r2': 0.9200680469161718}
Validation statistic: Loss: 0.2605, dev_score: {'mae': 0.35398638, 'mse': 0.26045173, 'r2': 0.8025515615082749}
Saving model...
Model saved!
-------------------------------------------
-----------------------
Epoch 24/100
Training statistic: Loss: 0.0754, train_score: {'mae': 0.20361029, 'mse': 0.07542617, 'r2': 0.9205690088463054}
Validation statistic: Loss: 0.2600, dev_score: {'mae': 0.35726112, 'mse': 0.25998643, 'r2': 0.8029042803989436}
Saving model...
Model saved!
-------------------------------------------
-----------------------
Epoch 25/100
Training statistic: Loss: 0.0722, train_score: {'mae': 0.20009726, 'mse': 0.07222211, 'r2': 0.9239431952690292}
Validation statistic: Loss: 0.2574, dev_score: {'mae': 0.3558068, 'mse': 0.25739777, 'r2': 0.8048667626943199}
Saving model...
Model saved!
-------------------------------------------
-----------------------
Epoch 26/100
Training statistic: Loss: 0.0712, train_score: {'mae': 0.19888543, 'mse': 0.07116969, 'r2': 0.9250514957924189}
Validation statistic: Loss: 0.2578, dev_score: {'mae': 0.35342476, 'mse': 0.257801, 'r2': 0.8045610758359213}
-----------------------
Epoch 27/100
Training statistic: Loss: 0.0734, train_score: {'mae': 0.20171216, 'mse': 0.073417336, 'r2': 0.9226845090251723}
Validation statistic: Loss: 0.2591, dev_score: {'mae': 0.35494983, 'mse': 0.25912747, 'r2': 0.8035554578098194}
-----------------------
Epoch 28/100
Training statistic: Loss: 0.0672, train_score: {'mae': 0.1926191, 'mse': 0.06717773, 'r2': 0.9292554202143344}
Validation statistic: Loss: 0.2551, dev_score: {'mae': 0.3518003, 'mse': 0.25510424, 'r2': 0.8066054906371641}
Saving model...
Model saved!
-------------------------------------------
-----------------------
Epoch 29/100
Training statistic: Loss: 0.0734, train_score: {'mae': 0.20098162, 'mse': 0.07340823, 'r2': 0.9226941071885868}
Validation statistic: Loss: 0.2649, dev_score: {'mae': 0.35881734, 'mse': 0.26494822, 'r2': 0.7991427559646458}
-----------------------
Epoch 30/100
Training statistic: Loss: 0.0715, train_score: {'mae': 0.19805957, 'mse': 0.07153358, 'r2': 0.9246682763237778}
Validation statistic: Loss: 0.2591, dev_score: {'mae': 0.35314113, 'mse': 0.2590551, 'r2': 0.8036103305762321}
-----------------------
Epoch 31/100
Training statistic: Loss: 0.0689, train_score: {'mae': 0.19588158, 'mse': 0.068943255, 'r2': 0.9273961458051159}
Validation statistic: Loss: 0.2575, dev_score: {'mae': 0.35452878, 'mse': 0.2574688, 'r2': 0.8048128965129653}
-----------------------
Epoch 32/100
Training statistic: Loss: 0.0680, train_score: {'mae': 0.19400182, 'mse': 0.06799677, 'r2': 0.9283928779648384}
Validation statistic: Loss: 0.2508, dev_score: {'mae': 0.35002428, 'mse': 0.25082555, 'r2': 0.8098491540569921}
Saving model...
Model saved!
-------------------------------------------
-----------------------
Epoch 33/100
Training statistic: Loss: 0.0677, train_score: {'mae': 0.19275394, 'mse': 0.06771667, 'r2': 0.9286878614418566}
Validation statistic: Loss: 0.2525, dev_score: {'mae': 0.34923968, 'mse': 0.25253752, 'r2': 0.8085513173447006}
-----------------------
Epoch 34/100
Training statistic: Loss: 0.0660, train_score: {'mae': 0.19114998, 'mse': 0.06598501, 'r2': 0.9305114524377819}
Validation statistic: Loss: 0.2535, dev_score: {'mae': 0.34951362, 'mse': 0.253535, 'r2': 0.8077951231629035}
-----------------------
Epoch 35/100
Training statistic: Loss: 0.0706, train_score: {'mae': 0.1975823, 'mse': 0.07062542, 'r2': 0.9256246619514868}
Validation statistic: Loss: 0.2647, dev_score: {'mae': 0.3586896, 'mse': 0.26474687, 'r2': 0.7992953938089069}
-----------------------
Epoch 36/100
Training statistic: Loss: 0.0680, train_score: {'mae': 0.1936651, 'mse': 0.06798895, 'r2': 0.9284011187785227}
Validation statistic: Loss: 0.2603, dev_score: {'mae': 0.35596544, 'mse': 0.2602957, 'r2': 0.8026698416790005}
-----------------------
Epoch 37/100
Training statistic: Loss: 0.0663, train_score: {'mae': 0.19137318, 'mse': 0.06625634, 'r2': 0.9302257382883936}
Validation statistic: Loss: 0.2617, dev_score: {'mae': 0.35385907, 'mse': 0.26170185, 'r2': 0.8016038297918424}
-----------------------
Epoch 38/100
Training statistic: Loss: 0.0630, train_score: {'mae': 0.18812776, 'mse': 0.06295896, 'r2': 0.9336981794377444}
Validation statistic: Loss: 0.2582, dev_score: {'mae': 0.3543604, 'mse': 0.25817856, 'r2': 0.8042748388830067}
-----------------------
Epoch 39/100
Training statistic: Loss: 0.0633, train_score: {'mae': 0.18844399, 'mse': 0.063313425, 'r2': 0.9333248879873564}
Validation statistic: Loss: 0.2563, dev_score: {'mae': 0.35270762, 'mse': 0.25634137, 'r2': 0.8056676131552012}
-----------------------
Epoch 40/100
Training statistic: Loss: 0.0620, train_score: {'mae': 0.18554956, 'mse': 0.062044032, 'r2': 0.9346616879055899}
Validation statistic: Loss: 0.2510, dev_score: {'mae': 0.34733862, 'mse': 0.25103733, 'r2': 0.8096886126058089}
-----------------------
Epoch 41/100
Training statistic: Loss: 0.0648, train_score: {'mae': 0.19008063, 'mse': 0.06479411, 'r2': 0.9317655865717746}
Validation statistic: Loss: 0.2580, dev_score: {'mae': 0.35457802, 'mse': 0.2580394, 'r2': 0.8043803316472546}
-----------------------
Epoch 42/100
Training statistic: Loss: 0.0627, train_score: {'mae': 0.18611802, 'mse': 0.0627032, 'r2': 0.9339675172242456}
Validation statistic: Loss: 0.2504, dev_score: {'mae': 0.34471732, 'mse': 0.25037718, 'r2': 0.8101890614521874}
Saving model...
Model saved!
-------------------------------------------
-----------------------
Epoch 43/100
Training statistic: Loss: 0.0596, train_score: {'mae': 0.18280639, 'mse': 0.05955719, 'r2': 0.9372805773696337}
Validation statistic: Loss: 0.2453, dev_score: {'mae': 0.346224, 'mse': 0.24531318, 'r2': 0.814028085538742}
Saving model...
Model saved!
-------------------------------------------
-----------------------
Epoch 44/100
Training statistic: Loss: 0.0615, train_score: {'mae': 0.18400925, 'mse': 0.061534043, 'r2': 0.9351987585274987}
Validation statistic: Loss: 0.2446, dev_score: {'mae': 0.34289706, 'mse': 0.24459647, 'r2': 0.8145714296151985}
Saving model...
Model saved!
-------------------------------------------
-----------------------
Epoch 45/100
Training statistic: Loss: 0.0625, train_score: {'mae': 0.18635952, 'mse': 0.062514715, 'r2': 0.9341660164445851}
Validation statistic: Loss: 0.2588, dev_score: {'mae': 0.35286012, 'mse': 0.25875738, 'r2': 0.8038360335377138}
-----------------------
Epoch 46/100
Training statistic: Loss: 0.0596, train_score: {'mae': 0.18232526, 'mse': 0.0596164, 'r2': 0.9372182121744252}
Validation statistic: Loss: 0.2515, dev_score: {'mae': 0.34983602, 'mse': 0.25145647, 'r2': 0.8093708607400377}
-----------------------
Epoch 47/100
Training statistic: Loss: 0.0579, train_score: {'mae': 0.17920399, 'mse': 0.057890587, 'r2': 0.9390356630428839}
Validation statistic: Loss: 0.2441, dev_score: {'mae': 0.3429387, 'mse': 0.24410859, 'r2': 0.8149412807861565}
Saving model...
Model saved!
-------------------------------------------
-----------------------
Epoch 48/100
Training statistic: Loss: 0.0597, train_score: {'mae': 0.18195014, 'mse': 0.059695546, 'r2': 0.9371348625102401}
Validation statistic: Loss: 0.2432, dev_score: {'mae': 0.34228197, 'mse': 0.24321964, 'r2': 0.8156151842007353}
Saving model...
Model saved!
-------------------------------------------
-----------------------
Epoch 49/100
Training statistic: Loss: 0.0604, train_score: {'mae': 0.1842342, 'mse': 0.06044179, 'r2': 0.9363490036655879}
Validation statistic: Loss: 0.2547, dev_score: {'mae': 0.35403103, 'mse': 0.25465277, 'r2': 0.8069477512451704}
-----------------------
Epoch 50/100
Training statistic: Loss: 0.0607, train_score: {'mae': 0.1845487, 'mse': 0.060714584, 'r2': 0.9360617233607809}
Validation statistic: Loss: 0.2503, dev_score: {'mae': 0.3504577, 'mse': 0.25033516, 'r2': 0.8102209131107126}
-----------------------
Epoch 51/100
Training statistic: Loss: 0.0592, train_score: {'mae': 0.18198025, 'mse': 0.059159525, 'r2': 0.9376993461846429}
Validation statistic: Loss: 0.2508, dev_score: {'mae': 0.3503862, 'mse': 0.25076237, 'r2': 0.8098970511117497}
-----------------------
Epoch 52/100
Training statistic: Loss: 0.0583, train_score: {'mae': 0.18117301, 'mse': 0.058293425, 'r2': 0.9386114385144779}
Validation statistic: Loss: 0.2476, dev_score: {'mae': 0.3466683, 'mse': 0.24756052, 'r2': 0.8123243709520276}
-----------------------
Epoch 53/100
Training statistic: Loss: 0.0601, train_score: {'mae': 0.18282594, 'mse': 0.06012497, 'r2': 0.9366826412463634}
Validation statistic: Loss: 0.2507, dev_score: {'mae': 0.3485979, 'mse': 0.25070417, 'r2': 0.8099411745011337}
-----------------------
Epoch 54/100
Training statistic: Loss: 0.0591, train_score: {'mae': 0.18180531, 'mse': 0.05911577, 'r2': 0.9377454311930115}
Validation statistic: Loss: 0.2491, dev_score: {'mae': 0.34937114, 'mse': 0.24905518, 'r2': 0.8111912818759475}
-----------------------
Epoch 55/100
Training statistic: Loss: 0.0582, train_score: {'mae': 0.18048699, 'mse': 0.058181275, 'r2': 0.9387295374508996}
Validation statistic: Loss: 0.2503, dev_score: {'mae': 0.3498329, 'mse': 0.25032413, 'r2': 0.8102292729171485}
-----------------------
Epoch 56/100
Training statistic: Loss: 0.0613, train_score: {'mae': 0.18435636, 'mse': 0.06132511, 'r2': 0.935418779833916}
Validation statistic: Loss: 0.2450, dev_score: {'mae': 0.3448961, 'mse': 0.2449533, 'r2': 0.8143008975481774}
-----------------------
Epoch 57/100
Training statistic: Loss: 0.0577, train_score: {'mae': 0.1795, 'mse': 0.057694, 'r2': 0.939242692079744}
Validation statistic: Loss: 0.2504, dev_score: {'mae': 0.34848, 'mse': 0.25041842, 'r2': 0.8101578062112456}
-----------------------
Epoch 58/100
Training statistic: Loss: 0.0587, train_score: {'mae': 0.18173863, 'mse': 0.058734804, 'r2': 0.9381466204715274}
Validation statistic: Loss: 0.2435, dev_score: {'mae': 0.34489983, 'mse': 0.243484, 'r2': 0.8154147799763144}
-----------------------
Epoch 59/100
Training statistic: Loss: 0.0591, train_score: {'mae': 0.1818021, 'mse': 0.059088778, 'r2': 0.9377738469221003}
Validation statistic: Loss: 0.2441, dev_score: {'mae': 0.34411725, 'mse': 0.24413852, 'r2': 0.814918598054302}
-----------------------
Epoch 60/100
Training statistic: Loss: 0.0576, train_score: {'mae': 0.17947364, 'mse': 0.0575818, 'r2': 0.9393608405068741}
Validation statistic: Loss: 0.2385, dev_score: {'mae': 0.34003082, 'mse': 0.23845129, 'r2': 0.819230080028477}
Saving model...
Model saved!
-------------------------------------------
-----------------------
Epoch 61/100
Training statistic: Loss: 0.0608, train_score: {'mae': 0.18396686, 'mse': 0.06083531, 'r2': 0.9359345915283417}
Validation statistic: Loss: 0.2498, dev_score: {'mae': 0.35117912, 'mse': 0.24977021, 'r2': 0.8106492122780707}
-----------------------
Epoch 62/100
Training statistic: Loss: 0.0567, train_score: {'mae': 0.17796762, 'mse': 0.056712758, 'r2': 0.9402760281319236}
Validation statistic: Loss: 0.2399, dev_score: {'mae': 0.34142464, 'mse': 0.23991866, 'r2': 0.8181176680886744}
-----------------------
Epoch 63/100
Training statistic: Loss: 0.0565, train_score: {'mae': 0.17721555, 'mse': 0.056528457, 'r2': 0.9404701157416121}
Validation statistic: Loss: 0.2405, dev_score: {'mae': 0.34063596, 'mse': 0.24052681, 'r2': 0.8176566239284223}
-----------------------
Epoch 64/100
Training statistic: Loss: 0.0566, train_score: {'mae': 0.17743425, 'mse': 0.056603998, 'r2': 0.9403905606059232}
Validation statistic: Loss: 0.2424, dev_score: {'mae': 0.3420309, 'mse': 0.24240096, 'r2': 0.8162358501722569}
-----------------------
Epoch 65/100
Training statistic: Loss: 0.0582, train_score: {'mae': 0.18032345, 'mse': 0.05822769, 'r2': 0.9386806594674043}
Validation statistic: Loss: 0.2409, dev_score: {'mae': 0.34240538, 'mse': 0.24090543, 'r2': 0.8173696060588654}
-----------------------
Epoch 66/100
Training statistic: Loss: 0.0561, train_score: {'mae': 0.17667472, 'mse': 0.05605883, 'r2': 0.9409646773544557}
Validation statistic: Loss: 0.2415, dev_score: {'mae': 0.34127975, 'mse': 0.24149738, 'r2': 0.8169208421511643}
-----------------------
Epoch 67/100
Training statistic: Loss: 0.0573, train_score: {'mae': 0.17936449, 'mse': 0.05730642, 'r2': 0.9396508452866251}
Validation statistic: Loss: 0.2463, dev_score: {'mae': 0.34661835, 'mse': 0.2463218, 'r2': 0.8132634610583339}
-----------------------
Epoch 68/100
Training statistic: Loss: 0.0564, train_score: {'mae': 0.17792831, 'mse': 0.05642087, 'r2': 0.9405834163540253}
Validation statistic: Loss: 0.2470, dev_score: {'mae': 0.34844035, 'mse': 0.24695726, 'r2': 0.8127817043898187}
-----------------------
Epoch 69/100
Training statistic: Loss: 0.0556, train_score: {'mae': 0.17639573, 'mse': 0.05557881, 'r2': 0.9414701906513544}
Validation statistic: Loss: 0.2467, dev_score: {'mae': 0.3482382, 'mse': 0.2466752, 'r2': 0.8129955431163225}
-----------------------
Epoch 70/100
Training statistic: Loss: 0.0565, train_score: {'mae': 0.17797367, 'mse': 0.056474112, 'r2': 0.9405273487627255}
Validation statistic: Loss: 0.2446, dev_score: {'mae': 0.34576344, 'mse': 0.24456517, 'r2': 0.81459514234166}
-----------------------
Epoch 71/100
Training statistic: Loss: 0.0547, train_score: {'mae': 0.17520209, 'mse': 0.05466481, 'r2': 0.942432712167375}
Validation statistic: Loss: 0.2404, dev_score: {'mae': 0.34226158, 'mse': 0.24044484, 'r2': 0.8177187762344488}
-----------------------
Epoch 72/100
Training statistic: Loss: 0.0552, train_score: {'mae': 0.17628656, 'mse': 0.0552396, 'r2': 0.9418274063544323}
Validation statistic: Loss: 0.2405, dev_score: {'mae': 0.34303975, 'mse': 0.24053304, 'r2': 0.8176519055533351}
-----------------------
Epoch 73/100
Training statistic: Loss: 0.0560, train_score: {'mae': 0.17685203, 'mse': 0.056015443, 'r2': 0.9410103663000174}
Validation statistic: Loss: 0.2452, dev_score: {'mae': 0.34481162, 'mse': 0.24515109, 'r2': 0.8141509636278318}
-----------------------
Epoch 74/100
Training statistic: Loss: 0.0558, train_score: {'mae': 0.17599005, 'mse': 0.05577457, 'r2': 0.9412640229337812}
Validation statistic: Loss: 0.2434, dev_score: {'mae': 0.34270445, 'mse': 0.24341482, 'r2': 0.8154672289711933}
-----------------------
Epoch 75/100
Training statistic: Loss: 0.0546, train_score: {'mae': 0.17427523, 'mse': 0.054636195, 'r2': 0.9424628502608329}
Validation statistic: Loss: 0.2460, dev_score: {'mae': 0.34328604, 'mse': 0.24604863, 'r2': 0.8134705455484066}
-----------------------
Epoch 76/100
Training statistic: Loss: 0.0541, train_score: {'mae': 0.17433776, 'mse': 0.05412451, 'r2': 0.9430016967066177}
Validation statistic: Loss: 0.2449, dev_score: {'mae': 0.34317872, 'mse': 0.24493796, 'r2': 0.8143125275372594}
-----------------------
Epoch 77/100
Training statistic: Loss: 0.0545, train_score: {'mae': 0.17506367, 'mse': 0.054527886, 'r2': 0.9425769082203099}
Validation statistic: Loss: 0.2452, dev_score: {'mae': 0.3423248, 'mse': 0.24523556, 'r2': 0.8140869189049126}
-----------------------
Epoch 78/100
Training statistic: Loss: 0.0557, train_score: {'mae': 0.17681633, 'mse': 0.05565694, 'r2': 0.9413879066709577}
Validation statistic: Loss: 0.2457, dev_score: {'mae': 0.34415346, 'mse': 0.24572375, 'r2': 0.8137168397428858}
-----------------------
Epoch 79/100
Training statistic: Loss: 0.0559, train_score: {'mae': 0.17638128, 'mse': 0.055864, 'r2': 0.9411698572379759}
Validation statistic: Loss: 0.2507, dev_score: {'mae': 0.34737927, 'mse': 0.2506639, 'r2': 0.8099716755632527}
-----------------------
Epoch 80/100
Training statistic: Loss: 0.0557, train_score: {'mae': 0.17593619, 'mse': 0.055716567, 'r2': 0.9413251130234913}
Validation statistic: Loss: 0.2458, dev_score: {'mae': 0.34307128, 'mse': 0.24584128, 'r2': 0.8136277371651168}
-----------------------
Epoch 81/100
Training statistic: Loss: 0.0558, train_score: {'mae': 0.17652123, 'mse': 0.055798315, 'r2': 0.9412390238340395}
Validation statistic: Loss: 0.2495, dev_score: {'mae': 0.34844512, 'mse': 0.24950144, 'r2': 0.8108529751744031}
-----------------------
Epoch 82/100
Training statistic: Loss: 0.0568, train_score: {'mae': 0.17781395, 'mse': 0.056769364, 'r2': 0.9402164119592143}
Validation statistic: Loss: 0.2516, dev_score: {'mae': 0.34917188, 'mse': 0.25163606, 'r2': 0.809234705564819}
-----------------------
Epoch 83/100
Training statistic: Loss: 0.0539, train_score: {'mae': 0.1737703, 'mse': 0.05387618, 'r2': 0.9432632226000958}
Validation statistic: Loss: 0.2414, dev_score: {'mae': 0.34217522, 'mse': 0.24143535, 'r2': 0.8169678743980476}
-----------------------
Epoch 84/100
Training statistic: Loss: 0.0548, train_score: {'mae': 0.17507637, 'mse': 0.0548023, 'r2': 0.9422879216949714}
Validation statistic: Loss: 0.2448, dev_score: {'mae': 0.34441382, 'mse': 0.24479094, 'r2': 0.8144239872355772}
-----------------------
Epoch 85/100
Training statistic: Loss: 0.0547, train_score: {'mae': 0.17492805, 'mse': 0.054734975, 'r2': 0.9423588232752139}
Validation statistic: Loss: 0.2389, dev_score: {'mae': 0.33937627, 'mse': 0.23894487, 'r2': 0.8188558881877526}
-----------------------
Epoch 86/100
Training statistic: Loss: 0.0544, train_score: {'mae': 0.17450543, 'mse': 0.0543547, 'r2': 0.9427592859958737}
Validation statistic: Loss: 0.2475, dev_score: {'mae': 0.3472374, 'mse': 0.24751504, 'r2': 0.8123588473894027}
-----------------------
Epoch 87/100
Training statistic: Loss: 0.0525, train_score: {'mae': 0.17035115, 'mse': 0.052506547, 'r2': 0.9447055703570247}
Validation statistic: Loss: 0.2433, dev_score: {'mae': 0.34175476, 'mse': 0.24326621, 'r2': 0.8155798998691384}
-----------------------
Epoch 88/100
Training statistic: Loss: 0.0551, train_score: {'mae': 0.17623407, 'mse': 0.055114027, 'r2': 0.9419596457714073}
Validation statistic: Loss: 0.2430, dev_score: {'mae': 0.34499624, 'mse': 0.24300468, 'r2': 0.8157781746666286}
-----------------------
Epoch 89/100
Training statistic: Loss: 0.0529, train_score: {'mae': 0.17209317, 'mse': 0.052871548, 'r2': 0.9443211899068034}
Validation statistic: Loss: 0.2420, dev_score: {'mae': 0.34178287, 'mse': 0.24204773, 'r2': 0.816503626671765}
-----------------------
Epoch 90/100
Training statistic: Loss: 0.0534, train_score: {'mae': 0.17201293, 'mse': 0.05342186, 'r2': 0.9437416608416281}
Validation statistic: Loss: 0.2416, dev_score: {'mae': 0.3412179, 'mse': 0.2415793, 'r2': 0.8168587429037536}
-----------------------
Epoch 91/100
Training statistic: Loss: 0.0537, train_score: {'mae': 0.17318314, 'mse': 0.053719614, 'r2': 0.9434280913825392}
Validation statistic: Loss: 0.2474, dev_score: {'mae': 0.34467706, 'mse': 0.2474176, 'r2': 0.8124327351049221}
Early stopping (loss) triggered!
Early stopping by loss
Testing statistic: loss: 0.2452117409123931, scores: {'mae': 0.3370828, 'mse': 0.24521172, 'r2': 0.8209139921044086}
Finish training!
