=====Setting up data=====
Dataset name:census_kdd
train_option:mix
augment_option:pca_gmm
mix_ratio:-1
n_sample:-1
Training dataset size: 263040 samples
Validation dataset size: 18176 samples

=====Setting up parameters for training=====
num_epochs: 100
learning_rate: 0.001
patience: 30
early_stop_criterion: loss
=====Setting up trainer=====
input_size: 372
model: DNN_Census
----------------------------------------------------------------
        Layer (type)               Output Shape         Param #
================================================================
            Linear-1                  [-1, 256]          95,488
       BatchNorm1d-2                  [-1, 256]             512
              ReLU-3                  [-1, 256]               0
           Dropout-4                  [-1, 256]               0
            Linear-5                  [-1, 128]          32,896
       BatchNorm1d-6                  [-1, 128]             256
              ReLU-7                  [-1, 128]               0
           Dropout-8                  [-1, 128]               0
            Linear-9                   [-1, 64]           8,256
      BatchNorm1d-10                   [-1, 64]             128
             ReLU-11                   [-1, 64]               0
          Dropout-12                   [-1, 64]               0
           Linear-13                   [-1, 32]           2,080
      BatchNorm1d-14                   [-1, 32]              64
             ReLU-15                   [-1, 32]               0
          Dropout-16                   [-1, 32]               0
           Linear-17                    [-1, 1]              33
          Sigmoid-18                    [-1, 1]               0
================================================================
Total params: 139,713
Trainable params: 139,713
Non-trainable params: 0
----------------------------------------------------------------
Input size (MB): 0.00
Forward/backward pass size (MB): 0.01
Params size (MB): 0.53
Estimated Total Size (MB): 0.55
----------------------------------------------------------------
=====Setting up output files=====
weight_dir, weight_file: /home/thuy/Research/minh_data_synth/TabularDA/output/corrected_v2/census_kdd/weight/, census_kdd_seed43_ctgan_xonly_pca_gmm_mix.weights.pth
acc_dir, acc_file: /home/thuy/Research/minh_data_synth/TabularDA/output/corrected_v2/census_kdd/acc/, census_kdd_seed43_ctgan_xonly_pca_gmm_mix.epochs.csv
report_file: census_kdd_seed43_ctgan_xonly_pca_gmm_mix.report.txt
==========================================================================================
Start training...
-----------------------
Epoch 1/100
Training statistic: Loss: 0.3232, train_score: {'accuracy': 0.8096873312493821, 'balanced_accuracy': 0.8670670726373433, 'f1_macro': 0.7225100850221363, 'f1_micro': 0.8096873312493821, 'f1_weighted': 0.8370315467736121, 'f1_binary': 0.5669761445345286, 'pr_auc': 0.5834573298347215, 'precision_macro': 0.697250970705639, 'precision_micro': 0.8096873312493821, 'precision_weighted': 0.9124561209745261, 'precision_binary': 0.40497645270144994, 'recall_macro': 0.8670670726373433, 'recall_micro': 0.8096873312493821, 'recall_weighted': 0.8096873312493821, 'recall_binary': 0.9449956734929333, 'roc_auc': 0.9186922986147652}
Validation statistic: Loss: 0.4191, dev_score: {'accuracy': 0.7387696393007303, 'balanced_accuracy': 0.8198967089742415, 'f1_macro': 0.5731278350495665, 'f1_micro': 0.7387696393007303, 'f1_weighted': 0.8052911525177607, 'f1_binary': 0.30721830985915494, 'pr_auc': 0.48132506907377515, 'precision_macro': 0.5883143457317148, 'precision_micro': 0.7387696393007303, 'precision_weighted': 0.9407164595794741, 'precision_binary': 0.18468865761157172, 'recall_macro': 0.8198967089742415, 'recall_micro': 0.7387696393007303, 'recall_weighted': 0.7387696393007303, 'recall_binary': 0.9128160418482999, 'roc_auc': 0.9109934650398713}
Saving model...
Model saved!
-------------------------------------------
-----------------------
Epoch 2/100
Training statistic: Loss: 0.3597, train_score: {'accuracy': 0.8200500452536869, 'balanced_accuracy': 0.8698673445059011, 'f1_macro': 0.7321612719536468, 'f1_micro': 0.8200500452536869, 'f1_weighted': 0.8451317836834047, 'f1_binary': 0.5787337084253258, 'pr_auc': 0.5925294879202252, 'precision_macro': 0.7034321214338518, 'precision_micro': 0.8200500452536869, 'precision_weighted': 0.913191849113878, 'precision_binary': 0.418553143269206, 'recall_macro': 0.8698673445059011, 'recall_micro': 0.8200500452536869, 'recall_weighted': 0.8200500452536869, 'recall_binary': 0.9375252379578887, 'roc_auc': 0.9214291917246682}
Validation statistic: Loss: 0.4888, dev_score: {'accuracy': 0.7496127461827838, 'balanced_accuracy': 0.8248728226090988, 'f1_macro': 0.5813320591861091, 'f1_micro': 0.7496127461827838, 'f1_weighted': 0.8130777661827514, 'f1_binary': 0.31590084643288996, 'pr_auc': 0.5109205159788585, 'precision_macro': 0.5914931180501019, 'precision_micro': 0.7496127461827838, 'precision_weighted': 0.9410930019377436, 'precision_binary': 0.1910769793380874, 'recall_macro': 0.8248728226090988, 'recall_micro': 0.7496127461827838, 'recall_weighted': 0.7496127461827838, 'recall_binary': 0.9110723626852659, 'roc_auc': 0.9148588831667496}
-----------------------
Epoch 3/100
Training statistic: Loss: 0.3579, train_score: {'accuracy': 0.8298651516188651, 'balanced_accuracy': 0.8733062888085616, 'f1_macro': 0.7417942998320689, 'f1_micro': 0.8298651516188651, 'f1_weighted': 0.8528295099524844, 'f1_binary': 0.590995109018604, 'pr_auc': 0.5951387815698667, 'precision_macro': 0.7100748084131249, 'precision_micro': 0.8298651516188651, 'precision_weighted': 0.9143700364737759, 'precision_binary': 0.43261727899350866, 'recall_macro': 0.8733062888085616, 'recall_micro': 0.8298651516188651, 'recall_weighted': 0.8298651516188651, 'recall_binary': 0.9323045860974907, 'roc_auc': 0.9230669487770259}
Validation statistic: Loss: 0.4958, dev_score: {'accuracy': 0.7599579552998451, 'balanced_accuracy': 0.8263320428006337, 'f1_macro': 0.5885501199024439, 'f1_micro': 0.7599579552998451, 'f1_weighted': 0.8204142202060168, 'f1_binary': 0.32298330472772663, 'pr_auc': 0.5212223015693146, 'precision_macro': 0.5939764161881806, 'precision_micro': 0.7599579552998451, 'precision_weighted': 0.9408409090722231, 'precision_binary': 0.1966932725199544, 'recall_macro': 0.8263320428006337, 'recall_micro': 0.7599579552998451, 'recall_weighted': 0.7599579552998451, 'recall_binary': 0.902353966870096, 'roc_auc': 0.9153189820988349}
-----------------------
Epoch 4/100
Training statistic: Loss: 0.3679, train_score: {'accuracy': 0.8284885268593941, 'balanced_accuracy': 0.8779564677213625, 'f1_macro': 0.7418747805859711, 'f1_micro': 0.8284885268593941, 'f1_weighted': 0.8519704758490776, 'f1_binary': 0.5923515641241176, 'pr_auc': 0.6011817281359256, 'precision_macro': 0.7105868972007264, 'precision_micro': 0.8284885268593941, 'precision_weighted': 0.9161958367274273, 'precision_binary': 0.4313451893585373, 'recall_macro': 0.8779564677213625, 'recall_micro': 0.8284885268593941, 'recall_weighted': 0.8284885268593941, 'recall_binary': 0.9451398903951543, 'roc_auc': 0.9249822799037384}
Validation statistic: Loss: 0.5158, dev_score: {'accuracy': 0.7548683337021465, 'balanced_accuracy': 0.8232084273397233, 'f1_macro': 0.5843872060360766, 'f1_micro': 0.7548683337021465, 'f1_weighted': 0.8167905192282606, 'f1_binary': 0.3182028004308355, 'pr_auc': 0.5284786232653432, 'precision_macro': 0.5921589745541657, 'precision_micro': 0.7548683337021465, 'precision_weighted': 0.9404876650144793, 'precision_binary': 0.19319880418535126, 'recall_macro': 0.8232084273397233, 'recall_micro': 0.7548683337021465, 'recall_weighted': 0.7548683337021465, 'recall_binary': 0.9014821272885789, 'roc_auc': 0.9168769788464185}
-----------------------
Epoch 5/100
Training statistic: Loss: 0.3662, train_score: {'accuracy': 0.835443904442467, 'balanced_accuracy': 0.8774121796186002, 'f1_macro': 0.7480072049073426, 'f1_micro': 0.835443904442467, 'f1_weighted': 0.8573027970866468, 'f1_binary': 0.5995706248149245, 'pr_auc': 0.6025532880680168, 'precision_macro': 0.7147013919818532, 'precision_micro': 0.835443904442467, 'precision_weighted': 0.9159375269832213, 'precision_binary': 0.4413984794397362, 'recall_macro': 0.8774121796186002, 'recall_micro': 0.835443904442467, 'recall_weighted': 0.835443904442467, 'recall_binary': 0.9344101528699164, 'roc_auc': 0.9256228188213769}
Validation statistic: Loss: 0.5179, dev_score: {'accuracy': 0.7633325957070148, 'balanced_accuracy': 0.8244762228916163, 'f1_macro': 0.5903597363313003, 'f1_micro': 0.7633325957070148, 'f1_weighted': 0.8227671658109127, 'f1_binary': 0.3241706161137441, 'pr_auc': 0.5312655990233519, 'precision_macro': 0.5942849574195325, 'precision_micro': 0.7633325957070148, 'precision_weighted': 0.9403173604614321, 'precision_binary': 0.19795485240208374, 'recall_macro': 0.8244762228916163, 'recall_micro': 0.7633325957070148, 'recall_weighted': 0.7633325957070148, 'recall_binary': 0.8945074106364429, 'roc_auc': 0.9167608983681422}
-----------------------
Epoch 6/100
Training statistic: Loss: 0.3756, train_score: {'accuracy': 0.8333941786265696, 'balanced_accuracy': 0.8801946840749765, 'f1_macro': 0.7469214252439615, 'f1_micro': 0.8333941786265696, 'f1_weighted': 0.8558467946413849, 'f1_binary': 0.5989876522869356, 'pr_auc': 0.609495868104103, 'precision_macro': 0.7141831367302278, 'precision_micro': 0.8333941786265696, 'precision_weighted': 0.9170116108431758, 'precision_binary': 0.4387176358589989, 'recall_macro': 0.8801946840749765, 'recall_micro': 0.8333941786265696, 'recall_weighted': 0.8333941786265696, 'recall_binary': 0.9437554081338333, 'roc_auc': 0.9272154724311272}
Validation statistic: Loss: 0.5338, dev_score: {'accuracy': 0.7604558530648373, 'balanced_accuracy': 0.8274106282029315, 'f1_macro': 0.5891520418401939, 'f1_micro': 0.7604558530648373, 'f1_weighted': 0.8207761635628912, 'f1_binary': 0.32386008744534667, 'pr_auc': 0.5432411075500019, 'precision_macro': 0.5943398912854102, 'precision_micro': 0.7604558530648373, 'precision_weighted': 0.9410262320422098, 'precision_binary': 0.19726079513030245, 'recall_macro': 0.8274106282029315, 'recall_micro': 0.7604558530648373, 'recall_weighted': 0.7604558530648373, 'recall_binary': 0.9040976460331299, 'roc_auc': 0.918589474899605}
-----------------------
Epoch 7/100
Training statistic: Loss: 0.3713, train_score: {'accuracy': 0.8356682714612758, 'balanced_accuracy': 0.8813209375242312, 'f1_macro': 0.7493104716780221, 'f1_micro': 0.8356682714612758, 'f1_weighted': 0.8576484154876434, 'f1_binary': 0.6021744934314096, 'pr_auc': 0.609951724759272, 'precision_macro': 0.7159220057526297, 'precision_micro': 0.8356682714612758, 'precision_weighted': 0.9174370198243814, 'precision_binary': 0.4422403418387354, 'recall_macro': 0.8813209375242312, 'recall_micro': 0.8356682714612758, 'recall_weighted': 0.8356682714612758, 'recall_binary': 0.9433227574271704, 'roc_auc': 0.9278414220629022}
Validation statistic: Loss: 0.5315, dev_score: {'accuracy': 0.7614516485948218, 'balanced_accuracy': 0.8226592595579579, 'f1_macro': 0.5886378682555445, 'f1_micro': 0.7614516485948218, 'f1_weighted': 0.8214261135025976, 'f1_binary': 0.3220125786163522, 'pr_auc': 0.5353860202610516, 'precision_macro': 0.5934348432138785, 'precision_micro': 0.7614516485948218, 'precision_weighted': 0.9400546108638195, 'precision_binary': 0.19643199693075006, 'recall_macro': 0.8226592595579579, 'recall_micro': 0.7614516485948218, 'recall_weighted': 0.7614516485948218, 'recall_binary': 0.8927637314734089, 'roc_auc': 0.9176736802656441}
-----------------------
Epoch 8/100
Training statistic: Loss: 0.3841, train_score: {'accuracy': 0.8352651713935854, 'balanced_accuracy': 0.882764495954106, 'f1_macro': 0.7493433707302698, 'f1_micro': 0.8352651713935854, 'f1_weighted': 0.8574003916776161, 'f1_binary': 0.602588919571021, 'pr_auc': 0.6084722111225147, 'precision_macro': 0.7160658141809166, 'precision_micro': 0.8352651713935854, 'precision_weighted': 0.9179942976119322, 'precision_binary': 0.4418226090699958, 'recall_macro': 0.882764495954106, 'recall_micro': 0.8352651713935854, 'recall_weighted': 0.8352651713935854, 'recall_binary': 0.9472743005480242, 'roc_auc': 0.9276921728062195}
Validation statistic: Loss: 0.5546, dev_score: {'accuracy': 0.7592387696393007, 'balanced_accuracy': 0.8222906242147895, 'f1_macro': 0.587064592630144, 'f1_micro': 0.7592387696393007, 'f1_weighted': 0.8198655574655203, 'f1_binary': 0.3204247345409119, 'pr_auc': 0.5338735896469091, 'precision_macro': 0.59286461657526, 'precision_micro': 0.7592387696393007, 'precision_weighted': 0.9400898061622334, 'precision_binary': 0.19516834696595017, 'recall_macro': 0.8222906242147895, 'recall_micro': 0.7592387696393007, 'recall_weighted': 0.7592387696393007, 'recall_binary': 0.8945074106364429, 'roc_auc': 0.9164513332594827}
-----------------------
Epoch 9/100
Training statistic: Loss: 0.3678, train_score: {'accuracy': 0.8396498353374252, 'balanced_accuracy': 0.8823052814962167, 'f1_macro': 0.7532569050180242, 'f1_micro': 0.8396498353374252, 'f1_weighted': 0.860760580816887, 'f1_binary': 0.6072539632272126, 'pr_auc': 0.613767080324854, 'precision_macro': 0.7187751026005378, 'precision_micro': 0.8396498353374252, 'precision_weighted': 0.9178260092495845, 'precision_binary': 0.44843999339679746, 'recall_macro': 0.8823052814962167, 'recall_micro': 0.8396498353374252, 'recall_weighted': 0.8396498353374252, 'recall_binary': 0.9402365157196424, 'roc_auc': 0.9287181470806815}
Validation statistic: Loss: 0.5308, dev_score: {'accuracy': 0.7651028988714317, 'balanced_accuracy': 0.8233894232762371, 'f1_macro': 0.5912838370247071, 'f1_micro': 0.7651028988714317, 'f1_weighted': 0.8239961235928279, 'f1_binary': 0.32474554707379133, 'pr_auc': 0.5408148623416688, 'precision_macro': 0.5944292407528643, 'precision_micro': 0.7651028988714317, 'precision_weighted': 0.9400247850724986, 'precision_binary': 0.19859949426181678, 'recall_macro': 0.8233894232762371, 'recall_micro': 0.7651028988714317, 'recall_weighted': 0.7651028988714317, 'recall_binary': 0.8901482127288579, 'roc_auc': 0.9171126160373473}
-----------------------
Epoch 10/100
Training statistic: Loss: 0.3981, train_score: {'accuracy': 0.8361778507921297, 'balanced_accuracy': 0.884048492341449, 'f1_macro': 0.7505359393559442, 'f1_micro': 0.8361778507921297, 'f1_weighted': 0.8581598768934883, 'f1_binary': 0.6043696676370917, 'pr_auc': 0.6152780650141885, 'precision_macro': 0.7169960098547113, 'precision_micro': 0.8361778507921297, 'precision_weighted': 0.9184858324831063, 'precision_binary': 0.44334855895549535, 'recall_macro': 0.884048492341449, 'recall_micro': 0.8361778507921297, 'recall_weighted': 0.8361778507921297, 'recall_binary': 0.9490625901355639, 'roc_auc': 0.9292507412023052}
Validation statistic: Loss: 0.5807, dev_score: {'accuracy': 0.7602898871431732, 'balanced_accuracy': 0.8212262527486069, 'f1_macro': 0.5875010622110026, 'f1_micro': 0.7602898871431732, 'f1_weighted': 0.8205939107518624, 'f1_binary': 0.3205268935236004, 'pr_auc': 0.5415533757164016, 'precision_macro': 0.5928402172046026, 'precision_micro': 0.7602898871431732, 'precision_weighted': 0.9398321671744715, 'precision_binary': 0.1954110898661568, 'recall_macro': 0.8212262527486069, 'recall_micro': 0.7602898871431732, 'recall_weighted': 0.7602898871431732, 'recall_binary': 0.8910200523103748, 'roc_auc': 0.9172459231881983}
-----------------------
Epoch 11/100
Training statistic: Loss: 0.3864, train_score: {'accuracy': 0.8361208083297207, 'balanced_accuracy': 0.8857280514612846, 'f1_macro': 0.7509471680497031, 'f1_micro': 0.8361208083297207, 'f1_weighted': 0.8581879703536279, 'f1_binary': 0.6053012401311572, 'pr_auc': 0.6174240244381621, 'precision_macro': 0.7174219545171261, 'precision_micro': 0.8361208083297207, 'precision_weighted': 0.91913437243654, 'precision_binary': 0.44347219239853986, 'recall_macro': 0.8857280514612846, 'recall_micro': 0.8361208083297207, 'recall_weighted': 0.8361208083297207, 'recall_binary': 0.9531006633977502, 'roc_auc': 0.9298774890138499}
Validation statistic: Loss: 0.5626, dev_score: {'accuracy': 0.7592387696393007, 'balanced_accuracy': 0.819852316173765, 'f1_macro': 0.586456188515214, 'f1_micro': 0.7592387696393007, 'f1_weighted': 0.8198398495303062, 'f1_binary': 0.3191489361702128, 'pr_auc': 0.5381103825104518, 'precision_macro': 0.5922865105876282, 'precision_micro': 0.7592387696393007, 'precision_weighted': 0.9396158741986875, 'precision_binary': 0.19447092469018112, 'recall_macro': 0.819852316173765, 'recall_micro': 0.7592387696393007, 'recall_weighted': 0.7592387696393007, 'recall_binary': 0.8892763731473409, 'roc_auc': 0.9166667825411459}
-----------------------
Epoch 12/100
Training statistic: Loss: 0.3877, train_score: {'accuracy': 0.8421406895292856, 'balanced_accuracy': 0.8830181885023897, 'f1_macro': 0.7557791774856625, 'f1_micro': 0.8421406895292856, 'f1_weighted': 0.8627125271362439, 'f1_binary': 0.6105508073065701, 'pr_auc': 0.6176649252332479, 'precision_macro': 0.7206424966109203, 'precision_micro': 0.8421406895292856, 'precision_weighted': 0.9181234669379722, 'precision_binary': 0.4524395500493611, 'recall_macro': 0.8830181885023897, 'recall_micro': 0.8421406895292856, 'recall_weighted': 0.8421406895292856, 'recall_binary': 0.9385347562734353, 'roc_auc': 0.9299522137384195}
Validation statistic: Loss: 0.5685, dev_score: {'accuracy': 0.7684222173047134, 'balanced_accuracy': 0.8215040682499652, 'f1_macro': 0.5930611527966414, 'f1_micro': 0.7684222173047134, 'f1_weighted': 0.8262946198509472, 'f1_binary': 0.32592592592592595, 'pr_auc': 0.5402104987776435, 'precision_macro': 0.5947536260211931, 'precision_micro': 0.7684222173047134, 'precision_weighted': 0.9395130861012582, 'precision_binary': 0.19988149318585818, 'recall_macro': 0.8215040682499652, 'recall_micro': 0.7684222173047134, 'recall_weighted': 0.7684222173047134, 'recall_binary': 0.8823016564952049, 'roc_auc': 0.9174358543345527}
-----------------------
Epoch 13/100
Training statistic: Loss: 0.3897, train_score: {'accuracy': 0.8418288574014496, 'balanced_accuracy': 0.8843553015265806, 'f1_macro': 0.7558598839847407, 'f1_micro': 0.8418288574014496, 'f1_weighted': 0.8625323048616146, 'f1_binary': 0.6109858865122195, 'pr_auc': 0.6132670470563306, 'precision_macro': 0.720782817911198, 'precision_micro': 0.8418288574014496, 'precision_weighted': 0.9186249999933623, 'precision_binary': 0.4520893022740799, 'recall_macro': 0.8843553015265806, 'recall_micro': 0.8418288574014496, 'recall_weighted': 0.8418288574014496, 'recall_binary': 0.9421113354485146, 'roc_auc': 0.9297058214869727}
Validation statistic: Loss: 0.5732, dev_score: {'accuracy': 0.765656118610312, 'balanced_accuracy': 0.8204336970607486, 'f1_macro': 0.5909095834091552, 'f1_micro': 0.765656118610312, 'f1_weighted': 0.8243487080531926, 'f1_binary': 0.3235388054934526, 'pr_auc': 0.5329923023215977, 'precision_macro': 0.593853128676955, 'precision_micro': 0.765656118610312, 'precision_weighted': 0.9394298285403557, 'precision_binary': 0.19804496578690128, 'recall_macro': 0.8204336970607486, 'recall_micro': 0.765656118610312, 'recall_weighted': 0.765656118610312, 'recall_binary': 0.8831734960767219, 'roc_auc': 0.9163096058964763}
-----------------------
Epoch 14/100
Training statistic: Loss: 0.4026, train_score: {'accuracy': 0.8439736539880287, 'balanced_accuracy': 0.8864467675231673, 'f1_macro': 0.75845600036385, 'f1_micro': 0.8439736539880287, 'f1_weighted': 0.8642808652236653, 'f1_binary': 0.6147330860603785, 'pr_auc': 0.617433710715358, 'precision_macro': 0.7227992956528497, 'precision_micro': 0.8439736539880287, 'precision_weighted': 0.9194435695697567, 'precision_binary': 0.4557326836059868, 'recall_macro': 0.8864467675231673, 'recall_micro': 0.8439736539880287, 'recall_weighted': 0.8439736539880287, 'recall_binary': 0.9441303720796077, 'roc_auc': 0.9307754862963469}
Validation statistic: Loss: 0.5961, dev_score: {'accuracy': 0.7689201150697057, 'balanced_accuracy': 0.821769884305255, 'f1_macro': 0.5934689240396739, 'f1_micro': 0.7689201150697057, 'f1_weighted': 0.8266454037732286, 'f1_binary': 0.3263989679084019, 'pr_auc': 0.5364355754835601, 'precision_macro': 0.5949351822920355, 'precision_micro': 0.7689201150697057, 'precision_weighted': 0.9395423872490124, 'precision_binary': 0.2002374356944994, 'recall_macro': 0.821769884305255, 'recall_micro': 0.7689201150697057, 'recall_weighted': 0.7689201150697057, 'recall_binary': 0.8823016564952049, 'roc_auc': 0.9164789371354172}
-----------------------
Epoch 15/100
Training statistic: Loss: 0.3897, train_score: {'accuracy': 0.8439850624805105, 'balanced_accuracy': 0.8843617493787944, 'f1_macro': 0.7578878213903589, 'f1_micro': 0.8439850624805105, 'f1_weighted': 0.8641955020165694, 'f1_binary': 0.6135091851154028, 'pr_auc': 0.6178174778414938, 'precision_macro': 0.7222655717588479, 'precision_micro': 0.8439850624805105, 'precision_weighted': 0.9186587254772006, 'precision_binary': 0.4555400111919418, 'recall_macro': 0.8843617493787944, 'recall_micro': 0.8439850624805105, 'recall_weighted': 0.8439850624805105, 'recall_binary': 0.9391981540236516, 'roc_auc': 0.9305224725956931}
Validation statistic: Loss: 0.5752, dev_score: {'accuracy': 0.7690860809913698, 'balanced_accuracy': 0.820232950963002, 'f1_macro': 0.5931883994362703, 'f1_micro': 0.7690860809913698, 'f1_weighted': 0.8267419254586985, 'f1_binary': 0.32568659127625205, 'pr_auc': 0.5374440993012306, 'precision_macro': 0.594607894397752, 'precision_micro': 0.7690860809913698, 'precision_weighted': 0.9392405277920542, 'precision_binary': 0.1998810232004759, 'recall_macro': 0.820232950963002, 'recall_micro': 0.7690860809913698, 'recall_weighted': 0.7690860809913698, 'recall_binary': 0.8788142981691369, 'roc_auc': 0.916327218817315}
-----------------------
Epoch 16/100
Training statistic: Loss: 0.3964, train_score: {'accuracy': 0.8435439341045474, 'balanced_accuracy': 0.885966878724701, 'f1_macro': 0.7579179221386716, 'f1_micro': 0.8435439341045474, 'f1_weighted': 0.8639276904698958, 'f1_binary': 0.6139438866472741, 'pr_auc': 0.6179532805969894, 'precision_macro': 0.722377765686499, 'precision_micro': 0.8435439341045474, 'precision_weighted': 0.9192562660594314, 'precision_binary': 0.4549930458970793, 'recall_macro': 0.885966878724701, 'recall_micro': 0.8435439341045474, 'recall_weighted': 0.8435439341045474, 'recall_binary': 0.9435823478511681, 'roc_auc': 0.9308604119289364}
Validation statistic: Loss: 0.5875, dev_score: {'accuracy': 0.7670944899314007, 'balanced_accuracy': 0.819169686741843, 'f1_macro': 0.5915615301124292, 'f1_micro': 0.7670944899314007, 'f1_weighted': 0.8253388441936959, 'f1_binary': 0.3238034050754899, 'pr_auc': 0.5272138816125073, 'precision_macro': 0.5938847444507731, 'precision_micro': 0.7670944899314007, 'precision_weighted': 0.9391229615731862, 'precision_binary': 0.1984642646190195, 'recall_macro': 0.819169686741843, 'recall_micro': 0.7670944899314007, 'recall_weighted': 0.7670944899314007, 'recall_binary': 0.8788142981691369, 'roc_auc': 0.914661227055115}
-----------------------
Epoch 17/100
Training statistic: Loss: 0.3952, train_score: {'accuracy': 0.8449776013264274, 'balanced_accuracy': 0.885581655878898, 'f1_macro': 0.7591652264143264, 'f1_micro': 0.8449776013264274, 'f1_weighted': 0.8650165432849477, 'f1_binary': 0.6154063870937309, 'pr_auc': 0.6203101128541829, 'precision_macro': 0.7232748234952422, 'precision_micro': 0.8449776013264274, 'precision_weighted': 0.9191350473235365, 'precision_binary': 0.457273045916579, 'recall_macro': 0.885581655878898, 'recall_micro': 0.8449776013264274, 'recall_weighted': 0.8449776013264274, 'recall_binary': 0.9407268531871935, 'roc_auc': 0.9313931520413357}
Validation statistic: Loss: 0.5875, dev_score: {'accuracy': 0.769528656782474, 'balanced_accuracy': 0.8180309238600127, 'f1_macro': 0.5929236850592257, 'f1_micro': 0.769528656782474, 'f1_weighted': 0.8270224305435449, 'f1_binary': 0.32479740680713126, 'pr_auc': 0.531305562767995, 'precision_macro': 0.5941869118137164, 'precision_micro': 0.769528656782474, 'precision_weighted': 0.938800039970246, 'precision_binary': 0.19948238104718297, 'recall_macro': 0.8180309238600127, 'recall_micro': 0.769528656782474, 'recall_weighted': 0.769528656782474, 'recall_binary': 0.8735832606800349, 'roc_auc': 0.915191365672407}
-----------------------
Epoch 18/100
Training statistic: Loss: 0.3736, train_score: {'accuracy': 0.8489211368943042, 'balanced_accuracy': 0.8846726766282568, 'f1_macro': 0.762672537277755, 'f1_micro': 0.8489211368943042, 'f1_weighted': 0.8680170047082733, 'f1_binary': 0.6196020605526724, 'pr_auc': 0.618028732828025, 'precision_macro': 0.7258842580987667, 'precision_micro': 0.8489211368943042, 'precision_weighted': 0.9188958322091612, 'precision_binary': 0.46375128998968007, 'recall_macro': 0.8846726766282568, 'recall_micro': 0.8489211368943042, 'recall_weighted': 0.8489211368943042, 'recall_binary': 0.9332275742717047, 'roc_auc': 0.9313164250131667}
Validation statistic: Loss: 0.5532, dev_score: {'accuracy': 0.7754481079884931, 'balanced_accuracy': 0.8207847967327311, 'f1_macro': 0.5977088494000141, 'f1_micro': 0.7754481079884931, 'f1_weighted': 0.8311737665072445, 'f1_binary': 0.33030852994555354, 'pr_auc': 0.5254321081072045, 'precision_macro': 0.5963055822879557, 'precision_micro': 0.7754481079884931, 'precision_weighted': 0.9390829029239741, 'precision_binary': 0.2037037037037037, 'recall_macro': 0.8207847967327311, 'recall_micro': 0.7754481079884931, 'recall_weighted': 0.7754481079884931, 'recall_binary': 0.8727114210985178, 'roc_auc': 0.9146897836767672}
-----------------------
Epoch 19/100
Training statistic: Loss: 0.3892, train_score: {'accuracy': 0.8479932461724508, 'balanced_accuracy': 0.8867925115826466, 'f1_macro': 0.7623728501236957, 'f1_micro': 0.8479932461724508, 'f1_weighted': 0.8673992196468514, 'f1_binary': 0.6197343886753681, 'pr_auc': 0.6138255299883841, 'precision_macro': 0.7257352716807914, 'precision_micro': 0.8479932461724508, 'precision_weighted': 0.9196554284516939, 'precision_binary': 0.4623683388694887, 'recall_macro': 0.8867925115826466, 'recall_micro': 0.8479932461724508, 'recall_weighted': 0.8479932461724508, 'recall_binary': 0.9394865878280935, 'roc_auc': 0.930893958347567}
Validation statistic: Loss: 0.5802, dev_score: {'accuracy': 0.7713542819207789, 'balanced_accuracy': 0.817380044035392, 'f1_macro': 0.594001872725336, 'f1_micro': 0.7713542819207789, 'f1_weighted': 0.8282845982566394, 'f1_binary': 0.3256648719203785, 'pr_auc': 0.5183037532485593, 'precision_macro': 0.5944709492434563, 'precision_micro': 0.7713542819207789, 'precision_weighted': 0.9385997407022217, 'precision_binary': 0.20032115616218385, 'recall_macro': 0.817380044035392, 'recall_micro': 0.7713542819207789, 'recall_weighted': 0.7713542819207789, 'recall_binary': 0.8700959023539668, 'roc_auc': 0.9141000083275125}
-----------------------
Epoch 20/100
Training statistic: Loss: 0.4258, train_score: {'accuracy': 0.846350423255071, 'balanced_accuracy': 0.8885372877067337, 'f1_macro': 0.7612861856062627, 'f1_micro': 0.846350423255071, 'f1_weighted': 0.8662099807700323, 'f1_binary': 0.6187870324942446, 'pr_auc': 0.6124108190460466, 'precision_macro': 0.7250001751432806, 'precision_micro': 0.846350423255071, 'precision_weighted': 0.9202703390305627, 'precision_binary': 0.45979977004402817, 'recall_macro': 0.8885372877067337, 'recall_micro': 0.846350423255071, 'recall_weighted': 0.846350423255071, 'recall_binary': 0.9458321315258148, 'roc_auc': 0.9310993518914197}
Validation statistic: Loss: 0.6413, dev_score: {'accuracy': 0.7687541491480416, 'balanced_accuracy': 0.8192429709124672, 'f1_macro': 0.5927080206856342, 'f1_micro': 0.7687541491480416, 'f1_weighted': 0.8264979903417864, 'f1_binary': 0.32493540051679587, 'pr_auc': 0.5082140754042809, 'precision_macro': 0.594292500181963, 'precision_micro': 0.7687541491480416, 'precision_weighted': 0.9390650701772864, 'precision_binary': 0.1994053518334985, 'recall_macro': 0.8192429709124672, 'recall_micro': 0.7687541491480416, 'recall_weighted': 0.7687541491480416, 'recall_binary': 0.8770706190061028, 'roc_auc': 0.9135817404068677}
-----------------------
Epoch 21/100
Training statistic: Loss: 0.3941, train_score: {'accuracy': 0.8516249496124916, 'balanced_accuracy': 0.8843462398646205, 'f1_macro': 0.7651910314064756, 'f1_micro': 0.8516249496124916, 'f1_weighted': 0.8700875678316726, 'f1_binary': 0.6227288989450681, 'pr_auc': 0.6140950918627831, 'precision_macro': 0.7278360742429459, 'precision_micro': 0.8516249496124916, 'precision_weighted': 0.918872942402754, 'precision_binary': 0.4683849946908319, 'recall_macro': 0.8843462398646205, 'recall_micro': 0.8516249496124916, 'recall_weighted': 0.8516249496124916, 'recall_binary': 0.9287856936832997, 'roc_auc': 0.9313254380957645}
Validation statistic: Loss: 0.5907, dev_score: {'accuracy': 0.7768311573356937, 'balanced_accuracy': 0.8174593279290506, 'f1_macro': 0.5977974759106236, 'f1_micro': 0.7768311573356937, 'f1_weighted': 0.8320851674736798, 'f1_binary': 0.32945478723404253, 'pr_auc': 0.5128181395789773, 'precision_macro': 0.5958603174816444, 'precision_micro': 0.7768311573356937, 'precision_weighted': 0.9383983115541565, 'precision_binary': 0.2035325528856028, 'recall_macro': 0.8174593279290506, 'recall_micro': 0.7768311573356937, 'recall_weighted': 0.7768311573356937, 'recall_binary': 0.8639930252833479, 'roc_auc': 0.9139522812414719}
-----------------------
Epoch 22/100
Training statistic: Loss: 0.4193, train_score: {'accuracy': 0.8500771974657936, 'balanced_accuracy': 0.8873444586735579, 'f1_macro': 0.7645292754443247, 'f1_micro': 0.8500771974657936, 'f1_weighted': 0.8690337534105129, 'f1_binary': 0.6225996055982079, 'pr_auc': 0.6140920136590446, 'precision_macro': 0.7274031928761283, 'precision_micro': 0.8500771974657936, 'precision_weighted': 0.9199203848930209, 'precision_binary': 0.46594165520403485, 'recall_macro': 0.8873444586735579, 'recall_micro': 0.8500771974657936, 'recall_weighted': 0.8500771974657936, 'recall_binary': 0.9379578886645514, 'roc_auc': 0.9317159593770099}
Validation statistic: Loss: 0.6321, dev_score: {'accuracy': 0.773345872980748, 'balanced_accuracy': 0.8176305389095428, 'f1_macro': 0.5954334185832241, 'f1_micro': 0.773345872980748, 'f1_weighted': 0.8296717063367671, 'f1_binary': 0.32714731483002135, 'pr_auc': 0.5079037517794742, 'precision_macro': 0.5950204803002788, 'precision_micro': 0.773345872980748, 'precision_weighted': 0.9385667873416806, 'precision_binary': 0.20153783893160665, 'recall_macro': 0.8176305389095428, 'recall_micro': 0.773345872980748, 'recall_weighted': 0.773345872980748, 'recall_binary': 0.8683522231909329, 'roc_auc': 0.9129538037291292}
-----------------------
Epoch 23/100
Training statistic: Loss: 0.4284, train_score: {'accuracy': 0.8488869114168587, 'balanced_accuracy': 0.8875151390096747, 'f1_macro': 0.7634303073618973, 'f1_micro': 0.8488869114168587, 'f1_weighted': 0.8681224469806799, 'f1_binary': 0.6212457703855502, 'pr_auc': 0.6088535823818154, 'precision_macro': 0.7265675794831107, 'precision_micro': 0.8488869114168587, 'precision_weighted': 0.9199482190388962, 'precision_binary': 0.4639333760409994, 'recall_macro': 0.8875151390096747, 'recall_micro': 0.8488869114168587, 'recall_weighted': 0.8488869114168587, 'recall_binary': 0.9399769252956447, 'roc_auc': 0.9307021867348639}
Validation statistic: Loss: 0.6451, dev_score: {'accuracy': 0.7720734675813233, 'balanced_accuracy': 0.8197959239272199, 'f1_macro': 0.5951211637910329, 'f1_micro': 0.7720734675813233, 'f1_weighted': 0.8288166665875487, 'f1_binary': 0.3274567417564479, 'pr_auc': 0.5047364269616256, 'precision_macro': 0.5952255945920412, 'precision_micro': 0.7720734675813233, 'precision_weighted': 0.9390311047567187, 'precision_binary': 0.2014460735087367, 'recall_macro': 0.8197959239272199, 'recall_micro': 0.7720734675813233, 'recall_weighted': 0.7720734675813233, 'recall_binary': 0.8744551002615518, 'roc_auc': 0.9120963068331489}
-----------------------
Epoch 24/100
Training statistic: Loss: 0.4106, train_score: {'accuracy': 0.8511191731124649, 'balanced_accuracy': 0.8880057248700122, 'f1_macro': 0.7657201157554281, 'f1_micro': 0.8511191731124649, 'f1_weighted': 0.8698692697423784, 'f1_binary': 0.6242730186759823, 'pr_auc': 0.6125483350816467, 'precision_macro': 0.7283442702129768, 'precision_micro': 0.8511191731124649, 'precision_weighted': 0.9201987586897633, 'precision_binary': 0.46778276377862155, 'recall_macro': 0.8880057248700122, 'recall_micro': 0.8511191731124649, 'recall_weighted': 0.8511191731124649, 'recall_binary': 0.9381021055667724, 'roc_auc': 0.9314745603133087}
Validation statistic: Loss: 0.6194, dev_score: {'accuracy': 0.7742863465368445, 'balanced_accuracy': 0.818132635902868, 'f1_macro': 0.5962124716171895, 'f1_micro': 0.7742863465368445, 'f1_weighted': 0.8303312565207213, 'f1_binary': 0.32806324110671936, 'pr_auc': 0.5094444030759298, 'precision_macro': 0.5953757429806924, 'precision_micro': 0.7742863465368445, 'precision_weighted': 0.9386248489037645, 'precision_binary': 0.20223350253807107, 'recall_macro': 0.818132635902868, 'recall_micro': 0.7742863465368445, 'recall_weighted': 0.7742863465368445, 'recall_binary': 0.8683522231909329, 'roc_auc': 0.9129374525526195}
-----------------------
Epoch 25/100
Training statistic: Loss: 0.4109, train_score: {'accuracy': 0.8517124147215187, 'balanced_accuracy': 0.8865371286747052, 'f1_macro': 0.7658879207205269, 'f1_micro': 0.8517124147215187, 'f1_weighted': 0.8702587765230847, 'f1_binary': 0.6241397258689492, 'pr_auc': 0.6117280537563592, 'precision_macro': 0.7284347229294883, 'precision_micro': 0.8517124147215187, 'precision_weighted': 0.9196796010655072, 'precision_binary': 0.4687011407724825, 'recall_macro': 0.8865371286747052, 'recall_micro': 0.8517124147215187, 'recall_weighted': 0.8517124147215187, 'recall_binary': 0.9338332852610326, 'roc_auc': 0.931457638586333}
Validation statistic: Loss: 0.6194, dev_score: {'accuracy': 0.7764439035184776, 'balanced_accuracy': 0.8168461974347656, 'f1_macro': 0.5973673305688231, 'f1_micro': 0.7764439035184776, 'f1_weighted': 0.8318083487597353, 'f1_binary': 0.32884902840059793, 'pr_auc': 0.5007606541928791, 'precision_macro': 0.5956132254367398, 'precision_micro': 0.7764439035184776, 'precision_weighted': 0.9382969143759792, 'precision_binary': 0.20311858842839556, 'recall_macro': 0.8168461974347656, 'recall_micro': 0.7764439035184776, 'recall_weighted': 0.7764439035184776, 'recall_binary': 0.8631211857018308, 'roc_auc': 0.9117986381710207}
-----------------------
Epoch 26/100
Training statistic: Loss: 0.4229, train_score: {'accuracy': 0.8520394581726637, 'balanced_accuracy': 0.8873003650373311, 'f1_macro': 0.7664178325817921, 'f1_micro': 0.8520394581726637, 'f1_weighted': 0.8705472129531036, 'f1_binary': 0.6249975904543439, 'pr_auc': 0.6139944147075526, 'precision_macro': 0.7288687166216243, 'precision_micro': 0.8520394581726637, 'precision_weighted': 0.9199721776902282, 'precision_binary': 0.4693271958774825, 'recall_macro': 0.8873003650373311, 'recall_micro': 0.8520394581726637, 'recall_weighted': 0.8520394581726637, 'recall_binary': 0.9351889241419095, 'roc_auc': 0.9320480795470039}
Validation statistic: Loss: 0.6386, dev_score: {'accuracy': 0.7761672936490374, 'balanced_accuracy': 0.8162921371749895, 'f1_macro': 0.5970297866773303, 'f1_micro': 0.7761672936490374, 'f1_weighted': 0.8316089548674632, 'f1_binary': 0.3283532536520584, 'pr_auc': 0.5004801318866401, 'precision_macro': 0.5954089978576396, 'precision_micro': 0.7761672936490374, 'precision_weighted': 0.9382024879056856, 'precision_binary': 0.20278859954890302, 'recall_macro': 0.8162921371749895, 'recall_micro': 0.7761672936490374, 'recall_weighted': 0.7761672936490374, 'recall_binary': 0.8622493461203139, 'roc_auc': 0.9112199095221167}
-----------------------
Epoch 27/100
Training statistic: Loss: 0.4049, train_score: {'accuracy': 0.8528266441539082, 'balanced_accuracy': 0.8875824905999503, 'f1_macro': 0.7672626619103874, 'f1_micro': 0.8528266441539082, 'f1_weighted': 0.8711685679078597, 'f1_binary': 0.6261459249026748, 'pr_auc': 0.6135131776171762, 'precision_macro': 0.7295389683120589, 'precision_micro': 0.8528266441539082, 'precision_weighted': 0.920106141417265, 'precision_binary': 0.47072579122427344, 'recall_macro': 0.8875824905999503, 'recall_micro': 0.8528266441539082, 'recall_weighted': 0.8528266441539082, 'recall_binary': 0.9347851168156908, 'roc_auc': 0.931888680678065}
Validation statistic: Loss: 0.6109, dev_score: {'accuracy': 0.7767758353618057, 'balanced_accuracy': 0.8174297928117962, 'f1_macro': 0.5977512859077809, 'f1_micro': 0.7767758353618057, 'f1_weighted': 0.8320464546185712, 'f1_binary': 0.32940003323915573, 'pr_auc': 0.5033455720300317, 'precision_macro': 0.5958389736977872, 'precision_micro': 0.7767758353618057, 'precision_weighted': 0.9383948219201408, 'precision_binary': 0.20349075975359343, 'recall_macro': 0.8174297928117962, 'recall_micro': 0.7767758353618057, 'recall_weighted': 0.7767758353618057, 'recall_binary': 0.8639930252833479, 'roc_auc': 0.9121405193844356}
-----------------------
Epoch 28/100
Training statistic: Loss: 0.4482, train_score: {'accuracy': 0.8508833976011743, 'balanced_accuracy': 0.8890319275748696, 'f1_macro': 0.7657752657259459, 'f1_micro': 0.8508833976011743, 'f1_weighted': 0.8697346297485151, 'f1_binary': 0.624585926280517, 'pr_auc': 0.610560133014093, 'precision_macro': 0.7284189634707363, 'precision_micro': 0.8508833976011743, 'precision_weighted': 0.9205698902401862, 'precision_binary': 0.4674548581255374, 'recall_macro': 0.8890319275748696, 'recall_micro': 0.8508833976011743, 'recall_weighted': 0.8508833976011743, 'recall_binary': 0.9408422267089703, 'roc_auc': 0.9313622186112138}
Validation statistic: Loss: 0.6832, dev_score: {'accuracy': 0.7740097366674042, 'balanced_accuracy': 0.8179849603165958, 'f1_macro': 0.5959831100762711, 'f1_micro': 0.7740097366674042, 'f1_weighted': 0.8301373079978699, 'f1_binary': 0.3277933190719105, 'pr_auc': 0.4901504442828105, 'precision_macro': 0.5952710069375332, 'precision_micro': 0.7740097366674042, 'precision_weighted': 0.9386077441085197, 'precision_binary': 0.20202839756592292, 'recall_macro': 0.8179849603165958, 'recall_micro': 0.7740097366674042, 'recall_weighted': 0.7740097366674042, 'recall_binary': 0.8683522231909329, 'roc_auc': 0.9102417486684606}
-----------------------
Epoch 29/100
Training statistic: Loss: 0.4439, train_score: {'accuracy': 0.8512941033305192, 'balanced_accuracy': 0.8900145890205405, 'f1_macro': 0.7664439270567067, 'f1_micro': 0.8512941033305192, 'f1_weighted': 0.870097353790723, 'f1_binary': 0.6256700873028028, 'pr_auc': 0.6125549826610148, 'precision_macro': 0.7289665892406573, 'precision_micro': 0.8512941033305192, 'precision_weighted': 0.9209462440553448, 'precision_binary': 0.4682350918417056, 'recall_macro': 0.8900145890205405, 'recall_micro': 0.8512941033305192, 'recall_weighted': 0.8512941033305192, 'recall_binary': 0.9426016729160658, 'roc_auc': 0.9323520890068322}
Validation statistic: Loss: 0.6761, dev_score: {'accuracy': 0.7737331267979641, 'balanced_accuracy': 0.8162117460363074, 'f1_macro': 0.5953291719216351, 'f1_micro': 0.7737331267979641, 'f1_weighted': 0.8299210079371512, 'f1_binary': 0.32663812973328943, 'pr_auc': 0.4911795556265535, 'precision_macro': 0.5947757944366332, 'precision_micro': 0.7737331267979641, 'precision_weighted': 0.9382815861328779, 'precision_binary': 0.20133955754008526, 'recall_macro': 0.8162117460363074, 'recall_micro': 0.7737331267979641, 'recall_weighted': 0.7737331267979641, 'recall_binary': 0.8648648648648649, 'roc_auc': 0.9108078598740738}
-----------------------
Epoch 30/100
Training statistic: Loss: 0.4286, train_score: {'accuracy': 0.8543439736539881, 'balanced_accuracy': 0.8873799982990022, 'f1_macro': 0.7686904445048501, 'f1_micro': 0.8543439736539881, 'f1_weighted': 0.8723313325356615, 'f1_binary': 0.6279336338203295, 'pr_auc': 0.6064557273913715, 'precision_macro': 0.7306679181014527, 'precision_micro': 0.8543439736539881, 'precision_weighted': 0.920096345555635, 'precision_binary': 0.47340129478278703, 'recall_macro': 0.8873799982990022, 'recall_micro': 0.8543439736539881, 'recall_weighted': 0.8543439736539881, 'recall_binary': 0.9322468993366022, 'roc_auc': 0.9312117378140004}
Validation statistic: Loss: 0.6545, dev_score: {'accuracy': 0.779431290108431, 'balanced_accuracy': 0.8164091703989836, 'f1_macro': 0.5993308227092974, 'f1_micro': 0.779431290108431, 'f1_weighted': 0.8338671356470915, 'f1_binary': 0.33070337418163503, 'pr_auc': 0.4875804199964868, 'precision_macro': 0.596285017926809, 'precision_micro': 0.779431290108431, 'precision_weighted': 0.9381031905344674, 'precision_binary': 0.2047817047817048, 'recall_macro': 0.8164091703989836, 'recall_micro': 0.779431290108431, 'recall_weighted': 0.779431290108431, 'recall_binary': 0.8587619877942458, 'roc_auc': 0.9100406678222185}
-----------------------
Epoch 31/100
Training statistic: Loss: 0.4292, train_score: {'accuracy': 0.8530776309885079, 'balanced_accuracy': 0.8885098591291483, 'f1_macro': 0.7677645517965267, 'f1_micro': 0.8530776309885079, 'f1_weighted': 0.8714060712957754, 'f1_binary': 0.6270068835018006, 'pr_auc': 0.6106061442131481, 'precision_macro': 0.7299546210921993, 'precision_micro': 0.8530776309885079, 'precision_weighted': 0.9204558470962192, 'precision_binary': 0.4712310081119125, 'recall_macro': 0.8885098591291483, 'recall_micro': 0.8530776309885079, 'recall_weighted': 0.8530776309885079, 'recall_binary': 0.9366310931641189, 'roc_auc': 0.9319594138088934}
Validation statistic: Loss: 0.6552, dev_score: {'accuracy': 0.7763885815445896, 'balanced_accuracy': 0.816003892970503, 'f1_macro': 0.5971070439485728, 'f1_micro': 0.7763885815445896, 'f1_weighted': 0.8317579998567114, 'f1_binary': 0.32834828846792957, 'pr_auc': 0.4890160840263757, 'precision_macro': 0.595396100109831, 'precision_micro': 0.7763885815445896, 'precision_weighted': 0.9381394816797084, 'precision_binary': 0.20283309382057071, 'recall_macro': 0.816003892970503, 'recall_micro': 0.7763885815445896, 'recall_weighted': 0.7763885815445896, 'recall_binary': 0.8613775065387969, 'roc_auc': 0.910467523653715}
-----------------------
Epoch 32/100
Training statistic: Loss: 0.4241, train_score: {'accuracy': 0.8536974924133525, 'balanced_accuracy': 0.8883653660384071, 'f1_macro': 0.768330452066692, 'f1_micro': 0.8536974924133525, 'f1_weighted': 0.8718783520704576, 'f1_binary': 0.6276999303243788, 'pr_auc': 0.6127135978804319, 'precision_macro': 0.7303983786765236, 'precision_micro': 0.8536974924133525, 'precision_weighted': 0.9204279973977868, 'precision_binary': 0.4723152651967495, 'recall_macro': 0.8883653660384071, 'recall_micro': 0.8536974924133525, 'recall_weighted': 0.8536974924133525, 'recall_binary': 0.9354485145659072, 'roc_auc': 0.9324806558369063}
Validation statistic: Loss: 0.6459, dev_score: {'accuracy': 0.777384377074574, 'balanced_accuracy': 0.8157227557340744, 'f1_macro': 0.59772323787331, 'f1_micro': 0.777384377074574, 'f1_weighted': 0.8324427824821137, 'f1_binary': 0.32888592394929955, 'pr_auc': 0.4936317843377042, 'precision_macro': 0.5955844113767493, 'precision_micro': 0.777384377074574, 'precision_weighted': 0.9380488490281061, 'precision_binary': 0.20334089502990307, 'recall_macro': 0.8157227557340744, 'recall_micro': 0.777384377074574, 'recall_weighted': 0.777384377074574, 'recall_binary': 0.8596338273757629, 'roc_auc': 0.9104535929663264}
Early stopping by loss triggered!
Testing statistic: loss: 0.4217403062524308, scores: {'accuracy': 0.7373726766775176, 'balanced_accuracy': 0.8189952218524938, 'f1_macro': 0.5677049814143452, 'f1_micro': 0.7373726766775176, 'f1_weighted': 0.8055980874948744, 'f1_binary': 0.29687939274669667, 'pr_auc': 0.4826239979632917, 'precision_macro': 0.584753996842647, 'precision_micro': 0.7373726766775176, 'precision_weighted': 0.9426612737752775, 'precision_binary': 0.17730020147750167, 'recall_macro': 0.8189952218524938, 'recall_micro': 0.7373726766775176, 'recall_weighted': 0.7373726766775177, 'recall_binary': 0.9119170984455959, 'roc_auc': 0.914202475738504}
Finish training!
