=====Setting up data=====
Dataset name:census_kdd
train_option:synthetic
augment_option:tvae_compare_pca_gmm
mix_ratio:-1
n_sample:-1
Training dataset size: 100096 samples
Validation dataset size: 18176 samples

=====Setting up parameters for training=====
num_epochs: 100
learning_rate: 0.001
patience: 30
early_stop_criterion: loss
=====Setting up trainer=====
input_size: 372
model: DNN_Census
----------------------------------------------------------------
        Layer (type)               Output Shape         Param #
================================================================
            Linear-1                  [-1, 256]          95,488
       BatchNorm1d-2                  [-1, 256]             512
              ReLU-3                  [-1, 256]               0
           Dropout-4                  [-1, 256]               0
            Linear-5                  [-1, 128]          32,896
       BatchNorm1d-6                  [-1, 128]             256
              ReLU-7                  [-1, 128]               0
           Dropout-8                  [-1, 128]               0
            Linear-9                   [-1, 64]           8,256
      BatchNorm1d-10                   [-1, 64]             128
             ReLU-11                   [-1, 64]               0
          Dropout-12                   [-1, 64]               0
           Linear-13                   [-1, 32]           2,080
      BatchNorm1d-14                   [-1, 32]              64
             ReLU-15                   [-1, 32]               0
          Dropout-16                   [-1, 32]               0
           Linear-17                    [-1, 1]              33
          Sigmoid-18                    [-1, 1]               0
================================================================
Total params: 139,713
Trainable params: 139,713
Non-trainable params: 0
----------------------------------------------------------------
Input size (MB): 0.00
Forward/backward pass size (MB): 0.01
Params size (MB): 0.53
Estimated Total Size (MB): 0.55
----------------------------------------------------------------
=====Setting up output files=====
weight_dir, weight_file: /home/thuy/Research/minh_data_synth/TabularDA/output/corrected_v2/census_kdd/weight/, census_kdd_seed43_tvae_full_pca_gmm_synthetic.weights.pth
acc_dir, acc_file: /home/thuy/Research/minh_data_synth/TabularDA/output/corrected_v2/census_kdd/acc/, census_kdd_seed43_tvae_full_pca_gmm_synthetic.epochs.csv
report_file: census_kdd_seed43_tvae_full_pca_gmm_synthetic.report.txt
==========================================================================================
Start training...
-----------------------
Epoch 1/100
Training statistic: Loss: 0.1571, train_score: {'accuracy': 0.9243, 'balanced_accuracy': 0.947116506602002, 'f1_macro': 0.8916947248006852, 'f1_micro': 0.9243, 'f1_weighted': 0.9284359757123867, 'f1_binary': 0.8322697864043251, 'pr_auc': 0.8921555530114449, 'precision_macro': 0.8584731142893758, 'precision_micro': 0.9243, 'precision_weighted': 0.9434264558965495, 'precision_binary': 0.7210704138831299, 'recall_macro': 0.947116506602002, 'recall_micro': 0.9243, 'recall_weighted': 0.9243, 'recall_binary': 0.9840197003038876, 'roc_auc': 0.9779774680064606}
Validation statistic: Loss: 0.4259, dev_score: {'accuracy': 0.7288116840008851, 'balanced_accuracy': 0.806859079071869, 'f1_macro': 0.5637879971674752, 'f1_micro': 0.7288116840008851, 'f1_weighted': 0.7980391057845714, 'f1_binary': 0.2954872089680943, 'pr_auc': 0.4181754540894239, 'precision_macro': 0.5836017314814679, 'precision_micro': 0.7288116840008851, 'precision_weighted': 0.938684388850765, 'precision_binary': 0.17690586818103596, 'recall_macro': 0.806859079071869, 'recall_micro': 0.7288116840008851, 'recall_weighted': 0.7288116840008851, 'recall_binary': 0.8962510897994769, 'roc_auc': 0.8874140900173724}
Saving model...
Model saved!
-------------------------------------------
-----------------------
Epoch 2/100
Training statistic: Loss: 0.1377, train_score: {'accuracy': 0.93736, 'balanced_accuracy': 0.9543660731575057, 'f1_macro': 0.9083575790543337, 'f1_micro': 0.93736, 'f1_weighted': 0.9402326089574312, 'f1_binary': 0.8568032187271397, 'pr_auc': 0.9138762166333657, 'precision_macro': 0.877702181795571, 'precision_micro': 0.93736, 'precision_weighted': 0.950477092693358, 'precision_binary': 0.7599967556168383, 'recall_macro': 0.9543660731575057, 'recall_micro': 0.93736, 'recall_weighted': 0.93736, 'recall_binary': 0.9818715288693283, 'roc_auc': 0.9826417681680606}
Validation statistic: Loss: 0.4878, dev_score: {'accuracy': 0.736280150475769, 'balanced_accuracy': 0.8100335505542071, 'f1_macro': 0.5692053393779567, 'f1_micro': 0.736280150475769, 'f1_weighted': 0.8034395641932427, 'f1_binary': 0.300923889133304, 'pr_auc': 0.4258207701473643, 'precision_macro': 0.5855668288449651, 'precision_micro': 0.736280150475769, 'precision_weighted': 0.9388879283662582, 'precision_binary': 0.1808885754583921, 'recall_macro': 0.8100335505542071, 'recall_micro': 0.736280150475769, 'recall_weighted': 0.736280150475769, 'recall_binary': 0.8945074106364429, 'roc_auc': 0.8924700540433419}
-----------------------
Epoch 3/100
Training statistic: Loss: 0.1238, train_score: {'accuracy': 0.94688, 'balanced_accuracy': 0.958167009816027, 'f1_macro': 0.9207566657654885, 'f1_micro': 0.94688, 'f1_weighted': 0.9488873873248338, 'f1_binary': 0.8752583129814014, 'pr_auc': 0.924526295273092, 'precision_macro': 0.8936032871772237, 'precision_micro': 0.94688, 'precision_weighted': 0.955749400685763, 'precision_binary': 0.7930887735126394, 'recall_macro': 0.958167009816027, 'recall_micro': 0.94688, 'recall_weighted': 0.94688, 'recall_binary': 0.9764225086450802, 'roc_auc': 0.9851296084770531}
Validation statistic: Loss: 0.5166, dev_score: {'accuracy': 0.7417570258906838, 'balanced_accuracy': 0.8109256037948738, 'f1_macro': 0.5728864479922687, 'f1_micro': 0.7417570258906838, 'f1_weighted': 0.8073678363780497, 'f1_binary': 0.30432190760059613, 'pr_auc': 0.4365867702754167, 'precision_macro': 0.5867322683312823, 'precision_micro': 0.7417570258906838, 'precision_weighted': 0.9387611494539402, 'precision_binary': 0.18353406435376596, 'recall_macro': 0.8109256037948738, 'recall_micro': 0.7417570258906838, 'recall_weighted': 0.7417570258906838, 'recall_binary': 0.8901482127288579, 'roc_auc': 0.8978587323239275}
-----------------------
Epoch 4/100
Training statistic: Loss: 0.1172, train_score: {'accuracy': 0.95094, 'balanced_accuracy': 0.9607158819830601, 'f1_macro': 0.9263040127451841, 'f1_micro': 0.95094, 'f1_weighted': 0.9526486427910306, 'f1_binary': 0.8836944668341947, 'pr_auc': 0.9322864261861269, 'precision_macro': 0.9005770594252508, 'precision_micro': 0.95094, 'precision_weighted': 0.9584465191683298, 'precision_binary': 0.8069795635607897, 'recall_macro': 0.9607158819830601, 'recall_micro': 0.95094, 'recall_weighted': 0.95094, 'recall_binary': 0.9765272974955465, 'roc_auc': 0.9866616468152831}
Validation statistic: Loss: 0.5329, dev_score: {'accuracy': 0.742254923655676, 'balanced_accuracy': 0.8132233432176839, 'f1_macro': 0.5737589754871723, 'f1_micro': 0.742254923655676, 'f1_weighted': 0.8077407664238486, 'f1_binary': 0.30576665176575774, 'pr_auc': 0.4345362370384162, 'precision_macro': 0.5873644981622818, 'precision_micro': 0.742254923655676, 'precision_weighted': 0.9391895838181177, 'precision_binary': 0.1843997124370956, 'recall_macro': 0.8132233432176839, 'recall_micro': 0.742254923655676, 'recall_weighted': 0.742254923655676, 'recall_binary': 0.8945074106364429, 'roc_auc': 0.8982460620830739}
-----------------------
Epoch 5/100
Training statistic: Loss: 0.1090, train_score: {'accuracy': 0.95616, 'balanced_accuracy': 0.9625602999199513, 'f1_macro': 0.9333771357997773, 'f1_micro': 0.95616, 'f1_weighted': 0.9574651505706548, 'f1_binary': 0.894417417272771, 'pr_auc': 0.9383038647542856, 'precision_macro': 0.9104888051361866, 'precision_micro': 0.95616, 'precision_weighted': 0.961710664010803, 'precision_binary': 0.8276430736316635, 'recall_macro': 0.9625602999199513, 'recall_micro': 0.95616, 'recall_weighted': 0.95616, 'recall_binary': 0.9729120821544588, 'roc_auc': 0.9879170483642699}
Validation statistic: Loss: 0.5481, dev_score: {'accuracy': 0.7526554547466253, 'balanced_accuracy': 0.8134929445059609, 'f1_macro': 0.5805345382420642, 'f1_micro': 0.7526554547466253, 'f1_weighted': 0.8151327163468215, 'f1_binary': 0.31183623210712635, 'pr_auc': 0.424039387220873, 'precision_macro': 0.5894080850007564, 'precision_micro': 0.7526554547466253, 'precision_weighted': 0.9386990271549461, 'precision_binary': 0.18934579439252336, 'recall_macro': 0.8134929445059609, 'recall_micro': 0.7526554547466253, 'recall_weighted': 0.7526554547466253, 'recall_binary': 0.8831734960767219, 'roc_auc': 0.8945748238334542}
-----------------------
Epoch 6/100
Training statistic: Loss: 0.1076, train_score: {'accuracy': 0.95515, 'balanced_accuracy': 0.9621763942316883, 'f1_macro': 0.9319931860641769, 'f1_micro': 0.95515, 'f1_weighted': 0.956529019560725, 'f1_binary': 0.8923091699282061, 'pr_auc': 0.9425422535406986, 'precision_macro': 0.9085340590034563, 'precision_micro': 0.95515, 'precision_weighted': 0.9610536551974558, 'precision_binary': 0.8235893799033731, 'recall_macro': 0.9621763942316883, 'recall_micro': 0.95515, 'recall_weighted': 0.95515, 'recall_binary': 0.9735408152572567, 'roc_auc': 0.9886625979054855}
Validation statistic: Loss: 0.5591, dev_score: {'accuracy': 0.7495021022350078, 'balanced_accuracy': 0.810590288801947, 'f1_macro': 0.5777694192953997, 'f1_micro': 0.7495021022350078, 'f1_weighted': 0.8128739649366986, 'f1_binary': 0.30849114233353697, 'pr_auc': 0.3963211006332248, 'precision_macro': 0.5880968642303438, 'precision_micro': 0.7495021022350078, 'precision_weighted': 0.9382889822107682, 'precision_binary': 0.18700240696167375, 'recall_macro': 0.810590288801947, 'recall_micro': 0.7495021022350078, 'recall_weighted': 0.7495021022350078, 'recall_binary': 0.8805579773321709, 'roc_auc': 0.8922172416796073}
-----------------------
Epoch 7/100
Training statistic: Loss: 0.1044, train_score: {'accuracy': 0.9574, 'balanced_accuracy': 0.9651481664796425, 'f1_macro': 0.9353281767118404, 'f1_micro': 0.9574, 'f1_weighted': 0.9586875859939412, 'f1_binary': 0.8975468975468975, 'pr_auc': 0.9461887552980826, 'precision_macro': 0.912029099604827, 'precision_micro': 0.9574, 'precision_weighted': 0.9630214654456026, 'precision_binary': 0.8295545478794345, 'recall_macro': 0.9651481664796425, 'recall_micro': 0.9574, 'recall_weighted': 0.9574, 'recall_binary': 0.9776799748506759, 'roc_auc': 0.9893708398755784}
Validation statistic: Loss: 0.5700, dev_score: {'accuracy': 0.748174374861695, 'balanced_accuracy': 0.8111006000083533, 'f1_macro': 0.5770386842921178, 'f1_micro': 0.748174374861695, 'f1_weighted': 0.811937229132009, 'f1_binary': 0.30799635147461235, 'pr_auc': 0.3951669080384971, 'precision_macro': 0.587962372621942, 'precision_micro': 0.748174374861695, 'precision_weighted': 0.9384566641866471, 'precision_binary': 0.18652181918615357, 'recall_macro': 0.8111006000083533, 'recall_micro': 0.748174374861695, 'recall_weighted': 0.748174374861695, 'recall_binary': 0.8831734960767219, 'roc_auc': 0.8934016076064746}
-----------------------
Epoch 8/100
Training statistic: Loss: 0.0985, train_score: {'accuracy': 0.96036, 'balanced_accuracy': 0.9600711237519078, 'f1_macro': 0.9387413905374626, 'f1_micro': 0.96036, 'f1_weighted': 0.9612413970325937, 'f1_binary': 0.9023501010001478, 'pr_auc': 0.9509455213747368, 'precision_macro': 0.9208604772966513, 'precision_micro': 0.96036, 'precision_weighted': 0.963717708970501, 'precision_binary': 0.8515436116793751, 'recall_macro': 0.9600711237519078, 'recall_micro': 0.96036, 'recall_weighted': 0.96036, 'recall_binary': 0.9596038981452374, 'roc_auc': 0.9901665579498855}
Validation statistic: Loss: 0.5856, dev_score: {'accuracy': 0.7575237884487719, 'balanced_accuracy': 0.8095898800482841, 'f1_macro': 0.5827410929311849, 'f1_micro': 0.7575237884487719, 'f1_weighted': 0.8185236812428831, 'f1_binary': 0.3126862160890701, 'pr_auc': 0.39893827732618325, 'precision_macro': 0.5894770942975307, 'precision_micro': 0.7575237884487719, 'precision_weighted': 0.9377062076240653, 'precision_binary': 0.19063097514340344, 'recall_macro': 0.8095898800482841, 'recall_micro': 0.7575237884487719, 'recall_weighted': 0.7575237884487719, 'recall_binary': 0.8692240627724499, 'roc_auc': 0.8894514723603575}
-----------------------
Epoch 9/100
Training statistic: Loss: 0.0939, train_score: {'accuracy': 0.96148, 'balanced_accuracy': 0.9639660665537126, 'f1_macro': 0.9406982896110168, 'f1_micro': 0.96148, 'f1_weighted': 0.9624032727173727, 'f1_binary': 0.9055928630949464, 'pr_auc': 0.9571940501242022, 'precision_macro': 0.9214751440502292, 'precision_micro': 0.96148, 'precision_weighted': 0.9651998688710189, 'precision_binary': 0.8507552035365629, 'recall_macro': 0.9639660665537126, 'recall_micro': 0.96148, 'recall_weighted': 0.96148, 'recall_binary': 0.9679870061825422, 'roc_auc': 0.9912741605844414}
Validation statistic: Loss: 0.6248, dev_score: {'accuracy': 0.7548130117282584, 'balanced_accuracy': 0.808955428649826, 'f1_macro': 0.5808079075534898, 'f1_micro': 0.7548130117282584, 'f1_weighted': 0.8166097754983808, 'f1_binary': 0.31073094867807155, 'pr_auc': 0.3776883027837501, 'precision_macro': 0.5887641386080628, 'precision_micro': 0.7548130117282584, 'precision_weighted': 0.9377099862223008, 'precision_binary': 0.1890971039182283, 'recall_macro': 0.808955428649826, 'recall_micro': 0.7548130117282584, 'recall_weighted': 0.7548130117282584, 'recall_binary': 0.8709677419354839, 'roc_auc': 0.886715907655353}
-----------------------
Epoch 10/100
Training statistic: Loss: 0.0894, train_score: {'accuracy': 0.96456, 'balanced_accuracy': 0.9635272378267439, 'f1_macro': 0.9448930642447977, 'f1_micro': 0.96456, 'f1_weighted': 0.9652473880458129, 'f1_binary': 0.9119721808246398, 'pr_auc': 0.9597519151799223, 'precision_macro': 0.9288855874571598, 'precision_micro': 0.96456, 'precision_weighted': 0.9671440620755377, 'precision_binary': 0.8670067063379616, 'recall_macro': 0.9635272378267439, 'recall_micro': 0.96456, 'recall_weighted': 0.96456, 'recall_binary': 0.961856858430263, 'roc_auc': 0.991894139051093}
Validation statistic: Loss: 0.6208, dev_score: {'accuracy': 0.7608431068820536, 'balanced_accuracy': 0.8113619870835491, 'f1_macro': 0.5853796163846541, 'f1_micro': 0.7608431068820536, 'f1_weighted': 0.8208728391952635, 'f1_binary': 0.31565616590153556, 'pr_auc': 0.38261998493857685, 'precision_macro': 0.5906104128618149, 'precision_micro': 0.7608431068820536, 'precision_weighted': 0.9378974316088942, 'precision_binary': 0.19284332688588007, 'recall_macro': 0.8113619870835491, 'recall_micro': 0.7608431068820536, 'recall_weighted': 0.7608431068820536, 'recall_binary': 0.8692240627724499, 'roc_auc': 0.8872335833286596}
-----------------------
Epoch 11/100
Training statistic: Loss: 0.0890, train_score: {'accuracy': 0.96411, 'balanced_accuracy': 0.9643101088610255, 'f1_macro': 0.9443492646390832, 'f1_micro': 0.96411, 'f1_weighted': 0.9648524908367836, 'f1_binary': 0.9111875479448664, 'pr_auc': 0.9633716911664302, 'precision_macro': 0.9273866362985124, 'precision_micro': 0.96411, 'precision_weighted': 0.9669774319556278, 'precision_binary': 0.8633528722157092, 'recall_macro': 0.9643101088610255, 'recall_micro': 0.96411, 'recall_weighted': 0.96411, 'recall_binary': 0.9646337629676203, 'roc_auc': 0.9924126051805103}
Validation statistic: Loss: 0.6223, dev_score: {'accuracy': 0.7591834476654127, 'balanced_accuracy': 0.8104759335659166, 'f1_macro': 0.5840574257329962, 'f1_micro': 0.7591834476654127, 'f1_weighted': 0.8196989022559219, 'f1_binary': 0.3141641720497873, 'pr_auc': 0.3671293519056733, 'precision_macro': 0.5900405943078356, 'precision_micro': 0.7591834476654127, 'precision_weighted': 0.9378014738921608, 'precision_binary': 0.19173076923076923, 'recall_macro': 0.8104759335659166, 'recall_micro': 0.7591834476654127, 'recall_weighted': 0.7591834476654127, 'recall_binary': 0.8692240627724499, 'roc_auc': 0.8815192462617476}
-----------------------
Epoch 12/100
Training statistic: Loss: 0.0832, train_score: {'accuracy': 0.96624, 'balanced_accuracy': 0.9640649317790704, 'f1_macro': 0.9472914934211487, 'f1_micro': 0.96624, 'f1_weighted': 0.966830975471204, 'f1_binary': 0.9156885270466011, 'pr_auc': 0.9674235719674602, 'precision_macro': 0.9326533218168219, 'precision_micro': 0.96624, 'precision_weighted': 0.9684024806570218, 'precision_binary': 0.8748329833937775, 'recall_macro': 0.9640649317790704, 'recall_micro': 0.96624, 'recall_weighted': 0.96624, 'recall_binary': 0.9605469977994341, 'roc_auc': 0.9931759686579467}
Validation statistic: Loss: 0.6271, dev_score: {'accuracy': 0.763609205576455, 'balanced_accuracy': 0.8091812808847331, 'f1_macro': 0.5866576160127968, 'f1_micro': 0.763609205576455, 'f1_weighted': 0.8227825831636933, 'f1_binary': 0.3162105936949912, 'pr_auc': 0.3617601375338428, 'precision_macro': 0.5906971347030219, 'precision_micro': 0.763609205576455, 'precision_weighted': 0.9373559637838809, 'precision_binary': 0.19364954919639357, 'recall_macro': 0.8091812808847331, 'recall_micro': 0.763609205576455, 'recall_weighted': 0.763609205576455, 'recall_binary': 0.8613775065387969, 'roc_auc': 0.8802227395888969}
-----------------------
Epoch 13/100
Training statistic: Loss: 0.0813, train_score: {'accuracy': 0.96621, 'balanced_accuracy': 0.9676095641612921, 'f1_macro': 0.9475958222483163, 'f1_micro': 0.96621, 'f1_weighted': 0.9669061694358714, 'f1_binary': 0.9163634563500903, 'pr_auc': 0.971454041718539, 'precision_macro': 0.9305709148789574, 'precision_micro': 0.96621, 'precision_weighted': 0.9689793749602511, 'precision_binary': 0.8684494487450153, 'recall_macro': 0.9676095641612921, 'recall_micro': 0.96621, 'recall_weighted': 0.96621, 'recall_binary': 0.9698732054909358, 'roc_auc': 0.9939542179307272}
Validation statistic: Loss: 0.6487, dev_score: {'accuracy': 0.7594600575348528, 'balanced_accuracy': 0.8102172244786845, 'f1_macro': 0.5841741368940417, 'f1_micro': 0.7594600575348528, 'f1_weighted': 0.8198900877762231, 'f1_binary': 0.3141955835962145, 'pr_auc': 0.34843941421813096, 'precision_macro': 0.5900378884340256, 'precision_micro': 0.7594600575348528, 'precision_weighted': 0.9377388861907561, 'precision_binary': 0.19179664933564414, 'recall_macro': 0.8102172244786845, 'recall_micro': 0.7594600575348528, 'recall_weighted': 0.7594600575348528, 'recall_binary': 0.8683522231909329, 'roc_auc': 0.8767926232555547}
-----------------------
Epoch 14/100
Training statistic: Loss: 0.0776, train_score: {'accuracy': 0.9688, 'balanced_accuracy': 0.9652465020236121, 'f1_macro': 0.9510162209652394, 'f1_micro': 0.9688, 'f1_weighted': 0.9692645611610965, 'f1_binary': 0.9215015347456348, 'pr_auc': 0.9735086013588968, 'precision_macro': 0.9383279797926309, 'precision_micro': 0.9688, 'precision_weighted': 0.970434729373088, 'precision_binary': 0.8863988383349467, 'recall_macro': 0.9652465020236121, 'recall_micro': 0.9688, 'recall_weighted': 0.9688, 'recall_binary': 0.959499109294771, 'roc_auc': 0.9944133263967607}
Validation statistic: Loss: 0.6390, dev_score: {'accuracy': 0.7669285240097367, 'balanced_accuracy': 0.8117661572670061, 'f1_macro': 0.589545143312201, 'f1_micro': 0.7669285240097367, 'f1_weighted': 0.82513081310674, 'f1_binary': 0.3197158081705151, 'pr_auc': 0.33994250017815153, 'precision_macro': 0.5920729442619839, 'precision_micro': 0.7669285240097367, 'precision_weighted': 0.9377105644497385, 'precision_binary': 0.1961950059453032, 'recall_macro': 0.8117661572670061, 'recall_micro': 0.7669285240097367, 'recall_weighted': 0.7669285240097367, 'recall_binary': 0.8631211857018308, 'roc_auc': 0.8745097672658511}
-----------------------
Epoch 15/100
Training statistic: Loss: 0.0760, train_score: {'accuracy': 0.96903, 'balanced_accuracy': 0.9665296435308234, 'f1_macro': 0.9514608256425382, 'f1_micro': 0.96903, 'f1_weighted': 0.9695162236807535, 'f1_binary': 0.9222582021738585, 'pr_auc': 0.974587315022016, 'precision_macro': 0.9381118637188002, 'precision_micro': 0.96903, 'precision_weighted': 0.970790015621327, 'precision_binary': 0.8852585417570238, 'recall_macro': 0.9665296435308234, 'recall_micro': 0.96903, 'recall_weighted': 0.96903, 'recall_binary': 0.9624855915330609, 'roc_auc': 0.9945679888293744}
Validation statistic: Loss: 0.6970, dev_score: {'accuracy': 0.765600796636424, 'balanced_accuracy': 0.8090253910853797, 'f1_macro': 0.5879454312391579, 'f1_micro': 0.765600796636424, 'f1_weighted': 0.8241706378024449, 'f1_binary': 0.3173835991622362, 'pr_auc': 0.33046935049815973, 'precision_macro': 0.5911089057918378, 'precision_micro': 0.765600796636424, 'precision_weighted': 0.9372415127940071, 'precision_binary': 0.19466403162055335, 'recall_macro': 0.8090253910853797, 'recall_micro': 0.765600796636424, 'recall_weighted': 0.765600796636424, 'recall_binary': 0.8587619877942458, 'roc_auc': 0.8730748292151801}
-----------------------
Epoch 16/100
Training statistic: Loss: 0.0749, train_score: {'accuracy': 0.96758, 'balanced_accuracy': 0.9716189563473405, 'f1_macro': 0.9498861045019096, 'f1_micro': 0.96758, 'f1_weighted': 0.9682970464550555, 'f1_binary': 0.9201084277969444, 'pr_auc': 0.9792056777912583, 'precision_macro': 0.9316281382680496, 'precision_micro': 0.96758, 'precision_weighted': 0.9706169775854394, 'precision_binary': 0.86856797245743, 'recall_macro': 0.9716189563473405, 'recall_micro': 0.96758, 'recall_weighted': 0.96758, 'recall_binary': 0.9781515246777743, 'roc_auc': 0.9954230474074607}
Validation statistic: Loss: 0.7044, dev_score: {'accuracy': 0.7593494135870767, 'balanced_accuracy': 0.8105645389176799, 'f1_macro': 0.5841893794940837, 'f1_micro': 0.7593494135870767, 'f1_weighted': 0.8198163534163149, 'f1_binary': 0.31431273644388397, 'pr_auc': 0.3443494512522877, 'precision_macro': 0.5900972899979342, 'precision_micro': 0.7593494135870767, 'precision_weighted': 0.9378110383035642, 'precision_binary': 0.1918414469886473, 'recall_macro': 0.8105645389176799, 'recall_micro': 0.7593494135870767, 'recall_weighted': 0.7593494135870769, 'recall_binary': 0.8692240627724499, 'roc_auc': 0.8758257923509762}
-----------------------
Epoch 17/100
Training statistic: Loss: 0.0705, train_score: {'accuracy': 0.97161, 'balanced_accuracy': 0.9675033766411456, 'f1_macro': 0.9552335772852286, 'f1_micro': 0.97161, 'f1_weighted': 0.9719741732148103, 'f1_binary': 0.9281575018346534, 'pr_auc': 0.9798374024899272, 'precision_macro': 0.944109249983631, 'precision_micro': 0.97161, 'precision_weighted': 0.9728609218699319, 'precision_binary': 0.8976065782389506, 'recall_macro': 0.9675033766411456, 'recall_micro': 0.97161, 'recall_weighted': 0.97161, 'recall_binary': 0.960861364350833, 'roc_auc': 0.9956452121642168}
Validation statistic: Loss: 0.6796, dev_score: {'accuracy': 0.7673157778269528, 'balanced_accuracy': 0.8099409797202666, 'f1_macro': 0.589332217068992, 'f1_micro': 0.7673157778269528, 'f1_weighted': 0.8253773057985835, 'f1_binary': 0.31897668393782386, 'pr_auc': 0.33583934049539055, 'precision_macro': 0.5917236706797059, 'precision_micro': 0.7673157778269528, 'precision_weighted': 0.9373453512731023, 'precision_binary': 0.1958639888645854, 'recall_macro': 0.8099409797202666, 'recall_micro': 0.7673157778269528, 'recall_weighted': 0.7673157778269528, 'recall_binary': 0.8587619877942458, 'roc_auc': 0.873734026252419}
-----------------------
Epoch 18/100
Training statistic: Loss: 0.0690, train_score: {'accuracy': 0.97117, 'balanced_accuracy': 0.9709547961071013, 'f1_macro': 0.9548964320067841, 'f1_micro': 0.97117, 'f1_weighted': 0.971647096462884, 'f1_binary': 0.927804071820299, 'pr_auc': 0.9823704627879198, 'precision_macro': 0.9407647639406682, 'precision_micro': 0.97117, 'precision_weighted': 0.9730066418790685, 'precision_binary': 0.8886170672039142, 'recall_macro': 0.9709547961071013, 'recall_micro': 0.97117, 'recall_weighted': 0.97117, 'recall_binary': 0.9706067274442, 'roc_auc': 0.996080294269533}
Validation statistic: Loss: 0.7154, dev_score: {'accuracy': 0.7659880504536402, 'balanced_accuracy': 0.8084193675591524, 'f1_macro': 0.5880471905383761, 'f1_micro': 0.7659880504536402, 'f1_weighted': 0.8244329355874247, 'f1_binary': 0.3173014848289219, 'pr_auc': 0.3411531078053131, 'precision_macro': 0.5910513902422111, 'precision_micro': 0.7659880504536402, 'precision_weighted': 0.9371093460527868, 'precision_binary': 0.19469201822142998, 'recall_macro': 0.8084193675591524, 'recall_micro': 0.7659880504536402, 'recall_weighted': 0.7659880504536402, 'recall_binary': 0.8570183086312119, 'roc_auc': 0.8700642299963183}
-----------------------
Epoch 19/100
Training statistic: Loss: 0.0655, train_score: {'accuracy': 0.97376, 'balanced_accuracy': 0.971914690805509, 'f1_macro': 0.9586969901486182, 'f1_micro': 0.97376, 'f1_weighted': 0.9741186787243962, 'f1_binary': 0.9337541024993689, 'pr_auc': 0.9827635335245897, 'precision_macro': 0.9467906548759705, 'precision_micro': 0.97376, 'precision_weighted': 0.975075711707435, 'precision_binary': 0.9010426817384526, 'recall_macro': 0.971914690805509, 'recall_micro': 0.97376, 'recall_weighted': 0.97376, 'recall_binary': 0.968930105836739, 'roc_auc': 0.996257477874127}
Validation statistic: Loss: 0.7044, dev_score: {'accuracy': 0.767537065722505, 'balanced_accuracy': 0.8112782742097966, 'f1_macro': 0.5898282234157268, 'f1_micro': 0.767537065722505, 'f1_weighted': 0.8255485923252555, 'f1_binary': 0.31984460990611846, 'pr_auc': 0.3416563353339901, 'precision_macro': 0.5920969254706675, 'precision_micro': 0.767537065722505, 'precision_weighted': 0.9375918460414808, 'precision_binary': 0.19638242894056848, 'recall_macro': 0.8112782742097966, 'recall_micro': 0.767537065722505, 'recall_weighted': 0.767537065722505, 'recall_binary': 0.8613775065387969, 'roc_auc': 0.8729862238634168}
-----------------------
Epoch 20/100
Training statistic: Loss: 0.0659, train_score: {'accuracy': 0.97352, 'balanced_accuracy': 0.9698246574073232, 'f1_macro': 0.9581838817687789, 'f1_micro': 0.97352, 'f1_weighted': 0.9738411063064265, 'f1_binary': 0.9328600405679514, 'pr_auc': 0.9828664216803131, 'precision_macro': 0.9475696785434831, 'precision_micro': 0.97352, 'precision_weighted': 0.9746299307699813, 'precision_binary': 0.9038026923454849, 'recall_macro': 0.9698246574073232, 'recall_micro': 0.97352, 'recall_weighted': 0.97352, 'recall_binary': 0.9638478465891229, 'roc_auc': 0.9962343842836296}
Validation statistic: Loss: 0.7074, dev_score: {'accuracy': 0.7699712325735782, 'balanced_accuracy': 0.8048565105724133, 'f1_macro': 0.5897858118912938, 'f1_micro': 0.7699712325735782, 'f1_weighted': 0.8271552867834318, 'f1_binary': 0.31791338582677164, 'pr_auc': 0.30873155113183576, 'precision_macro': 0.5911186461163408, 'precision_micro': 0.7699712325735782, 'precision_weighted': 0.9362704582303197, 'precision_binary': 0.1957971307334815, 'recall_macro': 0.8048565105724133, 'recall_micro': 0.7699712325735782, 'recall_weighted': 0.7699712325735782, 'recall_binary': 0.8448125544899738, 'roc_auc': 0.867319524082399}
-----------------------
Epoch 21/100
Training statistic: Loss: 0.0626, train_score: {'accuracy': 0.97546, 'balanced_accuracy': 0.9686613592280758, 'f1_macro': 0.9609249351284659, 'f1_micro': 0.97546, 'f1_weighted': 0.975659711171706, 'f1_binary': 0.9370930530633171, 'pr_auc': 0.9857432570890418, 'precision_macro': 0.9536478264741048, 'precision_micro': 0.97546, 'precision_weighted': 0.9760677470878675, 'precision_binary': 0.9173860670548083, 'recall_macro': 0.9686613592280758, 'recall_micro': 0.97546, 'recall_weighted': 0.97546, 'recall_binary': 0.9576653044116106, 'roc_auc': 0.9968066279671861}
Validation statistic: Loss: 0.7016, dev_score: {'accuracy': 0.7742310245629564, 'balanced_accuracy': 0.8010349444984419, 'f1_macro': 0.5916429288769954, 'f1_micro': 0.7742310245629564, 'f1_weighted': 0.8300482673493903, 'f1_binary': 0.3185840707964602, 'pr_auc': 0.29521506711691625, 'precision_macro': 0.5912211870629498, 'precision_micro': 0.7742310245629564, 'precision_weighted': 0.9353895921422043, 'precision_binary': 0.1970260223048327, 'recall_macro': 0.8010349444984419, 'recall_micro': 0.7742310245629564, 'recall_weighted': 0.7742310245629564, 'recall_binary': 0.8317349607672189, 'roc_auc': 0.8642401984224282}
-----------------------
Epoch 22/100
Training statistic: Loss: 0.0601, train_score: {'accuracy': 0.9768, 'balanced_accuracy': 0.9695094166873741, 'f1_macro': 0.9629635608200167, 'f1_micro': 0.9768, 'f1_weighted': 0.9769598201312304, 'f1_binary': 0.9403261484644272, 'pr_auc': 0.986771635887813, 'precision_macro': 0.956746815595539, 'precision_micro': 0.9768, 'precision_weighted': 0.9772686688357239, 'precision_binary': 0.9235549717057397, 'recall_macro': 0.9695094166873741, 'recall_micro': 0.9768, 'recall_weighted': 0.9768, 'recall_binary': 0.9577176988368438, 'roc_auc': 0.9970361846284488}
Validation statistic: Loss: 0.7245, dev_score: {'accuracy': 0.7745629564062846, 'balanced_accuracy': 0.7999930011814562, 'f1_macro': 0.5915871376038415, 'f1_micro': 0.7745629564062846, 'f1_weighted': 0.8302617695850099, 'f1_binary': 0.3182198427304668, 'pr_auc': 0.2987836638615414, 'precision_macro': 0.5910487450565177, 'precision_micro': 0.7745629564062846, 'precision_weighted': 0.9351815021290013, 'precision_binary': 0.1968944099378882, 'recall_macro': 0.7999930011814562, 'recall_micro': 0.7745629564062846, 'recall_weighted': 0.7745629564062846, 'recall_binary': 0.8291194420226679, 'roc_auc': 0.8624266598233775}
-----------------------
Epoch 23/100
Training statistic: Loss: 0.0592, train_score: {'accuracy': 0.97641, 'balanced_accuracy': 0.9716305219210248, 'f1_macro': 0.9625415389026482, 'f1_micro': 0.97641, 'f1_weighted': 0.9766335929517725, 'f1_binary': 0.9397491890787424, 'pr_auc': 0.9876016819677765, 'precision_macro': 0.9540795360176539, 'precision_micro': 0.97641, 'precision_weighted': 0.9771418406162657, 'precision_binary': 0.9167787910499826, 'recall_macro': 0.9716305219210248, 'recall_micro': 0.97641, 'recall_weighted': 0.97641, 'recall_binary': 0.9639002410143561, 'roc_auc': 0.9972054459996158}
Validation statistic: Loss: 0.7163, dev_score: {'accuracy': 0.7750055321973888, 'balanced_accuracy': 0.8030739748340201, 'f1_macro': 0.5927167147272161, 'f1_micro': 0.7750055321973888, 'f1_weighted': 0.8306131934598934, 'f1_binary': 0.32024068193214106, 'pr_auc': 0.29732248830680413, 'precision_macro': 0.5919113384260544, 'precision_micro': 0.7750055321973888, 'precision_weighted': 0.9357467223026846, 'precision_binary': 0.19809760132340778, 'recall_macro': 0.8030739748340201, 'recall_micro': 0.7750055321973888, 'recall_weighted': 0.7750055321973888, 'recall_binary': 0.8352223190932868, 'roc_auc': 0.8658158595906191}
-----------------------
Epoch 24/100
Training statistic: Loss: 0.0555, train_score: {'accuracy': 0.97724, 'balanced_accuracy': 0.9721634299624226, 'f1_macro': 0.9638027979895151, 'f1_micro': 0.97724, 'f1_weighted': 0.9774384880811686, 'f1_binary': 0.9417485667485668, 'pr_auc': 0.9888335620568094, 'precision_macro': 0.955972942901709, 'precision_micro': 0.97724, 'precision_weighted': 0.9778777141130294, 'precision_binary': 0.9205443810667467, 'recall_macro': 0.9721634299624226, 'recall_micro': 0.97724, 'recall_weighted': 0.97724, 'recall_binary': 0.9639526354395892, 'roc_auc': 0.9974379864895296}
Validation statistic: Loss: 0.7821, dev_score: {'accuracy': 0.7746736003540606, 'balanced_accuracy': 0.8069606108655345, 'f1_macro': 0.5935304046109341, 'f1_micro': 0.7746736003540606, 'f1_weighted': 0.830441145906867, 'f1_binary': 0.3221833915792977, 'pr_auc': 0.3244238873483878, 'precision_macro': 0.592774391893419, 'precision_micro': 0.7746736003540606, 'precision_weighted': 0.9364924603711305, 'precision_binary': 0.19909502262443438, 'recall_macro': 0.8069606108655345, 'recall_micro': 0.7746736003540606, 'recall_weighted': 0.7746736003540606, 'recall_binary': 0.8439407149084568, 'roc_auc': 0.8684412662907287}
-----------------------
Epoch 25/100
Training statistic: Loss: 0.0554, train_score: {'accuracy': 0.97764, 'balanced_accuracy': 0.973971995333178, 'f1_macro': 0.9645186409298421, 'f1_micro': 0.97764, 'f1_weighted': 0.9778592215486299, 'f1_binary': 0.9429417168520976, 'pr_auc': 0.9889198239525382, 'precision_macro': 0.9557388959152946, 'precision_micro': 0.97764, 'precision_weighted': 0.9783842478343053, 'precision_binary': 0.9191125261168043, 'recall_macro': 0.973971995333178, 'recall_micro': 0.97764, 'recall_weighted': 0.97764, 'recall_binary': 0.9680394006077754, 'roc_auc': 0.9974471597552816}
Validation statistic: Loss: 0.7933, dev_score: {'accuracy': 0.7721287895552114, 'balanced_accuracy': 0.8060083801453355, 'f1_macro': 0.5915468936447823, 'f1_micro': 0.7721287895552114, 'f1_weighted': 0.828666743986607, 'f1_binary': 0.31996037642397224, 'pr_auc': 0.3150837162750043, 'precision_macro': 0.5919163351383694, 'precision_micro': 0.7721287895552114, 'precision_weighted': 0.9364067609628122, 'precision_binary': 0.19735234215885947, 'recall_macro': 0.8060083801453355, 'recall_micro': 0.7721287895552114, 'recall_weighted': 0.7721287895552114, 'recall_binary': 0.8448125544899738, 'roc_auc': 0.8646972846180542}
-----------------------
Epoch 26/100
Training statistic: Loss: 0.0542, train_score: {'accuracy': 0.97873, 'balanced_accuracy': 0.9745854965346392, 'f1_macro': 0.9661731297727111, 'f1_micro': 0.97873, 'f1_weighted': 0.9789156933719828, 'f1_binary': 0.9455634325493307, 'pr_auc': 0.9897489921042759, 'precision_macro': 0.9582947539749462, 'precision_micro': 0.97873, 'precision_weighted': 0.9793434727174416, 'precision_binary': 0.9242507629959473, 'recall_macro': 0.9745854965346392, 'recall_micro': 0.97873, 'recall_weighted': 0.97873, 'recall_binary': 0.9678822173320759, 'roc_auc': 0.9976307979614368}
Validation statistic: Loss: 0.8169, dev_score: {'accuracy': 0.7711883159991149, 'balanced_accuracy': 0.808350975866539, 'f1_macro': 0.5915287858962641, 'f1_micro': 0.7711883159991149, 'f1_weighted': 0.8280475299806144, 'f1_binary': 0.32063074901445465, 'pr_auc': 0.31833300894658867, 'precision_macro': 0.5922561058711293, 'precision_micro': 0.7711883159991149, 'precision_weighted': 0.936887316542336, 'precision_binary': 0.19753086419753085, 'recall_macro': 0.808350975866539, 'recall_micro': 0.7711883159991149, 'recall_weighted': 0.7711883159991149, 'recall_binary': 0.8509154315605929, 'roc_auc': 0.865642923367881}
-----------------------
Epoch 27/100
Training statistic: Loss: 0.0500, train_score: {'accuracy': 0.98141, 'balanced_accuracy': 0.9763216470777668, 'f1_macro': 0.9702852442214323, 'f1_micro': 0.98141, 'f1_weighted': 0.981526543848433, 'f1_binary': 0.9521036766031999, 'pr_auc': 0.9919292693969561, 'precision_macro': 0.9645242289982843, 'precision_micro': 0.98141, 'precision_weighted': 0.981767539035183, 'precision_binary': 0.9366350686875855, 'recall_macro': 0.9763216470777668, 'recall_micro': 0.98141, 'recall_weighted': 0.98141, 'recall_binary': 0.9680917950330085, 'roc_auc': 0.9981412557356368}
Validation statistic: Loss: 0.7857, dev_score: {'accuracy': 0.7731799070590839, 'balanced_accuracy': 0.8069759320466734, 'f1_macro': 0.592516855395486, 'f1_micro': 0.7731799070590839, 'f1_weighted': 0.8294082047935337, 'f1_binary': 0.3211920529801324, 'pr_auc': 0.3091393952748618, 'precision_macro': 0.5924080023106634, 'precision_micro': 0.7731799070590839, 'precision_weighted': 0.9365506079487299, 'precision_binary': 0.1982423870835888, 'recall_macro': 0.8069759320466734, 'recall_micro': 0.7731799070590839, 'recall_weighted': 0.7731799070590839, 'recall_binary': 0.8456843940714909, 'roc_auc': 0.8665445040657265}
-----------------------
Epoch 28/100
Training statistic: Loss: 0.0506, train_score: {'accuracy': 0.98137, 'balanced_accuracy': 0.9748556469932406, 'f1_macro': 0.9701394409776471, 'f1_micro': 0.98137, 'f1_weighted': 0.9814617460510086, 'f1_binary': 0.9518268559460088, 'pr_auc': 0.9918682108631458, 'precision_macro': 0.9655925360605397, 'precision_micro': 0.98137, 'precision_weighted': 0.9816299056138387, 'precision_binary': 0.9396538520447235, 'recall_macro': 0.9748556469932406, 'recall_micro': 0.98137, 'recall_weighted': 0.98137, 'recall_binary': 0.9643193964162213, 'roc_auc': 0.998097858123615}
Validation statistic: Loss: 0.7576, dev_score: {'accuracy': 0.775392786014605, 'balanced_accuracy': 0.8012487972872806, 'f1_macro': 0.5924887998576887, 'f1_micro': 0.775392786014605, 'f1_weighted': 0.8308530202976931, 'f1_binary': 0.31947703654039555, 'pr_auc': 0.31559201939869974, 'precision_macro': 0.5915625463769288, 'precision_micro': 0.775392786014605, 'precision_weighted': 0.9353891453295011, 'precision_binary': 0.19775887113509028, 'recall_macro': 0.8012487972872806, 'recall_micro': 0.775392786014605, 'recall_weighted': 0.775392786014605, 'recall_binary': 0.8308631211857018, 'roc_auc': 0.8643390522281296}
-----------------------
Epoch 29/100
Training statistic: Loss: 0.0506, train_score: {'accuracy': 0.97938, 'balanced_accuracy': 0.9779898293972916, 'f1_macro': 0.9673552416986115, 'f1_micro': 0.97938, 'f1_weighted': 0.979605072916206, 'f1_binary': 0.9475424849903328, 'pr_auc': 0.99165275255233, 'precision_macro': 0.9575620487491698, 'precision_micro': 0.97938, 'precision_weighted': 0.9802123323467307, 'precision_binary': 0.9209277025022253, 'recall_macro': 0.9779898293972916, 'recall_micro': 0.97938, 'recall_weighted': 0.97938, 'recall_binary': 0.9757413811170491, 'roc_auc': 0.998025352641471}
Validation statistic: Loss: 0.8396, dev_score: {'accuracy': 0.7710776720513388, 'balanced_accuracy': 0.8062599822645097, 'f1_macro': 0.590902404404867, 'f1_micro': 0.7710776720513388, 'f1_weighted': 0.827941923744365, 'f1_binary': 0.3194078947368421, 'pr_auc': 0.30949429875095585, 'precision_macro': 0.5917232326860213, 'precision_micro': 0.7710776720513388, 'precision_weighted': 0.9364944582723113, 'precision_binary': 0.19683762416379486, 'recall_macro': 0.8062599822645097, 'recall_micro': 0.7710776720513388, 'recall_weighted': 0.7710776720513388, 'recall_binary': 0.8465562336530078, 'roc_auc': 0.8638870387597043}
-----------------------
Epoch 30/100
Training statistic: Loss: 0.0476, train_score: {'accuracy': 0.9823, 'balanced_accuracy': 0.9743894049880721, 'f1_macro': 0.9715195865730925, 'f1_micro': 0.9823, 'f1_weighted': 0.9823532677602527, 'f1_binary': 0.9539972970163219, 'pr_auc': 0.992401071305277, 'precision_macro': 0.9687128297581892, 'precision_micro': 0.9823, 'precision_weighted': 0.9824349395541819, 'precision_binary': 0.9465188241361526, 'recall_macro': 0.9743894049880721, 'recall_micro': 0.9823, 'recall_weighted': 0.9823, 'recall_binary': 0.9615948863040973, 'roc_auc': 0.9982425333424266}
Validation statistic: Loss: 0.8655, dev_score: {'accuracy': 0.7764992254923656, 'balanced_accuracy': 0.8034650383263853, 'f1_macro': 0.5938404336774222, 'f1_micro': 0.7764992254923656, 'f1_weighted': 0.8316494629154552, 'f1_binary': 0.32146456163923415, 'pr_auc': 0.29416706777047086, 'precision_macro': 0.592382789292432, 'precision_micro': 0.7764992254923656, 'precision_weighted': 0.9357679932758108, 'precision_binary': 0.19908466819221968, 'recall_macro': 0.8034650383263853, 'recall_micro': 0.7764992254923656, 'recall_weighted': 0.7764992254923656, 'recall_binary': 0.8343504795117699, 'roc_auc': 0.8608714698131791}
-----------------------
Epoch 31/100
Training statistic: Loss: 0.0467, train_score: {'accuracy': 0.98252, 'balanced_accuracy': 0.9757664561562602, 'f1_macro': 0.9719302208491234, 'f1_micro': 0.98252, 'f1_weighted': 0.9825899985401851, 'f1_binary': 0.954689201099072, 'pr_auc': 0.9928431445212543, 'precision_macro': 0.9682059936232341, 'precision_micro': 0.98252, 'precision_weighted': 0.9827104905791585, 'precision_binary': 0.9447465626923867, 'recall_macro': 0.9757664561562602, 'recall_micro': 0.98252, 'recall_weighted': 0.98252, 'recall_binary': 0.9648433406685528, 'roc_auc': 0.9983130441014458}
Validation statistic: Loss: 0.9108, dev_score: {'accuracy': 0.7745629564062846, 'balanced_accuracy': 0.7995866165079522, 'f1_macro': 0.5914775072539243, 'f1_micro': 0.7745629564062846, 'f1_weighted': 0.8302556709199478, 'f1_binary': 0.3179916317991632, 'pr_auc': 0.2786318444048218, 'precision_macro': 0.5909493396511493, 'precision_micro': 0.7745629564062846, 'precision_weighted': 0.9351049334313802, 'precision_binary': 0.19676884838442418, 'recall_macro': 0.7995866165079522, 'recall_micro': 0.7745629564062846, 'recall_weighted': 0.7745629564062846, 'recall_binary': 0.8282476024411508, 'roc_auc': 0.8559166513326106}
-----------------------
Epoch 32/100
Training statistic: Loss: 0.0473, train_score: {'accuracy': 0.98175, 'balanced_accuracy': 0.9775326373029798, 'f1_macro': 0.9708663006503756, 'f1_micro': 0.98175, 'f1_weighted': 0.9818758941352429, 'f1_binary': 0.9530594922708917, 'pr_auc': 0.992840726179271, 'precision_macro': 0.9645342633622562, 'precision_micro': 0.98175, 'precision_weighted': 0.9821529372596711, 'precision_binary': 0.9360379932299298, 'recall_macro': 0.9775326373029798, 'recall_micro': 0.98175, 'recall_weighted': 0.98175, 'recall_binary': 0.9707115162946662, 'roc_auc': 0.9982952531526204}
Validation statistic: Loss: 0.8718, dev_score: {'accuracy': 0.7751161761451648, 'balanced_accuracy': 0.8023202757215208, 'f1_macro': 0.592589377756961, 'f1_micro': 0.7751161761451648, 'f1_weighted': 0.8306783051197706, 'f1_binary': 0.3198929228710055, 'pr_auc': 0.3141205446142083, 'precision_macro': 0.5917550796224588, 'precision_micro': 0.7751161761451648, 'precision_weighted': 0.9356007100075998, 'precision_binary': 0.1979296066252588, 'recall_macro': 0.8023202757215208, 'recall_micro': 0.7751161761451648, 'recall_weighted': 0.7751161761451648, 'recall_binary': 0.8334786399302528, 'roc_auc': 0.8653029991456704}
Early stopping by loss triggered!
Testing statistic: loss: 0.4262991639404353, scores: {'accuracy': 0.7297070250971333, 'balanced_accuracy': 0.8076453835957993, 'f1_macro': 0.5603003809598431, 'f1_micro': 0.7297070250971333, 'f1_weighted': 0.8000375791003324, 'f1_binary': 0.287375415282392, 'pr_auc': 0.4212177646230432, 'precision_macro': 0.5809363564732473, 'precision_micro': 0.7297070250971333, 'precision_weighted': 0.940920922003709, 'precision_binary': 0.17111770524233433, 'recall_macro': 0.8076453835957993, 'recall_micro': 0.7297070250971333, 'recall_weighted': 0.7297070250971333, 'recall_binary': 0.8963730569948186, 'roc_auc': 0.8881540021812947}
Finish training!
