=====Setting up data=====
Dataset name:census_kdd
train_option:mix
augment_option:dnn
mix_ratio:-1
n_sample:-1
Training dataset size: 263040 samples
Validation dataset size: 18176 samples

=====Setting up parameters for training=====
num_epochs: 100
learning_rate: 0.001
patience: 30
early_stop_criterion: loss
=====Setting up trainer=====
input_size: 372
model: DNN_Census
----------------------------------------------------------------
        Layer (type)               Output Shape         Param #
================================================================
            Linear-1                  [-1, 256]          95,488
       BatchNorm1d-2                  [-1, 256]             512
              ReLU-3                  [-1, 256]               0
           Dropout-4                  [-1, 256]               0
            Linear-5                  [-1, 128]          32,896
       BatchNorm1d-6                  [-1, 128]             256
              ReLU-7                  [-1, 128]               0
           Dropout-8                  [-1, 128]               0
            Linear-9                   [-1, 64]           8,256
      BatchNorm1d-10                   [-1, 64]             128
             ReLU-11                   [-1, 64]               0
          Dropout-12                   [-1, 64]               0
           Linear-13                   [-1, 32]           2,080
      BatchNorm1d-14                   [-1, 32]              64
             ReLU-15                   [-1, 32]               0
          Dropout-16                   [-1, 32]               0
           Linear-17                    [-1, 1]              33
          Sigmoid-18                    [-1, 1]               0
================================================================
Total params: 139,713
Trainable params: 139,713
Non-trainable params: 0
----------------------------------------------------------------
Input size (MB): 0.00
Forward/backward pass size (MB): 0.01
Params size (MB): 0.53
Estimated Total Size (MB): 0.55
----------------------------------------------------------------
=====Setting up output files=====
weight_dir, weight_file: /home/thuy/Research/minh_data_synth/TabularDA/output/corrected_v2/census_kdd/weight/, census_kdd_seed43_ctgan_xonly_dnn_mix.weights.pth
acc_dir, acc_file: /home/thuy/Research/minh_data_synth/TabularDA/output/corrected_v2/census_kdd/acc/, census_kdd_seed43_ctgan_xonly_dnn_mix.epochs.csv
report_file: census_kdd_seed43_ctgan_xonly_dnn_mix.report.txt
==========================================================================================
Start training...
-----------------------
Epoch 1/100
Training statistic: Loss: 0.1375, train_score: {'accuracy': 0.9509358766665906, 'balanced_accuracy': 0.5075905763647013, 'f1_macro': 0.5023781337218949, 'f1_micro': 0.9509358766665906, 'f1_weighted': 0.9277661485821612, 'f1_binary': 0.029924812030075187, 'pr_auc': 0.5880400030634325, 'precision_macro': 0.9680290450646526, 'precision_micro': 0.9509358766665906, 'precision_weighted': 0.9526149989912687, 'precision_binary': 0.9851485148514851, 'recall_macro': 0.5075905763647013, 'recall_micro': 0.9509358766665906, 'recall_weighted': 0.9509358766665906, 'recall_binary': 0.015193159260955871, 'roc_auc': 0.9124034485601518}
Validation statistic: Loss: 0.2113, dev_score: {'accuracy': 0.9372648816109759, 'balanced_accuracy': 0.5056669572798606, 'f1_macro': 0.4950031928480204, 'f1_micro': 0.9372648816109759, 'f1_weighted': 0.9076169296686024, 'f1_binary': 0.022413793103448276, 'pr_auc': 0.5344674655942311, 'precision_macro': 0.968609865470852, 'precision_micro': 0.9372648816109759, 'precision_weighted': 0.9412034092228427, 'precision_binary': 1.0, 'recall_macro': 0.5056669572798606, 'recall_micro': 0.9372648816109759, 'recall_weighted': 0.9372648816109759, 'recall_binary': 0.011333914559721011, 'roc_auc': 0.8822870048110567}
Saving model...
Model saved!
-------------------------------------------
-----------------------
Epoch 2/100
Training statistic: Loss: 0.1406, train_score: {'accuracy': 0.9589294270655075, 'balanced_accuracy': 0.6045074393122172, 'f1_macro': 0.6586021794916674, 'f1_micro': 0.9589294270655075, 'f1_weighted': 0.9469084465675757, 'f1_binary': 0.3383974516049988, 'pr_auc': 0.6296615357728153, 'precision_macro': 0.908187188628232, 'precision_micro': 0.9589294270655075, 'precision_weighted': 0.9550237128410891, 'precision_binary': 0.8561686298822071, 'recall_macro': 0.6045074393122172, 'recall_micro': 0.9589294270655075, 'recall_weighted': 0.9589294270655075, 'recall_binary': 0.21087188883799055, 'roc_auc': 0.9503765440062244}
Validation statistic: Loss: 0.2217, dev_score: {'accuracy': 0.9457844655897323, 'balanced_accuracy': 0.5882412226498248, 'f1_macro': 0.6333861625963023, 'f1_micro': 0.9457844655897323, 'f1_weighted': 0.9288596144626758, 'f1_binary': 0.2949640287769784, 'pr_auc': 0.5702031265767473, 'precision_macro': 0.8953989909584095, 'precision_micro': 0.9457844655897323, 'precision_weighted': 0.9406055606361545, 'precision_binary': 0.8436213991769548, 'recall_macro': 0.5882412226498248, 'recall_micro': 0.9457844655897323, 'recall_weighted': 0.9457844655897323, 'recall_binary': 0.17872711421098517, 'roc_auc': 0.934796915555263}
-----------------------
Epoch 3/100
Training statistic: Loss: 0.1398, train_score: {'accuracy': 0.9607547858625961, 'balanced_accuracy': 0.6293419295772575, 'f1_macro': 0.6892284692577558, 'f1_micro': 0.9607547858625961, 'f1_weighted': 0.9507773829074259, 'f1_binary': 0.3987415520857609, 'pr_auc': 0.6372163699862528, 'precision_macro': 0.9021196492652763, 'precision_micro': 0.9607547858625961, 'precision_weighted': 0.9565983478156865, 'precision_binary': 0.8416133792424988, 'recall_macro': 0.6293419295772575, 'recall_micro': 0.9607547858625961, 'recall_weighted': 0.9607547858625961, 'recall_binary': 0.26126126126126126, 'roc_auc': 0.9522196228359465}
Validation statistic: Loss: 0.2226, dev_score: {'accuracy': 0.9468355830936048, 'balanced_accuracy': 0.6058705461648303, 'f1_macro': 0.6559109906508253, 'f1_micro': 0.9468355830936048, 'f1_weighted': 0.932150201163547, 'f1_binary': 0.3395189003436426, 'pr_auc': 0.5748638210839955, 'precision_macro': 0.875647596437781, 'precision_micro': 0.9468355830936048, 'precision_weighted': 0.9399940343187783, 'precision_binary': 0.801948051948052, 'recall_macro': 0.6058705461648303, 'recall_micro': 0.9468355830936048, 'recall_weighted': 0.9468355830936048, 'recall_binary': 0.2153443766346992, 'roc_auc': 0.9357391038205978}
-----------------------
Epoch 4/100
Training statistic: Loss: 0.1480, train_score: {'accuracy': 0.9622949323476396, 'balanced_accuracy': 0.6495409260768871, 'f1_macro': 0.7122158963936868, 'f1_micro': 0.9622949323476396, 'f1_weighted': 0.9537610825458813, 'f1_binary': 0.44394593685155065, 'pr_auc': 0.6444102816830649, 'precision_macro': 0.9004305671107063, 'precision_micro': 0.9622949323476396, 'precision_weighted': 0.9582120638589301, 'precision_binary': 0.8362560743714346, 'recall_macro': 0.6495409260768871, 'recall_micro': 0.9622949323476396, 'recall_weighted': 0.9622949323476396, 'recall_binary': 0.3021835394716751, 'roc_auc': 0.9524023400383497}
Validation statistic: Loss: 0.2405, dev_score: {'accuracy': 0.9477760566497012, 'balanced_accuracy': 0.6177514140162697, 'f1_macro': 0.6704508224677423, 'f1_micro': 0.9477760566497012, 'f1_weighted': 0.9343964771450838, 'f1_binary': 0.36813922356091033, 'pr_auc': 0.5790098763655477, 'precision_macro': 0.8716611267005345, 'precision_micro': 0.9477760566497012, 'precision_weighted': 0.9407697347121413, 'precision_binary': 0.792507204610951, 'recall_macro': 0.6177514140162697, 'recall_micro': 0.9477760566497012, 'recall_weighted': 0.9477760566497012, 'recall_binary': 0.23975588491717523, 'roc_auc': 0.9351221365935571}
-----------------------
Epoch 5/100
Training statistic: Loss: 0.1552, train_score: {'accuracy': 0.9654702960884082, 'balanced_accuracy': 0.7013109946286272, 'f1_macro': 0.7613431268466804, 'f1_micro': 0.9654702960884082, 'f1_weighted': 0.9600732595490559, 'f1_binary': 0.5406253161995346, 'pr_auc': 0.6471900872844967, 'precision_macro': 0.8855157614875302, 'precision_micro': 0.9654702960884082, 'precision_weighted': 0.9613512727696543, 'precision_binary': 0.8012897420515896, 'recall_macro': 0.7013109946286272, 'recall_micro': 0.9654702960884082, 'recall_weighted': 0.9654702960884082, 'recall_binary': 0.40792487402656896, 'roc_auc': 0.9523733859761472}
Validation statistic: Loss: 0.2555, dev_score: {'accuracy': 0.94921442797079, 'balanced_accuracy': 0.6502173315982032, 'f1_macro': 0.7040709731689166, 'f1_micro': 0.94921442797079, 'f1_weighted': 0.9392310755080345, 'f1_binary': 0.43472906403940886, 'pr_auc': 0.5803657668540282, 'precision_macro': 0.8474628644685477, 'precision_micro': 0.94921442797079, 'precision_weighted': 0.9412511587795154, 'precision_binary': 0.740041928721174, 'recall_macro': 0.6502173315982032, 'recall_micro': 0.94921442797079, 'recall_weighted': 0.94921442797079, 'recall_binary': 0.3077593722755013, 'roc_auc': 0.9337947815593544}
-----------------------
Epoch 6/100
Training statistic: Loss: 0.1447, train_score: {'accuracy': 0.9667974840471247, 'balanced_accuracy': 0.7380373622288545, 'f1_macro': 0.7874375646263533, 'f1_micro': 0.9667974840471247, 'f1_weighted': 0.9632430014521363, 'f1_binary': 0.592180858517446, 'pr_auc': 0.6508934023028543, 'precision_macro': 0.8680909459205681, 'precision_micro': 0.9667974840471247, 'precision_weighted': 0.9629612560856744, 'precision_binary': 0.7627241005895801, 'recall_macro': 0.7380373622288545, 'recall_micro': 0.9667974840471247, 'recall_weighted': 0.9667974840471247, 'recall_binary': 0.4839670178653229, 'roc_auc': 0.9550438953831349}
Validation statistic: Loss: 0.2388, dev_score: {'accuracy': 0.9493250719185661, 'balanced_accuracy': 0.6754722515899652, 'f1_macro': 0.7243745080558487, 'f1_micro': 0.9493250719185661, 'f1_weighted': 0.9417762103755918, 'f1_binary': 0.4753722794959908, 'pr_auc': 0.5813853700155578, 'precision_macro': 0.825468875239129, 'precision_micro': 0.9493250719185661, 'precision_weighted': 0.9412822711388136, 'precision_binary': 0.6928213689482471, 'recall_macro': 0.6754722515899652, 'recall_micro': 0.9493250719185661, 'recall_weighted': 0.9493250719185661, 'recall_binary': 0.3618134263295554, 'roc_auc': 0.9351772928456572}
-----------------------
Epoch 7/100
Training statistic: Loss: 0.1514, train_score: {'accuracy': 0.9674781907652056, 'balanced_accuracy': 0.7552158525405939, 'f1_macro': 0.798551609619965, 'f1_micro': 0.9674781907652056, 'f1_weighted': 0.9646468700888733, 'f1_binary': 0.6140794223826714, 'pr_auc': 0.6574387252595479, 'precision_macro': 0.8630191723742153, 'precision_micro': 0.9674781907652056, 'precision_weighted': 0.964034308702568, 'precision_binary': 0.7508276318693445, 'recall_macro': 0.7552158525405939, 'recall_micro': 0.9674781907652056, 'recall_weighted': 0.9674781907652056, 'recall_binary': 0.5194686211635364, 'roc_auc': 0.9551092968188987}
Validation statistic: Loss: 0.2527, dev_score: {'accuracy': 0.9494910378402301, 'balanced_accuracy': 0.6885651664938592, 'f1_macro': 0.7340797337605016, 'f1_micro': 0.9494910378402301, 'f1_weighted': 0.943042866158699, 'f1_binary': 0.49474266740453793, 'pr_auc': 0.5854467700148093, 'precision_macro': 0.8185399006138556, 'precision_micro': 0.9494910378402301, 'precision_weighted': 0.9418790536161619, 'precision_binary': 0.6772727272727272, 'recall_macro': 0.6885651664938592, 'recall_micro': 0.9494910378402301, 'recall_weighted': 0.9494910378402301, 'recall_binary': 0.3897122929380994, 'roc_auc': 0.9349470631304247}
-----------------------
Epoch 8/100
Training statistic: Loss: 0.1485, train_score: {'accuracy': 0.9678850936637233, 'balanced_accuracy': 0.7596983450705842, 'f1_macro': 0.8021727289142102, 'f1_micro': 0.9678850936637233, 'f1_weighted': 0.9651949779919348, 'f1_binary': 0.6211135537709184, 'pr_auc': 0.6628343108791621, 'precision_macro': 0.8643955789455253, 'precision_micro': 0.9678850936637233, 'precision_weighted': 0.9645787437250202, 'precision_binary': 0.7531280600587531, 'recall_macro': 0.7596983450705842, 'recall_micro': 0.9678850936637233, 'recall_weighted': 0.9678850936637233, 'recall_binary': 0.5284776301725455, 'roc_auc': 0.9561580554639253}
Validation statistic: Loss: 0.2475, dev_score: {'accuracy': 0.9496016817880062, 'balanced_accuracy': 0.6878114673813598, 'f1_macro': 0.7338247857055145, 'f1_micro': 0.9496016817880062, 'f1_weighted': 0.9430653985456917, 'f1_binary': 0.49416990560799556, 'pr_auc': 0.5914795516330262, 'precision_macro': 0.8200671266285342, 'precision_micro': 0.9496016817880062, 'precision_weighted': 0.9419847285802748, 'precision_binary': 0.6804281345565749, 'recall_macro': 0.6878114673813598, 'recall_micro': 0.9496016817880062, 'recall_weighted': 0.9496016817880062, 'recall_binary': 0.38796861377506536, 'roc_auc': 0.9355659873486698}
-----------------------
Epoch 9/100
Training statistic: Loss: 0.1510, train_score: {'accuracy': 0.9678014313855234, 'balanced_accuracy': 0.7646099780616891, 'f1_macro': 0.8041417466846239, 'f1_micro': 0.9678014313855234, 'f1_weighted': 0.9653428969939013, 'f1_binary': 0.6251051582909011, 'pr_auc': 0.6645383742681836, 'precision_macro': 0.8601229994880999, 'precision_micro': 0.9678014313855234, 'precision_weighted': 0.9646141695727982, 'precision_binary': 0.7440708337725308, 'recall_macro': 0.7646099780616891, 'recall_micro': 0.9678014313855234, 'recall_weighted': 0.9678014313855234, 'recall_binary': 0.5389372423270729, 'roc_auc': 0.9567334188509803}
Validation statistic: Loss: 0.2529, dev_score: {'accuracy': 0.9500995795529984, 'balanced_accuracy': 0.6962049769067313, 'f1_macro': 0.7406799350576643, 'f1_micro': 0.9500995795529984, 'f1_weighted': 0.9441434187701345, 'f1_binary': 0.50764192139738, 'pr_auc': 0.5909305636474367, 'precision_macro': 0.8198082152569057, 'precision_micro': 0.9500995795529984, 'precision_weighted': 0.9428932332935953, 'precision_binary': 0.6788321167883211, 'recall_macro': 0.6962049769067313, 'recall_micro': 0.9500995795529984, 'recall_weighted': 0.9500995795529984, 'recall_binary': 0.40540540540540543, 'roc_auc': 0.9339147760200393}
-----------------------
Epoch 10/100
Training statistic: Loss: 0.1474, train_score: {'accuracy': 0.9683148135472045, 'balanced_accuracy': 0.765386542519167, 'f1_macro': 0.8063882573514389, 'f1_micro': 0.9683148135472045, 'f1_weighted': 0.9658113499656945, 'f1_binary': 0.629326452531364, 'pr_auc': 0.6704539837818314, 'precision_macro': 0.8651457999337728, 'precision_micro': 0.9683148135472045, 'precision_weighted': 0.9651732963391986, 'precision_binary': 0.7540511727078891, 'recall_macro': 0.765386542519167, 'recall_micro': 0.9683148135472045, 'recall_weighted': 0.9683148135472045, 'recall_binary': 0.540006107802718, 'roc_auc': 0.9596106846485459}
Validation statistic: Loss: 0.2481, dev_score: {'accuracy': 0.9502655454746626, 'balanced_accuracy': 0.6946680435644782, 'f1_macro': 0.7400644828775571, 'f1_micro': 0.9502655454746626, 'f1_weighted': 0.9441489596482442, 'f1_binary': 0.5063152114222954, 'pr_auc': 0.5964986523465338, 'precision_macro': 0.8222777524463405, 'precision_micro': 0.9502655454746626, 'precision_weighted': 0.943027594003788, 'precision_binary': 0.6839762611275965, 'recall_macro': 0.6946680435644782, 'recall_micro': 0.9502655454746626, 'recall_weighted': 0.9502655454746626, 'recall_binary': 0.4019180470793374, 'roc_auc': 0.9377487277883428}
-----------------------
Epoch 11/100
Training statistic: Loss: 0.1458, train_score: {'accuracy': 0.9683946729945772, 'balanced_accuracy': 0.7717587840987513, 'f1_macro': 0.8095376573229527, 'f1_micro': 0.9683946729945772, 'f1_weighted': 0.9661529273465118, 'f1_binary': 0.6355943350725655, 'pr_auc': 0.6747967093675608, 'precision_macro': 0.8617122068210805, 'precision_micro': 0.9683946729945772, 'precision_weighted': 0.9654256252835929, 'precision_binary': 0.7465238438562158, 'recall_macro': 0.7717587840987513, 'recall_micro': 0.9683946729945772, 'recall_weighted': 0.9683946729945772, 'recall_binary': 0.5533669262482822, 'roc_auc': 0.9603841467923155}
Validation statistic: Loss: 0.2470, dev_score: {'accuracy': 0.9496570037618942, 'balanced_accuracy': 0.6996261580302328, 'f1_macro': 0.74184539776766, 'f1_micro': 0.9496570037618942, 'f1_weighted': 0.9440702569242148, 'f1_binary': 0.5102260495156081, 'pr_auc': 0.5983166473641367, 'precision_macro': 0.8139552740186198, 'precision_micro': 0.9496570037618942, 'precision_weighted': 0.9425516892226764, 'precision_binary': 0.6666666666666666, 'recall_macro': 0.6996261580302328, 'recall_micro': 0.9496570037618942, 'recall_weighted': 0.9496570037618942, 'recall_binary': 0.4132519616390584, 'roc_auc': 0.9370681068473937}
-----------------------
Epoch 12/100
Training statistic: Loss: 0.1528, train_score: {'accuracy': 0.9686114343517315, 'balanced_accuracy': 0.7733197532843117, 'f1_macro': 0.8110258461768667, 'f1_micro': 0.9686114343517315, 'f1_weighted': 0.9664025113852105, 'f1_binary': 0.6384581690757775, 'pr_auc': 0.675277619324641, 'precision_macro': 0.8629630695459058, 'precision_micro': 0.9686114343517315, 'precision_weighted': 0.9656905693266682, 'precision_binary': 0.7488697081792026, 'recall_macro': 0.7733197532843117, 'recall_micro': 0.9686114343517315, 'recall_weighted': 0.9686114343517315, 'recall_binary': 0.5564208276072683, 'roc_auc': 0.9604864386583607}
Validation statistic: Loss: 0.2607, dev_score: {'accuracy': 0.9503208674485506, 'balanced_accuracy': 0.701199733457798, 'f1_macro': 0.7444690162396337, 'f1_micro': 0.9503208674485506, 'f1_weighted': 0.9447127240662564, 'f1_binary': 0.5151187904967602, 'pr_auc': 0.5984286416779726, 'precision_macro': 0.819012857085115, 'precision_micro': 0.9503208674485506, 'precision_weighted': 0.9433560119846555, 'precision_binary': 0.676595744680851, 'recall_macro': 0.701199733457798, 'recall_micro': 0.9503208674485506, 'recall_weighted': 0.9503208674485506, 'recall_binary': 0.41586748038360943, 'roc_auc': 0.9376640106691042}
-----------------------
Epoch 13/100
Training statistic: Loss: 0.1470, train_score: {'accuracy': 0.9689422806337037, 'balanced_accuracy': 0.77551951798196, 'f1_macro': 0.8132129479301986, 'f1_micro': 0.9689422806337037, 'f1_weighted': 0.9667753646314114, 'f1_binary': 0.6426602493983811, 'pr_auc': 0.6788681861645338, 'precision_macro': 0.8649828532030985, 'precision_micro': 0.9689422806337037, 'precision_weighted': 0.966088870894904, 'precision_binary': 0.7526903761402071, 'recall_macro': 0.77551951798196, 'recall_micro': 0.9689422806337037, 'recall_weighted': 0.9689422806337037, 'recall_binary': 0.5606962895098488, 'roc_auc': 0.9605907665992013}
Validation statistic: Loss: 0.2515, dev_score: {'accuracy': 0.9505421553441027, 'balanced_accuracy': 0.7041625666413442, 'f1_macro': 0.7468996826524503, 'f1_micro': 0.9505421553441027, 'f1_weighted': 0.9451163783487412, 'f1_binary': 0.5198711063372717, 'pr_auc': 0.6004770387942189, 'precision_macro': 0.8193670162565964, 'precision_micro': 0.9505421553441027, 'precision_weighted': 0.9437335935171408, 'precision_binary': 0.676923076923077, 'recall_macro': 0.7041625666413442, 'recall_micro': 0.9505421553441027, 'recall_weighted': 0.9505421553441027, 'recall_binary': 0.4219703574542284, 'roc_auc': 0.9367224919007602}
-----------------------
Epoch 14/100
Training statistic: Loss: 0.1493, train_score: {'accuracy': 0.9691134080209308, 'balanced_accuracy': 0.770219837887734, 'f1_macro': 0.8115403694146368, 'f1_micro': 0.9691134080209308, 'f1_weighted': 0.9666991885398512, 'f1_binary': 0.6392146410803127, 'pr_auc': 0.6801440279868043, 'precision_macro': 0.8705028220375965, 'precision_micro': 0.9691134080209308, 'precision_weighted': 0.9661373260433069, 'precision_binary': 0.7642872317824516, 'recall_macro': 0.770219837887734, 'recall_micro': 0.9691134080209308, 'recall_weighted': 0.9691134080209308, 'recall_binary': 0.5493205069476256, 'roc_auc': 0.9614908607702043}
Validation statistic: Loss: 0.2558, dev_score: {'accuracy': 0.9500995795529984, 'balanced_accuracy': 0.6966113615802354, 'f1_macro': 0.7409476305486633, 'f1_micro': 0.9500995795529984, 'f1_weighted': 0.9441760543380007, 'f1_binary': 0.5081788440567067, 'pr_auc': 0.6023282072555265, 'precision_macro': 0.819574405107949, 'precision_micro': 0.9500995795529984, 'precision_weighted': 0.9429098321880454, 'precision_binary': 0.6783114992721979, 'recall_macro': 0.6966113615802354, 'recall_micro': 0.9500995795529984, 'recall_weighted': 0.9500995795529984, 'recall_binary': 0.4062772449869224, 'roc_auc': 0.9380991322134502}
-----------------------
Epoch 15/100
Training statistic: Loss: 0.1489, train_score: {'accuracy': 0.9688586183555038, 'balanced_accuracy': 0.7761266022440441, 'f1_macro': 0.8131623364274909, 'f1_micro': 0.9688586183555038, 'f1_weighted': 0.9667292577100953, 'f1_binary': 0.6426046349234059, 'pr_auc': 0.6825424635757817, 'precision_macro': 0.8637088211333885, 'precision_micro': 0.9688586183555038, 'precision_weighted': 0.9660212867733017, 'precision_binary': 0.7500764136525726, 'recall_macro': 0.7761266022440441, 'recall_micro': 0.9688586183555038, 'recall_weighted': 0.9688586183555038, 'recall_binary': 0.5620705451213925, 'roc_auc': 0.9620498069196703}
Validation statistic: Loss: 0.2535, dev_score: {'accuracy': 0.9503761894224386, 'balanced_accuracy': 0.7036675766160769, 'f1_macro': 0.7461792627589239, 'f1_micro': 0.9503761894224386, 'f1_weighted': 0.9449478988289658, 'f1_binary': 0.5185185185185185, 'pr_auc': 0.6034814553151349, 'precision_macro': 0.8181660788301625, 'precision_micro': 0.9503761894224386, 'precision_weighted': 0.9435289702845785, 'precision_binary': 0.6745810055865922, 'recall_macro': 0.7036675766160769, 'recall_micro': 0.9503761894224386, 'recall_weighted': 0.9503761894224386, 'recall_binary': 0.4210985178727114, 'roc_auc': 0.9381962092771374}
-----------------------
Epoch 16/100
Training statistic: Loss: 0.1536, train_score: {'accuracy': 0.9694480571337304, 'balanced_accuracy': 0.7692384079752028, 'f1_macro': 0.8123716982557632, 'f1_micro': 0.9694480571337304, 'f1_weighted': 0.9669437350056687, 'f1_binary': 0.6406976744186047, 'pr_auc': 0.6854507566487, 'precision_macro': 0.8749906544020873, 'precision_micro': 0.9694480571337304, 'precision_weighted': 0.9664833904544203, 'precision_binary': 0.7733750809760311, 'recall_macro': 0.7692384079752028, 'recall_micro': 0.9694480571337304, 'recall_weighted': 0.9694480571337304, 'recall_binary': 0.5468773858604367, 'roc_auc': 0.9618535954318045}
Validation statistic: Loss: 0.2643, dev_score: {'accuracy': 0.9503208674485506, 'balanced_accuracy': 0.6930720399877163, 'f1_macro': 0.7391323744762478, 'f1_micro': 0.9503208674485506, 'f1_weighted': 0.9440620840242606, 'f1_binary': 0.5044150110375276, 'pr_auc': 0.6051300794383989, 'precision_macro': 0.8237939631112126, 'precision_micro': 0.9503208674485506, 'precision_weighted': 0.9430372214566006, 'precision_binary': 0.687218045112782, 'recall_macro': 0.6930720399877163, 'recall_micro': 0.9503208674485506, 'recall_weighted': 0.9503208674485506, 'recall_binary': 0.3984306887532694, 'roc_auc': 0.9388162922401745}
-----------------------
Epoch 17/100
Training statistic: Loss: 0.1528, train_score: {'accuracy': 0.9695507335660666, 'balanced_accuracy': 0.7627813552560683, 'f1_macro': 0.8098548923621219, 'f1_micro': 0.9695507335660666, 'f1_weighted': 0.9667522841040402, 'f1_binary': 0.635598234196514, 'pr_auc': 0.6874739481197578, 'precision_macro': 0.8813751707646771, 'precision_micro': 0.9695507335660666, 'precision_weighted': 0.9665136440132692, 'precision_binary': 0.7868169014084507, 'recall_macro': 0.7627813552560683, 'recall_micro': 0.9695507335660666, 'recall_weighted': 0.9695507335660666, 'recall_binary': 0.5331348297449993, 'roc_auc': 0.9626734718919953}
Validation statistic: Loss: 0.2640, dev_score: {'accuracy': 0.9501549015268865, 'balanced_accuracy': 0.688106818553904, 'f1_macro': 0.735353750732586, 'f1_micro': 0.9501549015268865, 'f1_weighted': 0.9435202697277134, 'f1_binary': 0.496929089893914, 'pr_auc': 0.6043196306463872, 'precision_macro': 0.8253615112066337, 'precision_micro': 0.9501549015268865, 'precision_weighted': 0.9426768129718369, 'precision_binary': 0.6909937888198758, 'recall_macro': 0.688106818553904, 'recall_micro': 0.9501549015268865, 'recall_weighted': 0.9501549015268865, 'recall_binary': 0.38796861377506536, 'roc_auc': 0.9379554993590082}
-----------------------
Epoch 18/100
Training statistic: Loss: 0.1501, train_score: {'accuracy': 0.9695697477202029, 'balanced_accuracy': 0.7672406001416305, 'f1_macro': 0.8119452962162914, 'f1_micro': 0.9695697477202029, 'f1_weighted': 0.9669626209075666, 'f1_binary': 0.6397767173854326, 'pr_auc': 0.6887047702250698, 'precision_macro': 0.8779518467967766, 'precision_micro': 0.9695697477202029, 'precision_weighted': 0.966588319358522, 'precision_binary': 0.7795085563843791, 'recall_macro': 0.7672406001416305, 'recall_micro': 0.9695697477202029, 'recall_weighted': 0.9695697477202029, 'recall_binary': 0.5425255764238816, 'roc_auc': 0.9633253442995604}
Validation statistic: Loss: 0.2601, dev_score: {'accuracy': 0.9510400531090949, 'balanced_accuracy': 0.6954879198795441, 'f1_macro': 0.7425049962989216, 'f1_micro': 0.9510400531090949, 'f1_weighted': 0.9448225881461063, 'f1_binary': 0.5107794361525705, 'pr_auc': 0.6039538678829457, 'precision_macro': 0.8292745150358238, 'precision_micro': 0.9510400531090949, 'precision_weighted': 0.9439893981466383, 'precision_binary': 0.6978851963746223, 'recall_macro': 0.6954879198795441, 'recall_micro': 0.9510400531090949, 'recall_weighted': 0.9510400531090949, 'recall_binary': 0.4027898866608544, 'roc_auc': 0.9388060437862362}
-----------------------
Epoch 19/100
Training statistic: Loss: 0.1522, train_score: {'accuracy': 0.9697446779382572, 'balanced_accuracy': 0.7775695182026938, 'f1_macro': 0.8171142316297556, 'f1_micro': 0.9697446779382572, 'f1_weighted': 0.9675450733745925, 'f1_binary': 0.6500395882818686, 'pr_auc': 0.688791258740045, 'precision_macro': 0.8721378882446316, 'precision_micro': 0.9697446779382572, 'precision_weighted': 0.9669713617913548, 'precision_binary': 0.7668119551681195, 'recall_macro': 0.7775695182026938, 'recall_micro': 0.9697446779382572, 'recall_weighted': 0.9697446779382572, 'recall_binary': 0.5641319285387082, 'roc_auc': 0.962173800773304}
Validation statistic: Loss: 0.2647, dev_score: {'accuracy': 0.9509847311352069, 'balanced_accuracy': 0.701960539538355, 'f1_macro': 0.7465888553335163, 'f1_micro': 0.9509847311352069, 'f1_weighted': 0.9452937778358129, 'f1_binary': 0.5190010857763301, 'pr_auc': 0.606043838751147, 'precision_macro': 0.8246397393333248, 'precision_micro': 0.9509847311352069, 'precision_weighted': 0.9441397189939568, 'precision_binary': 0.6877697841726619, 'recall_macro': 0.701960539538355, 'recall_micro': 0.9509847311352069, 'recall_weighted': 0.9509847311352069, 'recall_binary': 0.4167393199651264, 'roc_auc': 0.9386955767827302}
-----------------------
Epoch 20/100
Training statistic: Loss: 0.1632, train_score: {'accuracy': 0.9696343958442665, 'balanced_accuracy': 0.7542886271038454, 'f1_macro': 0.8062061302627999, 'f1_micro': 0.9696343958442665, 'f1_weighted': 0.9664420753548415, 'f1_binary': 0.6282415382466595, 'pr_auc': 0.6910063598853483, 'precision_macro': 0.8900441625867388, 'precision_micro': 0.9696343958442665, 'precision_weighted': 0.9665846222433261, 'precision_binary': 0.8050351986636439, 'recall_macro': 0.7542886271038454, 'recall_micro': 0.9696343958442665, 'recall_weighted': 0.9696343958442665, 'recall_binary': 0.5151168117269812, 'roc_auc': 0.9639180643572287}
Validation statistic: Loss: 0.2811, dev_score: {'accuracy': 0.9502655454746626, 'balanced_accuracy': 0.6808509646653393, 'f1_macro': 0.730515189793041, 'f1_micro': 0.9502655454746626, 'f1_weighted': 0.9429822677423978, 'f1_binary': 0.48716486023958927, 'pr_auc': 0.6077489296910377, 'precision_macro': 0.831703476586926, 'precision_micro': 0.9502655454746626, 'precision_weighted': 0.942658562639242, 'precision_binary': 0.7046204620462047, 'recall_macro': 0.6808509646653393, 'recall_micro': 0.9502655454746626, 'recall_weighted': 0.9502655454746626, 'recall_binary': 0.3722755013077594, 'roc_auc': 0.9387817616453723}
-----------------------
Epoch 21/100
Training statistic: Loss: 0.1508, train_score: {'accuracy': 0.9697941147390117, 'balanced_accuracy': 0.7667799015142478, 'f1_macro': 0.8125978745503097, 'f1_micro': 0.9697941147390117, 'f1_weighted': 0.9671356570710734, 'f1_binary': 0.6409618948605523, 'pr_auc': 0.6917498353591517, 'precision_macro': 0.8809680781403488, 'precision_micro': 0.9697941147390117, 'precision_weighted': 0.9668396784756489, 'precision_binary': 0.785595567867036, 'recall_macro': 0.7667799015142478, 'recall_micro': 0.9697941147390117, 'recall_weighted': 0.9697941147390117, 'recall_binary': 0.5413040158802871, 'roc_auc': 0.9635170847340098}
Validation statistic: Loss: 0.2637, dev_score: {'accuracy': 0.9509847311352069, 'balanced_accuracy': 0.692613692047761, 'f1_macro': 0.7404463574245921, 'f1_micro': 0.9509847311352069, 'f1_weighted': 0.9445444295315283, 'f1_binary': 0.5066815144766147, 'pr_auc': 0.6076605926063852, 'precision_macro': 0.8306850420636451, 'precision_micro': 0.9509847311352069, 'precision_weighted': 0.9438433263005856, 'precision_binary': 0.7010785824345146, 'recall_macro': 0.692613692047761, 'recall_micro': 0.9509847311352069, 'recall_weighted': 0.9509847311352069, 'recall_binary': 0.3966870095902354, 'roc_auc': 0.937966365810169}
-----------------------
Epoch 22/100
Training statistic: Loss: 0.1586, train_score: {'accuracy': 0.9699500308029297, 'balanced_accuracy': 0.7623041886687412, 'f1_macro': 0.8111727120617647, 'f1_micro': 0.9699500308029297, 'f1_weighted': 0.9670751665226851, 'f1_binary': 0.638021071919377, 'pr_auc': 0.6935548879399006, 'precision_macro': 0.8866992907850746, 'precision_micro': 0.9699500308029297, 'precision_weighted': 0.9669889253689306, 'precision_binary': 0.7975263398992213, 'recall_macro': 0.7623041886687412, 'recall_micro': 0.9699500308029297, 'recall_weighted': 0.9699500308029297, 'recall_binary': 0.5316842265994809, 'roc_auc': 0.9639167995066824}
Validation statistic: Loss: 0.2770, dev_score: {'accuracy': 0.9505421553441027, 'balanced_accuracy': 0.6870944103541727, 'f1_macro': 0.7355899110970354, 'f1_micro': 0.9505421553441027, 'f1_weighted': 0.9437366971264388, 'f1_binary': 0.49718785151856015, 'pr_auc': 0.6065860162541313, 'precision_macro': 0.8300313550533962, 'precision_micro': 0.9505421553441027, 'precision_weighted': 0.9431455129092265, 'precision_binary': 0.7004754358161648, 'recall_macro': 0.6870944103541727, 'recall_micro': 0.9505421553441027, 'recall_weighted': 0.9505421553441027, 'recall_binary': 0.3853530950305144, 'roc_auc': 0.9373266871852046}
-----------------------
Epoch 23/100
Training statistic: Loss: 0.1523, train_score: {'accuracy': 0.9698853826788661, 'balanced_accuracy': 0.762270170162674, 'f1_macro': 0.8109073507284212, 'f1_micro': 0.9698853826788661, 'f1_weighted': 0.9670178901506016, 'f1_binary': 0.6375246029203094, 'pr_auc': 0.6946725623679088, 'precision_macro': 0.8859236556117515, 'precision_micro': 0.9698853826788661, 'precision_weighted': 0.9669102046404174, 'precision_binary': 0.7959766830494913, 'recall_macro': 0.762270170162674, 'recall_micro': 0.9698853826788661, 'recall_weighted': 0.9698853826788661, 'recall_binary': 0.5316842265994809, 'roc_auc': 0.9646025023503761}
Validation statistic: Loss: 0.2675, dev_score: {'accuracy': 0.9507634432396548, 'balanced_accuracy': 0.6896508588642148, 'f1_macro': 0.7378910208330469, 'f1_micro': 0.9507634432396548, 'f1_weighted': 0.9441250644439176, 'f1_binary': 0.5016797312430011, 'pr_auc': 0.6078873797448376, 'precision_macro': 0.8305041453502675, 'precision_micro': 0.9507634432396548, 'precision_weighted': 0.9434897531184726, 'precision_binary': 0.701095461658842, 'recall_macro': 0.6896508588642148, 'recall_micro': 0.9507634432396548, 'recall_weighted': 0.9507634432396548, 'recall_binary': 0.3905841325196164, 'roc_auc': 0.9381484947415903}
-----------------------
Epoch 24/100
Training statistic: Loss: 0.1549, train_score: {'accuracy': 0.9701401723442931, 'balanced_accuracy': 0.7656597841539128, 'f1_macro': 0.8134301617432731, 'f1_micro': 0.9701401723442931, 'f1_weighted': 0.9673857404105087, 'f1_binary': 0.642440801457195, 'pr_auc': 0.6954502912848246, 'precision_macro': 0.8860984685284556, 'precision_micro': 0.9701401723442931, 'precision_weighted': 0.9672368648848952, 'precision_binary': 0.7959828481155495, 'recall_macro': 0.7656597841539128, 'recall_micro': 0.9701401723442931, 'recall_weighted': 0.9701401723442931, 'recall_binary': 0.5385555046571996, 'roc_auc': 0.9639438215360296}
Validation statistic: Loss: 0.2727, dev_score: {'accuracy': 0.9508187652135428, 'balanced_accuracy': 0.6900867786549734, 'f1_macro': 0.7383244215481599, 'f1_micro': 0.9508187652135428, 'f1_weighted': 0.9442048151712844, 'f1_binary': 0.502518186905428, 'pr_auc': 0.607981867108496, 'precision_macro': 0.8307651912709337, 'precision_micro': 0.9508187652135428, 'precision_weighted': 0.9435709488300107, 'precision_binary': 0.7015625, 'recall_macro': 0.6900867786549734, 'recall_micro': 0.9508187652135428, 'recall_weighted': 0.9508187652135428, 'recall_binary': 0.39145597210113336, 'roc_auc': 0.9380156253387719}
-----------------------
Epoch 25/100
Training statistic: Loss: 0.1585, train_score: {'accuracy': 0.9701021440360205, 'balanced_accuracy': 0.7667972989766351, 'f1_macro': 0.8137925944952842, 'f1_micro': 0.9701021440360205, 'f1_weighted': 0.9674019168096767, 'f1_binary': 0.6431878006716892, 'pr_auc': 0.6971223027139908, 'precision_macro': 0.884652689172351, 'precision_micro': 0.9701021440360205, 'precision_weighted': 0.9672000212962709, 'precision_binary': 0.7929722470904208, 'recall_macro': 0.7667972989766351, 'recall_micro': 0.9701021440360205, 'recall_weighted': 0.9701021440360205, 'recall_binary': 0.5409986257443885, 'roc_auc': 0.9647864620977114}
Validation statistic: Loss: 0.2796, dev_score: {'accuracy': 0.9503208674485506, 'balanced_accuracy': 0.6853507311911387, 'f1_macro': 0.7338389834404859, 'f1_micro': 0.9503208674485506, 'f1_weighted': 0.9434155441947049, 'f1_binary': 0.49379932356257045, 'pr_auc': 0.6074586119149207, 'precision_macro': 0.8289659461435253, 'precision_micro': 0.9503208674485506, 'precision_weighted': 0.9428182448021811, 'precision_binary': 0.6985645933014354, 'recall_macro': 0.6853507311911387, 'recall_micro': 0.9503208674485506, 'recall_weighted': 0.9503208674485506, 'recall_binary': 0.3818657367044464, 'roc_auc': 0.938245417305972}
-----------------------
Epoch 26/100
Training statistic: Loss: 0.1457, train_score: {'accuracy': 0.9703721450247564, 'balanced_accuracy': 0.7740653939105219, 'f1_macro': 0.8180234573151728, 'f1_micro': 0.9703721450247564, 'f1_weighted': 0.9679413284909475, 'f1_binary': 0.651518540054569, 'pr_auc': 0.6976647434496656, 'precision_macro': 0.8818327614386827, 'precision_micro': 0.9703721450247564, 'precision_weighted': 0.9675911179299049, 'precision_binary': 0.7865860244086834, 'recall_macro': 0.7740653939105219, 'recall_micro': 0.9703721450247564, 'recall_weighted': 0.9703721450247564, 'recall_binary': 0.556039089937395, 'roc_auc': 0.9647774179350543}
Validation statistic: Loss: 0.2580, dev_score: {'accuracy': 0.9508187652135428, 'balanced_accuracy': 0.6957761640840305, 'f1_macro': 0.7421511992901986, 'f1_micro': 0.9508187652135428, 'f1_weighted': 0.9446720482787122, 'f1_binary': 0.5101928374655648, 'pr_auc': 0.6077326239237184, 'precision_macro': 0.8269107465216625, 'precision_micro': 0.9508187652135428, 'precision_weighted': 0.9437277328415702, 'precision_binary': 0.6931137724550899, 'recall_macro': 0.6957761640840305, 'recall_micro': 0.9508187652135428, 'recall_weighted': 0.9508187652135428, 'recall_binary': 0.4036617262423714, 'roc_auc': 0.938718597179265}
-----------------------
Epoch 27/100
Training statistic: Loss: 0.1565, train_score: {'accuracy': 0.9700717213894022, 'balanced_accuracy': 0.761717115292579, 'f1_macro': 0.8113751914834286, 'f1_micro': 0.9700717213894022, 'f1_weighted': 0.9671543896580461, 'f1_binary': 0.6383604448120577, 'pr_auc': 0.6966945197816341, 'precision_macro': 0.8887580641587665, 'precision_micro': 0.9700717213894022, 'precision_weighted': 0.9671360955708215, 'precision_binary': 0.801708217913204, 'recall_macro': 0.761717115292579, 'recall_micro': 0.9700717213894022, 'recall_weighted': 0.9700717213894022, 'recall_binary': 0.5303099709879371, 'roc_auc': 0.9645972354754236}
Validation statistic: Loss: 0.2758, dev_score: {'accuracy': 0.9501549015268865, 'balanced_accuracy': 0.6836365871453591, 'f1_macro': 0.7322339429609204, 'f1_micro': 0.9501549015268865, 'f1_weighted': 0.943138987916343, 'f1_binary': 0.4906726964386659, 'pr_auc': 0.6060101622550533, 'precision_macro': 0.8284494806191525, 'precision_micro': 0.9501549015268865, 'precision_weighted': 0.9425627739156031, 'precision_binary': 0.6977491961414791, 'recall_macro': 0.6836365871453591, 'recall_micro': 0.9501549015268865, 'recall_weighted': 0.9501549015268865, 'recall_binary': 0.3783783783783784, 'roc_auc': 0.9381801413493548}
-----------------------
Epoch 28/100
Training statistic: Loss: 0.1551, train_score: {'accuracy': 0.9699880591112023, 'balanced_accuracy': 0.7561386715490954, 'f1_macro': 0.8084546779364643, 'f1_micro': 0.9699880591112023, 'f1_weighted': 0.9668320964288615, 'f1_binary': 0.6325542415494925, 'pr_auc': 0.698989230749125, 'precision_macro': 0.8929272189525179, 'precision_micro': 0.9699880591112023, 'precision_weighted': 0.967034605899054, 'precision_binary': 0.8106205250596659, 'recall_macro': 0.7561386715490954, 'recall_micro': 0.9699880591112023, 'recall_weighted': 0.9699880591112023, 'recall_binary': 0.5186287982898152, 'roc_auc': 0.9650878422647383}
Validation statistic: Loss: 0.2723, dev_score: {'accuracy': 0.9508187652135428, 'balanced_accuracy': 0.6819590851848917, 'f1_macro': 0.7326441899236069, 'f1_micro': 0.9508187652135428, 'f1_weighted': 0.9435102042065251, 'f1_binary': 0.4911276473955352, 'pr_auc': 0.6077754783687027, 'precision_macro': 0.8369575417715724, 'precision_micro': 0.9508187652135428, 'precision_weighted': 0.9434376216697223, 'precision_binary': 0.715, 'recall_macro': 0.6819590851848917, 'recall_micro': 0.9508187652135428, 'recall_weighted': 0.9508187652135428, 'recall_binary': 0.37401918047079336, 'roc_auc': 0.9389394539366244}
-----------------------
Epoch 29/100
Training statistic: Loss: 0.1606, train_score: {'accuracy': 0.9703303138856565, 'balanced_accuracy': 0.7601169007538818, 'f1_macro': 0.8116463480845473, 'f1_micro': 0.9703303138856565, 'f1_weighted': 0.9673073739494875, 'f1_binary': 0.63876284841189, 'pr_auc': 0.699726555102546, 'precision_macro': 0.8935821403126412, 'precision_micro': 0.9703303138856565, 'precision_weighted': 0.9674608616768703, 'precision_binary': 0.8115294117647058, 'recall_macro': 0.7601169007538818, 'recall_micro': 0.9703303138856565, 'recall_weighted': 0.9703303138856565, 'recall_binary': 0.5266452893571537, 'roc_auc': 0.9646872603231201}
Validation statistic: Loss: 0.2829, dev_score: {'accuracy': 0.9514273069263112, 'balanced_accuracy': 0.6863478182097311, 'f1_macro': 0.7372368880102338, 'f1_micro': 0.9514273069263112, 'f1_weighted': 0.9443663727733178, 'f1_binary': 0.5, 'pr_auc': 0.608524742656084, 'precision_macro': 0.8401601405907062, 'precision_micro': 0.9514273069263112, 'precision_weighted': 0.94432542823506, 'precision_binary': 0.7208538587848933, 'recall_macro': 0.6863478182097311, 'recall_micro': 0.9514273069263112, 'recall_weighted': 0.9514273069263112, 'recall_binary': 0.3827375762859634, 'roc_auc': 0.9378788934533133}
-----------------------
Epoch 30/100
Training statistic: Loss: 0.1668, train_score: {'accuracy': 0.9701173553593295, 'balanced_accuracy': 0.7538193117871514, 'f1_macro': 0.8078575884956084, 'f1_micro': 0.9701173553593295, 'f1_weighted': 0.9668379152543742, 'f1_binary': 0.6312875375375375, 'pr_auc': 0.7006839318360429, 'precision_macro': 0.8969792938673791, 'precision_micro': 0.9701173553593295, 'precision_weighted': 0.967219529563888, 'precision_binary': 0.8189676162649135, 'recall_macro': 0.7538193117871514, 'recall_micro': 0.9701173553593295, 'recall_weighted': 0.9701173553593295, 'recall_binary': 0.5135898610474882, 'roc_auc': 0.9653019727996955}
Validation statistic: Loss: 0.2935, dev_score: {'accuracy': 0.9509847311352069, 'balanced_accuracy': 0.6800157671691345, 'f1_macro': 0.7316501658858127, 'f1_micro': 0.9509847311352069, 'f1_weighted': 0.9434686770084378, 'f1_binary': 0.48904267589388695, 'pr_auc': 0.6063868807288573, 'precision_macro': 0.8404882971949368, 'precision_micro': 0.9509847311352069, 'precision_weighted': 0.9436627570485245, 'precision_binary': 0.7223168654173765, 'recall_macro': 0.6800157671691345, 'recall_micro': 0.9509847311352069, 'recall_weighted': 0.9509847311352069, 'recall_binary': 0.36965998256320837, 'roc_auc': 0.9377602637364946}
-----------------------
Epoch 31/100
Training statistic: Loss: 0.1582, train_score: {'accuracy': 0.9703721450247564, 'balanced_accuracy': 0.7632859357487725, 'f1_macro': 0.8132604192262922, 'f1_micro': 0.9703721450247564, 'f1_weighted': 0.9674833074829711, 'f1_binary': 0.6419741739809751, 'pr_auc': 0.7008665942282237, 'precision_macro': 0.8911320174116437, 'precision_micro': 0.9703721450247564, 'precision_weighted': 0.9675107569060429, 'precision_binary': 0.8063026665127554, 'recall_macro': 0.7632859357487725, 'recall_micro': 0.9703721450247564, 'recall_weighted': 0.9703721450247564, 'recall_binary': 0.5332875248129485, 'roc_auc': 0.9649576964921598}
Validation statistic: Loss: 0.2808, dev_score: {'accuracy': 0.9509847311352069, 'balanced_accuracy': 0.6861115372716957, 'f1_macro': 0.735983812314426, 'f1_micro': 0.9509847311352069, 'f1_weighted': 0.9439990465487054, 'f1_binary': 0.4977324263038549, 'pr_auc': 0.6086371195875708, 'precision_macro': 0.8354775713008751, 'precision_micro': 0.9509847311352069, 'precision_weighted': 0.9437149538270255, 'precision_binary': 0.7115072933549432, 'recall_macro': 0.6861115372716957, 'recall_micro': 0.9509847311352069, 'recall_weighted': 0.9509847311352069, 'recall_binary': 0.3827375762859634, 'roc_auc': 0.938830119928026}
-----------------------
Epoch 32/100
Training statistic: Loss: 0.1663, train_score: {'accuracy': 0.9702580600999384, 'balanced_accuracy': 0.7583425915076638, 'f1_macro': 0.8105410301193254, 'f1_micro': 0.9702580600999384, 'f1_weighted': 0.9671654738566766, 'f1_binary': 0.6365875191673249, 'pr_auc': 0.7015829813667313, 'precision_macro': 0.8943515496786143, 'precision_micro': 0.9702580600999384, 'precision_weighted': 0.9673743553735518, 'precision_binary': 0.8132494360679093, 'recall_macro': 0.7583425915076638, 'recall_micro': 0.9702580600999384, 'recall_weighted': 0.9702580600999384, 'recall_binary': 0.5229806077263705, 'roc_auc': 0.9655827862737846}
Validation statistic: Loss: 0.2924, dev_score: {'accuracy': 0.9507634432396548, 'balanced_accuracy': 0.6819295500676372, 'f1_macro': 0.7324887984660396, 'f1_micro': 0.9507634432396548, 'f1_weighted': 0.943464450341174, 'f1_binary': 0.49084668192219677, 'pr_auc': 0.6100212616053367, 'precision_macro': 0.8363615243073657, 'precision_micro': 0.9507634432396548, 'precision_weighted': 0.9433599292255468, 'precision_binary': 0.7138103161397671, 'recall_macro': 0.6819295500676372, 'recall_micro': 0.9507634432396548, 'recall_weighted': 0.9507634432396548, 'recall_binary': 0.37401918047079336, 'roc_auc': 0.9389256262487728}
Early stopping by loss triggered!
Testing statistic: loss: 0.1866607065431388, scores: {'accuracy': 0.9400399033917883, 'balanced_accuracy': 0.5069084628670121, 'f1_macro': 0.4981619100962555, 'f1_micro': 0.9400399033917883, 'f1_weighted': 0.9118044138918164, 'f1_binary': 0.027257240204429302, 'pr_auc': 0.5375926704327201, 'precision_macro': 0.9699947451392539, 'precision_micro': 0.9400399033917883, 'precision_weighted': 0.943638139352197, 'precision_binary': 1.0, 'recall_macro': 0.5069084628670121, 'recall_micro': 0.9400399033917883, 'recall_weighted': 0.9400399033917883, 'recall_binary': 0.013816925734024179, 'roc_auc': 0.902465465409796}
Finish training!
