=====Setting up data=====
Dataset name:census_kdd
train_option:original
augment_option:None
mix_ratio:-1
n_sample:-1
Training dataset size: 163072 samples
Validation dataset size: 18176 samples

=====Setting up parameters for training=====
num_epochs: 100
learning_rate: 0.001
patience: 30
early_stop_criterion: loss
=====Setting up trainer=====
input_size: 372
model: DNN_Census
----------------------------------------------------------------
        Layer (type)               Output Shape         Param #
================================================================
            Linear-1                  [-1, 256]          95,488
       BatchNorm1d-2                  [-1, 256]             512
              ReLU-3                  [-1, 256]               0
           Dropout-4                  [-1, 256]               0
            Linear-5                  [-1, 128]          32,896
       BatchNorm1d-6                  [-1, 128]             256
              ReLU-7                  [-1, 128]               0
           Dropout-8                  [-1, 128]               0
            Linear-9                   [-1, 64]           8,256
      BatchNorm1d-10                   [-1, 64]             128
             ReLU-11                   [-1, 64]               0
          Dropout-12                   [-1, 64]               0
           Linear-13                   [-1, 32]           2,080
      BatchNorm1d-14                   [-1, 32]              64
             ReLU-15                   [-1, 32]               0
          Dropout-16                   [-1, 32]               0
           Linear-17                    [-1, 1]              33
          Sigmoid-18                    [-1, 1]               0
================================================================
Total params: 139,713
Trainable params: 139,713
Non-trainable params: 0
----------------------------------------------------------------
Input size (MB): 0.00
Forward/backward pass size (MB): 0.01
Params size (MB): 0.53
Estimated Total Size (MB): 0.55
----------------------------------------------------------------
=====Setting up output files=====
weight_dir, weight_file: /home/thuy/Research/minh_data_synth/TabularDA/output/corrected_v2/census_kdd/weight/, census_kdd_seed43_real_original.weights.pth
acc_dir, acc_file: /home/thuy/Research/minh_data_synth/TabularDA/output/corrected_v2/census_kdd/acc/, census_kdd_seed43_real_original.epochs.csv
report_file: census_kdd_seed43_real_original.report.txt
==========================================================================================
Start training...
-----------------------
Epoch 1/100
Training statistic: Loss: 0.1433, train_score: {'accuracy': 0.9390594126238019, 'balanced_accuracy': 0.5, 'f1_macro': 0.48428604431110817, 'f1_micro': 0.9390594126238019, 'f1_weighted': 0.9095467366253874, 'f1_binary': 0.0, 'pr_auc': 0.42902984158604596, 'precision_macro': 0.46952970631190094, 'precision_micro': 0.9390594126238019, 'precision_weighted': 0.8818325804373598, 'precision_binary': 0.0, 'recall_macro': 0.5, 'recall_micro': 0.9390594126238019, 'recall_weighted': 0.9390594126238019, 'recall_binary': 0.0, 'roc_auc': 0.9322497445849449}
Validation statistic: Loss: 0.1515, dev_score: {'accuracy': 0.9365456959504315, 'balanced_accuracy': 0.5, 'f1_macro': 0.48361662619625767, 'f1_micro': 0.9365456959504315, 'f1_weighted': 0.9058581395083477, 'f1_binary': 0.0, 'pr_auc': 0.42365319006880164, 'precision_macro': 0.46827284797521573, 'precision_micro': 0.9365456959504315, 'precision_weighted': 0.877117840603278, 'precision_binary': 0.0, 'recall_macro': 0.5, 'recall_micro': 0.9365456959504315, 'recall_weighted': 0.9365456959504315, 'recall_binary': 0.0, 'roc_auc': 0.9276999384526267}
Saving model...
Model saved!
-------------------------------------------
-----------------------
Epoch 2/100
Training statistic: Loss: 0.1310, train_score: {'accuracy': 0.9416551097801942, 'balanced_accuracy': 0.5235567930367503, 'f1_macro': 0.530002382683331, 'f1_micro': 0.9416551097801942, 'f1_weighted': 0.9162507123069746, 'f1_binary': 0.09014354066985646, 'pr_auc': 0.5796850784894382, 'precision_macro': 0.9246393194603539, 'precision_micro': 0.9416551097801942, 'precision_weighted': 0.9396769889520237, 'precision_binary': 0.9075144508670521, 'recall_macro': 0.5235567930367503, 'recall_micro': 0.9416551097801942, 'recall_weighted': 0.9416551097801942, 'recall_binary': 0.04742724801127782, 'roc_auc': 0.9425875360632548}
Validation statistic: Loss: 0.1396, dev_score: {'accuracy': 0.9392011506970569, 'balanced_accuracy': 0.5225496886504244, 'f1_macro': 0.527502359631171, 'f1_micro': 0.9392011506970569, 'f1_weighted': 0.9125809064575687, 'f1_binary': 0.08645054031587697, 'pr_auc': 0.5745581911310433, 'precision_macro': 0.9339028064055811, 'precision_micro': 0.9392011506970569, 'precision_weighted': 0.9385575864995507, 'precision_binary': 0.9285714285714286, 'recall_macro': 0.5225496886504244, 'recall_micro': 0.9392011506970569, 'recall_weighted': 0.9392011506970569, 'recall_binary': 0.045335658238884045, 'roc_auc': 0.937032855255832}
Saving model...
Model saved!
-------------------------------------------
-----------------------
Epoch 3/100
Training statistic: Loss: 0.1285, train_score: {'accuracy': 0.94146488138339, 'balanced_accuracy': 0.5217606233025849, 'f1_macro': 0.526674202525088, 'f1_micro': 0.94146488138339, 'f1_weighted': 0.9157622318960149, 'f1_binary': 0.08358151599577289, 'pr_auc': 0.5879651799992034, 'precision_macro': 0.9257995817856646, 'precision_micro': 0.94146488138339, 'precision_weighted': 0.9396367506092543, 'precision_binary': 0.9100418410041841, 'recall_macro': 0.5217606233025849, 'recall_micro': 0.94146488138339, 'recall_weighted': 0.94146488138339, 'recall_binary': 0.04380223542442856, 'roc_auc': 0.9447162392494279}
Validation statistic: Loss: 0.1371, dev_score: {'accuracy': 0.9390351847753928, 'balanced_accuracy': 0.5208355446046448, 'f1_macro': 0.524303202979007, 'f1_micro': 0.9390351847753928, 'f1_weighted': 0.9121038983641571, 'f1_binary': 0.08013355592654424, 'pr_auc': 0.5803680735688859, 'precision_macro': 0.9401027984009138, 'precision_micro': 0.9390351847753928, 'precision_weighted': 0.9391653844564399, 'precision_binary': 0.9411764705882353, 'recall_macro': 0.5208355446046448, 'recall_micro': 0.9390351847753928, 'recall_weighted': 0.9390351847753928, 'recall_binary': 0.041848299912816043, 'roc_auc': 0.9383636350246424}
Saving model...
Model saved!
-------------------------------------------
-----------------------
Epoch 4/100
Training statistic: Loss: 0.1268, train_score: {'accuracy': 0.9421214761723592, 'balanced_accuracy': 0.5280893964895738, 'f1_macro': 0.5382859050346798, 'f1_micro': 0.9421214761723592, 'f1_weighted': 0.9174630386764124, 'f1_binary': 0.10647972716938234, 'pr_auc': 0.5928208796039748, 'precision_macro': 0.920743362264918, 'precision_micro': 0.9421214761723592, 'precision_weighted': 0.9396609942288714, 'precision_binary': 0.8992, 'recall_macro': 0.5280893964895738, 'recall_micro': 0.9421214761723592, 'recall_weighted': 0.9421214761723592, 'recall_binary': 0.05659047427248011, 'roc_auc': 0.9462110668282753}
Validation statistic: Loss: 0.1361, dev_score: {'accuracy': 0.939533082540385, 'balanced_accuracy': 0.5255715920684795, 'f1_macro': 0.5330794146773453, 'f1_micro': 0.939533082540385, 'f1_weighted': 0.9134323222500993, 'f1_binary': 0.09744013212221304, 'pr_auc': 0.5832171946817466, 'precision_macro': 0.9307354125027759, 'precision_micro': 0.939533082540385, 'precision_weighted': 0.9384713623876402, 'precision_binary': 0.921875, 'recall_macro': 0.5255715920684795, 'recall_micro': 0.939533082540385, 'recall_weighted': 0.939533082540385, 'recall_binary': 0.05143853530950305, 'roc_auc': 0.9388051167904026}
Saving model...
Model saved!
-------------------------------------------
-----------------------
Epoch 5/100
Training statistic: Loss: 0.1260, train_score: {'accuracy': 0.9425448877652459, 'balanced_accuracy': 0.5319870876519938, 'f1_macro': 0.5452847622124363, 'f1_micro': 0.9425448877652459, 'f1_weighted': 0.9185009989695515, 'f1_binary': 0.12026684205581133, 'pr_auc': 0.5979934026791194, 'precision_macro': 0.9208064611069753, 'precision_micro': 0.9425448877652459, 'precision_weighted': 0.9400636566572391, 'precision_binary': 0.898876404494382, 'recall_macro': 0.5319870876519938, 'recall_micro': 0.9425448877652459, 'recall_weighted': 0.9425448877652459, 'recall_binary': 0.0644446682106535, 'roc_auc': 0.9473252619529196}
Validation statistic: Loss: 0.1355, dev_score: {'accuracy': 0.9397543704359371, 'balanced_accuracy': 0.5281280405785216, 'f1_macro': 0.5377354146142691, 'f1_micro': 0.9397543704359371, 'f1_weighted': 0.9141169273850804, 'f1_binary': 0.1066447908121411, 'pr_auc': 0.589469823134838, 'precision_macro': 0.9213400108617837, 'precision_micro': 0.9397543704359371, 'precision_weighted': 0.9375465367818867, 'precision_binary': 0.9027777777777778, 'recall_macro': 0.5281280405785216, 'recall_micro': 0.9397543704359371, 'recall_weighted': 0.9397543704359371, 'recall_binary': 0.05666957279860506, 'roc_auc': 0.9400010701651901}
Saving model...
Model saved!
-------------------------------------------
-----------------------
Epoch 6/100
Training statistic: Loss: 0.1254, train_score: {'accuracy': 0.9427044341625656, 'balanced_accuracy': 0.5333432000602104, 'f1_macro': 0.5476971160795694, 'f1_micro': 0.9427044341625656, 'f1_weighted': 0.918865124810727, 'f1_binary': 0.12501171399119107, 'pr_auc': 0.599077042700499, 'precision_macro': 0.9221222119038075, 'precision_micro': 0.9427044341625656, 'precision_weighted': 0.9403614955715122, 'precision_binary': 0.9013513513513514, 'recall_macro': 0.5333432000602104, 'recall_micro': 0.9427044341625656, 'recall_weighted': 0.9427044341625656, 'recall_binary': 0.06716342765079046, 'roc_auc': 0.9475462300790892}
Validation statistic: Loss: 0.1354, dev_score: {'accuracy': 0.9402522682009294, 'balanced_accuracy': 0.5320513186953482, 'f1_macro': 0.5447984399442326, 'f1_micro': 0.9402522682009294, 'f1_weighted': 0.9152312698081448, 'f1_binary': 0.12052117263843648, 'pr_auc': 0.5877001425787046, 'precision_macro': 0.9269762862797966, 'precision_micro': 0.9402522682009294, 'precision_weighted': 0.938672252936005, 'precision_binary': 0.9135802469135802, 'recall_macro': 0.5320513186953482, 'recall_micro': 0.9402522682009294, 'recall_weighted': 0.9402522682009294, 'recall_binary': 0.06451612903225806, 'roc_auc': 0.9390815160481262}
Saving model...
Model saved!
-------------------------------------------
-----------------------
Epoch 7/100
Training statistic: Loss: 0.1248, train_score: {'accuracy': 0.9433058013524626, 'balanced_accuracy': 0.5389834462479045, 'f1_macro': 0.5575696478867264, 'f1_micro': 0.9433058013524626, 'f1_weighted': 0.9203309207385159, 'f1_binary': 0.14445782016853412, 'pr_auc': 0.6041206587305472, 'precision_macro': 0.9210813074896123, 'precision_micro': 0.9433058013524626, 'precision_weighted': 0.9408071896164024, 'precision_binary': 0.8986175115207373, 'recall_macro': 0.5389834462479045, 'recall_micro': 0.9433058013524626, 'recall_weighted': 0.9433058013524626, 'recall_binary': 0.07854193938173397, 'roc_auc': 0.9488780500187523}
Validation statistic: Loss: 0.1364, dev_score: {'accuracy': 0.9408608099136977, 'balanced_accuracy': 0.5368464363936917, 'f1_macro': 0.5532942290980553, 'f1_micro': 0.9408608099136977, 'f1_weighted': 0.9165760357401214, 'f1_binary': 0.13720742534301855, 'pr_auc': 0.5911569695458831, 'precision_macro': 0.9324302761875289, 'precision_micro': 0.9408608099136977, 'precision_weighted': 0.9398665987488075, 'precision_binary': 0.9239130434782609, 'recall_macro': 0.5368464363936917, 'recall_micro': 0.9408608099136977, 'recall_weighted': 0.9408608099136977, 'recall_binary': 0.07410636442894507, 'roc_auc': 0.9394475506529836}
-----------------------
Epoch 8/100
Training statistic: Loss: 0.1228, train_score: {'accuracy': 0.9467299124949374, 'balanced_accuracy': 0.5743747070000838, 'f1_macro': 0.6141558286217754, 'f1_micro': 0.9467299124949374, 'f1_weighted': 0.9287158035201492, 'f1_binary': 0.25593554469872287, 'pr_auc': 0.6075161731496703, 'precision_macro': 0.9038432848448532, 'precision_micro': 0.9467299124949374, 'precision_weighted': 0.9423226654751563, 'precision_binary': 0.8600230414746544, 'recall_macro': 0.5743747070000838, 'recall_micro': 0.9467299124949374, 'recall_weighted': 0.9467299124949374, 'recall_binary': 0.15033732756016513, 'roc_auc': 0.9498984991856504}
Validation statistic: Loss: 0.1348, dev_score: {'accuracy': 0.9443460942686435, 'balanced_accuracy': 0.5712179226610465, 'f1_macro': 0.6090556134972701, 'f1_micro': 0.9443460942686435, 'f1_weighted': 0.9251580249389556, 'f1_binary': 0.2470059880239521, 'pr_auc': 0.5927076488203148, 'precision_macro': 0.9090578330808665, 'precision_micro': 0.9443460942686435, 'precision_weighted': 0.9405257581608472, 'precision_binary': 0.873015873015873, 'recall_macro': 0.5712179226610465, 'recall_micro': 0.9443460942686435, 'recall_weighted': 0.9443460942686435, 'recall_binary': 0.14385353095030515, 'roc_auc': 0.940166744920565}
Saving model...
Model saved!
-------------------------------------------
-----------------------
Epoch 9/100
Training statistic: Loss: 0.1223, train_score: {'accuracy': 0.9462880917023601, 'balanced_accuracy': 0.5686781706649745, 'f1_macro': 0.6057468773298971, 'f1_micro': 0.9462880917023601, 'f1_weighted': 0.927502169507108, 'f1_binary': 0.23933258016859302, 'pr_auc': 0.6122664774704834, 'precision_macro': 0.9103638030296063, 'precision_micro': 0.9462880917023601, 'precision_weighted': 0.9425317881936828, 'precision_binary': 0.873730964467005, 'recall_macro': 0.5686781706649745, 'recall_micro': 0.9462880917023601, 'recall_weighted': 0.9462880917023601, 'recall_binary': 0.13865673144698418, 'roc_auc': 0.9509413793317797}
Validation statistic: Loss: 0.1350, dev_score: {'accuracy': 0.9441248063730914, 'balanced_accuracy': 0.566629550783484, 'f1_macro': 0.6023463723850287, 'f1_micro': 0.9441248063730914, 'f1_weighted': 0.9242193432168464, 'f1_binary': 0.2336874051593323, 'pr_auc': 0.5966589869766198, 'precision_macro': 0.9225627132151331, 'precision_micro': 0.9441248063730914, 'precision_weighted': 0.9417514441398482, 'precision_binary': 0.9005847953216374, 'recall_macro': 0.566629550783484, 'recall_micro': 0.9441248063730914, 'recall_weighted': 0.9441248063730914, 'recall_binary': 0.13426329555361813, 'roc_auc': 0.9399950961920402}
-----------------------
Epoch 10/100
Training statistic: Loss: 0.1229, train_score: {'accuracy': 0.9456683153127723, 'balanced_accuracy': 0.5620865208379704, 'f1_macro': 0.5956081898776144, 'f1_micro': 0.9456683153127723, 'f1_weighted': 0.9259973466496174, 'f1_binary': 0.21936166460941633, 'pr_auc': 0.6134430204060903, 'precision_macro': 0.9139358655288311, 'precision_micro': 0.9456683153127723, 'precision_weighted': 0.9422917638932746, 'precision_binary': 0.8816442239546421, 'recall_macro': 0.5620865208379704, 'recall_micro': 0.9456683153127723, 'recall_weighted': 0.9456683153127723, 'recall_binary': 0.12526432383445776, 'roc_auc': 0.951231553538169}
Validation statistic: Loss: 0.1360, dev_score: {'accuracy': 0.9429077229475548, 'balanced_accuracy': 0.557039315386797, 'f1_macro': 0.5870480877940139, 'f1_micro': 0.9429077229475548, 'f1_weighted': 0.9217427696768019, 'f1_binary': 0.2037037037037037, 'pr_auc': 0.5933393120905224, 'precision_macro': 0.9146437659366491, 'precision_micro': 0.9429077229475548, 'precision_weighted': 0.9397344268403568, 'precision_binary': 0.8859060402684564, 'recall_macro': 0.557039315386797, 'recall_micro': 0.9429077229475548, 'recall_weighted': 0.9429077229475548, 'recall_binary': 0.11508282476024412, 'roc_auc': 0.9397986760748505}
-----------------------
Epoch 11/100
Training statistic: Loss: 0.1214, train_score: {'accuracy': 0.9479142376750408, 'balanced_accuracy': 0.5880464817844904, 'f1_macro': 0.6336362328577577, 'f1_micro': 0.9479142376750408, 'f1_weighted': 0.9316021152259002, 'f1_binary': 0.2943132690389092, 'pr_auc': 0.6157129005560958, 'precision_macro': 0.8966654834176837, 'precision_micro': 0.9479142376750408, 'precision_weighted': 0.9428567608427807, 'precision_binary': 0.844062947067239, 'recall_macro': 0.5880464817844904, 'recall_micro': 0.9479142376750408, 'recall_weighted': 0.9479142376750408, 'recall_binary': 0.1782297855200886, 'roc_auc': 0.9518971521082757}
Validation statistic: Loss: 0.1352, dev_score: {'accuracy': 0.945452533746404, 'balanced_accuracy': 0.5840001652112574, 'f1_macro': 0.6275386727548001, 'f1_micro': 0.945452533746404, 'f1_weighted': 0.9279767897709374, 'f1_binary': 0.28343023255813954, 'pr_auc': 0.5939723134618329, 'precision_macro': 0.8990930429269852, 'precision_micro': 0.945452533746404, 'precision_weighted': 0.9406213369508283, 'precision_binary': 0.851528384279476, 'recall_macro': 0.5840001652112574, 'recall_micro': 0.945452533746404, 'recall_weighted': 0.945452533746404, 'recall_binary': 0.17000871839581516, 'roc_auc': 0.9397469188074734}
-----------------------
Epoch 12/100
Training statistic: Loss: 0.1204, train_score: {'accuracy': 0.9491353812545256, 'balanced_accuracy': 0.6023499015474485, 'f1_macro': 0.6527890790035424, 'f1_micro': 0.9491353812545256, 'f1_weighted': 0.9344650060997524, 'f1_binary': 0.3320170843742445, 'pr_auc': 0.6211713536211505, 'precision_macro': 0.8911350946880441, 'precision_micro': 0.9491353812545256, 'precision_weighted': 0.9436637392184004, 'precision_binary': 0.831315577078289, 'recall_macro': 0.6023499015474485, 'recall_micro': 0.9491353812545256, 'recall_weighted': 0.9491353812545256, 'recall_binary': 0.207431275803041, 'roc_auc': 0.9529759865028299}
Validation statistic: Loss: 0.1350, dev_score: {'accuracy': 0.9465589732241646, 'balanced_accuracy': 0.5988143311289887, 'f1_macro': 0.6473814358675195, 'f1_micro': 0.9465589732241646, 'f1_weighted': 0.9309622103157222, 'f1_binary': 0.3225806451612903, 'pr_auc': 0.5998221249606633, 'precision_macro': 0.8864236109223032, 'precision_micro': 0.9465589732241646, 'precision_weighted': 0.9405996748478641, 'precision_binary': 0.8243727598566308, 'recall_macro': 0.5988143311289887, 'recall_micro': 0.9465589732241646, 'recall_weighted': 0.9465589732241646, 'recall_binary': 0.2005231037489102, 'roc_auc': 0.9401403770390753}
-----------------------
Epoch 13/100
Training statistic: Loss: 0.1197, train_score: {'accuracy': 0.95085357322566, 'balanced_accuracy': 0.6238858261781897, 'f1_macro': 0.6792827277839468, 'f1_micro': 0.95085357322566, 'f1_weighted': 0.9384356048267601, 'f1_binary': 0.384159938485198, 'pr_auc': 0.6229898961187321, 'precision_macro': 0.8830665993684192, 'precision_micro': 0.95085357322566, 'precision_weighted': 0.9449253362093336, 'precision_binary': 0.8126219908913468, 'recall_macro': 0.6238858261781897, 'recall_micro': 0.95085357322566, 'recall_weighted': 0.95085357322566, 'recall_binary': 0.25153559560970695, 'roc_auc': 0.9534799003479557}
Validation statistic: Loss: 0.1344, dev_score: {'accuracy': 0.9476100907280371, 'balanced_accuracy': 0.6123798079089533, 'f1_macro': 0.6644571203117249, 'f1_micro': 0.9476100907280371, 'f1_weighted': 0.9335760711765392, 'f1_binary': 0.35622025832766824, 'pr_auc': 0.6035322250595574, 'precision_macro': 0.8793942188395396, 'precision_micro': 0.9476100907280371, 'precision_weighted': 0.9411673936240398, 'precision_binary': 0.808641975308642, 'recall_macro': 0.6123798079089533, 'recall_micro': 0.9476100907280371, 'recall_weighted': 0.9476100907280371, 'recall_binary': 0.22842197035745423, 'roc_auc': 0.9406861715860018}
Saving model...
Model saved!
-------------------------------------------
-----------------------
Epoch 14/100
Training statistic: Loss: 0.1181, train_score: {'accuracy': 0.9515838048133921, 'balanced_accuracy': 0.6363271380966172, 'f1_macro': 0.692930117851454, 'f1_micro': 0.9515838048133921, 'f1_weighted': 0.9404050623852545, 'f1_binary': 0.41110613524406625, 'pr_auc': 0.6268795131100152, 'precision_macro': 0.8746742108124601, 'precision_micro': 0.9515838048133921, 'precision_weighted': 0.945211312496346, 'precision_binary': 0.7943466974329392, 'recall_macro': 0.6363271380966172, 'recall_micro': 0.9515838048133921, 'recall_weighted': 0.9515838048133921, 'recall_binary': 0.27731346289396835, 'roc_auc': 0.9544984169612521}
Validation statistic: Loss: 0.1340, dev_score: {'accuracy': 0.9487718521796857, 'balanced_accuracy': 0.6247852009029146, 'f1_macro': 0.67960631471853, 'f1_micro': 0.9487718521796857, 'f1_weighted': 0.9360024103373108, 'f1_binary': 0.3859416445623342, 'pr_auc': 0.6036989311741825, 'precision_macro': 0.8788867752964568, 'precision_micro': 0.9487718521796857, 'precision_weighted': 0.9424413611770099, 'precision_binary': 0.8060941828254847, 'recall_macro': 0.6247852009029146, 'recall_micro': 0.9487718521796857, 'recall_weighted': 0.9487718521796857, 'recall_binary': 0.25370531822144726, 'roc_auc': 0.9404178577919381}
Saving model...
Model saved!
-------------------------------------------
-----------------------
Epoch 15/100
Training statistic: Loss: 0.1192, train_score: {'accuracy': 0.9509026644248353, 'balanced_accuracy': 0.6242886053545063, 'f1_macro': 0.6797918686649398, 'f1_micro': 0.9509026644248353, 'f1_weighted': 0.9385195352265111, 'f1_binary': 0.3851533082302313, 'pr_auc': 0.6303626628058651, 'precision_macro': 0.8833336451884664, 'precision_micro': 0.9509026644248353, 'precision_weighted': 0.9449997802968503, 'precision_binary': 0.8131083711875405, 'recall_macro': 0.6242886053545063, 'recall_micro': 0.9509026644248353, 'recall_weighted': 0.9509026644248353, 'recall_binary': 0.25234115396234014, 'roc_auc': 0.9550159382999026}
Validation statistic: Loss: 0.1357, dev_score: {'accuracy': 0.9475547687541491, 'balanced_accuracy': 0.6119438881181949, 'f1_macro': 0.6638839885184222, 'f1_micro': 0.9475547687541491, 'f1_weighted': 0.9334788490315044, 'f1_binary': 0.3551020408163265, 'pr_auc': 0.6029278757802019, 'precision_macro': 0.8790712388208404, 'precision_micro': 0.9475547687541491, 'precision_weighted': 0.9410796765378501, 'precision_binary': 0.8080495356037152, 'recall_macro': 0.6119438881181949, 'recall_micro': 0.9475547687541491, 'recall_weighted': 0.9475547687541491, 'recall_binary': 0.22755013077593722, 'roc_auc': 0.9400845770398685}
-----------------------
Epoch 16/100
Training statistic: Loss: 0.1177, train_score: {'accuracy': 0.9527804027932892, 'balanced_accuracy': 0.655419657301316, 'f1_macro': 0.7125889215852704, 'f1_micro': 0.9527804027932892, 'f1_weighted': 0.9433081762311337, 'f1_binary': 0.4498462858368485, 'pr_auc': 0.6322385607469099, 'precision_macro': 0.866471413352903, 'precision_micro': 0.9527804027932892, 'precision_weighted': 0.9462312867072412, 'precision_binary': 0.7756410256410257, 'recall_macro': 0.655419657301316, 'recall_micro': 0.9527804027932892, 'recall_weighted': 0.9527804027932892, 'recall_binary': 0.31678582217299367, 'roc_auc': 0.9555195211697267}
Validation statistic: Loss: 0.1351, dev_score: {'accuracy': 0.9499336136313343, 'balanced_accuracy': 0.6408480559584124, 'f1_macro': 0.6974104485934243, 'f1_micro': 0.9499336136313343, 'f1_weighted': 0.9387548796857936, 'f1_binary': 0.4209852847088932, 'pr_auc': 0.6050168196183346, 'precision_macro': 0.8722730094084851, 'precision_micro': 0.9499336136313343, 'precision_weighted': 0.9433493058504364, 'precision_binary': 0.7908653846153846, 'recall_macro': 0.6408480559584124, 'recall_micro': 0.9499336136313343, 'recall_weighted': 0.9499336136313343, 'recall_binary': 0.2868352223190933, 'roc_auc': 0.9405323932771584}
-----------------------
Epoch 17/100
Training statistic: Loss: 0.1177, train_score: {'accuracy': 0.9522097176028768, 'balanced_accuracy': 0.6444756980466682, 'f1_macro': 0.7017958093222298, 'f1_micro': 0.9522097176028768, 'f1_weighted': 0.9417561015193221, 'f1_binary': 0.4285294980921632, 'pr_auc': 0.6351552920734356, 'precision_macro': 0.8729043101118226, 'precision_micro': 0.9522097176028768, 'precision_weighted': 0.9458537843736877, 'precision_binary': 0.789829591560725, 'recall_macro': 0.6444756980466682, 'recall_micro': 0.9522097176028768, 'recall_weighted': 0.9522097176028768, 'recall_binary': 0.29402879871110665, 'roc_auc': 0.9561710220343806}
Validation statistic: Loss: 0.1350, dev_score: {'accuracy': 0.9499889356052224, 'balanced_accuracy': 0.6360009749936179, 'f1_macro': 0.6930535334402829, 'f1_micro': 0.9499889356052224, 'f1_weighted': 0.9382436723305402, 'f1_binary': 0.41222366710013003, 'pr_auc': 0.6075159232643805, 'precision_macro': 0.8819046296838609, 'precision_micro': 0.9499889356052224, 'precision_weighted': 0.9440363815082465, 'precision_binary': 0.8107416879795396, 'recall_macro': 0.6360009749936179, 'recall_micro': 0.9499889356052224, 'recall_weighted': 0.9499889356052224, 'recall_binary': 0.2763731473408893, 'roc_auc': 0.9413025723155887}
-----------------------
Epoch 18/100
Training statistic: Loss: 0.1168, train_score: {'accuracy': 0.9528785851916398, 'balanced_accuracy': 0.6523646486685557, 'f1_macro': 0.7102566954489664, 'f1_micro': 0.9528785851916398, 'f1_weighted': 0.9430792139214794, 'f1_binary': 0.4451188669701568, 'pr_auc': 0.6411109580429671, 'precision_macro': 0.8725267487674921, 'precision_micro': 0.9528785851916398, 'precision_weighted': 0.9466398280108855, 'precision_binary': 0.7881269191402251, 'recall_macro': 0.6523646486685557, 'recall_micro': 0.9528785851916398, 'recall_weighted': 0.9528785851916398, 'recall_binary': 0.31013996576377, 'roc_auc': 0.957122518781057}
Validation statistic: Loss: 0.1358, dev_score: {'accuracy': 0.9504315113963266, 'balanced_accuracy': 0.6431457953812227, 'f1_macro': 0.7006025181478608, 'f1_micro': 0.9504315113963266, 'f1_weighted': 0.9393865038217518, 'f1_binary': 0.42710997442455245, 'pr_auc': 0.6122605884641497, 'precision_macro': 0.8774601927835386, 'precision_micro': 0.9504315113963266, 'precision_weighted': 0.9442525225797931, 'precision_binary': 0.8009592326139089, 'recall_macro': 0.6431457953812227, 'recall_micro': 0.9504315113963266, 'recall_weighted': 0.9504315113963266, 'recall_binary': 0.2911944202266783, 'roc_auc': 0.9407225561724712}
-----------------------
Epoch 19/100
Training statistic: Loss: 0.1153, train_score: {'accuracy': 0.9536394987788565, 'balanced_accuracy': 0.6681649831945712, 'f1_macro': 0.7249829973417037, 'f1_micro': 0.9536394987788565, 'f1_weighted': 0.9451868114894533, 'f1_binary': 0.47421532465724825, 'pr_auc': 0.6411947929129926, 'precision_macro': 0.8632667480763764, 'precision_micro': 0.9536394987788565, 'precision_weighted': 0.947196116257294, 'precision_binary': 0.7676881478143308, 'recall_macro': 0.6681649831945712, 'recall_micro': 0.9536394987788565, 'recall_weighted': 0.9536394987788565, 'recall_binary': 0.3430671634276508, 'roc_auc': 0.9574165584236507}
Validation statistic: Loss: 0.1339, dev_score: {'accuracy': 0.9505974773179907, 'balanced_accuracy': 0.652987632897084, 'f1_macro': 0.7095725278193812, 'f1_micro': 0.9505974773179907, 'f1_weighted': 0.9405712375410702, 'f1_binary': 0.4449968924798011, 'pr_auc': 0.6080029145227316, 'precision_macro': 0.8650489304798377, 'precision_micro': 0.9505974773179907, 'precision_weighted': 0.9437643669420421, 'precision_binary': 0.7748917748917749, 'recall_macro': 0.652987632897084, 'recall_micro': 0.9505974773179907, 'recall_weighted': 0.9505974773179907, 'recall_binary': 0.3121185701830863, 'roc_auc': 0.9406668591728014}
Saving model...
Model saved!
-------------------------------------------
-----------------------
Epoch 20/100
Training statistic: Loss: 0.1153, train_score: {'accuracy': 0.953805181576073, 'balanced_accuracy': 0.6712663260665854, 'f1_macro': 0.7277903529447047, 'f1_micro': 0.953805181576073, 'f1_weighted': 0.9455981942906951, 'f1_binary': 0.47975120939875604, 'pr_auc': 0.6417395871245284, 'precision_macro': 0.861964487479722, 'precision_micro': 0.953805181576073, 'precision_weighted': 0.9473690995588713, 'precision_binary': 0.7647058823529411, 'recall_macro': 0.6712663260665854, 'recall_micro': 0.953805181576073, 'recall_weighted': 0.953805181576073, 'recall_binary': 0.3495116302487161, 'roc_auc': 0.9575830156414039}
Validation statistic: Loss: 0.1352, dev_score: {'accuracy': 0.9507634432396548, 'balanced_accuracy': 0.6551081616163676, 'f1_macro': 0.7117436074740205, 'f1_micro': 0.9507634432396548, 'f1_weighted': 0.9409180332366719, 'f1_binary': 0.44925742574257427, 'pr_auc': 0.6092126302340424, 'precision_macro': 0.8647297310880062, 'precision_micro': 0.9507634432396548, 'precision_weighted': 0.943956247903114, 'precision_binary': 0.7739872068230277, 'recall_macro': 0.6551081616163676, 'recall_micro': 0.9507634432396548, 'recall_weighted': 0.9507634432396548, 'recall_binary': 0.3164777680906713, 'roc_auc': 0.9409097578310934}
-----------------------
Epoch 21/100
Training statistic: Loss: 0.1151, train_score: {'accuracy': 0.9542592751684442, 'balanced_accuracy': 0.6785701199217811, 'f1_macro': 0.7344184328587873, 'f1_micro': 0.9542592751684442, 'f1_weighted': 0.9465994085006196, 'f1_binary': 0.4927871529667937, 'pr_auc': 0.6443857108460759, 'precision_macro': 0.8600145390998104, 'precision_micro': 0.9542592751684442, 'precision_weighted': 0.9479129027489938, 'precision_binary': 0.759916054564533, 'recall_macro': 0.6785701199217811, 'recall_micro': 0.9542592751684442, 'recall_weighted': 0.9542592751684442, 'recall_binary': 0.36461584936058805, 'roc_auc': 0.958076743606464}
Validation statistic: Loss: 0.1354, dev_score: {'accuracy': 0.9515379508740872, 'balanced_accuracy': 0.6624301927074989, 'f1_macro': 0.719584071566257, 'f1_micro': 0.9515379508740872, 'f1_weighted': 0.9422541520550753, 'f1_binary': 0.46454767726161367, 'pr_auc': 0.6102320959594838, 'precision_macro': 0.8667421779170175, 'precision_micro': 0.9515379508740872, 'precision_weighted': 0.9450113841872523, 'precision_binary': 0.7770961145194274, 'recall_macro': 0.6624301927074989, 'recall_micro': 0.9515379508740872, 'recall_weighted': 0.9515379508740872, 'recall_binary': 0.33129904097646035, 'roc_auc': 0.940782192904434}
-----------------------
Epoch 22/100
Training statistic: Loss: 0.1165, train_score: {'accuracy': 0.9549895067561763, 'balanced_accuracy': 0.6984030052146817, 'f1_macro': 0.750086237640369, 'f1_micro': 0.9549895067561763, 'f1_weighted': 0.9487976534840113, 'f1_binary': 0.5237940660910212, 'pr_auc': 0.6458195835040549, 'precision_macro': 0.8498819775617426, 'precision_micro': 0.9549895067561763, 'precision_weighted': 0.9488234675676859, 'precision_binary': 0.7372076023391813, 'recall_macro': 0.6984030052146817, 'recall_micro': 0.9549895067561763, 'recall_weighted': 0.9549895067561763, 'recall_binary': 0.4062027993152754, 'roc_auc': 0.9586273891244073}
Validation statistic: Loss: 0.1394, dev_score: {'accuracy': 0.9514273069263112, 'balanced_accuracy': 0.6802520481071698, 'f1_macro': 0.7329027031564639, 'f1_micro': 0.9514273069263112, 'f1_weighted': 0.9438357488259275, 'f1_binary': 0.49130938586326767, 'pr_auc': 0.6092470149404768, 'precision_macro': 0.845487847262837, 'precision_micro': 0.9514273069263112, 'precision_weighted': 0.9443137458565803, 'precision_binary': 0.7322970639032815, 'recall_macro': 0.6802520481071698, 'recall_micro': 0.9514273069263112, 'recall_weighted': 0.9514273069263112, 'recall_binary': 0.36965998256320837, 'roc_auc': 0.9399503943929525}
-----------------------
Epoch 23/100
Training statistic: Loss: 0.1157, train_score: {'accuracy': 0.9551490531534959, 'balanced_accuracy': 0.7020189617119093, 'f1_macro': 0.7528621638779156, 'f1_micro': 0.9551490531534959, 'f1_weighted': 0.9492012546998746, 'f1_binary': 0.529271591421395, 'pr_auc': 0.648216421536689, 'precision_macro': 0.8486389629864198, 'precision_micro': 0.9551490531534959, 'precision_weighted': 0.9490645668798676, 'precision_binary': 0.7342744817726948, 'recall_macro': 0.7020189617119093, 'recall_micro': 0.9551490531534959, 'recall_weighted': 0.9551490531534959, 'recall_binary': 0.41375490887121136, 'roc_auc': 0.9591386492394296}
Validation statistic: Loss: 0.1400, dev_score: {'accuracy': 0.9510953750829829, 'balanced_accuracy': 0.6808876067506515, 'f1_macro': 0.732548841284838, 'f1_micro': 0.9510953750829829, 'f1_weighted': 0.943632158078126, 'f1_binary': 0.49078341013824883, 'pr_auc': 0.6061676676083982, 'precision_macro': 0.8410145669210687, 'precision_micro': 0.9510953750829829, 'precision_weighted': 0.9438252731828353, 'precision_binary': 0.7232597623089984, 'recall_macro': 0.6808876067506515, 'recall_micro': 0.9510953750829829, 'recall_weighted': 0.9510953750829829, 'recall_binary': 0.3714036617262424, 'roc_auc': 0.939276313922607}
-----------------------
Epoch 24/100
Training statistic: Loss: 0.1136, train_score: {'accuracy': 0.9553515543500939, 'balanced_accuracy': 0.6986428566991284, 'f1_macro': 0.7512213231730263, 'f1_micro': 0.9553515543500939, 'f1_weighted': 0.9491066207114934, 'f1_binary': 0.5258699335331682, 'pr_auc': 0.6515057980774002, 'precision_macro': 0.8538643008294038, 'precision_micro': 0.9553515543500939, 'precision_weighted': 0.9493263073685327, 'precision_binary': 0.7451523545706371, 'recall_macro': 0.6986428566991284, 'recall_micro': 0.9553515543500939, 'recall_weighted': 0.9553515543500939, 'recall_binary': 0.40630349410935457, 'roc_auc': 0.9596440649754631}
Validation statistic: Loss: 0.1365, dev_score: {'accuracy': 0.9520911706129674, 'balanced_accuracy': 0.6822320082082391, 'f1_macro': 0.7359719581179879, 'f1_micro': 0.9520911706129674, 'f1_weighted': 0.9445321520519349, 'f1_binary': 0.49709639953542395, 'pr_auc': 0.6118636374326992, 'precision_macro': 0.8516322297110972, 'precision_micro': 0.9520911706129674, 'precision_weighted': 0.9453013190005524, 'precision_binary': 0.7443478260869565, 'recall_macro': 0.6822320082082391, 'recall_micro': 0.9520911706129674, 'recall_weighted': 0.9520911706129674, 'recall_binary': 0.37314734088927637, 'roc_auc': 0.9395466362076434}
-----------------------
Epoch 25/100
Training statistic: Loss: 0.1156, train_score: {'accuracy': 0.9549526883567948, 'balanced_accuracy': 0.6900031461801553, 'f1_macro': 0.7443544141765679, 'f1_micro': 0.9549526883567948, 'f1_weighted': 0.9481054572854422, 'f1_binary': 0.5123231249584801, 'pr_auc': 0.6515893700690515, 'precision_macro': 0.8571712913971572, 'precision_micro': 0.9549526883567948, 'precision_weighted': 0.9487945309951359, 'precision_binary': 0.7528309254197579, 'recall_macro': 0.6900031461801553, 'recall_micro': 0.9549526883567948, 'recall_weighted': 0.9549526883567948, 'recall_binary': 0.3882791259691874, 'roc_auc': 0.9599654199505006}
Validation statistic: Loss: 0.1390, dev_score: {'accuracy': 0.9516485948218633, 'balanced_accuracy': 0.6718361104326017, 'f1_macro': 0.7272039971709269, 'f1_micro': 0.9516485948218633, 'f1_weighted': 0.9432435580471819, 'f1_binary': 0.4797619047619048, 'pr_auc': 0.6109759361284327, 'precision_macro': 0.8568437414408916, 'precision_micro': 0.9516485948218633, 'precision_weighted': 0.9448043643720201, 'precision_binary': 0.7560975609756098, 'recall_macro': 0.6718361104326017, 'recall_micro': 0.9516485948218633, 'recall_weighted': 0.9516485948218633, 'recall_binary': 0.35135135135135137, 'roc_auc': 0.9395719740937624}
-----------------------
Epoch 26/100
Training statistic: Loss: 0.1142, train_score: {'accuracy': 0.9557626931431867, 'balanced_accuracy': 0.7077599026936824, 'f1_macro': 0.7581660700368305, 'f1_micro': 0.9557626931431867, 'f1_weighted': 0.9501220577257725, 'f1_binary': 0.5395669668518873, 'pr_auc': 0.656056108243652, 'precision_macro': 0.8506959904459208, 'precision_micro': 0.9557626931431867, 'precision_weighted': 0.9499306624542289, 'precision_binary': 0.7376877401327279, 'recall_macro': 0.7077599026936824, 'recall_micro': 0.9557626931431867, 'recall_weighted': 0.9557626931431867, 'recall_binary': 0.42533481019031316, 'roc_auc': 0.9607361160100043}
Validation statistic: Loss: 0.1400, dev_score: {'accuracy': 0.9515932728479752, 'balanced_accuracy': 0.6856236542144861, 'f1_macro': 0.737140146955219, 'f1_micro': 0.9515932728479752, 'f1_weighted': 0.9444347652463613, 'f1_binary': 0.4997141223556318, 'pr_auc': 0.610399071454118, 'precision_macro': 0.8426409127257697, 'precision_micro': 0.9515932728479752, 'precision_weighted': 0.9445545061022899, 'precision_binary': 0.7259136212624585, 'recall_macro': 0.6856236542144861, 'recall_micro': 0.9515932728479752, 'recall_weighted': 0.9515932728479752, 'recall_binary': 0.38099389712292936, 'roc_auc': 0.9392502550397287}
-----------------------
Epoch 27/100
Training statistic: Loss: 0.1148, train_score: {'accuracy': 0.9557320111437022, 'balanced_accuracy': 0.709815089882683, 'f1_macro': 0.7593551703339887, 'f1_micro': 0.9557320111437022, 'f1_weighted': 0.9502467139572667, 'f1_binary': 0.541968253968254, 'pr_auc': 0.6554163269210649, 'precision_macro': 0.8487110586558686, 'precision_micro': 0.9557320111437022, 'precision_weighted': 0.9499157472776931, 'precision_binary': 0.7334593572778828, 'recall_macro': 0.709815089882683, 'recall_micro': 0.9557320111437022, 'recall_weighted': 0.9557320111437022, 'recall_binary': 0.42976538112979557, 'roc_auc': 0.9603590630898811}
Validation statistic: Loss: 0.1402, dev_score: {'accuracy': 0.9520911706129674, 'balanced_accuracy': 0.6887341629843045, 'f1_macro': 0.7405477486923977, 'f1_micro': 0.9520911706129674, 'f1_weighted': 0.9450924297823642, 'f1_binary': 0.5062713797035348, 'pr_auc': 0.6119503169790367, 'precision_macro': 0.8456117558399285, 'precision_micro': 0.9520911706129674, 'precision_weighted': 0.9452712341905455, 'precision_binary': 0.7314662273476112, 'recall_macro': 0.6887341629843045, 'recall_micro': 0.9520911706129674, 'recall_weighted': 0.9520911706129674, 'recall_binary': 0.3870967741935484, 'roc_auc': 0.9393101235206498}
-----------------------
Epoch 28/100
Training statistic: Loss: 0.1176, train_score: {'accuracy': 0.9540445011720524, 'balanced_accuracy': 0.6667799028804103, 'f1_macro': 0.7249375990405214, 'f1_micro': 0.9540445011720524, 'f1_weighted': 0.9453763740781547, 'f1_binary': 0.47390235335440817, 'pr_auc': 0.657530475065969, 'precision_macro': 0.8711777002775276, 'precision_micro': 0.9540445011720524, 'precision_weighted': 0.9480026559508918, 'precision_binary': 0.7836895910780669, 'recall_macro': 0.6667799028804103, 'recall_micro': 0.9540445011720524, 'recall_weighted': 0.9540445011720524, 'recall_binary': 0.33964354042895983, 'roc_auc': 0.961136836954225}
Validation statistic: Loss: 0.1433, dev_score: {'accuracy': 0.9511506970568709, 'balanced_accuracy': 0.6520638300491158, 'f1_macro': 0.7100747146990835, 'f1_micro': 0.9511506970568709, 'f1_weighted': 0.9408980571470968, 'f1_binary': 0.44569993722536094, 'pr_auc': 0.6141973273151837, 'precision_macro': 0.8755203497910462, 'precision_micro': 0.9511506970568709, 'precision_weighted': 0.9449802043388376, 'precision_binary': 0.7959641255605381, 'recall_macro': 0.6520638300491158, 'recall_micro': 0.9511506970568709, 'recall_weighted': 0.9511506970568709, 'recall_binary': 0.3095030514385353, 'roc_auc': 0.9396372758002639}
-----------------------
Epoch 29/100
Training statistic: Loss: 0.1136, train_score: {'accuracy': 0.9554558731483414, 'balanced_accuracy': 0.6925309098410177, 'f1_macro': 0.7474335251251799, 'f1_micro': 0.9554558731483414, 'f1_weighted': 0.9487114452855261, 'f1_binary': 0.5182186234817814, 'pr_auc': 0.6576660956394582, 'precision_macro': 0.8609684931230508, 'precision_micro': 0.9554558731483414, 'precision_weighted': 0.9495214047847123, 'precision_binary': 0.7601246105919003, 'recall_macro': 0.6925309098410177, 'recall_micro': 0.9554558731483414, 'recall_weighted': 0.9554558731483414, 'recall_binary': 0.3931124760849864, 'roc_auc': 0.9612025246946052}
Validation statistic: Loss: 0.1381, dev_score: {'accuracy': 0.9520911706129674, 'balanced_accuracy': 0.6736979300646533, 'f1_macro': 0.7297009857551746, 'f1_micro': 0.9520911706129674, 'f1_weighted': 0.9437630678133404, 'f1_binary': 0.4845238095238095, 'pr_auc': 0.6148750623675827, 'precision_macro': 0.8607100922429252, 'precision_micro': 0.9520911706129674, 'precision_weighted': 0.9454941121627375, 'precision_binary': 0.7636022514071295, 'recall_macro': 0.6736979300646533, 'recall_micro': 0.9520911706129674, 'recall_weighted': 0.9520911706129674, 'recall_binary': 0.3548387096774194, 'roc_auc': 0.9397182334363999}
-----------------------
Epoch 30/100
Training statistic: Loss: 0.1152, train_score: {'accuracy': 0.9555724647463826, 'balanced_accuracy': 0.6903802247623797, 'f1_macro': 0.7462833068821844, 'f1_micro': 0.9555724647463826, 'f1_weighted': 0.9486323588953645, 'f1_binary': 0.5158486023806339, 'pr_auc': 0.6631869006998377, 'precision_macro': 0.8647049612217133, 'precision_micro': 0.9555724647463826, 'precision_weighted': 0.9497394883763614, 'precision_binary': 0.7678678080828191, 'recall_macro': 0.6903802247623797, 'recall_micro': 0.9555724647463826, 'recall_weighted': 0.9555724647463826, 'recall_binary': 0.38837982076326655, 'roc_auc': 0.961841602141392}
Validation statistic: Loss: 0.1432, dev_score: {'accuracy': 0.9525890683779598, 'balanced_accuracy': 0.6723382074259268, 'f1_macro': 0.7299088816818323, 'f1_micro': 0.9525890683779598, 'f1_weighted': 0.9440280985488454, 'f1_binary': 0.4846662657847264, 'pr_auc': 0.6157605310590292, 'precision_macro': 0.8693193657184228, 'precision_micro': 0.9525890683779598, 'precision_weighted': 0.9464234755149971, 'precision_binary': 0.7810077519379846, 'recall_macro': 0.6723382074259268, 'recall_micro': 0.9525890683779598, 'recall_weighted': 0.9525890683779598, 'recall_binary': 0.35135135135135137, 'roc_auc': 0.9390582124028644}
-----------------------
Epoch 31/100
Training statistic: Loss: 0.1128, train_score: {'accuracy': 0.9559713307396817, 'balanced_accuracy': 0.7012326992851758, 'f1_macro': 0.7545986763479445, 'f1_micro': 0.9559713307396817, 'f1_weighted': 0.949804147408685, 'f1_binary': 0.5322990678573757, 'pr_auc': 0.6646899466962661, 'precision_macro': 0.858797794800184, 'precision_micro': 0.9559713307396817, 'precision_weighted': 0.9501961791578374, 'precision_binary': 0.7547134935304991, 'recall_macro': 0.7012326992851758, 'recall_micro': 0.9559713307396817, 'recall_weighted': 0.9559713307396817, 'recall_binary': 0.41113684422515356, 'roc_auc': 0.9622670343728137}
Validation statistic: Loss: 0.1400, dev_score: {'accuracy': 0.9525890683779598, 'balanced_accuracy': 0.6796531315490002, 'f1_macro': 0.735355585973108, 'f1_micro': 0.9525890683779598, 'f1_weighted': 0.9446966630515333, 'f1_binary': 0.4955856386109476, 'pr_auc': 0.6154218569130308, 'precision_macro': 0.8606261309541532, 'precision_micro': 0.9525890683779598, 'precision_weighted': 0.9461410424803444, 'precision_binary': 0.7626811594202898, 'recall_macro': 0.6796531315490002, 'recall_micro': 0.9525890683779598, 'recall_weighted': 0.9525890683779598, 'recall_binary': 0.36704446381865735, 'roc_auc': 0.9394978144270731}
-----------------------
Epoch 32/100
Training statistic: Loss: 0.1131, train_score: {'accuracy': 0.9561186043372074, 'balanced_accuracy': 0.7088439283996563, 'f1_macro': 0.7598204053966446, 'f1_micro': 0.9561186043372074, 'f1_weighted': 0.9504891464005106, 'f1_binary': 0.5426872162179446, 'pr_auc': 0.6652261838938082, 'precision_macro': 0.85371645183527, 'precision_micro': 0.9561186043372074, 'precision_weighted': 0.9504089495127839, 'precision_binary': 0.7436032246757799, 'recall_macro': 0.7088439283996563, 'recall_micro': 0.9561186043372074, 'recall_weighted': 0.9561186043372074, 'recall_binary': 0.4272480112778169, 'roc_auc': 0.9623048017473701}
Validation statistic: Loss: 0.1414, dev_score: {'accuracy': 0.9522018145607435, 'balanced_accuracy': 0.6851357711572765, 'f1_macro': 0.7383134800511763, 'f1_micro': 0.9522018145607435, 'f1_weighted': 0.9448723893174834, 'f1_binary': 0.5017301038062284, 'pr_auc': 0.6126010976483302, 'precision_macro': 0.8501724569047685, 'precision_micro': 0.9522018145607435, 'precision_weighted': 0.9454409057585491, 'precision_binary': 0.7410562180579217, 'recall_macro': 0.6851357711572765, 'recall_micro': 0.9522018145607435, 'recall_weighted': 0.9522018145607435, 'recall_binary': 0.3792502179598954, 'roc_auc': 0.9388422223736315}
-----------------------
Epoch 33/100
Training statistic: Loss: 0.1117, train_score: {'accuracy': 0.9566033799290632, 'balanced_accuracy': 0.7091491261211399, 'f1_macro': 0.7613575687345341, 'f1_micro': 0.9566033799290632, 'f1_weighted': 0.950905034725071, 'f1_binary': 0.5455012853470437, 'pr_auc': 0.6676162347685388, 'precision_macro': 0.8589032408465629, 'precision_micro': 0.9566033799290632, 'precision_weighted': 0.9510622472188787, 'precision_binary': 0.7539527447148694, 'recall_macro': 0.7091491261211399, 'recall_micro': 0.9566033799290632, 'recall_weighted': 0.9566033799290632, 'recall_binary': 0.42734870607189607, 'roc_auc': 0.962574646963796}
Validation statistic: Loss: 0.1405, dev_score: {'accuracy': 0.9527550342996238, 'balanced_accuracy': 0.6862438916768289, 'f1_macro': 0.740489381869669, 'f1_micro': 0.9527550342996238, 'f1_weighted': 0.9454059788019876, 'f1_binary': 0.5057870370370371, 'pr_auc': 0.6150238632518742, 'precision_macro': 0.8557842196368867, 'precision_micro': 0.9527550342996238, 'precision_weighted': 0.9462650873800177, 'precision_binary': 0.7521514629948365, 'recall_macro': 0.6862438916768289, 'recall_micro': 0.9527550342996238, 'recall_weighted': 0.9527550342996238, 'recall_binary': 0.38099389712292936, 'roc_auc': 0.9390273640415123}
-----------------------
Epoch 34/100
Training statistic: Loss: 0.1153, train_score: {'accuracy': 0.9559836035394754, 'balanced_accuracy': 0.6956837838567278, 'f1_macro': 0.750991827413801, 'f1_micro': 0.9559836035394754, 'f1_weighted': 0.949385724055764, 'f1_binary': 0.5250612461100443, 'pr_auc': 0.6662013479039988, 'precision_macro': 0.8644091248870773, 'precision_micro': 0.9559836035394754, 'precision_weighted': 0.9502725741208385, 'precision_binary': 0.7666279969064191, 'recall_macro': 0.6956837838567278, 'recall_micro': 0.9559836035394754, 'recall_weighted': 0.9559836035394754, 'recall_binary': 0.3992548585238143, 'roc_auc': 0.9624001078292528}
Validation statistic: Loss: 0.1442, dev_score: {'accuracy': 0.9523124585085195, 'balanced_accuracy': 0.6758479939011914, 'f1_macro': 0.7318602843354349, 'f1_micro': 0.9523124585085195, 'f1_weighted': 0.9441346109247956, 'f1_binary': 0.4887307236061684, 'pr_auc': 0.6142952116671989, 'precision_macro': 0.8612335456558691, 'precision_micro': 0.9523124585085195, 'precision_weighted': 0.9457968709082829, 'precision_binary': 0.764378478664193, 'recall_macro': 0.6758479939011914, 'recall_micro': 0.9523124585085195, 'recall_weighted': 0.9523124585085195, 'recall_binary': 0.35919790758500436, 'roc_auc': 0.9388365573990927}
-----------------------
Epoch 35/100
Training statistic: Loss: 0.1138, train_score: {'accuracy': 0.9562842871344239, 'balanced_accuracy': 0.7072843428380857, 'f1_macro': 0.7593089637692452, 'f1_micro': 0.9562842871344239, 'f1_weighted': 0.950509522529519, 'f1_binary': 0.5415701415701416, 'pr_auc': 0.67080349601216, 'precision_macro': 0.856926201215399, 'precision_micro': 0.9562842871344239, 'precision_weighted': 0.9506244172569722, 'precision_binary': 0.7502228561240862, 'recall_macro': 0.7072843428380857, 'recall_micro': 0.9562842871344239, 'recall_weighted': 0.9562842871344239, 'recall_binary': 0.42372369348504685, 'roc_auc': 0.9633952153424705}
Validation statistic: Loss: 0.1458, dev_score: {'accuracy': 0.953086966142952, 'balanced_accuracy': 0.685201948359843, 'f1_macro': 0.7406010568979555, 'f1_micro': 0.953086966142952, 'f1_weighted': 0.9455798233835625, 'f1_binary': 0.5058275058275058, 'pr_auc': 0.6148316348781748, 'precision_macro': 0.8610075427524195, 'precision_micro': 0.953086966142952, 'precision_weighted': 0.9468026460674145, 'precision_binary': 0.7627416520210897, 'recall_macro': 0.685201948359843, 'recall_micro': 0.953086966142952, 'recall_weighted': 0.953086966142952, 'recall_binary': 0.3783783783783784, 'roc_auc': 0.9381431130157786}
-----------------------
Epoch 36/100
Training statistic: Loss: 0.1118, train_score: {'accuracy': 0.956621789128754, 'balanced_accuracy': 0.7094884886530095, 'f1_macro': 0.7616188694248028, 'f1_micro': 0.956621789128754, 'f1_weighted': 0.950944661431339, 'f1_binary': 0.5460150279365487, 'pr_auc': 0.671963377751503, 'precision_macro': 0.858809554303452, 'precision_micro': 0.956621789128754, 'precision_weighted': 0.9510876809335116, 'precision_binary': 0.7537234042553191, 'recall_macro': 0.7094884886530095, 'recall_micro': 0.956621789128754, 'recall_weighted': 0.956621789128754, 'recall_binary': 0.4280535696304501, 'roc_auc': 0.9637233066190051}
Validation statistic: Loss: 0.1437, dev_score: {'accuracy': 0.9524784244301837, 'balanced_accuracy': 0.6856898314170528, 'f1_macro': 0.7393996796153303, 'f1_micro': 0.9524784244301837, 'f1_weighted': 0.9451389730180842, 'f1_binary': 0.5037550548815714, 'pr_auc': 0.6154221787351167, 'precision_macro': 0.852964094740766, 'precision_micro': 0.9524784244301837, 'precision_weighted': 0.9458511985471527, 'precision_binary': 0.7465753424657534, 'recall_macro': 0.6856898314170528, 'recall_micro': 0.9524784244301837, 'recall_weighted': 0.9524784244301837, 'recall_binary': 0.3801220575414124, 'roc_auc': 0.9380487139400552}
-----------------------
Epoch 37/100
Training statistic: Loss: 0.1119, train_score: {'accuracy': 0.9560572403382384, 'balanced_accuracy': 0.6940281085321918, 'f1_macro': 0.7500855912354538, 'f1_micro': 0.9560572403382384, 'f1_weighted': 0.9493146388187019, 'f1_binary': 0.5232039416738797, 'pr_auc': 0.6729645036357, 'precision_macro': 0.8670957299221105, 'precision_micro': 0.9560572403382384, 'precision_weighted': 0.9504174488004627, 'precision_binary': 0.7722091194968553, 'recall_macro': 0.6940281085321918, 'recall_micro': 0.9560572403382384, 'recall_weighted': 0.9560572403382384, 'recall_binary': 0.39562984593696504, 'roc_auc': 0.963663820553019}
Validation statistic: Loss: 0.1425, dev_score: {'accuracy': 0.9524231024562957, 'balanced_accuracy': 0.6730623714211716, 'f1_macro': 0.7300446957138447, 'f1_micro': 0.9524231024562957, 'f1_weighted': 0.9439649697117335, 'f1_binary': 0.48502994011976047, 'pr_auc': 0.6157773562991671, 'precision_macro': 0.8660533043928473, 'precision_micro': 0.9524231024562957, 'precision_weighted': 0.9460937126745468, 'precision_binary': 0.7743785850860421, 'recall_macro': 0.6730623714211716, 'recall_micro': 0.9524231024562957, 'recall_weighted': 0.9524231024562957, 'recall_binary': 0.35309503051438534, 'roc_auc': 0.9385846977810758}
-----------------------
Epoch 38/100
Training statistic: Loss: 0.1140, train_score: {'accuracy': 0.9566954259275169, 'balanced_accuracy': 0.7080211336692245, 'f1_macro': 0.7609148528346159, 'f1_micro': 0.9566954259275169, 'f1_weighted': 0.9508976965189259, 'f1_binary': 0.5445627621813488, 'pr_auc': 0.6755237214819183, 'precision_macro': 0.8609886323149047, 'precision_micro': 0.9566954259275169, 'precision_weighted': 0.9511900507453275, 'precision_binary': 0.7582674335010784, 'recall_macro': 0.7080211336692245, 'recall_micro': 0.9566954259275169, 'recall_weighted': 0.9566954259275169, 'recall_binary': 0.4248313362199174, 'roc_auc': 0.9642516629572746}
Validation statistic: Loss: 0.1485, dev_score: {'accuracy': 0.9526443903518478, 'balanced_accuracy': 0.6841528980747996, 'f1_macro': 0.7387324932999049, 'f1_micro': 0.9526443903518478, 'f1_weighted': 0.9451373330696383, 'f1_binary': 0.5023255813953489, 'pr_auc': 0.6136102947547789, 'precision_macro': 0.8565382807973383, 'precision_micro': 0.9526443903518478, 'precision_weighted': 0.9461275673294866, 'precision_binary': 0.7539267015706806, 'recall_macro': 0.6841528980747996, 'recall_micro': 0.9526443903518478, 'recall_weighted': 0.9526443903518478, 'recall_binary': 0.37663469921534437, 'roc_auc': 0.9373557330546577}
-----------------------
Epoch 39/100
Training statistic: Loss: 0.1143, train_score: {'accuracy': 0.9568672451246303, 'balanced_accuracy': 0.7089600599344552, 'f1_macro': 0.7619802204132551, 'f1_micro': 0.9568672451246303, 'f1_weighted': 0.9511062367038701, 'f1_binary': 0.5466038831193962, 'pr_auc': 0.6751937664781846, 'precision_macro': 0.8621157704600444, 'precision_micro': 0.9568672451246303, 'precision_weighted': 0.9514262344663036, 'precision_binary': 0.7604091888011486, 'recall_macro': 0.7089600599344552, 'recall_micro': 0.9568672451246303, 'recall_weighted': 0.9568672451246303, 'recall_binary': 0.4266438425133421, 'roc_auc': 0.9642161762196889}
Validation statistic: Loss: 0.1480, dev_score: {'accuracy': 0.9527550342996238, 'balanced_accuracy': 0.6838055836358043, 'f1_macro': 0.7387656870175165, 'f1_micro': 0.9527550342996238, 'f1_weighted': 0.9451947749641069, 'f1_binary': 0.5023310023310024, 'pr_auc': 0.6141876989523118, 'precision_macro': 0.8582856588722784, 'precision_micro': 0.9527550342996238, 'precision_weighted': 0.9463076026079241, 'precision_binary': 0.7574692442882249, 'recall_macro': 0.6838055836358043, 'recall_micro': 0.9527550342996238, 'recall_weighted': 0.9527550342996238, 'recall_binary': 0.3757628596338274, 'roc_auc': 0.9380868752685391}
-----------------------
Epoch 40/100
Training statistic: Loss: 0.1137, train_score: {'accuracy': 0.9568672451246303, 'balanced_accuracy': 0.7058056942268776, 'f1_macro': 0.7600085592890211, 'f1_micro': 0.9568672451246303, 'f1_weighted': 0.9508745078304539, 'f1_binary': 0.5426507905524107, 'pr_auc': 0.6775579898868007, 'precision_macro': 0.865126917057276, 'precision_micro': 0.9568672451246303, 'precision_weighted': 0.9514467686309802, 'precision_binary': 0.766826038984921, 'recall_macro': 0.7058056942268776, 'recall_micro': 0.9568672451246303, 'recall_weighted': 0.9568672451246303, 'recall_binary': 0.4198972913100393, 'roc_auc': 0.9644930255446653}
Validation statistic: Loss: 0.1481, dev_score: {'accuracy': 0.9520911706129674, 'balanced_accuracy': 0.676542622779182, 'f1_macro': 0.7318259492606128, 'f1_micro': 0.9520911706129674, 'f1_weighted': 0.9440238325094751, 'f1_binary': 0.4887839433293979, 'pr_auc': 0.6136024320310871, 'precision_macro': 0.857519578680949, 'precision_micro': 0.9520911706129674, 'precision_weighted': 0.9454084530108934, 'precision_binary': 0.7568555758683729, 'recall_macro': 0.676542622779182, 'recall_micro': 0.9520911706129674, 'recall_weighted': 0.9520911706129674, 'recall_binary': 0.36094158674803833, 'roc_auc': 0.937011354102469}
-----------------------
Epoch 41/100
Training statistic: Loss: 0.1117, train_score: {'accuracy': 0.9574563395147335, 'balanced_accuracy': 0.7141700507317561, 'f1_macro': 0.7668307982521676, 'f1_micro': 0.9574563395147335, 'f1_weighted': 0.9519619170036399, 'f1_binary': 0.5560038424591739, 'pr_auc': 0.6794894697925313, 'precision_macro': 0.864090284728622, 'precision_micro': 0.9574563395147335, 'precision_weighted': 0.952224923565862, 'precision_binary': 0.763722730471499, 'recall_macro': 0.7141700507317561, 'recall_micro': 0.9574563395147335, 'recall_weighted': 0.9574563395147335, 'recall_binary': 0.43711610109757326, 'roc_auc': 0.9645755525582821}
Validation statistic: Loss: 0.1483, dev_score: {'accuracy': 0.9515932728479752, 'balanced_accuracy': 0.6815598074794453, 'f1_macro': 0.734254037145158, 'f1_micro': 0.9515932728479752, 'f1_weighted': 0.9440813949393625, 'f1_binary': 0.4939271255060729, 'pr_auc': 0.6119211330174776, 'precision_macro': 0.8462600039208337, 'precision_micro': 0.9515932728479752, 'precision_weighted': 0.9445552765206531, 'precision_binary': 0.7336769759450171, 'recall_macro': 0.6815598074794453, 'recall_micro': 0.9515932728479752, 'recall_weighted': 0.9515932728479752, 'recall_binary': 0.3722755013077594, 'roc_auc': 0.9374047608343024}
-----------------------
Epoch 42/100
Training statistic: Loss: 0.1125, train_score: {'accuracy': 0.9574317939151459, 'balanced_accuracy': 0.7109555356915833, 'f1_macro': 0.7648072917679508, 'f1_micro': 0.9574317939151459, 'f1_weighted': 0.9517123172784547, 'f1_binary': 0.5519602144287283, 'pr_auc': 0.6813409008740019, 'precision_macro': 0.866844107844801, 'precision_micro': 0.9574317939151459, 'precision_weighted': 0.952207393787368, 'precision_binary': 0.7696325648414986, 'recall_macro': 0.7109555356915833, 'recall_micro': 0.9574317939151459, 'recall_weighted': 0.9574317939151459, 'recall_binary': 0.4302688551001913, 'roc_auc': 0.9652730563578868}
Validation statistic: Loss: 0.1494, dev_score: {'accuracy': 0.9522571365346315, 'balanced_accuracy': 0.6819142288864982, 'f1_macro': 0.7361587196053372, 'f1_micro': 0.9522571365346315, 'f1_weighted': 0.944635106669224, 'f1_binary': 0.49737914967967384, 'pr_auc': 0.6096847823548786, 'precision_macro': 0.8539970255812042, 'precision_micro': 0.9522571365346315, 'precision_weighted': 0.9455618030414656, 'precision_binary': 0.7491228070175439, 'recall_macro': 0.6819142288864982, 'recall_micro': 0.9522571365346315, 'recall_weighted': 0.9522571365346315, 'recall_binary': 0.3722755013077594, 'roc_auc': 0.9356213495998441}
-----------------------
Epoch 43/100
Training statistic: Loss: 0.1116, train_score: {'accuracy': 0.9572783839177231, 'balanced_accuracy': 0.7084256884655253, 'f1_macro': 0.7628095071290941, 'f1_micro': 0.9572783839177231, 'f1_weighted': 0.9514031195964141, 'f1_binary': 0.548039470267463, 'pr_auc': 0.6810931125057262, 'precision_macro': 0.8674920676973559, 'precision_micro': 0.9572783839177231, 'precision_weighted': 0.952012261960687, 'precision_binary': 0.7712406358487118, 'recall_macro': 0.7084256884655253, 'recall_micro': 0.9572783839177231, 'recall_weighted': 0.9572783839177231, 'recall_binary': 0.4250327258080757, 'roc_auc': 0.9650546189096714}
Validation statistic: Loss: 0.1480, dev_score: {'accuracy': 0.9523677804824077, 'balanced_accuracy': 0.6803477604269907, 'f1_macro': 0.7353049779315028, 'f1_micro': 0.9523677804824077, 'f1_weighted': 0.944583806806717, 'f1_binary': 0.4956063268892794, 'pr_auc': 0.6123277522328063, 'precision_macro': 0.8570117525201448, 'precision_micro': 0.9523677804824077, 'precision_weighted': 0.9457655171639541, 'precision_binary': 0.7553571428571428, 'recall_macro': 0.6803477604269907, 'recall_micro': 0.9523677804824077, 'recall_weighted': 0.9523677804824077, 'recall_binary': 0.3687881429816914, 'roc_auc': 0.9364618515722081}
-----------------------
Epoch 44/100
Training statistic: Loss: 0.1134, train_score: {'accuracy': 0.9577079319105067, 'balanced_accuracy': 0.7215072635514039, 'f1_macro': 0.771882929625297, 'f1_micro': 0.9577079319105067, 'f1_weighted': 0.9526770296988173, 'f1_binary': 0.5659949622166247, 'pr_auc': 0.6812945831983288, 'precision_macro': 0.860396686593421, 'precision_micro': 0.9577079319105067, 'precision_weighted': 0.9525777436611206, 'precision_binary': 0.7554210791729703, 'recall_macro': 0.7215072635514039, 'recall_micro': 0.9577079319105067, 'recall_weighted': 0.9577079319105067, 'recall_binary': 0.45252240459168264, 'roc_auc': 0.9651639792688362}
Validation statistic: Loss: 0.1505, dev_score: {'accuracy': 0.9515379508740872, 'balanced_accuracy': 0.686813273117744, 'f1_macro': 0.7378354372402788, 'f1_micro': 0.9515379508740872, 'f1_weighted': 0.9444931008535608, 'f1_binary': 0.5011389521640092, 'pr_auc': 0.61009253572778, 'precision_macro': 0.8410097840610157, 'precision_micro': 0.9515379508740872, 'precision_weighted': 0.9444832404997329, 'precision_binary': 0.722495894909688, 'recall_macro': 0.686813273117744, 'recall_micro': 0.9515379508740872, 'recall_weighted': 0.9515379508740872, 'recall_binary': 0.3836094158674804, 'roc_auc': 0.9365800950407629}
-----------------------
Epoch 45/100
Training statistic: Loss: 0.1129, train_score: {'accuracy': 0.9580761159043213, 'balanced_accuracy': 0.7309780790444967, 'f1_macro': 0.7782882005228756, 'f1_micro': 0.9580761159043213, 'f1_weighted': 0.9536067785688106, 'f1_binary': 0.5786357468854076, 'pr_auc': 0.683702988941186, 'precision_macro': 0.8565868410200037, 'precision_micro': 0.9580761159043213, 'precision_weighted': 0.9531526754567298, 'precision_binary': 0.7466178577112844, 'recall_macro': 0.7309780790444967, 'recall_micro': 0.9580761159043213, 'recall_weighted': 0.9580761159043213, 'recall_binary': 0.4723592790252744, 'roc_auc': 0.9657860845258637}
Validation statistic: Loss: 0.1533, dev_score: {'accuracy': 0.9514273069263112, 'balanced_accuracy': 0.6944755116798128, 'f1_macro': 0.7427899569060856, 'f1_micro': 0.9514273069263112, 'f1_weighted': 0.945045157030115, 'f1_binary': 0.5111358574610245, 'pr_auc': 0.6103689406374057, 'precision_macro': 0.8338814706082329, 'precision_micro': 0.9514273069263112, 'precision_weighted': 0.944449380297821, 'precision_binary': 0.7072419106317411, 'recall_macro': 0.6944755116798128, 'recall_micro': 0.9514273069263112, 'recall_weighted': 0.9514273069263112, 'recall_binary': 0.4001743679163034, 'roc_auc': 0.9371015559470568}
-----------------------
Epoch 46/100
Training statistic: Loss: 0.1129, train_score: {'accuracy': 0.9575299763134963, 'balanced_accuracy': 0.7153862606036714, 'f1_macro': 0.767771014679914, 'f1_micro': 0.9575299763134963, 'f1_weighted': 0.9521080708663361, 'f1_binary': 0.5578483357822781, 'pr_auc': 0.6835958697107867, 'precision_macro': 0.8638140826406864, 'precision_micro': 0.9575299763134963, 'precision_weighted': 0.952323331605028, 'precision_binary': 0.7630199231038098, 'recall_macro': 0.7153862606036714, 'recall_micro': 0.9575299763134963, 'recall_weighted': 0.9575299763134963, 'recall_binary': 0.4396334709495519, 'roc_auc': 0.9657703674760412}
Validation statistic: Loss: 0.1509, dev_score: {'accuracy': 0.9509847311352069, 'balanced_accuracy': 0.6771710744546058, 'f1_macro': 0.7295759218034062, 'f1_micro': 0.9509847311352069, 'f1_weighted': 0.9432145760510509, 'f1_binary': 0.4848837209302326, 'pr_auc': 0.6088425067038219, 'precision_macro': 0.8430207775899599, 'precision_micro': 0.9509847311352069, 'precision_weighted': 0.9436638440312528, 'precision_binary': 0.7277486910994765, 'recall_macro': 0.6771710744546058, 'recall_micro': 0.9509847311352069, 'recall_weighted': 0.9509847311352069, 'recall_binary': 0.36355710549258935, 'roc_auc': 0.9362072367165746}
-----------------------
Epoch 47/100
Training statistic: Loss: 0.1144, train_score: {'accuracy': 0.9577202047103006, 'balanced_accuracy': 0.7146401057376996, 'f1_macro': 0.7678675051158523, 'f1_micro': 0.9577202047103006, 'f1_weighted': 0.9522117763130998, 'f1_binary': 0.5579366097780059, 'pr_auc': 0.6851384868869286, 'precision_macro': 0.8666929950853788, 'precision_micro': 0.9577202047103006, 'precision_weighted': 0.9525869740459352, 'precision_binary': 0.7688770999115827, 'recall_macro': 0.7146401057376996, 'recall_micro': 0.9577202047103006, 'recall_weighted': 0.9577202047103006, 'recall_binary': 0.4378209646561273, 'roc_auc': 0.9658262707179346}
Validation statistic: Loss: 0.1526, dev_score: {'accuracy': 0.9522571365346315, 'balanced_accuracy': 0.6794759208454737, 'f1_macro': 0.7343943311442706, 'f1_micro': 0.9522571365346315, 'f1_weighted': 0.9444188131350272, 'f1_binary': 0.493841642228739, 'pr_auc': 0.610770915492573, 'precision_macro': 0.8565185998139753, 'precision_micro': 0.9522571365346315, 'precision_weighted': 0.945607372604388, 'precision_binary': 0.7544802867383512, 'recall_macro': 0.6794759208454737, 'recall_micro': 0.9522571365346315, 'recall_weighted': 0.9522571365346315, 'recall_binary': 0.36704446381865735, 'roc_auc': 0.9362711994290942}
-----------------------
Epoch 48/100
Training statistic: Loss: 0.1130, train_score: {'accuracy': 0.9576588407113314, 'balanced_accuracy': 0.7148428330451198, 'f1_macro': 0.7678135525914446, 'f1_micro': 0.9576588407113314, 'f1_weighted': 0.9521756466354999, 'f1_binary': 0.5578623606305267, 'pr_auc': 0.6850713016893597, 'precision_macro': 0.8657923122604043, 'precision_micro': 0.9576588407113314, 'precision_weighted': 0.9525011494324468, 'precision_binary': 0.7670484581497797, 'recall_macro': 0.7148428330451198, 'recall_micro': 0.9576588407113314, 'recall_weighted': 0.9576588407113314, 'recall_binary': 0.438324438626523, 'roc_auc': 0.9658921407250317}
Validation statistic: Loss: 0.1525, dev_score: {'accuracy': 0.9520911706129674, 'balanced_accuracy': 0.6826383928817432, 'f1_macro': 0.7362629349606712, 'f1_micro': 0.9520911706129674, 'f1_weighted': 0.9445678037880036, 'f1_binary': 0.4976798143851508, 'pr_auc': 0.610772330080424, 'precision_macro': 0.8512349752493904, 'precision_micro': 0.9520911706129674, 'precision_weighted': 0.9452966981679564, 'precision_binary': 0.7435008665511266, 'recall_macro': 0.6826383928817432, 'recall_micro': 0.9520911706129674, 'recall_weighted': 0.9520911706129674, 'recall_binary': 0.37401918047079336, 'roc_auc': 0.9357161349238315}
-----------------------
Epoch 49/100
Training statistic: Loss: 0.1152, train_score: {'accuracy': 0.9566279255286508, 'balanced_accuracy': 0.6957443710900454, 'f1_macro': 0.7528142913768125, 'f1_micro': 0.9566279255286508, 'f1_weighted': 0.9499120034863985, 'f1_binary': 0.5283598024823168, 'pr_auc': 0.6848729619569337, 'precision_macro': 0.872682618023228, 'precision_micro': 0.9566279255286508, 'precision_weighted': 0.9512721916240052, 'precision_binary': 0.7831849653808111, 'recall_macro': 0.6957443710900454, 'recall_micro': 0.9566279255286508, 'recall_weighted': 0.9566279255286508, 'recall_binary': 0.3986506897593394, 'roc_auc': 0.9658843654374478}
Validation statistic: Loss: 0.1534, dev_score: {'accuracy': 0.9518698827174153, 'balanced_accuracy': 0.6707350968811071, 'f1_macro': 0.7269056805477265, 'f1_micro': 0.9518698827174153, 'f1_weighted': 0.9433133995921025, 'f1_binary': 0.47904191616766467, 'pr_auc': 0.6092783134487689, 'precision_macro': 0.8611307638739337, 'precision_micro': 0.9518698827174153, 'precision_weighted': 0.9452202984357556, 'precision_binary': 0.7648183556405354, 'recall_macro': 0.6707350968811071, 'recall_micro': 0.9518698827174153, 'recall_weighted': 0.9518698827174153, 'recall_binary': 0.34873583260680036, 'roc_auc': 0.9358969763610399}
-----------------------
Epoch 50/100
Training statistic: Loss: 0.1120, train_score: {'accuracy': 0.9582602079012285, 'balanced_accuracy': 0.7274509318405973, 'f1_macro': 0.7768605884077457, 'f1_micro': 0.9582602079012285, 'f1_weighted': 0.9535292892320547, 'f1_binary': 0.575670617592015, 'pr_auc': 0.687880583582113, 'precision_macro': 0.861310820979852, 'precision_micro': 0.9582602079012285, 'precision_weighted': 0.9533318423672453, 'precision_binary': 0.7565174618789966, 'recall_macro': 0.7274509318405973, 'recall_micro': 0.9582602079012285, 'recall_weighted': 0.9582602079012285, 'recall_binary': 0.4646057798811801, 'roc_auc': 0.9662752528619887}
Validation statistic: Loss: 0.1516, dev_score: {'accuracy': 0.9518145607435273, 'balanced_accuracy': 0.6906184107655529, 'f1_macro': 0.7411495719411338, 'f1_micro': 0.9518145607435273, 'f1_weighted': 0.9450322513597499, 'f1_binary': 0.5076314301865461, 'pr_auc': 0.6092732086941323, 'precision_macro': 0.8409370593608114, 'precision_micro': 0.9518145607435273, 'precision_weighted': 0.9448978915151616, 'precision_binary': 0.7218649517684887, 'recall_macro': 0.6906184107655529, 'recall_micro': 0.9518145607435273, 'recall_weighted': 0.9518145607435273, 'recall_binary': 0.39145597210113336, 'roc_auc': 0.9365794770435404}
Early stopping by loss triggered!
Testing statistic: loss: 0.12660980686290316, scores: {'accuracy': 0.952640974482831, 'balanced_accuracy': 0.6743401081687321, 'f1_macro': 0.7269033002438867, 'f1_micro': 0.952640974482831, 'f1_weighted': 0.9450016653407646, 'f1_binary': 0.47861271676300576, 'pr_auc': 0.6118797903588683, 'precision_macro': 0.841751703963461, 'precision_micro': 0.952640974482831, 'precision_weighted': 0.9453813261167993, 'precision_binary': 0.7237762237762237, 'recall_macro': 0.6743401081687321, 'recall_micro': 0.952640974482831, 'recall_weighted': 0.952640974482831, 'recall_binary': 0.35751295336787564, 'roc_auc': 0.9436186704607599}
Finish training!
