=====Setting up data=====
Dataset name:census_kdd
train_option:synthetic
augment_option:categorical
mix_ratio:-1
n_sample:-1
Training dataset size: 100096 samples
Validation dataset size: 18176 samples

=====Setting up parameters for training=====
num_epochs: 100
learning_rate: 0.001
patience: 30
early_stop_criterion: loss
=====Setting up trainer=====
input_size: 372
model: DNN_Census
----------------------------------------------------------------
        Layer (type)               Output Shape         Param #
================================================================
            Linear-1                  [-1, 256]          95,488
       BatchNorm1d-2                  [-1, 256]             512
              ReLU-3                  [-1, 256]               0
           Dropout-4                  [-1, 256]               0
            Linear-5                  [-1, 128]          32,896
       BatchNorm1d-6                  [-1, 128]             256
              ReLU-7                  [-1, 128]               0
           Dropout-8                  [-1, 128]               0
            Linear-9                   [-1, 64]           8,256
      BatchNorm1d-10                   [-1, 64]             128
             ReLU-11                   [-1, 64]               0
          Dropout-12                   [-1, 64]               0
           Linear-13                   [-1, 32]           2,080
      BatchNorm1d-14                   [-1, 32]              64
             ReLU-15                   [-1, 32]               0
          Dropout-16                   [-1, 32]               0
           Linear-17                    [-1, 1]              33
          Sigmoid-18                    [-1, 1]               0
================================================================
Total params: 139,713
Trainable params: 139,713
Non-trainable params: 0
----------------------------------------------------------------
Input size (MB): 0.00
Forward/backward pass size (MB): 0.01
Params size (MB): 0.53
Estimated Total Size (MB): 0.55
----------------------------------------------------------------
=====Setting up output files=====
weight_dir, weight_file: /home/thuy/Research/minh_data_synth/TabularDA/output/corrected_v2/census_kdd/weight/, census_kdd_seed43_ctgan_xonly_categorical_synthetic.weights.pth
acc_dir, acc_file: /home/thuy/Research/minh_data_synth/TabularDA/output/corrected_v2/census_kdd/acc/, census_kdd_seed43_ctgan_xonly_categorical_synthetic.epochs.csv
report_file: census_kdd_seed43_ctgan_xonly_categorical_synthetic.report.txt
==========================================================================================
Start training...
-----------------------
Epoch 1/100
Training statistic: Loss: 0.1000, train_score: {'accuracy': 0.95874, 'balanced_accuracy': 0.9621125451801189, 'f1_macro': 0.9558444103833358, 'f1_micro': 0.95874, 'f1_weighted': 0.9589962248543955, 'f1_binary': 0.9445370469943004, 'pr_auc': 0.9899383226144879, 'precision_macro': 0.9507683198049762, 'precision_micro': 0.95874, 'precision_weighted': 0.9602877531764137, 'precision_binary': 0.9166166610138538, 'recall_macro': 0.9621125451801189, 'recall_micro': 0.95874, 'recall_weighted': 0.95874, 'recall_binary': 0.9742117960236253, 'roc_auc': 0.9943616372366547}
Validation statistic: Loss: 1.1756, dev_score: {'accuracy': 0.6767537065722505, 'balanced_accuracy': 0.7916644586140908, 'f1_macro': 0.5293911245722029, 'f1_micro': 0.6767537065722505, 'f1_weighted': 0.7593146311589306, 'f1_binary': 0.26604697902273583, 'pr_auc': 0.37729499173833, 'precision_macro': 0.5738007169940689, 'precision_micro': 0.6767537065722505, 'precision_weighted': 0.9390894043867989, 'precision_binary': 0.15541532139712358, 'recall_macro': 0.7916644586140908, 'recall_micro': 0.6767537065722505, 'recall_weighted': 0.6767537065722505, 'recall_binary': 0.923278116826504, 'roc_auc': 0.8818763456567643}
Saving model...
Model saved!
-------------------------------------------
-----------------------
Epoch 2/100
Training statistic: Loss: 0.0868, train_score: {'accuracy': 0.965, 'balanced_accuracy': 0.9656117263141162, 'f1_macro': 0.9623142235936548, 'f1_micro': 0.965, 'f1_weighted': 0.965118513807562, 'f1_binary': 0.9522536287242169, 'pr_auc': 0.9916584937478434, 'precision_macro': 0.9593467700380489, 'precision_micro': 0.965, 'precision_weighted': 0.9655219456771831, 'precision_binary': 0.9371928788163583, 'recall_macro': 0.9656117263141162, 'recall_micro': 0.965, 'recall_weighted': 0.965, 'recall_binary': 0.9678063389069129, 'roc_auc': 0.9953563868936715}
Validation statistic: Loss: 1.5138, dev_score: {'accuracy': 0.6860477981854393, 'balanced_accuracy': 0.7929688962512957, 'f1_macro': 0.5350552794726312, 'f1_micro': 0.6860477981854393, 'f1_weighted': 0.7663885413234744, 'f1_binary': 0.27009646302250806, 'pr_auc': 0.37840986047298564, 'precision_macro': 0.5749728667360839, 'precision_micro': 0.6860477981854393, 'precision_weighted': 0.9386626111621682, 'precision_binary': 0.1584188292094146, 'recall_macro': 0.7929688962512957, 'recall_micro': 0.6860477981854393, 'recall_weighted': 0.6860477981854393, 'recall_binary': 0.9154315605928509, 'roc_auc': 0.8796524054022639}
-----------------------
Epoch 3/100
Training statistic: Loss: 0.0829, train_score: {'accuracy': 0.9658, 'balanced_accuracy': 0.9614622442035036, 'f1_macro': 0.962809663639306, 'f1_micro': 0.9658, 'f1_weighted': 0.9657491697656279, 'f1_binary': 0.9522639718608676, 'pr_auc': 0.992368987580169, 'precision_macro': 0.9642139123168234, 'precision_micro': 0.9658, 'precision_weighted': 0.9657469800774471, 'precision_binary': 0.958713920350749, 'recall_macro': 0.9614622442035036, 'recall_micro': 0.9658, 'recall_weighted': 0.9658, 'recall_binary': 0.9459002301527881, 'roc_auc': 0.9957476385798275}
Validation statistic: Loss: 1.6122, dev_score: {'accuracy': 0.7010953750829829, 'balanced_accuracy': 0.7977513707564641, 'f1_macro': 0.544930717866664, 'f1_micro': 0.7010953750829829, 'f1_weighted': 0.7776808000451461, 'f1_binary': 0.27834913850674503, 'pr_auc': 0.3698961901613813, 'precision_macro': 0.5777032410184952, 'precision_micro': 0.7010953750829829, 'precision_weighted': 0.9385955056229698, 'precision_binary': 0.16435331230283912, 'recall_macro': 0.7977513707564641, 'recall_micro': 0.7010953750829829, 'recall_weighted': 0.7010953750829829, 'recall_binary': 0.9084568439407149, 'roc_auc': 0.8770681470172131}
-----------------------
Epoch 4/100
Training statistic: Loss: 0.0763, train_score: {'accuracy': 0.96854, 'balanced_accuracy': 0.9651342186874781, 'f1_macro': 0.9658379181019019, 'f1_micro': 0.96854, 'f1_weighted': 0.9685159806402175, 'f1_binary': 0.9562301741888809, 'pr_auc': 0.9933646670913072, 'precision_macro': 0.9665568999376334, 'precision_micro': 0.96854, 'precision_weighted': 0.9685050542739415, 'precision_binary': 0.9595677547259375, 'recall_macro': 0.9651342186874781, 'recall_micro': 0.96854, 'recall_weighted': 0.96854, 'recall_binary': 0.9529157308044256, 'roc_auc': 0.9963147075646399}
Validation statistic: Loss: 1.7163, dev_score: {'accuracy': 0.6965589732241646, 'balanced_accuracy': 0.795329491141602, 'f1_macro': 0.54171815798404, 'f1_micro': 0.6965589732241646, 'f1_weighted': 0.7742962246176791, 'f1_binary': 0.2753335975690316, 'pr_auc': 0.3675871467065123, 'precision_macro': 0.5766224836251009, 'precision_micro': 0.6965589732241646, 'precision_weighted': 0.9384033855464358, 'precision_binary': 0.1622547492992837, 'recall_macro': 0.795329491141602, 'recall_micro': 0.6965589732241646, 'recall_weighted': 0.6965589732241646, 'recall_binary': 0.9084568439407149, 'roc_auc': 0.875451878281533}
-----------------------
Epoch 5/100
Training statistic: Loss: 0.0727, train_score: {'accuracy': 0.97007, 'balanced_accuracy': 0.9679385267737777, 'f1_macro': 0.9675738863276042, 'f1_micro': 0.97007, 'f1_weighted': 0.9700816056465575, 'f1_binary': 0.9585772610891979, 'pr_auc': 0.9937460865160409, 'precision_macro': 0.9672132971638168, 'precision_micro': 0.97007, 'precision_weighted': 0.9700966884897064, 'precision_binary': 0.9568689213085765, 'recall_macro': 0.9679385267737777, 'recall_micro': 0.97007, 'recall_weighted': 0.97007, 'recall_binary': 0.9602917117267005, 'roc_auc': 0.9965288827144215}
Validation statistic: Loss: 1.9629, dev_score: {'accuracy': 0.6946780261119717, 'balanced_accuracy': 0.7943252971549519, 'f1_macro': 0.5403927871883967, 'f1_micro': 0.6946780261119717, 'f1_weighted': 0.7728886948263095, 'f1_binary': 0.27410232802840984, 'pr_auc': 0.351748185207332, 'precision_macro': 0.5761820516265806, 'precision_micro': 0.6946780261119717, 'precision_weighted': 0.9383244740372007, 'precision_binary': 0.1614002478314746, 'recall_macro': 0.7943252971549519, 'recall_micro': 0.6946780261119717, 'recall_weighted': 0.6946780261119717, 'recall_binary': 0.9084568439407149, 'roc_auc': 0.8713847613111902}
-----------------------
Epoch 6/100
Training statistic: Loss: 0.0699, train_score: {'accuracy': 0.97064, 'balanced_accuracy': 0.9664440167407864, 'f1_macro': 0.9680554941835157, 'f1_micro': 0.97064, 'f1_weighted': 0.9705882081171637, 'f1_binary': 0.9589691989490748, 'pr_auc': 0.9944051242475958, 'precision_macro': 0.9697470694061342, 'precision_micro': 0.97064, 'precision_weighted': 0.9706049155277794, 'precision_binary': 0.96666948412363, 'recall_macro': 0.9664440167407864, 'recall_micro': 0.97064, 'recall_weighted': 0.97064, 'recall_binary': 0.9513906219671131, 'roc_auc': 0.9968892992316771}
Validation statistic: Loss: 2.0571, dev_score: {'accuracy': 0.7015379508740872, 'balanced_accuracy': 0.7939238049594586, 'f1_macro': 0.544343871125185, 'f1_micro': 0.7015379508740872, 'f1_weighted': 0.7780103462685565, 'f1_binary': 0.2767126960718595, 'pr_auc': 0.35053042432045883, 'precision_macro': 0.5768612561620617, 'precision_micro': 0.7015379508740872, 'precision_weighted': 0.9377650705320518, 'precision_binary': 0.1634980988593156, 'recall_macro': 0.7939238049594586, 'recall_micro': 0.7015379508740872, 'recall_weighted': 0.7015379508740872, 'recall_binary': 0.8997384481255449, 'roc_auc': 0.8724369530821143}
-----------------------
Epoch 7/100
Training statistic: Loss: 0.0668, train_score: {'accuracy': 0.97224, 'balanced_accuracy': 0.9687711565679404, 'f1_macro': 0.9698328106196908, 'f1_micro': 0.97224, 'f1_weighted': 0.9722081291125659, 'f1_binary': 0.9613111829635411, 'pr_auc': 0.9948639910321491, 'precision_macro': 0.9709289036926431, 'precision_micro': 0.97224, 'precision_weighted': 0.9722057361456956, 'precision_binary': 0.9663481745075514, 'recall_macro': 0.9687711565679404, 'recall_micro': 0.97224, 'recall_weighted': 0.97224, 'recall_binary': 0.9563264287496881, 'roc_auc': 0.9971458909810551}
Validation statistic: Loss: 2.1719, dev_score: {'accuracy': 0.69921442797079, 'balanced_accuracy': 0.7934960993817813, 'f1_macro': 0.5428783180280297, 'f1_micro': 0.69921442797079, 'f1_weighted': 0.7762806912298689, 'f1_binary': 0.2755496335776149, 'pr_auc': 0.3427709528088285, 'precision_macro': 0.5764932369743174, 'precision_micro': 0.69921442797079, 'precision_weighted': 0.9378338780762446, 'precision_binary': 0.16262975778546712, 'recall_macro': 0.7934960993817813, 'recall_micro': 0.69921442797079, 'recall_weighted': 0.69921442797079, 'recall_binary': 0.9014821272885789, 'roc_auc': 0.8726498531252351}
-----------------------
Epoch 8/100
Training statistic: Loss: 0.0670, train_score: {'accuracy': 0.97147, 'balanced_accuracy': 0.9666518499469992, 'f1_macro': 0.9689143189285304, 'f1_micro': 0.97147, 'f1_weighted': 0.9713987835533043, 'f1_binary': 0.9600011215949079, 'pr_auc': 0.9951031486350054, 'precision_macro': 0.9713349719491726, 'precision_micro': 0.97147, 'precision_weighted': 0.9714626786500672, 'precision_binary': 0.9708768148820327, 'recall_macro': 0.9666518499469992, 'recall_micro': 0.97147, 'recall_weighted': 0.97147, 'recall_binary': 0.9493663866012256, 'roc_auc': 0.997281407251525}
Validation statistic: Loss: 1.9925, dev_score: {'accuracy': 0.7036955078557203, 'balanced_accuracy': 0.7942629051853727, 'f1_macro': 0.54569568176194, 'f1_micro': 0.7036955078557203, 'f1_weighted': 0.7796124974666342, 'f1_binary': 0.2777777777777778, 'pr_auc': 0.34312158818361327, 'precision_macro': 0.5771955753028621, 'precision_micro': 0.7036955078557203, 'precision_weighted': 0.9376906882586598, 'precision_binary': 0.16430052639974477, 'recall_macro': 0.7942629051853727, 'recall_micro': 0.7036955078557203, 'recall_weighted': 0.7036955078557203, 'recall_binary': 0.8979947689625108, 'roc_auc': 0.8686009155731849}
-----------------------
Epoch 9/100
Training statistic: Loss: 0.0624, train_score: {'accuracy': 0.97408, 'balanced_accuracy': 0.9705848275240574, 'f1_macro': 0.9718219739938354, 'f1_micro': 0.97408, 'f1_weighted': 0.9740453814014881, 'f1_binary': 0.9638453383920103, 'pr_auc': 0.9955821402974964, 'precision_macro': 0.9731056539795394, 'precision_micro': 0.97408, 'precision_weighted': 0.9740505750349396, 'precision_binary': 0.9697156810463387, 'recall_macro': 0.9705848275240574, 'recall_micro': 0.97408, 'recall_weighted': 0.97408, 'recall_binary': 0.9580456423481131, 'roc_auc': 0.9975417506922689}
Validation statistic: Loss: 2.4520, dev_score: {'accuracy': 0.7011506970568709, 'balanced_accuracy': 0.7912787510976532, 'f1_macro': 0.5435261608621432, 'f1_micro': 0.7011506970568709, 'f1_weighted': 0.7777222096500545, 'f1_binary': 0.2752884357392004, 'pr_auc': 0.3236882515478322, 'precision_macro': 0.5761975719832612, 'precision_micro': 0.7011506970568709, 'precision_weighted': 0.9372393551966831, 'precision_binary': 0.16267639131124148, 'recall_macro': 0.7912787510976532, 'recall_micro': 0.7011506970568709, 'recall_weighted': 0.7011506970568709, 'recall_binary': 0.8945074106364429, 'roc_auc': 0.8676204372299449}
-----------------------
Epoch 10/100
Training statistic: Loss: 0.0606, train_score: {'accuracy': 0.97595, 'balanced_accuracy': 0.97442870909926, 'f1_macro': 0.9739502157673354, 'f1_micro': 0.97595, 'f1_weighted': 0.975962053414908, 'f1_binary': 0.966732602049991, 'pr_auc': 0.9958913000840948, 'precision_macro': 0.9734785590691708, 'precision_micro': 0.97595, 'precision_weighted': 0.97597997317614, 'precision_binary': 0.9645045542368204, 'recall_macro': 0.97442870909926, 'recall_micro': 0.97595, 'recall_weighted': 0.97595, 'recall_binary': 0.9689709674735879, 'roc_auc': 0.9977155283163984}
Validation statistic: Loss: 2.5424, dev_score: {'accuracy': 0.6957844655897323, 'balanced_accuracy': 0.7908521527649994, 'f1_macro': 0.5402804347916274, 'f1_micro': 0.6957844655897323, 'f1_weighted': 0.7737213759174422, 'f1_binary': 0.27290757635858787, 'pr_auc': 0.324516885119291, 'precision_macro': 0.5754925507842743, 'precision_micro': 0.6957844655897323, 'precision_weighted': 0.9375152432823173, 'precision_binary': 0.16084788029925187, 'recall_macro': 0.7908521527649994, 'recall_micro': 0.6957844655897323, 'recall_weighted': 0.6957844655897323, 'recall_binary': 0.8997384481255449, 'roc_auc': 0.8708050799165683}
-----------------------
Epoch 11/100
Training statistic: Loss: 0.0604, train_score: {'accuracy': 0.97545, 'balanced_accuracy': 0.9717529054956544, 'f1_macro': 0.9732940309393586, 'f1_micro': 0.97545, 'f1_weighted': 0.9754091008579283, 'f1_binary': 0.9657060639501586, 'pr_auc': 0.9960616372456244, 'precision_macro': 0.9749071873104801, 'precision_micro': 0.97545, 'precision_weighted': 0.9754297888892199, 'precision_binary': 0.9730323161806103, 'recall_macro': 0.9717529054956544, 'recall_micro': 0.97545, 'recall_weighted': 0.97545, 'recall_binary': 0.958489310373513, 'roc_auc': 0.9978057001023625}
Validation statistic: Loss: 2.5679, dev_score: {'accuracy': 0.7028656782473999, 'balanced_accuracy': 0.79219433973254, 'f1_macro': 0.5447420744163498, 'f1_micro': 0.7028656782473999, 'f1_weighted': 0.7789959668092562, 'f1_binary': 0.2764380978041223, 'pr_auc': 0.3286152638987057, 'precision_macro': 0.5766128431150144, 'precision_micro': 0.7028656782473999, 'precision_weighted': 0.9373156389258955, 'precision_binary': 0.16347992351816443, 'recall_macro': 0.79219433973254, 'recall_micro': 0.7028656782473999, 'recall_weighted': 0.7028656782473999, 'recall_binary': 0.8945074106364429, 'roc_auc': 0.8720343536415975}
-----------------------
Epoch 12/100
Training statistic: Loss: 0.0577, train_score: {'accuracy': 0.977, 'balanced_accuracy': 0.9733760572762743, 'f1_macro': 0.9749772112458258, 'f1_micro': 0.977, 'f1_weighted': 0.9769603012055138, 'f1_binary': 0.967862731947239, 'pr_auc': 0.9965572153975886, 'precision_macro': 0.9766557437858039, 'precision_micro': 0.977, 'precision_weighted': 0.9769867475013783, 'precision_binary': 0.9754682439093085, 'recall_macro': 0.9733760572762743, 'recall_micro': 0.977, 'recall_weighted': 0.977, 'recall_binary': 0.960374899481463, 'roc_auc': 0.9980803509730021}
Validation statistic: Loss: 3.1090, dev_score: {'accuracy': 0.7024784244301837, 'balanced_accuracy': 0.7932067479322714, 'f1_macro': 0.5447396742681065, 'f1_micro': 0.7024784244301837, 'f1_weighted': 0.7787089369615183, 'f1_binary': 0.2767616998386229, 'pr_auc': 0.31284488868354426, 'precision_macro': 0.5768039941159968, 'precision_micro': 0.7024784244301837, 'precision_weighted': 0.9375522406089938, 'precision_binary': 0.16361901733184925, 'recall_macro': 0.7932067479322714, 'recall_micro': 0.7024784244301837, 'recall_weighted': 0.7024784244301837, 'recall_binary': 0.8971229293809939, 'roc_auc': 0.8703901462814875}
-----------------------
Epoch 13/100
Training statistic: Loss: 0.0539, train_score: {'accuracy': 0.97819, 'balanced_accuracy': 0.9760837226083394, 'f1_macro': 0.9763399513053699, 'f1_micro': 0.97819, 'f1_weighted': 0.9781841117071193, 'f1_binary': 0.9697238918888904, 'pr_auc': 0.9967138632681047, 'precision_macro': 0.9765981356871181, 'precision_micro': 0.97819, 'precision_weighted': 0.9781798990500608, 'precision_binary': 0.9709234447100684, 'recall_macro': 0.9760837226083394, 'recall_micro': 0.97819, 'recall_weighted': 0.97819, 'recall_binary': 0.9685272994481879, 'roc_auc': 0.9981669816272394}
Validation statistic: Loss: 3.2681, dev_score: {'accuracy': 0.6984952423102456, 'balanced_accuracy': 0.7906738348164495, 'f1_macro': 0.5418303817231537, 'f1_micro': 0.6984952423102456, 'f1_weighted': 0.7757456920150633, 'f1_binary': 0.2739142019717559, 'pr_auc': 0.3071090992895894, 'precision_macro': 0.5757522275708956, 'precision_micro': 0.6984952423102456, 'precision_weighted': 0.937292029477656, 'precision_binary': 0.16166063846516748, 'recall_macro': 0.7906738348164495, 'recall_micro': 0.6984952423102456, 'recall_weighted': 0.6984952423102456, 'recall_binary': 0.8962510897994769, 'roc_auc': 0.8682292932434414}
-----------------------
Epoch 14/100
Training statistic: Loss: 0.0544, train_score: {'accuracy': 0.97821, 'balanced_accuracy': 0.9748783885915142, 'f1_macro': 0.976302853247864, 'f1_micro': 0.97821, 'f1_weighted': 0.9781767229143675, 'f1_binary': 0.9695802096857505, 'pr_auc': 0.9969277553776844, 'precision_macro': 0.9777882384044898, 'precision_micro': 0.97821, 'precision_weighted': 0.9781955340916174, 'precision_binary': 0.9763270355375618, 'recall_macro': 0.9748783885915142, 'recall_micro': 0.97821, 'recall_weighted': 0.97821, 'recall_binary': 0.9629259906275129, 'roc_auc': 0.9982738544139504}
Validation statistic: Loss: 3.9632, dev_score: {'accuracy': 0.7024231024562957, 'balanced_accuracy': 0.7915516741210007, 'f1_macro': 0.5443370469799054, 'f1_micro': 0.7024231024562957, 'f1_weighted': 0.7786672928264716, 'f1_binary': 0.27594561852200833, 'pr_auc': 0.2963942338354103, 'precision_macro': 0.5764101772133392, 'precision_micro': 0.7024231024562957, 'precision_weighted': 0.9372113358099173, 'precision_binary': 0.16316459726201846, 'recall_macro': 0.7915516741210007, 'recall_micro': 0.7024231024562957, 'recall_weighted': 0.7024231024562957, 'recall_binary': 0.8936355710549259, 'roc_auc': 0.8639807425885524}
-----------------------
Epoch 15/100
Training statistic: Loss: 0.0516, train_score: {'accuracy': 0.97946, 'balanced_accuracy': 0.9771796430276486, 'f1_macro': 0.9777050795586616, 'f1_micro': 0.97946, 'f1_weighted': 0.9794486157855601, 'f1_binary': 0.9714500166796397, 'pr_auc': 0.9971322806907015, 'precision_macro': 0.9782387205970277, 'precision_micro': 0.97946, 'precision_weighted': 0.9794442571817167, 'precision_binary': 0.9739137705192163, 'recall_macro': 0.9771796430276486, 'recall_micro': 0.97946, 'recall_weighted': 0.97946, 'recall_binary': 0.9689986967251754, 'roc_auc': 0.9983918753685778}
Validation statistic: Loss: 4.3763, dev_score: {'accuracy': 0.6999889356052224, 'balanced_accuracy': 0.7898457442883022, 'f1_macro': 0.542523372138362, 'f1_micro': 0.6999889356052224, 'f1_weighted': 0.7768582634758434, 'f1_binary': 0.27412662294204254, 'pr_auc': 0.29417107019505284, 'precision_macro': 0.5757282650208462, 'precision_micro': 0.6999889356052224, 'precision_weighted': 0.9370182250729141, 'precision_binary': 0.16192283364958887, 'recall_macro': 0.7898457442883022, 'recall_micro': 0.6999889356052224, 'recall_weighted': 0.6999889356052224, 'recall_binary': 0.8927637314734089, 'roc_auc': 0.8643535236630879}
-----------------------
Epoch 16/100
Training statistic: Loss: 0.0509, train_score: {'accuracy': 0.97993, 'balanced_accuracy': 0.9767311945828416, 'f1_macro': 0.9781728556662752, 'f1_micro': 0.97993, 'f1_weighted': 0.9798990968518476, 'f1_binary': 0.9719798400044676, 'pr_auc': 0.9973905968290527, 'precision_macro': 0.979676566894666, 'precision_micro': 0.97993, 'precision_weighted': 0.9799212397395703, 'precision_binary': 0.978798785288494, 'recall_macro': 0.9767311945828416, 'recall_micro': 0.97993, 'recall_weighted': 0.97993, 'recall_binary': 0.9652552477608629, 'roc_auc': 0.9985397747576794}
Validation statistic: Loss: 5.2480, dev_score: {'accuracy': 0.7026443903518478, 'balanced_accuracy': 0.7920761992635224, 'f1_macro': 0.5445849904548162, 'f1_micro': 0.7026443903518478, 'f1_weighted': 0.7788317224648597, 'f1_binary': 0.27628921502625553, 'pr_auc': 0.2877772547683435, 'precision_macro': 0.5765590408494297, 'precision_micro': 0.7026443903518478, 'precision_weighted': 0.9373057750494228, 'precision_binary': 0.16337579617834394, 'recall_macro': 0.7920761992635224, 'recall_micro': 0.7026443903518478, 'recall_weighted': 0.7026443903518478, 'recall_binary': 0.8945074106364429, 'roc_auc': 0.866064912471251}
-----------------------
Epoch 17/100
Training statistic: Loss: 0.0472, train_score: {'accuracy': 0.98065, 'balanced_accuracy': 0.9790894438919173, 'f1_macro': 0.979022848051444, 'f1_micro': 0.98065, 'f1_weighted': 0.9806513437397155, 'f1_binary': 0.9731805014622518, 'pr_auc': 0.9974072484432451, 'precision_macro': 0.978956382982286, 'precision_micro': 0.98065, 'precision_weighted': 0.980652799568162, 'precision_binary': 0.9728703652385967, 'recall_macro': 0.9790894438919173, 'recall_micro': 0.98065, 'recall_weighted': 0.98065, 'recall_binary': 0.9734908354823504, 'roc_auc': 0.9985488665537546}
Validation statistic: Loss: 5.5356, dev_score: {'accuracy': 0.6978313786235892, 'balanced_accuracy': 0.7899130287358924, 'f1_macro': 0.5412723657519636, 'f1_micro': 0.6978313786235892, 'f1_weighted': 0.775250996541736, 'f1_binary': 0.2732836615220862, 'pr_auc': 0.28310205286669826, 'precision_macro': 0.5754997630625825, 'precision_micro': 0.6978313786235892, 'precision_weighted': 0.937177836645162, 'precision_binary': 0.16124980373685036, 'recall_macro': 0.7899130287358924, 'recall_micro': 0.6978313786235892, 'recall_weighted': 0.6978313786235892, 'recall_binary': 0.8953792502179599, 'roc_auc': 0.864485105571693}
-----------------------
Epoch 18/100
Training statistic: Loss: 0.0477, train_score: {'accuracy': 0.98078, 'balanced_accuracy': 0.9773052449966768, 'f1_macro': 0.9790823982615389, 'f1_micro': 0.98078, 'f1_weighted': 0.9807434117008067, 'f1_binary': 0.9731233918782861, 'pr_auc': 0.9977098149746655, 'precision_macro': 0.9809537888916151, 'precision_micro': 0.98078, 'precision_weighted': 0.980787333267779, 'precision_binary': 0.9815509605348529, 'recall_macro': 0.9773052449966768, 'recall_micro': 0.98078, 'recall_weighted': 0.98078, 'recall_binary': 0.9648393089870504, 'roc_auc': 0.9987163596990982}
Validation statistic: Loss: 5.5450, dev_score: {'accuracy': 0.7038614737773844, 'balanced_accuracy': 0.7894748944550869, 'f1_macro': 0.544718788550916, 'f1_micro': 0.7038614737773844, 'f1_weighted': 0.7797323431728047, 'f1_binary': 0.27554472865069696, 'pr_auc': 0.27855553778722025, 'precision_macro': 0.5760939796415836, 'precision_micro': 0.7038614737773844, 'precision_weighted': 0.936685287304532, 'precision_binary': 0.16308875360461392, 'recall_macro': 0.7894748944550869, 'recall_micro': 0.7038614737773844, 'recall_weighted': 0.7038614737773844, 'recall_binary': 0.8875326939843069, 'roc_auc': 0.8640122346970112}
-----------------------
Epoch 19/100
Training statistic: Loss: 0.0466, train_score: {'accuracy': 0.98077, 'balanced_accuracy': 0.9768199150035488, 'f1_macro': 0.9790510643623938, 'f1_micro': 0.98077, 'f1_weighted': 0.9807237336576508, 'f1_binary': 0.9730502417490015, 'pr_auc': 0.9977762592852593, 'precision_macro': 0.9814312146421188, 'precision_micro': 0.98077, 'precision_weighted': 0.9808046611700486, 'precision_binary': 0.9836790207412445, 'recall_macro': 0.9768199150035488, 'recall_micro': 0.98077, 'recall_weighted': 0.98077, 'recall_binary': 0.962648698111638, 'roc_auc': 0.9987508051743132}
Validation statistic: Loss: 5.7903, dev_score: {'accuracy': 0.7038061518034964, 'balanced_accuracy': 0.7841623585822793, 'f1_macro': 0.5434846072096702, 'f1_micro': 0.7038061518034964, 'f1_weighted': 0.7796864945117393, 'f1_binary': 0.27294948397609997, 'pr_auc': 0.271659099018824, 'precision_macro': 0.5748397512387626, 'precision_micro': 0.7038061518034964, 'precision_weighted': 0.9355890836940316, 'precision_binary': 0.16165353064178864, 'recall_macro': 0.7841623585822793, 'recall_micro': 0.7038061518034964, 'recall_weighted': 0.7038061518034964, 'recall_binary': 0.8761987794245859, 'roc_auc': 0.8610205616430857}
-----------------------
Epoch 20/100
Training statistic: Loss: 0.0469, train_score: {'accuracy': 0.98057, 'balanced_accuracy': 0.9764036006485881, 'f1_macro': 0.978824454186719, 'f1_micro': 0.98057, 'f1_weighted': 0.9805191128192778, 'f1_binary': 0.972744743228268, 'pr_auc': 0.9978511735562651, 'precision_macro': 0.9814210704198445, 'precision_micro': 0.98057, 'precision_weighted': 0.9806182161866394, 'precision_binary': 0.9843013683075001, 'recall_macro': 0.9764036006485881, 'recall_micro': 0.98057, 'recall_weighted': 0.98057, 'recall_binary': 0.9614563402933755, 'roc_auc': 0.9987906135233029}
Validation statistic: Loss: 6.8023, dev_score: {'accuracy': 0.7056317769418012, 'balanced_accuracy': 0.7839178634311628, 'f1_macro': 0.5444998603532358, 'f1_micro': 0.7056317769418012, 'f1_weighted': 0.7810344996984818, 'f1_binary': 0.2735836177474403, 'pr_auc': 0.25944003629017093, 'precision_macro': 0.5750007441585189, 'precision_micro': 0.7056317769418012, 'precision_weighted': 0.93542363915603, 'precision_binary': 0.16218841048883134, 'recall_macro': 0.7839178634311628, 'recall_micro': 0.7056317769418012, 'recall_weighted': 0.7056317769418012, 'recall_binary': 0.8735832606800349, 'roc_auc': 0.8584263895525921}
-----------------------
Epoch 21/100
Training statistic: Loss: 0.0439, train_score: {'accuracy': 0.98157, 'balanced_accuracy': 0.9773065090050561, 'f1_macro': 0.9799067392704797, 'f1_micro': 0.98157, 'f1_weighted': 0.9815181441425611, 'f1_binary': 0.9741257072259895, 'pr_auc': 0.9980382062230175, 'precision_macro': 0.9827093099666424, 'precision_micro': 0.98157, 'precision_weighted': 0.9816388931535714, 'precision_binary': 0.9865495080475459, 'recall_macro': 0.9773065090050561, 'recall_micro': 0.98157, 'recall_weighted': 0.98157, 'recall_binary': 0.9620109253251254, 'roc_auc': 0.9988933085118604}
Validation statistic: Loss: 6.4054, dev_score: {'accuracy': 0.7056870989156893, 'balanced_accuracy': 0.7831346292014091, 'f1_macro': 0.5443534203040944, 'f1_micro': 0.7056870989156893, 'f1_weighted': 0.7810741450947406, 'f1_binary': 0.273224043715847, 'pr_auc': 0.26048189596747334, 'precision_macro': 0.5748229801674992, 'precision_micro': 0.7056870989156893, 'precision_weighted': 0.9352588478959348, 'precision_binary': 0.16199578810950915, 'recall_macro': 0.7831346292014091, 'recall_micro': 0.7056870989156893, 'recall_weighted': 0.7056870989156893, 'recall_binary': 0.8718395815170009, 'roc_auc': 0.8592070745438034}
-----------------------
Epoch 22/100
Training statistic: Loss: 0.0446, train_score: {'accuracy': 0.98281, 'balanced_accuracy': 0.9804219854221248, 'f1_macro': 0.9813265955330355, 'f1_micro': 0.98281, 'f1_weighted': 0.9827936317619576, 'f1_binary': 0.9760634964840215, 'pr_auc': 0.9980209604441415, 'precision_macro': 0.9822553183862744, 'precision_micro': 0.98281, 'precision_weighted': 0.9827978926177801, 'precision_binary': 0.9803087939136272, 'recall_macro': 0.9804219854221248, 'recall_micro': 0.98281, 'recall_weighted': 0.98281, 'recall_binary': 0.9718548096386879, 'roc_auc': 0.9988870808473129}
Validation statistic: Loss: 6.7275, dev_score: {'accuracy': 0.7008187652135428, 'balanced_accuracy': 0.7817546929035327, 'f1_macro': 0.5411931498441507, 'f1_micro': 0.7008187652135428, 'f1_weighted': 0.777472596642101, 'f1_binary': 0.2705691934178581, 'pr_auc': 0.25712084023883447, 'precision_macro': 0.5739252946102952, 'precision_micro': 0.7008187652135428, 'precision_weighted': 0.9352808978330404, 'precision_binary': 0.16004467847454923, 'recall_macro': 0.7817546929035327, 'recall_micro': 0.7008187652135428, 'recall_weighted': 0.7008187652135428, 'recall_binary': 0.8744551002615518, 'roc_auc': 0.8597837689518504}
-----------------------
Epoch 23/100
Training statistic: Loss: 0.0425, train_score: {'accuracy': 0.98304, 'balanced_accuracy': 0.9799369629197983, 'f1_macro': 0.981548869721967, 'f1_micro': 0.98304, 'f1_weighted': 0.9830109411082725, 'f1_binary': 0.9763035824065277, 'pr_auc': 0.9981601090728447, 'precision_macro': 0.983237637566915, 'precision_micro': 0.98304, 'precision_weighted': 0.9830475558078856, 'precision_binary': 0.9839195696865584, 'recall_macro': 0.9799369629197983, 'recall_micro': 0.98304, 'recall_weighted': 0.98304, 'recall_binary': 0.9688045919640629, 'roc_auc': 0.998963866808393}
Validation statistic: Loss: 6.9345, dev_score: {'accuracy': 0.7027550342996238, 'balanced_accuracy': 0.781569267986925, 'f1_macro': 0.5422806841458341, 'f1_micro': 0.7027550342996238, 'f1_weighted': 0.7789065081322968, 'f1_binary': 0.27126000271260003, 'pr_auc': 0.2573566921395017, 'precision_macro': 0.5741058525497403, 'precision_micro': 0.7027550342996238, 'precision_weighted': 0.9351196125740399, 'precision_binary': 0.16061676839061997, 'recall_macro': 0.781569267986925, 'recall_micro': 0.7027550342996238, 'recall_weighted': 0.7027550342996238, 'recall_binary': 0.8718395815170009, 'roc_auc': 0.8593144000614289}
-----------------------
Epoch 24/100
Training statistic: Loss: 0.0420, train_score: {'accuracy': 0.98436, 'balanced_accuracy': 0.9825770468479423, 'f1_macro': 0.9830266246137443, 'f1_micro': 0.98436, 'f1_weighted': 0.984352673761614, 'f1_binary': 0.9782693269604846, 'pr_auc': 0.9982558107229871, 'precision_macro': 0.9834821105177762, 'precision_micro': 0.98436, 'precision_weighted': 0.9843504055794293, 'precision_binary': 0.980367038903896, 'recall_macro': 0.9825770468479423, 'recall_micro': 0.98436, 'recall_weighted': 0.98436, 'recall_binary': 0.9761805728863377, 'roc_auc': 0.9990200996766259}
Validation statistic: Loss: 8.1910, dev_score: {'accuracy': 0.6993803938924541, 'balanced_accuracy': 0.7817995492019261, 'f1_macro': 0.5403654518505253, 'f1_micro': 0.6993803938924541, 'f1_weighted': 0.7764051259763456, 'f1_binary': 0.27001612036539496, 'pr_auc': 0.24963457776156306, 'precision_macro': 0.5737722283433251, 'precision_micro': 0.6993803938924541, 'precision_weighted': 0.9353826020566329, 'precision_binary': 0.15959980943306337, 'recall_macro': 0.7817995492019261, 'recall_micro': 0.6993803938924541, 'recall_weighted': 0.6993803938924541, 'recall_binary': 0.8761987794245859, 'roc_auc': 0.8570151156455628}
-----------------------
Epoch 25/100
Training statistic: Loss: 0.0392, train_score: {'accuracy': 0.98435, 'balanced_accuracy': 0.9822730496884045, 'f1_macro': 0.9830057264050901, 'f1_micro': 0.98435, 'f1_weighted': 0.984338003104984, 'f1_binary': 0.9782260869565217, 'pr_auc': 0.9983432239546435, 'precision_macro': 0.98375412392104, 'precision_micro': 0.98435, 'precision_weighted': 0.9843394583524231, 'precision_binary': 0.9816541941248743, 'recall_macro': 0.9822730496884045, 'recall_micro': 0.98435, 'recall_weighted': 0.98435, 'recall_binary': 0.9748218395585503, 'roc_auc': 0.9990667361429338}
Validation statistic: Loss: 7.0448, dev_score: {'accuracy': 0.7003208674485506, 'balanced_accuracy': 0.7810824921747389, 'f1_macro': 0.5407512377156092, 'f1_micro': 0.7003208674485506, 'f1_weighted': 0.7771029877339368, 'f1_binary': 0.2700444684004851, 'pr_auc': 0.254738424346143, 'precision_macro': 0.5737103364800906, 'precision_micro': 0.7003208674485506, 'precision_weighted': 0.9351733248563991, 'precision_binary': 0.15970672617150145, 'recall_macro': 0.7810824921747389, 'recall_micro': 0.7003208674485506, 'recall_weighted': 0.7003208674485506, 'recall_binary': 0.8735832606800349, 'roc_auc': 0.8589959512426972}
-----------------------
Epoch 26/100
Training statistic: Loss: 0.0405, train_score: {'accuracy': 0.98397, 'balanced_accuracy': 0.981008773718309, 'f1_macro': 0.9825628998671411, 'f1_micro': 0.98397, 'f1_weighted': 0.9839435986070049, 'f1_binary': 0.9776095428323999, 'pr_auc': 0.9983703452963204, 'precision_macro': 0.9841882288504449, 'precision_micro': 0.98397, 'precision_weighted': 0.9839780384227566, 'precision_binary': 0.9849423022797635, 'recall_macro': 0.981008773718309, 'recall_micro': 0.98397, 'recall_weighted': 0.98397, 'recall_binary': 0.9703851593045504, 'roc_auc': 0.9990828061153082}
Validation statistic: Loss: 6.5107, dev_score: {'accuracy': 0.7041380836468245, 'balanced_accuracy': 0.7823076459182854, 'f1_macro': 0.5432571248912459, 'f1_micro': 0.7041380836468245, 'f1_weighted': 0.7799296911739213, 'f1_binary': 0.2721829069134458, 'pr_auc': 0.2544503188967494, 'precision_macro': 0.5744426824196437, 'precision_micro': 0.7041380836468245, 'precision_weighted': 0.9351851607713123, 'precision_binary': 0.16126431220770843, 'recall_macro': 0.7823076459182854, 'recall_micro': 0.7041380836468245, 'recall_weighted': 0.7041380836468245, 'recall_binary': 0.8718395815170009, 'roc_auc': 0.8568305147252516}
-----------------------
Epoch 27/100
Training statistic: Loss: 0.0391, train_score: {'accuracy': 0.98444, 'balanced_accuracy': 0.9821923207758128, 'f1_macro': 0.983097359259332, 'f1_micro': 0.98444, 'f1_weighted': 0.9844252320951744, 'f1_binary': 0.978333518992982, 'pr_auc': 0.9984103522750175, 'precision_macro': 0.984026404984294, 'precision_micro': 0.98444, 'precision_weighted': 0.9844310005997846, 'precision_binary': 0.9825748888205186, 'recall_macro': 0.9821923207758128, 'recall_micro': 0.98444, 'recall_weighted': 0.98444, 'recall_binary': 0.9741286082688628, 'roc_auc': 0.9991045273696134}
Validation statistic: Loss: 8.2653, dev_score: {'accuracy': 0.7022018145607435, 'balanced_accuracy': 0.7820866861613891, 'f1_macro': 0.5420751254705846, 'f1_micro': 0.7022018145607435, 'f1_weighted': 0.7784975604243585, 'f1_binary': 0.27128739677812375, 'pr_auc': 0.24522612664091073, 'precision_macro': 0.5741630813424494, 'precision_micro': 0.7022018145607435, 'precision_weighted': 0.9352615959334284, 'precision_binary': 0.1605769230769231, 'recall_macro': 0.7820866861613891, 'recall_micro': 0.7022018145607435, 'recall_weighted': 0.7022018145607435, 'recall_binary': 0.8735832606800349, 'roc_auc': 0.8558504483801598}
-----------------------
Epoch 28/100
Training statistic: Loss: 0.0380, train_score: {'accuracy': 0.98343, 'balanced_accuracy': 0.9794319973187183, 'f1_macro': 0.981938676077325, 'f1_micro': 0.98343, 'f1_weighted': 0.9833853147764948, 'f1_binary': 0.9767487546481443, 'pr_auc': 0.998555092122414, 'precision_macro': 0.9846321060947354, 'precision_micro': 0.98343, 'precision_weighted': 0.9834999427860229, 'precision_binary': 0.9886938242145332, 'recall_macro': 0.9794319973187183, 'recall_micro': 0.98343, 'recall_weighted': 0.98343, 'recall_binary': 0.9650888722513379, 'roc_auc': 0.9991854720462019}
Validation statistic: Loss: 7.1956, dev_score: {'accuracy': 0.706959504315114, 'balanced_accuracy': 0.7842203215717647, 'f1_macro': 0.5453491931005419, 'f1_micro': 0.706959504315114, 'f1_weighted': 0.7820137501747162, 'f1_binary': 0.274284148513495, 'pr_auc': 0.2483285397139198, 'precision_macro': 0.5752335500213969, 'precision_micro': 0.706959504315114, 'precision_weighted': 0.9354031637884522, 'precision_binary': 0.1627113133940182, 'recall_macro': 0.7842203215717647, 'recall_micro': 0.706959504315114, 'recall_weighted': 0.706959504315114, 'recall_binary': 0.8727114210985178, 'roc_auc': 0.8571211536689749}
-----------------------
Epoch 29/100
Training statistic: Loss: 0.0369, train_score: {'accuracy': 0.98532, 'balanced_accuracy': 0.9856065351321028, 'f1_macro': 0.9841312447240849, 'f1_micro': 0.98532, 'f1_weighted': 0.9853418901227278, 'f1_binary': 0.9797879664050668, 'pr_auc': 0.998594735408904, 'precision_macro': 0.9827186143675845, 'precision_micro': 0.98532, 'precision_weighted': 0.9854176027960051, 'precision_binary': 0.9730357973035797, 'recall_macro': 0.9856065351321028, 'recall_micro': 0.98532, 'recall_weighted': 0.98532, 'recall_binary': 0.9866345007348252, 'roc_auc': 0.9992070026909057}
Validation statistic: Loss: 8.3480, dev_score: {'accuracy': 0.6941801283469794, 'balanced_accuracy': 0.7810551715475316, 'f1_macro': 0.5371804388889618, 'f1_micro': 0.6941801283469794, 'f1_weighted': 0.7725308472311383, 'f1_binary': 0.2676205617382088, 'pr_auc': 0.24758866927659737, 'precision_macro': 0.5730266851371925, 'precision_micro': 0.6941801283469794, 'precision_weighted': 0.9355681414771351, 'precision_binary': 0.15778784564911733, 'recall_macro': 0.7810551715475316, 'recall_micro': 0.6941801283469794, 'recall_weighted': 0.6941801283469794, 'recall_binary': 0.8805579773321709, 'roc_auc': 0.8577227482151082}
-----------------------
Epoch 30/100
Training statistic: Loss: 0.0382, train_score: {'accuracy': 0.98604, 'balanced_accuracy': 0.9855349244710713, 'f1_macro': 0.9848841955525922, 'f1_micro': 0.98604, 'f1_weighted': 0.9860492792053855, 'f1_binary': 0.9807043733067949, 'pr_auc': 0.998602638684646, 'precision_macro': 0.9842456921583862, 'precision_micro': 0.98604, 'precision_weighted': 0.9860690438454859, 'precision_binary': 0.9777042855174315, 'recall_macro': 0.9855349244710713, 'recall_micro': 0.98604, 'recall_weighted': 0.98604, 'recall_binary': 0.9837229293181377, 'roc_auc': 0.999208966251701}
Validation statistic: Loss: 8.4911, dev_score: {'accuracy': 0.6965036512502766, 'balanced_accuracy': 0.7818892617987128, 'f1_macro': 0.5387132261658159, 'f1_micro': 0.6965036512502766, 'f1_weighted': 0.7742645398891378, 'f1_binary': 0.26892324093816633, 'pr_auc': 0.2457909765645705, 'precision_macro': 0.573473459570548, 'precision_micro': 0.6965036512502766, 'precision_weighted': 0.9355888055402377, 'precision_binary': 0.1587226679251219, 'recall_macro': 0.7818892617987128, 'recall_micro': 0.6965036512502766, 'recall_weighted': 0.6965036512502766, 'recall_binary': 0.8796861377506539, 'roc_auc': 0.8555253045915185}
-----------------------
Epoch 31/100
Training statistic: Loss: 0.0355, train_score: {'accuracy': 0.98582, 'balanced_accuracy': 0.98356164063458, 'f1_macro': 0.9845924712849008, 'f1_micro': 0.98582, 'f1_weighted': 0.9858046917697261, 'f1_binary': 0.9802435422297768, 'pr_auc': 0.9986769882020594, 'precision_macro': 0.9856543318963366, 'precision_micro': 0.98582, 'precision_weighted': 0.985815918876584, 'precision_binary': 0.9850746268656716, 'recall_macro': 0.98356164063458, 'recall_micro': 0.98582, 'recall_weighted': 0.98582, 'recall_binary': 0.9754596123450628, 'roc_auc': 0.9992533021750519}
Validation statistic: Loss: 9.0585, dev_score: {'accuracy': 0.7017039167957513, 'balanced_accuracy': 0.7822272547796034, 'f1_macro': 0.541816314969298, 'f1_micro': 0.7017039167957513, 'f1_weighted': 0.7781289326903211, 'f1_binary': 0.27115436604487697, 'pr_auc': 0.24210089842278945, 'precision_macro': 0.5741383687278112, 'precision_micro': 0.7017039167957513, 'precision_weighted': 0.9353223442585307, 'precision_binary': 0.1604543273076308, 'recall_macro': 0.7822272547796034, 'recall_micro': 0.7017039167957513, 'recall_weighted': 0.7017039167957513, 'recall_binary': 0.8744551002615518, 'roc_auc': 0.8554266825347753}
-----------------------
Epoch 32/100
Training statistic: Loss: 0.0355, train_score: {'accuracy': 0.98644, 'balanced_accuracy': 0.9853218671739565, 'f1_macro': 0.9852984002628584, 'f1_micro': 0.98644, 'f1_weighted': 0.9864403277398227, 'f1_binary': 0.9812016524801065, 'pr_auc': 0.9987038270532552, 'precision_macro': 0.9852749492933265, 'precision_micro': 0.98644, 'precision_weighted': 0.98644066913674, 'precision_binary': 0.9810928446674614, 'recall_macro': 0.9853218671739565, 'recall_micro': 0.98644, 'recall_weighted': 0.98644, 'recall_binary': 0.9813104844300252, 'roc_auc': 0.9992681885897432}
Validation statistic: Loss: 9.2069, dev_score: {'accuracy': 0.6993250719185661, 'balanced_accuracy': 0.7821763987581758, 'f1_macro': 0.5404180367484307, 'f1_micro': 0.6993250719185661, 'f1_weighted': 0.7763641115489835, 'f1_binary': 0.2701759097623204, 'pr_auc': 0.23994506041233454, 'precision_macro': 0.5738545171238786, 'precision_micro': 0.6993250719185661, 'precision_weighted': 0.9354645053944698, 'precision_binary': 0.15968253968253968, 'recall_macro': 0.7821763987581758, 'recall_micro': 0.6993250719185661, 'recall_weighted': 0.6993250719185661, 'recall_binary': 0.8770706190061028, 'roc_auc': 0.8554981642135009}
Early stopping by loss triggered!
Testing statistic: loss: 1.1693163785590954, scores: {'accuracy': 0.6783576604011341, 'balanced_accuracy': 0.7948464017907626, 'f1_macro': 0.5270810186098298, 'f1_micro': 0.6783576604011341, 'f1_weighted': 0.7620288664717423, 'f1_binary': 0.25960841189267586, 'pr_auc': 0.410866345359893, 'precision_macro': 0.5719432072135235, 'precision_micro': 0.6783576604011341, 'precision_weighted': 0.9417632740661878, 'precision_binary': 0.15092748735244518, 'recall_macro': 0.7948464017907626, 'recall_micro': 0.6783576604011341, 'recall_weighted': 0.6783576604011341, 'recall_binary': 0.927461139896373, 'roc_auc': 0.8892335460559042}
Finish training!
